
Gurobi 12.0.0 (win64) logging started Mon Dec 22 18:26:49 2025

Set parameter LogFile to value "Storage/Logs/log_____________2025_12_22_18_26_49.log"
Set parameter MIPGap to value 0.01
Set parameter OutputFlag to value 1
Gurobi Optimizer version 12.0.0 build v12.0.0rc1 (win64 - Windows 10.0 (19045.2))

CPU model: Intel(R) Core(TM) i7-9750H CPU @ 2.60GHz, instruction set [SSE2|AVX|AVX2]
Thread count: 6 physical cores, 12 logical processors, using up to 12 threads

Non-default parameters:
MIPGap  0.01
MIPFocus  1

Optimize a model with 11954 rows, 2119 columns and 32016 nonzeros
Model fingerprint: 0x9cd39ee5
Variable types: 49 continuous, 2070 integer (1286 binary)
Coefficient statistics:
  Matrix range     [2e-01, 1e+06]
  Objective range  [8e+01, 2e+05]
  Bounds range     [1e+00, 1e+00]
  RHS range        [1e+00, 1e+06]
Found heuristic solution: objective 1.916000e+07
Presolve removed 8757 rows and 313 columns
Presolve time: 0.04s
Presolved: 3197 rows, 1806 columns, 16702 nonzeros
Variable types: 49 continuous, 1757 integer (1162 binary)

Root relaxation: objective 1.104405e+04, 2984 iterations, 0.12 seconds (0.09 work units)

    Nodes    |    Current Node    |     Objective Bounds      |     Work
 Expl Unexpl |  Obj  Depth IntInf | Incumbent    BestBd   Gap | It/Node Time

     0     0 11044.0500    0   25 1.9160e+07 11044.0500   100%     -    0s
H    0     0                    3871424.0000 11044.0500   100%     -    0s
H    0     0                    3791424.0000 11044.0500   100%     -    0s
H    0     0                    3515030.0000 11044.0500   100%     -    0s
H    0     0                    3318582.0000 11044.0500   100%     -    0s
H    0     0                    3315180.0000 11044.0500   100%     -    0s
H    0     0                    3258781.0000 11044.0500   100%     -    0s
H    0     0                    3058781.0000 11044.0500   100%     -    0s
H    0     0                    1998540.0000 11044.0500  99.4%     -    0s
H    0     0                    758540.00000 11044.0500  98.5%     -    0s
     0     0 11044.0500    0   61 758540.000 11044.0500  98.5%     -    0s
     0     0 11044.0500    0   64 758540.000 11044.0500  98.5%     -    0s
     0     0 11044.0500    0   80 758540.000 11044.0500  98.5%     -    0s
     0     0 11045.8269    0  105 758540.000 11045.8269  98.5%     -    0s
     0     0 11045.8269    0  112 758540.000 11045.8269  98.5%     -    0s
     0     0 11061.1541    0  151 758540.000 11061.1541  98.5%     -    0s
H    0     0                    558837.00000 11130.6145  98.0%     -    0s
     0     0 11130.6145    0  183 558837.000 11130.6145  98.0%     -    0s
     0     0 11143.4619    0  205 558837.000 11143.4619  98.0%     -    1s
     0     0 11150.8297    0  213 558837.000 11150.8297  98.0%     -    1s
H    0     0                    358837.00000 11187.4397  96.9%     -    1s
H    0     0                    298937.00000 11187.4397  96.3%     -    1s
H    0     0                    158937.00000 11187.4397  93.0%     -    1s
     0     0 11187.4397    0  202 158937.000 11187.4397  93.0%     -    1s
     0     0 11188.0154    0  219 158937.000 11188.0154  93.0%     -    1s
     0     0 11188.4437    0  234 158937.000 11188.4437  93.0%     -    1s
     0     0 11189.3618    0  241 158937.000 11189.3618  93.0%     -    1s
     0     0 11189.4134    0  242 158937.000 11189.4134  93.0%     -    1s
     0     0 11189.4248    0  247 158937.000 11189.4248  93.0%     -    1s
     0     0 11190.1466    0  255 158937.000 11190.1466  93.0%     -    1s
     0     0 11195.0297    0  197 158937.000 11195.0297  93.0%     -    1s
     0     0 11195.0297    0  227 158937.000 11195.0297  93.0%     -    1s
H    0     0                    19237.000000 11195.0297  41.8%     -    1s
     0     0 11242.5315    0  232 19237.0000 11242.5315  41.6%     -    1s
     0     0 11244.7227    0  263 19237.0000 11244.7227  41.5%     -    2s
     0     0 11245.0514    0  228 19237.0000 11245.0514  41.5%     -    2s
H    0     0                    19189.000000 11245.2434  41.4%     -    2s
     0     0 11245.2434    0  232 19189.0000 11245.2434  41.4%     -    2s
     0     0 11245.4601    0  279 19189.0000 11245.4601  41.4%     -    2s
H    0     0                    19089.000000 11245.5150  41.1%     -    2s
     0     0 11245.5150    0  261 19089.0000 11245.5150  41.1%     -    2s
     0     0 11245.5157    0  282 19089.0000 11245.5157  41.1%     -    2s
     0     0 11248.9607    0  191 19089.0000 11248.9607  41.1%     -    2s
     0     2 11249.0662    0  142 19089.0000 11249.0662  41.1%     -    3s
    72    88 11355.1251   12  160 19089.0000 11250.6582  41.1%   364    5s
H  135   141                    15529.000000 11250.6582  27.6%   252    6s
H  201   206                    15429.000000 11250.6582  27.1%   195    7s
   284   291 11531.9706   35   45 15429.0000 11250.6582  27.1%   164   10s
H  388   390                    12384.000000 11250.6582  9.15%   131   12s
H  391   415                    12334.000000 11250.6582  8.78%   131   12s
H  524   516                    12327.000000 11251.9767  8.72%   116   13s
   641   626 11330.0878   13  197 12327.0000 11255.1399  8.70%   116   15s
   979   931 11973.7077   53   97 12327.0000 11261.2237  8.65%   117   20s
  1534  1274 11581.2419   60  238 12327.0000 11261.7695  8.64%   105   25s
  1580  1305 11467.3180   40  402 12327.0000 11417.6049  7.38%   102   30s
  1613  1328 12072.7226   90   95 12327.0000 11420.6250  7.35%   122   38s
  1653  1385 11420.6250   32  282 12327.0000 11420.6250  7.35%   142   40s
  1820  1464 12192.0343   39  166 12327.0000 11420.6250  7.35%   160   45s
  2001  1503 infeasible   46      12327.0000 11420.6250  7.35%   165   50s
  2133  1523     cutoff   51      12327.0000 11420.6250  7.35%   171   55s
  2270  1546     cutoff   58      12327.0000 11422.1824  7.34%   180   60s
  2403  1586 11965.8628   36   79 12327.0000 11427.6816  7.30%   186   65s
  2640  1676     cutoff   64      12327.0000 11429.9024  7.28%   194   70s
  3187  1877 11598.3829   39  117 12327.0000 11438.0544  7.21%   212   75s
  3578  1910 12023.6651   43  126 12327.0000 11448.2146  7.13%   216   80s
  4049  2078 11982.0137   40  107 12327.0000 11453.3525  7.09%   218   85s
H 4903  2075                    12271.000000 11456.8857  6.63%   211   89s
  4918  2204 12224.1259   64   54 12271.0000 11456.8857  6.63%   212   90s
  5416  2370 11923.2484   40  165 12271.0000 11474.2988  6.49%   213   95s
  6264  2759 12050.9141   42  108 12271.0000 11482.0376  6.43%   212  100s
  7374  3341 11927.0239   40  161 12271.0000 11493.8214  6.33%   211  106s
  8095  3759 11960.0646   42  190 12271.0000 11496.5356  6.31%   210  111s
  8901  4218 11940.2558   37   78 12271.0000 11501.8216  6.27%   209  115s
  9667  4662 11979.7667   43   60 12271.0000 11508.4523  6.21%   211  120s
 10546  5104 11616.8868   39  192 12271.0000 11527.1948  6.06%   212  125s
 11531  5645 12068.0466   39  198 12271.0000 11536.0329  5.99%   211  130s
 12579  6269 12076.7409   53   96 12271.0000 11554.1313  5.84%   211  136s
 13587  6814 infeasible   71      12271.0000 11568.5248  5.72%   213  143s
 14169  7043 11984.0398   47   57 12271.0000 11574.6249  5.67%   213  146s
 14738  7327 11613.4614   37  220 12271.0000 11584.7095  5.59%   214  150s
 15951  7826 11754.0402   41  215 12271.0000 11592.0028  5.53%   215  158s
 16608  8169 infeasible   48      12271.0000 11593.4585  5.52%   216  162s
 17307  8528 11871.5585   39  170 12271.0000 11596.5296  5.50%   216  166s
 18019  8940 12009.2000   40   27 12271.0000 11603.2810  5.44%   216  171s
 18941  9190 11631.3493   40  156 12271.0000 11610.4514  5.38%   216  175s
 19789  9710 12139.4106   54  188 12271.0000 11616.1320  5.34%   217  184s
H19941  9707                    12269.000000 11616.1320  5.32%   217  184s
 20667 10035 12014.9493   50  166 12269.0000 11623.5775  5.26%   217  188s
 21522 10511 11979.5238   41  173 12269.0000 11628.9348  5.22%   218  194s
 22470 10867 12198.2538   45   88 12269.0000 11636.0193  5.16%   217  199s
 23305 11261 infeasible   40      12269.0000 11642.1398  5.11%   218  205s
 24272 11737 11730.7459   42  225 12269.0000 11647.7964  5.06%   218  210s
 25148 12196 12139.1693   49   39 12269.0000 11650.7691  5.04%   219  216s
 26090 12662 11956.9873   45  164 12269.0000 11659.0333  4.97%   219  221s
 27100 13023 12119.4632   43  163 12269.0000 11664.6422  4.93%   220  227s
 27936 13583 12054.2422   41  161 12269.0000 11668.0017  4.90%   222  233s
 29113 14073 12226.7291   41  240 12269.0000 11676.6486  4.83%   222  239s
 30191 14498 11716.9910   44  297 12269.0000 11682.3823  4.78%   223  245s
 31334 15035 12092.5966   51   33 12269.0000 11689.5683  4.72%   224  252s
 32510 15440 infeasible   48      12269.0000 11698.3527  4.65%   224  259s
 33876 15923 12088.1609   41  142 12269.0000 11707.0703  4.58%   224  266s
 35233 16307 11855.9367   47  204 12269.0000 11716.2252  4.51%   224  272s
 36434 16604 12056.3655   48  241 12269.0000 11726.5696  4.42%   224  280s
*36638 16591              51    12265.000000 11727.3383  4.38%   224  280s
 37538 16705 11777.0981   42  167 12265.0000 11738.4731  4.29%   224  289s
 37819 17072 12108.5884   41  197 12265.0000 11739.0377  4.29%   224  300s
 38841 17532 12193.9399   49  190 12265.0000 11740.0214  4.28%   225  313s
 40818 18051 11848.0272   39  132 12265.0000 11771.8355  4.02%   225  323s
 42453 18660 12261.0939   43  248 12265.0000 11811.9209  3.69%   225  332s
 44100 19351     cutoff   47      12265.0000 11830.3917  3.54%   225  341s
 45483 20078 12011.2201   44  179 12265.0000 11838.5572  3.48%   225  351s
 47118 20746 11914.5033   45  165 12265.0000 11850.1292  3.38%   224  359s
 48717 21375 12204.7048   52  187 12265.0000 11857.6776  3.32%   223  368s
 50312 21843 12112.0565   47  277 12265.0000 11863.8742  3.27%   222  378s
 51238 22597 12064.7401   45   69 12265.0000 11867.7499  3.24%   222  386s
 52852 23122 12020.3747   42  160 12265.0000 11873.5281  3.19%   221  396s
 54166 23709 12053.7516   41  211 12265.0000 11877.1733  3.16%   221  405s
 55512 24288 11913.9560   37  146 12265.0000 11880.4103  3.14%   220  412s
 56820 24673 11997.5627   34  248 12265.0000 11883.0804  3.11%   220  420s
 57853 25173 12014.4314   38   70 12265.0000 11884.9660  3.10%   220  428s
 59331 25604 12067.3845   43  112 12265.0000 11886.7801  3.08%   219  437s
 60341 26124 infeasible   54      12265.0000 11889.5536  3.06%   219  444s
 61770 26534     cutoff   57      12265.0000 11892.7102  3.04%   218  451s
 63096 27063 12105.9736   45  159 12265.0000 11894.1756  3.02%   218  457s
 64382 27474 12036.5940   40  194 12265.0000 11897.2452  3.00%   217  464s
 65446 28015 12135.0733   46   73 12265.0000 11898.1431  2.99%   217  471s
 66943 28376 12082.7661   45  143 12265.0000 11900.9464  2.97%   216  478s
 68255 28746 12114.9000   44   61 12265.0000 11902.9397  2.95%   216  486s
 69383 29313 12029.5259   47  123 12265.0000 11904.6479  2.94%   215  492s
 70622 29667 11966.9649   39  259 12265.0000 11906.6092  2.92%   215  499s
 71648 30137 11972.8540   39  221 12265.0000 11907.8679  2.91%   215  506s
 73004 30472 12018.2527   46  157 12265.0000 11909.8000  2.90%   215  514s
 73826 30860 12115.5074   46  198 12265.0000 11910.3417  2.89%   214  526s
 74973 31629 12036.0490   42  251 12265.0000 11912.2127  2.88%   214  537s
 77154 32235 infeasible   50      12265.0000 11914.9185  2.85%   214  547s
 78850 32686 12190.3905   46   86 12265.0000 11916.7248  2.84%   213  556s
 80205 33078 12081.7130   49   94 12265.0000 11918.4418  2.83%   213  564s
 81317 33605     cutoff   49      12265.0000 11919.5020  2.82%   213  573s
 82809 34173 12117.5221   43  188 12265.0000 11921.4442  2.80%   213  582s
 84309 34462 12053.7090   45  160 12265.0000 11923.3495  2.79%   212  590s
 85565 34865 11973.3261   43  134 12265.0000 11923.8404  2.78%   212  600s
 86946 35262 12181.7591   55  109 12265.0000 11925.0078  2.77%   212  608s
 88285 35662 12177.6254   44  119 12265.0000 11926.3821  2.76%   212  615s
 89464 36152     cutoff   50      12265.0000 11927.7416  2.75%   212  622s
 90890 36463 12005.6141   47  109 12265.0000 11929.8475  2.73%   212  630s
 92128 36738 12082.9612   37  246 12265.0000 11930.3583  2.73%   211  638s
 92983 37333 12046.3051   47  201 12265.0000 11931.0266  2.72%   211  647s
 94624 37728 11998.4087   42  147 12265.0000 11933.2875  2.70%   211  655s
 95915 37902 12120.0367   49  186 12265.0000 11934.1328  2.70%   211  663s
 96663 38215     cutoff   47      12265.0000 11934.1328  2.70%   211  671s
 97834 38679 12004.9998   47  129 12265.0000 11935.9495  2.68%   210  680s
 99432 39023 12142.1094   50  118 12265.0000 11937.4520  2.67%   210  687s
 100899 39442     cutoff   41      12265.0000 11938.4716  2.66%   210  695s
 102412 39665 12123.1361   42  126 12265.0000 11939.6706  2.65%   210  703s
 103293 40007 12182.5787   41  176 12265.0000 11940.1966  2.65%   210  711s
 104712 40356 12034.2938   47  131 12265.0000 11941.4000  2.64%   210  718s
 106256 40761     cutoff   45      12265.0000 11942.3966  2.63%   209  725s
 107623 41057 12071.3498   52  231 12265.0000 11944.0297  2.62%   209  732s
 108911 41223 12259.3657   43  181 12265.0000 11944.8023  2.61%   209  741s
 109575 41953 12079.0369   47  170 12265.0000 11945.3915  2.61%   209  756s
 112084 42327 11961.7460   46  116 12265.0000 11946.9259  2.59%   208  764s
 113607 42743 12208.9111   49   66 12265.0000 11948.2263  2.58%   208  773s
 115105 43069 12135.5582   53   83 12265.0000 11949.3936  2.57%   207  781s
 116244 43414 12071.3532   40  139 12265.0000 11950.3432  2.57%   207  788s
 117649 43715 12060.4320   51   46 12265.0000 11951.8009  2.55%   207  796s
 118946 43972 12240.6391   54  122 12265.0000 11952.9377  2.54%   207  803s
 120059 44354 12190.4701   55  121 12265.0000 11953.0401  2.54%   206  811s
 121401 44651 infeasible   43      12265.0000 11954.6261  2.53%   206  819s
 122823 44924 12042.2717   44  111 12265.0000 11955.5569  2.52%   206  826s
 124128 45106 12123.8708   56  148 12265.0000 11956.7185  2.51%   206  834s
 124869 45251 12132.4917   43  132 12265.0000 11956.9386  2.51%   206  842s
 125469 45654 12229.6967   42  100 12265.0000 11957.3460  2.51%   206  850s
 126962 46143 12038.1982   45   69 12265.0000 11958.4435  2.50%   205  858s
 128634 46530 12186.7847   59   81 12265.0000 11959.2186  2.49%   205  864s
 129786 46817 12009.0433   44  177 12265.0000 11960.1262  2.49%   204  870s
 130894 47075 12073.7320   47  144 12265.0000 11960.7797  2.48%   204  877s
 131979 47281 12180.1937   46  104 12265.0000 11961.3079  2.48%   204  883s
 133070 47415 12052.4290   44  155 12265.0000 11961.9925  2.47%   204  890s
 133509 47773 12256.7725   50   99 12265.0000 11962.2727  2.47%   204  897s
 134763 48114 12064.4905   52  119 12265.0000 11962.8555  2.46%   204  904s
 136001 48361 12012.7465   49  170 12265.0000 11963.9047  2.45%   204  911s
 137009 48648 12040.6184   41  233 12265.0000 11964.4924  2.45%   204  918s
 138357 48968 12169.6927   42  267 12265.0000 11965.5765  2.44%   203  925s
 139764 49394 12028.0640   45   70 12265.0000 11966.4166  2.43%   203  932s
 141177 49651 12127.0509   55  167 12265.0000 11967.2439  2.43%   203  938s
 142527 49875     cutoff   45      12265.0000 11968.0371  2.42%   202  945s
 143558 50118 12106.9841   40  154 12265.0000 11968.5336  2.42%   202  952s
 144908 50401 12080.5049   45  236 12265.0000 11969.6919  2.41%   202  960s
 146370 50569 12107.4802   51  191 12265.0000 11970.5493  2.40%   202  967s
 147358 50813 12052.3009   39  135 12265.0000 11971.0367  2.40%   202  974s
 148743 51080 12238.8538   49  111 12265.0000 11972.0444  2.39%   202  981s
 150072 51292 12124.2447   45  136 12265.0000 11972.8542  2.38%   201  988s
 151153 51361 12184.3767   49  219 12265.0000 11973.5958  2.38%   201  996s
 151476 51615 12135.9348   46  226 12265.0000 11973.5958  2.38%   201 1004s
 152901 51692     cutoff   51      12265.0000 11974.7220  2.37%   201 1011s
 153314 51983 12073.7475   52  190 12265.0000 11975.0354  2.36%   201 1019s
 154782 52269 12183.8872   53  133 12265.0000 11975.9109  2.36%   201 1026s
 156231 52527 12101.4614   48  142 12265.0000 11976.5592  2.35%   201 1034s
 157652 52798 12121.5456   50   54 12265.0000 11977.5163  2.34%   200 1041s
 159034 53051 infeasible   57      12265.0000 11978.2350  2.34%   200 1048s
 160344 53212 12219.0692   52   96 12265.0000 11978.9970  2.33%   200 1056s
 161053 53492 12162.0197   54  151 12265.0000 11979.3894  2.33%   200 1064s
 162485 53822     cutoff   50      12265.0000 11979.9350  2.32%   200 1071s
 163913 54057 12178.5250   39  164 12265.0000 11980.8815  2.32%   200 1079s
 165448 54187 12164.8511   49  242 12265.0000 11981.6038  2.31%   199 1086s
 165969 54384 12019.7000   45   50 12265.0000 11981.8278  2.31%   199 1094s
 167428 54622 12156.2671   46  184 12265.0000 11982.6205  2.30%   199 1101s
 168729 54868 12090.7989   50   94 12265.0000 11983.2017  2.30%   199 1108s
 170037 55095 12212.4518   48  119 12265.0000 11984.0784  2.29%   199 1115s
 171273 55331     cutoff   47      12265.0000 11984.7558  2.28%   199 1122s
 172677 55527 12035.0936   44  156 12265.0000 11985.4317  2.28%   199 1129s
 173924 55714 12120.8000   63   36 12265.0000 11986.2092  2.27%   199 1136s
 175261 55944 12180.4210   45  114 12265.0000 11987.0491  2.27%   199 1143s
 176231 56170 12077.2699   49  163 12265.0000 11987.6053  2.26%   198 1151s
 177613 56401 12212.5071   48  153 12265.0000 11988.1685  2.26%   198 1158s
 178921 56705 12106.5308   44   81 12265.0000 11988.8687  2.25%   198 1165s
 180352 56911 12080.9565   40  106 12265.0000 11989.5595  2.25%   198 1172s
 181581 56950 12179.0000   50   35 12265.0000 11990.2228  2.24%   198 1181s
 181840 58069 12146.0551   44  133 12265.0000 11990.2705  2.24%   198 1222s
 188472 58203 12226.6546   52   97 12265.0000 11992.9778  2.22%   197 1231s
 189619 58230     cutoff   50      12265.0000 11993.8101  2.21%   197 1239s
 189815 58458 12051.7420   45  170 12265.0000 11993.8557  2.21%   197 1249s
 191149 58731 12174.8169   49  130 12265.0000 11994.4860  2.21%   197 1257s
 192637 58929 12107.2527   48  134 12265.0000 11995.1203  2.20%   197 1265s
 193934 59132 infeasible   56      12265.0000 11995.7098  2.20%   197 1273s
 195165 59414     cutoff   50      12265.0000 11996.3044  2.19%   197 1281s
 196404 59573 12112.9623   45  202 12265.0000 11996.9769  2.19%   197 1289s
 197706 59772 12132.0911   46  196 12265.0000 11997.6380  2.18%   197 1296s
 198980 59911 infeasible   44      12265.0000 11998.2785  2.17%   196 1303s
 200126 60155 12124.4027   42  168 12265.0000 11998.7844  2.17%   196 1312s
 201634 60391 12047.1351   49   78 12265.0000 11999.4239  2.17%   196 1318s
 202862 60513 12114.3285   55   77 12265.0000 11999.9942  2.16%   196 1325s
 203768 60653 12159.9576   48  122 12265.0000 12000.2962  2.16%   196 1332s
 205084 60857 12019.6332   45  283 12265.0000 12000.9048  2.15%   196 1340s
 206343 61009 12143.5521   43  150 12265.0000 12001.5092  2.15%   196 1347s
 207354 61179 12110.0090   46  123 12265.0000 12001.8673  2.15%   196 1354s
 208338 61366 12235.2000   53   14 12265.0000 12002.5333  2.14%   196 1362s
 209700 61464 12206.2494   46  140 12265.0000 12002.9713  2.14%   196 1368s
 210799 61473     cutoff   46      12265.0000 12003.5615  2.13%   196 1376s
 210940 61617 12200.8663   47  105 12265.0000 12003.6366  2.13%   196 1383s
 212093 61682 12050.3363   45   93 12265.0000 12004.1968  2.13%   196 1392s
 212954 61926 12117.0737   53  143 12265.0000 12004.5447  2.12%   196 1400s
 214386 62117     cutoff   48      12265.0000 12005.2733  2.12%   196 1408s
 215766 62316 12067.6714   46   74 12265.0000 12005.8972  2.11%   195 1415s
 217141 62491 12128.9967   56   37 12265.0000 12006.5556  2.11%   195 1423s
 218454 62717     cutoff   54      12265.0000 12007.1821  2.10%   195 1431s
 219970 62873 12084.1344   54  154 12265.0000 12007.7418  2.10%   195 1438s
 221269 62955 12026.6556   46  202 12265.0000 12008.1760  2.09%   195 1445s
 221841 63103     cutoff   49      12265.0000 12008.4233  2.09%   195 1452s
 223161 63288 12119.2324   51  129 12265.0000 12008.9505  2.09%   195 1459s
 224408 63421 12112.9606   44  141 12265.0000 12009.5129  2.08%   195 1466s
 225750 63638 infeasible   50      12265.0000 12010.0113  2.08%   195 1473s
 227130 63916 12105.2287   50  109 12265.0000 12010.5713  2.07%   195 1480s
 228372 64110 12219.4937   58  109 12265.0000 12011.0000  2.07%   195 1487s
 229652 64222     cutoff   53      12265.0000 12011.5350  2.07%   194 1495s
 230584 64329 12142.1871   42  144 12265.0000 12011.9078  2.06%   194 1502s
 231364 64499 12249.0000   53   37 12265.0000 12012.1804  2.06%   194 1509s
 232633 64627 12119.8015   47  203 12265.0000 12012.6566  2.06%   194 1517s
 233903 64703 12122.9636   46  172 12265.0000 12013.1958  2.05%   194 1524s
 234681 64856 12179.4714   43   98 12265.0000 12013.2535  2.05%   194 1532s
 236042 64949 12192.1481   48   61 12265.0000 12013.9556  2.05%   194 1540s
 237350 65146 infeasible   45      12265.0000 12014.7292  2.04%   194 1548s
 238860 65320     cutoff   50      12265.0000 12015.2211  2.04%   194 1555s
 240073 65434     cutoff   55      12265.0000 12015.6850  2.03%   194 1562s
 241294 65589 infeasible   46      12265.0000 12016.0821  2.03%   194 1569s
 242580 65598 12069.2352   47  181 12265.0000 12016.5716  2.03%   194 1576s
 242595 65628 12082.5450   48  161 12265.0000 12016.5716  2.03%   194 1582s
 243050 65733 12099.5401   48  100 12265.0000 12016.5716  2.03%   194 1590s
 244304 65854 infeasible   44      12265.0000 12017.0713  2.02%   194 1597s
 245538 66056     cutoff   45      12265.0000 12017.7905  2.02%   194 1605s
 246833 66195     cutoff   52      12265.0000 12018.3597  2.01%   194 1612s
 248188 66330 12248.2786   47  116 12265.0000 12018.7693  2.01%   194 1620s
 249415 66466 12152.6405   49  116 12265.0000 12019.1935  2.00%   193 1627s
 250694 66512 12242.9528   42   93 12265.0000 12019.7848  2.00%   193 1634s
 251187 66594 12178.9195   42  121 12265.0000 12019.9241  2.00%   193 1642s
 252495 66759     cutoff   49      12265.0000 12020.5125  1.99%   193 1650s
 253817 66900     cutoff   44      12265.0000 12020.9259  1.99%   193 1657s
 255168 66957 12109.1150   49   65 12265.0000 12021.4945  1.99%   193 1665s
 255582 67414 12213.5996   48   73 12265.0000 12021.4985  1.99%   193 1690s
 259717 67621 12115.0988   51  122 12265.0000 12022.9148  1.97%   193 1699s
 261263 67778 12241.1714   56   73 12265.0000 12023.5787  1.97%   193 1706s
 262636 67845 12064.6524   43  162 12265.0000 12023.9186  1.97%   193 1713s
 263946 67992 12077.1087   49  160 12265.0000 12024.4682  1.96%   193 1721s
 265223 68169 12041.0799   46  178 12265.0000 12024.9836  1.96%   192 1729s
 266615 68308 12159.7404   52   66 12265.0000 12025.3716  1.95%   192 1736s
 267869 68444 12175.2653   48   95 12265.0000 12025.9873  1.95%   192 1744s
 269119 68583 12206.7855   38   84 12265.0000 12026.4742  1.94%   192 1752s
 270364 68676 12121.4997   43  186 12265.0000 12026.9379  1.94%   192 1760s
 271632 68784 12137.3334   44   87 12265.0000 12027.4485  1.94%   192 1768s
 272930 68951 12140.0923   51  135 12265.0000 12027.9500  1.93%   192 1777s
 274484 68941 12099.1083   43  170 12265.0000 12028.3790  1.93%   192 1784s
 274644 69010 12138.3941   44  114 12265.0000 12028.3790  1.93%   192 1793s
 275777 69075     cutoff   47      12265.0000 12028.7383  1.93%   192 1802s
 276479 69245 12223.3111   47  198 12265.0000 12028.8708  1.93%   192 1812s
 278097 69406 12165.5553   44  178 12265.0000 12029.6154  1.92%   192 1822s
 279576 69550 12041.1706   54  112 12265.0000 12030.1306  1.91%   192 1831s
 281078 69642 12117.4591   49  126 12265.0000 12030.5872  1.91%   192 1839s
 282193 69765     cutoff   47      12265.0000 12030.9493  1.91%   192 1848s
 283604 69884 12086.0356   65  117 12265.0000 12031.4637  1.90%   191 1856s
 284978 69886 12191.0442   47  123 12265.0000 12031.9003  1.90%   191 1864s
 285050 69939     cutoff   46      12265.0000 12031.9185  1.90%   191 1871s
 285839 69973 12035.6152   47   89 12265.0000 12031.9686  1.90%   191 1880s
 287222 70038 12105.7345   43  149 12265.0000 12032.5813  1.89%   191 1889s
 288758 70176 infeasible   45      12265.0000 12033.1023  1.89%   191 1898s
 290143 70323 12163.0160   46  141 12265.0000 12033.6686  1.89%   191 1906s
 291502 70436 12095.1270   47  204 12265.0000 12034.1222  1.88%   191 1914s
 292978 70518 12105.1065   50  150 12265.0000 12034.6097  1.88%   191 1921s
 294300 70607 infeasible   52      12265.0000 12035.1851  1.87%   191 1928s
 295557 70669 12136.6767   40  108 12265.0000 12035.5659  1.87%   191 1934s
 296557 70686 12212.2142   46  103 12265.0000 12035.8922  1.87%   191 1941s
 296578 70737 12245.5475   47   92 12265.0000 12035.9053  1.87%   191 1948s
 297774 70747 12248.6001   48   54 12265.0000 12036.3788  1.86%   191 1955s
 298954 70835 12121.9397   47  264 12265.0000 12036.7037  1.86%   191 1962s
 300199 70928     cutoff   43      12265.0000 12037.1315  1.86%   191 1969s
 301453 70954 infeasible   47      12265.0000 12037.5581  1.85%   190 1976s
 302716 71019 12102.0167   40   61 12265.0000 12037.9594  1.85%   190 1983s
 303983 71031 12112.4547   40  149 12265.0000 12038.3889  1.85%   190 1990s
 305243 71035 12090.4512   44  271 12265.0000 12038.7605  1.84%   190 1997s
 305262 71042 12181.3251   44  175 12265.0000 12038.7605  1.84%   190 2002s
 305437 71080 12219.2472   45  133 12265.0000 12038.7605  1.84%   190 2008s
 306311 71139 12195.7601   53   82 12265.0000 12038.8602  1.84%   190 2016s
 307655 71190 12168.0524   37  158 12265.0000 12039.5151  1.84%   190 2023s
 308973 71260 12210.6536   48   90 12265.0000 12039.9161  1.84%   190 2031s
 310255 71352 12098.0286   45  132 12265.0000 12040.4429  1.83%   190 2039s
 311136 71352 infeasible   43      12265.0000 12040.4919  1.83%   190 2040s
 311835 71350     cutoff   49      12265.0000 12040.8379  1.83%   190 2046s
 312446 71389 12214.2839   54  100 12265.0000 12041.0533  1.83%   190 2054s
 313892 71424 infeasible   50      12265.0000 12041.5861  1.82%   190 2061s
 315148 71505 12164.4000   50  121 12265.0000 12041.9846  1.82%   190 2068s
 316487 71555     cutoff   52      12265.0000 12042.3293  1.82%   190 2075s
 317752 71573 12248.6036   47  133 12265.0000 12042.7259  1.81%   190 2082s
 319007 71599     cutoff   46      12265.0000 12043.1000  1.81%   190 2089s
 320206 71668     cutoff   50      12265.0000 12043.5298  1.81%   190 2096s
 321524 71720 12123.7225   56   99 12265.0000 12043.9355  1.80%   190 2103s
 322230 71808 12137.0649   57   94 12265.0000 12044.0025  1.80%   190 2111s
 323623 71854 12173.2444   56   71 12265.0000 12044.4966  1.80%   190 2118s
 324950 71888 12167.1394   49   71 12265.0000 12044.9667  1.79%   190 2125s
 326215 71913 12132.7554   50  104 12265.0000 12045.3446  1.79%   189 2133s
 327464 71973 12135.9766   47  121 12265.0000 12045.6413  1.79%   189 2139s
 327904 71973 12211.1086   58  119 12265.0000 12045.7043  1.79%   189 2140s
 328720 72048     cutoff   44      12265.0000 12046.0558  1.79%   189 2148s
 330174 72094 infeasible   50      12265.0000 12046.6250  1.78%   189 2155s
 330788 72150 12148.7758   53  135 12265.0000 12046.7594  1.78%   189 2165s
 332243 72246 infeasible   46      12265.0000 12047.1850  1.78%   189 2174s
 333715 72291 12101.6881   43  237 12265.0000 12047.5310  1.77%   189 2182s
 335104 72342 infeasible   50      12265.0000 12047.9640  1.77%   189 2190s
 336450 72390 infeasible   48      12265.0000 12048.3822  1.77%   189 2197s
 337785 72396 12083.9673   50  238 12265.0000 12048.7198  1.76%   189 2203s
 337801 72424 12092.8760   51  235 12265.0000 12048.7501  1.76%   189 2209s
 338632 72525     cutoff   44      12265.0000 12048.9092  1.76%   189 2217s
 340007 72633 12244.4293   55  139 12265.0000 12049.2085  1.76%   189 2224s
 341356 72653 12164.1000   51   56 12265.0000 12049.6252  1.76%   189 2232s
 342433 72636 infeasible   44      12265.0000 12049.9067  1.75%   189 2239s
 343746 72654 12169.3883   49   41 12265.0000 12050.3564  1.75%   189 2246s
 345139 72682 12129.2480   47  117 12265.0000 12050.8444  1.75%   189 2253s
 346182 72762 12195.5947   47  198 12265.0000 12051.1038  1.74%   189 2261s
 347560 72747 12245.7985   48   52 12265.0000 12051.5839  1.74%   189 2268s
 348992 72768 12114.3155   48  220 12265.0000 12052.0224  1.74%   189 2275s
 349968 72834 12178.7122   45  163 12265.0000 12052.2043  1.73%   188 2283s
 351437 72911 12160.0857   47   60 12265.0000 12052.7337  1.73%   188 2291s
 352716 72936     cutoff   64      12265.0000 12053.0547  1.73%   188 2297s
 354024 72951     cutoff   47      12265.0000 12053.4520  1.72%   188 2305s
 355025 73017 12123.0000   44   58 12265.0000 12053.7375  1.72%   188 2312s
 356278 73029 12109.6857   43   88 12265.0000 12054.0769  1.72%   188 2320s
 357479 73076 12059.3780   38  152 12265.0000 12054.5966  1.72%   188 2327s
 358538 73111     cutoff   52      12265.0000 12054.8541  1.71%   188 2334s
 359825 73108 12095.8607   45  127 12265.0000 12055.2526  1.71%   188 2341s
 361096 73152 12258.8173   48  116 12265.0000 12055.5639  1.71%   188 2349s
 362248 73174     cutoff   48      12265.0000 12055.9426  1.70%   188 2356s
 363598 73206     cutoff   48      12265.0000 12056.3853  1.70%   188 2364s
 364856 73221 12228.4384   43   44 12265.0000 12056.6699  1.70%   188 2371s
 365891 73267 12177.8458   52  186 12265.0000 12057.0102  1.70%   188 2379s
 367402 73286 12112.6776   43  192 12265.0000 12057.3193  1.69%   188 2387s
 368690 73306 infeasible   49      12265.0000 12057.8452  1.69%   188 2394s
 369653 73283 12189.6570   46  121 12265.0000 12057.9356  1.69%   188 2401s
 370907 73349     cutoff   50      12265.0000 12058.3957  1.68%   188 2408s
 372192 73384     cutoff   51      12265.0000 12058.6776  1.68%   188 2415s
 373530 73355 12160.3219   48  190 12265.0000 12059.1569  1.68%   188 2422s
 374588 73307 12205.7731   42  127 12265.0000 12059.5183  1.68%   188 2429s
 375857 73319 infeasible   43      12265.0000 12059.9683  1.67%   188 2436s
 377044 73342 12108.9672   52  214 12265.0000 12060.3343  1.67%   188 2443s
 378139 73349 12220.6969   53   74 12265.0000 12060.5966  1.67%   188 2450s
 379348 73380 12192.6944   48  108 12265.0000 12061.0065  1.66%   188 2457s
 380490 73389 12158.8958   49  131 12265.0000 12061.4161  1.66%   188 2464s
 381624 73387 12224.7977   37   45 12265.0000 12061.7510  1.66%   187 2471s
 382943 73409 12145.4366   47  113 12265.0000 12062.1138  1.65%   187 2478s
 384206 73375     cutoff   53      12265.0000 12062.5623  1.65%   187 2486s
 385427 73371 infeasible   41      12265.0000 12062.9203  1.65%   187 2493s
 385610 73320 infeasible   42      12265.0000 12062.9203  1.65%   187 2503s
 387171 73285 infeasible   54      12265.0000 12063.4458  1.64%   187 2512s
 388827 73272 12232.9167   49  124 12265.0000 12063.9968  1.64%   187 2520s
 390109 73293 12101.6088   45  125 12265.0000 12064.3056  1.64%   187 2529s
 391640 73267 infeasible   44      12265.0000 12064.8447  1.63%   187 2540s
 392838 73270 12194.8816   54  183 12265.0000 12065.1549  1.63%   187 2548s
 394248 73250 12178.3764   48  160 12265.0000 12065.6010  1.63%   187 2556s
 395595 73218 12108.8473   52  109 12265.0000 12065.9924  1.62%   187 2564s
 396886 73196     cutoff   49      12265.0000 12066.3292  1.62%   187 2572s
 397923 73184 12133.9631   47   53 12265.0000 12066.6163  1.62%   187 2580s
 399310 73207 12213.9483   47  112 12265.0000 12067.1979  1.61%   187 2589s
 400765 73219 12226.6234   46  114 12265.0000 12067.5777  1.61%   187 2596s
 402164 73150 infeasible   48      12265.0000 12067.8914  1.61%   187 2605s
 403245 73046     cutoff   50      12265.0000 12068.3422  1.60%   187 2615s
 404902 72953     cutoff   47      12265.0000 12068.9052  1.60%   187 2623s
 406215 72897 12106.5563   49  141 12265.0000 12069.4711  1.59%   187 2631s
 407515 72839     cutoff   58      12265.0000 12069.8527  1.59%   187 2640s
 408499 72796 12196.3850   41  158 12265.0000 12070.1722  1.59%   187 2649s
 409760 72761 12162.0598   48  108 12265.0000 12070.5985  1.59%   187 2657s
 411018 72716 12215.8019   51  217 12265.0000 12070.9012  1.58%   187 2665s
 411477 72652 12111.5811   45  129 12265.0000 12070.9387  1.58%   187 2673s
 412824 72558 12234.8095   45   82 12265.0000 12071.6035  1.58%   187 2681s
 414156 72427 infeasible   44      12265.0000 12071.9206  1.57%   187 2689s
 415425 72329 12205.3967   54  123 12265.0000 12072.4752  1.57%   187 2697s
 416796 72212 12222.2698   42  159 12265.0000 12072.9870  1.57%   187 2705s
 418176 72140 12151.6241   44  102 12265.0000 12073.4146  1.56%   187 2712s
 419444 72067 12238.3606   50   87 12265.0000 12073.7791  1.56%   187 2720s
 420791 72010 12173.4521   51  143 12265.0000 12074.3002  1.55%   187 2728s
 422144 72006 12138.4487   52  144 12265.0000 12074.7726  1.55%   187 2735s
 422172 71990 12167.5565   53  171 12265.0000 12074.7961  1.55%   187 2742s
 422609 71893 12237.2305   50  200 12265.0000 12074.8122  1.55%   187 2751s
 423966 71803 12174.9407   43   65 12265.0000 12075.2516  1.55%   187 2759s
 425314 71679 12223.9526   46  107 12265.0000 12075.7191  1.54%   187 2766s
 426649 71580     cutoff   45      12265.0000 12076.1748  1.54%   187 2774s
 427903 71553 12124.6111   47   65 12265.0000 12076.6000  1.54%   187 2781s
 428440 71445     cutoff   48      12265.0000 12076.6000  1.54%   187 2789s
 429759 71414 12205.5676   46  151 12265.0000 12077.2338  1.53%   187 2797s
 430337 71294 12246.5000   56   55 12265.0000 12077.3808  1.53%   187 2805s
 431754 71149 12227.6796   46  139 12265.0000 12077.9159  1.53%   187 2813s
 433134 71034 12168.8006   48  179 12265.0000 12078.3514  1.52%   187 2821s
 434509 70935 12228.1857   52  175 12265.0000 12078.8831  1.52%   187 2829s
 435242 70935 12199.8788   45   65 12265.0000 12078.8994  1.52%   187 2830s
 435834 70842     cutoff   55      12265.0000 12079.2941  1.51%   187 2837s
 437250 70746     cutoff   53      12265.0000 12079.7190  1.51%   187 2845s
 438642 70635 infeasible   47      12265.0000 12080.1000  1.51%   187 2853s
 439975 70515 12212.8492   45  140 12265.0000 12080.5997  1.50%   187 2861s
 441147 70425 12188.6840   47   98 12265.0000 12080.9630  1.50%   187 2869s
 442511 70345     cutoff   51      12265.0000 12081.4326  1.50%   187 2876s
 443587 70236 12206.6694   54  226 12265.0000 12081.7956  1.49%   187 2884s
 444855 70135 12181.3891   47  201 12265.0000 12082.2634  1.49%   187 2891s
 445967 69994     cutoff   55      12265.0000 12082.6263  1.49%   187 2899s
 447275 69906 12103.5017   45  140 12265.0000 12083.0518  1.48%   187 2906s
 448605 69828 12245.2000   54   81 12265.0000 12083.4639  1.48%   187 2914s
 449652 69688 12168.7338   47  165 12265.0000 12083.7000  1.48%   187 2922s
 451025 69597 infeasible   47      12265.0000 12084.2274  1.47%   187 2929s
 452366 69488 12141.5967   47   52 12265.0000 12084.5966  1.47%   187 2937s
 453345 69362 12147.7868   44  199 12265.0000 12084.8891  1.47%   187 2944s
 454604 69273 12132.6326   43  229 12265.0000 12085.2373  1.47%   187 2952s
 455962 69134     cutoff   49      12265.0000 12085.7386  1.46%   187 2960s
 456990 69000 12176.5597   49  121 12265.0000 12086.0732  1.46%   187 2968s
 458249 68866     cutoff   48      12265.0000 12086.4878  1.46%   187 2975s
 459594 68746     cutoff   52      12265.0000 12087.0173  1.45%   187 2983s
 460619 68628     cutoff   59      12265.0000 12087.3137  1.45%   187 2990s
 461814 68451     cutoff   43      12265.0000 12087.6673  1.45%   187 2998s
 463130 68325     cutoff   50      12265.0000 12088.2118  1.44%   187 3005s
 464209 68171     cutoff   55      12265.0000 12088.5110  1.44%   187 3013s
 465501 68000 12240.6805   45  131 12265.0000 12088.9978  1.43%   187 3021s
 466776 67881     cutoff   47      12265.0000 12089.4680  1.43%   187 3029s
 467872 67822 12206.3022   50   96 12265.0000 12089.7422  1.43%   187 3037s
 468757 67816 12262.0872   55  194 12265.0000 12090.0315  1.43%   187 3044s
 468786 67733 infeasible   56      12265.0000 12090.0315  1.43%   187 3051s
 469331 67552     cutoff   59      12265.0000 12090.2132  1.43%   187 3059s
 470776 67449 infeasible   44      12265.0000 12090.6623  1.42%   187 3067s
 471953 67282     cutoff   41      12265.0000 12091.0613  1.42%   187 3075s
 473359 67145     cutoff   51      12265.0000 12091.4593  1.41%   187 3083s
 474773 67102 12130.0749   42  232 12265.0000 12091.8914  1.41%   187 3092s
 475228 66930 12158.1449   44   96 12265.0000 12091.8951  1.41%   187 3100s
 476683 66755     cutoff   49      12265.0000 12092.4933  1.41%   187 3108s
 478108 66598 12240.8353   52   49 12265.0000 12092.9253  1.40%   187 3117s
 479519 66412 12226.1000   52   34 12265.0000 12093.4284  1.40%   187 3125s
 480841 66237 12214.1018   48  185 12265.0000 12093.8575  1.40%   187 3132s
 482256 66062 12222.3200   46  116 12265.0000 12094.3403  1.39%   187 3141s
 483584 65927 12173.1532   49  188 12265.0000 12094.8535  1.39%   187 3149s
 484918 65772 12235.4454   47  145 12265.0000 12095.2743  1.38%   187 3156s
 486251 65661 12181.0247   45   44 12265.0000 12095.6730  1.38%   187 3164s
 486912 65522     cutoff   50      12265.0000 12095.8966  1.38%   187 3171s
 488201 65303 12204.5665   53  126 12265.0000 12096.2991  1.38%   187 3179s
 489603 65173 infeasible   52      12265.0000 12096.7400  1.37%   187 3187s
 490449 65057 12192.6116   50  130 12265.0000 12096.9888  1.37%   187 3195s
 491774 64855     cutoff   52      12265.0000 12097.3830  1.37%   187 3203s
 493166 64667 12137.6500   45  120 12265.0000 12097.9301  1.36%   187 3210s
 494508 64487 12262.7650   51   88 12265.0000 12098.3771  1.36%   187 3218s
 495918 64339     cutoff   45      12265.0000 12098.8778  1.35%   187 3226s
 497215 64196 12177.1982   52  128 12265.0000 12099.3067  1.35%   187 3233s
 498042 64011 12159.8968   46   84 12265.0000 12099.5067  1.35%   187 3241s
 499385 63781     cutoff   50      12265.0000 12100.0333  1.35%   187 3249s
 500782 63631 12211.4911   49  177 12265.0000 12100.5000  1.34%   187 3257s
 502106 63384 infeasible   52      12265.0000 12100.9647  1.34%   187 3265s
 503523 63364 12220.6002   48  130 12265.0000 12101.5071  1.33%   187 3273s
 503652 63275     cutoff   49      12265.0000 12101.5091  1.33%   187 3279s
 504583 63088     cutoff   45      12265.0000 12101.6355  1.33%   187 3287s
 505909 62858     cutoff   58      12265.0000 12102.3167  1.33%   187 3295s
 507281 62649     cutoff   48      12265.0000 12102.7286  1.32%   187 3303s
 508613 62436 12251.1022   49   94 12265.0000 12103.1780  1.32%   187 3310s
 509899 62230     cutoff   46      12265.0000 12103.5825  1.32%   187 3318s
 511240 62015 12202.2400   48  117 12265.0000 12103.9958  1.31%   187 3326s
 512593 61860 infeasible   43      12265.0000 12104.4366  1.31%   187 3333s
 513886 61654 infeasible   50      12265.0000 12104.8894  1.31%   187 3341s
 515211 61468 12188.1608   43  161 12265.0000 12105.2991  1.30%   187 3348s
 516379 61408     cutoff   51      12265.0000 12105.7561  1.30%   187 3356s
 516806 61394     cutoff   50      12265.0000 12105.9048  1.30%   187 3362s
 516925 61214     cutoff   49      12265.0000 12105.9048  1.30%   187 3370s
 518075 60985 12209.6043   51   67 12265.0000 12106.2652  1.29%   187 3378s
 519515 60794 12246.7818   54  101 12265.0000 12106.7954  1.29%   187 3386s
 520906 60598 12214.0713   59   76 12265.0000 12107.2865  1.29%   187 3394s
 522246 60368     cutoff   54      12265.0000 12107.8179  1.28%   187 3402s
 523595 60135     cutoff   49      12265.0000 12108.1714  1.28%   187 3409s
 524876 59967 12208.2003   53   45 12265.0000 12108.6605  1.27%   187 3418s
 526165 59755 12204.0250   51   70 12265.0000 12109.1164  1.27%   187 3426s
 527254 59558 12217.4415   46  202 12265.0000 12109.5686  1.27%   187 3434s
 528543 59429     cutoff   52      12265.0000 12109.9113  1.26%   187 3441s
 529351 59220 12253.9797   57  170 12265.0000 12110.0273  1.26%   187 3450s
 530732 58973 12235.7500   52   58 12265.0000 12110.5767  1.26%   187 3457s
 532073 58743     cutoff   46      12265.0000 12110.9966  1.26%   187 3465s
 533404 58480 12198.0286   50   21 12265.0000 12111.5687  1.25%   187 3473s
 534666 58257 12249.4090   46  169 12265.0000 12111.9045  1.25%   187 3480s
 536007 58156     cutoff   49      12265.0000 12112.4220  1.24%   187 3488s
 536648 57941 12229.6125   52  109 12265.0000 12112.4997  1.24%   187 3495s
 537989 57704 12257.8947   51   41 12265.0000 12113.0131  1.24%   187 3503s
 539364 57441     cutoff   44      12265.0000 12113.4814  1.24%   187 3511s
 540704 57215     cutoff   48      12265.0000 12113.9625  1.23%   187 3519s
 542010 56971 12236.7358   55  195 12265.0000 12114.4000  1.23%   187 3527s
 543342 56693     cutoff   43      12265.0000 12114.8674  1.22%   187 3534s
 544715 56462     cutoff   59      12265.0000 12115.3520  1.22%   187 3541s
 545917 56298     cutoff   45      12265.0000 12115.7715  1.22%   187 3549s
 546667 56042     cutoff   51      12265.0000 12115.9404  1.22%   187 3556s
 548053 55852     cutoff   49      12265.0000 12116.5044  1.21%   187 3564s
 549326 55599 12262.0800   44  125 12265.0000 12116.8883  1.21%   187 3571s
 550567 55261 12229.0085   47  180 12265.0000 12117.2972  1.20%   187 3579s
 551889 54984 12172.0876   49  154 12265.0000 12117.8535  1.20%   187 3586s
 553109 54923 12211.1000   46   67 12265.0000 12118.3553  1.20%   187 3593s
 553425 54688     cutoff   48      12265.0000 12118.4247  1.20%   187 3602s
 554752 54383 12229.2264   50  124 12265.0000 12118.9423  1.19%   187 3610s
 556134 54140     cutoff   42      12265.0000 12119.4316  1.19%   187 3617s
 557488 54136 12186.2971   51  166 12265.0000 12119.9469  1.18%   187 3627s
 557511 54071 12194.5000   52  105 12265.0000 12119.9469  1.18%   187 3633s
 557801 53952     cutoff   46      12265.0000 12119.9855  1.18%   187 3640s
 558454 53607 12177.5247   42  234 12265.0000 12119.9954  1.18%   187 3647s
 559778 53277     cutoff   45      12265.0000 12120.7832  1.18%   187 3656s
 561236 52910 12226.5966   47   95 12265.0000 12121.3042  1.17%   187 3664s
 562617 52566 12252.2889   46   99 12265.0000 12121.8500  1.17%   187 3673s
 564004 52256 12159.6225   48  112 12265.0000 12122.3918  1.16%   187 3680s
 565351 51957 12176.7110   42  201 12265.0000 12122.9667  1.16%   187 3688s
 566701 51680 12196.0000   43   44 12265.0000 12123.4942  1.15%   187 3696s
 568000 51481 12200.1329   46  152 12265.0000 12123.9158  1.15%   187 3704s
 568934 51152     cutoff   49      12265.0000 12124.1433  1.15%   187 3711s
 570283 50851 12241.5986   54  169 12265.0000 12124.7907  1.14%   187 3719s
 571581 50511     cutoff   52      12265.0000 12125.2601  1.14%   187 3728s
 572934 50215 12223.5199   44  105 12265.0000 12125.8000  1.13%   187 3735s
 574285 49878 12177.2234   51   73 12265.0000 12126.2856  1.13%   187 3743s
 575581 49641 12173.5415   44  171 12265.0000 12126.8277  1.13%   187 3752s
 576605 49353     cutoff   51      12265.0000 12127.1554  1.12%   187 3759s
 577836 49026 infeasible   49      12265.0000 12127.6533  1.12%   187 3767s
 579195 48791 12171.8077   49  180 12265.0000 12128.2278  1.12%   187 3774s
 580261 48491 12177.9263   49  166 12265.0000 12128.7087  1.11%   187 3782s
 581610 48159     cutoff   52      12265.0000 12129.3109  1.11%   187 3790s
 583092 47876 12247.0022   56  113 12265.0000 12129.9484  1.10%   187 3798s
 584374 47750 12167.1010   45  143 12265.0000 12130.3967  1.10%   187 3805s
 584849 47433     cutoff   46      12265.0000 12130.5413  1.10%   187 3813s
 586186 47087 12161.9159   49  132 12265.0000 12131.0342  1.09%   187 3821s
 587461 46807 12229.2235   41  188 12265.0000 12131.6217  1.09%   187 3828s
 588550 46436 12247.8569   54  136 12265.0000 12132.1340  1.08%   186 3836s
 589920 46149     cutoff   54      12265.0000 12132.5989  1.08%   186 3843s
 591252 45922 12201.3537   46  185 12265.0000 12133.1558  1.07%   186 3851s
 592395 45581 12219.6937   44   93 12265.0000 12133.5100  1.07%   186 3859s
 593741 45266     cutoff   55      12265.0000 12134.2097  1.07%   186 3866s
 595046 44904     cutoff   48      12265.0000 12134.6386  1.06%   186 3874s
 596428 44732 12239.0044   49   94 12265.0000 12135.1298  1.06%   186 3881s
 596958 44356 infeasible   46      12265.0000 12135.2030  1.06%   186 3888s
 598285 44025 12191.6558   42  162 12265.0000 12135.8123  1.05%   186 3896s
 599670 43651     cutoff   47      12265.0000 12136.5234  1.05%   186 3903s
 600969 43274 12190.9955   49  117 12265.0000 12137.1852  1.04%   186 3911s
 602275 42887     cutoff   52      12265.0000 12137.6364  1.04%   186 3918s
 603532 42524 infeasible   54      12265.0000 12138.2238  1.03%   186 3926s
 604870 42135 12243.8484   49  155 12265.0000 12138.7245  1.03%   186 3933s
 606197 41802 12240.8555   49   70 12265.0000 12139.4126  1.02%   186 3941s
 607467 41639     cutoff   43      12265.0000 12139.9417  1.02%   186 3948s
 608018 41253 infeasible   52      12265.0000 12140.2000  1.02%   186 3955s
 609413 41081 infeasible   54      12265.0000 12140.7456  1.01%   186 3962s
 609913 40716 infeasible   50      12265.0000 12140.8720  1.01%   186 3970s
 611263 40244 12235.7858   45   98 12265.0000 12141.5061  1.01%   186 3977s

Cutting planes:
  Learned: 216
  Gomory: 14
  Cover: 409
  Implied bound: 2
  MIR: 492
  StrongCG: 62
  Flow cover: 613
  Inf proof: 96
  Zero half: 14
  Network: 21
  RLT: 6
  Relax-and-lift: 100

Explored 612685 nodes (113981857 simplex iterations) in 3978.27 seconds (1452.01 work units)
Thread count was 12 (of 12 available processors)

Solution count 10: 12265 12265 12269 ... 19089

Optimal solution found (tolerance 1.00e-02)
Best objective 1.226500000000e+04, best bound 1.214300000000e+04, gap 0.9947%
