
Gurobi 12.0.0 (win64) logging started Thu Feb  5 23:04:27 2026

Set parameter LogFile to value "Storage_orig/Logs/log_____________2026_02_05_23_04_27.log"
Set parameter MIPGap to value 0.01
Set parameter OutputFlag to value 1
Gurobi Optimizer version 12.0.0 build v12.0.0rc1 (win64 - Windows 11+.0 (26200.2))

CPU model: Intel(R) Core(TM) i7-9750H CPU @ 2.60GHz, instruction set [SSE2|AVX|AVX2]
Thread count: 6 physical cores, 12 logical processors, using up to 12 threads

Non-default parameters:
MIPGap  0.01
MIPFocus  1

Optimize a model with 8170 rows, 1394 columns and 21618 nonzeros
Model fingerprint: 0x129f0b41
Variable types: 28 continuous, 1366 integer (918 binary)
Coefficient statistics:
  Matrix range     [2e-01, 1e+02]
  Objective range  [1e+01, 4e+03]
  Bounds range     [1e+00, 1e+00]
  RHS range        [1e+00, 2e+02]
Found heuristic solution: objective 22800.000000
Presolve removed 6116 rows and 254 columns
Presolve time: 0.02s
Presolved: 2054 rows, 1140 columns, 10044 nonzeros
Variable types: 28 continuous, 1112 integer (768 binary)

Root relaxation: objective 4.641367e+03, 1226 iterations, 0.03 seconds (0.03 work units)

    Nodes    |    Current Node    |     Objective Bounds      |     Work
 Expl Unexpl |  Obj  Depth IntInf | Incumbent    BestBd   Gap | It/Node Time

     0     0 4641.36667    0   20 22800.0000 4641.36667  79.6%     -    0s
H    0     0                    22646.000000 4641.36667  79.5%     -    0s
H    0     0                    22566.000000 4641.36667  79.4%     -    0s
H    0     0                    22366.000000 4641.36667  79.2%     -    0s
H    0     0                    22306.000000 4641.36667  79.2%     -    0s
H    0     0                    22106.000000 4641.36667  79.0%     -    0s
H    0     0                    20992.000000 4997.72570  76.2%     -    0s
H    0     0                    20852.000000 4997.72570  76.0%     -    0s
H    0     0                    20512.000000 4997.72570  75.6%     -    0s
H    0     0                    20372.000000 4997.72570  75.5%     -    0s
     0     0 4997.72570    0   40 20372.0000 4997.72570  75.5%     -    0s
     0     0 5006.29448    0   36 20372.0000 5006.29448  75.4%     -    0s
     0     0 5006.29448    0   36 20372.0000 5006.29448  75.4%     -    0s
     0     0 5081.73602    0   58 20372.0000 5081.73602  75.1%     -    0s
     0     0 5087.52581    0   88 20372.0000 5087.52581  75.0%     -    0s
     0     0 5088.31682    0  123 20372.0000 5088.31682  75.0%     -    0s
     0     0 5088.35054    0  125 20372.0000 5088.35054  75.0%     -    0s
     0     0 5094.87391    0  166 20372.0000 5094.87391  75.0%     -    0s
H    0     0                    19647.000000 5094.87391  74.1%     -    0s
H    0     0                    18714.000000 5106.72792  72.7%     -    0s
H    0     0                    18434.000000 5106.72792  72.3%     -    0s
     0     0 5106.72792    0  167 18434.0000 5106.72792  72.3%     -    0s
     0     0 5108.09139    0  191 18434.0000 5108.09139  72.3%     -    0s
     0     0 5109.47024    0  216 18434.0000 5109.47024  72.3%     -    0s
     0     0 5112.46341    0  231 18434.0000 5112.46341  72.3%     -    0s
     0     0 5112.66435    0  243 18434.0000 5112.66435  72.3%     -    0s
     0     0 5113.36370    0  252 18434.0000 5113.36370  72.3%     -    0s
     0     0 5114.62663    0  240 18434.0000 5114.62663  72.3%     -    0s
     0     0 5115.73028    0  236 18434.0000 5115.73028  72.2%     -    0s
     0     0 5115.73231    0  249 18434.0000 5115.73231  72.2%     -    0s
     0     0 5119.74555    0  250 18434.0000 5119.74555  72.2%     -    0s
     0     0 5121.81543    0  265 18434.0000 5121.81543  72.2%     -    0s
H    0     0                    16848.000000 5123.59885  69.6%     -    0s
     0     0 5123.59885    0  235 16848.0000 5123.59885  69.6%     -    0s
H    0     0                    16747.000000 5123.62791  69.4%     -    0s
H    0     0                    16213.000000 5123.62791  68.4%     -    0s
H    0     0                    16073.000000 5123.62791  68.1%     -    0s
H    0     0                    15193.000000 5123.62791  66.3%     -    0s
     0     0 5123.62791    0  225 15193.0000 5123.62791  66.3%     -    0s
     0     0 5127.01240    0  270 15193.0000 5127.01240  66.3%     -    0s
H    0     0                    15175.000000 5127.05181  66.2%     -    1s
H    0     0                    14975.000000 5127.05181  65.8%     -    1s
     0     2 5127.05181    0  251 14975.0000 5127.05181  65.8%     -    1s
H   14    26                    14915.000000 5133.92811  65.6%   257    1s
H   25    40                    14775.000000 5133.92811  65.3%   209    1s
H   71    74                    14316.000000 5133.92811  64.1%   166    2s
H   73    84                    13836.000000 5133.92811  62.9%   164    2s
H  107   113                    13496.000000 5133.92811  62.0%   171    2s
H  107   113                    12757.000000 5133.92811  59.8%   171    2s
H  116   119                    11917.000000 5133.92811  56.9%   166    2s
H  139   143                    11837.000000 5133.92811  56.6%   156    2s
H  171   159                    11461.000000 5133.92811  55.2%   147    2s
H  219   185                    11401.000000 5138.32699  54.9%   139    2s
H  277   236                    11321.000000 5141.24126  54.6%   130    3s
   586   410 7372.01878   15  146 11321.0000 5144.29098  54.6%   103    5s
H  629   423                    10361.000000 5146.30191  50.3%   101    5s
H  726   495                    10161.000000 5146.30191  49.4%  96.7    5s
H  731   514                    10021.000000 5146.30191  48.6%  97.2    5s
  1574  1089 7414.75822   16  270 10021.0000 5147.96246  48.6%  81.5   10s
  1617  1127 5149.71724   17  358 10021.0000 5148.07804  48.6%  86.1   15s
  1980  1355 9085.94479   34  147 10021.0000 5151.68711  48.6%   113   20s
  2386  1456 5921.41077   36  231 10021.0000 5151.83114  48.6%   119   25s
  2822  1602 7667.03698   30  251 10021.0000 5151.83114  48.6%   120   30s
  3120  1682 8591.85432   23  108 10021.0000 5151.83114  48.6%   120   35s
  3806  1826 5207.96977   26  297 10021.0000 5162.49171  48.5%   120   40s
  4257  2103 5340.78336   32  211 10021.0000 5163.36067  48.5%   121   45s
  4920  2216 5993.05038   38   86 10021.0000 5165.63128  48.5%   120   50s
  5985  2855 9736.18885   43  164 10021.0000 5169.35585  48.4%   118   56s
  6601  3250 infeasible   48      10021.0000 5175.39665  48.4%   119   61s
  6874  3461 7928.51390   50  130 10021.0000 5180.63620  48.3%   120   65s
  7873  4120 5249.07687   32  245 10021.0000 5185.61413  48.3%   121   71s
H 8100  4079                    9857.0000000 5192.98942  47.3%   121   71s
  9519  5173 8353.84117   40  160 9857.00000 5210.23661  47.1%   120   75s
 11620  6243 8437.87568   91  167 9857.00000 5229.71384  46.9%   120   80s
H12684  6346                    9717.0000000 5229.71384  46.2%   120   82s
H12854  6436                    9517.0000000 5252.15680  44.8%   120   84s
 13641  6946     cutoff   55      9517.00000 5257.46036  44.8%   119   86s
 15253  7922 8911.73731   67  207 9517.00000 5277.36834  44.5%   118   90s
 17367  9274 8173.85012   50   81 9517.00000 5290.65719  44.4%   119   96s
 20300 10727 5994.71970   42   81 9517.00000 5335.19406  43.9%   114  101s
 21141 11339 9198.24613   47  204 9517.00000 5335.19406  43.9%   114  105s
H21340 11198                    9481.0000000 5345.11544  43.6%   113  105s
H21833 11487                    9401.0000000 5345.11544  43.1%   113  107s
H22335 11097                    9201.0000000 5345.11544  41.9%   112  107s
 23404 11824 7368.17309   52  224 9201.00000 5387.87106  41.4%   110  111s
 25653 12859     cutoff   87      9201.00000 5415.36682  41.1%   108  115s
 27760 14564 6400.64521   51  144 9201.00000 5523.49909  40.0%   109  122s
 32132 15374 5829.08318   45   35 9201.00000 5809.09321  36.9%   100  126s
 36262 17284 8027.30866   62   34 9201.00000 5817.20684  36.8%  94.0  133s
 41848 17918 5927.86207   60   18 9201.00000 5827.85345  36.7%  87.9  136s
 45359 19555 5928.02632   58   18 9201.00000 5827.85345  36.7%  84.6  141s
 49488 20899 5976.53442   60   21 9201.00000 5827.85345  36.7%  81.3  145s
 54488 22905 infeasible   64      9201.00000 5827.86207  36.7%  78.1  152s
 60566 24007 8026.68542   62   33 9201.00000 5827.86207  36.7%  74.8  155s
 65682 25256 5958.36925   61   21 9201.00000 5827.87069  36.7%  72.6  160s
 69885 26333 5867.86207   59   23 9201.00000 5827.87069  36.7%  71.1  165s
 73367 27846 5870.06424   61   27 9201.00000 5827.87069  36.7%  69.9  170s
 80175 29104 6693.22636   59   23 9201.00000 5827.87069  36.7%  68.0  175s
 85057 30549 8458.94442   63   28 9201.00000 5827.87069  36.7%  66.8  180s
 90745 32013     cutoff   62      9201.00000 5827.87069  36.7%  65.4  185s
 95573 33207 5927.86207   53   24 9201.00000 5827.87069  36.7%  64.6  190s
 100735 34608     cutoff   64      9201.00000 5827.87931  36.7%  63.5  195s
 104730 35537 5927.87931   54   25 9201.00000 5827.87931  36.7%  62.9  200s
 110005 37014 5870.06241   61   28 9201.00000 5827.87931  36.7%  62.1  207s
 112965 37600 5867.87931   60   18 9201.00000 5827.88793  36.7%  61.7  210s
 117378 38653 7750.66781   61   30 9201.00000 5827.88793  36.7%  61.2  215s
 121859 39538 6180.31938   62   23 9201.00000 5827.88793  36.7%  60.8  221s
 126254 40441 infeasible   61      9201.00000 5827.88793  36.7%  60.4  225s
 131403 41639 9099.47667   65   16 9201.00000 5827.89655  36.7%  59.9  230s
 136985 43091     cutoff   60      9201.00000 5828.22231  36.7%  59.4  235s
 141307 44767 5868.94576   60   36 9201.00000 5828.25002  36.7%  58.9  240s
 145367 46131     cutoff   62      9201.00000 5828.26416  36.7%  58.7  245s
 149859 47188     cutoff   61      9201.00000 5828.28219  36.7%  58.7  250s
 154015 48319 infeasible   62      9201.00000 5828.28412  36.7%  58.5  256s
 157479 48982 5828.30684   57   24 9201.00000 5828.29862  36.7%  58.4  260s
 160700 49593 5928.30837   59   20 9201.00000 5828.30016  36.7%  58.4  265s
 164315 50260 infeasible   57      9201.00000 5828.30684  36.7%  58.4  270s
 168378 50839 7941.19674   59   35 9201.00000 5828.32725  36.7%  58.4  275s
 173353 51388 5928.29195   58   23 9201.00000 5828.35417  36.7%  58.6  281s
 177114 51578 7729.79882   58   42 9201.00000 5828.36409  36.7%  58.8  285s
 181996 51664 5929.49036   58   30 9201.00000 5828.36883  36.7%  59.1  291s
 186002 51965 7955.86036   59   38 9201.00000 5828.37833  36.7%  59.3  296s
 190042 51955 infeasible   63      9201.00000 5828.37987  36.7%  59.4  301s
 193127 51915 infeasible   60      9201.00000 5828.38141  36.7%  59.6  306s
 196832 52065 5929.66353   59   30 9201.00000 5828.39630  36.7%  59.8  310s
 200567 52193 6091.48507   60   33 9201.00000 5828.41998  36.7%  60.0  315s
 204573 52218 5933.92000   59   22 9201.00000 5828.43641  36.7%  60.2  320s
 208336 52387 infeasible   60      9201.00000 5828.45284  36.7%  60.2  325s
 211947 52778 infeasible   56      9201.00000 5828.55321  36.7%  60.4  330s
 215297 53040 5930.01153   56   27 9201.00000 5828.57590  36.7%  60.6  335s
 218500 53006 infeasible   55      9201.00000 5828.59555  36.7%  60.8  340s
 221603 52761 infeasible   61      9201.00000 5828.65715  36.7%  61.2  345s
 224373 52549 infeasible   60      9201.00000 5828.68105  36.7%  61.4  351s
 228602 52445 7965.76410   59   38 9201.00000 5828.78226  36.7%  61.7  356s
 231853 53015 6110.34132   56   27 9201.00000 5828.90974  36.6%  61.7  360s
 237230 53551 6029.55851   61   24 9201.00000 5828.90974  36.6%  61.5  366s
 240568 54068 5927.86207   60   25 9201.00000 5828.92698  36.6%  61.3  370s
 244689 54598 infeasible   60      9201.00000 5828.92698  36.6%  61.1  375s
 250649 55303 infeasible   59      9201.00000 5828.92698  36.6%  60.9  381s
 255172 55796     cutoff   62      9201.00000 5828.92698  36.6%  60.6  385s
 260089 56318 5928.02632   58   21 9201.00000 5828.92698  36.6%  60.5  390s
 265092 56960 infeasible   65      9201.00000 5828.92698  36.6%  60.3  396s
 268983 57499     cutoff   61      9201.00000 5828.92698  36.6%  60.1  400s
 271963 57747 5927.86207   60   20 9201.00000 5828.92698  36.6%  60.0  406s
 274594 58175 6542.81664   57   19 9201.00000 5828.92698  36.6%  59.9  411s
 279453 58785 5935.62069   62   27 9201.00000 5828.92698  36.6%  59.7  416s
 284238 59417 5933.35138   53   25 9201.00000 5828.92698  36.6%  59.5  421s
 289102 60116     cutoff   57      9201.00000 5828.94423  36.6%  59.4  425s
 292496 60554 infeasible   62      9201.00000 5828.94423  36.6%  59.2  430s
 298075 61337     cutoff   66      9201.00000 5828.94423  36.6%  59.0  435s
 301714 61747 7947.18151   61   31 9201.00000 5828.94423  36.6%  58.9  440s
 307862 62405 5927.87931   59   26 9201.00000 5828.94423  36.6%  58.6  446s
 312256 62957 7976.28660   62   32 9201.00000 5828.94423  36.6%  58.5  451s
 316100 63278 6535.55696   61   38 9201.00000 5828.94423  36.6%  58.4  455s
 320595 63717 infeasible   64      9201.00000 5828.94423  36.6%  58.2  461s
 323188 64027 infeasible   66      9201.00000 5828.94423  36.6%  58.2  465s
 328749 64579 infeasible   63      9201.00000 5828.94423  36.6%  58.0  470s
 333741 65104 infeasible   62      9201.00000 5828.94423  36.6%  57.8  475s
 338659 65587 5927.87931   57   20 9201.00000 5828.94423  36.6%  57.7  480s
 342461 66053 infeasible   62      9201.00000 5828.94423  36.6%  57.6  485s
 347817 66701 infeasible   64      9201.00000 5828.94423  36.6%  57.4  490s
 352048 67197 infeasible   59      9201.00000 5828.94423  36.6%  57.3  495s
 356890 67711 5928.05789   57   20 9201.00000 5828.94423  36.6%  57.2  500s
 360158 68149 infeasible   64      9201.00000 5828.96147  36.6%  57.1  505s
 364813 68731 infeasible   62      9201.00000 5828.96147  36.6%  57.0  510s
 367846 69059     cutoff   64      9201.00000 5828.96147  36.6%  56.9  515s
 373670 69670 5957.00000   62   31 9201.00000 5828.96147  36.6%  56.8  521s
 377124 70012 6058.33571   65   24 9201.00000 5828.96147  36.6%  56.7  525s
 381186 70332 5927.89655   62   24 9201.00000 5828.96147  36.6%  56.6  530s
 385529 70781 5928.25584   50   23 9201.00000 5828.96147  36.6%  56.6  535s
 389916 71439 5831.14438   54   28 9201.00000 5829.66422  36.6%  56.5  540s
 391956 72314 5829.74306   48   33 9201.00000 5829.70707  36.6%  56.5  545s
 395839 72997 infeasible   56      9201.00000 5829.78059  36.6%  56.5  550s
 399667 73594     cutoff   58      9201.00000 5829.82190  36.6%  56.4  555s
 403589 74167 infeasible   56      9201.00000 5829.85282  36.6%  56.4  560s
 407420 74502 infeasible   60      9201.00000 5829.85523  36.6%  56.4  565s
 410887 74915 infeasible   57      9201.00000 5829.89744  36.6%  56.4  570s
 414243 75163 5829.98043   57   24 9201.00000 5829.93831  36.6%  56.3  575s
 418081 75511 5871.45526   60   21 9201.00000 5829.96172  36.6%  56.3  580s
 421896 75687 5830.05861   54   24 9201.00000 5830.02138  36.6%  56.4  585s
 426513 75721 8532.29418   59   31 9201.00000 5831.15217  36.6%  56.5  590s
 430382 75971 8884.09335   61   34 9201.00000 5831.43805  36.6%  56.6  595s
 434075 75911 infeasible   61      9201.00000 5831.52931  36.6%  56.6  600s
 437005 75700     cutoff   64      9201.00000 5831.54655  36.6%  56.7  605s
 440209 75576 infeasible   52      9201.00000 5832.08370  36.6%  56.9  611s
 443817 75179 infeasible   58      9201.00000 5832.23950  36.6%  57.0  616s
 446324 74770     cutoff   54      9201.00000 5833.77839  36.6%  57.1  620s
 450448 73918 infeasible   53      9201.00000 5833.96104  36.6%  57.3  626s
 453277 73287     cutoff   53      9201.00000 5834.05237  36.6%  57.3  631s
 455945 72945 infeasible   59      9201.00000 5834.94363  36.6%  57.4  635s
 460370 73286     cutoff   49      9201.00000 5840.00000  36.5%  57.4  640s
 460448 73304 infeasible   52      9201.00000 5840.00000  36.5%  57.4  645s
 460509 73331 5840.00000   54   30 9201.00000 5840.00000  36.5%  57.4  650s
 460664 73628 5840.00000   57   29 9201.00000 5840.00000  36.5%  57.4  655s
 463707 74365 5840.00000   52   30 9201.00000 5840.00000  36.5%  57.3  660s
 468339 75077 5840.00000   59   26 9201.00000 5840.00000  36.5%  57.2  665s
 473403 75834 7986.73551   59   36 9201.00000 5840.00000  36.5%  57.2  671s
 478027 76462 5998.06257   59   24 9201.00000 5840.00000  36.5%  57.1  675s
 481643 76933 5940.00000   58   19 9201.00000 5840.00000  36.5%  57.1  680s
 487350 77438     cutoff   59      9201.00000 5840.00000  36.5%  57.0  686s
 490349 77798     cutoff   54      9201.00000 5840.00000  36.5%  57.0  690s
 494207 78292 infeasible   60      9201.00000 5840.00000  36.5%  57.0  695s
 498363 78605 8824.45661   61   12 9201.00000 5840.00000  36.5%  57.0  701s
 498429 78610     cutoff   63      9201.00000 5840.00000  36.5%  57.0  705s
 498497 78624 5840.00000   53   30 9201.00000 5840.00000  36.5%  57.0  710s
 500804 79228 5841.48099   64   28 9201.00000 5840.00000  36.5%  57.0  716s
 505032 80139 5942.75990   63   27 9201.00000 5840.45051  36.5%  57.0  720s
 509277 81026 5940.46075   60   27 9201.00000 5840.45051  36.5%  57.0  725s
 513138 81402 infeasible   65      9201.00000 5840.47099  36.5%  57.1  730s
 518461 82151 infeasible   65      9201.00000 5840.48123  36.5%  57.1  736s
 522209 82181 5931.76877   59   29 9201.00000 5841.27367  36.5%  57.2  740s
 526023 82478 5970.65362   51   26 9201.00000 5844.20566  36.5%  57.2  745s
 529586 83178     cutoff   67      9201.00000 5845.47366  36.5%  57.2  750s
 533228 83475 6414.11830   64   31 9201.00000 5845.52416  36.5%  57.2  755s
 537299 83782     cutoff   52      9201.00000 5845.58690  36.5%  57.2  760s
 541031 83894 5958.20520   60   32 9201.00000 5845.97611  36.5%  57.2  765s
 544638 83936 5943.00000   61   27 9201.00000 5845.97611  36.5%  57.3  770s
 548659 83860 8286.21142   65   48 9201.00000 5845.99659  36.5%  57.4  775s
 552718 83831     cutoff   66      9201.00000 5845.99659  36.5%  57.4  780s
 557968 83625 7960.38514   66   31 9201.00000 5846.01706  36.5%  57.5  786s
 562002 83473 infeasible   67      9201.00000 5846.01706  36.5%  57.6  791s
 566099 83297 infeasible   64      9201.00000 5846.01706  36.5%  57.6  795s
 569362 83972 infeasible   54      9201.00000 5846.51508  36.5%  57.6  801s
 573694 84167 8172.54016   52   43 9201.00000 5847.32924  36.4%  57.5  805s
 577212 84661 5940.00000   50   17 9201.00000 5847.42500  36.4%  57.4  810s
 581741 84841 infeasible   60      9201.00000 5848.39623  36.4%  57.3  815s
 585327 84880 infeasible   64      9201.00000 5849.11813  36.4%  57.3  821s
 588488 84578     cutoff   57      9201.00000 5850.50000  36.4%  57.3  826s
 592447 84069     cutoff   57      9201.00000 5850.50000  36.4%  57.4  830s
 596311 83582 5940.00000   54   29 9201.00000 5850.50000  36.4%  57.5  836s
 600367 82927 5940.00000   55   28 9201.00000 5850.50000  36.4%  57.6  841s
 602932 82502     cutoff   61      9201.00000 5850.50000  36.4%  57.7  845s
 606950 81860 5940.00000   59   28 9201.00000 5850.50000  36.4%  57.8  850s
 610847 81237 5993.69212   57   32 9201.00000 5850.50000  36.4%  57.8  856s
 613568 81281 5955.83021   56   35 9201.00000 5850.57398  36.4%  57.9  860s
 618042 81660 5852.17590   56   39 9201.00000 5851.64999  36.4%  57.8  865s
 623041 81772 8142.04137   50   39 9201.00000 5854.58754  36.4%  57.7  870s
 627865 82039 5972.78539   54   37 9201.00000 5856.90560  36.3%  57.6  876s
 630411 81777     cutoff   64      9201.00000 5857.53859  36.3%  57.6  880s
 633533 81409 5858.25680   48   38 9201.00000 5857.60577  36.3%  57.6  885s
 636989 81490 5967.73768   56   41 9201.00000 5858.00305  36.3%  57.6  891s
 639290 81752     cutoff   57      9201.00000 5858.28309  36.3%  57.5  895s
 643576 82262 5964.69096   54   36 9201.00000 5859.82937  36.3%  57.4  901s
 646982 82486 infeasible   51      9201.00000 5860.59638  36.3%  57.3  905s
 651403 82535 5861.47296   52   41 9201.00000 5861.47296  36.3%  57.3  911s
 655753 82455 6444.91131   48   27 9201.00000 5863.33302  36.3%  57.2  916s
 658826 82419 5899.48197   61   30 9201.00000 5865.00101  36.3%  57.2  921s
 661787 82334 8722.72301   54   54 9201.00000 5865.54827  36.3%  57.2  925s
 665647 82097 infeasible   52      9201.00000 5866.04648  36.2%  57.2  931s
 669725 81803 6982.12328   52   29 9201.00000 5867.41254  36.2%  57.2  936s
 672083 81507 8030.20239   60   32 9201.00000 5867.82759  36.2%  57.2  940s
 675899 80824 5868.27599   61   36 9201.00000 5867.86207  36.2%  57.2  946s
 678631 80370 8055.74541   63   37 9201.00000 5867.87931  36.2%  57.3  951s
 682326 79850 8713.02877   61   20 9201.00000 5869.50865  36.2%  57.3  956s
 684625 79434 7474.14917   61   42 9201.00000 5870.00000  36.2%  57.4  961s
 686785 79033 infeasible   63      9201.00000 5870.00000  36.2%  57.5  965s
 689898 78371 infeasible   62      9201.00000 5870.00000  36.2%  57.6  971s
 692404 77893 5870.41011   62   26 9201.00000 5870.00000  36.2%  57.7  976s
 694971 77423 5870.46401   60   26 9201.00000 5870.00000  36.2%  57.8  980s
 697623 76764 infeasible   61      9201.00000 5870.00000  36.2%  57.9  985s
 700863 76458 infeasible   61      9201.00000 5870.31384  36.2%  57.9  990s
 705079 76095 infeasible   53      9201.00000 5871.90818  36.2%  57.9  995s
 708116 75672 5873.35783   50   38 9201.00000 5872.94262  36.2%  57.9 1000s
 711664 75381 6719.67906   57   31 9201.00000 5873.73096  36.2%  57.9 1005s
 715079 75494 5894.93607   52   35 9201.00000 5876.01149  36.1%  57.9 1011s
 717097 76116 6961.50775   45  148 9201.00000 5882.21235  36.1%  58.0 1016s
 719507 76813 6812.88530   41  134 9201.00000 5887.97541  36.0%  58.1 1021s
 722070 77289 6512.86719   41   89 9201.00000 5891.83666  36.0%  58.2 1026s
 724064 77844 6278.99301   44  154 9201.00000 5894.52024  35.9%  58.3 1031s
 727907 79304 5972.28000   59   29 9201.00000 5896.77495  35.9%  58.3 1036s
 731624 80448 5897.23377   45   29 9201.00000 5897.22989  35.9%  58.2 1041s
 736313 81623 5897.23501   55   27 9201.00000 5897.23501  35.9%  58.1 1045s
 740466 83168 infeasible   59      9201.00000 5897.23765  35.9%  58.0 1050s
 747469 85333 5900.16500   57   28 9201.00000 5897.23765  35.9%  57.8 1056s
 751339 86649 infeasible   59      9201.00000 5897.24013  35.9%  57.7 1060s
 756816 87859 5897.92804   53   31 9201.00000 5897.24013  35.9%  57.6 1065s
 761802 89261 6918.31187   64   18 9201.00000 5897.24154  35.9%  57.6 1070s
 765736 90531 infeasible   58      9201.00000 5897.24154  35.9%  57.5 1075s
 769760 91273 5897.24789   54   28 9201.00000 5897.24525  35.9%  57.4 1080s
 775555 92735 5952.98841   58   35 9201.00000 5897.24542  35.9%  57.3 1086s
 778865 93690     cutoff   58      9201.00000 5897.24542  35.9%  57.3 1090s
 781790 94312 5913.59308   56   37 9201.00000 5897.24789  35.9%  57.2 1095s
 785081 95174 infeasible   63      9201.00000 5897.24789  35.9%  57.2 1100s
 791217 96634 5997.24277   53   28 9201.00000 5897.24789  35.9%  57.1 1105s
 793877 97531 5967.95933   57   30 9201.00000 5897.24930  35.9%  57.0 1110s
 799664 98535 6837.09040   59   31 9201.00000 5897.25037  35.9%  56.9 1115s
 803801 99436 5900.16500   57   25 9201.00000 5897.25054  35.9%  56.9 1120s
 809845 100285     cutoff   61      9201.00000 5897.25301  35.9%  56.9 1125s
 813406 100969 6840.04520   60   29 9201.00000 5897.25549  35.9%  56.8 1131s
 817915 101880 5900.00000   55   24 9201.00000 5897.25813  35.9%  56.8 1135s
 823402 102614 6840.04520   59   30 9201.00000 5897.47531  35.9%  56.8 1141s
 827770 103013 5900.16500   57   27 9201.00000 5897.50603  35.9%  56.7 1145s
 827871 103020 infeasible   62      9201.00000 5897.51098  35.9%  56.7 1151s
 828152 103111 6797.48421   55   25 9201.00000 5897.51627  35.9%  56.7 1156s
 830658 104247 5899.51000   56   33 9201.00000 5897.60526  35.9%  56.7 1161s
 835518 105306 5897.63158   55   25 9201.00000 5897.62632  35.9%  56.6 1165s
 839946 106228 5942.50000   59   18 9201.00000 5897.63684  35.9%  56.5 1170s
 844374 106860 6837.09040   59   27 9201.00000 5897.64211  35.9%  56.5 1175s
 848891 107928 6797.11000   58   24 9201.00000 5897.93549  35.9%  56.4 1180s
 854753 109042 5968.50000   58   26 9201.00000 5897.95114  35.9%  56.4 1186s
 858770 109605 7001.49833   59   23 9201.00000 5897.95896  35.9%  56.4 1190s
 863615 110209 6840.34500   63   18 9201.00000 5898.68333  35.9%  56.3 1195s
 867602 110862 6032.75357   62   37 9201.00000 5898.86773  35.9%  56.4 1201s
 874004 112353 infeasible   61      9201.00000 5899.30081  35.9%  56.2 1206s
 876770 112738 infeasible   61      9201.00000 5899.30329  35.9%  56.2 1210s
 881430 113511 5997.24277   57   27 9201.00000 5899.30329  35.9%  56.1 1215s
 885014 114389 6797.11000   56   28 9201.00000 5899.30577  35.9%  56.1 1221s
 890522 115210 6797.11000   56   27 9201.00000 5899.31105  35.9%  56.0 1225s
 895558 116007 infeasible   61      9201.00000 5899.31353  35.9%  55.9 1231s
 900346 116775 6108.85777   52   43 9201.00000 5900.00000  35.9%  55.9 1236s
 904914 117200 infeasible   61      9201.00000 5900.00000  35.9%  55.9 1240s
 910109 117835 6891.38890   61   45 9201.00000 5900.64000  35.9%  55.9 1245s
 914930 118980 5967.23501   54   29 9201.00000 5900.97638  35.9%  55.8 1251s
 919417 120152 6797.84786   56   29 9201.00000 5900.97638  35.9%  55.7 1255s
 925404 121346 6845.44299   62   37 9201.00000 5900.97886  35.9%  55.7 1261s
 930463 122292 infeasible   62      9201.00000 5900.98167  35.9%  55.6 1265s
 934925 123421 6797.43171   54   22 9201.00000 5900.98415  35.9%  55.5 1270s
 938957 124417     cutoff   61      9201.00000 5900.98662  35.9%  55.5 1275s
 944773 125400     cutoff   57      9201.00000 5900.98662  35.9%  55.4 1280s
 949406 126192 infeasible   59      9201.00000 5900.98662  35.9%  55.3 1285s
 955743 127371 infeasible   63      9201.00000 5900.98662  35.9%  55.2 1291s
 959652 127928 6900.33000   60   23 9201.00000 5900.98910  35.9%  55.2 1295s
 965070 128860     cutoff   41      9201.00000 5900.98910  35.9%  55.1 1300s
 968795 129555 infeasible   60      9201.00000 5900.99438  35.9%  55.1 1305s
 974045 130571 6903.46932   62   32 9201.00000 5900.99686  35.9%  55.0 1311s
 977400 131123 6811.35655   57   31 9201.00000 5900.99686  35.9%  54.9 1316s
 980974 131863 6797.11000   57   24 9201.00000 5900.99686  35.9%  54.9 1320s
 985722 132655 6897.79000   60   29 9201.00000 5901.00215  35.9%  54.9 1325s
 992460 133581 6998.60000   61   15 9201.00000 5901.02193  35.9%  54.8 1331s
 995590 134109 8941.96505   60   93 9201.00000 5901.03246  35.9%  54.7 1335s
 1000353 134862     cutoff   63      9201.00000 5901.31667  35.9%  54.7 1340s
 1004801 135467 6000.00000   60   25 9201.00000 5901.31667  35.9%  54.7 1345s
 1010297 136097 5956.56064   44  198 9201.00000 5902.32667  35.9%  54.6 1351s
 1015124 136807 infeasible   62      9201.00000 5902.70526  35.8%  54.6 1355s
 1018422 137521 6846.96031   60   31 9201.00000 5903.00000  35.8%  54.6 1360s
 1023545 137825 6900.11278   59   31 9201.00000 5903.16500  35.8%  54.5 1365s
 1027622 138226 6030.63467   43   71 9201.00000 5904.46815  35.8%  54.5 1371s
 1032528 138653 infeasible   62      9201.00000 5904.97820  35.8%  54.5 1375s
 1038374 139709 5967.94369   55   30 9201.00000 5905.11410  35.8%  54.4 1380s
 1043639 140705 6900.89500   61   31 9201.00000 5905.12901  35.8%  54.4 1385s
 1048248 141429 5967.94369   56   31 9201.00000 5905.12975  35.8%  54.3 1390s
 1052266 142123 5927.64119   43  149 9201.00000 5905.70324  35.8%  54.3 1395s
 1058281 143133 infeasible   58      9201.00000 5906.00000  35.8%  54.3 1401s
 1062187 143593 infeasible   59      9201.00000 5906.00000  35.8%  54.3 1405s
 1067688 144345 infeasible   63      9201.00000 5906.00000  35.8%  54.2 1411s
 1070815 144891 8826.44514   52  111 9201.00000 5908.24842  35.8%  54.3 1416s
 1073440 145280 infeasible   60      9201.00000 5910.80238  35.8%  54.3 1420s
 1076029 145900 6837.77500   61   26 9201.00000 5913.11303  35.7%  54.4 1425s
 1079976 146657 8617.30185   48  114 9201.00000 5916.25968  35.7%  54.4 1431s
 1081975 147261 6945.22207   58   54 9201.00000 5920.34636  35.7%  54.5 1436s
 1083183 147699 6141.56022   44   93 9201.00000 5922.05862  35.6%  54.6 1441s
 1085602 148233 6406.10342   44  126 9201.00000 5925.35651  35.6%  54.7 1447s
 1086964 148465 6016.47853   49   97 9201.00000 5927.44461  35.6%  54.7 1450s
 1091510 148249 6029.57075   61   28 9201.00000 5927.84483  35.6%  54.8 1456s
 1094999 148269 infeasible   61      9201.00000 5927.86207  35.6%  54.8 1460s
 1098019 147623 infeasible   55      9201.00000 5927.86207  35.6%  54.8 1465s
 1101878 146757 infeasible   61      9201.00000 5927.86207  35.6%  54.9 1471s
 1103955 146164 infeasible   60      9201.00000 5927.86207  35.6%  55.0 1475s
 1108082 145572     cutoff   61      9201.00000 5927.87931  35.6%  55.1 1481s
 1111017 144693     cutoff   62      9201.00000 5927.87931  35.6%  55.1 1485s
 1114136 143174 infeasible   61      9201.00000 5927.87931  35.6%  55.2 1491s
 1116612 142251     cutoff   60      9201.00000 5927.87931  35.6%  55.3 1495s
 1120789 141250 infeasible   64      9201.00000 5927.89655  35.6%  55.4 1501s
 1123255 140201 5929.52335   58   36 9201.00000 5927.89655  35.6%  55.5 1505s
 1127574 139980     cutoff   63      9201.00000 5928.04211  35.6%  55.5 1511s
 1130820 139691 8368.32911   54   55 9201.00000 5928.07368  35.6%  55.5 1516s
 1133062 139372     cutoff   51      9201.00000 5928.39893  35.6%  55.6 1520s
 1137030 139371 6444.87537   43  102 9201.00000 5928.74223  35.6%  55.6 1526s
 1140946 139189     cutoff   52      9201.00000 5928.96572  35.6%  55.7 1531s
 1143081 138886 6251.29587   54   45 9201.00000 5929.22754  35.6%  55.7 1535s
 1146682 138438 8093.48182   56   41 9201.00000 5929.72976  35.6%  55.8 1541s
 1149013 138186 infeasible   59      9201.00000 5929.80453  35.6%  55.8 1545s
 1152934 137620 5964.47725   59   36 9201.00000 5930.00000  35.6%  55.9 1551s
 1156139 137443 5933.85331   55   28 9201.00000 5930.00000  35.6%  55.9 1555s
 1160587 136633     cutoff   59      9201.00000 5930.00000  35.6%  55.9 1561s
 1163324 136185 5963.01540   59   17 9201.00000 5930.00000  35.6%  55.9 1565s
 1165912 136054 6306.95951   58   40 9201.00000 5930.00000  35.6%  56.0 1571s
 1165984 136033     cutoff   61      9201.00000 5930.00000  35.6%  56.0 1575s
 1166936 135809 8419.35968   55   52 9201.00000 5930.00000  35.6%  56.0 1581s
 1170430 135345     cutoff   56      9201.00000 5930.00000  35.6%  56.1 1586s
 1172635 135072 infeasible   61      9201.00000 5930.00000  35.6%  56.1 1590s
 1176530 134581 infeasible   62      9201.00000 5930.00000  35.6%  56.2 1596s
 1178948 134307 6973.49794   60   20 9201.00000 5930.00000  35.6%  56.2 1600s
 1182656 133755 8206.79507   61   42 9201.00000 5930.00000  35.6%  56.3 1606s
 1185308 133384 infeasible   62      9201.00000 5930.00000  35.6%  56.4 1610s
 1189267 133013 7381.27957   58   37 9201.00000 5930.00000  35.6%  56.5 1615s
 1189821 132711 infeasible   62      9201.00000 5930.00000  35.6%  56.5 1621s
 1192598 132338 6309.25862   59   43 9201.00000 5930.00000  35.6%  56.6 1625s
 1196842 131881 infeasible   64      9201.00000 5930.00000  35.6%  56.6 1630s
 1200943 131415 8205.23847   61   38 9201.00000 5930.00000  35.6%  56.7 1636s
 1205122 130996     cutoff   58      9201.00000 5930.00000  35.6%  56.8 1641s
 1207655 130721 7381.30583   60   37 9201.00000 5930.00000  35.6%  56.8 1645s
 1211557 130004 infeasible   54      9201.00000 5930.00000  35.6%  56.9 1650s
 1214353 129627     cutoff   65      9201.00000 5930.00000  35.6%  56.9 1655s
 1219115 129123 6302.46662   55   51 9201.00000 5930.00000  35.6%  56.9 1660s
 1222888 128823 infeasible   61      9201.00000 5930.00000  35.6%  57.0 1665s
 1226321 128458 7341.19550   59   32 9201.00000 5930.00000  35.6%  57.0 1670s
 1229925 128092 infeasible   61      9201.00000 5930.00000  35.6%  57.1 1675s
 1233344 127543 infeasible   61      9201.00000 5930.00000  35.6%  57.2 1680s
 1236993 127091 6311.73834   60   43 9201.00000 5930.00000  35.6%  57.2 1685s
 1240717 126584 5933.24049   61   29 9201.00000 5930.00000  35.6%  57.3 1690s
 1244870 125814 infeasible   57      9201.00000 5930.00000  35.6%  57.4 1696s
 1246998 125378 infeasible   62      9201.00000 5930.00000  35.6%  57.4 1700s
 1250829 124552 infeasible   56      9201.00000 5930.00000  35.6%  57.5 1706s
 1253393 124136 7239.12293   58   37 9201.00000 5930.00000  35.6%  57.5 1710s
 1258272 123833     cutoff   56      9201.00000 5930.00000  35.6%  57.5 1716s
 1261658 123396 5932.21879   52   23 9201.00000 5930.36840  35.5%  57.6 1721s
 1263678 123145 5935.20082   52   31 9201.00000 5930.56968  35.5%  57.6 1725s
 1266647 122691     cutoff   54      9201.00000 5931.06527  35.5%  57.6 1730s
 1269903 122271 infeasible   55      9201.00000 5931.68000  35.5%  57.7 1736s
 1271944 121921 6312.55993   50   47 9201.00000 5932.40000  35.5%  57.7 1740s
 1275311 121623 8909.07638   60   45 9201.00000 5933.00000  35.5%  57.8 1746s
 1277821 121376 infeasible   61      9201.00000 5933.55245  35.5%  57.8 1751s
 1280167 121335 infeasible   55      9201.00000 5934.59332  35.5%  57.9 1755s
 1281799 121257     cutoff   61      9201.00000 5935.07092  35.5%  57.9 1760s
 1284770 120831 infeasible   64      9201.00000 5937.08772  35.5%  58.0 1765s
 1287280 120623 infeasible   57      9201.00000 5937.65217  35.5%  58.0 1770s
 1290186 120520     cutoff   58      9201.00000 5938.23548  35.5%  58.0 1775s
 1293380 120460 7821.15854   51   66 9201.00000 5938.84267  35.5%  58.0 1780s
 1296618 119337     cutoff   50      9201.00000 5940.00000  35.4%  58.1 1786s
 1299409 118528 5940.36660   59   33 9201.00000 5940.09468  35.4%  58.1 1791s
 1303462 119141 5940.60538   51   35 9201.00000 5940.60536  35.4%  58.1 1796s
 1305795 118874 5940.84670   60   34 9201.00000 5940.82919  35.4%  58.1 1800s
 1307971 118804 8503.61560   58   40 9201.00000 5941.16781  35.4%  58.1 1805s
 1312261 118787 infeasible   41      9201.00000 5941.73000  35.4%  58.1 1811s
 1315928 118611 infeasible   43      9201.00000 5942.90519  35.4%  58.1 1816s
 1317943 118471 6212.15849   46  118 9201.00000 5943.30991  35.4%  58.2 1820s
 1320004 118394 5988.82460   59   36 9201.00000 5944.00000  35.4%  58.2 1825s
 1322908 118350 infeasible   60      9201.00000 5945.61474  35.4%  58.2 1832s
 1325451 118560 5970.83479   49   98 9201.00000 5947.21649  35.4%  58.3 1837s
 1326613 118574 7124.10113   51  223 9201.00000 5947.84590  35.4%  58.3 1840s
 1329250 118934 5996.55303   43   71 9201.00000 5950.39000  35.3%  58.4 1845s
 1331318 118962     cutoff   56      9201.00000 5951.82369  35.3%  58.5 1851s
 1334383 119180 6677.39080   64  137 9201.00000 5954.66568  35.3%  58.5 1857s
 1336100 119365 5997.94332   57   27 9201.00000 5955.01558  35.3%  58.5 1860s
 1339829 120292 6023.22667   56   19 9201.00000 5955.78000  35.3%  58.5 1865s
 1344590 120669     cutoff   52      9201.00000 5956.36275  35.3%  58.5 1870s
 1347302 120629 5970.00000   58   23 9201.00000 5957.00000  35.3%  58.5 1876s
 1349404 120873     cutoff   60      9201.00000 5957.94290  35.2%  58.5 1880s
 1353299 121104     cutoff   47      9201.00000 5959.10453  35.2%  58.6 1885s
 1353679 121166 6116.43431   44  111 9201.00000 5959.41366  35.2%  58.6 1891s
 1356101 121279 7959.68779   56   91 9201.00000 5961.66759  35.2%  58.6 1897s
 1358035 121505 6572.27500   60  115 9201.00000 5962.55342  35.2%  58.7 1901s
 1358855 121605 7022.95600   50   32 9201.00000 5963.16297  35.2%  58.7 1906s
 1360630 121864 7451.65810   64  122 9201.00000 5965.18500  35.2%  58.7 1910s
 1363129 122337 6834.18445   40  250 9201.00000 5966.87703  35.1%  58.7 1915s
 1367697 122439     cutoff   46      9201.00000 5967.25054  35.1%  58.7 1921s
 1369718 122667 8080.68762   50   64 9201.00000 5968.14364  35.1%  58.7 1925s
 1372367 122721 6879.13698   47  202 9201.00000 5969.40264  35.1%  58.8 1931s
 1374397 123196 8236.82212   68   34 9201.00000 5970.16750  35.1%  58.8 1935s
 1378500 124335 infeasible   62      9201.00000 5970.40785  35.1%  58.8 1941s
 1381343 124904 5972.20845   54   34 9201.00000 5970.55934  35.1%  58.7 1945s
 1385193 125526 infeasible   59      9201.00000 5971.15167  35.1%  58.7 1950s
 1388348 125844 6899.91075   57   22 9201.00000 5972.20949  35.1%  58.7 1955s
 1392706 126277 6107.35275   42  235 9201.00000 5972.39363  35.1%  58.7 1960s
 1395050 126603 8984.88714   52  181 9201.00000 5973.25805  35.1%  58.7 1965s
 1396800 127072 infeasible   45      9201.00000 5974.08447  35.1%  58.7 1972s
 1397753 127714 5993.17500   43   30 9201.00000 5974.08447  35.1%  58.8 1976s
 1401173 128243 7782.40044   47  188 9201.00000 5974.81103  35.1%  58.8 1982s
 1402451 128493 6039.43809   48   79 9201.00000 5974.94085  35.1%  58.8 1985s
 1404021 128874     cutoff   56      9201.00000 5975.55161  35.1%  58.8 1991s
 1406483 129515 6165.44063   50  205 9201.00000 5976.46592  35.0%  58.9 1997s
 1407670 129686 6114.87467   43   91 9201.00000 5976.79049  35.0%  58.9 2000s
 1409714 130204 8870.70190   66  136 9201.00000 5977.22407  35.0%  59.0 2006s
 1411081 130471     cutoff   65      9201.00000 5977.93756  35.0%  59.0 2010s
 1413598 131071 7186.55369   50  206 9201.00000 5979.00000  35.0%  59.1 2015s
 1415520 131377 infeasible   42      9201.00000 5979.33507  35.0%  59.1 2020s
 1417829 131808     cutoff   47      9201.00000 5980.03656  35.0%  59.2 2025s
 1420144 132345 6350.70630   41  172 9201.00000 5980.52083  35.0%  59.3 2031s
 1422758 132923 7086.55133   46  163 9201.00000 5981.55601  35.0%  59.3 2037s
 1423715 133171     cutoff   51      9201.00000 5981.70652  35.0%  59.4 2040s
 1425704 133688     cutoff   49      9201.00000 5981.96203  35.0%  59.4 2046s
 1428147 134093     cutoff   64      9201.00000 5982.55572  35.0%  59.5 2052s
 1428389 134416 5994.20991   40  288 9201.00000 5982.59571  35.0%  59.5 2055s
 1430809 135206     cutoff   42      9201.00000 5983.45061  35.0%  59.6 2062s
 1432331 135547 7139.03717   46   67 9201.00000 5983.75051  35.0%  59.6 2065s
 1435549 136286 6075.15641   51   83 9201.00000 5984.36715  35.0%  59.7 2072s
 1436782 136812 7232.28989   52   84 9201.00000 5984.66025  35.0%  59.7 2075s
 1439827 138075 6324.50811   79   92 9201.00000 5984.79757  35.0%  59.7 2081s
 1442872 139014 infeasible   74      9201.00000 5984.79757  35.0%  59.8 2087s
 1445556 139652 6080.25023   74  139 9201.00000 5984.79757  35.0%  59.8 2092s
 1448193 140573 infeasible   57      9201.00000 5984.79757  35.0%  59.8 2097s
 1450908 141787 8046.05975   76   59 9201.00000 5984.80915  35.0%  59.8 2102s
 1453025 142710 6174.12894   78  147 9201.00000 5984.81324  35.0%  59.8 2106s
 1455218 143595 infeasible   89      9201.00000 5984.81324  35.0%  59.8 2111s
 1457900 144315 6175.03877   78  139 9201.00000 5984.81324  35.0%  59.8 2116s
 1458937 144608 6186.32601   78  137 9201.00000 5984.81324  35.0%  59.8 2122s
 1459423 145407 infeasible   84      9201.00000 5984.81324  35.0%  59.8 2127s
 1460963 146008 5984.90581   69  197 9201.00000 5984.81324  35.0%  59.8 2130s
 1462385 146026 5984.98951   66  196 9201.00000 5984.81324  35.0%  59.8 2136s
 1462417 146045 5984.99510   68  196 9201.00000 5984.81324  35.0%  59.8 2143s
 1462437 146485 5992.21568   69  140 9201.00000 5984.81324  35.0%  59.8 2145s
 1464953 147680 6058.38723   76  138 9201.00000 5984.81324  35.0%  59.9 2151s
 1467743 148772 6116.00951   73  137 9201.00000 5984.87936  35.0%  59.9 2156s
 1470670 149559 6217.85097   76  119 9201.00000 5984.90581  35.0%  59.9 2161s
 1472812 150848     cutoff   87      9201.00000 5984.90581  35.0%  59.9 2167s
 1474332 151454 8248.98415   80  101 9201.00000 5984.90581  35.0%  59.9 2170s
 1477175 152478 5984.91003   71  199 9201.00000 5984.90581  35.0%  59.9 2176s
 1479337 153254 7879.81278   82   39 9201.00000 5984.90868  35.0%  60.0 2181s
 1481904 154314     cutoff   83      9201.00000 5984.90868  35.0%  60.0 2186s
 1484708 155437 5986.59845   67  198 9201.00000 5984.98241  35.0%  60.0 2191s
 1487463 156606 6782.44434   79  123 9201.00000 5984.98241  35.0%  60.0 2196s
 1489647 157356 infeasible   80      9201.00000 5984.98241  35.0%  60.0 2200s
 1493131 158746 5985.03517   69  196 9201.00000 5984.98241  35.0%  60.0 2207s
 1495513 159697     cutoff   73      9201.00000 5984.98241  35.0%  60.0 2211s
 1497902 160461     cutoff   78      9201.00000 5984.98241  35.0%  60.0 2216s
 1500050 161288 5985.03800   69  196 9201.00000 5984.98241  35.0%  60.1 2220s
 1502118 162285 infeasible   72      9201.00000 5984.98241  35.0%  60.1 2225s
 1504740 163255 5985.03800   73  197 9201.00000 5984.98241  35.0%  60.1 2230s
 1507682 164384 infeasible   74      9201.00000 5984.98753  35.0%  60.1 2237s
 1510087 165289 6080.89265   72  119 9201.00000 5984.98800  35.0%  60.1 2241s
 1512630 166096 5984.98951   65  196 9201.00000 5984.98951  35.0%  60.1 2246s
 1514617 166881 7273.12074   73   40 9201.00000 5984.98951  35.0%  60.2 2251s
 1517156 167753 5991.34174   70  117 9201.00000 5984.98951  35.0%  60.2 2256s
 1519622 168401 6302.11190   78  125 9201.00000 5984.99358  35.0%  60.2 2261s
 1521904 169117 infeasible   80      9201.00000 5984.99510  35.0%  60.2 2266s
 1524441 169957     cutoff   79      9201.00000 5984.99661  35.0%  60.3 2271s
 1526555 170399 5991.36474   68  117 9201.00000 5985.01160  35.0%  60.3 2275s
 1528757 171269 7246.25094   73   37 9201.00000 5985.01160  35.0%  60.3 2280s
 1531339 171854 6005.42363   70  134 9201.00000 5985.01489  35.0%  60.3 2285s
 1533775 172470 6090.93841   77  163 9201.00000 5985.01489  35.0%  60.4 2290s
 1536033 173086 7072.67717   79   57 9201.00000 5985.01489  35.0%  60.4 2295s
 1538595 173638 6117.68026   73  123 9201.00000 5985.01489  35.0%  60.4 2301s
 1540965 174319 6250.94873   81  152 9201.00000 5985.01489  35.0%  60.5 2306s
 1543424 174770 infeasible   75      9201.00000 5985.01489  35.0%  60.5 2310s
 1545453 175447 6000.62441   71  137 9201.00000 5985.01489  35.0%  60.5 2315s
 1548012 176112 6025.82926   73  125 9201.00000 5985.01489  35.0%  60.6 2321s
 1550337 176798 5986.59637   72  200 9201.00000 5985.01489  35.0%  60.6 2326s
 1552933 177340 6000.62441   69  137 9201.00000 5985.01489  35.0%  60.6 2331s
 1555039 177977 6260.50137   79  169 9201.00000 5985.01489  35.0%  60.7 2336s
 1557351 178447 infeasible   81      9201.00000 5985.01489  35.0%  60.7 2341s
 1558497 178545 6025.26866   74  127 9201.00000 5985.01489  35.0%  60.7 2346s
 1560035 179041 6055.64944   72  135 9201.00000 5985.01489  35.0%  60.8 2351s
 1562278 179544 6096.35577   71   60 9201.00000 5985.01489  35.0%  60.8 2356s
 1564563 180240 7712.08483  101   39 9201.00000 5985.01489  35.0%  60.8 2361s
 1565669 180585 6045.66190   70  151 9201.00000 5985.01489  35.0%  60.9 2365s
 1568196 181284 5986.59816   70  199 9201.00000 5985.01784  35.0%  60.9 2376s
 1569446 181524 8627.81841   85   46 9201.00000 5985.01870  35.0%  60.9 2381s

Cutting planes:
  Learned: 394
  Gomory: 3
  Cover: 350
  Implied bound: 1
  MIR: 329
  StrongCG: 11
  Flow cover: 393
  Inf proof: 5
  Zero half: 1
  Network: 4
  RLT: 16
  Relax-and-lift: 55

Explored 1570407 nodes (95644342 simplex iterations) in 2382.12 seconds (1177.61 work units)
Thread count was 12 (of 12 available processors)

Solution count 10: 9201 9401 9481 ... 11321

Solve interrupted
Best objective 9.201000000000e+03, best bound 5.986000000000e+03, gap 34.9419%
