
Gurobi 12.0.0 (win64) logging started Tue Feb 17 00:51:03 2026

Set parameter LogFile to value "Storage_orig/Logs/log______Sens_handling_time_0.5_2026_02_17_00_51_03.log"
Set parameter MIPGap to value 0.01
Set parameter OutputFlag to value 1
Set parameter TimeLimit to value 600
Gurobi Optimizer version 12.0.0 build v12.0.0rc1 (win64 - Windows 11+.0 (26200.2))

CPU model: Intel(R) Core(TM) i7-9750H CPU @ 2.60GHz, instruction set [SSE2|AVX|AVX2]
Thread count: 6 physical cores, 12 logical processors, using up to 12 threads

Non-default parameters:
TimeLimit  600
MIPGap  0.01
MIPFocus  1

Optimize a model with 4170 rows, 840 columns and 11004 nonzeros
Model fingerprint: 0xb48baad1
Variable types: 18 continuous, 822 integer (570 binary)
Coefficient statistics:
  Matrix range     [5e-01, 1e+03]
  Objective range  [1e+01, 2e+03]
  Bounds range     [1e+00, 1e+00]
  RHS range        [1e+00, 1e+03]

User MIP start did not produce a new incumbent solution
User MIP start violates constraint Time_LB_4_1_0 by 4.200000000

Found heuristic solution: objective 18900.000000
Presolve removed 2940 rows and 192 columns
Presolve time: 0.02s
Presolved: 1230 rows, 648 columns, 6453 nonzeros
Variable types: 18 continuous, 630 integer (450 binary)

Root relaxation: objective 5.467500e+03, 407 iterations, 0.01 seconds (0.01 work units)

    Nodes    |    Current Node    |     Objective Bounds      |     Work
 Expl Unexpl |  Obj  Depth IntInf | Incumbent    BestBd   Gap | It/Node Time

     0     0 5467.50003    0   33 18900.0000 5467.50003  71.1%     -    0s
H    0     0                    16224.000000 5467.50003  66.3%     -    0s
H    0     0                    15008.000000 5467.50003  63.6%     -    0s
H    0     0                    13448.000000 5467.50003  59.3%     -    0s
H    0     0                    12348.000000 5467.50003  55.7%     -    0s
H    0     0                    11648.000000 5467.50003  53.1%     -    0s
H    0     0                    11448.000000 5468.00012  52.2%     -    0s
H    0     0                    11048.000000 5468.00012  50.5%     -    0s
     0     0 5468.00012    0   90 11048.0000 5468.00012  50.5%     -    0s
     0     0 5474.70888    0   53 11048.0000 5474.70888  50.4%     -    0s
     0     0 5474.70888    0   48 11048.0000 5474.70888  50.4%     -    0s
     0     0 5547.41496    0   97 11048.0000 5547.41496  49.8%     -    0s
     0     0 5552.20948    0  119 11048.0000 5552.20948  49.7%     -    0s
     0     0 5552.64934    0  130 11048.0000 5552.64934  49.7%     -    0s
     0     0 5553.00879    0  146 11048.0000 5553.00879  49.7%     -    0s
     0     0 5553.00879    0  152 11048.0000 5553.00879  49.7%     -    0s
H    0     0                    10944.000000 5595.16716  48.9%     -    0s
H    0     0                    10804.000000 5595.16716  48.2%     -    0s
H    0     0                    10319.000000 5595.16716  45.8%     -    0s
H    0     0                    8871.0000000 5595.16716  36.9%     -    0s
H    0     0                    8251.0000000 5595.16716  32.2%     -    0s
     0     0 5595.16716    0  165 8251.00000 5595.16716  32.2%     -    0s
     0     0 5602.22201    0  177 8251.00000 5602.22201  32.1%     -    0s
H    0     0                    8075.0000000 5609.62550  30.5%     -    0s
     0     0 5609.62550    0  189 8075.00000 5609.62550  30.5%     -    0s
     0     0 5613.42983    0  198 8075.00000 5613.42983  30.5%     -    0s
     0     0 5618.35688    0  193 8075.00000 5618.35688  30.4%     -    0s
     0     0 5618.85625    0  223 8075.00000 5618.85625  30.4%     -    0s
H    0     0                    7976.0000000 5630.27605  29.4%     -    0s
H    0     0                    7916.0000000 5630.27605  28.9%     -    0s
H    0     0                    7776.0000000 5630.27605  27.6%     -    0s
H    0     0                    7616.0000000 5630.27605  26.1%     -    0s
     0     0 5630.27605    0  204 7616.00000 5630.27605  26.1%     -    0s
     0     0 5631.61451    0  240 7616.00000 5631.61451  26.1%     -    0s
H    0     0                    7416.0000000 5634.00749  24.0%     -    0s
     0     0 5634.00749    0  231 7416.00000 5634.00749  24.0%     -    0s
     0     0 5635.81940    0  213 7416.00000 5635.81940  24.0%     -    0s
     0     0 5637.81401    0  234 7416.00000 5637.81401  24.0%     -    0s
     0     0 5639.55831    0  230 7416.00000 5639.55831  24.0%     -    0s
     0     0 5640.13711    0  233 7416.00000 5640.13711  23.9%     -    0s
H    0     0                    7336.0000000 5641.96990  23.1%     -    0s
     0     0 5641.96990    0  231 7336.00000 5641.96990  23.1%     -    0s
     0     0 5643.35397    0  241 7336.00000 5643.35397  23.1%     -    0s
     0     0 5643.66096    0  255 7336.00000 5643.66096  23.1%     -    0s
H    0     0                    7250.0000000 5644.00819  22.2%     -    0s
     0     0 5644.00819    0  266 7250.00000 5644.00819  22.2%     -    0s
     0     0 5645.93410    0  244 7250.00000 5645.93410  22.1%     -    0s
     0     0 5645.99720    0  254 7250.00000 5645.99720  22.1%     -    0s
     0     0 5646.06159    0  264 7250.00000 5646.06159  22.1%     -    0s
     0     0 5646.13602    0  271 7250.00000 5646.13602  22.1%     -    0s
     0     0 5646.19450    0  277 7250.00000 5646.19450  22.1%     -    0s
     0     0 5646.19535    0  282 7250.00000 5646.19535  22.1%     -    0s
H    0     0                    7170.0000000 5646.19535  21.3%     -    0s
H    0     0                    7110.0000000 5646.19535  20.6%     -    0s
H    0     0                    7030.0000000 5646.19535  19.7%     -    0s
H    0     0                    6890.0000000 5646.19535  18.1%     -    0s
H    0     0                    6350.0000000 5646.19535  11.1%     -    0s
H    0     0                    6270.0000000 5646.19535  9.95%     -    0s
     0     0 5652.00654    0  281 6270.00000 5652.00654  9.86%     -    1s
     0     0 5659.02345    0  255 6270.00000 5659.02345  9.74%     -    1s
     0     0 5661.72726    0  222 6270.00000 5661.72726  9.70%     -    1s
     0     0 5664.27158    0  236 6270.00000 5664.27158  9.66%     -    1s
     0     0 5664.35492    0  261 6270.00000 5664.35492  9.66%     -    1s
     0     0 5664.45010    0  302 6270.00000 5664.45010  9.66%     -    1s
     0     0 5664.75765    0  289 6270.00000 5664.75765  9.65%     -    1s
H    0     0                    6230.0000000 5670.46388  8.98%     -    1s
H    0     0                    6090.0000000 5670.46388  6.89%     -    1s
H    0     0                    5930.0000000 5670.46388  4.38%     -    1s
     0     0 5670.46388    0  296 5930.00000 5670.46388  4.38%     -    1s
     0     0 5672.00690    0  137 5930.00000 5672.00690  4.35%     -    1s
     0     0 5672.01312    0  127 5930.00000 5672.01312  4.35%     -    1s
     0     0 5675.46667    0  108 5930.00000 5675.46667  4.29%     -    1s
     0     2 5675.46667    0   69 5930.00000 5675.46667  4.29%     -    1s
H  309   293                    5792.0000000 5678.50000  1.96%  71.8    2s
  2079  1165 5710.74000   26  108 5792.00000 5686.67299  1.82%  44.2    5s
  2433  1220 5778.86596   36   73 5792.00000 5691.80357  1.73%  57.9   10s

Cutting planes:
  Learned: 38
  Gomory: 5
  Cover: 226
  Implied bound: 1
  Clique: 85
  MIR: 111
  StrongCG: 6
  Flow cover: 174
  GUB cover: 1
  Inf proof: 2
  Zero half: 3
  RLT: 6
  Relax-and-lift: 13

Explored 5988 nodes (284009 simplex iterations) in 13.81 seconds (7.51 work units)
Thread count was 12 (of 12 available processors)

Solution count 10: 5792 5930 6090 ... 7170

Optimal solution found (tolerance 1.00e-02)
Best objective 5.792000000000e+03, best bound 5.735000000000e+03, gap 0.9841%
