
Gurobi 12.0.0 (win64) logging started Sun Feb 15 18:35:33 2026

Set parameter LogFile to value "Storage_orig/Logs/log_____________2026_02_15_18_35_33.log"
Set parameter MIPGap to value 0.01
Set parameter OutputFlag to value 1
Gurobi Optimizer version 12.0.0 build v12.0.0rc1 (win64 - Windows 11+.0 (26200.2))

CPU model: Intel(R) Core(TM) i7-9750H CPU @ 2.60GHz, instruction set [SSE2|AVX|AVX2]
Thread count: 6 physical cores, 12 logical processors, using up to 12 threads

Non-default parameters:
MIPGap  0.01
MIPFocus  1

Optimize a model with 4170 rows, 840 columns and 11004 nonzeros
Model fingerprint: 0x262341db
Variable types: 18 continuous, 822 integer (570 binary)
Coefficient statistics:
  Matrix range     [2e-01, 1e+03]
  Objective range  [1e+01, 2e+03]
  Bounds range     [1e+00, 1e+00]
  RHS range        [1e+00, 1e+03]
Found heuristic solution: objective 18900.000000
Presolve removed 2940 rows and 192 columns
Presolve time: 0.05s
Presolved: 1230 rows, 648 columns, 6453 nonzeros
Variable types: 18 continuous, 630 integer (450 binary)

Root relaxation: objective 5.467500e+03, 407 iterations, 0.03 seconds (0.01 work units)

    Nodes    |    Current Node    |     Objective Bounds      |     Work
 Expl Unexpl |  Obj  Depth IntInf | Incumbent    BestBd   Gap | It/Node Time

     0     0 5467.50003    0   31 18900.0000 5467.50003  71.1%     -    0s
H    0     0                    18064.000000 5467.50003  69.7%     -    0s
H    0     0                    16964.000000 5467.50003  67.8%     -    0s
H    0     0                    14970.000000 5467.50003  63.5%     -    0s
H    0     0                    14370.000000 5467.50003  62.0%     -    0s
H    0     0                    12610.000000 5468.00012  56.6%     -    1s
H    0     0                    12010.000000 5468.00012  54.5%     -    1s
H    0     0                    11870.000000 5468.00012  53.9%     -    1s
     0     0 5468.00012    0   73 11870.0000 5468.00012  53.9%     -    1s
H    0     0                    11850.000000 5468.14286  53.9%     -    1s
H    0     0                    10970.000000 5468.14286  50.2%     -    1s
     0     0 5468.14286    0   63 10970.0000 5468.14286  50.2%     -    2s
     0     0 5474.82262    0   62 10970.0000 5474.82262  50.1%     -    2s
     0     0 5474.83453    0   70 10970.0000 5474.83453  50.1%     -    2s
     0     0 5474.83453    0   70 10970.0000 5474.83453  50.1%     -    2s
H    0     0                    10651.000000 5558.58104  47.8%     -    2s
     0     0 5558.58104    0   99 10651.0000 5558.58104  47.8%     -    2s
H    0     0                    9995.0000000 5572.09317  44.3%     -    2s
     0     0 5572.09317    0  111 9995.00000 5572.09317  44.3%     -    2s
     0     0 5576.71794    0  115 9995.00000 5576.71794  44.2%     -    2s
     0     0 5576.71794    0  130 9995.00000 5576.71794  44.2%     -    2s
H    0     0                    9896.0000000 5576.71794  43.6%     -    2s
H    0     0                    7756.0000000 5602.46663  27.8%     -    2s
     0     0 5602.46663    0  161 7756.00000 5602.46663  27.8%     -    2s
     0     0 5621.89841    0  140 7756.00000 5621.89841  27.5%     -    2s
     0     0 5634.24563    0  143 7756.00000 5634.24563  27.4%     -    3s
     0     0 5634.34608    0  173 7756.00000 5634.34608  27.4%     -    3s
     0     0 5634.77508    0  181 7756.00000 5634.77508  27.3%     -    3s
     0     0 5635.68767    0  210 7756.00000 5635.68767  27.3%     -    3s
     0     0 5641.49562    0  214 7756.00000 5641.49562  27.3%     -    3s
     0     0 5642.55386    0  209 7756.00000 5642.55386  27.2%     -    3s
     0     0 5647.68910    0  181 7756.00000 5647.68910  27.2%     -    3s
     0     0 5648.76997    0  191 7756.00000 5648.76997  27.2%     -    3s
     0     0 5648.92487    0  214 7756.00000 5648.92487  27.2%     -    3s
     0     0 5648.95761    0  232 7756.00000 5648.95761  27.2%     -    3s
H    0     0                    5852.0000000 5649.85891  3.45%     -    3s
H    0     0                    5792.0000000 5649.85891  2.45%     -    3s
     0     0 5649.85891    0  189 5792.00000 5649.85891  2.45%     -    3s
     0     0 5649.90461    0  195 5792.00000 5649.90461  2.45%     -    3s
     0     0 5650.53893    0  229 5792.00000 5650.53893  2.44%     -    3s
     0     0 5653.84743    0  202 5792.00000 5653.84743  2.39%     -    3s
     0     0 5653.84743    0  222 5792.00000 5653.84743  2.39%     -    3s
     0     0 5663.95979    0  219 5792.00000 5663.95979  2.21%     -    6s
     0     0 5672.76471    0  150 5792.00000 5672.76471  2.06%     -    6s
     0     0 5672.76471    0  164 5792.00000 5672.76471  2.06%     -    6s
     0     0 5673.44444    0   91 5792.00000 5673.44444  2.05%     -    6s
     0     2 5673.44444    0   76 5792.00000 5673.44444  2.05%     -    6s
   575   362 5688.62982   13   36 5792.00000 5680.73626  1.92%  49.1   10s
  2140  1088 5698.04000   25  218 5792.00000 5686.95975  1.81%  38.8   15s
  2395  1128 5734.39161   21   49 5792.00000 5686.95975  1.81%  49.5   20s
  3623   833     cutoff   29      5792.00000 5715.17512  1.33%  51.1   25s

Cutting planes:
  Learned: 23
  Gomory: 1
  Cover: 259
  Implied bound: 5
  Clique: 18
  MIR: 152
  StrongCG: 13
  Flow cover: 168
  Zero half: 4
  Network: 2
  RLT: 1
  Relax-and-lift: 17
  BQP: 2
  PSD: 1

Explored 4996 nodes (258299 simplex iterations) in 27.84 seconds (6.33 work units)
Thread count was 12 (of 12 available processors)

Solution count 10: 5792 5852 7756 ... 12010

Optimal solution found (tolerance 1.00e-02)
Best objective 5.792000000000e+03, best bound 5.736000000000e+03, gap 0.9669%
