
Gurobi 12.0.0 (win64) logging started Sun Feb 15 10:50:54 2026

Set parameter LogFile to value "Storage_orig/Logs/log______Sens_truck_cost_multiplier_0.75_2026_02_15_10_50_47.log"
Set parameter MIPGap to value 0.01
Set parameter OutputFlag to value 1
Gurobi Optimizer version 12.0.0 build v12.0.0rc1 (win64 - Windows 11+.0 (26200.2))

CPU model: Intel(R) Core(TM) i7-9750H CPU @ 2.60GHz, instruction set [SSE2|AVX|AVX2]
Thread count: 6 physical cores, 12 logical processors, using up to 12 threads

Non-default parameters:
MIPGap  0.01
MIPFocus  1

Optimize a model with 6604 rows, 1332 columns and 17992 nonzeros
Model fingerprint: 0x8110d668
Variable types: 32 continuous, 1300 integer (724 binary)
Coefficient statistics:
  Matrix range     [2e-01, 1e+03]
  Objective range  [1e+01, 4e+03]
  Bounds range     [1e+00, 1e+00]
  RHS range        [1e+00, 1e+03]
Found heuristic solution: objective 11670.000000
Presolve removed 4892 rows and 228 columns
Presolve time: 0.02s
Presolved: 1712 rows, 1104 columns, 10516 nonzeros
Variable types: 32 continuous, 1072 integer (624 binary)

Root relaxation: objective 3.302840e+03, 836 iterations, 0.02 seconds (0.02 work units)

    Nodes    |    Current Node    |     Objective Bounds      |     Work
 Expl Unexpl |  Obj  Depth IntInf | Incumbent    BestBd   Gap | It/Node Time

     0     0 3302.84000    0   16 11670.0000 3302.84000  71.7%     -    0s
     0     0 3741.26469    0   46 11670.0000 3741.26469  67.9%     -    0s
     0     0 3750.84408    0   53 11670.0000 3750.84408  67.9%     -    0s
     0     0 3750.84408    0   59 11670.0000 3750.84408  67.9%     -    0s
     0     0 3893.79493    0  106 11670.0000 3893.79493  66.6%     -    0s
     0     0 3927.60501    0  122 11670.0000 3927.60501  66.3%     -    0s
     0     0 3928.80668    0  108 11670.0000 3928.80668  66.3%     -    0s
     0     0 3928.80668    0  110 11670.0000 3928.80668  66.3%     -    0s
H    0     0                    10922.000000 3939.97863  63.9%     -    0s
H    0     0                    10667.000000 3939.97863  63.1%     -    0s
H    0     0                    10425.000000 3939.97863  62.2%     -    0s
     0     0 3975.66667    0  106 10425.0000 3975.66667  61.9%     -    0s
     0     0 3975.66667    0   36 10425.0000 3975.66667  61.9%     -    0s
     0     0 3975.66667    0   36 10425.0000 3975.66667  61.9%     -    0s
     0     0 3975.66667    0   19 10425.0000 3975.66667  61.9%     -    0s
H    0     0                    10251.000000 3975.66667  61.2%     -    0s
H    0     0                    10146.000000 3975.66667  60.8%     -    0s
     0     0 3978.55000    0   43 10146.0000 3978.55000  60.8%     -    0s
H    0     0                    8498.0000000 3978.55000  53.2%     -    0s
     0     0 3978.55000    0   17 8498.00000 3978.55000  53.2%     -    0s
H    0     0                    8408.0000000 3978.55000  52.7%     -    0s
H    0     0                    8363.0000000 3978.55000  52.4%     -    0s
     0     2 3978.55000    0   12 8363.00000 3978.55000  52.4%     -    0s
H    1     4                    8273.0000000 3978.55000  51.9%  89.0    0s
H   33    37                    8063.0000000 3978.55000  50.7%  57.3    0s
H   36    51                    7118.0000000 3978.55000  44.1%  58.0    1s
H   47    51                    7013.0000000 3978.55000  43.3%  48.2    1s
H  141   144                    6863.0000000 3978.55000  42.0%  31.4    1s
H  194   189                    6713.0000000 3978.55000  40.7%  30.4    1s
H  294   223                    6668.0000000 3978.55000  40.3%  28.3    1s
H  309   227                    6608.0000000 3978.55000  39.8%  28.0    1s
H  469   332                    6535.0000000 3978.55000  39.1%  26.6    2s
H  503   370                    6430.0000000 3978.55000  38.1%  27.6    2s
H  682   422                    6385.0000000 3978.55000  37.7%  25.1    2s
H  685   410                    6175.0000000 3978.55000  35.6%  25.4    2s
  1274   846 4521.79889   20   47 6175.00000 4283.59774  30.6%  28.7    5s
H 2141  1214                    6074.0000000 4341.82284  28.5%  40.9    9s
  2485  1277 5088.43586   43   36 6074.00000 4341.82284  28.5%  43.1   10s
* 3058  1347              59    5993.0000000 4341.82284  27.6%  43.9   10s
H 3557  1413                    5888.0000000 4341.82284  26.3%  43.3   10s
* 3875  1544              67    5787.0000000 4341.82284  25.0%  43.8   11s
* 4005  1161              38    5462.0000000 4341.82284  20.5%  43.5   11s
H 4572  1350                    5456.0000000 4350.80952  20.3%  43.7   11s
 10220  4483 5213.05957   66   58 5456.00000 4564.14069  16.3%  40.0   15s
H12848  5719                    5393.0000000 4581.80564  15.0%  38.4   17s
H14773  6384                    5284.0000000 4592.45577  13.1%  37.5   18s
H15100  6719                    5248.0000000 4593.18077  12.5%  37.4   18s
H16211  6789                    5203.0000000 4595.69615  11.7%  36.9   18s
H16251  6063                    5098.0000000 4595.69615  9.85%  36.9   18s
H16729  5453                    4989.0000000 4597.78169  7.84%  37.0   19s
H16758  4290                    4888.0000000 4598.47201  5.92%  37.0   19s
 18205  5438 4829.99099   53  101 4888.00000 4604.31504  5.80%  36.9   20s
H20315  4132                    4774.0000000 4619.35000  3.24%  36.5   21s
 26443  5718 4678.61793   42   40 4774.00000 4649.63889  2.60%  35.3   25s
 36805  8381 4667.96064   46   91 4774.00000 4665.77193  2.27%  32.9   30s
 50218  9881 4707.32148   43  106 4774.00000 4670.92818  2.16%  30.0   35s
 62103 10457 4679.95000   36   16 4774.00000 4678.62500  2.00%  28.9   40s
 73867 10970     cutoff   52      4774.00000 4683.18421  1.90%  27.5   45s
 86467 11674     cutoff   54      4774.00000 4688.36667  1.79%  26.5   50s
 98484 11804     cutoff   52      4774.00000 4694.13894  1.67%  25.7   55s
 109488 12086 4715.47857   50   10 4774.00000 4697.63258  1.60%  25.0   60s
 116863 12186 4701.31153   52   34 4774.00000 4699.48512  1.56%  24.6   65s
 125415 12282 4714.63859   56   56 4774.00000 4702.04569  1.51%  24.3   70s
 136751 12277     cutoff   58      4774.00000 4705.12192  1.44%  23.8   75s
 147639 13492     cutoff   47      4774.00000 4707.87459  1.39%  23.3   80s
 157179 14382 4711.25556   55    6 4774.00000 4708.31019  1.38%  22.7   85s
 169206 14554 4719.52606   51  136 4774.00000 4710.09877  1.34%  22.3   90s
 180471 13841 4751.39028   50   36 4774.00000 4712.20000  1.29%  22.0   95s
 192556 12392     cutoff   51      4774.00000 4715.44091  1.23%  21.8  100s
 203552 11473 4723.46667   50   21 4774.00000 4719.39610  1.14%  21.7  105s
 215523 10341 4748.40000   57   16 4774.00000 4723.59981  1.06%  21.5  110s

Cutting planes:
  Learned: 339
  Cover: 39
  MIR: 41
  StrongCG: 2
  Flow cover: 55
  Network: 12
  RLT: 4
  Relax-and-lift: 1

Explored 221902 nodes (4773156 simplex iterations) in 112.77 seconds (47.37 work units)
Thread count was 12 (of 12 available processors)

Solution count 10: 4774 4774 4888 ... 5456

Optimal solution found (tolerance 1.00e-02)
Best objective 4.774000000000e+03, best bound 4.727000000000e+03, gap 0.9845%
