
Gurobi 12.0.0 (win64) logging started Mon Feb 16 07:54:02 2026

Set parameter LogFile to value "Storage_orig/Logs/log______Sens_C_range_reduced_(170, 170)_2026_02_16_07_54_01.log"
Set parameter MIPGap to value 0.01
Set parameter OutputFlag to value 1
Set parameter TimeLimit to value 600
Gurobi Optimizer version 12.0.0 build v12.0.0rc1 (win64 - Windows 11+.0 (26200.2))

CPU model: Intel(R) Core(TM) i7-9750H CPU @ 2.60GHz, instruction set [SSE2|AVX|AVX2]
Thread count: 6 physical cores, 12 logical processors, using up to 12 threads

Non-default parameters:
TimeLimit  600
MIPGap  0.01
MIPFocus  1

Optimize a model with 5780 rows, 1040 columns and 15062 nonzeros
Model fingerprint: 0xb9985af5
Variable types: 18 continuous, 1022 integer (770 binary)
Coefficient statistics:
  Matrix range     [2e-01, 1e+03]
  Objective range  [1e+01, 2e+03]
  Bounds range     [1e+00, 1e+00]
  RHS range        [1e+00, 1e+03]
Found heuristic solution: objective 26320.000000
Presolve removed 4149 rows and 230 columns
Presolve time: 0.07s
Presolved: 1631 rows, 810 columns, 5736 nonzeros
Variable types: 18 continuous, 792 integer (600 binary)

Root relaxation: objective 8.734075e+03, 638 iterations, 0.05 seconds (0.01 work units)

    Nodes    |    Current Node    |     Objective Bounds      |     Work
 Expl Unexpl |  Obj  Depth IntInf | Incumbent    BestBd   Gap | It/Node Time

     0     0 8734.07503    0   42 26320.0000 8734.07503  66.8%     -    0s
H    0     0                    22082.000000 8734.07503  60.4%     -    0s
H    0     0                    18175.000000 8734.07503  51.9%     -    0s
H    0     0                    14135.000000 8734.07503  38.2%     -    0s
H    0     0                    13975.000000 8734.07503  37.5%     -    0s
H    0     0                    13593.000000 8734.07503  35.7%     -    0s
H    0     0                    12913.000000 8734.07503  32.4%     -    0s
H    0     0                    12773.000000 8736.97513  31.6%     -    0s
H    0     0                    12633.000000 8736.97513  30.8%     -    0s
     0     0 8736.97513    0  102 12633.0000 8736.97513  30.8%     -    0s
     0     0 8745.57733    0   94 12633.0000 8745.57733  30.8%     -    0s
     0     0 8745.85949    0   92 12633.0000 8745.85949  30.8%     -    0s
     0     0 8747.59464    0   93 12633.0000 8747.59464  30.8%     -    0s
     0     0 8747.59464    0   93 12633.0000 8747.59464  30.8%     -    0s
     0     0 8840.58402    0  113 12633.0000 8840.58402  30.0%     -    0s
     0     0 8849.03171    0  128 12633.0000 8849.03171  30.0%     -    0s
     0     0 8857.84774    0  126 12633.0000 8857.84774  29.9%     -    0s
     0     0 8870.43639    0  159 12633.0000 8870.43639  29.8%     -    1s
     0     0 8873.97589    0  165 12633.0000 8873.97589  29.8%     -    1s
     0     0 8874.53106    0  177 12633.0000 8874.53106  29.8%     -    1s
H    0     0                    12010.000000 8881.12035  26.1%     -    1s
     0     0 8881.12035    0  165 12010.0000 8881.12035  26.1%     -    1s
     0     0 8881.40788    0  177 12010.0000 8881.40788  26.0%     -    1s
H    0     0                    11772.000000 8881.52259  24.6%     -    1s
H    0     0                    10412.000000 8881.52259  14.7%     -    1s
     0     0 8881.52259    0  174 10412.0000 8881.52259  14.7%     -    1s
     0     0 8881.53760    0  176 10412.0000 8881.53760  14.7%     -    1s
     0     0 8881.53760    0  177 10412.0000 8881.53760  14.7%     -    1s
H    0     0                    10172.000000 8881.53760  12.7%     -    1s
H    0     0                    10032.000000 8881.53760  11.5%     -    1s
H    0     0                    9952.0000000 8881.53760  10.8%     -    1s
     0     0 8906.06723    0  207 9952.00000 8906.06723  10.5%     -    1s
     0     0 8910.97223    0  215 9952.00000 8910.97223  10.5%     -    1s
     0     0 8912.71751    0  243 9952.00000 8912.71751  10.4%     -    2s
     0     0 8915.06385    0  240 9952.00000 8915.06385  10.4%     -    2s
     0     0 8920.26032    0  230 9952.00000 8920.26032  10.4%     -    2s
     0     0 8920.73891    0  243 9952.00000 8920.73891  10.4%     -    2s
     0     0 8923.21860    0  242 9952.00000 8923.21860  10.3%     -    2s
     0     0 8927.13794    0  205 9952.00000 8927.13794  10.3%     -    2s
     0     0 8927.32649    0  223 9952.00000 8927.32649  10.3%     -    2s
     0     0 8927.82327    0  206 9952.00000 8927.82327  10.3%     -    2s
     0     0 8927.88751    0  212 9952.00000 8927.88751  10.3%     -    2s
     0     0 8927.89735    0  214 9952.00000 8927.89735  10.3%     -    2s
     0     0 8930.16701    0  218 9952.00000 8930.16701  10.3%     -    3s
     0     0 8931.52896    0  235 9952.00000 8931.52896  10.3%     -    3s
     0     0 8932.70803    0  253 9952.00000 8932.70803  10.2%     -    3s
     0     0 8932.98475    0  251 9952.00000 8932.98475  10.2%     -    3s
     0     0 8933.15948    0  278 9952.00000 8933.15948  10.2%     -    3s
     0     0 8933.47487    0  267 9952.00000 8933.47487  10.2%     -    3s
     0     0 8933.50678    0  296 9952.00000 8933.50678  10.2%     -    3s
     0     0 8933.58087    0  322 9952.00000 8933.58087  10.2%     -    3s
     0     0 8933.66031    0  328 9952.00000 8933.66031  10.2%     -    3s
     0     0 8933.70922    0  327 9952.00000 8933.70922  10.2%     -    3s
     0     0 8933.79491    0  319 9952.00000 8933.79491  10.2%     -    3s
     0     0 8933.98898    0  306 9952.00000 8933.98898  10.2%     -    3s
     0     0 8934.11390    0  314 9952.00000 8934.11390  10.2%     -    3s
     0     0 8934.12353    0  317 9952.00000 8934.12353  10.2%     -    3s
     0     0 8934.57381    0  265 9952.00000 8934.57381  10.2%     -    3s
     0     2 8934.57381    0  244 9952.00000 8934.57381  10.2%     -    4s
     1     4 8934.79251    1  231 9952.00000 8934.58729  10.2%   262    5s
H   31    36                    9916.0000000 8938.92901  9.85%   440    5s
H  158   164                    9550.0000000 8938.92901  6.40%   169    6s
H  185   166                    9350.0000000 8938.92901  4.40%   158    6s
H  222   174                    9314.0000000 8941.00734  4.00%   152    7s
H  423   307                    9234.0000000 8941.46217  3.17%   127    9s
   425   310 9084.58315   17   73 9234.00000 8941.46217  3.17%   127   10s
  1665   910     cutoff   24      9234.00000 8967.84000  2.88%  82.7   15s
  1723   943 8995.29114    7  327 9234.00000 8967.84000  2.88%  81.6   20s
  1893  1062 8978.99183   23  146 9234.00000 8967.84000  2.88%   111   25s
  2759  1252 9067.70330   37   31 9234.00000 8967.84000  2.88%   110   30s
H 3500  1191                    9133.0000000 8970.86615  1.78%   107   32s
  4089  1205 9023.74207   33  142 9133.00000 8980.35548  1.67%   111   35s
  5383  1368 9113.08012   30  128 9133.00000 8988.62055  1.58%   109   40s
  6294  1547 9103.26667   35   88 9133.00000 8999.42980  1.46%   109   45s
  6942  1721 infeasible   28      9133.00000 9004.42915  1.41%   109   50s
  8400  1996 9076.44895   25  232 9133.00000 9012.73639  1.32%   109   55s
 10030  2178 9101.09357   29  104 9133.00000 9017.33703  1.27%   110   60s
 11770  2335 9108.25388   25  205 9133.00000 9029.01976  1.14%   110   66s
 13269  2424 9125.30369   27  168 9133.00000 9035.81665  1.06%   110   70s
 15924  4252 9040.38482   42  183 9133.00000 9040.38453  1.01%   100   76s
 17695  5160 9061.27477   60  225 9133.00000 9040.38453  1.01%  95.0   80s
 21071  6443 9040.44803   44  201 9133.00000 9040.38456  1.01%  87.1   85s
 23484  7731 infeasible   42      9133.00000 9040.38460  1.01%  82.9   91s
 25900  8980 9041.45148   58  173 9133.00000 9040.38460  1.01%  80.0   96s
 27848 10032 infeasible   60      9133.00000 9040.38466  1.01%  77.6  100s
 29855 11187 infeasible   54      9133.00000 9040.38468  1.01%  75.7  105s
 31066 11384 infeasible   51      9133.00000 9040.38468  1.01%  74.5  110s
 31801 12383 9040.38478   40  185 9133.00000 9040.38468  1.01%  73.6  115s
 34466 14640 9043.78323   45  138 9133.00000 9040.38468  1.01%  71.4  120s
 38563 16010 9040.46601   42  204 9133.00000 9040.38468  1.01%  68.2  127s
 41183 18065     cutoff   55      9133.00000 9040.38476  1.01%  67.5  132s
 44627 18810 9041.31956   45  152 9133.00000 9040.38476  1.01%  65.2  135s
 47757 20958 9042.39676   47  203 9133.00000 9040.38476  1.01%  64.4  141s
 50476 21629 9119.56219   56  159 9133.00000 9040.38476  1.01%  63.2  145s
 52190 23237 9048.38875   56  186 9133.00000 9040.38476  1.01%  62.9  150s
 55163 24194     cutoff   58      9133.00000 9040.38478  1.01%  61.7  155s
 57760 25373 9109.44080   49  155 9133.00000 9040.38478  1.01%  61.6  160s
 59922 26245 9040.38480   44  183 9133.00000 9040.38478  1.01%  61.5  165s
 62522 27423 9041.20814   43  123 9133.00000 9040.38478  1.01%  61.4  171s
 64611 28468 9044.01151   60  140 9133.00000 9040.38478  1.01%  61.0  176s
 67112 29454 infeasible   49      9133.00000 9040.38478  1.01%  61.1  182s
 68462 29846 9042.00927   49  140 9133.00000 9040.38478  1.01%  61.0  185s
 70737 30778 infeasible   46      9133.00000 9040.38478  1.01%  61.2  191s
 72991 31940 9041.20814   42  123 9133.00000 9040.38478  1.01%  61.2  197s
 75680 33698 9041.38810   50  151 9133.00000 9040.38478  1.01%  61.2  202s
 78406 34518 9040.38489   41  183 9133.00000 9040.38478  1.01%  60.5  206s
 80059 35065 9045.16838   47  220 9133.00000 9040.38478  1.01%  60.6  211s
 82199 35959 9040.55533   41  178 9133.00000 9040.38478  1.01%  60.6  216s
 83569 36295 infeasible   59      9133.00000 9040.38478  1.01%  60.7  222s
 84086 36589 9040.38489   41  183 9133.00000 9040.38478  1.01%  60.7  225s
 86205 37025 9040.38489   43  183 9133.00000 9040.38480  1.01%  61.1  230s
 87766 37640 infeasible   45      9133.00000 9040.38480  1.01%  61.5  236s
 90116 38778     cutoff   75      9133.00000 9040.38480  1.01%  61.9  242s
 91574 39495 9049.49277   57  131 9133.00000 9040.38482  1.01%  61.8  245s
 94291 40593     cutoff   62      9133.00000 9040.38489  1.01%  61.6  251s
 96681 41703 infeasible   52      9133.00000 9040.38489  1.01%  61.2  256s
 99091 42530 9111.08126   48  148 9133.00000 9040.38489  1.01%  61.1  261s
 101642 43545 infeasible   48      9133.00000 9040.38489  1.01%  60.8  266s
 103884 44550 9046.70340   47  182 9133.00000 9040.38489  1.01%  60.7  271s
 106057 45182 infeasible   51      9133.00000 9040.38489  1.01%  60.6  277s
 106927 45713 infeasible   68      9133.00000 9040.38489  1.01%  60.5  280s
 109842 46783 9048.67208   60  136 9133.00000 9040.38489  1.01%  60.3  285s
 112629 47861 9041.32839   48  184 9133.00000 9040.38489  1.01%  60.0  290s
 114543 48696 9041.26900   46  214 9133.00000 9040.38489  1.01%  60.0  295s
 117246 49720 9046.83216   62  127 9133.00000 9040.38489  1.01%  59.8  300s
 119490 50814 9044.65184   57  176 9133.00000 9040.38489  1.01%  59.5  305s
 121508 51697 9041.93307   46  173 9133.00000 9040.38489  1.01%  59.5  311s
 124439 53269 9051.08636   69  105 9133.00000 9040.38489  1.01%  59.2  316s
 127703 54396 infeasible   58      9133.00000 9040.38489  1.01%  58.6  322s
 127814 59280 9041.02110   44  187 9133.00000 9040.38489  1.01%  58.6  344s
 130814 59280 9041.93307   46  173 9133.00000 9040.38489  1.01%  58.4  345s
 141766 61864     cutoff   76      9133.00000 9040.38489  1.01%  57.5  350s
 144379 62256 infeasible   52      9133.00000 9040.38489  1.01%  57.1  355s
 146023 63297 9042.00927   46  144 9133.00000 9040.38489  1.01%  57.1  360s
 148714 64240 9041.54218   51  181 9133.00000 9040.38489  1.01%  56.9  365s
 150922 65114     cutoff   62      9133.00000 9040.38489  1.01%  56.9  370s
 155534 67436     cutoff   64      9133.00000 9040.38489  1.01%  56.5  377s
 157575 68223 infeasible   59      9133.00000 9040.38489  1.01%  56.5  381s
 158852 68799 9040.48975   46  203 9133.00000 9040.38489  1.01%  56.4  385s
 161284 69890 infeasible   57      9133.00000 9040.38489  1.01%  56.3  391s
 164584 71540 9040.38489   45  183 9133.00000 9040.38489  1.01%  56.0  396s
 165443 72254     cutoff   69      9133.00000 9040.38489  1.01%  56.0  400s
 168605 73576     cutoff   70      9133.00000 9040.38489  1.01%  56.0  406s
 172621 75303 infeasible   96      9133.00000 9040.38489  1.01%  55.6  410s
 175017 76230 9042.13277   53  144 9133.00000 9040.38489  1.01%  55.6  415s
 179353 78430 infeasible   52      9133.00000 9040.38489  1.01%  55.2  421s
 181288 79458 9042.00927   52  144 9133.00000 9040.38489  1.01%  55.1  425s
 183607 80205 9048.33562   61  193 9133.00000 9040.38489  1.01%  55.0  431s
 185861 81340 infeasible   46      9133.00000 9040.38489  1.01%  55.0  437s
 188374 81781 9079.94413   56  123 9133.00000 9040.38489  1.01%  55.0  440s
 189993 83779 infeasible   57      9133.00000 9040.38489  1.01%  54.9  445s
 193004 84437 9041.35784   50  184 9133.00000 9040.38489  1.01%  54.6  450s
 194226 84909 infeasible   49      9133.00000 9040.38489  1.01%  54.6  455s
 197478 86332 9041.66048   63  161 9133.00000 9040.38489  1.01%  54.6  462s
 200013 87334     cutoff   67      9133.00000 9040.38489  1.01%  54.5  467s
 202622 89306 9041.79870   57  207 9133.00000 9040.38489  1.01%  54.5  471s
 205673 89853 9048.19838   61  198 9133.00000 9040.38489  1.01%  54.2  475s
 208257 91238 infeasible   55      9133.00000 9040.38489  1.01%  54.1  481s
 211556 92659     cutoff   71      9133.00000 9040.38489  1.01%  53.8  485s
 213224 93678     cutoff   66      9133.00000 9040.38489  1.01%  53.8  491s
 215185 94303 9047.71083   72  179 9133.00000 9040.38489  1.01%  53.8  495s
 217089 95202 9040.84769   45  217 9133.00000 9040.38489  1.01%  53.8  500s
 219343 96755 9043.88763   52  143 9133.00000 9040.38489  1.01%  53.8  505s
 222940 98262 9043.50710   49  183 9133.00000 9040.38489  1.01%  53.7  511s
 225380 99126 9041.20681   47  215 9133.00000 9040.38489  1.01%  53.6  515s
 229584 101082 9046.05627   53  210 9133.00000 9040.38489  1.01%  53.4  522s
 230259 101479 9041.69727   50  184 9133.00000 9040.38489  1.01%  53.4  526s
 232072 102336 infeasible   57      9133.00000 9040.38489  1.01%  53.4  531s
 234268 103350 9043.85078   48  138 9133.00000 9040.38489  1.01%  53.4  535s
 237738 105161 9050.18115   58  174 9133.00000 9040.38489  1.01%  53.1  540s
 240282 106963 9041.46958   54  176 9133.00000 9040.38489  1.01%  53.1  545s
 244336 108094 9040.75086   50  198 9133.00000 9040.38489  1.01%  52.9  550s
 246371 108851 9041.47403   46  193 9133.00000 9040.38489  1.01%  52.9  555s
 248952 110100 9041.04711   56  164 9133.00000 9040.38489  1.01%  52.8  561s
 251999 111600 infeasible   83      9133.00000 9040.38489  1.01%  52.7  565s
 254103 112487 infeasible   51      9133.00000 9040.38489  1.01%  52.7  570s
 257701 114526 9048.21619   58  187 9133.00000 9040.38489  1.01%  52.5  575s
 261523 116330 infeasible   86      9133.00000 9040.38489  1.01%  52.3  582s
 263754 117393 9046.34048   51  213 9133.00000 9040.38489  1.01%  52.3  586s
 267314 119154 9040.54262   52  198 9133.00000 9040.38489  1.01%  52.1  591s
 270249 119943     cutoff   52      9133.00000 9040.38489  1.01%  52.2  597s
 270882 120293 9041.49411   56  175 9133.00000 9040.38489  1.01%  52.1  600s

Cutting planes:
  Learned: 17
  Gomory: 13
  Cover: 355
  MIR: 372
  StrongCG: 23
  Flow cover: 296
  Inf proof: 4
  Network: 3
  RLT: 4
  Relax-and-lift: 32

Explored 271209 nodes (14147872 simplex iterations) in 600.12 seconds (226.32 work units)
Thread count was 12 (of 12 available processors)

Solution count 10: 9133 9234 9314 ... 10412

Time limit reached
Best objective 9.133000000000e+03, best bound 9.041000000000e+03, gap 1.0073%
