
Gurobi 12.0.0 (win64) logging started Thu Feb 26 00:24:57 2026

Set parameter LogFile to value "Storage_orig/Logs/log______Sens_handling_time_1_2026_02_26_00_24_57.log"
Set parameter MIPGap to value 0.01
Set parameter OutputFlag to value 1
Set parameter TimeLimit to value 1000
Gurobi Optimizer version 12.0.0 build v12.0.0rc1 (win64 - Windows 11+.0 (26200.2))

CPU model: Intel(R) Core(TM) i7-9750H CPU @ 2.60GHz, instruction set [SSE2|AVX|AVX2]
Thread count: 6 physical cores, 12 logical processors, using up to 12 threads

Non-default parameters:
TimeLimit  1000
MIPGap  0.01
MIPFocus  2

Optimize a model with 5540 rows, 1032 columns and 14852 nonzeros
Model fingerprint: 0x4ba54a86
Variable types: 24 continuous, 1008 integer (720 binary)
Coefficient statistics:
  Matrix range     [1e+00, 1e+02]
  Objective range  [1e+01, 2e+03]
  Bounds range     [1e+00, 1e+00]
  RHS range        [1e+00, 2e+02]

User MIP start did not produce a new incumbent solution
User MIP start violates constraint R558 by 5.250000000

Found heuristic solution: objective 18900.000000
Presolve removed 3940 rows and 168 columns
Presolve time: 0.02s
Presolved: 1600 rows, 864 columns, 8604 nonzeros
Variable types: 24 continuous, 840 integer (600 binary)
Root relaxation presolve removed 4 rows and 0 columns
Root relaxation presolved: 1596 rows, 864 columns, 8564 nonzeros


Root relaxation: objective 4.977000e+03, 738 iterations, 0.03 seconds (0.03 work units)

    Nodes    |    Current Node    |     Objective Bounds      |     Work
 Expl Unexpl |  Obj  Depth IntInf | Incumbent    BestBd   Gap | It/Node Time

     0     0 4977.00027    0   42 18900.0000 4977.00027  73.7%     -    0s
H    0     0                    16306.000000 4977.00027  69.5%     -    0s
H    0     0                    15808.000000 4977.00027  68.5%     -    0s
H    0     0                    15570.000000 4977.00027  68.0%     -    0s
H    0     0                    12870.000000 4977.00027  61.3%     -    0s
H    0     0                    9912.0000000 4977.00027  49.8%     -    0s
H    0     0                    9512.0000000 4977.77143  47.7%     -    0s
     0     0 4977.77143    0  102 9512.00000 4977.77143  47.7%     -    0s
     0     0 5000.10295    0   61 9512.00000 5000.10295  47.4%     -    0s
     0     0 5000.10295    0   47 9512.00000 5000.10295  47.4%     -    0s
     0     0 5000.10295    0   53 9512.00000 5000.10295  47.4%     -    0s
     0     0 5080.20455    0   81 9512.00000 5080.20455  46.6%     -    0s
     0     0 5083.94476    0   80 9512.00000 5083.94476  46.6%     -    0s
     0     0 5083.94476    0   89 9512.00000 5083.94476  46.6%     -    0s
H    0     0                    9156.0000000 5083.94476  44.5%     -    0s
H    0     0                    9096.0000000 5083.94476  44.1%     -    0s
     0     0 5118.55187    0  163 9096.00000 5118.55187  43.7%     -    0s
     0     0 5126.84644    0  110 9096.00000 5126.84644  43.6%     -    0s
     0     0 5132.53144    0  156 9096.00000 5132.53144  43.6%     -    0s
     0     0 5137.11375    0  196 9096.00000 5137.11375  43.5%     -    0s
     0     0 5138.02896    0  217 9096.00000 5138.02896  43.5%     -    0s
     0     0 5138.02896    0  216 9096.00000 5138.02896  43.5%     -    0s
H    0     0                    8830.0000000 5138.02896  41.8%     -    1s
H    0     0                    8797.0000000 5138.02896  41.6%     -    1s
H    0     0                    8597.0000000 5138.02896  40.2%     -    1s
H    0     0                    8517.0000000 5138.02896  39.7%     -    1s
H    0     0                    8481.0000000 5138.02896  39.4%     -    1s
     0     0 5151.80820    0  202 8481.00000 5151.80820  39.3%     -    1s
H    0     0                    8373.0000000 5152.30909  38.5%     -    2s
H    0     0                    7633.0000000 5152.30909  32.5%     -    2s
H    0     0                    7397.0000000 5152.30909  30.3%     -    2s
H    0     0                    7257.0000000 5152.30909  29.0%     -    2s
H    0     0                    7117.0000000 5152.30909  27.6%     -    2s
     0     0 5152.30909    0  183 7117.00000 5152.30909  27.6%     -    2s
     0     0 5152.30909    0  204 7117.00000 5152.30909  27.6%     -    2s
H    0     0                    7095.0000000 5152.30909  27.4%     -    3s
H    0     0                    6895.0000000 5152.30909  25.3%     -    3s
     0     0 5174.56886    0  262 6895.00000 5174.56886  25.0%     -    3s
     0     0 5175.44038    0  275 6895.00000 5175.44038  24.9%     -    3s
     0     0 5175.55798    0  281 6895.00000 5175.55798  24.9%     -    3s
     0     0 5181.36667    0  205 6895.00000 5181.36667  24.9%     -    3s
     0     0 5181.54915    0  208 6895.00000 5181.54915  24.9%     -    3s
     0     0 5181.86482    0  199 6895.00000 5181.86482  24.8%     -    3s
     0     0 5181.86482    0  219 6895.00000 5181.86482  24.8%     -    3s
     0     0 5183.09200    0  214 6895.00000 5183.09200  24.8%     -    4s
     0     0 5184.00267    0  217 6895.00000 5184.00267  24.8%     -    4s
     0     0 5185.61898    0  254 6895.00000 5185.61898  24.8%     -    4s
     0     0 5185.61898    0  274 6895.00000 5185.61898  24.8%     -    4s
H    0     0                    6840.0000000 5185.61898  24.2%     -    5s
H    0     0                    6635.0000000 5185.61898  21.8%     -    5s
H    0     0                    6591.0000000 5185.61898  21.3%     -    5s
     0     0 5186.44000    0  271 6591.00000 5186.44000  21.3%     -    5s
     0     0 5186.44000    0  196 6591.00000 5186.44000  21.3%     -    5s
     0     2 5186.44000    0  169 6591.00000 5186.44000  21.3%     -    5s
H   33    40                    6555.0000000 5190.76364  20.8%   398    6s
H  203   208                    6499.0000000 5190.76364  20.1%   231    7s
H  204   208                    6495.0000000 5190.76364  20.1%   231    7s
H  236   237                    6435.0000000 5190.76364  19.3%   217    7s
H  320   310                    6295.0000000 5190.76364  17.5%   191    8s
   591   563 5869.77456   56  230 6295.00000 5190.76364  17.5%   157   10s
H  604   561                    6259.0000000 5190.76364  17.1%   156   10s
H 1350  1142                    6155.0000000 5193.60000  15.6%   155   14s
  1515  1243 5975.94561   32  196 6155.00000 5196.86935  15.6%   158   16s
  1523  1248 5490.94760   44  311 6155.00000 5196.86935  15.6%   157   20s
  1542  1261 5319.67771   13  423 6155.00000 5236.11979  14.9%   155   25s
H 1542  1197                    6152.0000000 5236.63262  14.9%   155   25s
  1558  1208 5619.24767   36  376 6152.00000 5242.60220  14.8%   153   30s
  1580  1223 5711.76518   54  401 6152.00000 5242.65593  14.8%   166   35s
  1776  1367 5267.20686   35  130 6152.00000 5242.65593  14.8%   187   40s
  2330  1646 5421.13050   49  137 6152.00000 5242.89903  14.8%   193   45s
  3137  1977 5328.25060   35  192 6152.00000 5253.70626  14.6%   192   50s
  4670  2486 5598.67265   65  185 6152.00000 5255.12367  14.6%   183   55s
  6220  3370 5768.25870   60  137 6152.00000 5265.66667  14.4%   183   60s
  7842  4326     cutoff   56      6152.00000 5279.17675  14.2%   180   65s
  8988  5145 6085.08372   45  210 6152.00000 5287.88340  14.0%   179   70s
 10733  6122 5503.46577   49  208 6152.00000 5304.83822  13.8%   177   75s
 11965  6792 5632.30102   38  262 6152.00000 5317.14014  13.6%   177   80s
 13442  7749 5764.69952   41  142 6152.00000 5328.84734  13.4%   178   85s
 14528  8455 6070.97168   67  173 6152.00000 5334.33312  13.3%   177   90s
 15829  9263 6031.25420   45  179 6152.00000 5342.68043  13.2%   176   95s
 18188 10619 5900.19388   42  195 6152.00000 5355.54498  12.9%   174  101s
 19751 11410 5866.09550   35  218 6152.00000 5360.48461  12.9%   173  105s
 21323 12269 5836.20435   32  207 6152.00000 5363.40875  12.8%   173  110s
 23956 13624 6060.79363   54  141 6152.00000 5369.87658  12.7%   173  116s
 25761 14520     cutoff   45      6152.00000 5375.50030  12.6%   173  122s
 26727 14979 5683.77944   48   74 6152.00000 5377.40128  12.6%   173  125s
 28903 16074 5940.89417   44  222 6152.00000 5384.37326  12.5%   172  130s
 31071 17149 6066.59638   46  105 6152.00000 5392.37109  12.3%   172  137s
 32289 17819 5936.56477   46  116 6152.00000 5395.10000  12.3%   172  140s
 34783 18936 5933.68629   43  167 6152.00000 5401.57848  12.2%   172  146s
 35847 19414 infeasible   59      6152.00000 5403.45787  12.2%   172  150s
 38212 20542 5942.77661   41  191 6152.00000 5410.43320  12.1%   172  158s
 39474 21158 5855.78075   45  227 6152.00000 5414.91939  12.0%   172  161s
 40697 21735     cutoff   51      6152.00000 5419.20815  11.9%   172  165s
 43249 22930 5764.29617   49  181 6152.00000 5425.80822  11.8%   172  172s
 44489 23534 5851.58518   44  167 6152.00000 5428.12235  11.8%   172  175s
 47125 24785 6026.40450   38  147 6152.00000 5435.57137  11.6%   171  182s
 48383 25397 5953.14804   56  147 6152.00000 5438.77991  11.6%   170  186s
 50985 26429 5997.55487   39  147 6152.00000 5442.91175  11.5%   170  192s
 51953 26977 6081.01436   44  231 6152.00000 5443.09759  11.5%   170  196s
 53114 27438 6038.68537   49  167 6152.00000 5446.14069  11.5%   169  200s
 55475 28581 6117.24545   48  158 6152.00000 5451.65348  11.4%   169  207s
 56818 29126 5969.62457   51   93 6152.00000 5454.13118  11.3%   169  210s
 59101 30285 5520.87700   38  230 6152.00000 5457.96730  11.3%   169  217s
 60374 30932 6109.00000   50   97 6152.00000 5460.24076  11.2%   169  220s
*60918 30663              70    6142.0000000 5461.62846  11.1%   169  220s
 62163 31596     cutoff   42      6142.00000 5464.10298  11.0%   169  228s
 63514 32117 5858.69448   59  154 6142.00000 5465.41059  11.0%   168  232s
 64935 32819 5581.91294   50  246 6142.00000 5468.44026  11.0%   168  236s
 67682 33812 5677.89615   43  249 6142.00000 5472.99089  10.9%   167  243s
 68888 34519 6036.36000   43  122 6142.00000 5474.75474  10.9%   167  246s
 71734 35674 5615.26400   49  306 6142.00000 5480.80282  10.8%   166  253s
 72894 36240 5891.74344   49  206 6142.00000 5482.36857  10.7%   165  256s
 74104 36810 6087.83572   58  127 6142.00000 5485.86183  10.7%   165  260s
 76584 38043 6132.33936   57  145 6142.00000 5490.82374  10.6%   165  267s
 77820 38599 6013.02937   52  154 6142.00000 5492.92421  10.6%   165  271s
 79071 39196 infeasible   55      6142.00000 5495.20000  10.5%   165  275s
 81543 40419 5933.91271   53  160 6142.00000 5499.51653  10.5%   165  281s
 82839 40972 6031.62335   53   90 6142.00000 5501.82397  10.4%   165  285s
 85402 42079 5544.98312   44  215 6142.00000 5505.98489  10.4%   165  292s
 86690 42686 5675.45476   49  257 6142.00000 5507.67138  10.3%   164  296s
 88894 43885 5902.59987   59  189 6142.00000 5509.89409  10.3%   164  303s
 90150 44531 5622.98063   42  260 6142.00000 5511.50350  10.3%   164  307s
 91366 45225 5653.67121   51  173 6142.00000 5512.79775  10.2%   164  310s
 93791 46585 5563.27571   51  214 6142.00000 5515.69190  10.2%   164  318s
 95111 47274 5965.35687   60  147 6142.00000 5517.10593  10.2%   164  322s
 96231 47937 5688.06026   57  184 6142.00000 5517.88074  10.2%   163  326s
 98812 49289 5748.83648   56   85 6142.00000 5519.37414  10.1%   163  334s
 100111 49986 6012.21363   59  112 6142.00000 5520.27450  10.1%   163  337s
 101320 50534 5866.25708   48  183 6142.00000 5520.93712  10.1%   163  341s
 103803 51918 5622.01949   50  215 6142.00000 5522.70000  10.1%   163  348s
 104945 52484 5757.94659   63  145 6142.00000 5523.52727  10.1%   163  352s
 106027 53111 5588.19643   53  249 6142.00000 5524.20401  10.1%   163  356s
 108638 54495 5812.00000   46   60 6142.00000 5526.21854  10.0%   163  363s
 109807 55188 5555.15761   41  136 6142.00000 5526.82258  10.0%   162  367s
 110931 55811 5649.93403   54  235 6142.00000 5527.44245  10.0%   162  371s
 113548 57069 5720.19137   46  300 6142.00000 5528.70117  10.0%   162  377s
 114615 57765 5670.81288   47  191 6142.00000 5529.00000  10.0%   162  381s
 115755 58444 5775.69564   48  157 6142.00000 5529.07301  10.0%   162  385s
 118058 59666 5584.40466   47  151 6142.00000 5529.99356  10.0%   162  392s
 119243 60337 5702.06586   52  153 6142.00000 5530.72566  10.0%   162  396s
 120544 61037 5982.96048   57  121 6142.00000 5531.18469  9.94%   162  400s
 123098 62333 5638.44986   41  210 6142.00000 5531.83737  9.93%   161  407s
 124349 62911 5798.49752   51  172 6142.00000 5532.33411  9.93%   161  411s
 126477 64194 5732.58979   55  139 6142.00000 5533.37890  9.91%   161  418s
 127660 64816 5846.04210   58  149 6142.00000 5533.91071  9.90%   161  422s
 128849 65475 5555.00832   43  226 6142.00000 5534.43361  9.89%   161  426s
 131166 66640 5721.53880   46   52 6142.00000 5535.44871  9.88%   161  433s
 132326 67394 5993.14833   55  173 6142.00000 5536.00310  9.87%   161  437s
 133720 68106 6104.15866   61  164 6142.00000 5536.07850  9.87%   161  441s
 135140 68607     cutoff   48      6142.00000 5536.73373  9.85%   161  445s
 137522 69810 5680.27194   42  174 6142.00000 5537.85604  9.84%   161  453s
 138475 70459 5893.26885   56  155 6142.00000 5538.32290  9.83%   160  458s
 139810 71132 5632.87668   47  191 6142.00000 5538.66667  9.82%   160  461s
 141088 71792 5630.34524   43  152 6142.00000 5539.25773  9.81%   160  465s
 142363 72572 5868.95313   62  189 6142.00000 5539.25773  9.81%   160  470s
 144721 73800 6086.71838   42  234 6142.00000 5540.42791  9.79%   160  477s
 145912 74501 5555.07754   49  299 6142.00000 5540.80249  9.79%   160  481s
 147213 75152 6094.27063   53  231 6142.00000 5541.20165  9.78%   160  485s
 149808 76365 5798.66013   57  236 6142.00000 5541.85105  9.77%   160  492s
 150949 76986 5593.09674   53  190 6142.00000 5542.23867  9.76%   160  495s
 152174 77607 5850.65125   60  108 6142.00000 5542.67951  9.76%   160  500s
 154403 78673 5758.75091   53  177 6142.00000 5543.42239  9.75%   159  507s
 155746 79260     cutoff   52      6142.00000 5543.70947  9.74%   159  510s
 158211 80378 5711.00000   47   65 6142.00000 5544.59913  9.73%   159  517s
 159294 81075 5644.47976   46  251 6142.00000 5544.87092  9.72%   159  521s
 161870 82247 5916.00000   66   98 6142.00000 5545.58679  9.71%   159  529s
 162789 82884 6070.99589   82   69 6142.00000 5545.84658  9.71%   159  533s
 164037 83552     cutoff   68      6142.00000 5546.25561  9.70%   159  536s
 165310 84141 5955.13111   65  139 6142.00000 5546.49373  9.70%   158  540s
 167046 85396 5649.08354   47  197 6142.00000 5547.31385  9.68%   158  549s
 168795 86130 5617.99153   44   95 6142.00000 5547.72930  9.68%   158  553s
 170179 86858 5626.00000   48   45 6142.00000 5548.02871  9.67%   158  558s
 171554 87529 5700.46528   52  169 6142.00000 5548.49469  9.66%   158  562s
 172870 88171 5674.66716   54  147 6142.00000 5548.82335  9.66%   158  565s
 175526 89489 5676.32654   49  249 6142.00000 5549.51376  9.65%   158  573s
 176791 90148 5734.51560   45   97 6142.00000 5549.97430  9.64%   157  577s
 178040 90979 5788.53964   44   83 6142.00000 5550.32500  9.63%   157  581s
 180812 92153 5934.79543   59  153 6142.00000 5550.93863  9.62%   157  588s
 182038 92744     cutoff   75      6142.00000 5551.25758  9.62%   157  592s
 183278 93140 5779.07393   53  212 6142.00000 5551.56612  9.61%   157  596s
 184092 94064 5946.82917   49  207 6142.00000 5551.78867  9.61%   157  601s
 185940 94403 5776.74776   49  159 6142.00000 5552.22402  9.60%   157  607s
 186543 95262 5863.98805   68  126 6142.00000 5552.22402  9.60%   157  611s
 188123 95919 5847.06034   53  153 6142.00000 5552.69595  9.59%   156  616s
 189630 96701 5983.95475   75  204 6142.00000 5553.16496  9.59%   156  620s
 192595 98031 5619.00505   46  217 6142.00000 5553.95000  9.57%   156  628s
 193807 98621 5832.78330   65  241 6142.00000 5554.17723  9.57%   156  632s
 195136 99329 5650.96439   42  193 6142.00000 5554.68845  9.56%   156  636s
 196465 99927 5996.79302   56  128 6142.00000 5554.91651  9.56%   156  640s
 198972 101288 5939.00000   49   81 6142.00000 5555.74070  9.55%   155  648s
 200342 101871 5633.29344   55  108 6142.00000 5556.00879  9.54%   155  652s
 201370 102497 5745.57171   52  165 6142.00000 5556.23028  9.54%   155  655s
 203860 104049 5679.38923   52  268 6142.00000 5556.87557  9.53%   155  664s
 205095 104739     cutoff   47      6142.00000 5557.09404  9.52%   155  668s
 206356 105321     cutoff   69      6142.00000 5557.26933  9.52%   155  672s
 207449 106108 5914.80367   55  157 6142.00000 5557.48671  9.52%   155  676s
 208769 106848 5670.38879   46  279 6142.00000 5558.00305  9.51%   155  680s
 211336 108098 5878.56694   57  208 6142.00000 5558.54041  9.50%   155  687s
 212393 108779 5835.04571   53  169 6142.00000 5558.74100  9.50%   155  691s
 213702 109392 5989.73288   53  138 6142.00000 5559.10853  9.49%   155  696s
 216182 110722 5752.64418   49  312 6142.00000 5559.56286  9.48%   155  703s
 217408 111390 6121.46924   64  102 6142.00000 5559.78724  9.48%   155  707s
 218648 112086     cutoff   44      6142.00000 5560.17742  9.47%   155  711s
 219933 112781     cutoff   71      6142.00000 5560.48777  9.47%   154  715s
 222282 113982     cutoff   42      6142.00000 5561.11685  9.46%   154  721s
 223460 114589 5630.01315   44  274 6142.00000 5561.49328  9.45%   154  726s
 224623 115216 6031.46809   54  112 6142.00000 5561.89011  9.44%   154  730s
 227137 116428 5977.88033   55  127 6142.00000 5562.64498  9.43%   154  737s
 228356 116995 5869.18830   63   70 6142.00000 5562.83864  9.43%   154  742s
 229495 117611 5642.88244   53  201 6142.00000 5563.14898  9.42%   154  745s
 231893 118825 5664.87453   44  227 6142.00000 5563.77333  9.41%   154  753s
 233106 119475 5644.72564   48  291 6142.00000 5564.00256  9.41%   154  757s
 234346 120020 5853.87936   59  204 6142.00000 5564.33289  9.41%   154  761s
 236037 120678 5779.81761   48  189 6142.00000 5564.55722  9.40%   154  765s
 238016 121928 5765.90743   54  223 6142.00000 5565.09211  9.39%   154  773s
 239189 122484 6012.94500   64  100 6142.00000 5565.36130  9.39%   154  776s
 240480 123076 5713.24344   47   91 6142.00000 5565.36723  9.39%   154  780s
 242839 124067 5840.47778   48  200 6142.00000 5565.94534  9.38%   154  788s
 244024 124444 5793.95735   46  157 6142.00000 5566.27734  9.37%   154  792s
 244994 125139     cutoff   54      6142.00000 5566.43628  9.37%   154  796s
 246335 125903 5722.26287   55  242 6142.00000 5566.76093  9.37%   154  801s
 248951 127228 5653.90342   52  215 6142.00000 5567.16949  9.36%   154  808s
 250191 127826 5804.07602   60  138 6142.00000 5567.51429  9.35%   153  812s
 251271 128580 6005.23989   53   85 6142.00000 5567.68569  9.35%   153  816s
 252562 129261 5670.94691   51  270 6142.00000 5567.98058  9.35%   153  821s
 253834 129775 5888.13249   43  143 6142.00000 5568.19086  9.34%   153  825s
 256132 130975 5908.93602   54  237 6142.00000 5568.65217  9.33%   153  833s
 257323 131420     cutoff   74      6142.00000 5568.98534  9.33%   153  837s
 258399 131978 6119.54777   61  164 6142.00000 5569.23723  9.33%   153  841s
 259668 132499 5889.93054   57  161 6142.00000 5569.72267  9.32%   153  846s
 260928 133161 5617.28885   42  200 6142.00000 5570.02074  9.31%   153  850s
 263566 134441 5758.37252   54  128 6142.00000 5570.56082  9.30%   153  858s
 264655 135208 5728.10677   47  190 6142.00000 5570.82617  9.30%   153  862s
 266046 135810 infeasible   54      6142.00000 5571.18406  9.29%   153  866s
 268614 136934     cutoff   52      6142.00000 5571.81808  9.28%   153  874s
 269872 137421 5664.02006   54  203 6142.00000 5571.97324  9.28%   153  878s
 271050 138044 5640.89757   45  191 6142.00000 5572.32781  9.28%   153  881s
 272328 138525 6028.45455   42  132 6142.00000 5572.68397  9.27%   152  886s
 273413 139114 5866.02888   54  240 6142.00000 5572.87786  9.27%   152  890s
 275832 140403 5636.81299   46  120 6142.00000 5573.52427  9.26%   152  897s
 277022 140895 5678.31206   46  213 6142.00000 5573.81646  9.25%   152  901s
 278090 141482 5792.38027   48  181 6142.00000 5574.00273  9.25%   152  905s
 280452 142735 5681.31298   56  231 6142.00000 5574.68696  9.24%   152  913s
 281703 143503 5813.46935   53  170 6142.00000 5575.00637  9.23%   152  917s
 283046 144060 5979.94953   59  186 6142.00000 5575.28419  9.23%   152  922s
 284158 144721 6016.41759   52  194 6142.00000 5575.54187  9.22%   152  926s
 285499 145290 5591.69012   49  255 6142.00000 5575.91053  9.22%   152  930s
 287983 146453 5789.55308   51  192 6142.00000 5576.47211  9.21%   152  938s
 289214 146985 5690.19128   46  229 6142.00000 5576.89601  9.20%   152  942s
 290350 147506 5590.86182   57  283 6142.00000 5577.07810  9.20%   152  946s
 291589 148069 5671.98559   53  197 6142.00000 5577.30671  9.19%   152  950s
 294093 149142 6038.50000   56  115 6142.00000 5577.75263  9.19%   152  957s
 295202 149693 5971.32142   62  156 6142.00000 5577.99913  9.18%   152  961s
 296444 150067 6038.26974   61  198 6142.00000 5578.23415  9.18%   151  967s
 297017 150695 5746.91465   57  209 6142.00000 5578.34827  9.18%   151  971s
 298322 151451 5854.75723   54  130 6142.00000 5578.75023  9.17%   151  975s
 301197 152707 5828.34116   53  235 6142.00000 5579.37485  9.16%   151  983s
 302507 153187 6097.87795   70  147 6142.00000 5579.68727  9.16%   151  987s
 303640 153754 5827.09796   58  169 6142.00000 5579.84375  9.15%   151  991s
 304935 154400 5936.55631   53  155 6142.00000 5580.12777  9.15%   151  996s
 306263 154998 infeasible   63      6142.00000 5580.56572  9.14%   151 1000s

Cutting planes:
  Learned: 461
  Gomory: 19
  Cover: 2163
  Implied bound: 143
  Projected implied bound: 3
  MIR: 448
  StrongCG: 57
  Flow cover: 658
  Inf proof: 17
  Zero half: 15
  Mod-K: 1
  Network: 2
  Relax-and-lift: 50

Explored 307481 nodes (46458708 simplex iterations) in 1000.07 seconds (530.13 work units)
Thread count was 12 (of 12 available processors)

Solution count 10: 6142 6152 6155 ... 6591

Time limit reached
Best objective 6.142000000000e+03, best bound 5.581000000000e+03, gap 9.1338%
