
Gurobi 12.0.0 (win64) logging started Wed Feb 18 23:03:15 2026

Set parameter LogFile to value "Storage_orig/Logs/log______Sens_handling_time_1_2026_02_18_23_03_15.log"
Set parameter MIPGap to value 0.01
Set parameter OutputFlag to value 1
Set parameter TimeLimit to value 600
Gurobi Optimizer version 12.0.0 build v12.0.0rc1 (win64 - Windows 11+.0 (26200.2))

CPU model: Intel(R) Core(TM) i7-9750H CPU @ 2.60GHz, instruction set [SSE2|AVX|AVX2]
Thread count: 6 physical cores, 12 logical processors, using up to 12 threads

Non-default parameters:
TimeLimit  600
MIPGap  0.01
MIPFocus  2

Optimize a model with 4170 rows, 840 columns and 11004 nonzeros
Model fingerprint: 0x8fa848d3
Variable types: 18 continuous, 822 integer (570 binary)
Coefficient statistics:
  Matrix range     [1e+00, 1e+03]
  Objective range  [1e+01, 2e+03]
  Bounds range     [1e+00, 1e+00]
  RHS range        [1e+00, 1e+03]

User MIP start did not produce a new incumbent solution
User MIP start violates constraint Time_LB_1_4_1 by 4.000000000

Found heuristic solution: objective 18900.000000
Presolve removed 2940 rows and 192 columns
Presolve time: 0.02s
Presolved: 1230 rows, 648 columns, 6453 nonzeros
Variable types: 18 continuous, 630 integer (450 binary)
Root relaxation presolve removed 3 rows and 0 columns
Root relaxation presolved: 1227 rows, 648 columns, 6423 nonzeros


Root relaxation: objective 5.467500e+03, 475 iterations, 0.02 seconds (0.02 work units)

    Nodes    |    Current Node    |     Objective Bounds      |     Work
 Expl Unexpl |  Obj  Depth IntInf | Incumbent    BestBd   Gap | It/Node Time

     0     0 5467.50003    0   35 18900.0000 5467.50003  71.1%     -    0s
H    0     0                    16526.000000 5467.50003  66.9%     -    0s
H    0     0                    13386.000000 5467.50003  59.2%     -    0s
H    0     0                    12706.000000 5467.50003  57.0%     -    0s
H    0     0                    12366.000000 5467.50003  55.8%     -    0s
     0     0 5468.00013    0  104 12366.0000 5468.00013  55.8%     -    0s
     0     0 5468.14286    0   70 12366.0000 5468.14286  55.8%     -    0s
     0     0 5500.51277    0  150 12366.0000 5500.51277  55.5%     -    0s
H    0     0                    10891.000000 5520.40851  49.3%     -    0s
H    0     0                    10491.000000 5520.40851  47.4%     -    0s
H    0     0                    10091.000000 5520.40851  45.3%     -    0s
H    0     0                    10011.000000 5520.40851  44.9%     -    0s
H    0     0                    9871.0000000 5520.40851  44.1%     -    0s
     0     0 5520.40851    0  147 9871.00000 5520.40851  44.1%     -    0s
     0     0 5525.54112    0  166 9871.00000 5525.54112  44.0%     -    0s
     0     0 5526.71145    0  170 9871.00000 5526.71145  44.0%     -    0s
     0     0 5526.98256    0  176 9871.00000 5526.98256  44.0%     -    0s
     0     0 5527.00778    0  178 9871.00000 5527.00778  44.0%     -    0s
     0     0 5527.12408    0  172 9871.00000 5527.12408  44.0%     -    0s
H    0     0                    9631.0000000 5527.20391  42.6%     -    0s
     0     0 5527.20391    0  178 9631.00000 5527.20391  42.6%     -    0s
     0     0 5527.22461    0  178 9631.00000 5527.22461  42.6%     -    0s
     0     0 5527.23812    0  182 9631.00000 5527.23812  42.6%     -    0s
     0     0 5527.23812    0  184 9631.00000 5527.23812  42.6%     -    0s
H    0     0                    9355.0000000 5527.23812  40.9%     -    0s
H    0     0                    9175.0000000 5527.23812  39.8%     -    0s
H    0     0                    8995.0000000 5527.23812  38.6%     -    0s
H    0     0                    8399.0000000 5650.80889  32.7%     -    0s
H    0     0                    8259.0000000 5650.80889  31.6%     -    0s
     0     0 5650.80889    0  252 8259.00000 5650.80889  31.6%     -    0s
     0     0 5674.22904    0  226 8259.00000 5674.22904  31.3%     -    0s
     0     0 5674.84375    0  199 8259.00000 5674.84375  31.3%     -    0s
     0     0 5677.03214    0  226 8259.00000 5677.03214  31.3%     -    0s
     0     0 5677.03214    0  200 8259.00000 5677.03214  31.3%     -    0s
H    0     0                    7890.0000000 5677.03214  28.0%     -    1s
H    0     0                    7830.0000000 5677.03214  27.5%     -    1s
H    0     0                    7770.0000000 5677.03214  26.9%     -    1s
H    0     0                    7630.0000000 5677.03214  25.6%     -    1s
     0     0 5682.40732    0  197 7630.00000 5682.40732  25.5%     -    1s
     0     0 5682.40732    0  224 7630.00000 5682.40732  25.5%     -    1s
     0     0 5688.50296    0  266 7630.00000 5688.50296  25.4%     -    1s
     0     0 5690.74026    0  293 7630.00000 5690.74026  25.4%     -    1s
     0     0 5690.80723    0  311 7630.00000 5690.80723  25.4%     -    1s
     0     0 5691.70352    0  375 7630.00000 5691.70352  25.4%     -    1s
H    0     0                    7490.0000000 5692.48844  24.0%     -    1s
     0     0 5692.48844    0  345 7490.00000 5692.48844  24.0%     -    1s
H    0     0                    7430.0000000 5692.48844  23.4%     -    2s
H    0     0                    7350.0000000 5692.48844  22.6%     -    2s
H    0     0                    7270.0000000 5692.48844  21.7%     -    2s
     0     0 5692.72973    0  336 7270.00000 5692.72973  21.7%     -    2s
     0     0 5694.00000    0  331 7270.00000 5694.00000  21.7%     -    2s
     0     0 5694.00000    0  346 7270.00000 5694.00000  21.7%     -    2s
H    0     0                    7130.0000000 5694.00000  20.1%     -    2s
     0     0 5694.40505    0  354 7130.00000 5694.40505  20.1%     -    2s
     0     0 5694.40505    0  265 7130.00000 5694.40505  20.1%     -    2s
H    0     0                    7050.0000000 5694.40505  19.2%     -    2s
     0     2 5694.40505    0  226 7050.00000 5694.40505  19.2%     -    2s
H   31    40                    6951.0000000 5697.90347  18.0%   333    3s
H  137   147                    6811.0000000 5697.90347  16.3%   172    3s
H  208   203                    6671.0000000 5704.40000  14.5%   149    3s
   534   502 5740.87853   15  135 6671.00000 5705.00000  14.5%   113    5s
H  927   776                    6611.0000000 5706.69444  13.7%   109    6s
H 1359  1106                    6471.0000000 5711.23930  11.7%  99.5    6s
H 1520  1125                    6411.0000000 5712.60368  10.9%  97.2    8s
  1533  1133 6133.92672   33  380 6411.00000 5712.60368  10.9%  96.4   10s
  2003  1423 6192.13362   40  151 6411.00000 5712.60368  10.9%   129   15s
  3771  2080 6345.31049   63  142 6411.00000 5718.11781  10.8%   135   20s
  5692  2981 6229.18252   45  116 6411.00000 5726.88295  10.7%   137   25s
  7655  4196 6235.21766   54  148 6411.00000 5730.58998  10.6%   141   30s
 10377  5710     cutoff   45      6411.00000 5736.66463  10.5%   135   35s
 12857  7026 6015.48968   38  204 6411.00000 5742.33744  10.4%   135   40s
 14852  8043 6268.11246   48   79 6411.00000 5746.09511  10.4%   139   45s
 17182  9540 5880.64080   32  246 6411.00000 5750.46674  10.3%   137   50s
 20176 11304 infeasible   56      6411.00000 5755.90279  10.2%   139   56s
 22868 12739 6226.05064   40  163 6411.00000 5760.57852  10.1%   138   60s
 24361 13692 6026.50732   49  198 6411.00000 5763.59423  10.1%   138   66s
 26367 14982 6021.78854   41  143 6411.00000 5770.61426  10.0%   139   70s
 29817 16770 6375.99593   40   82 6411.00000 5782.54541  9.80%   138   76s
 32100 18051 5969.87937   35  140 6411.00000 5789.78162  9.69%   139   80s
 34582 19371 5919.91311   30  176 6411.00000 5795.91962  9.59%   140   85s
 37094 20706 6035.54955   35  132 6411.00000 5800.17588  9.53%   140   90s
 40628 22552 6273.11317   57  160 6411.00000 5803.38875  9.48%   140   96s
 43020 23852 6038.05374   47  176 6411.00000 5806.00000  9.44%   140  101s
 45413 25109 6108.81987   38  243 6411.00000 5808.71691  9.39%   141  106s
 47730 26138 5923.49743   36  227 6411.00000 5810.87411  9.36%   142  110s

Cutting planes:
  Learned: 49
  Gomory: 10
  Cover: 715
  Implied bound: 35
  MIR: 252
  StrongCG: 37
  Flow cover: 426
  Inf proof: 4
  Zero half: 32
  Network: 4
  RLT: 11
  Relax-and-lift: 21

Explored 48720 nodes (6920530 simplex iterations) in 110.57 seconds (70.02 work units)
Thread count was 12 (of 12 available processors)

Solution count 10: 6411 6471 6611 ... 7350

Solve interrupted
Best objective 6.411000000000e+03, best bound 5.812000000000e+03, gap 9.3433%
