
Gurobi 12.0.0 (win64) logging started Sun Feb 15 19:55:20 2026

Set parameter LogFile to value "Storage_orig/Logs/log______Sens_handling_time_1_2026_02_15_19_55_20.log"
Set parameter MIPGap to value 0.01
Set parameter OutputFlag to value 1
Set parameter TimeLimit to value 600
Gurobi Optimizer version 12.0.0 build v12.0.0rc1 (win64 - Windows 11+.0 (26200.2))

CPU model: Intel(R) Core(TM) i7-9750H CPU @ 2.60GHz, instruction set [SSE2|AVX|AVX2]
Thread count: 6 physical cores, 12 logical processors, using up to 12 threads

Non-default parameters:
TimeLimit  600
MIPGap  0.01
MIPFocus  1

Optimize a model with 4170 rows, 840 columns and 11004 nonzeros
Model fingerprint: 0xffcc78e6
Variable types: 18 continuous, 822 integer (570 binary)
Coefficient statistics:
  Matrix range     [1e+00, 1e+03]
  Objective range  [1e+01, 2e+03]
  Bounds range     [1e+00, 1e+00]
  RHS range        [1e+00, 1e+03]
Found heuristic solution: objective 18900.000000
Presolve removed 2940 rows and 192 columns
Presolve time: 0.05s
Presolved: 1230 rows, 648 columns, 6453 nonzeros
Variable types: 18 continuous, 630 integer (450 binary)

Root relaxation: objective 5.467500e+03, 407 iterations, 0.03 seconds (0.01 work units)

    Nodes    |    Current Node    |     Objective Bounds      |     Work
 Expl Unexpl |  Obj  Depth IntInf | Incumbent    BestBd   Gap | It/Node Time

     0     0 5467.50003    0   37 18900.0000 5467.50003  71.1%     -    0s
H    0     0                    15024.000000 5467.50003  63.6%     -    0s
H    0     0                    14684.000000 5467.50003  62.8%     -    0s
H    0     0                    13006.000000 5467.50003  58.0%     -    0s
H    0     0                    12926.000000 5468.00013  57.7%     -    0s
     0     0 5468.00013    0   71 12926.0000 5468.00013  57.7%     -    0s
H    0     0                    12831.000000 5468.45458  57.4%     -    0s
H    0     0                    12291.000000 5468.45458  55.5%     -    0s
H    0     0                    12011.000000 5468.45458  54.5%     -    0s
     0     0 5468.45458    0   56 12011.0000 5468.45458  54.5%     -    0s
     0     0 5485.37348    0   38 12011.0000 5485.37348  54.3%     -    0s
     0     0 5485.37348    0   50 12011.0000 5485.37348  54.3%     -    0s
     0     0 5549.41254    0   72 12011.0000 5549.41254  53.8%     -    0s
     0     0 5552.39649    0   98 12011.0000 5552.39649  53.8%     -    0s
H    0     0                    10987.000000 5555.98707  49.4%     -    0s
     0     0 5555.98707    0  113 10987.0000 5555.98707  49.4%     -    0s
     0     0 5556.37024    0  113 10987.0000 5556.37024  49.4%     -    0s
     0     0 5560.58549    0  115 10987.0000 5560.58549  49.4%     -    0s
     0     0 5561.03505    0  124 10987.0000 5561.03505  49.4%     -    0s
     0     0 5561.07124    0  114 10987.0000 5561.07124  49.4%     -    0s
     0     0 5561.07124    0  116 10987.0000 5561.07124  49.4%     -    0s
H    0     0                    10847.000000 5561.07124  48.7%     -    1s
H    0     0                    10554.000000 5593.13997  47.0%     -    1s
     0     0 5593.13997    0  149 10554.0000 5593.13997  47.0%     -    1s
H    0     0                    10294.000000 5593.13997  45.7%     -    1s
H    0     0                    10147.000000 5608.55075  44.7%     -    1s
H    0     0                    9658.0000000 5608.55075  41.9%     -    1s
H    0     0                    9118.0000000 5608.55075  38.5%     -    1s
     0     0 5608.55075    0  153 9118.00000 5608.55075  38.5%     -    1s
     0     0 5610.21150    0  162 9118.00000 5610.21150  38.5%     -    1s
     0     0 5611.57302    0  157 9118.00000 5611.57302  38.5%     -    1s
H    0     0                    9058.0000000 5612.25472  38.0%     -    1s
H    0     0                    8658.0000000 5612.25472  35.2%     -    1s
     0     0 5612.25472    0  175 8658.00000 5612.25472  35.2%     -    1s
H    0     0                    8518.0000000 5614.13132  34.1%     -    1s
H    0     0                    8438.0000000 5614.13132  33.5%     -    1s
     0     0 5614.13132    0  192 8438.00000 5614.13132  33.5%     -    1s
     0     0 5624.21195    0  209 8438.00000 5624.21195  33.3%     -    1s
     0     0 5626.22100    0  218 8438.00000 5626.22100  33.3%     -    1s
     0     0 5630.24863    0  195 8438.00000 5630.24863  33.3%     -    1s
     0     0 5640.27857    0  200 8438.00000 5640.27857  33.2%     -    1s
     0     0 5640.55245    0  222 8438.00000 5640.55245  33.2%     -    1s
     0     0 5642.89766    0  219 8438.00000 5642.89766  33.1%     -    1s
H    0     0                    8399.0000000 5645.66688  32.8%     -    1s
H    0     0                    8298.0000000 5645.66688  32.0%     -    1s
H    0     0                    8259.0000000 5645.66688  31.6%     -    1s
     0     0 5645.66688    0  204 8259.00000 5645.66688  31.6%     -    1s
H    0     0                    8119.0000000 5645.99646  30.5%     -    1s
     0     0 5645.99646    0  218 8119.00000 5645.99646  30.5%     -    1s
     0     0 5646.09240    0  223 8119.00000 5646.09240  30.5%     -    1s
     0     0 5648.01993    0  166 8119.00000 5648.01993  30.4%     -    1s
     0     0 5648.21359    0  174 8119.00000 5648.21359  30.4%     -    1s
     0     0 5648.21555    0  179 8119.00000 5648.21555  30.4%     -    1s
H    0     0                    7792.0000000 5669.38761  27.2%     -    2s
H    0     0                    7592.0000000 5669.38761  25.3%     -    2s
     0     0 5669.38761    0  178 7592.00000 5669.38761  25.3%     -    2s
     0     0 5672.64702    0  222 7592.00000 5672.64702  25.3%     -    2s
     0     0 5675.14423    0  202 7592.00000 5675.14423  25.2%     -    2s
     0     0 5675.80459    0  226 7592.00000 5675.80459  25.2%     -    2s
     0     0 5675.94417    0  238 7592.00000 5675.94417  25.2%     -    2s
     0     0 5675.94417    0  259 7592.00000 5675.94417  25.2%     -    2s
H    0     0                    7452.0000000 5675.94417  23.8%     -    2s
H    0     0                    7392.0000000 5675.94417  23.2%     -    2s
H    0     0                    7252.0000000 5675.94417  21.7%     -    2s
     0     0 5678.66588    0  197 7252.00000 5678.66588  21.7%     -    2s
H    0     0                    7172.0000000 5678.66588  20.8%     -    3s
H    0     0                    7112.0000000 5678.66588  20.2%     -    3s
     0     2 5678.66588    0  179 7112.00000 5678.66588  20.2%     -    3s
H   78    81                    6832.0000000 5678.83629  16.9%   155    4s
   106   113 5701.35806   22   56 6832.00000 5678.83629  16.9%   127    5s
H  272   289                    6796.0000000 5679.53864  16.4%  73.6    6s
H  300   293                    6760.0000000 5679.53864  16.0%  75.7    6s
H  402   365                    6721.0000000 5679.80077  15.5%  74.3    6s
H  448   411                    6682.0000000 5680.02486  15.0%  74.4    7s
H  566   498                    6562.0000000 5680.39619  13.4%  68.7    7s
H  586   559                    6422.0000000 5680.39619  11.5%  67.1    7s
H  640   592                    6282.0000000 5680.39619  9.58%  65.4    8s
H  707   585                    6202.0000000 5680.39619  8.41%  64.3    8s
H  855   674                    6101.0000000 5680.39619  6.89%  63.5    9s
   861   759 5882.44876   26   88 6101.00000 5680.39619  6.89%  63.7   10s
H 1086   857                    6080.0000000 5681.43075  6.56%  62.6   12s
H 1239   935                    6000.0000000 5681.43075  5.31%  60.0   12s
  1603  1174 5701.22857   11  171 6000.00000 5681.44187  5.31%  54.5   15s
  1651  1211 5682.43333   14  181 6000.00000 5681.75000  5.30%  66.2   20s
  2190  1573 5831.48944   35   90 6000.00000 5682.49647  5.29%  78.2   25s
  2795  1736     cutoff   62      6000.00000 5684.61477  5.26%  78.2   30s
  4503  2299 5846.83451   55   88 6000.00000 5696.61853  5.06%  71.7   35s
  8098  4154 5722.67169   34  163 6000.00000 5715.46749  4.74%  65.6   40s
 11940  6781 5816.75000   23   56 6000.00000 5718.74441  4.69%  61.6   45s
 16212  9350     cutoff   43      6000.00000 5720.77835  4.65%  57.1   50s
 20148 11967 5824.46494   50  113 6000.00000 5722.05819  4.63%  55.0   56s
 23590 13549 5813.80597   40  120 6000.00000 5722.60919  4.62%  53.8   60s
 27560 16047 5830.41027   48  144 6000.00000 5723.04105  4.62%  53.0   65s
 31200 18143 5820.86605   33  139 6000.00000 5723.56610  4.61%  52.0   70s
 34570 20476 5849.23372   69  160 6000.00000 5723.87109  4.60%  51.6   75s
 38257 22269 5819.87880   36   84 6000.00000 5724.39724  4.59%  51.5   80s
 41969 24293 5909.84733   25  138 6000.00000 5724.75882  4.59%  51.8   85s
 45828 26068 5820.67060   38  105 6000.00000 5725.37257  4.58%  51.9   90s
 48530 28072 5748.58840   38  193 6000.00000 5725.72066  4.57%  51.6   95s
 52171 30889 5792.72995   47   65 6000.00000 5725.97913  4.57%  51.4  100s
 57563 33541 5821.57579   45  178 6000.00000 5726.14813  4.56%  50.2  105s
 62212 36245 5925.11805   52  133 6000.00000 5726.28439  4.56%  49.9  110s
 66339 38757 5759.65599   39   97 6000.00000 5726.48217  4.56%  49.8  115s
 71460 41212 5728.25895   33   93 6000.00000 5726.71083  4.55%  49.5  120s
 74422 43484 5871.32074   33  209 6000.00000 5726.78337  4.55%  49.5  125s
 79316 45338 5960.30907   57   67 6000.00000 5726.96621  4.55%  49.2  130s
 81224 46812 5729.54942   34  165 6000.00000 5727.06503  4.55%  49.4  135s
 85376 49762 5916.08350   43  115 6000.00000 5727.25224  4.55%  49.3  140s
 91074 52712 5729.60134   31  248 6000.00000 5727.36152  4.54%  48.9  146s
 93249 54246 5831.57508   49  157 6000.00000 5727.51058  4.54%  49.1  150s
 98586 56838 5910.92564   48  130 6000.00000 5727.54682  4.54%  48.8  155s
 103365 59809 5889.86667   53   63 6000.00000 5727.71109  4.54%  48.8  161s
 107188 61667 5727.95870   30  118 6000.00000 5727.86993  4.54%  48.8  165s
 108968 62657 5932.83233   39  152 6000.00000 5727.90939  4.53%  48.8  170s
 112621 64863     cutoff   61      6000.00000 5728.00547  4.53%  48.9  175s
 115201 65989     cutoff   56      6000.00000 5728.06178  4.53%  49.2  181s
 118224 67356 5856.50000   47   74 6000.00000 5728.11173  4.53%  49.3  185s
 123233 69919 5753.17168   38  139 6000.00000 5728.35827  4.53%  49.2  190s
 127274 72084 5913.99938   36  118 6000.00000 5728.52407  4.52%  49.1  195s
 131482 74392 5907.87636   40  127 6000.00000 5728.80928  4.52%  48.9  200s
 135707 76960 5840.63138   46  100 6000.00000 5728.93188  4.52%  49.0  206s
 139422 78426 5908.77651   47  127 6000.00000 5729.00000  4.52%  49.2  211s
 142693 80025 5825.29656   33  203 6000.00000 5729.07984  4.52%  49.3  215s
 146068 82293 5900.72826   45  135 6000.00000 5729.26456  4.51%  49.4  220s
 150124 84088 infeasible   40      6000.00000 5729.40157  4.51%  49.3  225s
 153992 86107 5736.42220   32  154 6000.00000 5729.57389  4.51%  49.4  230s
 157685 87845 5834.58653   43  119 6000.00000 5729.73946  4.50%  49.4  235s
 160523 89783 5778.67403   47  212 6000.00000 5729.88312  4.50%  49.6  240s
 164795 90952     cutoff   71      6000.00000 5730.00993  4.50%  49.6  245s
 165127 91341 5829.83320   25   92 6000.00000 5730.01072  4.50%  49.6  251s
 167671 93003 5810.58847   46  118 6000.00000 5730.13539  4.50%  49.7  256s
 171039 94573 5733.18629   51  172 6000.00000 5730.20217  4.50%  49.6  260s
 175378 97098 5829.97897   34   87 6000.00000 5730.28692  4.50%  49.7  266s
 177363 98018 5779.08192   38  100 6000.00000 5730.30573  4.49%  49.8  270s
 180993 100250 5853.54541   41  134 6000.00000 5730.36691  4.49%  49.9  275s
 186566 102998 5740.78361   32  126 6000.00000 5730.48553  4.49%  49.8  281s
 191258 104919 5768.74668   45   87 6000.00000 5730.59690  4.49%  49.7  285s
 194551 106474 5897.55538   40  150 6000.00000 5730.69413  4.49%  49.7  290s
 198180 108455 5940.73102   60   70 6000.00000 5730.73880  4.49%  50.1  296s
 201644 110358 5855.38089   39  151 6000.00000 5730.92768  4.48%  50.1  301s
 206390 112311 5820.23466   43   68 6000.00000 5730.98029  4.48%  50.0  305s
 209233 113833 5825.82275   55   99 6000.00000 5731.09083  4.48%  50.0  310s
 212312 115807 5828.06179   33   71 6000.00000 5731.14326  4.48%  50.0  315s
 216052 117271 5929.19707   42  219 6000.00000 5731.17346  4.48%  50.0  320s
 219565 119614 5759.92018   60  196 6000.00000 5731.17400  4.48%  50.1  325s
 222941 121608 5778.15570   39  211 6000.00000 5731.22572  4.48%  50.1  330s
 226456 123794     cutoff   40      6000.00000 5731.25325  4.48%  50.2  336s
 230497 125716 5860.92937   43   96 6000.00000 5731.28149  4.48%  50.2  341s
 232621 127065 5772.00019   53  101 6000.00000 5731.30151  4.48%  50.2  345s
 236112 128812 5913.45182   44  156 6000.00000 5731.38808  4.48%  50.3  351s
 238761 129834 5731.44695   33  172 6000.00000 5731.44070  4.48%  50.3  355s
 241635 131512     cutoff   51      6000.00000 5731.44695  4.48%  50.2  361s
 244104 132869 5768.97032   49  180 6000.00000 5731.44830  4.48%  50.3  365s
 248511 135165 5743.69002   37  124 6000.00000 5731.50781  4.47%  50.3  370s
 252525 137184 5821.45540   63  160 6000.00000 5731.55573  4.47%  50.3  375s
 255620 139112 5823.25873   28  150 6000.00000 5731.63087  4.47%  50.4  381s
 258526 140712 5876.01400   46   99 6000.00000 5731.68332  4.47%  50.3  385s
 263358 142959 5778.30838   42   73 6000.00000 5731.75382  4.47%  50.4  390s
 266516 144734 5745.36438   37  157 6000.00000 5731.81012  4.47%  50.4  395s
 270412 146499     cutoff   60      6000.00000 5731.89802  4.47%  50.5  400s
 274236 148361 5742.84758   39  118 6000.00000 5731.96765  4.47%  50.5  405s
 277482 149889 5836.22361   60  125 6000.00000 5732.02796  4.47%  50.5  410s
 281014 151530 5753.97162   36  166 6000.00000 5732.06753  4.47%  50.5  416s
 282422 152540 5738.78610   36  106 6000.00000 5732.08089  4.47%  50.5  420s
 286070 154240 5882.43651   37  114 6000.00000 5732.14585  4.46%  50.7  427s
 289363 156071 infeasible   56      6000.00000 5732.19282  4.46%  50.6  431s
 291500 157422 5739.26340   36  126 6000.00000 5732.20989  4.46%  50.6  435s
 295643 159211 infeasible   43      6000.00000 5732.24704  4.46%  50.5  441s
 298543 161015 5738.63923   45   98 6000.00000 5732.25991  4.46%  50.5  445s
 302071 162651 5848.07692   42   79 6000.00000 5732.33108  4.46%  50.6  450s
 305445 164414 5844.03882   45   59 6000.00000 5732.41576  4.46%  50.6  456s
 307475 165598 5876.34762   49  127 6000.00000 5732.42769  4.46%  50.6  461s
 308439 166062 5752.43331   46  106 6000.00000 5732.42769  4.46%  50.6  465s
 311877 168165 5761.42067   47  114 6000.00000 5732.50818  4.46%  50.6  471s
 315460 169599     cutoff   25      6000.00000 5732.57143  4.46%  50.7  475s
 318524 171132 5824.72298   39  152 6000.00000 5732.61321  4.46%  50.7  480s
 321796 172892 5874.21301   63   48 6000.00000 5732.67581  4.46%  50.8  486s
 325260 174878 5838.18888   32   87 6000.00000 5732.71281  4.45%  50.9  491s
 327944 175953 5808.36140   32  115 6000.00000 5732.73051  4.45%  50.8  495s
 331407 178000 5886.37497   59   87 6000.00000 5732.76353  4.45%  50.9  501s
 335235 179567 infeasible   49      6000.00000 5732.82602  4.45%  50.8  506s
 339016 181851 5933.02684   37   87 6000.00000 5732.86247  4.45%  50.9  511s
 342258 183369 5879.71224   53   42 6000.00000 5732.89569  4.45%  50.8  516s
 344932 184907 5833.46792   52   73 6000.00000 5732.89937  4.45%  50.8  521s
 348555 186356     cutoff   43      6000.00000 5732.92080  4.45%  50.8  526s
 350769 188370 5917.07212   48   41 6000.00000 5732.95062  4.45%  50.8  532s
 354232 189314     cutoff   48      6000.00000 5733.00802  4.45%  50.7  535s
 357871 191377 5913.79252   56  106 6000.00000 5733.04079  4.45%  50.8  540s
 361139 193399 5833.23665   37  101 6000.00000 5733.09993  4.45%  50.8  546s
 365407 195469 5759.60436   52  137 6000.00000 5733.13554  4.45%  50.7  551s
 369104 197020 5833.00000   44   49 6000.00000 5733.16461  4.45%  50.7  556s
 371545 198005 5743.53094   31  131 6000.00000 5733.19453  4.45%  50.7  560s
 375395 200224     cutoff   48      6000.00000 5733.24397  4.45%  50.6  566s
 378933 201919 5973.62609   56   83 6000.00000 5733.30898  4.44%  50.6  571s
 381488 202987 5825.21695   48   83 6000.00000 5733.32181  4.44%  50.7  576s
 383408 204154 5956.28250   56   89 6000.00000 5733.34976  4.44%  50.7  580s
 387354 206314 5737.33942   38  150 6000.00000 5733.42620  4.44%  50.7  585s
 390086 207069 5945.78246   37  118 6000.00000 5733.46843  4.44%  50.7  590s
 393520 209128 infeasible   45      6000.00000 5733.52865  4.44%  50.7  595s
 397496 210592 5913.41316   44  115 6000.00000 5733.58840  4.44%  50.7  600s

Cutting planes:
  Learned: 85
  Gomory: 3
  Cover: 303
  MIR: 263
  StrongCG: 15
  Flow cover: 285
  Inf proof: 4
  Network: 2
  RLT: 7
  Relax-and-lift: 16

Explored 398655 nodes (20224713 simplex iterations) in 600.12 seconds (208.33 work units)
Thread count was 12 (of 12 available processors)

Solution count 10: 6000 6080 6101 ... 6760

Time limit reached
Best objective 6.000000000000e+03, best bound 5.734000000000e+03, gap 4.4333%
