
Gurobi 12.0.0 (win64) logging started Wed Feb 25 21:38:57 2026

Set parameter LogFile to value "Storage_orig/Logs/log______Sens_handling_time_0.3_2026_02_25_21_38_57.log"
Set parameter MIPGap to value 0.01
Set parameter OutputFlag to value 1
Gurobi Optimizer version 12.0.0 build v12.0.0rc1 (win64 - Windows 11+.0 (26200.2))

CPU model: Intel(R) Core(TM) i7-9750H CPU @ 2.60GHz, instruction set [SSE2|AVX|AVX2]
Thread count: 6 physical cores, 12 logical processors, using up to 12 threads

Non-default parameters:
MIPGap  0.01
MIPFocus  1

Optimize a model with 5540 rows, 1032 columns and 14852 nonzeros
Model fingerprint: 0x06b20dab
Variable types: 24 continuous, 1008 integer (720 binary)
Coefficient statistics:
  Matrix range     [3e-01, 1e+02]
  Objective range  [1e+01, 2e+03]
  Bounds range     [1e+00, 1e+00]
  RHS range        [1e+00, 2e+02]

User MIP start did not produce a new incumbent solution
User MIP start violates constraint R574 by 2.000000000

Found heuristic solution: objective 18900.000000
Presolve removed 3940 rows and 168 columns
Presolve time: 0.02s
Presolved: 1600 rows, 864 columns, 8604 nonzeros
Variable types: 24 continuous, 840 integer (600 binary)

Root relaxation: objective 4.977000e+03, 742 iterations, 0.02 seconds (0.02 work units)

    Nodes    |    Current Node    |     Objective Bounds      |     Work
 Expl Unexpl |  Obj  Depth IntInf | Incumbent    BestBd   Gap | It/Node Time

     0     0 4977.00027    0   26 18900.0000 4977.00027  73.7%     -    0s
H    0     0                    12310.000000 4977.00027  59.6%     -    0s
H    0     0                    12052.000000 4977.00027  58.7%     -    0s
H    0     0                    10592.000000 4977.00027  53.0%     -    0s
H    0     0                    9992.0000000 4977.77143  50.2%     -    0s
H    0     0                    9772.0000000 4977.77143  49.1%     -    0s
H    0     0                    9692.0000000 4977.77143  48.6%     -    0s
     0     0 4977.77143    0   88 9692.00000 4977.77143  48.6%     -    0s
     0     0 4977.77143    0   66 9692.00000 4977.77143  48.6%     -    0s
     0     0 5006.94894    0   88 9692.00000 5006.94894  48.3%     -    0s
H    0     0                    9546.0000000 5026.29221  47.3%     -    0s
H    0     0                    8926.0000000 5026.29221  43.7%     -    0s
     0     0 5026.29221    0   93 8926.00000 5026.29221  43.7%     -    0s
     0     0 5028.95748    0   98 8926.00000 5028.95748  43.7%     -    0s
     0     0 5029.36478    0   99 8926.00000 5029.36478  43.7%     -    0s
     0     0 5031.27563    0   98 8926.00000 5031.27563  43.6%     -    0s
     0     0 5031.86939    0   96 8926.00000 5031.86939  43.6%     -    0s
     0     0 5031.86939    0  104 8926.00000 5031.86939  43.6%     -    0s
H    0     0                    6636.0000000 5031.86939  24.2%     -    0s
H    0     0                    6236.0000000 5031.86939  19.3%     -    0s
     0     0 5158.53990    0  138 6236.00000 5158.53990  17.3%     -    0s
     0     0 5181.33333    0   98 6236.00000 5181.33333  16.9%     -    0s
     0     0 5181.33333    0  127 6236.00000 5181.33333  16.9%     -    0s
     0     0 5181.33333    0   88 6236.00000 5181.33333  16.9%     -    0s
     0     0 5181.33333    0   79 6236.00000 5181.33333  16.9%     -    0s
     0     0 5181.44314    0   30 6236.00000 5181.44314  16.9%     -    0s
H    0     0                    6232.0000000 5181.44314  16.9%     -    0s
H    0     0                    5812.0000000 5181.44314  10.8%     -    0s
H    0     0                    5672.0000000 5181.44314  8.65%     -    0s
H    0     0                    5532.0000000 5181.44314  6.34%     -    0s
     0     2 5181.44314    0   26 5532.00000 5181.44314  6.34%     -    0s
  1418   727 5220.12069    9   63 5532.00000 5194.75290  6.10%  72.0    5s
  2532  1114     cutoff   22      5532.00000 5200.17879  6.00%  87.4   10s
  3769  1243 5328.55000   18   99 5532.00000 5203.94468  5.93%   110   15s
  5974  1448 5455.29200   30  108 5532.00000 5244.40948  5.20%   121   20s
  8378  1794     cutoff   26      5532.00000 5256.40000  4.98%   126   25s
 10333  2044     cutoff   19      5532.00000 5271.40000  4.71%   130   30s
 12347  2228 5389.00798   26  124 5532.00000 5285.03808  4.46%   132   35s
 15302  2445 5373.13333   24  117 5532.00000 5306.57784  4.07%   132   40s
 17793  2408     cutoff   23      5532.00000 5313.40000  3.95%   133   45s
 19776  2173     cutoff   30      5532.00000 5329.99887  3.65%   133   50s
 22276  1804     cutoff   28      5532.00000 5353.80000  3.22%   132   55s
 24915  1412     cutoff   29      5532.00000 5373.60800  2.86%   132   60s
 28775  2245 5448.95133   40   62 5532.00000 5415.77709  2.10%   128   66s
 31913  2917 5514.12500   46   19 5532.00000 5418.17536  2.06%   120   70s
 38119  4326 5523.12435   51  102 5532.00000 5422.51333  1.98%   108   75s
 43192  5405     cutoff   46      5532.00000 5424.47155  1.94%   101   80s
 47190  5868 infeasible   42      5532.00000 5426.66376  1.90%  96.7   85s
 52582  6806 5437.68383   40   69 5532.00000 5428.16190  1.88%  91.8   90s
 56768  7918 5527.83568   39   85 5532.00000 5428.58437  1.87%  88.5   95s
 61983  9095 5528.67788   42   55 5532.00000 5429.97390  1.84%  85.2  101s
 65343  9510     cutoff   39      5532.00000 5430.79325  1.83%  83.9  105s
 70730  9834     cutoff   36      5532.00000 5432.23288  1.80%  82.1  110s
 74807  9942     cutoff   36      5532.00000 5433.20232  1.79%  81.0  116s
 79144  9988 5458.44315   42   58 5532.00000 5435.20000  1.75%  79.5  120s
 84287  9981 5440.93864   36  194 5532.00000 5437.46138  1.71%  77.7  125s
 88982 10299     cutoff   34      5532.00000 5439.06396  1.68%  76.2  130s
 93946 11026 5458.85714   41   49 5532.00000 5439.87764  1.67%  74.3  135s
 98854 11810 5441.92381   37   97 5532.00000 5440.92530  1.65%  72.4  140s
 102425 11722 5484.34071   46   56 5532.00000 5442.58080  1.62%  71.6  146s
 107018 11453 5520.06667   40   44 5532.00000 5444.32758  1.58%  70.4  150s
 112215 11420     cutoff   46      5532.00000 5446.21113  1.55%  69.3  155s
 117721 11656     cutoff   50      5532.00000 5447.91643  1.52%  68.1  161s
 121941 11943     cutoff   40      5532.00000 5448.25098  1.51%  67.3  165s
 126743 11659 5469.15358   43  127 5532.00000 5449.60000  1.49%  66.4  170s
 131980 10814 5458.61048   44  105 5532.00000 5452.86313  1.43%  65.6  175s
 139526 10177     cutoff   69      5532.00000 5456.64222  1.36%  64.0  180s
 145158  9422     cutoff   52      5532.00000 5459.52185  1.31%  62.8  185s
 152440  8491 5492.50000   44   62 5532.00000 5463.48763  1.24%  61.2  190s
 157614  7690 5471.19718   41  127 5532.00000 5466.73808  1.18%  60.4  195s

Cutting planes:
  Learned: 216
  Gomory: 12
  Cover: 323
  MIR: 353
  StrongCG: 48
  Flow cover: 310
  Inf proof: 7
  Zero half: 11
  Network: 1
  RLT: 6
  Relax-and-lift: 46

Explored 165038 nodes (9758726 simplex iterations) in 200.07 seconds (98.52 work units)
Thread count was 12 (of 12 available processors)

Solution count 10: 5532 5532 5672 ... 9692

Optimal solution found (tolerance 1.00e-02)
Best objective 5.532000000000e+03, best bound 5.478000000000e+03, gap 0.9761%
