
Gurobi 12.0.0 (win64) logging started Thu Feb 26 00:12:17 2026

Set parameter LogFile to value "Storage_orig/Logs/log______Sens_gamma_750_2026_02_26_00_12_17.log"
Set parameter MIPGap to value 0.01
Set parameter OutputFlag to value 1
Set parameter TimeLimit to value 1000
Gurobi Optimizer version 12.0.0 build v12.0.0rc1 (win64 - Windows 11+.0 (26200.2))

CPU model: Intel(R) Core(TM) i7-9750H CPU @ 2.60GHz, instruction set [SSE2|AVX|AVX2]
Thread count: 6 physical cores, 12 logical processors, using up to 12 threads

Non-default parameters:
TimeLimit  1000
MIPGap  0.01
MIPFocus  2

Optimize a model with 5540 rows, 1032 columns and 14852 nonzeros
Model fingerprint: 0x23a01a32
Variable types: 24 continuous, 1008 integer (720 binary)
Coefficient statistics:
  Matrix range     [2e-01, 1e+02]
  Objective range  [1e+01, 2e+03]
  Bounds range     [1e+00, 1e+00]
  RHS range        [1e+00, 2e+02]

User MIP start produced solution with objective 8782 (0.00s)
Loaded user MIP start with objective 8782

Presolve removed 3940 rows and 168 columns
Presolve time: 0.02s
Presolved: 1600 rows, 864 columns, 8604 nonzeros
Variable types: 24 continuous, 840 integer (600 binary)
Root relaxation presolve removed 4 rows and 0 columns
Root relaxation presolved: 1596 rows, 864 columns, 8564 nonzeros


Root relaxation: objective 7.117600e+03, 782 iterations, 0.04 seconds (0.03 work units)

    Nodes    |    Current Node    |     Objective Bounds      |     Work
 Expl Unexpl |  Obj  Depth IntInf | Incumbent    BestBd   Gap | It/Node Time

     0     0 7117.60027    0   26 8782.00000 7117.60027  19.0%     -    0s
     0     0 7118.20000    0   74 8782.00000 7118.20000  18.9%     -    0s
     0     0 7155.68387    0   57 8782.00000 7155.68387  18.5%     -    0s
     0     0 7155.68387    0   57 8782.00000 7155.68387  18.5%     -    0s
     0     0 7677.18902    0  134 8782.00000 7677.18902  12.6%     -    0s
     0     0 7772.88073    0  111 8782.00000 7772.88073  11.5%     -    0s
     0     0 7773.11486    0  111 8782.00000 7773.11486  11.5%     -    0s
     0     0 7773.11486    0  112 8782.00000 7773.11486  11.5%     -    0s
     0     0 8182.16493    0  193 8782.00000 8182.16493  6.83%     -    0s
     0     0 8182.16493    0  193 8782.00000 8182.16493  6.83%     -    0s
     0     0 8271.48795    0  203 8782.00000 8271.48795  5.81%     -    0s
     0     0 8286.28606    0  176 8782.00000 8286.28606  5.64%     -    0s
     0     0 8295.09418    0  182 8782.00000 8295.09418  5.54%     -    0s
     0     0 8295.80987    0  185 8782.00000 8295.80987  5.54%     -    0s
     0     0 8295.88732    0  193 8782.00000 8295.88732  5.54%     -    0s
     0     0 8494.84848    0  246 8782.00000 8494.84848  3.27%     -    1s
     0     0 8513.96204    0  207 8782.00000 8513.96204  3.05%     -    1s
     0     0 8521.19473    0  234 8782.00000 8521.19473  2.97%     -    1s
     0     0 8521.19473    0  230 8782.00000 8521.19473  2.97%     -    1s
     0     0 8521.49382    0  224 8782.00000 8521.49382  2.97%     -    1s
     0     0 8551.66888    0  243 8782.00000 8551.66888  2.62%     -    1s
     0     0 8561.46759    0  290 8782.00000 8561.46759  2.51%     -    1s
     0     0 8567.07780    0  258 8782.00000 8567.07780  2.45%     -    2s
     0     0 8567.71225    0  279 8782.00000 8567.71225  2.44%     -    2s
     0     0 8601.01002    0  314 8782.00000 8601.01002  2.06%     -    2s
     0     0 8602.67716    0  344 8782.00000 8602.67716  2.04%     -    2s
     0     0 8603.80091    0  341 8782.00000 8603.80091  2.03%     -    2s
     0     0 8637.23158    0  313 8782.00000 8637.23158  1.65%     -    3s
     0     0 8640.10000    0  187 8782.00000 8640.10000  1.62%     -    3s
     0     0 8640.13587    0  272 8782.00000 8640.13587  1.62%     -    3s
     0     0 8648.88710    0  279 8782.00000 8648.88710  1.52%     -    3s
     0     0 8648.94526    0  297 8782.00000 8648.94526  1.52%     -    4s
     0     0 8662.00000    0  345 8782.00000 8662.00000  1.37%     -    4s
     0     0 8662.00000    0  307 8782.00000 8662.00000  1.37%     -    4s
     0     0 8662.00000    0  307 8782.00000 8662.00000  1.37%     -    4s
     0     0 8662.00000    0   34 8782.00000 8662.00000  1.37%     -    4s
     0     0 8662.00000    0  239 8782.00000 8662.00000  1.37%     -    5s
     0     0 8662.00000    0  239 8782.00000 8662.00000  1.37%     -    5s
     0     0 8662.00000    0  248 8782.00000 8662.00000  1.37%     -    5s
     0     0 8662.00000    0  248 8782.00000 8662.00000  1.37%     -    5s
     0     0 8662.00000    0  216 8782.00000 8662.00000  1.37%     -    5s
     0     0 8662.00000    0  273 8782.00000 8662.00000  1.37%     -    5s
     0     0 8662.00000    0  248 8782.00000 8662.00000  1.37%     -    5s
     0     0 8662.00000    0  219 8782.00000 8662.00000  1.37%     -    5s
     0     0 8662.00000    0  229 8782.00000 8662.00000  1.37%     -    5s
     0     0 8662.00000    0  299 8782.00000 8662.00000  1.37%     -    5s
     0     0 8662.00000    0  314 8782.00000 8662.00000  1.37%     -    5s
     0     0 8662.00000    0   31 8782.00000 8662.00000  1.37%     -    6s
     0     0 8662.33438    0  246 8782.00000 8662.33438  1.36%     -    6s
     0     0 8662.61294    0  299 8782.00000 8662.61294  1.36%     -    6s
     0     0 8662.61892    0  263 8782.00000 8662.61892  1.36%     -    6s
     0     0 8662.61892    0   24 8782.00000 8662.61892  1.36%     -    6s
     0     0 8662.61892    0   91 8782.00000 8662.61892  1.36%     -    6s
     0     0 8662.61892    0  170 8782.00000 8662.61892  1.36%     -    6s
     0     0 8662.61892    0  246 8782.00000 8662.61892  1.36%     -    6s
     0     0 8662.61892    0  221 8782.00000 8662.61892  1.36%     -    6s
     0     0 8662.61892    0   14 8782.00000 8662.61892  1.36%     -    7s
     0     0 8662.61892    0  211 8782.00000 8662.61892  1.36%     -    7s
     0     0 8662.61902    0  218 8782.00000 8662.61902  1.36%     -    7s
     0     0 8662.63850    0  265 8782.00000 8662.63850  1.36%     -    7s
     0     0 8662.64242    0  288 8782.00000 8662.64242  1.36%     -    7s
     0     0 8662.68304    0  326 8782.00000 8662.68304  1.36%     -    7s
     0     0 8662.68605    0  298 8782.00000 8662.68605  1.36%     -    7s
     0     0 8662.68605    0   26 8782.00000 8662.68605  1.36%     -    7s
     0     0 8662.68605    0   89 8782.00000 8662.68605  1.36%     -    7s
     0     0 8662.68605    0  194 8782.00000 8662.68605  1.36%     -    8s
     0     0 8662.68605    0  212 8782.00000 8662.68605  1.36%     -    8s
     0     0 8662.68605    0  109 8782.00000 8662.68605  1.36%     -    8s
     0     0 8662.68605    0  223 8782.00000 8662.68605  1.36%     -    8s
     0     0 8662.68605    0  255 8782.00000 8662.68605  1.36%     -    8s
     0     0 8662.70304    0  266 8782.00000 8662.70304  1.36%     -    8s
     0     0 8687.06772    0  261 8782.00000 8687.06772  1.08%     -    8s

Cutting planes:
  Gomory: 1
  Lift-and-project: 3
  Cover: 95
  Implied bound: 14
  Clique: 175
  MIR: 58
  StrongCG: 6
  Flow cover: 108
  Zero half: 19
  Network: 1
  RLT: 8
  Relax-and-lift: 8
  BQP: 14

Explored 1 nodes (25775 simplex iterations) in 8.79 seconds (3.79 work units)
Thread count was 12 (of 12 available processors)

Solution count 1: 8782 

Optimal solution found (tolerance 1.00e-02)
Best objective 8.782000000000e+03, best bound 8.702000000000e+03, gap 0.9110%
