
Gurobi 12.0.0 (win64) logging started Tue Feb 17 01:28:14 2026

Set parameter LogFile to value "Storage_orig/Logs/log______Sens_handling_time_0.75_2026_02_17_01_28_14.log"
Set parameter MIPGap to value 0.01
Set parameter OutputFlag to value 1
Set parameter TimeLimit to value 600
Gurobi Optimizer version 12.0.0 build v12.0.0rc1 (win64 - Windows 11+.0 (26200.2))

CPU model: Intel(R) Core(TM) i7-9750H CPU @ 2.60GHz, instruction set [SSE2|AVX|AVX2]
Thread count: 6 physical cores, 12 logical processors, using up to 12 threads

Non-default parameters:
TimeLimit  600
MIPGap  0.01
MIPFocus  1

Optimize a model with 4170 rows, 840 columns and 11004 nonzeros
Model fingerprint: 0xecf1ecaf
Variable types: 18 continuous, 822 integer (570 binary)
Coefficient statistics:
  Matrix range     [8e-01, 1e+03]
  Objective range  [1e+01, 2e+03]
  Bounds range     [1e+00, 1e+00]
  RHS range        [1e+00, 1e+03]

User MIP start did not produce a new incumbent solution
User MIP start violates constraint Time_LB_4_1_0 by 5.000000000

Found heuristic solution: objective 18900.000000
Presolve removed 2940 rows and 192 columns
Presolve time: 0.01s
Presolved: 1230 rows, 648 columns, 6453 nonzeros
Variable types: 18 continuous, 630 integer (450 binary)

Root relaxation: objective 5.517500e+03, 407 iterations, 0.01 seconds (0.01 work units)

    Nodes    |    Current Node    |     Objective Bounds      |     Work
 Expl Unexpl |  Obj  Depth IntInf | Incumbent    BestBd   Gap | It/Node Time

     0     0 5517.50003    0   37 18900.0000 5517.50003  70.8%     -    0s
H    0     0                    15074.000000 5517.50003  63.4%     -    0s
H    0     0                    14734.000000 5517.50003  62.6%     -    0s
H    0     0                    13056.000000 5517.50003  57.7%     -    0s
H    0     0                    12976.000000 5518.00013  57.5%     -    0s
     0     0 5518.00013    0   71 12976.0000 5518.00013  57.5%     -    0s
H    0     0                    12601.000000 5518.45458  56.2%     -    0s
H    0     0                    12061.000000 5518.45458  54.2%     -    0s
H    0     0                    11921.000000 5518.45458  53.7%     -    0s
     0     0 5518.45458    0   56 11921.0000 5518.45458  53.7%     -    0s
H    0     0                    10624.000000 5535.37348  47.9%     -    0s
H    0     0                    10224.000000 5535.37348  45.9%     -    0s
     0     0 5535.37348    0   38 10224.0000 5535.37348  45.9%     -    0s
     0     0 5535.37348    0   50 10224.0000 5535.37348  45.9%     -    0s
     0     0 5599.41254    0   72 10224.0000 5599.41254  45.2%     -    0s
     0     0 5602.39649    0   94 10224.0000 5602.39649  45.2%     -    0s
H    0     0                    9944.0000000 5606.11539  43.6%     -    0s
     0     0 5606.11539    0   95 9944.00000 5606.11539  43.6%     -    0s
     0     0 5606.20949    0  101 9944.00000 5606.20949  43.6%     -    0s
     0     0 5606.24824    0  101 9944.00000 5606.24824  43.6%     -    0s
     0     0 5610.47297    0  103 9944.00000 5610.47297  43.6%     -    0s
     0     0 5611.03041    0  105 9944.00000 5611.03041  43.6%     -    0s
     0     0 5611.03850    0  113 9944.00000 5611.03850  43.6%     -    0s
H    0     0                    9928.0000000 5611.03850  43.5%     -    0s
H    0     0                    9728.0000000 5611.03850  42.3%     -    0s
H    0     0                    9028.0000000 5611.03850  37.8%     -    0s
H    0     0                    8688.0000000 5611.03850  35.4%     -    0s
H    0     0                    8408.0000000 5644.09811  32.9%     -    0s
H    0     0                    8328.0000000 5644.09811  32.2%     -    0s
     0     0 5644.09811    0  147 8328.00000 5644.09811  32.2%     -    0s
H    0     0                    8248.0000000 5651.25601  31.5%     -    0s
     0     0 5651.25601    0  158 8248.00000 5651.25601  31.5%     -    0s
H    0     0                    8168.0000000 5657.31017  30.7%     -    0s
     0     0 5657.31017    0  171 8168.00000 5657.31017  30.7%     -    0s
     0     0 5662.66203    0  188 8168.00000 5662.66203  30.7%     -    0s
     0     0 5664.35807    0  191 8168.00000 5664.35807  30.7%     -    0s
     0     0 5668.84024    0  166 8168.00000 5668.84024  30.6%     -    0s
     0     0 5668.85219    0  173 8168.00000 5668.85219  30.6%     -    0s
H    0     0                    8048.0000000 5668.85219  29.6%     -    0s
     0     0 5686.23013    0  208 8048.00000 5686.23013  29.3%     -    0s
H    0     0                    7332.0000000 5686.23013  22.4%     -    0s
H    0     0                    7132.0000000 5686.23013  20.3%     -    0s
     0     0 5691.38208    0  224 7132.00000 5691.38208  20.2%     -    0s
     0     0 5694.60287    0  202 7132.00000 5694.60287  20.2%     -    0s
     0     0 5700.12067    0  204 7132.00000 5700.12067  20.1%     -    0s
     0     0 5702.42999    0  183 7132.00000 5702.42999  20.0%     -    0s
     0     0 5703.01293    0  200 7132.00000 5703.01293  20.0%     -    0s
     0     0 5704.86666    0  201 7132.00000 5704.86666  20.0%     -    0s
     0     0 5704.92868    0  211 7132.00000 5704.92868  20.0%     -    0s
     0     0 5712.58806    0  160 7132.00000 5712.58806  19.9%     -    0s
     0     0 5716.34975    0  176 7132.00000 5716.34975  19.8%     -    0s
     0     0 5716.35949    0  206 7132.00000 5716.35949  19.8%     -    0s
     0     0 5721.91845    0  198 7132.00000 5721.91845  19.8%     -    1s
H    0     0                    6992.0000000 5721.91845  18.2%     -    1s
H    0     0                    6953.0000000 5721.91845  17.7%     -    1s
H    0     0                    6753.0000000 5721.91845  15.3%     -    1s
     0     2 5721.91845    0  186 6753.00000 5721.91845  15.3%     -    1s
H   27    39                    6577.0000000 5725.83553  12.9%   259    1s
H   63    75                    6297.0000000 5725.83553  9.07%   169    1s
H  100   106                    6157.0000000 5725.83553  7.00%   127    2s
H  629   536                    6116.0000000 5727.78718  6.35%  55.3    3s
H  907   757                    6080.0000000 5728.73076  5.78%  56.3    4s
   988   838 5749.59636    9   81 6080.00000 5728.73076  5.78%  57.1    5s
  1869  1384 5787.03680   20   25 6080.00000 5733.31250  5.70%  70.6   10s
  3967  2412 6057.04447   47   89 6080.00000 5762.87975  5.22%  66.9   15s
  8951  5354 5770.21891   32  142 6080.00000 5765.41968  5.17%  60.9   20s
 14027  8367 5865.24275   35  164 6080.00000 5767.61251  5.14%  57.6   25s
 19629 12038 5784.18992   46  146 6080.00000 5768.12267  5.13%  57.8   30s
 24492 15115     cutoff   56      6080.00000 5768.92964  5.12%  58.5   35s
H27783 16216                    6071.0000000 5769.91971  4.96%  58.3   38s
 27890 16684 5807.03210   49  132 6071.00000 5769.91994  4.96%  58.3   40s
H27957 14126                    5970.0000000 5769.93118  3.35%  58.3   40s
 30293 15364 5832.91879   47  123 5970.00000 5770.06774  3.35%  58.8   45s
 35764 17722 5807.69403   40  101 5970.00000 5770.44521  3.34%  59.7   50s
 40658 20404 infeasible   34      5970.00000 5770.91317  3.33%  61.2   55s
 45943 23188     cutoff   45      5970.00000 5771.53687  3.32%  61.9   61s
 51351 25373 5802.47556   35  178 5970.00000 5771.69765  3.32%  62.5   66s
 55878 27526 5866.05952   25   59 5970.00000 5772.00791  3.32%  63.1   71s
 60845 29588     cutoff   50      5970.00000 5772.15909  3.31%  63.6   75s
 65667 31735     cutoff   49      5970.00000 5772.32721  3.31%  64.0   80s
 70637 33958 5794.79002   40  141 5970.00000 5772.52986  3.31%  64.2   85s
 75130 35871     cutoff   42      5970.00000 5772.64864  3.31%  64.6   91s
 78875 37475 5795.41536   36  118 5970.00000 5772.71990  3.30%  64.8   95s
 83715 39596 5880.64575   43  117 5970.00000 5772.86689  3.30%  65.4  100s
 86956 40928 5865.72480   32  137 5970.00000 5772.97123  3.30%  65.7  105s
 92029 43015 5963.93333   40   47 5970.00000 5773.06042  3.30%  65.9  110s
 95887 44388 infeasible   45      5970.00000 5773.09044  3.30%  66.1  116s
 99869 46057 5780.72015   34  201 5970.00000 5773.13999  3.30%  66.0  120s
 104597 47912 5774.46184   36  125 5970.00000 5773.24446  3.30%  66.1  126s
 108502 49754 5787.01961   41  172 5970.00000 5773.33296  3.29%  66.0  130s
 113410 51826 5864.07454   36  159 5970.00000 5773.48184  3.29%  66.0  135s
 117331 53047     cutoff   46      5970.00000 5773.58173  3.29%  66.2  140s
 121748 55092 5887.70061   33  109 5970.00000 5773.70809  3.29%  66.2  145s
 126476 57335 5869.00000   52   24 5970.00000 5773.83374  3.29%  66.3  151s
 129554 58625 5802.81463   41  142 5970.00000 5773.88758  3.28%  66.5  155s
 133508 60285 5785.53761   42  101 5970.00000 5773.95786  3.28%  66.6  161s
 137680 61951 5871.33561   45  121 5970.00000 5774.04529  3.28%  66.6  165s
 142823 63822 5774.20343   32  162 5970.00000 5774.17206  3.28%  66.7  171s
 144947 65103 5857.22541   43   62 5970.00000 5774.24304  3.28%  66.9  176s
 148430 66096 5805.37747   42  126 5970.00000 5774.34513  3.28%  66.8  180s
 153385 67939 5961.62043   51   71 5970.00000 5774.58949  3.27%  67.1  185s
 157222 69366 5775.48441   32  120 5970.00000 5774.73934  3.27%  67.2  190s
 161424 71040 5800.08519   39   78 5970.00000 5774.88990  3.27%  67.4  196s
 164951 72479 5783.48657   36  118 5970.00000 5775.02818  3.27%  67.6  200s
 168685 73800     cutoff   41      5970.00000 5775.17372  3.26%  67.8  205s
 173281 75756 5863.39441   42   89 5970.00000 5775.31733  3.26%  67.9  211s
 177264 77059 5780.24084   37  117 5970.00000 5775.50386  3.26%  68.0  216s
 180786 78699 5880.45609   37   72 5970.00000 5775.60926  3.26%  68.1  220s
 184819 80209 5879.59095   39  152 5970.00000 5775.69058  3.25%  68.2  226s
 188573 82470 5780.57169   31  159 5970.00000 5775.78438  3.25%  68.1  231s
 192507 84269 5876.50000   39   61 5970.00000 5775.82751  3.25%  68.0  235s
 197515 86239 infeasible   41      5970.00000 5775.96688  3.25%  68.0  241s
 201391 87397     cutoff   35      5970.00000 5776.12608  3.25%  68.1  245s
 205006 88861 5787.33957   34  167 5970.00000 5776.24138  3.25%  68.2  250s
 209790 90563     cutoff   42      5970.00000 5776.43852  3.24%  68.3  256s
 212276 91849 5812.23016   48   64 5970.00000 5776.49683  3.24%  68.4  261s
 216038 93287 5911.89834   44  177 5970.00000 5776.66101  3.24%  68.4  266s
 219750 94626 5824.06780   41  140 5970.00000 5776.80245  3.24%  68.5  270s
 224425 96053 5778.59928   37  146 5970.00000 5776.93059  3.23%  68.6  275s
 228651 98040 5863.45626   38  148 5970.00000 5777.06333  3.23%  68.6  280s
 232346 99305 infeasible   40      5970.00000 5777.16125  3.23%  68.7  285s
 235498 100578 5802.72402   38  182 5970.00000 5777.22571  3.23%  68.7  291s
 239080 102139     cutoff   45      5970.00000 5777.32540  3.23%  68.9  296s
 242952 103644 5784.29426   26  122 5970.00000 5777.41039  3.23%  69.0  300s
 246507 105086     cutoff   33      5970.00000 5777.51347  3.22%  69.0  305s
 250543 106647 5843.19820   47  111 5970.00000 5777.62333  3.22%  69.0  310s
 255589 108559 5837.24408   46  145 5970.00000 5777.79326  3.22%  69.1  316s
 258987 109857 5789.42794   34  209 5970.00000 5777.90394  3.22%  69.1  321s
 262409 111232 5790.11277   56   94 5970.00000 5777.99848  3.22%  69.1  325s
 266515 112731 5904.26852   42  163 5970.00000 5778.09142  3.21%  69.1  330s
 271318 114765 5799.82400   63  139 5970.00000 5778.15156  3.21%  69.1  336s
 275306 116017 5790.01464   37  113 5970.00000 5778.21416  3.21%  69.0  340s
 279083 117746 5792.24623   41  155 5970.00000 5778.29560  3.21%  68.9  345s
 282529 119032 5783.86296   38   98 5970.00000 5778.36201  3.21%  68.9  350s
 287503 120942 5785.55854   37  142 5970.00000 5778.49193  3.21%  68.9  355s
 290846 122451 5858.82747   42   88 5970.00000 5778.56468  3.21%  68.9  360s
 295423 124297 5927.34712   49   59 5970.00000 5778.64689  3.21%  68.9  366s
 299488 125707     cutoff   45      5970.00000 5778.72624  3.20%  68.9  370s
 304498 127243 5895.62056   47  149 5970.00000 5778.84438  3.20%  68.9  376s
 306725 128184 5867.85125   34  205 5970.00000 5778.87983  3.20%  68.9  381s
 310286 129492 5804.09288   42   88 5970.00000 5778.96915  3.20%  68.9  385s
 315090 131251 5875.51380   39  100 5970.00000 5779.11843  3.20%  69.0  390s
 317981 132258 infeasible   41      5970.00000 5779.15694  3.20%  68.9  395s
 322520 134040 5808.33408   40  197 5970.00000 5779.28533  3.19%  69.0  401s
 326410 135602 5831.07423   39  204 5970.00000 5779.38130  3.19%  69.0  405s
 331389 137431 5805.45745   37  153 5970.00000 5779.44410  3.19%  69.0  411s
 335206 138520     cutoff   39      5970.00000 5779.48515  3.19%  69.0  415s
 339784 140607 5807.17745   31   77 5970.00000 5779.54785  3.19%  68.9  421s
 341956 141369 5957.00000   36   30 5970.00000 5779.58046  3.19%  68.8  425s
 346986 142976 5896.89066   38   98 5970.00000 5779.62710  3.19%  68.8  431s
 350397 144052 5828.01785   42  139 5970.00000 5779.66861  3.19%  68.8  435s
 354365 145182     cutoff   44      5970.00000 5779.70982  3.19%  68.8  440s
 358892 146902     cutoff   51      5970.00000 5779.79404  3.19%  68.7  445s
 362512 148288 5793.00113   26  175 5970.00000 5779.84971  3.19%  68.7  450s
 366870 149836 5871.75043   42  104 5970.00000 5779.90349  3.18%  68.8  456s
 370626 151139 5885.61629   35   75 5970.00000 5779.95240  3.18%  68.7  460s
 374588 152436     cutoff   45      5970.00000 5780.02386  3.18%  68.8  465s
 379367 154033 5780.92735   33  130 5970.00000 5780.10326  3.18%  68.8  471s
 383193 155262     cutoff   37      5970.00000 5780.16875  3.18%  68.8  475s
 386769 156126 5799.85304   38  200 5970.00000 5780.23230  3.18%  68.9  480s
 390087 157629 5872.30000   47   97 5970.00000 5780.28493  3.18%  68.9  486s
 393786 158870 5783.34922   37  159 5970.00000 5780.33332  3.18%  68.9  490s
 397430 160160     cutoff   54      5970.00000 5780.37668  3.18%  68.9  495s
 401073 161291 5864.29760   37  164 5970.00000 5780.42384  3.18%  69.0  500s
 404918 162772 5781.46144   39  120 5970.00000 5780.47820  3.17%  69.0  505s
 408290 163750 5917.12475   43   55 5970.00000 5780.53629  3.17%  69.0  510s
 413811 165535     cutoff   42      5970.00000 5780.58182  3.17%  69.0  516s
 417294 166898 5908.72823   40  192 5970.00000 5780.62905  3.17%  69.0  520s
 421178 168315     cutoff   40      5970.00000 5780.68284  3.17%  69.0  525s
 425832 169614 5788.92113   43  151 5970.00000 5780.73670  3.17%  69.0  531s
 427298 170658 infeasible   47      5970.00000 5780.75348  3.17%  69.0  535s
 430822 172067 5790.30782   31  132 5970.00000 5780.79619  3.17%  69.0  540s
 434861 173569 5800.65275   35   72 5970.00000 5780.84070  3.17%  69.0  545s
 440186 175454 5807.51123   31   57 5970.00000 5780.88782  3.17%  68.9  550s
 443488 176749 infeasible   46      5970.00000 5780.91668  3.17%  68.9  555s
 448170 178205 5829.31436   35   77 5970.00000 5780.97927  3.17%  69.0  561s
 451705 179341 5863.10767   34  183 5970.00000 5781.02187  3.17%  69.0  565s
 455569 180612     cutoff   49      5970.00000 5781.06611  3.16%  69.0  570s
 459311 181741 infeasible   43      5970.00000 5781.12537  3.16%  69.0  575s
 464239 183455 5793.13570   43   99 5970.00000 5781.18312  3.16%  69.0  581s
 467935 184853 5788.82624   43  144 5970.00000 5781.23006  3.16%  69.0  585s
 471450 186029 infeasible   51      5970.00000 5781.27741  3.16%  69.0  590s
 475357 186948 infeasible   51      5970.00000 5781.34406  3.16%  69.1  596s
 476581 187939 5789.99488   44  143 5970.00000 5781.36179  3.16%  69.1  600s

Cutting planes:
  Learned: 88
  Gomory: 2
  Cover: 322
  MIR: 288
  StrongCG: 14
  Flow cover: 256
  Inf proof: 25
  Zero half: 3
  RLT: 4
  Relax-and-lift: 30

Explored 477975 nodes (33039036 simplex iterations) in 600.09 seconds (305.59 work units)
Thread count was 12 (of 12 available processors)

Solution count 10: 5970 6071 6080 ... 6992

Time limit reached
Best objective 5.970000000000e+03, best bound 5.782000000000e+03, gap 3.1491%
