
Gurobi 12.0.0 (win64) logging started Thu Feb  5 23:44:19 2026

Set parameter LogFile to value "Storage_orig/Logs/log_____________2026_02_05_23_44_19.log"
Set parameter MIPGap to value 0.01
Set parameter OutputFlag to value 1
Gurobi Optimizer version 12.0.0 build v12.0.0rc1 (win64 - Windows 11+.0 (26200.2))

CPU model: Intel(R) Core(TM) i7-9750H CPU @ 2.60GHz, instruction set [SSE2|AVX|AVX2]
Thread count: 6 physical cores, 12 logical processors, using up to 12 threads

Non-default parameters:
MIPGap  0.01
MIPFocus  1

Optimize a model with 8162 rows, 1394 columns and 21598 nonzeros
Model fingerprint: 0xfa9ad529
Variable types: 28 continuous, 1366 integer (918 binary)
Coefficient statistics:
  Matrix range     [2e-01, 1e+02]
  Objective range  [1e+01, 4e+03]
  Bounds range     [1e+00, 1e+00]
  RHS range        [1e+00, 2e+02]
Found heuristic solution: objective 22980.000000
Presolve removed 6092 rows and 262 columns
Presolve time: 0.03s
Presolved: 2070 rows, 1132 columns, 12272 nonzeros
Variable types: 28 continuous, 1104 integer (768 binary)

Root relaxation: objective 4.735273e+03, 823 iterations, 0.02 seconds (0.02 work units)

    Nodes    |    Current Node    |     Objective Bounds      |     Work
 Expl Unexpl |  Obj  Depth IntInf | Incumbent    BestBd   Gap | It/Node Time

     0     0 4735.27333    0   18 22980.0000 4735.27333  79.4%     -    0s
H    0     0                    22966.000000 4735.27333  79.4%     -    0s
H    0     0                    22766.000000 4735.27333  79.2%     -    0s
H    0     0                    22566.000000 4735.27333  79.0%     -    0s
     0     0 5109.76469    0   48 22566.0000 5109.76469  77.4%     -    0s
H    0     0                    18127.000000 5109.76469  71.8%     -    0s
H    0     0                    17709.000000 5109.76469  71.1%     -    0s
     0     0 5125.76851    0   41 17709.0000 5125.76851  71.1%     -    0s
     0     0 5125.76851    0   43 17709.0000 5125.76851  71.1%     -    0s
     0     0 5163.70471    0   75 17709.0000 5163.70471  70.8%     -    0s
     0     0 5168.93835    0   67 17709.0000 5168.93835  70.8%     -    0s
     0     0 5169.27454    0   67 17709.0000 5169.27454  70.8%     -    0s
     0     0 5169.45034    0   72 17709.0000 5169.45034  70.8%     -    0s
     0     0 5169.45034    0   74 17709.0000 5169.45034  70.8%     -    0s
H    0     0                    17366.000000 5169.45034  70.2%     -    0s
H    0     0                    17086.000000 5169.45034  69.7%     -    0s
H    0     0                    15042.000000 5187.60839  65.5%     -    0s
H    0     0                    14762.000000 5187.60839  64.9%     -    0s
     0     0 5187.60839    0   98 14762.0000 5187.60839  64.9%     -    0s
H    0     0                    13502.000000 5187.60839  61.6%     -    0s
H    0     0                    13422.000000 5187.60839  61.3%     -    0s
H    0     0                    13222.000000 5187.60839  60.8%     -    0s
H    0     0                    12742.000000 5188.06165  59.3%     -    0s
     0     0 5188.06165    0  119 12742.0000 5188.06165  59.3%     -    0s
     0     0 5193.49760    0  134 12742.0000 5193.49760  59.2%     -    0s
     0     0 5194.45788    0  140 12742.0000 5194.45788  59.2%     -    0s
     0     0 5194.49443    0  140 12742.0000 5194.49443  59.2%     -    0s
H    0     0                    10824.000000 5198.18156  52.0%     -    0s
     0     0 5198.18156    0  139 10824.0000 5198.18156  52.0%     -    0s
H    0     0                    10711.000000 5200.01786  51.5%     -    0s
H    0     0                    10571.000000 5200.01786  50.8%     -    0s
     0     0 5200.01786    0  118 10571.0000 5200.01786  50.8%     -    0s
H    0     0                    10431.000000 5200.83355  50.1%     -    0s
     0     0 5200.83355    0  119 10431.0000 5200.83355  50.1%     -    0s
H    0     0                    9451.0000000 5200.83727  45.0%     -    0s
H    0     0                    9311.0000000 5200.83727  44.1%     -    0s
H    0     0                    9171.0000000 5200.83727  43.3%     -    0s
     0     0 5200.83727    0  120 9171.00000 5200.83727  43.3%     -    0s
     0     0 5200.83902    0  144 9171.00000 5200.83902  43.3%     -    0s
     0     2 5200.83902    0  136 9171.00000 5200.83902  43.3%     -    1s
H   40    47                    8992.0000000 5201.70935  42.2%  99.0    1s
H   41    47                    8872.0000000 5201.70935  41.4%  97.2    1s
H   86    87                    8732.0000000 5201.70935  40.4%   107    1s
H  122   127                    8532.0000000 5201.70935  39.0%  98.6    1s
H  127   127                    8392.0000000 5201.70935  38.0%  95.0    1s
H  187   178                    8353.0000000 5202.59610  37.7%  83.4    1s
H  229   198                    8213.0000000 5202.59610  36.7%  78.0    1s
H  325   274                    8189.0000000 5202.59610  36.5%  74.7    2s
H  327   274                    8153.0000000 5202.59610  36.2%  74.8    2s
H  362   304                    8073.0000000 5202.59610  35.6%  72.5    2s
H  366   304                    7847.0000000 5202.59610  33.7%  72.3    2s
H  602   444                    7811.0000000 5205.15010  33.4%  62.1    3s
H  702   517                    7808.0000000 5205.15010  33.3%  63.4    4s
   867   639 7752.07546   46   70 7808.00000 5205.15010  33.3%  61.2    5s
H  928   632                    7616.0000000 5205.15010  31.7%  61.6    5s
H  967   605                    7473.0000000 5205.15010  30.3%  61.9    5s
H 1225   503                    7358.0000000 5211.45606  29.2%  58.2    5s
H 1263   477                    7355.0000000 5211.45606  29.1%  58.2    6s
  1773   777 5233.46824   13  249 7355.00000 5233.46824  28.8%  66.8   10s
H 1955   817                    7307.0000000 5235.25000  28.4%  78.7   11s
H 1992   788                    7268.0000000 5235.25000  28.0%  80.2   11s
H 1992   753                    7027.0000000 5235.25000  25.5%  80.2   11s
H 2001   735                    6913.0000000 5235.25000  24.3%  80.5   12s
H 2032   716                    6773.0000000 5235.25000  22.7%  80.7   12s
  2365   717 5244.55404   19  207 6773.00000 5236.27315  22.7%  84.8   15s
  3062   799 6382.78946   56  112 6773.00000 5236.70219  22.7%  87.0   20s
  3459   795 5410.21166   26  237 6773.00000 5246.57389  22.5%  87.2   25s
  5415  1721 6670.07692   26   58 6773.00000 5347.76469  21.0%  83.0   30s
  8996  3671 5508.90000   31   20 6773.00000 5440.54948  19.7%  71.1   35s
 13441  6272 6059.30431   53  125 6773.00000 5518.31359  18.5%  63.5   40s
 18851  9389 6178.26754   37  104 6773.00000 5870.12120  13.3%  58.0   46s
 24066 12007 6030.50000   33   50 6773.00000 5873.59287  13.3%  53.3   50s
H24530 10961                    6668.0000000 5873.81540  11.9%  53.2   50s
 29747 14537 6504.62559   53   90 6668.00000 5877.37942  11.9%  50.8   55s
 36701 18265 5984.73072   50   27 6668.00000 5879.02087  11.8%  47.5   61s
 41288 20785 infeasible   65      6668.00000 5880.02391  11.8%  46.4   65s
 47975 23666 5999.99650   38   29 6668.00000 5880.94435  11.8%  44.4   70s
 53585 27227 6012.28364   47   63 6668.00000 5881.93671  11.8%  43.9   75s
 59323 30501 5892.75417   48  113 6668.00000 5882.75666  11.8%  43.5   80s
 68147 35136 6100.00000   46   15 6668.00000 5883.42375  11.8%  42.1   85s
 75630 39339 6569.86048   67   70 6668.00000 5883.62879  11.8%  41.2   90s
 80925 42484 infeasible  101      6668.00000 5883.77397  11.8%  41.0   95s
 87788 46432 6097.51781   88  100 6668.00000 5884.29379  11.8%  40.5  100s
 93254 48979 6190.85906   50   74 6668.00000 5884.88645  11.7%  40.3  105s
 101145 53261 6151.13831   42   42 6668.00000 5885.22776  11.7%  39.9  110s
 107224 56197 5961.44086   44  105 6668.00000 5885.70744  11.7%  39.7  115s
 112791 58852 6136.49974   57   77 6668.00000 5886.45202  11.7%  39.6  120s
 119328 61963 5921.45724   40   74 6668.00000 5887.09617  11.7%  39.5  125s
 125390 65277 6323.55690   70   79 6668.00000 5887.70475  11.7%  39.5  130s
 130115 67575 6118.52753   70   90 6668.00000 5887.85965  11.7%  39.5  135s
 135105 69619 5994.77121   41  134 6668.00000 5888.05901  11.7%  39.9  140s
 142326 73210     cutoff   71      6668.00000 5888.43997  11.7%  39.8  145s
 148212 76680 6522.31279   78   56 6668.00000 5888.66022  11.7%  39.6  150s
 156955 81257 6332.97815   85   74 6668.00000 5889.67760  11.7%  39.1  155s
 162166 83199 5895.57914   37   76 6668.00000 5889.93287  11.7%  38.8  160s
 166375 85258 infeasible   67      6668.00000 5890.23710  11.7%  39.0  165s
 172602 88750 5993.89425   53   27 6668.00000 5890.59361  11.7%  39.0  170s
 179555 92076 5950.11968   43  107 6668.00000 5890.82358  11.7%  38.8  175s
 184138 93553 6400.08804   66   73 6668.00000 5891.04853  11.7%  38.9  180s
 190616 96691 6131.75410   55   60 6668.00000 5891.31578  11.6%  39.0  185s
 195949 99130 6557.73333   60   47 6668.00000 5891.52765  11.6%  39.0  191s
 201278 101406 infeasible   49      6668.00000 5891.95663  11.6%  38.9  195s
 206369 103470 5977.69113   46   23 6668.00000 5892.10586  11.6%  38.8  200s
 213056 106246 infeasible   54      6668.00000 5892.29821  11.6%  38.6  205s
 220583 109336 6238.73622   57   95 6668.00000 5892.61609  11.6%  38.5  210s
 225535 111232 5986.57706   44   21 6668.00000 5892.71967  11.6%  38.8  215s
 231588 114019 6194.67214   77   55 6668.00000 5892.78011  11.6%  38.8  220s
 237610 116911 5969.20000   46   64 6668.00000 5892.98897  11.6%  38.8  225s
 242057 118911 6290.54126   51   53 6668.00000 5893.08227  11.6%  38.9  230s
 247782 121393 infeasible   88      6668.00000 5893.29927  11.6%  38.9  236s
 254522 123994 6117.03821   50   84 6668.00000 5893.50102  11.6%  38.7  240s
 255973 124594     cutoff   94      6668.00000 5893.63000  11.6%  38.8  245s
 262298 127583 6386.91804   62   79 6668.00000 5893.94071  11.6%  38.7  250s
 268291 130728 6188.54000   45   15 6668.00000 5894.27484  11.6%  38.7  255s
 274169 133213 6179.31616   62   44 6668.00000 5894.47465  11.6%  38.7  260s
 280098 136073 infeasible   38      6668.00000 5894.81250  11.6%  38.5  265s
 286844 139219 6095.53510   40   18 6668.00000 5895.16147  11.6%  38.5  270s

Cutting planes:
  Learned: 100
  Gomory: 2
  Cover: 242
  MIR: 212
  StrongCG: 25
  Flow cover: 253
  Inf proof: 3
  Zero half: 1
  Network: 2
  RLT: 8
  Relax-and-lift: 11

Explored 290111 nodes (11162946 simplex iterations) in 272.48 seconds (143.65 work units)
Thread count was 12 (of 12 available processors)

Solution count 10: 6668 6773 6913 ... 7616

Solve interrupted
Best objective 6.668000000000e+03, best bound 5.896000000000e+03, gap 11.5777%
