
Gurobi 12.0.0 (win64) logging started Tue Feb 17 01:08:47 2026

Set parameter LogFile to value "Storage_orig/Logs/log______Sens_gamma_500_2026_02_17_01_08_47.log"
Set parameter MIPGap to value 0.01
Set parameter OutputFlag to value 1
Set parameter TimeLimit to value 600
Gurobi Optimizer version 12.0.0 build v12.0.0rc1 (win64 - Windows 11+.0 (26200.2))

CPU model: Intel(R) Core(TM) i7-9750H CPU @ 2.60GHz, instruction set [SSE2|AVX|AVX2]
Thread count: 6 physical cores, 12 logical processors, using up to 12 threads

Non-default parameters:
TimeLimit  600
MIPGap  0.01
MIPFocus  1

Optimize a model with 4170 rows, 840 columns and 11004 nonzeros
Model fingerprint: 0x3833e20a
Variable types: 18 continuous, 822 integer (570 binary)
Coefficient statistics:
  Matrix range     [2e-01, 1e+03]
  Objective range  [1e+01, 2e+03]
  Bounds range     [1e+00, 1e+00]
  RHS range        [1e+00, 1e+03]

User MIP start produced solution with objective 7842 (0.01s)
Loaded user MIP start with objective 7842

Presolve removed 2940 rows and 192 columns
Presolve time: 0.01s
Presolved: 1230 rows, 648 columns, 6453 nonzeros
Variable types: 18 continuous, 630 integer (450 binary)

Root relaxation: objective 6.717500e+03, 407 iterations, 0.01 seconds (0.01 work units)

    Nodes    |    Current Node    |     Objective Bounds      |     Work
 Expl Unexpl |  Obj  Depth IntInf | Incumbent    BestBd   Gap | It/Node Time

     0     0 6717.50003    0   31 7842.00000 6717.50003  14.3%     -    0s
     0     0 6718.00013    0   72 7842.00000 6718.00013  14.3%     -    0s
     0     0 6718.14286    0   68 7842.00000 6718.14286  14.3%     -    0s
     0     0 6747.87528    0   64 7842.00000 6747.87528  14.0%     -    0s
     0     0 6747.87528    0   64 7842.00000 6747.87528  14.0%     -    0s
     0     0 6990.92686    0   79 7842.00000 6990.92686  10.9%     -    0s
     0     0 7176.02025    0  106 7842.00000 7176.02025  8.49%     -    0s
     0     0 7186.66755    0  106 7842.00000 7186.66755  8.36%     -    0s
     0     0 7186.66755    0  118 7842.00000 7186.66755  8.36%     -    0s
     0     0 7421.04736    0  175 7842.00000 7421.04736  5.37%     -    0s
     0     0 7482.04879    0  163 7842.00000 7482.04879  4.59%     -    0s
     0     0 7544.75429    0  173 7842.00000 7544.75429  3.79%     -    0s
     0     0 7558.34948    0  194 7842.00000 7558.34948  3.62%     -    0s
     0     0 7582.43939    0  178 7842.00000 7582.43939  3.31%     -    0s
     0     0 7585.83964    0  189 7842.00000 7585.83964  3.27%     -    0s
     0     0 7585.83964    0  199 7842.00000 7585.83964  3.27%     -    0s
     0     0 7658.19909    0  216 7842.00000 7658.19909  2.34%     -    0s
     0     0 7658.19909    0  216 7842.00000 7658.19909  2.34%     -    0s
     0     0 7712.39658    0  158 7842.00000 7712.39658  1.65%     -    0s
     0     0 7722.00160    0  121 7842.00000 7722.00160  1.53%     -    0s
     0     0 7722.00160    0  110 7842.00000 7722.00160  1.53%     -    0s
     0     0 7723.01072    0   75 7842.00000 7723.01072  1.52%     -    0s
     0     0 7723.01072    0   27 7842.00000 7723.01072  1.52%     -    0s
     0     0 7723.01072    0   35 7842.00000 7723.01072  1.52%     -    0s
     0     0 7723.01072    0  115 7842.00000 7723.01072  1.52%     -    1s
     0     0 7723.01072    0  114 7842.00000 7723.01072  1.52%     -    1s
     0     0 7723.01072    0  122 7842.00000 7723.01072  1.52%     -    1s
     0     0 7723.01072    0  133 7842.00000 7723.01072  1.52%     -    1s
     0     0 7723.01072    0  133 7842.00000 7723.01072  1.52%     -    1s
     0     0 7723.01072    0  122 7842.00000 7723.01072  1.52%     -    1s
     0     0 7723.01072    0  116 7842.00000 7723.01072  1.52%     -    1s
     0     0 7723.01072    0  125 7842.00000 7723.01072  1.52%     -    1s
     0     0 7723.01072    0  134 7842.00000 7723.01072  1.52%     -    1s
     0     0 7723.01072    0  117 7842.00000 7723.01072  1.52%     -    1s
     0     0 7723.49012    0  113 7842.00000 7723.49012  1.51%     -    1s
     0     0 7723.49012    0  113 7842.00000 7723.49012  1.51%     -    1s
     0     0 7728.50000    0  150 7842.00000 7728.50000  1.45%     -    1s
     0     0 7728.50000    0  147 7842.00000 7728.50000  1.45%     -    1s
     0     0 7728.50000    0  163 7842.00000 7728.50000  1.45%     -    1s
     0     0 7735.00165    0  187 7842.00000 7735.00165  1.36%     -    1s
     0     0 7736.80000    0  150 7842.00000 7736.80000  1.34%     -    1s
     0     0 7748.50000    0  172 7842.00000 7748.50000  1.19%     -    1s
     0     0 7748.50000    0  179 7842.00000 7748.50000  1.19%     -    1s
     0     0 7762.00000    0  116 7842.00000 7762.00000  1.02%     -    1s
     0     0 7762.00000    0  104 7842.00000 7762.00000  1.02%     -    1s
     0     0 7762.00000    0    2 7842.00000 7762.00000  1.02%     -    1s
     0     0 7762.00000    0   18 7842.00000 7762.00000  1.02%     -    1s
     0     0 7762.00000    0   45 7842.00000 7762.00000  1.02%     -    1s
     0     0 7762.00000    0   89 7842.00000 7762.00000  1.02%     -    1s
     0     0 7762.00000    0  102 7842.00000 7762.00000  1.02%     -    1s
     0     0 7762.00000    0  100 7842.00000 7762.00000  1.02%     -    1s
     0     0 7762.00000    0  121 7842.00000 7762.00000  1.02%     -    1s
     0     0 7762.00000    0  132 7842.00000 7762.00000  1.02%     -    1s
     0     0 7762.00000    0  105 7842.00000 7762.00000  1.02%     -    1s
     0     0 7762.00000    0   99 7842.00000 7762.00000  1.02%     -    1s
     0     0 7762.00000    0   99 7842.00000 7762.00000  1.02%     -    1s
     0     0 7762.00000    0   88 7842.00000 7762.00000  1.02%     -    1s
     0     0 7762.00000    0   19 7842.00000 7762.00000  1.02%     -    1s
     0     0 7762.00000    0   19 7842.00000 7762.00000  1.02%     -    1s
     0     0 7762.00000    0   19 7842.00000 7762.00000  1.02%     -    1s

Cutting planes:
  Learned: 3
  Cover: 40
  Implied bound: 5
  Clique: 9
  MIR: 16
  StrongCG: 2
  Flow cover: 17
  Zero half: 2
  Network: 1
  RLT: 2
  Relax-and-lift: 3

Explored 1 nodes (15971 simplex iterations) in 1.83 seconds (0.89 work units)
Thread count was 12 (of 12 available processors)

Solution count 1: 7842 

Optimal solution found (tolerance 1.00e-02)
Best objective 7.842000000000e+03, best bound 7.778000000000e+03, gap 0.8161%
