
Gurobi 12.0.0 (win64) logging started Sat Feb  7 01:18:26 2026

Set parameter LogFile to value "Storage_orig/Logs/log_____________2026_02_07_01_18_26.log"
Set parameter MIPGap to value 0.01
Set parameter OutputFlag to value 1
Gurobi Optimizer version 12.0.0 build v12.0.0rc1 (win64 - Windows 11+.0 (26200.2))

CPU model: Intel(R) Core(TM) i7-9750H CPU @ 2.60GHz, instruction set [SSE2|AVX|AVX2]
Thread count: 6 physical cores, 12 logical processors, using up to 12 threads

Non-default parameters:
MIPGap  0.01
MIPFocus  1

Optimize a model with 6604 rows, 1332 columns and 17992 nonzeros
Model fingerprint: 0x88161e4b
Variable types: 32 continuous, 1300 integer (724 binary)
Coefficient statistics:
  Matrix range     [2e-01, 1e+03]
  Objective range  [1e+01, 4e+03]
  Bounds range     [1e+00, 1e+00]
  RHS range        [1e+00, 1e+03]
Found heuristic solution: objective 15560.000000
Presolve removed 4892 rows and 228 columns
Presolve time: 0.02s
Presolved: 1712 rows, 1104 columns, 10516 nonzeros
Variable types: 32 continuous, 1072 integer (624 binary)

Root relaxation: objective 3.302840e+03, 836 iterations, 0.01 seconds (0.02 work units)

    Nodes    |    Current Node    |     Objective Bounds      |     Work
 Expl Unexpl |  Obj  Depth IntInf | Incumbent    BestBd   Gap | It/Node Time

     0     0 3302.84000    0   16 15560.0000 3302.84000  78.8%     -    0s
     0     0 3741.26469    0   46 15560.0000 3741.26469  76.0%     -    0s
H    0     0                    15480.000000 3741.26469  75.8%     -    0s
H    0     0                    13560.000000 3741.26469  72.4%     -    0s
H    0     0                    13160.000000 3741.26469  71.6%     -    0s
     0     0 3750.84408    0   57 13160.0000 3750.84408  71.5%     -    0s
     0     0 3750.84408    0   61 13160.0000 3750.84408  71.5%     -    0s
H    0     0                    11981.000000 3750.84408  68.7%     -    0s
     0     0 3898.67316    0   99 11981.0000 3898.67316  67.5%     -    0s
H    0     0                    11741.000000 3916.52644  66.6%     -    0s
H    0     0                    11385.000000 3916.52644  65.6%     -    0s
     0     0 3916.52644    0  117 11385.0000 3916.52644  65.6%     -    0s
H    0     0                    10765.000000 3929.97399  63.5%     -    0s
     0     0 3929.97399    0  103 10765.0000 3929.97399  63.5%     -    0s
     0     0 3930.12493    0  111 10765.0000 3930.12493  63.5%     -    0s
     0     0 3930.16669    0  106 10765.0000 3930.16669  63.5%     -    0s
     0     0 3940.18000    0   22 10765.0000 3940.18000  63.4%     -    0s
H    0     0                    10205.000000 3940.18000  61.4%     -    0s
     0     0 3940.32000    0   22 10205.0000 3940.32000  61.4%     -    0s
     0     0 3940.32000    0   22 10205.0000 3940.32000  61.4%     -    0s
     0     0 3942.00000    0   36 10205.0000 3942.00000  61.4%     -    0s
     0     0 3942.00000    0   36 10205.0000 3942.00000  61.4%     -    0s
     0     0 3946.40000    0   16 10205.0000 3946.40000  61.3%     -    0s
     0     2 3946.40000    0   16 10205.0000 3946.40000  61.3%     -    1s
H    1     4                    9964.0000000 3946.40000  60.4%   237    1s
H   44    50                    8608.0000000 3954.40000  54.1%  47.3    1s
H   78    85                    8048.0000000 3954.40000  50.9%  43.7    1s
H   82    85                    7628.0000000 3954.40000  48.2%  43.0    1s
H  183   181                    7368.0000000 3954.40000  46.3%  35.0    1s
H  213   195                    7174.0000000 3954.40000  44.9%  32.6    1s
H  225   203                    6834.0000000 3954.40000  42.1%  31.9    2s
H  225   203                    6655.0000000 3954.40000  40.6%  31.9    2s
H  238   205                    6175.0000000 3954.40000  36.0%  30.9    2s
*  897   527              15    5456.0000000 4258.81363  21.9%  34.2    3s
  1613   971 4825.56627   43   16 5456.00000 4346.64074  20.3%  38.8    5s
  1631   983 4752.88588   13  130 5456.00000 4346.64074  20.3%  38.4   10s
  1718  1073 4346.64074   18  117 5456.00000 4346.64074  20.3%  42.8   15s
  2809  1207 4766.94176   49  106 5456.00000 4346.64074  20.3%  40.9   20s
  7804  2951     cutoff   31      5456.00000 4426.75000  18.9%  42.7   25s
H 8456  3135                    5446.0000000 4461.24656  18.1%  42.2   27s
H10344  3849                    5327.0000000 4573.46429  14.1%  40.9   29s
 11342  4564     cutoff   81      5327.00000 4573.46429  14.1%  39.7   30s
H11884  3443                    5028.0000000 4592.30182  8.67%  39.2   30s
 15500  6137 4899.60000   62   16 5028.00000 4620.51939  8.10%  37.3   35s
 17732  7090 4785.20000   43   26 5028.00000 4631.81429  7.88%  36.4   42s
H17739  3401                    4774.0000000 4631.81429  2.98%  36.4   42s
 17799  4190     cutoff   44      4774.00000 4631.81429  2.98%  36.4   47s
 21763  4496 4728.86667   39   16 4774.00000 4649.66171  2.60%  35.1   50s
 23740  4883 4741.63111   51   41 4774.00000 4653.26932  2.53%  34.5   56s
 24763  4987 4710.42550   44   18 4774.00000 4656.97273  2.45%  34.3   60s
 26694  5210     cutoff   39      4774.00000 4660.44897  2.38%  33.9   66s
 29225  5565 4717.66045   39   20 4774.00000 4663.99053  2.30%  33.2   72s
 30508  5816 4667.78333   49    3 4774.00000 4665.75716  2.27%  33.0   75s
 34972  6223     cutoff   42      4774.00000 4667.54889  2.23%  31.5   84s
 36311  6419 infeasible   45      4774.00000 4668.77000  2.20%  31.3   89s
 38182  6594 4674.98993   48   73 4774.00000 4669.40858  2.19%  30.9   93s
 39342  6680 4708.16818   47   22 4774.00000 4670.19286  2.17%  30.6   95s
 43348  6738 4743.96447   43   49 4774.00000 4672.90815  2.12%  29.9  101s
 44137  6811 4750.49467   36   36 4774.00000 4673.39751  2.11%  29.8  105s
 47141  6864 4708.20000   42    9 4774.00000 4676.49307  2.04%  29.4  111s
 49930  7056 4696.80094   44   35 4774.00000 4679.00000  1.99%  29.0  116s
 51311  7133 4741.61429   43   28 4774.00000 4679.15476  1.99%  28.9  121s
 52774  7197     cutoff   48      4774.00000 4680.46429  1.96%  28.6  127s
 54222  7172     cutoff   50      4774.00000 4681.32229  1.94%  28.5  130s
 60076  7238 4759.19286   47   34 4774.00000 4684.46143  1.88%  27.7  136s
 62691  7375     cutoff   45      4774.00000 4686.52946  1.83%  27.5  144s
 64019  7305 4766.12727   47   51 4774.00000 4687.49487  1.81%  27.3  147s
 65290  7248     cutoff   45      4774.00000 4688.86592  1.78%  27.3  150s
 70604  7178 4696.64286   42   10 4774.00000 4693.17833  1.69%  26.8  155s
 74678  6661 4725.59744   51   35 4774.00000 4696.03805  1.63%  26.6  164s
 83461  6585     cutoff   45      4774.00000 4698.73333  1.58%  25.7  165s
 90201  6233     cutoff   49      4774.00000 4703.06667  1.49%  25.4  171s
 95829  6076 4738.07143   45   13 4774.00000 4707.58448  1.39%  25.2  175s
 101570  6069 4720.94468   51   22 4774.00000 4709.63115  1.35%  24.8  180s
 109019  6323     cutoff   65      4774.00000 4712.51801  1.29%  24.1  185s
 115698  6318 4720.00000   43   38 4774.00000 4713.91234  1.26%  23.4  190s
 121443  6577 4720.51800   49   44 4774.00000 4715.55162  1.22%  23.1  195s
 127204  6342 4717.64286   49   19 4774.00000 4717.02006  1.19%  22.6  200s
 131785  6005 4734.81300   55   31 4774.00000 4719.11250  1.15%  22.4  205s
 138858  6091     cutoff   59      4774.00000 4722.64429  1.08%  22.0  210s
 150504  6503 4727.03030   52   25 4774.00000 4725.32823  1.02%  21.3  215s
 159317  6891 4738.84286   48   31 4774.00000 4725.89760  1.01%  20.7  220s

Cutting planes:
  Learned: 188
  Gomory: 2
  Cover: 53
  MIR: 48
  StrongCG: 1
  Flow cover: 94
  Inf proof: 4
  Zero half: 1
  Network: 13
  RLT: 12
  Relax-and-lift: 10

Explored 161985 nodes (3328690 simplex iterations) in 221.20 seconds (39.96 work units)
Thread count was 12 (of 12 available processors)

Solution count 10: 4774 4774 5028 ... 7174

Optimal solution found (tolerance 1.00e-02)
Best objective 4.774000000000e+03, best bound 4.727000000000e+03, gap 0.9845%
