
Gurobi 12.0.0 (win64) logging started Sun Feb 15 19:39:05 2026

Set parameter LogFile to value "Storage_orig/Logs/log______Sens_truck_cost_multiplier_2_2026_02_15_19_39_05.log"
Set parameter MIPGap to value 0.01
Set parameter OutputFlag to value 1
Set parameter TimeLimit to value 600
Gurobi Optimizer version 12.0.0 build v12.0.0rc1 (win64 - Windows 11+.0 (26200.2))

CPU model: Intel(R) Core(TM) i7-9750H CPU @ 2.60GHz, instruction set [SSE2|AVX|AVX2]
Thread count: 6 physical cores, 12 logical processors, using up to 12 threads

Non-default parameters:
TimeLimit  600
MIPGap  0.01
MIPFocus  1

Optimize a model with 4170 rows, 840 columns and 11004 nonzeros
Model fingerprint: 0xa87eb220
Variable types: 18 continuous, 822 integer (570 binary)
Coefficient statistics:
  Matrix range     [2e-01, 1e+03]
  Objective range  [1e+01, 2e+03]
  Bounds range     [1e+00, 1e+00]
  RHS range        [1e+00, 1e+03]
Found heuristic solution: objective 37800.000000
Presolve removed 2940 rows and 192 columns
Presolve time: 0.05s
Presolved: 1230 rows, 648 columns, 6453 nonzeros
Variable types: 18 continuous, 630 integer (450 binary)

Root relaxation: objective 6.567500e+03, 407 iterations, 0.02 seconds (0.01 work units)

    Nodes    |    Current Node    |     Objective Bounds      |     Work
 Expl Unexpl |  Obj  Depth IntInf | Incumbent    BestBd   Gap | It/Node Time

     0     0 6567.50003    0   31 37800.0000 6567.50003  82.6%     -    0s
H    0     0                    33484.000000 6567.50003  80.4%     -    0s
H    0     0                    31284.000000 6567.50003  79.0%     -    0s
H    0     0                    25570.000000 6567.50003  74.3%     -    0s
H    0     0                    24370.000000 6567.50003  73.1%     -    0s
H    0     0                    20850.000000 6568.00012  68.5%     -    0s
H    0     0                    19650.000000 6568.00012  66.6%     -    0s
H    0     0                    19370.000000 6568.00012  66.1%     -    0s
     0     0 6568.00012    0   76 19370.0000 6568.00012  66.1%     -    0s
H    0     0                    17964.000000 6568.14286  63.4%     -    0s
H    0     0                    17804.000000 6568.14286  63.1%     -    0s
H    0     0                    17524.000000 6568.14286  62.5%     -    0s
     0     0 6568.14286    0   87 17524.0000 6568.14286  62.5%     -    0s
     0     0 6574.00033    0   60 17524.0000 6574.00033  62.5%     -    0s
     0     0 6574.82262    0   57 17524.0000 6574.82262  62.5%     -    0s
     0     0 6574.82262    0   57 17524.0000 6574.82262  62.5%     -    0s
H    0     0                    13074.000000 6654.20019  49.1%     -    0s
H    0     0                    11994.000000 6654.20019  44.5%     -    0s
     0     0 6654.20019    0   90 11994.0000 6654.20019  44.5%     -    0s
     0     0 6667.81883    0  120 11994.0000 6667.81883  44.4%     -    0s
H    0     0                    10975.000000 6668.48542  39.2%     -    0s
     0     0 6668.48542    0  128 10975.0000 6668.48542  39.2%     -    0s
     0     0 6674.29282    0  111 10975.0000 6674.29282  39.2%     -    0s
H    0     0                    9495.0000000 6675.00927  29.7%     -    0s
     0     0 6675.00927    0  120 9495.00000 6675.00927  29.7%     -    0s
     0     0 6675.19427    0  120 9495.00000 6675.19427  29.7%     -    0s
     0     0 6675.24484    0  115 9495.00000 6675.24484  29.7%     -    0s
     0     0 6675.24484    0  115 9495.00000 6675.24484  29.7%     -    0s
H    0     0                    7012.0000000 6675.24484  4.80%     -    0s
     0     0 6702.03320    0  157 7012.00000 6702.03320  4.42%     -    1s
     0     0 6725.01716    0  160 7012.00000 6725.01716  4.09%     -    1s
     0     0 6726.20917    0  179 7012.00000 6726.20917  4.08%     -    1s
     0     0 6727.64370    0  176 7012.00000 6727.64370  4.06%     -    1s
     0     0 6728.72051    0  175 7012.00000 6728.72051  4.04%     -    1s
     0     0 6730.92280    0  195 7012.00000 6730.92280  4.01%     -    1s
     0     0 6732.08454    0  208 7012.00000 6732.08454  3.99%     -    1s
     0     0 6734.36050    0  195 7012.00000 6734.36050  3.96%     -    1s
     0     0 6737.80452    0  197 7012.00000 6737.80452  3.91%     -    1s
     0     0 6737.92561    0  215 7012.00000 6737.92561  3.91%     -    1s
     0     0 6737.93347    0  223 7012.00000 6737.93347  3.91%     -    1s
     0     0 6756.22912    0  136 7012.00000 6756.22912  3.65%     -    1s
     0     0 6758.89111    0  145 7012.00000 6758.89111  3.61%     -    1s
     0     0 6765.01659    0  170 7012.00000 6765.01659  3.52%     -    1s
     0     0 6767.30163    0  171 7012.00000 6767.30163  3.49%     -    1s
     0     0 6772.30329    0  141 7012.00000 6772.30329  3.42%     -    1s
     0     0 6772.49178    0  154 7012.00000 6772.49178  3.42%     -    2s
     0     0 6773.09593    0  164 7012.00000 6773.09593  3.41%     -    2s
     0     0 6773.24265    0  139 7012.00000 6773.24265  3.40%     -    2s
     0     0 6773.24265    0   96 7012.00000 6773.24265  3.40%     -    2s
     0     0 6778.50000    0  104 7012.00000 6778.50000  3.33%     -    2s
     0     2 6778.50000    0   74 7012.00000 6778.50000  3.33%     -    2s
H   40    45                    6956.0000000 6778.50000  2.55%   190    2s
   509   423 6794.12147   26   75 6956.00000 6778.50000  2.55%  47.9    5s
  1448  1014 6792.70009    9  136 6956.00000 6785.00471  2.46%  43.7   10s
  1841  1185 6818.50000    6   25 6956.00000 6818.50000  1.98%  47.5   15s
  1894  1222 6852.08660   22  136 6956.00000 6852.08660  1.49%  50.8   20s
  3156  1484 6905.50000   73   23 6956.00000 6854.75661  1.46%  45.2   25s
  6447  1492 6876.00171   65   68 6956.00000 6856.19113  1.43%  35.6   30s
  9704  1803     cutoff   54      6956.00000 6857.55063  1.42%  33.2   35s
 14404  1877 infeasible   49      6956.00000 6860.40179  1.37%  31.7   40s
 20431  2789 6868.07692   48   37 6956.00000 6864.00000  1.32%  30.6   45s
 25958  3442     cutoff   50      6956.00000 6866.03761  1.29%  30.6   50s
 30684  4171 infeasible   51      6956.00000 6867.31250  1.27%  30.7   55s
 35629  5401     cutoff   69      6956.00000 6868.07692  1.26%  30.2   60s
 41692  6116     cutoff   65      6956.00000 6868.72581  1.25%  28.9   65s
 47978  7196 6922.38350   52   67 6956.00000 6869.08419  1.25%  28.1   70s
 53624  8101 6871.10909   53   38 6956.00000 6869.36364  1.25%  27.3   75s
 61369  7957 infeasible   62      6956.00000 6870.02664  1.24%  26.5   80s
 68478  8711 infeasible   58      6956.00000 6871.10909  1.22%  26.0   85s
 73465  9610     cutoff   45      6956.00000 6871.48598  1.21%  25.9   90s
 77335  9699 6876.22590   62   99 6956.00000 6871.76364  1.21%  25.7   95s
 84888  9741 6874.96628   57   93 6956.00000 6872.67806  1.20%  25.3  100s
 90468 10325 6912.21702   67   94 6956.00000 6873.18182  1.19%  25.1  105s
 96984 10767 6888.99645   60   37 6956.00000 6873.99300  1.18%  24.9  110s
 101561 11389 6877.08203   69   31 6956.00000 6874.22486  1.18%  24.7  115s
 109684 11798 infeasible   61      6956.00000 6874.56643  1.17%  24.3  121s
 114962 12307 infeasible   55      6956.00000 6874.89084  1.17%  24.1  125s
 121616 12797 infeasible   70      6956.00000 6875.27834  1.16%  23.9  130s
 127709 13107 6906.02283   74   59 6956.00000 6875.58182  1.16%  23.8  135s
 133834 13758     cutoff   61      6956.00000 6876.38132  1.14%  23.7  141s
 139170 13637 infeasible   69      6956.00000 6876.83000  1.14%  23.6  145s
 145694 13967     cutoff   51      6956.00000 6877.42099  1.13%  23.6  150s
 147162 13918 infeasible   65      6956.00000 6877.62222  1.13%  23.6  155s
 153415 14082 6880.64465   68   47 6956.00000 6878.04519  1.12%  23.6  160s
 158886 14517 infeasible   63      6956.00000 6878.62939  1.11%  23.6  165s
 164554 15230 infeasible   75      6956.00000 6879.08704  1.11%  23.6  171s
 171173 15767     cutoff   69      6956.00000 6879.49595  1.10%  23.4  175s
 176175 16114     cutoff   67      6956.00000 6879.79474  1.10%  23.4  180s
 181235 16657 infeasible   67      6956.00000 6879.95054  1.09%  23.2  185s
 186861 16889     cutoff   66      6956.00000 6880.20588  1.09%  23.2  191s
 192589 16736     cutoff   58      6956.00000 6880.54637  1.08%  23.1  195s
 198765 16912 6881.21639   62   68 6956.00000 6881.00188  1.08%  23.1  201s
 204594 17399     cutoff   64      6956.00000 6881.38451  1.07%  23.0  205s
 211596 17330     cutoff   63      6956.00000 6881.82468  1.07%  22.9  210s
 218085 17478 6883.75661   58   69 6956.00000 6882.34080  1.06%  22.8  215s
 222392 17568 6887.47765   85   46 6956.00000 6882.56170  1.06%  22.9  220s
 228601 17324 6886.40625   65   50 6956.00000 6883.21367  1.05%  22.8  225s
 235549 17046     cutoff   68      6956.00000 6883.80219  1.04%  22.7  230s
 243634 17080 6920.63478   84   76 6956.00000 6884.69753  1.03%  22.4  235s
 250918 16988 6895.37303   72   95 6956.00000 6885.20518  1.02%  22.2  240s
 257421 17084 infeasible   59      6956.00000 6885.66315  1.01%  22.0  245s

Cutting planes:
  Learned: 85
  Gomory: 1
  Cover: 197
  Clique: 9
  MIR: 134
  StrongCG: 11
  Flow cover: 165
  Inf proof: 17
  Zero half: 17
  Network: 1
  RLT: 9
  Relax-and-lift: 14

Explored 264623 nodes (5787065 simplex iterations) in 249.83 seconds (79.87 work units)
Thread count was 12 (of 12 available processors)

Solution count 10: 6956 6956 7012 ... 17964

Optimal solution found (tolerance 1.00e-02)
Best objective 6.956000000000e+03, best bound 6.887000000000e+03, gap 0.9919%
