
Gurobi 12.0.0 (win64) logging started Mon Feb 16 01:15:37 2026

Set parameter LogFile to value "Storage_orig/Logs/log______Sens_C_range_reduced_(150, 150)_2026_02_16_01_15_37.log"
Set parameter MIPGap to value 0.01
Set parameter OutputFlag to value 1
Set parameter TimeLimit to value 600
Gurobi Optimizer version 12.0.0 build v12.0.0rc1 (win64 - Windows 11+.0 (26200.2))

CPU model: Intel(R) Core(TM) i7-9750H CPU @ 2.60GHz, instruction set [SSE2|AVX|AVX2]
Thread count: 6 physical cores, 12 logical processors, using up to 12 threads

Non-default parameters:
TimeLimit  600
MIPGap  0.01
MIPFocus  1

Optimize a model with 5133 rows, 960 columns and 13434 nonzeros
Model fingerprint: 0xdba7441b
Variable types: 18 continuous, 942 integer (690 binary)
Coefficient statistics:
  Matrix range     [2e-01, 1e+03]
  Objective range  [1e+01, 2e+03]
  Bounds range     [1e+00, 1e+00]
  RHS range        [1e+00, 1e+03]

User MIP start produced solution with objective 10172 (0.01s)
Loaded user MIP start with objective 10172

Presolve removed 3657 rows and 213 columns
Presolve time: 0.05s
Presolved: 1476 rows, 747 columns, 5832 nonzeros
Variable types: 18 continuous, 729 integer (540 binary)

Root relaxation: objective 7.467600e+03, 555 iterations, 0.03 seconds (0.01 work units)

    Nodes    |    Current Node    |     Objective Bounds      |     Work
 Expl Unexpl |  Obj  Depth IntInf | Incumbent    BestBd   Gap | It/Node Time

     0     0 7467.60003    0   35 10172.0000 7467.60003  26.6%     -    0s
H    0     0                    10032.000000 7467.60003  25.6%     -    0s
H    0     0                    9612.0000000 7467.60003  22.3%     -    0s
     0     0 7468.13347    0   88 9612.00000 7468.13347  22.3%     -    0s
H    0     0                    9452.0000000 7468.25000  21.0%     -    0s
H    0     0                    9292.0000000 7468.25000  19.6%     -    0s
H    0     0                    9232.0000000 7468.25000  19.1%     -    0s
     0     0 7468.25000    0   56 9232.00000 7468.25000  19.1%     -    0s
     0     0 7468.25000    0   71 9232.00000 7468.25000  19.1%     -    0s
H    0     0                    8552.0000000 7468.25000  12.7%     -    0s
     0     0 7525.15551    0  113 8552.00000 7525.15551  12.0%     -    0s
H    0     0                    8472.0000000 7561.06744  10.8%     -    0s
H    0     0                    8332.0000000 7561.06744  9.25%     -    0s
H    0     0                    7932.0000000 7561.06744  4.68%     -    0s
     0     0 7561.06744    0  138 7932.00000 7561.06744  4.68%     -    0s
     0     0 7599.87885    0  139 7932.00000 7599.87885  4.19%     -    0s
     0     0 7599.89235    0  154 7932.00000 7599.89235  4.19%     -    0s
     0     0 7602.33359    0  134 7932.00000 7602.33359  4.16%     -    0s
     0     0 7602.76857    0  146 7932.00000 7602.76857  4.15%     -    0s
     0     0 7602.87615    0  153 7932.00000 7602.87615  4.15%     -    0s
     0     0 7602.87615    0  153 7932.00000 7602.87615  4.15%     -    0s
     0     0 7625.33990    0  190 7932.00000 7625.33990  3.87%     -    1s
     0     0 7651.44449    0  147 7932.00000 7651.44449  3.54%     -    1s
     0     0 7664.14656    0  162 7932.00000 7664.14656  3.38%     -    1s
     0     0 7664.72147    0  176 7932.00000 7664.72147  3.37%     -    1s
     0     0 7667.04910    0  173 7932.00000 7667.04910  3.34%     -    1s
     0     0 7671.64834    0  187 7932.00000 7671.64834  3.28%     -    1s
     0     0 7671.64834    0  215 7932.00000 7671.64834  3.28%     -    1s
     0     0 7675.57516    0  193 7932.00000 7675.57516  3.23%     -    1s
     0     0 7679.37500    0  165 7932.00000 7679.37500  3.18%     -    1s
     0     0 7679.37500    0  170 7932.00000 7679.37500  3.18%     -    1s
     0     0 7679.37500    0   21 7932.00000 7679.37500  3.18%     -    2s
H    0     0                    7910.0000000 7679.37500  2.92%     -    2s
     0     2 7679.37500    0   20 7910.00000 7679.37500  2.92%     -    2s
   296   278 7715.36237   17   49 7910.00000 7680.01442  2.91%  70.8    5s
  1457   987 7757.31816   11  107 7910.00000 7684.13902  2.86%  49.3   10s
  1693  1131 7733.68889    8  238 7910.00000 7684.33333  2.85%  47.3   15s
  1797  1222 7731.88122   21  224 7910.00000 7685.00000  2.84%  72.1   20s
  2461  1435 7800.48647   27  254 7910.00000 7691.53630  2.76%  78.0   25s
  4274  1740 7822.26493   37   60 7910.00000 7718.64198  2.42%  67.6   30s
  7937  3038     cutoff   50      7910.00000 7718.64198  2.42%  58.6   35s
 11026  4110 7735.61315   40  177 7910.00000 7718.64198  2.42%  57.2   40s
 14796  6109 7720.90032   37   81 7910.00000 7718.64198  2.42%  54.5   45s
 18675  7680 7725.44746   40  126 7910.00000 7718.64198  2.42%  52.3   50s
 22794  9505 7732.20866   50  102 7910.00000 7718.64198  2.42%  51.2   55s
 25963 10966 7740.55000   63   57 7910.00000 7719.11022  2.41%  51.0   60s
 30335 13681 7737.53709   53   39 7910.00000 7719.27770  2.41%  49.0   65s
 35914 16355 7722.86321   39  123 7910.00000 7719.45814  2.41%  47.4   71s
 38141 17742 7732.88740   42   61 7910.00000 7719.45814  2.41%  47.2   75s
 41439 19649 7761.01228   52  107 7910.00000 7719.59277  2.41%  47.0   81s
 45740 21167 7728.83333   42   69 7910.00000 7719.78205  2.40%  46.5   85s
 48881 21926 7726.78481   39  103 7910.00000 7719.80114  2.40%  46.5   90s
 50989 22982 infeasible   61      7910.00000 7719.86530  2.40%  46.5   96s
 55767 25035 infeasible   65      7910.00000 7719.87348  2.40%  45.9  101s
 59722 27124 7737.44754   57  140 7910.00000 7719.87348  2.40%  45.4  105s
 62771 28025 7744.86744   50  121 7910.00000 7719.87348  2.40%  45.4  110s
 66920 29673 7764.28667   56   81 7910.00000 7719.87348  2.40%  45.6  116s
 70438 31089 7767.57072   61   24 7910.00000 7719.87348  2.40%  45.6  121s
 73476 32343 infeasible   57      7910.00000 7719.88355  2.40%  45.6  126s
 76170 34335     cutoff   64      7910.00000 7719.98160  2.40%  45.5  130s
 80556 35773 7765.33751   50   19 7910.00000 7720.14631  2.40%  45.2  135s
 83388 37004 7745.81281   51  181 7910.00000 7720.31921  2.40%  45.7  140s
 88411 39391 7732.39056   44  133 7910.00000 7720.90032  2.39%  45.2  146s
 90773 41202 7730.32915   45  118 7910.00000 7720.91069  2.39%  45.1  151s
 95196 43116 7747.79483   60  168 7910.00000 7720.92243  2.39%  44.8  155s
 99852 45394 7732.49610   51   77 7910.00000 7721.08934  2.39%  44.6  160s
 105423 48057 7732.68025   44  121 7910.00000 7721.12666  2.39%  44.2  165s
 109723 49643 7735.45722   51  153 7910.00000 7721.20170  2.39%  44.1  170s
 112520 50464     cutoff   52      7910.00000 7721.20473  2.39%  44.4  175s
 116268 52669 7833.55944   76  129 7910.00000 7721.27122  2.39%  44.2  180s
 119669 53947 7738.00981   58  147 7910.00000 7721.31004  2.39%  44.3  185s
 123258 55384 7740.45004   59  122 7910.00000 7721.40058  2.38%  44.4  190s
 125971 56332 7755.33939   49  110 7910.00000 7721.71390  2.38%  44.5  197s
 128176 57915 7758.77398   57  133 7910.00000 7722.05324  2.38%  44.5  201s
 133039 60257 7725.69510   44  182 7910.00000 7722.17300  2.37%  44.1  205s
 138283 62861 7733.12042   42  120 7910.00000 7722.28295  2.37%  43.7  210s
 141896 64089 7786.79396   76   73 7910.00000 7722.37314  2.37%  43.6  216s
 144578 65695     cutoff   54      7910.00000 7722.39957  2.37%  43.6  220s
 148376 67910 7832.69841   43   63 7910.00000 7722.49510  2.37%  43.6  226s
 152426 69554 7730.55893   49  174 7910.00000 7722.52500  2.37%  43.4  230s
 155256 71262 7725.75585   47  101 7910.00000 7722.59995  2.37%  43.4  235s
 160001 73741 7760.61274   92   88 7910.00000 7722.71132  2.37%  43.4  240s
 163500 74900 7725.67097   35  126 7910.00000 7722.76149  2.37%  43.4  245s
 166712 76516 7761.31515   41  114 7910.00000 7722.87127  2.37%  43.5  250s
 171594 79350 7736.03121   48  206 7910.00000 7722.96503  2.36%  43.5  256s
 174786 80371 7752.04599   54   96 7910.00000 7723.06865  2.36%  43.5  261s
 177210 81162 7736.67001   49  141 7910.00000 7723.17284  2.36%  43.6  266s
 180151 82138 7743.07506   57   66 7910.00000 7723.28089  2.36%  43.8  271s
 182310 83480 7737.35000   51   97 7910.00000 7723.41478  2.36%  43.9  275s
 186482 85486     cutoff   55      7910.00000 7723.42357  2.36%  43.8  280s
 189094 86281 7835.35560   47  131 7910.00000 7723.48191  2.36%  44.0  285s
 192138 87464 7738.73488   53  191 7910.00000 7723.55732  2.36%  44.1  291s
 194992 88475 7737.44138   48  158 7910.00000 7723.69054  2.36%  44.1  295s
 196171 88486 7731.47213   51   81 7910.00000 7723.72878  2.35%  44.2  302s
 196217 88498 7735.78407   53  137 7910.00000 7723.72878  2.35%  44.2  306s
 196933 89292 7742.70787   47  147 7910.00000 7723.76990  2.35%  44.3  310s
 200568 90430     cutoff   63      7910.00000 7723.90459  2.35%  44.4  317s
 202832 91375 7734.48533   62   78 7910.00000 7723.91595  2.35%  44.5  321s
 205375 92392 7729.73876   51   61 7910.00000 7723.91595  2.35%  44.6  325s
 208996 93884     cutoff   60      7910.00000 7724.01273  2.35%  44.6  330s
 213036 96171     cutoff   52      7910.00000 7724.07455  2.35%  44.6  336s
 216989 98033 7853.45105   43   99 7910.00000 7724.10795  2.35%  44.4  341s
 219134 99055 7739.48921   50  170 7910.00000 7724.14808  2.35%  44.5  345s
 223090 100780 7845.60000   46   25 7910.00000 7724.22541  2.35%  44.5  350s
 227534 102591 7735.28687   48   96 7910.00000 7724.37061  2.35%  44.3  356s
 229937 103874 7737.38116   51  161 7910.00000 7724.48800  2.35%  44.4  360s
 233340 104899 7756.66111   59   89 7910.00000 7724.59033  2.34%  44.5  365s
 236597 106154 7760.56574   99  116 7910.00000 7724.79095  2.34%  44.5  370s
 240256 107418 7789.34591   47   59 7910.00000 7724.94908  2.34%  44.6  376s
 242524 108086 7741.38975   54  125 7910.00000 7725.09421  2.34%  44.8  380s
 245061 108866 7738.59447   60   76 7910.00000 7725.19391  2.34%  44.9  385s
 248042 109770 7729.33442   50  111 7910.00000 7725.27013  2.34%  45.0  390s
 250339 110531 7741.41796   55   92 7910.00000 7725.39149  2.33%  45.1  395s
 254954 112586 7739.79014   55   91 7910.00000 7725.44429  2.33%  45.1  401s
 257383 113538 7736.34366   46  114 7910.00000 7725.53841  2.33%  45.2  405s
 260532 114846 7774.09400   63  113 7910.00000 7725.62468  2.33%  45.3  411s
 263879 116028 infeasible   64      7910.00000 7725.68164  2.33%  45.3  415s
 266599 116898     cutoff   53      7910.00000 7725.84290  2.33%  45.4  420s
 270079 118402 7733.14666   55  138 7910.00000 7725.95844  2.33%  45.5  426s
 272466 119437 7810.86834   50   83 7910.00000 7726.01043  2.33%  45.6  430s
 276689 121332     cutoff   56      7910.00000 7726.15390  2.32%  45.5  437s
 279938 122284 7810.31681   51   85 7910.00000 7726.21849  2.32%  45.6  441s
 281744 123583 7739.09641   55  200 7910.00000 7726.27799  2.32%  45.6  445s
 285860 124439 7875.64242   60  101 7910.00000 7726.38979  2.32%  45.7  451s
 287885 125218 7740.02465   55  131 7910.00000 7726.41297  2.32%  45.8  455s
 291099 126241 7737.85626   47   53 7910.00000 7726.52458  2.32%  45.9  461s
 293131 127729 7729.37070   54  246 7910.00000 7726.56178  2.32%  46.0  465s
 295897 128532 7851.53064   47   60 7910.00000 7726.61978  2.32%  46.0  470s
 298594 129677 7795.65000   70  104 7910.00000 7726.61990  2.32%  46.1  476s
 302263 130948     cutoff   57      7910.00000 7726.62898  2.32%  46.1  480s
 304650 131968 7839.05461   71   75 7910.00000 7726.69809  2.32%  46.2  485s
 307708 133167 7775.47712   60   82 7910.00000 7726.81647  2.32%  46.2  490s
 311552 134447 7755.40793   58  128 7910.00000 7726.91888  2.31%  46.3  496s
 313474 135253 infeasible   59      7910.00000 7727.06829  2.31%  46.3  501s
 316490 136808 7854.84905   50  112 7910.00000 7727.21071  2.31%  46.3  505s
 320778 138264 infeasible   61      7910.00000 7727.33196  2.31%  46.3  511s
 324183 139570 infeasible   63      7910.00000 7727.40361  2.31%  46.3  516s
 326398 140184 7831.32200   40   18 7910.00000 7727.48198  2.31%  46.3  520s
 330438 142131 7781.48893   70  108 7910.00000 7727.51377  2.31%  46.2  525s
 333463 143242 7845.54346   40   59 7910.00000 7727.59674  2.31%  46.3  532s
 336319 144371 7736.23725   40  161 7910.00000 7727.70234  2.30%  46.4  536s
 339279 145378 7735.64694   41   78 7910.00000 7727.71770  2.30%  46.4  541s
 342035 146607 infeasible   56      7910.00000 7727.75491  2.30%  46.5  545s
 346406 148629     cutoff   60      7910.00000 7727.77973  2.30%  46.4  551s
 349435 149550 7734.20974   40  102 7910.00000 7727.80381  2.30%  46.4  555s
 353016 150942 7728.09141   49  177 7910.00000 7727.85748  2.30%  46.3  560s
 355803 152075 7743.08667   48  164 7910.00000 7727.91090  2.30%  46.4  566s
 358764 153548 7729.05519   44   93 7910.00000 7727.99572  2.30%  46.4  570s
 363273 155470 7741.46249   47  140 7910.00000 7728.03639  2.30%  46.3  575s
 367095 156795 infeasible   64      7910.00000 7728.10588  2.30%  46.3  580s
 369092 157249 7776.71667   67   75 7910.00000 7728.14155  2.30%  46.4  585s
 371018 158040     cutoff   42      7910.00000 7728.15908  2.30%  46.4  591s
 373973 159438 7767.72058   67   43 7910.00000 7728.23966  2.30%  46.5  596s
 377165 160059 7743.59151   48  112 7910.00000 7728.27554  2.30%  46.5  600s

Cutting planes:
  Learned: 17
  Cover: 296
  MIR: 283
  StrongCG: 23
  Flow cover: 241
  Inf proof: 8
  Zero half: 4
  Network: 3
  RLT: 5
  Relax-and-lift: 19

Explored 377206 nodes (17548901 simplex iterations) in 600.10 seconds (213.79 work units)
Thread count was 12 (of 12 available processors)

Solution count 10: 7910 7932 8332 ... 10032

Time limit reached
Best objective 7.910000000000e+03, best bound 7.729000000000e+03, gap 2.2882%
