
Gurobi 12.0.0 (win64) logging started Sun Jan 25 21:05:41 2026

Set parameter LogFile to value "Storage_orig/Logs/log______Sens_gamma_0_2026_01_25_21_05_41.log"
Set parameter MIPGap to value 0.01
Set parameter OutputFlag to value 1
Read solution from file Storage_orig/Solutions/solved________2026_01_25_20_35_03.sol
Gurobi Optimizer version 12.0.0 build v12.0.0rc1 (win64 - Windows 11.0 (26100.2))

CPU model: Intel(R) Core(TM) i7-9750H CPU @ 2.60GHz, instruction set [SSE2|AVX|AVX2]
Thread count: 6 physical cores, 12 logical processors, using up to 12 threads

Non-default parameters:
MIPGap  0.01
MIPFocus  1

Optimize a model with 16136 rows, 2280 columns and 42876 nonzeros
Model fingerprint: 0x4e1f99d1
Variable types: 40 continuous, 2240 integer (1360 binary)
Coefficient statistics:
  Matrix range     [2e-01, 1e+03]
  Objective range  [1e+00, 4e+03]
  Bounds range     [1e+00, 1e+00]
  RHS range        [1e+00, 1e+03]

Loaded user MIP start with objective 6214

Presolve removed 12932 rows and 356 columns
Presolve time: 0.05s
Presolved: 3204 rows, 1924 columns, 21376 nonzeros
Variable types: 40 continuous, 1884 integer (1160 binary)

Root relaxation: objective 6.000030e+03, 2219 iterations, 0.07 seconds (0.07 work units)

    Nodes    |    Current Node    |     Objective Bounds      |     Work
 Expl Unexpl |  Obj  Depth IntInf | Incumbent    BestBd   Gap | It/Node Time

     0     0 6000.03000    0   43 6214.00000 6000.03000  3.44%     -    0s
     0     0 6002.78965    0  127 6214.00000 6002.78965  3.40%     -    0s
     0     0 6004.86698    0  107 6214.00000 6004.86698  3.37%     -    0s
     0     0 6005.02250    0  115 6214.00000 6005.02250  3.36%     -    0s
     0     0 6005.18922    0  117 6214.00000 6005.18922  3.36%     -    0s
     0     0 6005.18922    0  126 6214.00000 6005.18922  3.36%     -    0s
     0     0 6006.39097    0  145 6214.00000 6006.39097  3.34%     -    0s
     0     0 6006.46825    0  153 6214.00000 6006.46825  3.34%     -    0s
     0     0 6006.47346    0  193 6214.00000 6006.47346  3.34%     -    0s
     0     0 6006.47387    0  214 6214.00000 6006.47387  3.34%     -    0s
     0     0 6006.67957    0  208 6214.00000 6006.67957  3.34%     -    0s
     0     0 6006.75454    0  169 6214.00000 6006.75454  3.34%     -    0s
     0     0 6008.62909    0  195 6214.00000 6008.62909  3.30%     -    1s
     0     0 6008.74671    0  187 6214.00000 6008.74671  3.30%     -    1s
     0     0 6008.77085    0  184 6214.00000 6008.77085  3.30%     -    1s
     0     0 6008.77246    0  208 6214.00000 6008.77246  3.30%     -    1s
     0     0 6008.77530    0  223 6214.00000 6008.77530  3.30%     -    1s
     0     0 6008.77968    0  260 6214.00000 6008.77968  3.30%     -    1s
     0     0 6008.81794    0  243 6214.00000 6008.81794  3.30%     -    1s
     0     0 6008.81847    0  251 6214.00000 6008.81847  3.30%     -    1s
     0     0 6009.15644    0  295 6214.00000 6009.15644  3.30%     -    1s
     0     0 6010.48548    0  161 6214.00000 6010.48548  3.28%     -    1s
     0     0 6010.50760    0  171 6214.00000 6010.50760  3.27%     -    1s
     0     0 6010.54035    0  188 6214.00000 6010.54035  3.27%     -    1s
     0     0 6010.61603    0  180 6214.00000 6010.61603  3.27%     -    1s
     0     0 6010.64629    0  190 6214.00000 6010.64629  3.27%     -    1s
     0     0 6010.68087    0  202 6214.00000 6010.68087  3.27%     -    1s
     0     0 6010.69450    0  202 6214.00000 6010.69450  3.27%     -    1s
     0     0 6011.14428    0  185 6214.00000 6011.14428  3.26%     -    1s
     0     0 6011.15308    0  191 6214.00000 6011.15308  3.26%     -    1s
     0     0 6011.15642    0  220 6214.00000 6011.15642  3.26%     -    1s
     0     0 6011.16006    0  225 6214.00000 6011.16006  3.26%     -    1s
     0     0 6011.16373    0  231 6214.00000 6011.16373  3.26%     -    1s
     0     0 6011.17165    0  201 6214.00000 6011.17165  3.26%     -    1s
     0     0 6011.17165    0  203 6214.00000 6011.17165  3.26%     -    1s
     0     0 6011.29678    0  147 6214.00000 6011.29678  3.26%     -    1s
     0     2 6011.29678    0  137 6214.00000 6011.29678  3.26%     -    2s
   279   270 6172.91086   38   41 6214.00000 6012.99732  3.23%  51.3    5s
H  439   388                    6212.0000000 6012.99732  3.20%  45.9    6s
  1316  1039     cutoff   62      6212.00000 6013.10183  3.20%  33.6   10s
  1883  1410 6015.82795   17  105 6212.00000 6013.85587  3.19%  39.9   15s
  2579  1653 6205.65538   74   42 6212.00000 6013.85587  3.19%  41.9   20s
  3286  1887 6203.86648   59   77 6212.00000 6013.87499  3.19%  42.8   25s
  4429  2414 6205.15385   74   17 6212.00000 6014.31988  3.18%  41.4   30s
  6124  3095 6208.31000   86   25 6212.00000 6014.54939  3.18%  38.1   35s
  7602  4204 6018.42175   27  110 6212.00000 6015.51937  3.16%  36.6   41s
  8876  5224 6163.44086   32   68 6212.00000 6015.62286  3.16%  35.9   45s
 11202  7022 6165.47518   36  113 6212.00000 6015.68531  3.16%  34.2   50s
 12845  8222 infeasible   57      6212.00000 6015.83332  3.16%  33.3   55s
 16725  9497 6168.57047   39  136 6212.00000 6017.16499  3.14%  33.6   60s
 21497 12550     cutoff   94      6212.00000 6018.69215  3.11%  33.2   65s
 24406 14078 6168.34387   40  129 6212.00000 6019.36867  3.10%  33.5   70s
 27243 15383     cutoff   70      6212.00000 6020.27975  3.09%  34.8   75s
 29547 17085 6170.52724   29   80 6212.00000 6022.98179  3.04%  37.1   80s
 31727 18610 infeasible   64      6212.00000 6023.36500  3.04%  39.0   85s
 35173 20927 6176.08282   50  143 6212.00000 6024.68146  3.02%  40.7   91s
 37609 22514 6188.69369   56  108 6212.00000 6025.60241  3.00%  42.1   95s
 39379 23795 6192.97857   81  140 6212.00000 6026.17676  2.99%  43.3  100s
 41974 25540 6175.29275   54   68 6212.00000 6026.98750  2.98%  45.0  105s
 45552 27984 6030.80182   42  106 6212.00000 6027.31747  2.97%  45.9  110s
 48147 29836 6188.99714   44   32 6212.00000 6027.79572  2.97%  46.4  115s
 51843 32078 6173.23711   32   23 6212.00000 6028.19951  2.96%  46.6  120s
 54594 34261 6175.85452   65   94 6212.00000 6028.37601  2.96%  46.8  125s
 57928 36221 6178.02192   36  101 6212.00000 6028.60108  2.95%  46.5  130s
 60857 38226     cutoff   67      6212.00000 6028.93008  2.95%  46.6  135s
 63702 40036 6148.46221   30  233 6212.00000 6029.16000  2.94%  46.6  140s
 66856 42017 6030.18060   35  232 6212.00000 6029.54991  2.94%  46.8  145s
 69945 43900 6188.25000   60   57 6212.00000 6029.68404  2.93%  46.9  150s
 72952 45875 6178.51793   42  123 6212.00000 6029.78342  2.93%  46.9  155s
 75257 47280 6151.10375   29  290 6212.00000 6029.84296  2.93%  46.9  160s
 77864 48935 6151.97948   36  106 6212.00000 6029.96684  2.93%  46.9  165s
 80896 50830 6031.41045   31  106 6212.00000 6030.15000  2.93%  46.9  170s
 84037 52747 6174.21350   41  177 6212.00000 6030.31853  2.92%  47.0  176s
 85847 53819 6041.33008   27  305 6212.00000 6030.43097  2.92%  47.0  180s
 88765 55736 6173.22571   42   51 6212.00000 6030.64156  2.92%  47.3  185s
 91393 57389 6174.96605   51  142 6212.00000 6030.76843  2.92%  47.4  190s
 94520 59602 6151.63535   32  215 6212.00000 6030.95390  2.91%  47.5  195s
 97147 60899 6038.91292   29  168 6212.00000 6031.43060  2.91%  47.6  200s
 99418 62366 6152.72143   21  252 6212.00000 6032.02000  2.90%  47.5  205s
 101813 64040 6159.03466   41  229 6212.00000 6034.15354  2.86%  47.9  210s
 104184 65857 6039.24457   29   76 6212.00000 6038.44237  2.79%  48.1  215s
 107549 68052 6044.86040   32  242 6212.00000 6038.91768  2.79%  48.4  221s
 110000 69230 6040.14256   33  100 6212.00000 6039.14713  2.78%  48.6  225s
 112960 70886 6199.84224   50   69 6212.00000 6039.40726  2.78%  48.8  231s
 115640 72289 infeasible   45      6212.00000 6039.80972  2.77%  48.8  235s

Cutting planes:
  Learned: 22
  Gomory: 13
  Cover: 387
  MIR: 277
  StrongCG: 18
  Flow cover: 395
  GUB cover: 3
  Zero half: 1
  Network: 5
  RLT: 18
  Relax-and-lift: 31

Explored 117660 nodes (5743929 simplex iterations) in 237.97 seconds (229.65 work units)
Thread count was 12 (of 12 available processors)

Solution count 2: 6212 6214 

Solve interrupted
Best objective 6.212000000000e+03, best bound 6.041000000000e+03, gap 2.7527%
