
Gurobi 12.0.0 (win64) logging started Thu Feb 19 08:35:25 2026

Set parameter LogFile to value "Storage_orig/Logs/log______Sens_truck_cost_multiplier_0.75_2026_02_19_08_35_25.log"
Set parameter MIPGap to value 0.005
Set parameter OutputFlag to value 1
Gurobi Optimizer version 12.0.0 build v12.0.0rc1 (win64 - Windows 11+.0 (26200.2))

CPU model: Intel(R) Core(TM) i7-9750H CPU @ 2.60GHz, instruction set [SSE2|AVX|AVX2]
Thread count: 6 physical cores, 12 logical processors, using up to 12 threads

Non-default parameters:
MIPGap  0.005
MIPFocus  2

Optimize a model with 4176 rows, 840 columns and 11022 nonzeros
Model fingerprint: 0xf7bc9dfe
Variable types: 18 continuous, 822 integer (570 binary)
Coefficient statistics:
  Matrix range     [2e-01, 1e+03]
  Objective range  [1e+01, 2e+03]
  Bounds range     [1e+00, 1e+00]
  RHS range        [1e+00, 1e+03]

User MIP start produced solution with objective 5951 (0.00s)
Loaded user MIP start with objective 5951

Presolve removed 2934 rows and 192 columns
Presolve time: 0.01s
Presolved: 1242 rows, 648 columns, 6477 nonzeros
Variable types: 18 continuous, 630 integer (450 binary)
Root relaxation presolve removed 3 rows and 0 columns
Root relaxation presolved: 1239 rows, 648 columns, 6447 nonzeros


Root relaxation: objective 5.167700e+03, 509 iterations, 0.02 seconds (0.02 work units)

    Nodes    |    Current Node    |     Objective Bounds      |     Work
 Expl Unexpl |  Obj  Depth IntInf | Incumbent    BestBd   Gap | It/Node Time

     0     0 5167.70000    0   16 5951.00000 5167.70000  13.2%     -    0s
     0     0 5175.90000    0   50 5951.00000 5175.90000  13.0%     -    0s
     0     0 5182.93953    0   44 5951.00000 5182.93953  12.9%     -    0s
     0     0 5182.93953    0   44 5951.00000 5182.93953  12.9%     -    0s
     0     0 5292.13554    0  128 5951.00000 5292.13554  11.1%     -    0s
H    0     0                    5942.0000000 5311.60527  10.6%     -    0s
H    0     0                    5837.0000000 5311.60527  9.00%     -    0s
H    0     0                    5732.0000000 5311.60527  7.33%     -    0s
H    0     0                    5672.0000000 5311.60527  6.35%     -    0s
H    0     0                    5627.0000000 5311.60527  5.61%     -    0s
     0     0 5311.60527    0  119 5627.00000 5311.60527  5.61%     -    0s
     0     0 5311.62127    0  132 5627.00000 5311.62127  5.60%     -    0s
     0     0 5341.07097    0  166 5627.00000 5341.07097  5.08%     -    0s
     0     0 5364.50725    0  164 5627.00000 5364.50725  4.66%     -    0s
H    0     0                    5626.0000000 5364.91477  4.64%     -    0s
     0     0 5364.91477    0  189 5626.00000 5364.91477  4.64%     -    0s
     0     0 5364.91477    0  189 5626.00000 5364.91477  4.64%     -    0s
     0     0 5377.19726    0  251 5626.00000 5377.19726  4.42%     -    0s
     0     0 5385.00000    0  240 5626.00000 5385.00000  4.28%     -    0s
     0     0 5385.00000    0  239 5626.00000 5385.00000  4.28%     -    0s
     0     0 5385.00000    0  287 5626.00000 5385.00000  4.28%     -    1s
     0     0 5385.00000    0  276 5626.00000 5385.00000  4.28%     -    1s
     0     0 5385.00000    0  316 5626.00000 5385.00000  4.28%     -    1s
     0     0 5385.00000    0   79 5626.00000 5385.00000  4.28%     -    1s
     0     2 5385.00000    0   79 5626.00000 5385.00000  4.28%     -    1s
H  551   360                    5594.0000000 5385.71833  3.72%   128    4s
   660   424 5486.87159   10   76 5594.00000 5386.15858  3.72%   126    5s
  2696  1017 5470.91399   17   79 5594.00000 5398.50527  3.49%   108   10s
H 2948  1071                    5588.0000000 5398.50527  3.39%   116   14s
  2975  1074 5502.06961   23  135 5588.00000 5398.50527  3.39%   116   15s
  5055   983     cutoff   26      5588.00000 5409.85854  3.19%   116   20s
  7964  1354 5542.29127   35  103 5588.00000 5433.18387  2.77%   111   25s
 11648  1815 5518.20753   28  179 5588.00000 5475.33438  2.02%   104   30s
 16235  2177     cutoff   32      5588.00000 5491.26662  1.73%  98.6   35s
 19874  2093 5538.35850   34  131 5588.00000 5499.26595  1.59%  95.2   40s
 23946  1625     cutoff   31      5588.00000 5513.56364  1.33%  92.2   45s

Cutting planes:
  Learned: 31
  Gomory: 11
  Lift-and-project: 2
  Cover: 548
  Implied bound: 9
  MIR: 260
  StrongCG: 29
  Flow cover: 439
  Inf proof: 3
  Zero half: 34
  Network: 7
  RLT: 11
  Relax-and-lift: 25

Explored 29832 nodes (2558578 simplex iterations) in 49.70 seconds (34.74 work units)
Thread count was 12 (of 12 available processors)

Solution count 9: 5588 5594 5626 ... 5951

Optimal solution found (tolerance 5.00e-03)
Best objective 5.588000000000e+03, best bound 5.588000000000e+03, gap 0.0000%
