
Gurobi 12.0.0 (win64) logging started Mon Feb 16 01:05:15 2026

Set parameter LogFile to value "Storage_orig/Logs/log______Sens_C_range_reduced_(100, 100)_2026_02_16_01_05_15.log"
Set parameter MIPGap to value 0.01
Set parameter OutputFlag to value 1
Set parameter TimeLimit to value 600
Gurobi Optimizer version 12.0.0 build v12.0.0rc1 (win64 - Windows 11+.0 (26200.2))

CPU model: Intel(R) Core(TM) i7-9750H CPU @ 2.60GHz, instruction set [SSE2|AVX|AVX2]
Thread count: 6 physical cores, 12 logical processors, using up to 12 threads

Non-default parameters:
TimeLimit  600
MIPGap  0.01
MIPFocus  1

Optimize a model with 3526 rows, 760 columns and 9379 nonzeros
Model fingerprint: 0xdae4f63b
Variable types: 18 continuous, 742 integer (490 binary)
Coefficient statistics:
  Matrix range     [2e-01, 1e+03]
  Objective range  [1e+01, 2e+03]
  Bounds range     [1e+00, 1e+00]
  RHS range        [1e+00, 1e+03]

User MIP start produced solution with objective 6928 (0.01s)
Loaded user MIP start with objective 6928

Presolve removed 2451 rows and 172 columns
Presolve time: 0.04s
Presolved: 1075 rows, 588 columns, 5583 nonzeros
Variable types: 18 continuous, 570 integer (390 binary)

Root relaxation: objective 4.095167e+03, 566 iterations, 0.02 seconds (0.01 work units)

    Nodes    |    Current Node    |     Objective Bounds      |     Work
 Expl Unexpl |  Obj  Depth IntInf | Incumbent    BestBd   Gap | It/Node Time

     0     0 4095.16667    0   26 6928.00000 4095.16667  40.9%     -    0s
H    0     0                    6728.0000000 4095.16667  39.1%     -    0s
H    0     0                    6248.0000000 4095.16667  34.5%     -    0s
H    0     0                    6108.0000000 4095.73333  32.9%     -    0s
H    0     0                    6048.0000000 4095.73333  32.3%     -    0s
H    0     0                    5848.0000000 4095.73333  30.0%     -    0s
     0     0 4095.73333    0   82 5848.00000 4095.73333  30.0%     -    0s
H    0     0                    5768.0000000 4103.98598  28.8%     -    0s
     0     0 4103.98598    0   66 5768.00000 4103.98598  28.8%     -    0s
     0     0 4145.73013    0   67 5768.00000 4145.73013  28.1%     -    0s
     0     0 4156.51434    0   74 5768.00000 4156.51434  27.9%     -    0s
     0     0 4156.51434    0   84 5768.00000 4156.51434  27.9%     -    0s
     0     0 4250.18797    0  101 5768.00000 4250.18797  26.3%     -    0s
     0     0 4251.53614    0  116 5768.00000 4251.53614  26.3%     -    0s
     0     0 4275.40901    0  100 5768.00000 4275.40901  25.9%     -    0s
H    0     0                    5628.0000000 4275.70233  24.0%     -    0s
     0     0 4275.70233    0  123 5628.00000 4275.70233  24.0%     -    0s
     0     0 4279.98187    0  109 5628.00000 4279.98187  24.0%     -    0s
     0     0 4283.36027    0  115 5628.00000 4283.36027  23.9%     -    0s
H    0     0                    5608.0000000 4283.36027  23.6%     -    0s
     0     0 4283.36027    0  122 5608.00000 4283.36027  23.6%     -    0s
     0     0 4318.68579    0  141 5608.00000 4318.68579  23.0%     -    0s
     0     0 4329.57974    0  126 5608.00000 4329.57974  22.8%     -    0s
H    0     0                    5532.0000000 4329.65130  21.7%     -    0s
H    0     0                    4912.0000000 4329.65130  11.9%     -    0s
     0     0 4329.65130    0  145 4912.00000 4329.65130  11.9%     -    0s
     0     0 4334.40139    0  141 4912.00000 4334.40139  11.8%     -    0s
     0     0 4334.86432    0  156 4912.00000 4334.86432  11.7%     -    0s
     0     0 4334.95223    0  166 4912.00000 4334.95223  11.7%     -    1s
     0     0 4335.93452    0  145 4912.00000 4335.93452  11.7%     -    1s
     0     0 4336.26198    0  171 4912.00000 4336.26198  11.7%     -    1s
     0     0 4336.43527    0  165 4912.00000 4336.43527  11.7%     -    1s
     0     0 4337.66394    0  177 4912.00000 4337.66394  11.7%     -    1s
     0     0 4338.80592    0  185 4912.00000 4338.80592  11.7%     -    1s
     0     0 4338.81234    0  191 4912.00000 4338.81234  11.7%     -    1s
H    0     0                    4852.0000000 4338.81234  10.6%     -    1s
     0     0 4339.40000    0  174 4852.00000 4339.40000  10.6%     -    1s
     0     0 4339.40000    0  175 4852.00000 4339.40000  10.6%     -    1s
     0     0 4339.40000    0  144 4852.00000 4339.40000  10.6%     -    1s
     0     2 4339.40000    0   59 4852.00000 4339.40000  10.6%     -    1s
H  127   115                    4830.0000000 4339.40000  10.2%  69.8    2s
   597   355 4610.31431    7   77 4830.00000 4340.24988  10.1%  71.9    5s
H  768   438                    4829.0000000 4340.48996  10.1%  64.1    5s
  1523   853 4432.82677   17   55 4829.00000 4341.76953  10.1%  62.1   10s
  1802  1004 4614.59990   13  120 4829.00000 4343.08541  10.1%  60.5   15s
  2238  1153 4611.69097   33  102 4829.00000 4343.08541  10.1%  71.3   20s
  2755  1218 4353.10595   20  168 4829.00000 4343.08541  10.1%  71.4   25s
  4661  1431 4704.80100   26   98 4829.00000 4358.13758  9.75%  65.8   30s
  8415  3158 4775.48007   37  127 4829.00000 4402.69913  8.83%  59.8   35s
 12445  4771 4731.00376   38  144 4829.00000 4418.86667  8.49%  55.4   40s
 15626  5957 4812.94308   35   59 4829.00000 4429.46667  8.27%  53.8   45s
 19239  7014 4736.15391   41   45 4829.00000 4446.80909  7.91%  52.9   50s
 23017  8064 4720.47296   34   82 4829.00000 4467.10956  7.49%  53.2   55s
 26657  8789 4790.71084   27   89 4829.00000 4518.47123  6.43%  53.5   60s
 30993  9604 4825.29890   28   28 4829.00000 4596.09112  4.82%  53.6   66s
 35538 11012 4700.45039   40   79 4829.00000 4625.81054  4.21%  52.2   71s
 39705 12081 4689.06403   27   45 4829.00000 4636.80760  3.98%  50.7   75s
 44189 13437 4756.00000   43   33 4829.00000 4646.40181  3.78%  49.6   80s
 49072 14613 infeasible   32      4829.00000 4659.63783  3.51%  49.0   86s
 54305 15520 4797.69333   33   87 4829.00000 4670.86077  3.27%  48.0   92s
 54352 18764 infeasible   35      4829.00000 4671.32353  3.27%  48.0  104s
 66352 19068 4688.79786   37   47 4829.00000 4686.06569  2.96%  46.0  106s
 68580 19983 4782.26444   31   90 4829.00000 4688.28799  2.91%  45.8  110s
 72759 21482 4704.36671   33   55 4829.00000 4688.66731  2.91%  45.0  115s
 79890 22992 infeasible   56      4829.00000 4689.03620  2.90%  43.2  120s
 83685 24399 4689.46154   43   47 4829.00000 4689.05094  2.90%  42.9  125s
 88348 25657 infeasible   49      4829.00000 4689.05137  2.90%  43.1  130s
 92319 26957 4690.75433   47   73 4829.00000 4689.05137  2.90%  43.5  136s
 95855 28089 4790.02725   48   57 4829.00000 4689.05137  2.90%  43.7  141s
 99879 29466 4689.30111   41  108 4829.00000 4689.05137  2.90%  43.8  145s
 104385 31173 4689.30852   43  108 4829.00000 4689.05139  2.90%  43.7  150s
 110520 32967 4817.05731   46   38 4829.00000 4689.05139  2.90%  43.4  155s
 115100 34248 4703.60000   43   69 4829.00000 4689.05139  2.90%  43.2  160s
 119663 35850 4711.23000   49   66 4829.00000 4689.05139  2.90%  43.0  165s
 123844 37326 4689.68602   49   97 4829.00000 4689.05144  2.90%  43.2  170s
 127039 38472 4817.05731   46   39 4829.00000 4689.05144  2.90%  43.1  175s
 131857 39248 4787.14350   45  134 4829.00000 4689.05150  2.90%  43.0  181s
 134491 39248 4703.63000   48   68 4829.00000 4689.05150  2.90%  43.6  185s
 138726 40425     cutoff   50      4829.00000 4689.05174  2.90%  44.2  191s
 143465 42023 4793.00000   49  106 4829.00000 4689.05187  2.90%  44.0  195s
 147322 43261 4689.05187   43   61 4829.00000 4689.05187  2.90%  43.9  200s
 152315 44730 4689.05200   45   60 4829.00000 4689.05187  2.90%  43.9  205s
 155518 45902 4817.06825   54   21 4829.00000 4689.05187  2.90%  43.8  210s
 160750 47458 4703.60000   52   45 4829.00000 4689.05187  2.90%  43.8  215s
 164651 48563 4711.20000   56   44 4829.00000 4689.05187  2.90%  43.7  220s
 169622 50163 4730.20000   50   44 4829.00000 4689.05187  2.90%  43.7  225s
 174244 51572 4689.35992   49   59 4829.00000 4689.05187  2.90%  43.7  230s
 178832 53097 infeasible   54      4829.00000 4689.05187  2.90%  43.6  236s
 181540 57125 infeasible   57      4829.00000 4689.05187  2.90%  43.6  253s
 193540 57559 infeasible   49      4829.00000 4689.05187  2.90%  43.5  256s
 196143 58558     cutoff   50      4829.00000 4689.05187  2.90%  43.3  260s
 200276 59933 4689.30552   43   59 4829.00000 4689.05187  2.90%  43.1  265s
 206777 62133 infeasible   48      4829.00000 4689.05189  2.90%  42.9  270s
 211883 63954 4689.05200   42   51 4829.00000 4689.05189  2.90%  42.7  275s
 216809 65491 4803.03311   53  101 4829.00000 4689.05189  2.90%  42.5  280s
 221645 66868 infeasible   46      4829.00000 4689.05189  2.90%  42.4  285s
 226995 68419 infeasible   49      4829.00000 4689.05189  2.90%  42.3  290s
 231950 69893 infeasible   45      4829.00000 4689.05189  2.90%  42.2  295s
 235464 70810     cutoff   52      4829.00000 4689.05189  2.90%  42.0  300s
 241274 72500 infeasible   46      4829.00000 4689.05189  2.90%  41.8  305s
 247733 74896 4689.05200   43   50 4829.00000 4689.05189  2.90%  41.4  310s
 254275 77398 4705.00000   45   38 4829.00000 4689.05189  2.90%  41.0  315s
 261773 79852     cutoff   54      4829.00000 4689.05189  2.90%  40.5  320s
 266389 81188     cutoff   54      4829.00000 4689.05194  2.90%  40.5  325s
 270364 82218 4782.52308   44   91 4829.00000 4689.05194  2.90%  40.4  330s
 275132 83776 4807.22222   50   16 4829.00000 4689.05194  2.90%  40.3  335s
 281604 85962     cutoff   50      4829.00000 4689.05194  2.90%  40.1  341s
 286388 86962     cutoff   47      4829.00000 4689.05200  2.90%  39.9  345s
 291741 87495 4791.48596   50  104 4829.00000 4689.05200  2.90%  40.1  351s
 295473 87800 4689.66860   47  107 4829.00000 4689.05200  2.90%  40.2  355s
 299636 88045 4773.42083   45   92 4829.00000 4689.05200  2.90%  40.4  361s
 303129 88197     cutoff   47      4829.00000 4689.05200  2.90%  40.6  365s
 307082 88778 infeasible   50      4829.00000 4689.05200  2.90%  40.7  370s
 310189 88750 4794.44550   45   79 4829.00000 4689.05200  2.90%  40.8  375s
 315198 90585 4689.20000   52   57 4829.00000 4689.05224  2.90%  40.8  380s
 320168 92832 4756.40625   46   98 4829.00000 4689.05224  2.90%  40.7  385s
 325041 95278 4689.05274   42   64 4829.00000 4689.05224  2.90%  40.7  390s
 330001 97508 4689.31319   48   59 4829.00000 4689.05224  2.90%  40.6  395s
 335308 99924 4700.44444   50   97 4829.00000 4689.05227  2.90%  40.4  400s
 342944 102963 4711.20000   50   39 4829.00000 4689.05227  2.90%  40.1  405s
 348525 104897 4808.27616   54  105 4829.00000 4689.05227  2.90%  39.8  410s
 352758 107079 4709.28495   48  119 4829.00000 4689.05230  2.90%  39.8  415s
 357595 109174 4807.22222   54    6 4829.00000 4689.05233  2.90%  39.7  421s
 361097 110374 4689.05237   40   61 4829.00000 4689.05237  2.90%  39.6  425s
 366507 112296 infeasible   44      4829.00000 4689.05237  2.90%  39.5  430s
 371963 114207 4732.06667   56   44 4829.00000 4689.05237  2.90%  39.5  435s
 378193 116499 4703.60000   42   43 4829.00000 4689.05237  2.90%  39.4  440s
 383017 118073     cutoff   56      4829.00000 4689.05237  2.90%  39.2  445s
 388152 119770 4703.60000   44   45 4829.00000 4689.05237  2.90%  39.2  450s
 393198 121510 4689.05237   43   64 4829.00000 4689.05237  2.90%  39.2  455s
 397612 123111 infeasible   45      4829.00000 4689.05237  2.90%  39.2  460s
 402926 124587 4793.76009   51  104 4829.00000 4689.05237  2.90%  39.1  465s
 406128 125940 4703.60000   51   45 4829.00000 4689.05237  2.90%  39.1  470s
 411960 127662 4798.66758   56   63 4829.00000 4689.05237  2.90%  39.1  476s
 416048 128811 infeasible   55      4829.00000 4689.05237  2.90%  39.1  480s
 421103 130442 4703.60000   46   43 4829.00000 4689.05237  2.90%  39.2  486s
 425187 131880 4706.88784   64   90 4829.00000 4689.05237  2.90%  39.2  490s
 430263 133397 infeasible   72      4829.00000 4689.05237  2.90%  39.2  496s
 433641 134568 4696.86923   55   75 4829.00000 4689.05237  2.90%  39.2  500s
 438572 136093 4761.13333   53  138 4829.00000 4689.05237  2.90%  39.2  505s
 442145 137345 4703.60000   45   45 4829.00000 4689.05237  2.90%  39.2  510s
 447367 138945 infeasible   52      4829.00000 4689.05237  2.90%  39.2  516s
 450879 139919 4819.42701   55   22 4829.00000 4689.05237  2.90%  39.2  520s
 455110 141106 4703.60000   50   45 4829.00000 4689.05237  2.90%  39.2  525s
 459986 142727 4703.60000   50   45 4829.00000 4689.05237  2.90%  39.2  531s
 464927 144164 infeasible   52      4829.00000 4689.05237  2.90%  39.2  535s
 467862 145099 4689.05237   47   64 4829.00000 4689.05237  2.90%  39.2  540s
 473030 146539 4711.20000   56   46 4829.00000 4689.05237  2.90%  39.3  545s
 476330 147501 4822.37467   52   40 4829.00000 4689.05237  2.90%  39.2  550s
 481161 148910 4690.86850   50   42 4829.00000 4689.05237  2.90%  39.3  555s
 485413 150128 infeasible   55      4829.00000 4689.05237  2.90%  39.3  560s
 490769 151676 infeasible   59      4829.00000 4689.05237  2.90%  39.3  566s
 495515 153003 4703.60000   52   45 4829.00000 4689.05237  2.90%  39.3  571s
 500322 154074     cutoff   55      4829.00000 4689.05237  2.90%  39.3  576s
 503253 155206 4711.20000   51   46 4829.00000 4689.05237  2.90%  39.3  580s
 508568 156610 4689.05550   51   61 4829.00000 4689.05237  2.90%  39.3  585s
 513441 157982 4703.60000   49   43 4829.00000 4689.05237  2.90%  39.3  590s
 516996 159228     cutoff   56      4829.00000 4689.05237  2.90%  39.3  595s
 522289 160564 4703.60000   51   45 4829.00000 4689.05237  2.90%  39.3  600s

Cutting planes:
  Learned: 94
  Gomory: 3
  Cover: 263
  MIR: 207
  StrongCG: 14
  Flow cover: 254
  Zero half: 5
  Network: 3
  RLT: 6
  Relax-and-lift: 16

Explored 523289 nodes (20590627 simplex iterations) in 600.17 seconds (211.39 work units)
Thread count was 12 (of 12 available processors)

Solution count 10: 4829 4830 4852 ... 6048

Time limit reached
Best objective 4.829000000000e+03, best bound 4.690000000000e+03, gap 2.8784%
