
Gurobi 12.0.0 (win64) logging started Wed Feb 18 22:37:50 2026

Set parameter LogFile to value "Storage_orig/Logs/log______Sens_handling_time_0.75_2026_02_18_22_37_50.log"
Set parameter MIPGap to value 0.01
Set parameter OutputFlag to value 1
Set parameter TimeLimit to value 600
Gurobi Optimizer version 12.0.0 build v12.0.0rc1 (win64 - Windows 11+.0 (26200.2))

CPU model: Intel(R) Core(TM) i7-9750H CPU @ 2.60GHz, instruction set [SSE2|AVX|AVX2]
Thread count: 6 physical cores, 12 logical processors, using up to 12 threads

Non-default parameters:
TimeLimit  600
MIPGap  0.01
MIPFocus  2

Optimize a model with 4170 rows, 840 columns and 11004 nonzeros
Model fingerprint: 0x8dc08b0e
Variable types: 18 continuous, 822 integer (570 binary)
Coefficient statistics:
  Matrix range     [8e-01, 1e+03]
  Objective range  [1e+01, 2e+03]
  Bounds range     [1e+00, 1e+00]
  RHS range        [1e+00, 1e+03]

User MIP start did not produce a new incumbent solution
User MIP start violates constraint Time_LB_4_1_0 by 5.000000000

Found heuristic solution: objective 18900.000000
Presolve removed 2940 rows and 192 columns
Presolve time: 0.01s
Presolved: 1230 rows, 648 columns, 6453 nonzeros
Variable types: 18 continuous, 630 integer (450 binary)
Root relaxation presolve removed 3 rows and 0 columns
Root relaxation presolved: 1227 rows, 648 columns, 6423 nonzeros


Root relaxation: objective 5.467500e+03, 475 iterations, 0.02 seconds (0.02 work units)

    Nodes    |    Current Node    |     Objective Bounds      |     Work
 Expl Unexpl |  Obj  Depth IntInf | Incumbent    BestBd   Gap | It/Node Time

     0     0 5467.50003    0   27 18900.0000 5467.50003  71.1%     -    0s
H    0     0                    12366.000000 5467.50003  55.8%     -    0s
H    0     0                    11710.000000 5467.50003  53.3%     -    0s
H    0     0                    11010.000000 5467.50003  50.3%     -    0s
     0     0 5468.14286    0   66 11010.0000 5468.14286  50.3%     -    0s
     0     0 5468.14286    0   44 11010.0000 5468.14286  50.3%     -    0s
     0     0 5468.14286    0   46 11010.0000 5468.14286  50.3%     -    0s
     0     0 5552.18208    0  130 11010.0000 5552.18208  49.6%     -    0s
H    0     0                    10974.000000 5552.18208  49.4%     -    0s
H    0     0                    10738.000000 5552.18208  48.3%     -    0s
H    0     0                    10634.000000 5552.18208  47.8%     -    0s
H    0     0                    10494.000000 5552.18208  47.1%     -    0s
     0     0 5568.23559    0  128 10494.0000 5568.23559  46.9%     -    0s
H    0     0                    10351.000000 5570.38333  46.2%     -    0s
     0     0 5570.38333    0  131 10351.0000 5570.38333  46.2%     -    0s
     0     0 5570.42173    0  149 10351.0000 5570.42173  46.2%     -    0s
     0     0 5570.42173    0  153 10351.0000 5570.42173  46.2%     -    0s
     0     0 5636.71113    0  204 10351.0000 5636.71113  45.5%     -    0s
H    0     0                    9272.0000000 5636.71113  39.2%     -    0s
H    0     0                    8992.0000000 5636.71113  37.3%     -    0s
     0     0 5638.04036    0  229 8992.00000 5638.04036  37.3%     -    0s
     0     0 5639.39596    0  223 8992.00000 5639.39596  37.3%     -    0s
     0     0 5639.41506    0  243 8992.00000 5639.41506  37.3%     -    0s
H    0     0                    8858.0000000 5670.48470  36.0%     -    0s
     0     0 5670.48470    0  241 8858.00000 5670.48470  36.0%     -    0s
H    0     0                    8802.0000000 5670.48470  35.6%     -    1s
H    0     0                    8682.0000000 5670.48470  34.7%     -    1s
     0     0 5673.18182    0  219 8682.00000 5673.18182  34.7%     -    1s
     0     0 5676.06250    0  243 8682.00000 5676.06250  34.6%     -    1s
     0     0 5677.85000    0  234 8682.00000 5677.85000  34.6%     -    1s
     0     0 5677.85000    0  225 8682.00000 5677.85000  34.6%     -    1s
     0     0 5685.00000    0  232 8682.00000 5685.00000  34.5%     -    1s
H    0     0                    8218.0000000 5685.00000  30.8%     -    1s
H    0     0                    8158.0000000 5685.00000  30.3%     -    1s
     0     0 5685.00000    0  265 8158.00000 5685.00000  30.3%     -    1s
     0     0 5685.00000    0  322 8158.00000 5685.00000  30.3%     -    1s
     0     0 5685.00000    0  181 8158.00000 5685.00000  30.3%     -    1s
H    0     0                    8078.0000000 5685.00000  29.6%     -    1s
H    0     0                    8018.0000000 5685.00000  29.1%     -    1s
H    0     2                    7886.0000000 5685.00000  27.9%     -    2s
     0     2 5685.00000    0  108 7886.00000 5685.00000  27.9%     -    2s
H   40    42                    7222.0000000 5692.20000  21.2%   363    2s
H   87   100                    7082.0000000 5692.20000  19.6%   231    2s
H  110   123                    6843.0000000 5692.20000  16.8%   206    2s
H  165   172                    6701.0000000 5692.20000  15.1%   178    2s
H  399   337                    6700.0000000 5698.77458  14.9%   128    3s
H  401   374                    6500.0000000 5698.77458  12.3%   128    3s
H  878   716                    6292.0000000 5708.05453  9.28%  98.9    4s
H 1025   518                    5920.0000000 5712.19034  3.51%   103    4s
  1246   591 5746.84118    8   85 5920.00000 5712.70258  3.50%   104    5s
  2286   944 5738.27173    7  287 5920.00000 5727.81850  3.25%   117   10s
  2660  1068 infeasible   25      5920.00000 5727.81850  3.25%   128   15s
  4630  1154 5741.68529   23  237 5920.00000 5731.31965  3.19%   133   20s
  6658  1477 5830.95815   24  175 5920.00000 5737.88804  3.08%   130   25s
  9206  2003 5905.87380   41  118 5920.00000 5747.60696  2.91%   130   30s
  9891  2144 5888.43218   27  145 5920.00000 5753.32174  2.82%   129   35s
 11476  2422 infeasible   32      5920.00000 5765.84609  2.60%   128   40s
 14184  2669 5911.54448   35  184 5920.00000 5793.43344  2.14%   127   45s
 16558  3013     cutoff   26      5920.00000 5803.80000  1.96%   126   51s
 18429  3171 5840.53389   25   92 5920.00000 5808.26625  1.89%   127   55s
 21322  3509     cutoff   44      5920.00000 5817.09475  1.74%   125   60s
 25566  4434 5836.11822   40  223 5920.00000 5820.38656  1.68%   119   66s
 28832  4510     cutoff   33      5920.00000 5822.22851  1.65%   114   70s
 31768  4317     cutoff   34      5920.00000 5827.39853  1.56%   113   75s
 35492  4067 5842.28128   36  157 5920.00000 5832.00000  1.49%   112   80s
 39211  3618 5903.55415   36  122 5920.00000 5839.22595  1.36%   110   86s
 43311  2868     cutoff   26      5920.00000 5851.55270  1.16%   108   91s
*44101  2188              55    5896.0000000 5851.92022  0.75%   107   91s

Cutting planes:
  Learned: 89
  Gomory: 33
  Lift-and-project: 1
  Cover: 775
  Implied bound: 30
  MIR: 343
  Mixing: 2
  StrongCG: 36
  Flow cover: 477
  Inf proof: 5
  Zero half: 29
  Network: 2
  RLT: 3
  Relax-and-lift: 35

Explored 45057 nodes (4805865 simplex iterations) in 91.67 seconds (56.71 work units)
Thread count was 12 (of 12 available processors)

Solution count 10: 5896 5896 5920 ... 7222

Optimal solution found (tolerance 1.00e-02)
Best objective 5.896000000000e+03, best bound 5.856000000000e+03, gap 0.6784%
