
Gurobi 12.0.0 (win64) logging started Sun Feb 15 19:11:30 2026

Set parameter LogFile to value "Storage_orig/Logs/log______Sens_gamma_1000_2026_02_15_19_11_30.log"
Set parameter MIPGap to value 0.01
Set parameter OutputFlag to value 1
Set parameter TimeLimit to value 600
Gurobi Optimizer version 12.0.0 build v12.0.0rc1 (win64 - Windows 11+.0 (26200.2))

CPU model: Intel(R) Core(TM) i7-9750H CPU @ 2.60GHz, instruction set [SSE2|AVX|AVX2]
Thread count: 6 physical cores, 12 logical processors, using up to 12 threads

Non-default parameters:
TimeLimit  600
MIPGap  0.01
MIPFocus  1

Optimize a model with 4170 rows, 840 columns and 11004 nonzeros
Model fingerprint: 0x675297e6
Variable types: 18 continuous, 822 integer (570 binary)
Coefficient statistics:
  Matrix range     [2e-01, 1e+03]
  Objective range  [1e+01, 3e+03]
  Bounds range     [1e+00, 1e+00]
  RHS range        [1e+00, 1e+03]

User MIP start produced solution with objective 10292 (0.01s)
Loaded user MIP start with objective 10292

Presolve removed 2940 rows and 192 columns
Presolve time: 0.05s
Presolved: 1230 rows, 648 columns, 6453 nonzeros
Variable types: 18 continuous, 630 integer (450 binary)

Root relaxation: objective 7.745500e+03, 410 iterations, 0.02 seconds (0.01 work units)

    Nodes    |    Current Node    |     Objective Bounds      |     Work
 Expl Unexpl |  Obj  Depth IntInf | Incumbent    BestBd   Gap | It/Node Time

     0     0 7745.50003    0   29 10292.0000 7745.50003  24.7%     -    0s
     0     0 7782.87238    0   50 10292.0000 7782.87238  24.4%     -    0s
     0     0 7920.88841    0   56 10292.0000 7920.88841  23.0%     -    0s
     0     0 7946.20029    0   53 10292.0000 7946.20029  22.8%     -    0s
     0     0 7946.20029    0   49 10292.0000 7946.20029  22.8%     -    0s
     0     0 8767.59587    0  111 10292.0000 8767.59587  14.8%     -    0s
     0     0 8879.59146    0  121 10292.0000 8879.59146  13.7%     -    0s
     0     0 8971.54961    0  135 10292.0000 8971.54961  12.8%     -    0s
     0     0 9011.58196    0  144 10292.0000 9011.58196  12.4%     -    0s
     0     0 9079.72111    0  131 10292.0000 9079.72111  11.8%     -    0s
     0     0 9096.13609    0  137 10292.0000 9096.13609  11.6%     -    0s
     0     0 9148.16479    0  151 10292.0000 9148.16479  11.1%     -    0s
     0     0 9151.87314    0  143 10292.0000 9151.87314  11.1%     -    0s
     0     0 9185.39479    0  135 10292.0000 9185.39479  10.8%     -    1s
     0     0 9185.39479    0  135 10292.0000 9185.39479  10.8%     -    1s
     0     0 9187.29233    0  142 10292.0000 9187.29233  10.7%     -    1s
     0     0 9187.30381    0  152 10292.0000 9187.30381  10.7%     -    1s
     0     0 9554.42641    0  182 10292.0000 9554.42641  7.17%     -    1s
     0     0 9669.73922    0  186 10292.0000 9669.73922  6.05%     -    1s
     0     0 9768.34238    0  198 10292.0000 9768.34238  5.09%     -    1s
     0     0 9807.27499    0  205 10292.0000 9807.27499  4.71%     -    1s
     0     0 9838.50388    0  224 10292.0000 9838.50388  4.41%     -    1s
     0     0 9900.91097    0  173 10292.0000 9900.91097  3.80%     -    1s
     0     0 9900.91097    0  173 10292.0000 9900.91097  3.80%     -    1s
     0     0 9923.40082    0  184 10292.0000 9923.40082  3.58%     -    1s
     0     0 9959.55846    0  188 10292.0000 9959.55846  3.23%     -    1s
     0     0 9961.57580    0  202 10292.0000 9961.57580  3.21%     -    1s
     0     0 10010.0403    0  198 10292.0000 10010.0403  2.74%     -    1s
     0     0 10020.0862    0  218 10292.0000 10020.0862  2.64%     -    1s
     0     0 10020.0862    0  218 10292.0000 10020.0862  2.64%     -    1s
     0     0 10022.9886    0  227 10292.0000 10022.9886  2.61%     -    2s
     0     0 10028.4899    0  218 10292.0000 10028.4899  2.56%     -    2s
     0     0 10030.0884    0  223 10292.0000 10030.0884  2.54%     -    2s
     0     0 10031.3256    0  232 10292.0000 10031.3256  2.53%     -    2s
     0     0 10032.6646    0  245 10292.0000 10032.6646  2.52%     -    2s
     0     0 10032.6667    0  249 10292.0000 10032.6667  2.52%     -    2s
     0     0 10049.8430    0  269 10292.0000 10049.8430  2.35%     -    2s
     0     0 10077.3707    0  235 10292.0000 10077.3707  2.09%     -    2s
     0     0 10115.1415    0  209 10292.0000 10115.1415  1.72%     -    2s
     0     0 10124.2262    0  227 10292.0000 10124.2262  1.63%     -    2s
     0     0 10136.2183    0  228 10292.0000 10136.2183  1.51%     -    2s
     0     0 10148.1283    0  245 10292.0000 10148.1283  1.40%     -    2s
     0     0 10157.6906    0  242 10292.0000 10157.6906  1.30%     -    2s
     0     0 10172.0030    0  230 10292.0000 10172.0030  1.17%     -    2s
     0     0 10172.1074    0  202 10292.0000 10172.1074  1.16%     -    2s
     0     0 10178.9393    0  150 10292.0000 10178.9393  1.10%     -    3s
     0     0 10178.9393    0   25 10292.0000 10178.9393  1.10%     -    3s
     0     0 10178.9393    0   53 10292.0000 10178.9393  1.10%     -    3s
     0     0 10178.9393    0  106 10292.0000 10178.9393  1.10%     -    3s
     0     0 10178.9393    0   94 10292.0000 10178.9393  1.10%     -    3s
     0     0 10178.9393    0  131 10292.0000 10178.9393  1.10%     -    3s
     0     0 10178.9393    0  106 10292.0000 10178.9393  1.10%     -    4s
     0     0 10178.9393    0  113 10292.0000 10178.9393  1.10%     -    4s
     0     0 10178.9393    0  126 10292.0000 10178.9393  1.10%     -    4s
     0     0 10178.9393    0  113 10292.0000 10178.9393  1.10%     -    4s
     0     0 10178.9393    0  110 10292.0000 10178.9393  1.10%     -    4s
     0     0 10178.9393    0  116 10292.0000 10178.9393  1.10%     -    4s
     0     0 10178.9393    0  122 10292.0000 10178.9393  1.10%     -    4s
     0     0 10178.9393    0  124 10292.0000 10178.9393  1.10%     -    4s
     0     0 10178.9393    0  120 10292.0000 10178.9393  1.10%     -    4s
     0     0 10178.9393    0  114 10292.0000 10178.9393  1.10%     -    4s
     0     0 10178.9393    0  133 10292.0000 10178.9393  1.10%     -    4s
     0     0 10185.0020    0  173 10292.0000 10185.0020  1.04%     -    4s
     0     0 10186.9286    0  169 10292.0000 10186.9286  1.02%     -    4s
     0     0 10186.9286    0  154 10292.0000 10186.9286  1.02%     -    4s
     0     0 10186.9286    0  136 10292.0000 10186.9286  1.02%     -    4s
     0     0          -    0      10292.0000 10194.0000  0.95%     -    4s

Cutting planes:
  Learned: 3
  Gomory: 4
  Cover: 48
  Implied bound: 1
  Clique: 24
  MIR: 22
  StrongCG: 3
  Flow cover: 31
  Relax-and-lift: 1

Explored 1 nodes (15966 simplex iterations) in 4.77 seconds (0.91 work units)
Thread count was 12 (of 12 available processors)

Solution count 1: 10292 

Optimal solution found (tolerance 1.00e-02)
Best objective 1.029200000000e+04, best bound 1.019400000000e+04, gap 0.9522%
