
Gurobi 12.0.0 (win64) logging started Thu Feb 19 00:06:45 2026

Set parameter LogFile to value "Storage_orig/Logs/log______Sens_C_range_reduced_(120, 120)_2026_02_19_00_06_45.log"
Set parameter MIPGap to value 0.005
Set parameter OutputFlag to value 1
Gurobi Optimizer version 12.0.0 build v12.0.0rc1 (win64 - Windows 11+.0 (26200.2))

CPU model: Intel(R) Core(TM) i7-9750H CPU @ 2.60GHz, instruction set [SSE2|AVX|AVX2]
Thread count: 6 physical cores, 12 logical processors, using up to 12 threads

Non-default parameters:
MIPGap  0.005
MIPFocus  2

Optimize a model with 4170 rows, 840 columns and 11004 nonzeros
Model fingerprint: 0x11fe4ed2
Variable types: 18 continuous, 822 integer (570 binary)
Coefficient statistics:
  Matrix range     [2e-01, 1e+03]
  Objective range  [1e+01, 2e+03]
  Bounds range     [1e+00, 1e+00]
  RHS range        [1e+00, 1e+03]

User MIP start produced solution with objective 7989 (0.01s)
Loaded user MIP start with objective 7989

Presolve removed 2940 rows and 192 columns
Presolve time: 0.01s
Presolved: 1230 rows, 648 columns, 6453 nonzeros
Variable types: 18 continuous, 630 integer (450 binary)
Root relaxation presolve removed 3 rows and 0 columns
Root relaxation presolved: 1227 rows, 648 columns, 6423 nonzeros


Root relaxation: objective 5.467500e+03, 475 iterations, 0.02 seconds (0.02 work units)

    Nodes    |    Current Node    |     Objective Bounds      |     Work
 Expl Unexpl |  Obj  Depth IntInf | Incumbent    BestBd   Gap | It/Node Time

     0     0 5467.50003    0   29 7989.00000 5467.50003  31.6%     -    0s
H    0     0                    6889.0000000 5467.50003  20.6%     -    0s
H    0     0                    6749.0000000 5467.50003  19.0%     -    0s
H    0     0                    6209.0000000 5467.50003  11.9%     -    0s
     0     0 5511.78714    0   85 6209.00000 5511.78714  11.2%     -    0s
     0     0 5512.92526    0   66 6209.00000 5512.92526  11.2%     -    0s
     0     0 5512.92526    0   65 6209.00000 5512.92526  11.2%     -    0s
     0     0 5529.27513    0  145 6209.00000 5529.27513  10.9%     -    0s
H    0     0                    6189.0000000 5534.71044  10.6%     -    0s
H    0     0                    6129.0000000 5534.71044  9.70%     -    0s
     0     0 5534.71044    0  153 6129.00000 5534.71044  9.70%     -    0s
     0     0 5542.63213    0  144 6129.00000 5542.63213  9.57%     -    0s
     0     0 5543.93451    0  152 6129.00000 5543.93451  9.55%     -    0s
     0     0 5545.17514    0  162 6129.00000 5545.17514  9.53%     -    0s
     0     0 5545.38625    0  164 6129.00000 5545.38625  9.52%     -    0s
H    0     0                    5816.0000000 5545.38625  4.65%     -    0s
     0     0 5660.17926    0  215 5816.00000 5660.17926  2.68%     -    0s
     0     0 5672.96603    0  155 5816.00000 5672.96603  2.46%     -    0s
     0     0 5675.80027    0  178 5816.00000 5675.80027  2.41%     -    0s
     0     0 5676.04941    0  173 5816.00000 5676.04941  2.41%     -    0s
     0     0 5676.04941    0  178 5816.00000 5676.04941  2.41%     -    0s
     0     0 5679.55459    0  236 5816.00000 5679.55459  2.35%     -    1s
     0     0 5679.73047    0  233 5816.00000 5679.73047  2.34%     -    1s
     0     0 5679.80492    0  219 5816.00000 5679.80492  2.34%     -    1s
H    0     0                    5792.0000000 5679.80492  1.94%     -    1s
     0     0 5681.39103    0  243 5792.00000 5681.39103  1.91%     -    1s
     0     0 5681.45948    0  146 5792.00000 5681.45948  1.91%     -    1s
     0     0 5681.61029    0  237 5792.00000 5681.61029  1.91%     -    1s
     0     0 5681.61029    0  166 5792.00000 5681.61029  1.91%     -    1s
     0     2 5681.63885    0  146 5792.00000 5681.63885  1.91%     -    1s
  1637   363 5721.66865   13   61 5792.00000 5720.89323  1.23%  76.4    5s

Cutting planes:
  Gomory: 10
  Lift-and-project: 7
  Cover: 253
  Implied bound: 73
  MIR: 280
  StrongCG: 53
  Flow cover: 490
  Zero half: 311
  Network: 5
  RLT: 16
  Relax-and-lift: 30

Explored 2904 nodes (206772 simplex iterations) in 6.49 seconds (5.26 work units)
Thread count was 12 (of 12 available processors)

Solution count 8: 5792 5816 6129 ... 7989

Optimal solution found (tolerance 5.00e-03)
Best objective 5.792000000000e+03, best bound 5.792000000000e+03, gap 0.0000%
