
Gurobi 12.0.0 (win64) logging started Mon Feb 16 19:34:09 2026

Set parameter LogFile to value "Storage_orig/Logs/log______Sens_handling_time_1_2026_02_16_19_34_09.log"
Set parameter MIPGap to value 0.01
Set parameter OutputFlag to value 1
Set parameter TimeLimit to value 600
Gurobi Optimizer version 12.0.0 build v12.0.0rc1 (win64 - Windows 11+.0 (26200.2))

CPU model: Intel(R) Core(TM) i7-9750H CPU @ 2.60GHz, instruction set [SSE2|AVX|AVX2]
Thread count: 6 physical cores, 12 logical processors, using up to 12 threads

Non-default parameters:
TimeLimit  600
MIPGap  0.01
MIPFocus  1

Optimize a model with 4170 rows, 840 columns and 11004 nonzeros
Model fingerprint: 0xffcc78e6
Variable types: 18 continuous, 822 integer (570 binary)
Coefficient statistics:
  Matrix range     [1e+00, 1e+03]
  Objective range  [1e+01, 2e+03]
  Bounds range     [1e+00, 1e+00]
  RHS range        [1e+00, 1e+03]
Found heuristic solution: objective 18900.000000
Presolve removed 2940 rows and 192 columns
Presolve time: 0.09s
Presolved: 1230 rows, 648 columns, 6453 nonzeros
Variable types: 18 continuous, 630 integer (450 binary)

Root relaxation: objective 5.467500e+03, 407 iterations, 0.02 seconds (0.01 work units)

    Nodes    |    Current Node    |     Objective Bounds      |     Work
 Expl Unexpl |  Obj  Depth IntInf | Incumbent    BestBd   Gap | It/Node Time

     0     0 5467.50003    0   37 18900.0000 5467.50003  71.1%     -    0s
H    0     0                    15024.000000 5467.50003  63.6%     -    0s
H    0     0                    14684.000000 5467.50003  62.8%     -    0s
H    0     0                    13006.000000 5467.50003  58.0%     -    0s
H    0     0                    12926.000000 5468.00013  57.7%     -    0s
     0     0 5468.00013    0   71 12926.0000 5468.00013  57.7%     -    0s
H    0     0                    12831.000000 5468.45458  57.4%     -    0s
H    0     0                    12291.000000 5468.45458  55.5%     -    0s
H    0     0                    12011.000000 5468.45458  54.5%     -    0s
     0     0 5468.45458    0   56 12011.0000 5468.45458  54.5%     -    0s
     0     0 5485.37348    0   38 12011.0000 5485.37348  54.3%     -    0s
     0     0 5485.37348    0   50 12011.0000 5485.37348  54.3%     -    0s
     0     0 5549.41254    0   72 12011.0000 5549.41254  53.8%     -    0s
     0     0 5552.39649    0   98 12011.0000 5552.39649  53.8%     -    0s
H    0     0                    10987.000000 5555.98707  49.4%     -    0s
     0     0 5555.98707    0  113 10987.0000 5555.98707  49.4%     -    0s
     0     0 5556.37024    0  113 10987.0000 5556.37024  49.4%     -    0s
     0     0 5560.58549    0  115 10987.0000 5560.58549  49.4%     -    0s
     0     0 5561.03505    0  124 10987.0000 5561.03505  49.4%     -    0s
     0     0 5561.07124    0  114 10987.0000 5561.07124  49.4%     -    0s
     0     0 5561.07124    0  116 10987.0000 5561.07124  49.4%     -    0s
H    0     0                    10847.000000 5561.07124  48.7%     -    0s
H    0     0                    10554.000000 5593.13997  47.0%     -    1s
     0     0 5593.13997    0  149 10554.0000 5593.13997  47.0%     -    1s
H    0     0                    10294.000000 5593.13997  45.7%     -    1s
H    0     0                    10147.000000 5608.55075  44.7%     -    1s
H    0     0                    9658.0000000 5608.55075  41.9%     -    1s
H    0     0                    9118.0000000 5608.55075  38.5%     -    1s
     0     0 5608.55075    0  153 9118.00000 5608.55075  38.5%     -    1s
     0     0 5610.21150    0  162 9118.00000 5610.21150  38.5%     -    1s
     0     0 5611.57302    0  157 9118.00000 5611.57302  38.5%     -    1s
H    0     0                    9058.0000000 5612.25472  38.0%     -    1s
H    0     0                    8658.0000000 5612.25472  35.2%     -    1s
     0     0 5612.25472    0  175 8658.00000 5612.25472  35.2%     -    1s
H    0     0                    8518.0000000 5614.13132  34.1%     -    1s
H    0     0                    8438.0000000 5614.13132  33.5%     -    1s
     0     0 5614.13132    0  192 8438.00000 5614.13132  33.5%     -    1s
     0     0 5624.21195    0  209 8438.00000 5624.21195  33.3%     -    1s
     0     0 5626.22100    0  218 8438.00000 5626.22100  33.3%     -    1s
     0     0 5630.24863    0  195 8438.00000 5630.24863  33.3%     -    1s
     0     0 5640.27857    0  200 8438.00000 5640.27857  33.2%     -    1s
     0     0 5640.55245    0  222 8438.00000 5640.55245  33.2%     -    1s
     0     0 5642.89766    0  219 8438.00000 5642.89766  33.1%     -    1s
H    0     0                    8399.0000000 5645.66688  32.8%     -    1s
H    0     0                    8298.0000000 5645.66688  32.0%     -    1s
H    0     0                    8259.0000000 5645.66688  31.6%     -    1s
     0     0 5645.66688    0  204 8259.00000 5645.66688  31.6%     -    1s
H    0     0                    8119.0000000 5645.99646  30.5%     -    1s
     0     0 5645.99646    0  218 8119.00000 5645.99646  30.5%     -    1s
     0     0 5646.09240    0  223 8119.00000 5646.09240  30.5%     -    1s
     0     0 5648.01993    0  166 8119.00000 5648.01993  30.4%     -    1s
     0     0 5648.21359    0  174 8119.00000 5648.21359  30.4%     -    1s
     0     0 5648.21555    0  179 8119.00000 5648.21555  30.4%     -    1s
H    0     0                    7792.0000000 5669.38761  27.2%     -    1s
H    0     0                    7592.0000000 5669.38761  25.3%     -    1s
     0     0 5669.38761    0  178 7592.00000 5669.38761  25.3%     -    1s
     0     0 5672.64702    0  222 7592.00000 5672.64702  25.3%     -    2s
     0     0 5675.14423    0  202 7592.00000 5675.14423  25.2%     -    2s
     0     0 5675.80459    0  226 7592.00000 5675.80459  25.2%     -    2s
     0     0 5675.94417    0  238 7592.00000 5675.94417  25.2%     -    2s
     0     0 5675.94417    0  259 7592.00000 5675.94417  25.2%     -    2s
H    0     0                    7452.0000000 5675.94417  23.8%     -    2s
H    0     0                    7392.0000000 5675.94417  23.2%     -    2s
H    0     0                    7252.0000000 5675.94417  21.7%     -    2s
     0     0 5678.66588    0  197 7252.00000 5678.66588  21.7%     -    2s
H    0     0                    7172.0000000 5678.66588  20.8%     -    2s
H    0     0                    7112.0000000 5678.66588  20.2%     -    2s
     0     2 5678.66588    0  179 7112.00000 5678.66588  20.2%     -    3s
H   78    81                    6832.0000000 5678.83629  16.9%   155    4s
   183   190 5818.27949   46   43 6832.00000 5678.83629  16.9%  85.8    5s
H  272   289                    6796.0000000 5679.53864  16.4%  73.6    5s
H  300   293                    6760.0000000 5679.53864  16.0%  75.7    5s
H  402   365                    6721.0000000 5679.80077  15.5%  74.3    6s
H  448   411                    6682.0000000 5680.02486  15.0%  74.4    6s
H  566   498                    6562.0000000 5680.39619  13.4%  68.7    7s
H  586   559                    6422.0000000 5680.39619  11.5%  67.1    7s
H  640   592                    6282.0000000 5680.39619  9.58%  65.4    7s
H  707   585                    6202.0000000 5680.39619  8.41%  64.3    7s
H  855   674                    6101.0000000 5680.39619  6.89%  63.5    9s
   956   776 5901.33761   33   24 6101.00000 5680.39619  6.89%  63.0   10s
H 1086   857                    6080.0000000 5681.43075  6.56%  62.6   11s
H 1239   935                    6000.0000000 5681.43075  5.31%  60.0   12s
  1616  1183 5949.61762   25  208 6000.00000 5681.44187  5.31%  54.0   15s
  1719  1265 5682.55724   18  186 6000.00000 5681.98229  5.30%  73.6   20s
  2405  1631 5831.70589   46  152 6000.00000 5682.49647  5.29%  77.0   25s
  3014  1843 5731.51429   20  193 6000.00000 5685.01934  5.25%  78.1   30s
  5823  2915 5968.45447   40   82 6000.00000 5709.56240  4.84%  70.3   35s
 10310  5665 5854.64321   47  116 6000.00000 5717.86040  4.70%  62.3   40s
 14682  8354 infeasible   61      6000.00000 5720.50653  4.66%  58.2   45s
 19369 11203 5949.74989   58  116 6000.00000 5721.84333  4.64%  55.2   50s
 23590 13549 5813.80597   40  120 6000.00000 5722.60919  4.62%  53.8   55s
 27560 16047 5830.41027   48  144 6000.00000 5723.04105  4.62%  53.0   60s
 32223 19191 5730.39505   34  180 6000.00000 5723.64740  4.61%  52.0   65s
 35998 20951 5934.65838   58  126 6000.00000 5724.10853  4.60%  51.3   70s
 39280 22771 5734.62689   37   91 6000.00000 5724.59801  4.59%  51.8   75s
 42947 25430 5733.11178   30  162 6000.00000 5725.01791  4.58%  52.0   80s
 45903 26523 5820.68992   39   87 6000.00000 5725.37257  4.58%  51.9   85s
 49522 28875 5746.25445   50  178 6000.00000 5725.73137  4.57%  51.7   90s
 55696 32828 5775.06287   44   83 6000.00000 5726.08048  4.57%  50.5   96s
 61224 35420 5812.16105   32  158 6000.00000 5726.23365  4.56%  49.9  100s
 65550 37850 5759.82716   35  100 6000.00000 5726.45846  4.56%  49.7  105s
 69898 40789 5789.29545   36  104 6000.00000 5726.69334  4.56%  49.7  110s
 74422 43484 5871.32074   33  209 6000.00000 5726.78337  4.55%  49.5  116s
 79316 45338 5960.30907   57   67 6000.00000 5726.96621  4.55%  49.2  120s
 82304 47936 5897.92547   61  212 6000.00000 5727.12976  4.55%  49.4  126s
 87170 50322 5752.74205   29  192 6000.00000 5727.25230  4.55%  49.1  130s
 92468 53113 5820.11111   39   60 6000.00000 5727.43503  4.54%  48.9  136s
 95132 55637 5953.78788   46   98 6000.00000 5727.54317  4.54%  49.1  140s
 100865 58385 5860.28261   56   77 6000.00000 5727.69691  4.54%  48.8  146s
 105697 61197 5881.38461   56  152 6000.00000 5727.83667  4.54%  48.8  151s
 108328 62084 5799.93548   36  180 6000.00000 5727.88569  4.54%  48.8  155s
 111666 63999 5775.73102   37  196 6000.00000 5727.98152  4.53%  48.8  160s
 114984 65332 5837.11656   49  105 6000.00000 5728.05412  4.53%  49.2  165s
 118224 67356 5856.50000   47   74 6000.00000 5728.11173  4.53%  49.3  170s
 123233 69919 5753.17168   38  139 6000.00000 5728.35827  4.53%  49.2  175s
 127274 72084 5913.99938   36  118 6000.00000 5728.52407  4.52%  49.1  180s
 132525 74814 5957.96224   41   97 6000.00000 5728.82353  4.52%  48.9  186s
 135707 76960 5840.63138   46  100 6000.00000 5728.93188  4.52%  49.0  190s
 140435 79125 5795.88806   41  173 6000.00000 5729.01270  4.52%  49.3  196s
 143544 80832 5760.13969   44  119 6000.00000 5729.07984  4.52%  49.4  200s
 148931 83519 5813.39351   37  136 6000.00000 5729.32728  4.51%  49.3  206s
 152802 85580 5832.34742   47  165 6000.00000 5729.51321  4.51%  49.4  210s
 156163 87519     cutoff   46      6000.00000 5729.69742  4.51%  49.5  215s
 160523 89783 5778.67403   47  212 6000.00000 5729.88312  4.50%  49.6  221s
 164795 90952     cutoff   71      6000.00000 5730.00993  4.50%  49.6  226s
 165127 91341 5829.83320   25   92 6000.00000 5730.01072  4.50%  49.6  230s
 167671 93003 5810.58847   46  118 6000.00000 5730.13539  4.50%  49.7  235s
 171819 95198 5745.03572   34  108 6000.00000 5730.21100  4.50%  49.7  240s
 176591 97454     cutoff   46      6000.00000 5730.28765  4.50%  49.8  246s
 179663 99285 5951.18601   70   76 6000.00000 5730.35449  4.49%  49.8  251s
 183942 101631     cutoff   43      6000.00000 5730.39115  4.49%  49.8  256s
 188119 104132 5907.95181   31  146 6000.00000 5730.51220  4.49%  49.8  261s
 193195 106076 5916.88328   45   87 6000.00000 5730.61131  4.49%  49.8  266s
 197148 107715 5924.46981   38  165 6000.00000 5730.70840  4.49%  50.1  271s
 200688 109591 5813.28807   55  178 6000.00000 5730.87290  4.49%  50.1  276s
 204764 111913 5743.94915   32  132 6000.00000 5730.96891  4.48%  50.1  280s
 209233 113833 5825.82275   55   99 6000.00000 5731.09083  4.48%  50.0  286s
 212312 115807 5828.06179   33   71 6000.00000 5731.14326  4.48%  50.0  290s
 216052 117271 5929.19707   42  219 6000.00000 5731.17346  4.48%  50.0  295s
 220810 120190     cutoff   55      6000.00000 5731.17400  4.48%  50.0  301s
 224398 121959 5747.03585   46  166 6000.00000 5731.23034  4.48%  50.1  306s
 226456 123794     cutoff   40      6000.00000 5731.25325  4.48%  50.2  310s
 230497 125716 5860.92937   43   96 6000.00000 5731.28149  4.48%  50.2  315s
 234182 127433     cutoff   80      6000.00000 5731.32967  4.48%  50.2  320s
 237632 129381 5772.15635   42  189 6000.00000 5731.40475  4.48%  50.2  325s
 240877 130963 5770.16166   45  174 6000.00000 5731.44695  4.48%  50.3  331s
 244104 132869 5768.97032   49  180 6000.00000 5731.44830  4.48%  50.3  336s
 247007 134511 5754.87256   40   96 6000.00000 5731.50781  4.47%  50.3  340s
 252525 137184 5821.45540   63  160 6000.00000 5731.55573  4.47%  50.3  346s
 255620 139112 5823.25873   28  150 6000.00000 5731.63087  4.47%  50.4  351s
 258526 140712 5876.01400   46   99 6000.00000 5731.68332  4.47%  50.3  355s
 263358 142959 5778.30838   42   73 6000.00000 5731.75382  4.47%  50.4  360s
 267909 145237 5733.08200   38  142 6000.00000 5731.81301  4.47%  50.5  366s
 271468 147306 5767.66667   39  115 6000.00000 5731.91303  4.47%  50.6  370s
 275246 149166 5835.55024   48  136 6000.00000 5731.99451  4.47%  50.5  375s
 278295 150725 5746.28919   42  120 6000.00000 5732.02796  4.47%  50.6  380s
 281368 151977 5921.48863   49  103 6000.00000 5732.07780  4.47%  50.5  385s
 284990 153701 5816.51183   55   41 6000.00000 5732.10513  4.46%  50.6  390s
 289363 156071 infeasible   56      6000.00000 5732.19282  4.46%  50.6  396s
 292832 158095 5758.15772   34  195 6000.00000 5732.23721  4.46%  50.5  401s
 296449 160021 5734.21158   39  106 6000.00000 5732.25400  4.46%  50.5  405s
 301256 162183 5841.48551   49  178 6000.00000 5732.32094  4.46%  50.5  411s
 304013 164042 5844.03169   41  142 6000.00000 5732.38102  4.46%  50.6  416s
 306794 165131 5856.25557   45  142 6000.00000 5732.42769  4.46%  50.6  421s
 308401 165612 5851.14771   50  145 6000.00000 5732.42769  4.46%  50.6  425s
 310589 167345 5734.54004   30  107 6000.00000 5732.48261  4.46%  50.6  430s
 314263 169170 5958.50000   51   87 6000.00000 5732.53853  4.46%  50.7  435s
 317625 170658 5734.34602   35  115 6000.00000 5732.60844  4.46%  50.7  440s
 321796 172892 5874.21301   63   48 6000.00000 5732.67581  4.46%  50.8  446s
 325260 174878 5838.18888   32   87 6000.00000 5732.71281  4.45%  50.9  451s
 329044 176605 5814.41491   49   67 6000.00000 5732.74917  4.45%  50.8  456s
 333087 178421 5905.55821   57  173 6000.00000 5732.79274  4.45%  50.8  461s
 336177 180120 infeasible   45      6000.00000 5732.83044  4.45%  50.9  466s
 340322 182312 5852.41623   34  132 6000.00000 5732.87762  4.45%  50.8  471s
 343416 184113 5824.96160   46   50 6000.00000 5732.89781  4.45%  50.8  475s
 346096 185489     cutoff   44      6000.00000 5732.89937  4.45%  50.8  480s
 349397 187132 5928.55015   56   64 6000.00000 5732.93766  4.45%  50.8  486s
 353108 188928 5847.74672   55  199 6000.00000 5732.97682  4.45%  50.7  490s
 356644 190605 infeasible   65      6000.00000 5733.01601  4.45%  50.8  495s
 360153 192307 5850.01532   43  139 6000.00000 5733.08019  4.45%  50.8  500s
 364216 194516 5920.73456   48   59 6000.00000 5733.12055  4.45%  50.7  505s
 368477 196464 5768.10516   44  119 6000.00000 5733.16201  4.45%  50.6  510s
 371545 198005 5743.53094   31  131 6000.00000 5733.19453  4.45%  50.7  515s
 375395 200224     cutoff   48      6000.00000 5733.24397  4.45%  50.6  520s
 378933 201919 5973.62609   56   83 6000.00000 5733.30898  4.44%  50.6  525s
 381488 202987 5825.21695   48   83 6000.00000 5733.32181  4.44%  50.7  530s
 384574 205103 5767.92701   41  142 6000.00000 5733.36955  4.44%  50.7  535s
 389003 206737 5736.62097   37  177 6000.00000 5733.44540  4.44%  50.7  540s
 392237 208164 5739.29936   32   96 6000.00000 5733.49688  4.44%  50.7  545s
 396384 210063 5893.65674   58  102 6000.00000 5733.57038  4.44%  50.7  550s
 400247 211720 5755.61105   37   76 6000.00000 5733.61586  4.44%  50.7  555s
 403553 213266 5740.92475   35  133 6000.00000 5733.66168  4.44%  50.7  560s
 407013 214998 5955.23975   49  144 6000.00000 5733.67449  4.44%  50.8  566s
 409193 216419 5872.04437   49  142 6000.00000 5733.68806  4.44%  50.9  570s
 413489 218576 infeasible   44      6000.00000 5733.72349  4.44%  50.9  575s
 417153 220551 5849.20000   48   47 6000.00000 5733.77459  4.44%  50.9  580s
 421455 221743 5810.64848   48   72 6000.00000 5733.81074  4.44%  51.0  586s
 421498 221795 5737.63768   45   89 6000.00000 5733.81074  4.44%  51.0  591s
 423894 223593 5873.68400   45  127 6000.00000 5733.84726  4.44%  51.0  596s
 426494 224755 5764.69247   44  153 6000.00000 5733.86688  4.44%  51.0  600s

Cutting planes:
  Learned: 88
  Gomory: 3
  Cover: 304
  MIR: 266
  StrongCG: 15
  Flow cover: 291
  Inf proof: 4
  Network: 2
  RLT: 9
  Relax-and-lift: 16

Explored 427403 nodes (21805450 simplex iterations) in 600.12 seconds (226.99 work units)
Thread count was 12 (of 12 available processors)

Solution count 10: 6000 6080 6101 ... 6760

Time limit reached
Best objective 6.000000000000e+03, best bound 5.734000000000e+03, gap 4.4333%
