
Gurobi 12.0.0 (win64) logging started Mon Feb 16 00:55:00 2026

Set parameter LogFile to value "Storage_orig/Logs/log______Sens_handling_time_1_2026_02_16_00_54_59.log"
Set parameter MIPGap to value 0.01
Set parameter OutputFlag to value 1
Set parameter TimeLimit to value 600
Gurobi Optimizer version 12.0.0 build v12.0.0rc1 (win64 - Windows 11+.0 (26200.2))

CPU model: Intel(R) Core(TM) i7-9750H CPU @ 2.60GHz, instruction set [SSE2|AVX|AVX2]
Thread count: 6 physical cores, 12 logical processors, using up to 12 threads

Non-default parameters:
TimeLimit  600
MIPGap  0.01
MIPFocus  1

Optimize a model with 4170 rows, 840 columns and 11004 nonzeros
Model fingerprint: 0xffcc78e6
Variable types: 18 continuous, 822 integer (570 binary)
Coefficient statistics:
  Matrix range     [1e+00, 1e+03]
  Objective range  [1e+01, 2e+03]
  Bounds range     [1e+00, 1e+00]
  RHS range        [1e+00, 1e+03]
Found heuristic solution: objective 18900.000000
Presolve removed 2940 rows and 192 columns
Presolve time: 0.05s
Presolved: 1230 rows, 648 columns, 6453 nonzeros
Variable types: 18 continuous, 630 integer (450 binary)

Root relaxation: objective 5.467500e+03, 407 iterations, 0.02 seconds (0.01 work units)

    Nodes    |    Current Node    |     Objective Bounds      |     Work
 Expl Unexpl |  Obj  Depth IntInf | Incumbent    BestBd   Gap | It/Node Time

     0     0 5467.50003    0   37 18900.0000 5467.50003  71.1%     -    0s
H    0     0                    15024.000000 5467.50003  63.6%     -    0s
H    0     0                    14684.000000 5467.50003  62.8%     -    0s
H    0     0                    13006.000000 5467.50003  58.0%     -    0s
H    0     0                    12926.000000 5468.00013  57.7%     -    0s
     0     0 5468.00013    0   71 12926.0000 5468.00013  57.7%     -    0s
H    0     0                    12831.000000 5468.45458  57.4%     -    0s
H    0     0                    12291.000000 5468.45458  55.5%     -    0s
H    0     0                    12011.000000 5468.45458  54.5%     -    0s
     0     0 5468.45458    0   56 12011.0000 5468.45458  54.5%     -    0s
     0     0 5485.37348    0   38 12011.0000 5485.37348  54.3%     -    0s
     0     0 5485.37348    0   50 12011.0000 5485.37348  54.3%     -    0s
     0     0 5549.41254    0   72 12011.0000 5549.41254  53.8%     -    0s
     0     0 5552.39649    0   98 12011.0000 5552.39649  53.8%     -    0s
H    0     0                    10987.000000 5555.98707  49.4%     -    0s
     0     0 5555.98707    0  113 10987.0000 5555.98707  49.4%     -    0s
     0     0 5556.37024    0  113 10987.0000 5556.37024  49.4%     -    0s
     0     0 5560.58549    0  115 10987.0000 5560.58549  49.4%     -    0s
     0     0 5561.03505    0  124 10987.0000 5561.03505  49.4%     -    0s
     0     0 5561.07124    0  114 10987.0000 5561.07124  49.4%     -    0s
     0     0 5561.07124    0  116 10987.0000 5561.07124  49.4%     -    0s
H    0     0                    10847.000000 5561.07124  48.7%     -    0s
H    0     0                    10554.000000 5593.13997  47.0%     -    0s
     0     0 5593.13997    0  149 10554.0000 5593.13997  47.0%     -    0s
H    0     0                    10294.000000 5593.13997  45.7%     -    1s
H    0     0                    10147.000000 5608.55075  44.7%     -    1s
H    0     0                    9658.0000000 5608.55075  41.9%     -    1s
H    0     0                    9118.0000000 5608.55075  38.5%     -    1s
     0     0 5608.55075    0  153 9118.00000 5608.55075  38.5%     -    1s
     0     0 5610.21150    0  162 9118.00000 5610.21150  38.5%     -    1s
     0     0 5611.57302    0  157 9118.00000 5611.57302  38.5%     -    1s
H    0     0                    9058.0000000 5612.25472  38.0%     -    1s
H    0     0                    8658.0000000 5612.25472  35.2%     -    1s
     0     0 5612.25472    0  175 8658.00000 5612.25472  35.2%     -    1s
H    0     0                    8518.0000000 5614.13132  34.1%     -    1s
H    0     0                    8438.0000000 5614.13132  33.5%     -    1s
     0     0 5614.13132    0  192 8438.00000 5614.13132  33.5%     -    1s
     0     0 5624.21195    0  209 8438.00000 5624.21195  33.3%     -    1s
     0     0 5626.22100    0  218 8438.00000 5626.22100  33.3%     -    1s
     0     0 5630.24863    0  195 8438.00000 5630.24863  33.3%     -    1s
     0     0 5640.27857    0  200 8438.00000 5640.27857  33.2%     -    1s
     0     0 5640.55245    0  222 8438.00000 5640.55245  33.2%     -    1s
     0     0 5642.89766    0  219 8438.00000 5642.89766  33.1%     -    1s
H    0     0                    8399.0000000 5645.66688  32.8%     -    1s
H    0     0                    8298.0000000 5645.66688  32.0%     -    1s
H    0     0                    8259.0000000 5645.66688  31.6%     -    1s
     0     0 5645.66688    0  204 8259.00000 5645.66688  31.6%     -    1s
H    0     0                    8119.0000000 5645.99646  30.5%     -    1s
     0     0 5645.99646    0  218 8119.00000 5645.99646  30.5%     -    1s
     0     0 5646.09240    0  223 8119.00000 5646.09240  30.5%     -    1s
     0     0 5648.01993    0  166 8119.00000 5648.01993  30.4%     -    1s
     0     0 5648.21359    0  174 8119.00000 5648.21359  30.4%     -    1s
     0     0 5648.21555    0  179 8119.00000 5648.21555  30.4%     -    1s
H    0     0                    7792.0000000 5669.38761  27.2%     -    2s
H    0     0                    7592.0000000 5669.38761  25.3%     -    2s
     0     0 5669.38761    0  178 7592.00000 5669.38761  25.3%     -    2s
     0     0 5672.64702    0  222 7592.00000 5672.64702  25.3%     -    2s
     0     0 5675.14423    0  202 7592.00000 5675.14423  25.2%     -    2s
     0     0 5675.80459    0  226 7592.00000 5675.80459  25.2%     -    2s
     0     0 5675.94417    0  238 7592.00000 5675.94417  25.2%     -    2s
     0     0 5675.94417    0  259 7592.00000 5675.94417  25.2%     -    2s
H    0     0                    7452.0000000 5675.94417  23.8%     -    2s
H    0     0                    7392.0000000 5675.94417  23.2%     -    2s
H    0     0                    7252.0000000 5675.94417  21.7%     -    2s
     0     0 5678.66588    0  197 7252.00000 5678.66588  21.7%     -    2s
H    0     0                    7172.0000000 5678.66588  20.8%     -    3s
H    0     0                    7112.0000000 5678.66588  20.2%     -    3s
     0     2 5678.66588    0  179 7112.00000 5678.66588  20.2%     -    3s
H   78    81                    6832.0000000 5678.83629  16.9%   155    4s
   100   107 5701.24567   21   74 6832.00000 5678.83629  16.9%   131    5s
H  272   289                    6796.0000000 5679.53864  16.4%  73.6    6s
H  300   293                    6760.0000000 5679.53864  16.0%  75.7    6s
H  402   365                    6721.0000000 5679.80077  15.5%  74.3    7s
H  448   411                    6682.0000000 5680.02486  15.0%  74.4    7s
H  566   498                    6562.0000000 5680.39619  13.4%  68.7    8s
H  586   559                    6422.0000000 5680.39619  11.5%  67.1    8s
H  640   592                    6282.0000000 5680.39619  9.58%  65.4    8s
H  707   585                    6202.0000000 5680.39619  8.41%  64.3    9s
   810   658 5775.38414   22   48 6202.00000 5680.39619  8.41%  63.6   10s
H  855   674                    6101.0000000 5680.39619  6.89%  63.5   10s
H 1086   857                    6080.0000000 5681.43075  6.56%  62.6   12s
H 1239   935                    6000.0000000 5681.43075  5.31%  60.0   13s
  1600  1172 5732.90997   39   25 6000.00000 5681.44187  5.31%  54.6   15s
  1641  1203 5681.75000   12  196 6000.00000 5681.75000  5.30%  64.0   20s
  2115  1494 5727.20473   32   97 6000.00000 5681.98229  5.30%  77.3   25s
  2731  1714 5844.18308   61  106 6000.00000 5683.45806  5.28%  78.2   30s
  4397  2221     cutoff   44      6000.00000 5696.61853  5.06%  71.3   35s
  7321  3738 5838.48283   36   76 6000.00000 5713.75188  4.77%  66.4   40s
 11435  6261 5731.94846   40  163 6000.00000 5718.70367  4.69%  62.0   45s
 16212  9350     cutoff   43      6000.00000 5720.77835  4.65%  57.1   50s
 20148 11967 5824.46494   50  113 6000.00000 5722.05819  4.63%  55.0   55s
 23590 13549 5813.80597   40  120 6000.00000 5722.60919  4.62%  53.8   60s
 27560 16047 5830.41027   48  144 6000.00000 5723.04105  4.62%  53.0   65s
 32223 19191 5730.39505   34  180 6000.00000 5723.64740  4.61%  52.0   71s
 35998 20951 5934.65838   58  126 6000.00000 5724.10853  4.60%  51.3   76s
 38257 22269 5819.87880   36   84 6000.00000 5724.39724  4.59%  51.5   80s
 41969 24293 5909.84733   25  138 6000.00000 5724.75882  4.59%  51.8   85s
 45828 26068 5820.67060   38  105 6000.00000 5725.37257  4.58%  51.9   90s
 48530 28072 5748.58840   38  193 6000.00000 5725.72066  4.57%  51.6   95s
 52171 30889 5792.72995   47   65 6000.00000 5725.97913  4.57%  51.4  100s
 58670 34106 5881.84600   52   56 6000.00000 5726.14813  4.56%  50.1  106s
 63600 36655 infeasible   58      6000.00000 5726.32237  4.56%  49.7  110s
 66339 38757 5759.65599   39   97 6000.00000 5726.48217  4.56%  49.8  115s
 71460 41212 5728.25895   33   93 6000.00000 5726.71083  4.55%  49.5  120s
 74422 43484 5871.32074   33  209 6000.00000 5726.78337  4.55%  49.5  125s
 79316 45338 5960.30907   57   67 6000.00000 5726.96621  4.55%  49.2  130s
 81224 46812 5729.54942   34  165 6000.00000 5727.06503  4.55%  49.4  135s
 87170 50322 5752.74205   29  192 6000.00000 5727.25230  4.55%  49.1  140s
 91074 52712 5729.60134   31  248 6000.00000 5727.36152  4.54%  48.9  145s
 95132 55637 5953.78788   46   98 6000.00000 5727.54317  4.54%  49.1  151s
 99721 57481 5755.21643   35  167 6000.00000 5727.69691  4.54%  48.8  155s
 103365 59809 5889.86667   53   63 6000.00000 5727.71109  4.54%  48.8  160s
 108095 61778 5950.25552   45  107 6000.00000 5727.88569  4.54%  48.8  165s
 110081 63564 5952.98026   39  112 6000.00000 5727.94577  4.53%  48.8  170s
 114277 65211 infeasible   33      6000.00000 5728.01732  4.53%  49.1  176s
 115201 65989     cutoff   56      6000.00000 5728.06178  4.53%  49.2  180s
 119506 68416 5950.76951   41  134 6000.00000 5728.16228  4.53%  49.3  186s
 124290 70475 5749.03699   33  125 6000.00000 5728.45957  4.53%  49.2  191s
 128399 73033 5860.65238   49  105 6000.00000 5728.63501  4.52%  49.1  196s
 132525 74814 5957.96224   41   97 6000.00000 5728.82353  4.52%  48.9  200s
 135707 76960 5840.63138   46  100 6000.00000 5728.93188  4.52%  49.0  205s
 139422 78426 5908.77651   47  127 6000.00000 5729.00000  4.52%  49.2  210s
 143544 80832 5760.13969   44  119 6000.00000 5729.07984  4.52%  49.4  216s
 147642 83013 5741.45639   41  215 6000.00000 5729.29161  4.51%  49.3  221s
 151240 84986 5859.75505   49  111 6000.00000 5729.40157  4.51%  49.4  226s
 155074 86645 5790.54291   52   91 6000.00000 5729.65437  4.51%  49.5  231s
 158504 88255 5735.28301   30   97 6000.00000 5729.78210  4.50%  49.4  236s
 162448 90319 infeasible   55      6000.00000 5729.95027  4.50%  49.5  241s
 164795 90952     cutoff   71      6000.00000 5730.00993  4.50%  49.6  245s
 165127 91341 5829.83320   25   92 6000.00000 5730.01072  4.50%  49.6  250s
 167671 93003 5810.58847   46  118 6000.00000 5730.13539  4.50%  49.7  255s
 171819 95198 5745.03572   34  108 6000.00000 5730.21100  4.50%  49.7  260s
 175378 97098 5829.97897   34   87 6000.00000 5730.28692  4.50%  49.7  265s
 178459 98639 5739.14111   34  212 6000.00000 5730.34735  4.49%  49.9  270s
 182877 100796 5869.09853   41  110 6000.00000 5730.38720  4.49%  49.7  275s
 186566 102998 5740.78361   32  126 6000.00000 5730.48553  4.49%  49.8  280s
 192215 105450     cutoff   63      6000.00000 5730.60022  4.49%  49.7  286s
 195396 106859 infeasible   51      6000.00000 5730.70840  4.49%  49.8  290s
 198180 108455 5940.73102   60   70 6000.00000 5730.73880  4.49%  50.1  295s
 203434 111036 5833.55191   35   68 6000.00000 5730.95377  4.48%  50.1  301s
 207280 112862 5732.03601   25  178 6000.00000 5731.00957  4.48%  50.0  305s
 210176 114350 5740.77828   31  161 6000.00000 5731.09391  4.48%  50.0  310s
 213928 116222 5808.94040   47   53 6000.00000 5731.15796  4.48%  49.9  315s
 216814 117807 5957.28570   44  205 6000.00000 5731.17346  4.48%  50.1  320s
 220810 120190     cutoff   55      6000.00000 5731.17400  4.48%  50.0  325s
 224398 121959 5747.03585   46  166 6000.00000 5731.23034  4.48%  50.1  331s
 228361 124372 5775.99056   43  120 6000.00000 5731.25859  4.48%  50.1  336s
 230497 125716 5860.92937   43   96 6000.00000 5731.28149  4.48%  50.2  340s
 234182 127433     cutoff   80      6000.00000 5731.32967  4.48%  50.2  345s
 237632 129381 5772.15635   42  189 6000.00000 5731.40475  4.48%  50.2  351s
 239619 130639 5776.88569   44  209 6000.00000 5731.44695  4.48%  50.3  355s
 242714 132128 5760.89932   38  112 6000.00000 5731.44695  4.48%  50.3  361s
 245706 133571 5734.79348   29  202 6000.00000 5731.48609  4.48%  50.3  365s
 249803 136134 5827.11245   44  119 6000.00000 5731.50781  4.47%  50.3  370s
 253585 137674 5738.67499   44  131 6000.00000 5731.58964  4.47%  50.3  376s
 257404 139696 5877.93444   42  108 6000.00000 5731.65134  4.47%  50.3  381s
 261461 141677 5827.07314   28   59 6000.00000 5731.70920  4.47%  50.3  386s
 264750 143379 5732.02796   52   94 6000.00000 5731.77040  4.47%  50.4  390s
 267909 145237 5733.08200   38  142 6000.00000 5731.81301  4.47%  50.5  395s
 271468 147306 5767.66667   39  115 6000.00000 5731.91303  4.47%  50.6  400s
 275246 149166 5835.55024   48  136 6000.00000 5731.99451  4.47%  50.5  405s
 278295 150725 5746.28919   42  120 6000.00000 5732.02796  4.47%  50.6  410s
 281368 151977 5921.48863   49  103 6000.00000 5732.07780  4.47%  50.5  416s
 283665 153179 5837.50710   57  110 6000.00000 5732.10513  4.46%  50.6  420s
 287172 155487 5745.65826   35  115 6000.00000 5732.15768  4.46%  50.7  426s
 291500 157422 5739.26340   36  126 6000.00000 5732.20989  4.46%  50.6  432s
 294052 158849 infeasible   47      6000.00000 5732.24428  4.46%  50.5  435s
 298543 161015 5738.63923   45   98 6000.00000 5732.25991  4.46%  50.5  441s
 302071 162651 5848.07692   42   79 6000.00000 5732.33108  4.46%  50.6  446s
 305445 164414 5844.03882   45   59 6000.00000 5732.41576  4.46%  50.6  451s
 306794 165131 5856.25557   45  142 6000.00000 5732.42769  4.46%  50.6  455s
 308439 166062 5752.43331   46  106 6000.00000 5732.42769  4.46%  50.6  461s
 310589 167345 5734.54004   30  107 6000.00000 5732.48261  4.46%  50.6  465s
 315460 169599     cutoff   25      6000.00000 5732.57143  4.46%  50.7  471s
 317625 170658 5734.34602   35  115 6000.00000 5732.60844  4.46%  50.7  475s
 320887 172326 5732.89307   27  127 6000.00000 5732.66358  4.46%  50.7  480s
 324113 174082 infeasible   42      6000.00000 5732.70256  4.45%  50.8  485s
 327944 175953 5808.36140   32  115 6000.00000 5732.73051  4.45%  50.8  491s
 330273 177191 5834.98039   41  116 6000.00000 5732.75697  4.45%  50.8  495s
 333957 179129 5750.32658   40  244 6000.00000 5732.79793  4.45%  50.9  500s
 337154 181135 5858.94253   55   76 6000.00000 5732.84949  4.45%  50.9  505s
 341121 182769 5899.59368   49  176 6000.00000 5732.87905  4.45%  50.8  510s
 344719 184241 5833.06695   51   86 6000.00000 5732.89937  4.45%  50.8  515s
 347590 185912     cutoff   61      6000.00000 5732.89937  4.45%  50.8  521s
 349397 187132 5928.55015   56   64 6000.00000 5732.93766  4.45%  50.8  525s
 354232 189314     cutoff   48      6000.00000 5733.00802  4.45%  50.7  531s
 356644 190605 infeasible   65      6000.00000 5733.01601  4.45%  50.8  535s
 360153 192307 5850.01532   43  139 6000.00000 5733.08019  4.45%  50.8  541s
 364216 194516 5920.73456   48   59 6000.00000 5733.12055  4.45%  50.7  546s
 368477 196464 5768.10516   44  119 6000.00000 5733.16201  4.45%  50.6  551s
 370418 197484 5781.40278   55  145 6000.00000 5733.18203  4.45%  50.7  555s
 374312 199482 5836.86096   40   85 6000.00000 5733.24397  4.45%  50.6  561s
 376756 200758 5946.95092   64  123 6000.00000 5733.27724  4.45%  50.6  565s
 380177 202620 5733.32177   41  120 6000.00000 5733.31773  4.44%  50.6  570s
 382148 203642 5955.71968   39  109 6000.00000 5733.32181  4.44%  50.7  576s
 386307 205569 5733.66168   30  108 6000.00000 5733.38987  4.44%  50.7  581s
 389003 206737 5736.62097   37  177 6000.00000 5733.44540  4.44%  50.7  585s
 392237 208164 5739.29936   32   96 6000.00000 5733.49688  4.44%  50.7  590s
 396384 210063 5893.65674   58  102 6000.00000 5733.57038  4.44%  50.7  596s
 398655 211381 5947.23342   35  159 6000.00000 5733.59215  4.44%  50.7  600s

Cutting planes:
  Learned: 86
  Gomory: 3
  Cover: 303
  MIR: 263
  StrongCG: 15
  Flow cover: 287
  Inf proof: 4
  Network: 2
  RLT: 7
  Relax-and-lift: 16

Explored 400246 nodes (20285736 simplex iterations) in 600.14 seconds (208.99 work units)
Thread count was 12 (of 12 available processors)

Solution count 10: 6000 6080 6101 ... 6760

Time limit reached
Best objective 6.000000000000e+03, best bound 5.734000000000e+03, gap 4.4333%
