
Gurobi 12.0.0 (win64) logging started Mon Feb 16 00:44:09 2026

Set parameter LogFile to value "Storage_orig/Logs/log______Sens_handling_time_0.3_2026_02_16_00_44_09.log"
Set parameter MIPGap to value 0.01
Set parameter OutputFlag to value 1
Set parameter TimeLimit to value 600
Gurobi Optimizer version 12.0.0 build v12.0.0rc1 (win64 - Windows 11+.0 (26200.2))

CPU model: Intel(R) Core(TM) i7-9750H CPU @ 2.60GHz, instruction set [SSE2|AVX|AVX2]
Thread count: 6 physical cores, 12 logical processors, using up to 12 threads

Non-default parameters:
TimeLimit  600
MIPGap  0.01
MIPFocus  1

Optimize a model with 4170 rows, 840 columns and 11004 nonzeros
Model fingerprint: 0x11ddccb7
Variable types: 18 continuous, 822 integer (570 binary)
Coefficient statistics:
  Matrix range     [3e-01, 1e+03]
  Objective range  [1e+01, 2e+03]
  Bounds range     [1e+00, 1e+00]
  RHS range        [1e+00, 1e+03]

User MIP start did not produce a new incumbent solution
User MIP start violates constraint Time_LB_2_5_1 by 2.300000000

Found heuristic solution: objective 18900.000000
Presolve removed 2940 rows and 192 columns
Presolve time: 0.06s
Presolved: 1230 rows, 648 columns, 6453 nonzeros
Variable types: 18 continuous, 630 integer (450 binary)

Root relaxation: objective 5.467500e+03, 407 iterations, 0.02 seconds (0.01 work units)

    Nodes    |    Current Node    |     Objective Bounds      |     Work
 Expl Unexpl |  Obj  Depth IntInf | Incumbent    BestBd   Gap | It/Node Time

     0     0 5467.50003    0   31 18900.0000 5467.50003  71.1%     -    0s
H    0     0                    18064.000000 5467.50003  69.7%     -    0s
H    0     0                    16964.000000 5467.50003  67.8%     -    0s
H    0     0                    14970.000000 5467.50003  63.5%     -    0s
H    0     0                    14370.000000 5467.50003  62.0%     -    0s
H    0     0                    12610.000000 5468.00012  56.6%     -    0s
H    0     0                    12010.000000 5468.00012  54.5%     -    0s
H    0     0                    11870.000000 5468.00012  53.9%     -    0s
     0     0 5468.00012    0   73 11870.0000 5468.00012  53.9%     -    0s
H    0     0                    11850.000000 5468.14286  53.9%     -    0s
H    0     0                    10970.000000 5468.14286  50.2%     -    0s
     0     0 5468.14286    0   63 10970.0000 5468.14286  50.2%     -    0s
     0     0 5474.82262    0   62 10970.0000 5474.82262  50.1%     -    0s
     0     0 5474.83453    0   70 10970.0000 5474.83453  50.1%     -    0s
     0     0 5474.83453    0   70 10970.0000 5474.83453  50.1%     -    0s
H    0     0                    10651.000000 5558.58104  47.8%     -    0s
     0     0 5558.58104    0   99 10651.0000 5558.58104  47.8%     -    0s
     0     0 5572.09317    0  111 10651.0000 5572.09317  47.7%     -    0s
     0     0 5576.71794    0  115 10651.0000 5576.71794  47.6%     -    0s
     0     0 5576.71794    0  130 10651.0000 5576.71794  47.6%     -    0s
     0     0 5602.46663    0  156 10651.0000 5602.46663  47.4%     -    1s
H    0     0                    10612.000000 5602.46663  47.2%     -    1s
H    0     0                    9232.0000000 5602.46663  39.3%     -    1s
     0     0 5622.92475    0  156 9232.00000 5622.92475  39.1%     -    1s
     0     0 5634.46748    0  131 9232.00000 5634.46748  39.0%     -    1s
     0     0 5634.52674    0  162 9232.00000 5634.52674  39.0%     -    1s
     0     0 5634.68866    0  184 9232.00000 5634.68866  39.0%     -    1s
     0     0 5635.55824    0  196 9232.00000 5635.55824  39.0%     -    1s
     0     0 5641.24595    0  211 9232.00000 5641.24595  38.9%     -    1s
     0     0 5642.56598    0  205 9232.00000 5642.56598  38.9%     -    1s
     0     0 5645.27703    0  174 9232.00000 5645.27703  38.9%     -    1s
     0     0 5647.35019    0  186 9232.00000 5647.35019  38.8%     -    1s
     0     0 5647.80373    0  207 9232.00000 5647.80373  38.8%     -    1s
H    0     0                    9115.0000000 5648.52108  38.0%     -    1s
H    0     0                    8329.0000000 5648.52108  32.2%     -    1s
H    0     0                    8189.0000000 5648.52108  31.0%     -    1s
     0     0 5648.52108    0  213 8189.00000 5648.52108  31.0%     -    1s
     0     0 5648.52415    0  223 8189.00000 5648.52415  31.0%     -    1s
H    0     0                    7752.0000000 5648.52415  27.1%     -    1s
H    0     0                    7332.0000000 5648.52415  23.0%     -    1s
H    0     0                    6072.0000000 5648.52415  6.97%     -    1s
H    0     0                    5792.0000000 5648.52415  2.48%     -    1s
     0     0 5662.81039    0  213 5792.00000 5662.81039  2.23%     -    1s
     0     0 5666.72575    0  213 5792.00000 5666.72575  2.16%     -    2s
     0     0 5669.27209    0  228 5792.00000 5669.27209  2.12%     -    2s
     0     0 5670.49076    0  253 5792.00000 5670.49076  2.10%     -    2s
     0     0 5672.00070    0  163 5792.00000 5672.00070  2.07%     -    2s
     0     0 5672.00072    0  163 5792.00000 5672.00072  2.07%     -    2s
     0     0 5672.48148    0  138 5792.00000 5672.48148  2.06%     -    2s
     0     2 5672.48148    0   66 5792.00000 5672.48148  2.06%     -    2s
   634   377 5725.05500    7   62 5792.00000 5680.77226  1.92%  48.3    5s
  2347  1096 5767.45731   21  208 5792.00000 5687.79420  1.80%  40.3   10s
  3131  1110 5713.67188   26   12 5792.00000 5712.00000  1.38%  49.9   15s
  5287   348     cutoff   24      5792.00000 5730.24545  1.07%  50.5   20s

Cutting planes:
  Learned: 14
  Gomory: 6
  Cover: 259
  Implied bound: 6
  Clique: 15
  MIR: 126
  StrongCG: 8
  Flow cover: 166
  Inf proof: 1
  Zero half: 6
  Network: 4
  RLT: 5
  Relax-and-lift: 20

Explored 5952 nodes (298980 simplex iterations) in 21.13 seconds (6.33 work units)
Thread count was 12 (of 12 available processors)

Solution count 10: 5792 6072 7332 ... 10651

Optimal solution found (tolerance 1.00e-02)
Best objective 5.792000000000e+03, best bound 5.739000000000e+03, gap 0.9151%
