
Gurobi 12.0.0 (win64) logging started Tue Feb 17 01:27:52 2026

Set parameter LogFile to value "Storage_orig/Logs/log______Sens_handling_time_0.5_2026_02_17_01_27_52.log"
Set parameter MIPGap to value 0.01
Set parameter OutputFlag to value 1
Set parameter TimeLimit to value 600
Gurobi Optimizer version 12.0.0 build v12.0.0rc1 (win64 - Windows 11+.0 (26200.2))

CPU model: Intel(R) Core(TM) i7-9750H CPU @ 2.60GHz, instruction set [SSE2|AVX|AVX2]
Thread count: 6 physical cores, 12 logical processors, using up to 12 threads

Non-default parameters:
TimeLimit  600
MIPGap  0.01
MIPFocus  1

Optimize a model with 4170 rows, 840 columns and 11004 nonzeros
Model fingerprint: 0x3e0d92ac
Variable types: 18 continuous, 822 integer (570 binary)
Coefficient statistics:
  Matrix range     [5e-01, 1e+03]
  Objective range  [1e+01, 2e+03]
  Bounds range     [1e+00, 1e+00]
  RHS range        [1e+00, 1e+03]

User MIP start did not produce a new incumbent solution
User MIP start violates constraint Time_LB_1_4_0 by 5.200000000

Found heuristic solution: objective 18900.000000
Presolve removed 2940 rows and 192 columns
Presolve time: 0.02s
Presolved: 1230 rows, 648 columns, 6453 nonzeros
Variable types: 18 continuous, 630 integer (450 binary)

Root relaxation: objective 5.517500e+03, 407 iterations, 0.01 seconds (0.01 work units)

    Nodes    |    Current Node    |     Objective Bounds      |     Work
 Expl Unexpl |  Obj  Depth IntInf | Incumbent    BestBd   Gap | It/Node Time

     0     0 5517.50003    0   33 18900.0000 5517.50003  70.8%     -    0s
H    0     0                    16274.000000 5517.50003  66.1%     -    0s
H    0     0                    15058.000000 5517.50003  63.4%     -    0s
H    0     0                    13498.000000 5517.50003  59.1%     -    0s
H    0     0                    12398.000000 5517.50003  55.5%     -    0s
H    0     0                    11698.000000 5517.50003  52.8%     -    0s
H    0     0                    11498.000000 5518.00012  52.0%     -    0s
H    0     0                    11098.000000 5518.00012  50.3%     -    0s
     0     0 5518.00012    0   90 11098.0000 5518.00012  50.3%     -    0s
     0     0 5524.70888    0   53 11098.0000 5524.70888  50.2%     -    0s
     0     0 5524.70888    0   48 11098.0000 5524.70888  50.2%     -    0s
     0     0 5597.41496    0  101 11098.0000 5597.41496  49.6%     -    0s
     0     0 5602.35801    0  126 11098.0000 5602.35801  49.5%     -    0s
     0     0 5614.23826    0  106 11098.0000 5614.23826  49.4%     -    0s
     0     0 5614.23826    0  116 11098.0000 5614.23826  49.4%     -    0s
H    0     0                    10994.000000 5648.18201  48.6%     -    0s
     0     0 5648.18201    0  165 10994.0000 5648.18201  48.6%     -    0s
H    0     0                    10854.000000 5657.65735  47.9%     -    0s
H    0     0                    10369.000000 5657.65735  45.4%     -    0s
H    0     0                    9321.0000000 5657.65735  39.3%     -    0s
H    0     0                    9121.0000000 5657.65735  38.0%     -    0s
H    0     0                    8641.0000000 5657.65735  34.5%     -    0s
     0     0 5657.65735    0  166 8641.00000 5657.65735  34.5%     -    0s
     0     0 5663.46075    0  190 8641.00000 5663.46075  34.5%     -    0s
     0     0 5666.51589    0  180 8641.00000 5666.51589  34.4%     -    0s
H    0     0                    8301.0000000 5668.10600  31.7%     -    0s
     0     0 5668.10600    0  196 8301.00000 5668.10600  31.7%     -    0s
     0     0 5669.14638    0  213 8301.00000 5669.14638  31.7%     -    0s
     0     0 5669.53851    0  231 8301.00000 5669.53851  31.7%     -    0s
     0     0 5670.26132    0  202 8301.00000 5670.26132  31.7%     -    0s
     0     0 5671.90846    0  192 8301.00000 5671.90846  31.7%     -    0s
     0     0 5672.31571    0  207 8301.00000 5672.31571  31.7%     -    0s
     0     0 5673.19555    0  226 8301.00000 5673.19555  31.7%     -    0s
     0     0 5673.62993    0  239 8301.00000 5673.62993  31.7%     -    0s
     0     0 5673.73419    0  258 8301.00000 5673.73419  31.6%     -    0s
     0     0 5673.88035    0  242 8301.00000 5673.88035  31.6%     -    0s
     0     0 5674.21601    0  258 8301.00000 5674.21601  31.6%     -    0s
     0     0 5674.47468    0  168 8301.00000 5674.47468  31.6%     -    0s
     0     0 5674.48828    0  178 8301.00000 5674.48828  31.6%     -    0s
     0     0 5674.48828    0  182 8301.00000 5674.48828  31.6%     -    0s
H    0     0                    7839.0000000 5674.48828  27.6%     -    0s
     0     0 5690.69908    0  264 7839.00000 5690.69908  27.4%     -    0s
     0     0 5694.67875    0  273 7839.00000 5694.67875  27.4%     -    0s
H    0     0                    7803.0000000 5695.52517  27.0%     -    0s
     0     0 5695.52517    0  233 7803.00000 5695.52517  27.0%     -    0s
     0     0 5695.78980    0  268 7803.00000 5695.78980  27.0%     -    0s
     0     0 5696.99850    0  277 7803.00000 5696.99850  27.0%     -    0s
     0     0 5698.76610    0  283 7803.00000 5698.76610  27.0%     -    0s
     0     0 5699.93468    0  296 7803.00000 5699.93468  27.0%     -    0s
     0     0 5706.58017    0  263 7803.00000 5706.58017  26.9%     -    0s
H    0     0                    7783.0000000 5716.02296  26.6%     -    0s
H    0     0                    7564.0000000 5716.02296  24.4%     -    0s
H    0     0                    6924.0000000 5716.02296  17.4%     -    0s
H    0     0                    6724.0000000 5716.02296  15.0%     -    0s
H    0     0                    6584.0000000 5716.02296  13.2%     -    0s
     0     0 5716.02296    0  281 6584.00000 5716.02296  13.2%     -    1s
     0     0 5718.62150    0  278 6584.00000 5718.62150  13.1%     -    1s
     0     0 5718.78729    0  294 6584.00000 5718.78729  13.1%     -    1s
     0     0 5718.82331    0  312 6584.00000 5718.82331  13.1%     -    1s
     0     0 5718.87710    0  331 6584.00000 5718.87710  13.1%     -    1s
     0     0 5719.00955    0  327 6584.00000 5719.00955  13.1%     -    1s
     0     0 5719.01344    0  335 6584.00000 5719.01344  13.1%     -    1s
     0     0 5722.00180    0  272 6584.00000 5722.00180  13.1%     -    1s
H    0     0                    5902.0000000 5722.00180  3.05%     -    1s
H    0     0                    5842.0000000 5722.00180  2.05%     -    1s
     0     2 5722.00359    0  261 5842.00000 5722.00359  2.05%     -    1s
  1020   655 5733.34236   12   72 5842.00000 5722.71576  2.04%  43.9    5s
  2064  1168     cutoff   19      5842.00000 5735.53951  1.82%  57.7   10s
  5970   788 infeasible   42      5842.00000 5771.38351  1.21%  49.6   15s
  9606   547 infeasible   30      5842.00000 5780.14505  1.06%  49.4   20s

Cutting planes:
  Learned: 37
  Cover: 267
  Implied bound: 4
  Clique: 17
  MIR: 172
  StrongCG: 20
  Flow cover: 231
  Zero half: 5
  Network: 2
  RLT: 5
  Relax-and-lift: 14

Explored 10814 nodes (534512 simplex iterations) in 21.07 seconds (11.48 work units)
Thread count was 12 (of 12 available processors)

Solution count 10: 5842 5902 6584 ... 8301

Optimal solution found (tolerance 1.00e-02)
Best objective 5.842000000000e+03, best bound 5.785000000000e+03, gap 0.9757%
