
Gurobi 12.0.0 (win64) logging started Sun Feb 15 22:48:47 2026

Set parameter LogFile to value "Storage_orig/Logs/log______Sens_truck_cost_multiplier_0.5_2026_02_15_22_48_47.log"
Set parameter MIPGap to value 0.01
Set parameter OutputFlag to value 1
Set parameter TimeLimit to value 600
Read solution from file Storage_orig/Solutions/solved________2026_02_15_18_35_33.sol
Gurobi Optimizer version 12.0.0 build v12.0.0rc1 (win64 - Windows 11+.0 (26200.2))

CPU model: Intel(R) Core(TM) i7-9750H CPU @ 2.60GHz, instruction set [SSE2|AVX|AVX2]
Thread count: 6 physical cores, 12 logical processors, using up to 12 threads

Non-default parameters:
TimeLimit  600
MIPGap  0.01
MIPFocus  1

Optimize a model with 4170 rows, 840 columns and 11004 nonzeros
Model fingerprint: 0x26846090
Variable types: 18 continuous, 822 integer (570 binary)
Coefficient statistics:
  Matrix range     [2e-01, 1e+03]
  Objective range  [1e+01, 2e+03]
  Bounds range     [1e+00, 1e+00]
  RHS range        [1e+00, 1e+03]

Loaded user MIP start with objective 5182

Presolve removed 2940 rows and 192 columns
Presolve time: 0.06s
Presolved: 1230 rows, 648 columns, 6453 nonzeros
Variable types: 18 continuous, 630 integer (450 binary)

Root relaxation: objective 4.613467e+03, 482 iterations, 0.03 seconds (0.01 work units)

    Nodes    |    Current Node    |     Objective Bounds      |     Work
 Expl Unexpl |  Obj  Depth IntInf | Incumbent    BestBd   Gap | It/Node Time

     0     0 4613.46670    0   33 5182.00000 4613.46670  11.0%     -    0s
     0     0 4670.26675    0   58 5182.00000 4670.26675  9.88%     -    0s
     0     0 4674.96828    0   65 5182.00000 4674.96828  9.78%     -    0s
     0     0 4691.98001    0   59 5182.00000 4691.98001  9.46%     -    0s
     0     0 4692.91482    0   63 5182.00000 4692.91482  9.44%     -    0s
     0     0 4692.91606    0   63 5182.00000 4692.91606  9.44%     -    0s
     0     0 4848.58161    0  114 5182.00000 4848.58161  6.43%     -    0s
     0     0 4900.90069    0   93 5182.00000 4900.90069  5.42%     -    0s
     0     0 4906.52887    0  109 5182.00000 4906.52887  5.32%     -    0s
     0     0 4909.32224    0  111 5182.00000 4909.32224  5.26%     -    0s
     0     0 4909.32224    0  115 5182.00000 4909.32224  5.26%     -    0s
     0     0 4944.12438    0  147 5182.00000 4944.12438  4.59%     -    1s
     0     0 4956.10055    0  134 5182.00000 4956.10055  4.36%     -    1s
     0     0 4956.78026    0  109 5182.00000 4956.78026  4.35%     -    1s
     0     0 4957.52159    0  139 5182.00000 4957.52159  4.33%     -    1s
     0     0 4957.53303    0  165 5182.00000 4957.53303  4.33%     -    1s
     0     0 4957.88522    0  183 5182.00000 4957.88522  4.32%     -    1s
     0     0 4958.25007    0  102 5182.00000 4958.25007  4.32%     -    1s
     0     0 4958.46201    0  173 5182.00000 4958.46201  4.31%     -    1s
     0     0 4958.94711    0  192 5182.00000 4958.94711  4.30%     -    1s
     0     0 4959.13908    0  179 5182.00000 4959.13908  4.30%     -    1s
     0     0 4959.58895    0  172 5182.00000 4959.58895  4.29%     -    1s
     0     0 4959.68344    0  192 5182.00000 4959.68344  4.29%     -    1s
     0     0 4959.72614    0  214 5182.00000 4959.72614  4.29%     -    1s
     0     0 4959.74049    0  230 5182.00000 4959.74049  4.29%     -    1s
     0     0 4959.94362    0  232 5182.00000 4959.94362  4.29%     -    1s
     0     2 4959.94362    0  217 5182.00000 4959.94362  4.29%     -    2s
   358   327 5013.01257   33   42 5182.00000 4961.72853  4.25%  49.7    5s
  1612  1233 4992.61768   18   33 5182.00000 4970.21806  4.09%  35.5   10s
  1685  1319 4970.21806   15  201 5182.00000 4970.21806  4.09%  42.4   15s
  2950  1764 5004.79885   24   79 5182.00000 4972.29080  4.05%  46.7   20s
H 3021  1722                    5148.0000000 4972.29080  3.41%  47.0   20s
  4992  2340 infeasible   52      5148.00000 4981.16005  3.24%  49.0   25s
  7086  3432 5065.62498   55   64 5148.00000 4984.19164  3.18%  45.0   31s
  7858  3933 5083.21739   37   98 5148.00000 4984.19164  3.18%  45.1   36s
  8491  4265 4998.35138   45   84 5148.00000 4984.19164  3.18%  45.7   40s
  9434  4975 5007.16001   53   70 5148.00000 4984.19164  3.18%  45.9   45s
 10914  5815 infeasible   35      5148.00000 4984.20000  3.18%  44.8   51s
 11561  5947     cutoff   58      5148.00000 4984.21285  3.18%  44.3   55s
 12945  7017 infeasible   58      5148.00000 4984.21286  3.18%  43.2   60s
 15085  8350 4994.02873   33  106 5148.00000 4984.21286  3.18%  41.5   66s
 16716  8984 infeasible   36      5148.00000 4984.31579  3.18%  40.6   71s
 18198  9823 5003.21667   31   43 5148.00000 4984.31988  3.18%  40.2   76s
 19616 10718 5048.30019   22  118 5148.00000 4984.31988  3.18%  40.7   82s
 20603 11271 5003.33203   35   81 5148.00000 4984.43604  3.18%  40.6   85s
 22742 12088 infeasible   56      5148.00000 4984.46154  3.18%  40.0   91s
 24236 12645 4991.12446   41   71 5148.00000 4984.46154  3.18%  40.5   98s
 25084 12918 5015.30907   43  102 5148.00000 4984.46154  3.18%  40.7  101s
 25887 13172     cutoff   25      5148.00000 4984.46154  3.18%  41.0  105s
 27490 13963 5098.36319   43   74 5148.00000 4984.46154  3.18%  41.2  113s
 28430 14188 4991.77377   43   55 5148.00000 4984.46154  3.18%  41.7  118s
 29417 14545 5013.70011   45   83 5148.00000 4984.46154  3.18%  42.2  122s
 30493 14887 5014.00866   46   97 5148.00000 4984.46154  3.18%  42.6  126s
 31337 15221 5002.12564   41   72 5148.00000 4984.46154  3.18%  42.7  131s
 32343 15580 4991.22625   40  103 5148.00000 4984.46154  3.18%  43.1  136s
 33603 16061 5003.58330   41  103 5148.00000 4984.46154  3.18%  43.4  141s
 34933 16453 infeasible   46      5148.00000 4984.46154  3.18%  43.6  146s
 36106 16924 4999.54372   47  147 5148.00000 4984.46154  3.18%  43.8  151s
 37386 17237 4992.79272   42   71 5148.00000 4984.46154  3.18%  44.0  157s
 38524 17553 5002.73333   39   77 5148.00000 4984.46154  3.18%  44.3  162s
 39771 17839 5083.21217   41  162 5148.00000 4984.46154  3.18%  44.6  168s
 40942 18240 5074.74746   45   26 5148.00000 4984.46154  3.18%  45.0  173s
 42221 19015 5002.48954   37   94 5148.00000 4984.46154  3.18%  45.2  179s
 43549 19189 5075.66633   37   26 5148.00000 4984.50704  3.18%  45.0  184s
H43734 18786                    5111.0000000 4984.50704  2.47%  45.0  184s
 43833 19433 4998.38778   35   89 5111.00000 4984.50704  2.47%  45.0  189s
 45221 19883 5065.37782   38   58 5111.00000 4984.52309  2.47%  44.8  194s
 46459 20257 5108.25714   30   58 5111.00000 4984.53327  2.47%  44.8  198s
 47909 20295     cutoff   31      5111.00000 4984.53327  2.47%  44.8  203s
 48054 20614 5088.00000   30   30 5111.00000 4984.53327  2.47%  44.8  208s
 49067 21211 4993.11314   30   75 5111.00000 4984.53327  2.47%  44.9  213s
 50400 21956 4996.03164   31   76 5111.00000 4984.53327  2.47%  44.8  217s
 51712 22749 4989.85462   39   85 5111.00000 4984.58304  2.47%  44.7  221s
 53077 23552 infeasible   49      5111.00000 4984.58304  2.47%  44.6  226s
 54359 24200 4993.03921   27   68 5111.00000 4984.58304  2.47%  44.4  231s
 55755 24887     cutoff   39      5111.00000 4984.58304  2.47%  44.3  235s
 56872 25438 5000.06868   33  121 5111.00000 4984.58304  2.47%  44.2  240s
 59477 26284 5099.16754   43  133 5111.00000 4984.65073  2.47%  44.1  248s
 60673 26383 5049.07186   20  133 5111.00000 4985.03374  2.46%  44.1  252s
 61741 26558     cutoff   39      5111.00000 4985.20000  2.46%  44.4  256s
 62696 26704 5042.73170   39  142 5111.00000 4985.46041  2.46%  44.7  261s
 63451 27198 5089.36000   38   49 5111.00000 4985.46184  2.46%  45.1  266s
 64564 27811 5035.05340   52   87 5111.00000 4985.64696  2.45%  45.1  271s
 65682 28331 4988.97767   39  108 5111.00000 4985.64696  2.45%  45.0  275s
 66776 28790 infeasible   39      5111.00000 4985.64696  2.45%  45.1  280s
 68043 29342 5033.22368   52  106 5111.00000 4985.91554  2.45%  45.1  285s
 69459 29908 4988.76435   34  121 5111.00000 4986.11754  2.44%  45.0  291s
 70409 30631 5002.88325   52  157 5111.00000 4986.16152  2.44%  45.0  296s
 71568 31287 4998.15163   39  155 5111.00000 4986.16152  2.44%  45.1  301s
 72614 31834 4991.60945   51  117 5111.00000 4986.16152  2.44%  45.2  306s
 73893 32481 infeasible   44      5111.00000 4986.16152  2.44%  45.2  311s
 74970 32612     cutoff   52      5111.00000 4986.16152  2.44%  45.2  316s
 75194 33236 infeasible   52      5111.00000 4986.16152  2.44%  45.2  322s
 76413 33861 4987.58367   36   81 5111.00000 4986.17051  2.44%  45.2  328s
 77689 34114     cutoff   42      5111.00000 4986.21316  2.44%  45.3  333s
 78877 34700 5094.76147   30   97 5111.00000 4986.56093  2.43%  45.5  338s
 80231 35186 4990.67558   44   95 5111.00000 4986.71445  2.43%  45.6  344s
 81261 35813 4986.71445   36   79 5111.00000 4986.71445  2.43%  45.7  350s
 82470 36506 4991.85814   45   73 5111.00000 4986.71445  2.43%  45.7  356s
 83903 37412 5000.16451   40  131 5111.00000 4986.71445  2.43%  45.8  361s
 85608 37943 5012.83666   46   97 5111.00000 4986.71445  2.43%  45.9  366s
 86740 38533 5088.25000   40  108 5111.00000 4986.71445  2.43%  46.1  372s
 87917 39371     cutoff   38      5111.00000 4986.71445  2.43%  46.2  377s
 89588 39893 4989.34088   40  132 5111.00000 4986.71445  2.43%  46.2  383s
 90725 40380 4997.77310   40  118 5111.00000 4986.71445  2.43%  46.3  388s
 91844 40890 4991.87052   46   74 5111.00000 4986.71445  2.43%  46.4  393s
 93078 41727 5008.37979   44  106 5111.00000 4986.71445  2.43%  46.6  398s
 94552 42447 5002.78257   39   92 5111.00000 4986.71445  2.43%  46.6  403s
 95805 43044 5010.94945   43   77 5111.00000 4986.71445  2.43%  46.7  408s
 97019 43790 4991.87054   47   72 5111.00000 4986.71445  2.43%  46.8  413s
 98484 44239 4993.75557   47   45 5111.00000 4986.71445  2.43%  46.8  419s
 99534 44718 5010.94995   41   77 5111.00000 4986.71445  2.43%  47.0  424s
 100657 45125 5031.36299   55   64 5111.00000 4986.71445  2.43%  47.1  429s
 101633 45577 5088.25000   40  109 5111.00000 4986.71445  2.43%  47.2  435s
 102682 46072 4989.34088   41  132 5111.00000 4986.71445  2.43%  47.4  440s
 103623 46828 5015.19500   46   80 5111.00000 4986.71445  2.43%  47.5  446s
 105025 47223 5002.80000   39  153 5111.00000 4986.71445  2.43%  47.6  451s
 106057 47823 4987.36519   36   86 5111.00000 4986.71445  2.43%  47.9  456s
 107326 47839 5004.14110   42  156 5111.00000 4986.71445  2.43%  48.0  464s
 107364 47952 5004.16444   43  134 5111.00000 4986.71445  2.43%  48.0  469s
 107670 48371     cutoff   45      5111.00000 4986.71445  2.43%  48.1  474s
 108709 48815     cutoff   37      5111.00000 4986.71445  2.43%  48.3  481s
 109819 49378 5003.00629   42  113 5111.00000 4986.71445  2.43%  48.5  487s
 111029 49480 5002.80000   40   63 5111.00000 4986.71445  2.43%  48.6  493s
 111279 49969 4986.71445   34   80 5111.00000 4986.71445  2.43%  48.6  499s
 112514 50669 4997.76484   51   83 5111.00000 4986.71445  2.43%  48.9  506s
 113993 51483     cutoff   54      5111.00000 4986.71445  2.43%  48.9  513s
 115478 51974 4989.18911   40  138 5111.00000 4986.71445  2.43%  49.0  520s
 116748 52455 5109.86525   48   85 5111.00000 4986.71445  2.43%  49.2  527s
 117858 52971 infeasible   44      5111.00000 4986.71445  2.43%  49.4  533s
 119173 53333 5034.94920   55   93 5111.00000 4986.71445  2.43%  49.6  540s
 120309 53800 5005.21220   38   81 5111.00000 4986.71445  2.43%  49.8  546s
 121558 54088 5011.77172   42  120 5111.00000 4986.71445  2.43%  50.0  552s
 122883 54383     cutoff   45      5111.00000 4986.71445  2.43%  50.1  558s
 124126 55132 4989.14399   39  128 5111.00000 4986.71445  2.43%  50.3  564s
 125869 55852 5091.41026   30  154 5111.00000 4986.99291  2.43%  50.2  570s
 127401 56916 4995.02005   23  105 5111.00000 4987.05164  2.43%  50.2  577s
 129265 57572 4993.25687   23   80 5111.00000 4987.11010  2.42%  50.0  581s
 131827 58719 5098.32256   41   77 5111.00000 4987.13755  2.42%  49.7  588s
 132838 59020 5004.49571   42  123 5111.00000 4987.18839  2.42%  49.6  592s
 133675 59260 4987.67199   35  104 5111.00000 4987.24946  2.42%  49.7  596s
 135338 59699 5035.06867   51   39 5111.00000 4987.25010  2.42%  49.8  600s

Cutting planes:
  Learned: 27
  Gomory: 5
  Cover: 216
  MIR: 176
  StrongCG: 7
  Flow cover: 178
  Zero half: 1
  Network: 2
  RLT: 9
  Relax-and-lift: 8

Explored 135432 nodes (6753993 simplex iterations) in 600.24 seconds (81.66 work units)
Thread count was 12 (of 12 available processors)

Solution count 3: 5111 5148 5182 

Time limit reached
Best objective 5.111000000000e+03, best bound 4.988000000000e+03, gap 2.4066%
