
Gurobi 12.0.0 (win64) logging started Thu Feb 19 08:31:45 2026

Set parameter LogFile to value "Storage_orig/Logs/log______Sens_gamma_0_2026_02_19_08_31_45.log"
Set parameter MIPGap to value 0.005
Set parameter OutputFlag to value 1
Read solution from file Storage_orig/Solutions/solved________2026_02_19_08_28_55.sol
Gurobi Optimizer version 12.0.0 build v12.0.0rc1 (win64 - Windows 11+.0 (26200.2))

CPU model: Intel(R) Core(TM) i7-9750H CPU @ 2.60GHz, instruction set [SSE2|AVX|AVX2]
Thread count: 6 physical cores, 12 logical processors, using up to 12 threads

Non-default parameters:
MIPGap  0.005
MIPFocus  2

Optimize a model with 4176 rows, 840 columns and 11022 nonzeros
Model fingerprint: 0x0b50365a
Variable types: 18 continuous, 822 integer (570 binary)
Coefficient statistics:
  Matrix range     [2e-01, 1e+03]
  Objective range  [1e+00, 2e+03]
  Bounds range     [1e+00, 1e+00]
  RHS range        [1e+00, 1e+03]

Loaded user MIP start with objective 5140

Presolve removed 2934 rows and 192 columns
Presolve time: 0.01s
Presolved: 1242 rows, 648 columns, 6477 nonzeros
Variable types: 18 continuous, 630 integer (450 binary)
Root relaxation presolve removed 3 rows and 0 columns
Root relaxation presolved: 1239 rows, 648 columns, 6447 nonzeros


Root relaxation: interrupted, 479 iterations, 0.02 seconds (0.02 work units)

    Nodes    |    Current Node    |     Objective Bounds      |     Work
 Expl Unexpl |  Obj  Depth IntInf | Incumbent    BestBd   Gap | It/Node Time

     0     0          -    0      5140.00000 5117.70000  0.43%     -    0s

Explored 1 nodes (479 simplex iterations) in 0.05 seconds (0.04 work units)
Thread count was 12 (of 12 available processors)

Solution count 1: 5140 

Optimal solution found (tolerance 5.00e-03)
Best objective 5.140000000000e+03, best bound 5.118000000000e+03, gap 0.4280%
