
Gurobi 12.0.0 (win64) logging started Thu Feb 19 20:48:23 2026

Set parameter LogFile to value "Storage_orig/Logs/log______Sens_handling_time_0.1_2026_02_19_20_48_23.log"
Set parameter MIPGap to value 0.005
Set parameter OutputFlag to value 1
Read solution from file Storage_orig/Solutions/solved________2026_02_19_08_28_55.sol
Gurobi Optimizer version 12.0.0 build v12.0.0rc1 (win64 - Windows 11+.0 (26200.2))

CPU model: Intel(R) Core(TM) i7-9750H CPU @ 2.60GHz, instruction set [SSE2|AVX|AVX2]
Thread count: 6 physical cores, 12 logical processors, using up to 12 threads

Non-default parameters:
MIPGap  0.005

Optimize a model with 4176 rows, 840 columns and 11022 nonzeros
Model fingerprint: 0x704d0da1
Variable types: 18 continuous, 822 integer (570 binary)
Coefficient statistics:
  Matrix range     [1e-01, 1e+03]
  Objective range  [1e+01, 2e+03]
  Bounds range     [1e+00, 1e+00]
  RHS range        [1e+00, 1e+03]

User MIP start did not produce a new incumbent solution
User MIP start violates constraint Time_UB_1_2_0 by 0.600000000

Found heuristic solution: objective 18840.000000
Presolve removed 2934 rows and 192 columns
Presolve time: 0.01s
Presolved: 1242 rows, 648 columns, 6477 nonzeros
Variable types: 18 continuous, 630 integer (450 binary)

Root relaxation: objective 5.417700e+03, 537 iterations, 0.01 seconds (0.01 work units)
Another try with MIP start

    Nodes    |    Current Node    |     Objective Bounds      |     Work
 Expl Unexpl |  Obj  Depth IntInf | Incumbent    BestBd   Gap | It/Node Time

H    0     0                    5840.0000000 5417.70000  7.23%     -    0s
     0     0 5417.70000    0   10 5840.00000 5417.70000  7.23%     -    0s
     0     0 5418.26667    0   48 5840.00000 5418.26667  7.22%     -    0s
     0     0 5420.18841    0   29 5840.00000 5420.18841  7.19%     -    0s
     0     0 5420.18841    0   33 5840.00000 5420.18841  7.19%     -    0s
     0     0 5533.58651    0   78 5840.00000 5533.58651  5.25%     -    0s
     0     0 5533.58651    0   82 5840.00000 5533.58651  5.25%     -    0s
     0     0 5533.58651    0   87 5840.00000 5533.58651  5.25%     -    0s
     0     0 5534.34492    0   98 5840.00000 5534.34492  5.23%     -    0s
     0     0 5534.34492    0   97 5840.00000 5534.34492  5.23%     -    0s
     0     0 5563.17797    0  119 5840.00000 5563.17797  4.74%     -    0s
     0     0 5576.96768    0  120 5840.00000 5576.96768  4.50%     -    0s
     0     0 5577.45659    0  142 5840.00000 5577.45659  4.50%     -    0s
     0     0 5578.34882    0  160 5840.00000 5578.34882  4.48%     -    0s
     0     0 5580.29409    0  147 5840.00000 5580.29409  4.45%     -    0s
     0     0 5580.97529    0  138 5840.00000 5580.97529  4.44%     -    0s
     0     0 5581.72727    0  164 5840.00000 5581.72727  4.42%     -    0s
     0     0 5584.01383    0  140 5840.00000 5584.01383  4.38%     -    0s
     0     0 5584.37346    0  167 5840.00000 5584.37346  4.38%     -    0s
     0     0 5584.77058    0  175 5840.00000 5584.77058  4.37%     -    0s
     0     0 5584.79895    0  208 5840.00000 5584.79895  4.37%     -    0s
     0     0 5602.05814    0  203 5840.00000 5602.05814  4.07%     -    0s
     0     0 5613.94112    0  181 5840.00000 5613.94112  3.87%     -    0s
     0     0 5620.53052    0  191 5840.00000 5620.53052  3.76%     -    0s
     0     0 5621.04173    0  221 5840.00000 5621.04173  3.75%     -    0s
     0     0 5621.92189    0  235 5840.00000 5621.92189  3.73%     -    0s
     0     0 5623.29332    0  228 5840.00000 5623.29332  3.71%     -    0s
     0     0 5630.58961    0  159 5840.00000 5630.58961  3.59%     -    0s
     0     0 5630.64682    0  202 5840.00000 5630.64682  3.58%     -    0s
     0     0 5630.65443    0  232 5840.00000 5630.65443  3.58%     -    0s
     0     0 5633.12377    0  202 5840.00000 5633.12377  3.54%     -    0s
     0     0 5635.00000    0  207 5840.00000 5635.00000  3.51%     -    0s
     0     0 5635.00000    0  226 5840.00000 5635.00000  3.51%     -    1s
     0     0 5635.00000    0  241 5840.00000 5635.00000  3.51%     -    1s
     0     0 5635.00000    0  239 5840.00000 5635.00000  3.51%     -    1s
     0     0 5635.00000    0  256 5840.00000 5635.00000  3.51%     -    1s
     0     0 5635.00000    0  222 5840.00000 5635.00000  3.51%     -    1s
     0     0 5635.00000    0  159 5840.00000 5635.00000  3.51%     -    1s
     0     0 5635.00000    0  142 5840.00000 5635.00000  3.51%     -    1s
     0     0 5635.00000    0  123 5840.00000 5635.00000  3.51%     -    1s
     0     0 5635.00000    0  216 5840.00000 5635.00000  3.51%     -    1s
     0     0 5635.00000    0  199 5840.00000 5635.00000  3.51%     -    1s
     0     0 5635.00000    0  148 5840.00000 5635.00000  3.51%     -    1s
H    0     0                    5819.0000000 5635.00000  3.16%     -    1s
     0     2 5635.00000    0  142 5819.00000 5635.00000  3.16%     -    2s
   773   489 5671.17375   12  159 5819.00000 5635.70000  3.15%   119    5s
  3142  1055 5780.48143    9  127 5819.00000 5655.29412  2.81%  92.3   10s
  3427  1107 5692.66667   15  292 5819.00000 5658.84089  2.75%  91.8   15s
  4108  1217 5691.06365   24  229 5819.00000 5658.84089  2.75%   107   20s
  5409   977 5759.01187   33  209 5819.00000 5658.84089  2.75%   114   25s
  7735   805 5776.30000   29   52 5819.00000 5695.63158  2.12%   114   30s
 10366   763 5772.68942   25  159 5819.00000 5734.75866  1.45%   113   35s
 13360   999 5749.45455   29   59 5819.00000 5740.00000  1.36%   100   40s
 16222   250 5779.21858   27  212 5819.00000 5751.91429  1.15%  96.1   45s

Cutting planes:
  Learned: 29
  Gomory: 6
  Cover: 452
  MIR: 325
  StrongCG: 23
  Flow cover: 433
  Zero half: 1
  Network: 1
  RLT: 4
  Relax-and-lift: 34

Explored 17944 nodes (1642083 simplex iterations) in 46.24 seconds (24.11 work units)
Thread count was 12 (of 12 available processors)

Solution count 3: 5819 5840 18840 

Optimal solution found (tolerance 5.00e-03)
Best objective 5.819000000000e+03, best bound 5.819000000000e+03, gap 0.0000%
