
Gurobi 12.0.0 (win64) logging started Wed Feb 25 08:26:55 2026

Set parameter LogFile to value "Storage_orig/Logs/log______Sens_handling_time_0.5_2026_02_25_08_26_55.log"
Set parameter MIPGap to value 0
Set parameter OutputFlag to value 1
Gurobi Optimizer version 12.0.0 build v12.0.0rc1 (win64 - Windows 11+.0 (26200.2))

CPU model: Intel(R) Core(TM) i7-9750H CPU @ 2.60GHz, instruction set [SSE2|AVX|AVX2]
Thread count: 6 physical cores, 12 logical processors, using up to 12 threads

Non-default parameters:
MIPGap  0
MIPFocus  2

Optimize a model with 5540 rows, 1032 columns and 14852 nonzeros
Model fingerprint: 0x409ccd3e
Variable types: 24 continuous, 1008 integer (720 binary)
Coefficient statistics:
  Matrix range     [5e-01, 1e+02]
  Objective range  [1e+01, 2e+03]
  Bounds range     [1e+00, 1e+00]
  RHS range        [1e+00, 2e+02]

User MIP start did not produce a new incumbent solution
User MIP start violates constraint R574 by 4.000000000

Found heuristic solution: objective 18900.000000
Presolve removed 3940 rows and 168 columns
Presolve time: 0.03s
Presolved: 1600 rows, 864 columns, 8604 nonzeros
Variable types: 24 continuous, 840 integer (600 binary)
Root relaxation presolve removed 4 rows and 0 columns
Root relaxation presolved: 1596 rows, 864 columns, 8564 nonzeros


Root relaxation: objective 4.977000e+03, 965 iterations, 0.04 seconds (0.04 work units)

    Nodes    |    Current Node    |     Objective Bounds      |     Work
 Expl Unexpl |  Obj  Depth IntInf | Incumbent    BestBd   Gap | It/Node Time

     0     0 4977.00027    0   38 18900.0000 4977.00027  73.7%     -    0s
H    0     0                    12110.000000 4977.00027  58.9%     -    0s
H    0     0                    11130.000000 4977.00027  55.3%     -    0s
H    0     0                    10272.000000 4977.00027  51.5%     -    0s
H    0     0                    8752.0000000 4977.00027  43.1%     -    0s
     0     0 4979.33333    0  114 8752.00000 4979.33333  43.1%     -    0s
     0     0 5009.26857    0   62 8752.00000 5009.26857  42.8%     -    0s
     0     0 5009.26857    0   56 8752.00000 5009.26857  42.8%     -    0s
     0     0 5070.81368    0  133 8752.00000 5070.81368  42.1%     -    0s
H    0     0                    7826.0000000 5075.54192  35.1%     -    0s
H    0     0                    7086.0000000 5075.54192  28.4%     -    0s
     0     0 5075.54192    0  127 7086.00000 5075.54192  28.4%     -    0s
     0     0 5087.55029    0  122 7086.00000 5087.55029  28.2%     -    0s
     0     0 5088.91708    0  136 7086.00000 5088.91708  28.2%     -    0s
     0     0 5088.91864    0  140 7086.00000 5088.91864  28.2%     -    0s
H    0     0                    6617.0000000 5092.12500  23.0%     -    0s
H    0     0                    6557.0000000 5092.12500  22.3%     -    0s
H    0     0                    6497.0000000 5126.76739  21.1%     -    1s
     0     0 5126.76739    0  242 6497.00000 5126.76739  21.1%     -    1s
H    0     0                    6475.0000000 5138.08696  20.6%     -    1s
H    0     0                    6449.0000000 5138.08696  20.3%     -    1s
     0     0 5138.08696    0  207 6449.00000 5138.08696  20.3%     -    1s
     0     0 5138.70325    0  247 6449.00000 5138.70325  20.3%     -    1s
     0     0 5140.01408    0  248 6449.00000 5140.01408  20.3%     -    1s
     0     0 5140.07946    0  248 6449.00000 5140.07946  20.3%     -    1s
     0     0 5140.79690    0  252 6449.00000 5140.79690  20.3%     -    1s
     0     0 5141.34987    0  230 6449.00000 5141.34987  20.3%     -    1s
     0     0 5141.46239    0  277 6449.00000 5141.46239  20.3%     -    1s
     0     0 5141.50051    0  261 6449.00000 5141.50051  20.3%     -    1s
     0     0 5150.03232    0  282 6449.00000 5150.03232  20.1%     -    1s
H    0     0                    6348.0000000 5150.55631  18.9%     -    1s
     0     0 5152.22320    0  257 6348.00000 5152.22320  18.8%     -    1s
     0     0 5152.90032    0  284 6348.00000 5152.90032  18.8%     -    1s
     0     0 5152.93007    0  294 6348.00000 5152.93007  18.8%     -    1s
H    0     0                    6328.0000000 5152.93007  18.6%     -    1s
H    0     0                    6234.0000000 5152.93007  17.3%     -    1s
H    0     0                    6094.0000000 5152.93007  15.4%     -    1s
     0     0 5160.79010    0  265 6094.00000 5160.79010  15.3%     -    1s
     0     0 5163.26657    0  283 6094.00000 5163.26657  15.3%     -    1s
     0     0 5163.83580    0  286 6094.00000 5163.83580  15.3%     -    1s
     0     0 5164.52712    0  302 6094.00000 5164.52712  15.3%     -    1s
     0     0 5164.60990    0  331 6094.00000 5164.60990  15.3%     -    1s
     0     0 5184.12000    0  269 6094.00000 5184.12000  14.9%     -    2s
     0     0 5192.60000    0  284 6094.00000 5192.60000  14.8%     -    2s
     0     0 5192.60000    0  338 6094.00000 5192.60000  14.8%     -    3s
     0     0 5192.60000    0  124 6094.00000 5192.60000  14.8%     -    3s
H    0     0                    5992.0000000 5192.60000  13.3%     -    3s
H    0     0                    5912.0000000 5192.60000  12.2%     -    3s
H    0     0                    5910.0000000 5192.60000  12.1%     -    3s
H    0     2                    5790.0000000 5192.60000  10.3%     -    3s
     0     2 5192.60000    0   99 5790.00000 5192.60000  10.3%     -    3s
H   38    45                    5696.0000000 5193.80000  8.82%   264    3s
H  115   110                    5592.0000000 5193.80000  7.12%   199    4s
H  156   147                    5532.0000000 5193.80000  6.11%   183    4s
   349   296 5271.40000   10  163 5532.00000 5194.33333  6.10%   127    5s
  1930   974 5505.06602   14  166 5532.00000 5253.33945  5.04%   142   10s
  3281   974     cutoff   13      5532.00000 5309.99437  4.01%   157   15s
  4510   806     cutoff   47      5532.00000 5362.27159  3.07%   163   20s
  5733   612 infeasible   21      5532.00000 5416.57959  2.09%   164   25s
  7689   276     cutoff   16      5532.00000 5454.99453  1.39%   153   30s

Cutting planes:
  Gomory: 38
  Lift-and-project: 3
  Cover: 420
  Implied bound: 395
  MIR: 590
  StrongCG: 104
  Flow cover: 971
  Zero half: 149
  Network: 5
  RLT: 15
  Relax-and-lift: 69

Explored 8821 nodes (1294295 simplex iterations) in 32.71 seconds (31.23 work units)
Thread count was 12 (of 12 available processors)

Solution count 10: 5532 5592 5696 ... 6328

Optimal solution found (tolerance 0.00e+00)
Best objective 5.532000000000e+03, best bound 5.532000000000e+03, gap 0.0000%
