
Gurobi 12.0.0 (win64) logging started Tue Mar  3 21:07:44 2026

Set parameter LogFile to value "Storage_orig/Logs/log_____________2026_03_03_21_07_44.log"
Set parameter MIPGap to value 0.01
Set parameter OutputFlag to value 1
Set parameter TimeLimit to value 1000
Gurobi Optimizer version 12.0.0 build v12.0.0rc1 (win64 - Windows 11+.0 (26200.2))

CPU model: Intel(R) Core(TM) i7-9750H CPU @ 2.60GHz, instruction set [SSE2|AVX|AVX2]
Thread count: 6 physical cores, 12 logical processors, using up to 12 threads

Non-default parameters:
TimeLimit  1000
MIPGap  0.01
MIPFocus  2

Optimize a model with 5540 rows, 1032 columns and 14852 nonzeros
Model fingerprint: 0x782258e6
Variable types: 24 continuous, 1008 integer (720 binary)
Coefficient statistics:
  Matrix range     [2e-01, 1e+02]
  Objective range  [1e+01, 2e+03]
  Bounds range     [1e+00, 1e+00]
  RHS range        [1e+00, 2e+02]
Found heuristic solution: objective 18900.000000
Presolve removed 3940 rows and 168 columns
Presolve time: 0.04s
Presolved: 1600 rows, 864 columns, 8604 nonzeros
Variable types: 24 continuous, 840 integer (600 binary)
Root relaxation presolve removed 4 rows and 0 columns
Root relaxation presolved: 1596 rows, 864 columns, 8564 nonzeros


Root relaxation: objective 4.977000e+03, 839 iterations, 0.04 seconds (0.03 work units)

    Nodes    |    Current Node    |     Objective Bounds      |     Work
 Expl Unexpl |  Obj  Depth IntInf | Incumbent    BestBd   Gap | It/Node Time

     0     0 4977.00027    0   28 18900.0000 4977.00027  73.7%     -    0s
H    0     0                    12310.000000 4977.00027  59.6%     -    0s
H    0     0                    11332.000000 4977.00027  56.1%     -    0s
H    0     0                    10452.000000 4977.00027  52.4%     -    0s
     0     0 4977.77143    0   76 10452.0000 4977.77143  52.4%     -    0s
     0     0 4977.77143    0   66 10452.0000 4977.77143  52.4%     -    0s
     0     0 5026.18272    0  131 10452.0000 5026.18272  51.9%     -    0s
H    0     0                    9186.0000000 5026.18272  45.3%     -    0s
H    0     0                    8646.0000000 5026.18272  41.9%     -    0s
     0     0 5040.13387    0  139 8646.00000 5040.13387  41.7%     -    0s
     0     0 5040.13387    0  142 8646.00000 5040.13387  41.7%     -    0s
     0     0 5040.13387    0  143 8646.00000 5040.13387  41.7%     -    0s
     0     0 5040.13387    0  149 8646.00000 5040.13387  41.7%     -    0s
H    0     0                    7034.0000000 5040.13387  28.3%     -    0s
     0     0 5152.19569    0  158 7034.00000 5152.19569  26.8%     -    0s
     0     0 5154.81016    0  149 7034.00000 5154.81016  26.7%     -    0s
     0     0 5155.03205    0  188 7034.00000 5155.03205  26.7%     -    0s
     0     0 5155.11667    0  177 7034.00000 5155.11667  26.7%     -    0s
H    0     0                    6116.0000000 5155.11667  15.7%     -    1s
H    0     0                    6080.0000000 5155.11667  15.2%     -    1s
H    0     0                    6077.0000000 5155.11667  15.2%     -    1s
     0     0 5181.37701    0  189 6077.00000 5181.37701  14.7%     -    1s
     0     0 5181.37701    0  106 6077.00000 5181.37701  14.7%     -    1s
     0     0 5181.67219    0  240 6077.00000 5181.67219  14.7%     -    1s
     0     0 5181.80798    0  106 6077.00000 5181.80798  14.7%     -    1s
H    0     0                    5992.0000000 5181.80798  13.5%     -    1s
H    0     0                    5592.0000000 5181.80798  7.34%     -    1s
H    0     2                    5532.0000000 5181.80798  6.33%     -    1s
     0     2 5181.80798    0  103 5532.00000 5181.80798  6.33%     -    1s
   888   630 5233.03693   12  142 5532.00000 5194.16481  6.11%   152    5s
  2696  1222 5276.16646   16  144 5532.00000 5246.46960  5.16%   155   10s
  2835  1232 5326.05269    9  305 5532.00000 5249.50909  5.11%   155   16s
  2840  1236 5316.32022   10  340 5532.00000 5249.50909  5.11%   155   21s
  2888  1282 5249.50909   15  279 5532.00000 5249.50909  5.11%   162   25s
  3085  1298     cutoff   23      5532.00000 5249.50909  5.11%   167   30s
  3363  1259     cutoff   25      5532.00000 5256.83951  4.97%   171   35s
  3744  1085     cutoff   17      5532.00000 5317.17663  3.88%   171   40s
  3925  1045     cutoff   24      5532.00000 5374.29043  2.85%   171   46s
  4604  1040 5498.68804   29  119 5532.00000 5418.00000  2.06%   161   50s
  5728   738     cutoff   29      5532.00000 5434.78261  1.76%   148   56s
  6334   542 5507.85537   20  178 5532.00000 5453.01707  1.43%   144   60s

Cutting planes:
  Learned: 3
  Gomory: 19
  Cover: 369
  Implied bound: 8
  Projected implied bound: 3
  MIR: 248
  StrongCG: 57
  Flow cover: 401
  Zero half: 18
  Network: 3
  RLT: 1
  Relax-and-lift: 29

Explored 7035 nodes (991941 simplex iterations) in 62.77 seconds (22.06 work units)
Thread count was 12 (of 12 available processors)

Solution count 10: 5532 5592 5992 ... 10452

Optimal solution found (tolerance 1.00e-02)
Best objective 5.532000000000e+03, best bound 5.478000000000e+03, gap 0.9761%
