
Gurobi 12.0.0 (win64) logging started Wed Feb 25 00:06:22 2026

Set parameter LogFile to value "Storage_orig/Logs/log______Sens_handling_time_0.5_2026_02_25_00_06_22.log"
Set parameter MIPGap to value 0.005
Set parameter OutputFlag to value 1
Gurobi Optimizer version 12.0.0 build v12.0.0rc1 (win64 - Windows 11+.0 (26200.2))

CPU model: Intel(R) Core(TM) i7-9750H CPU @ 2.60GHz, instruction set [SSE2|AVX|AVX2]
Thread count: 6 physical cores, 12 logical processors, using up to 12 threads

Non-default parameters:
MIPGap  0.005
MIPFocus  2

Optimize a model with 5540 rows, 1032 columns and 14852 nonzeros
Model fingerprint: 0x409ccd3e
Variable types: 24 continuous, 1008 integer (720 binary)
Coefficient statistics:
  Matrix range     [5e-01, 1e+02]
  Objective range  [1e+01, 2e+03]
  Bounds range     [1e+00, 1e+00]
  RHS range        [1e+00, 2e+02]

User MIP start did not produce a new incumbent solution
User MIP start violates constraint R574 by 4.000000000

Found heuristic solution: objective 18900.000000
Presolve removed 3940 rows and 168 columns
Presolve time: 0.02s
Presolved: 1600 rows, 864 columns, 8604 nonzeros
Variable types: 24 continuous, 840 integer (600 binary)
Root relaxation presolve removed 4 rows and 0 columns
Root relaxation presolved: 1596 rows, 864 columns, 8564 nonzeros


Root relaxation: objective 4.977000e+03, 965 iterations, 0.04 seconds (0.04 work units)

    Nodes    |    Current Node    |     Objective Bounds      |     Work
 Expl Unexpl |  Obj  Depth IntInf | Incumbent    BestBd   Gap | It/Node Time

     0     0 4977.00027    0   38 18900.0000 4977.00027  73.7%     -    0s
H    0     0                    12110.000000 4977.00027  58.9%     -    0s
H    0     0                    11130.000000 4977.00027  55.3%     -    0s
H    0     0                    10272.000000 4977.00027  51.5%     -    0s
H    0     0                    8752.0000000 4977.00027  43.1%     -    0s
     0     0 4977.77143    0  114 8752.00000 4977.77143  43.1%     -    0s
     0     0 5021.93387    0   62 8752.00000 5021.93387  42.6%     -    0s
     0     0 5029.73387    0   56 8752.00000 5029.73387  42.5%     -    0s
     0     0 5070.81368    0  133 8752.00000 5070.81368  42.1%     -    0s
     0     0 5075.54192    0  127 8752.00000 5075.54192  42.0%     -    0s
     0     0 5087.55029    0  122 8752.00000 5087.55029  41.9%     -    0s
     0     0 5088.91708    0  136 8752.00000 5088.91708  41.9%     -    0s
     0     0 5088.91864    0  140 8752.00000 5088.91864  41.9%     -    0s
H    0     0                    8656.0000000 5088.91864  41.2%     -    0s
H    0     0                    7976.0000000 5088.91864  36.2%     -    0s
H    0     0                    6617.0000000 5088.91864  23.1%     -    0s
H    0     0                    6557.0000000 5088.91864  22.4%     -    0s
H    0     0                    6497.0000000 5123.84333  21.1%     -    1s
H    0     0                    6475.0000000 5123.84333  20.9%     -    1s
     0     0 5123.84333    0  237 6475.00000 5123.84333  20.9%     -    1s
H    0     0                    6449.0000000 5135.41284  20.4%     -    1s
     0     0 5135.41284    0  221 6449.00000 5135.41284  20.4%     -    1s
     0     0 5137.31510    0  245 6449.00000 5137.31510  20.3%     -    1s
     0     0 5149.46057    0  186 6449.00000 5149.46057  20.2%     -    1s
     0     0 5151.49869    0  158 6449.00000 5151.49869  20.1%     -    1s
     0     0 5151.49869    0  196 6449.00000 5151.49869  20.1%     -    1s
     0     0 5151.75028    0  241 6449.00000 5151.75028  20.1%     -    1s
     0     0 5154.23223    0  260 6449.00000 5154.23223  20.1%     -    1s
     0     0 5154.34324    0  282 6449.00000 5154.34324  20.1%     -    1s
     0     0 5154.36366    0  264 6449.00000 5154.36366  20.1%     -    1s
H    0     0                    6348.0000000 5166.55713  18.6%     -    1s
H    0     0                    6234.0000000 5166.55713  17.1%     -    1s
H    0     0                    6094.0000000 5166.55713  15.2%     -    1s
     0     0 5166.55713    0  255 6094.00000 5166.55713  15.2%     -    1s
     0     0 5172.76093    0  246 6094.00000 5172.76093  15.1%     -    1s
     0     0 5175.71405    0  249 6094.00000 5175.71405  15.1%     -    1s
     0     0 5175.94186    0  246 6094.00000 5175.94186  15.1%     -    1s
     0     0 5176.60474    0  214 6094.00000 5176.60474  15.1%     -    1s
     0     0 5176.60474    0  245 6094.00000 5176.60474  15.1%     -    1s
     0     0 5183.13391    0  270 6094.00000 5183.13391  14.9%     -    2s
     0     0 5186.57391    0  261 6094.00000 5186.57391  14.9%     -    2s
     0     0 5186.57391    0  257 6094.00000 5186.57391  14.9%     -    2s
     0     0 5186.57391    0  298 6094.00000 5186.57391  14.9%     -    2s
     0     0 5186.57391    0  309 6094.00000 5186.57391  14.9%     -    2s
     0     0 5189.16000    0  278 6094.00000 5189.16000  14.8%     -    3s
     0     0 5189.16000    0  283 6094.00000 5189.16000  14.8%     -    3s
H    0     0                    6080.0000000 5189.16000  14.7%     -    3s
     0     0 5189.16000    0  264 6080.00000 5189.16000  14.7%     -    3s
     0     0 5189.16000    0   78 6080.00000 5189.16000  14.7%     -    3s
H    0     0                    5592.0000000 5189.16000  7.20%     -    3s
H    0     0                    5532.0000000 5189.16000  6.20%     -    3s
     0     2 5189.36000    0   68 5532.00000 5189.36000  6.19%     -    3s
   111   117 5228.04066   14  259 5532.00000 5193.80000  6.11%   297    5s
   943   748 5292.77059   10  188 5532.00000 5196.73600  6.06%   127   10s
  1825  1181 5455.89524   22   78 5532.00000 5224.51546  5.56%   123   15s
  1843  1193 5439.64803   23  388 5532.00000 5229.24413  5.47%   121   20s
  2168  1321 5386.77929   29  164 5532.00000 5229.24413  5.47%   149   25s
  3000  1363 5311.66181   20  249 5532.00000 5255.08140  5.01%   161   30s
  4154  1196 5405.93170   25  215 5532.00000 5319.50019  3.84%   171   35s
  5452   721 5475.50000   28  121 5532.00000 5351.07421  3.27%   169   40s
  6671   627     cutoff   23      5532.00000 5393.29150  2.51%   173   45s
  8273   566 5489.44604   31  226 5532.00000 5425.55704  1.92%   170   50s
 10528   187     cutoff   35      5532.00000 5468.14810  1.15%   163   55s

Cutting planes:
  Learned: 13
  Gomory: 4
  Cover: 473
  Implied bound: 33
  Projected implied bound: 3
  MIR: 339
  StrongCG: 52
  Flow cover: 508
  Zero half: 19
  Mod-K: 2
  Network: 4
  RLT: 5
  Relax-and-lift: 42

Explored 11559 nodes (1849965 simplex iterations) in 57.09 seconds (34.72 work units)
Thread count was 12 (of 12 available processors)

Solution count 10: 5532 5592 6080 ... 6557

Optimal solution found (tolerance 5.00e-03)
Best objective 5.532000000000e+03, best bound 5.532000000000e+03, gap 0.0000%
