
Gurobi 12.0.0 (win64) logging started Wed Feb 25 21:42:18 2026

Set parameter LogFile to value "Storage_orig/Logs/log______Sens_handling_time_0.5_2026_02_25_21_42_17.log"
Set parameter MIPGap to value 0.01
Set parameter OutputFlag to value 1
Gurobi Optimizer version 12.0.0 build v12.0.0rc1 (win64 - Windows 11+.0 (26200.2))

CPU model: Intel(R) Core(TM) i7-9750H CPU @ 2.60GHz, instruction set [SSE2|AVX|AVX2]
Thread count: 6 physical cores, 12 logical processors, using up to 12 threads

Non-default parameters:
MIPGap  0.01
MIPFocus  1

Optimize a model with 5540 rows, 1032 columns and 14852 nonzeros
Model fingerprint: 0x30916e30
Variable types: 24 continuous, 1008 integer (720 binary)
Coefficient statistics:
  Matrix range     [5e-01, 1e+02]
  Objective range  [1e+01, 2e+03]
  Bounds range     [1e+00, 1e+00]
  RHS range        [1e+00, 2e+02]

User MIP start did not produce a new incumbent solution
User MIP start violates constraint R554 by 5.400000000

Found heuristic solution: objective 18900.000000
Presolve removed 3940 rows and 168 columns
Presolve time: 0.02s
Presolved: 1600 rows, 864 columns, 8604 nonzeros
Variable types: 24 continuous, 840 integer (600 binary)

Root relaxation: objective 4.977000e+03, 802 iterations, 0.02 seconds (0.02 work units)

    Nodes    |    Current Node    |     Objective Bounds      |     Work
 Expl Unexpl |  Obj  Depth IntInf | Incumbent    BestBd   Gap | It/Node Time

     0     0 4977.00027    0   42 18900.0000 4977.00027  73.7%     -    0s
H    0     0                    14708.000000 4977.00027  66.2%     -    0s
H    0     0                    14228.000000 4977.00027  65.0%     -    0s
H    0     0                    13510.000000 4977.00027  63.2%     -    0s
H    0     0                    12692.000000 4977.00027  60.8%     -    0s
H    0     0                    12152.000000 4977.00027  59.0%     -    0s
     0     0 4977.77143    0  104 12152.0000 4977.77143  59.0%     -    0s
H    0     0                    11312.000000 4999.85874  55.8%     -    0s
H    0     0                    11172.000000 4999.85874  55.2%     -    0s
H    0     0                    10972.000000 4999.85874  54.4%     -    0s
H    0     0                    8752.0000000 4999.85874  42.9%     -    0s
     0     0 4999.85874    0   79 8752.00000 4999.85874  42.9%     -    0s
     0     0 5018.42235    0   87 8752.00000 5018.42235  42.7%     -    0s
     0     0 5018.42235    0   92 8752.00000 5018.42235  42.7%     -    0s
     0     0 5052.01969    0   90 8752.00000 5052.01969  42.3%     -    0s
     0     0 5063.78238    0   84 8752.00000 5063.78238  42.1%     -    0s
     0     0 5063.78238    0   89 8752.00000 5063.78238  42.1%     -    0s
     0     0 5082.87835    0  138 8752.00000 5082.87835  41.9%     -    0s
     0     0 5102.87657    0  155 8752.00000 5102.87657  41.7%     -    0s
     0     0 5107.72888    0  147 8752.00000 5107.72888  41.6%     -    0s
     0     0 5108.74170    0  164 8752.00000 5108.74170  41.6%     -    0s
     0     0 5108.94125    0  177 8752.00000 5108.94125  41.6%     -    0s
     0     0 5116.87817    0  187 8752.00000 5116.87817  41.5%     -    0s
     0     0 5120.86968    0  157 8752.00000 5120.86968  41.5%     -    0s
     0     0 5121.27303    0  185 8752.00000 5121.27303  41.5%     -    0s
     0     0 5122.88932    0  176 8752.00000 5122.88932  41.5%     -    0s
     0     0 5122.91224    0  213 8752.00000 5122.91224  41.5%     -    0s
     0     0 5123.37910    0  222 8752.00000 5123.37910  41.5%     -    0s
     0     0 5125.33934    0  199 8752.00000 5125.33934  41.4%     -    0s
H    0     0                    8126.0000000 5126.41292  36.9%     -    0s
     0     0 5126.41292    0  201 8126.00000 5126.41292  36.9%     -    0s
     0     0 5126.87062    0  210 8126.00000 5126.87062  36.9%     -    0s
H    0     0                    7706.0000000 5127.05689  33.5%     -    0s
     0     0 5127.05689    0  227 7706.00000 5127.05689  33.5%     -    0s
     0     0 5127.09891    0  240 7706.00000 5127.09891  33.5%     -    0s
     0     0 5127.09891    0  237 7706.00000 5127.09891  33.5%     -    0s
H    0     0                    7273.0000000 5127.09891  29.5%     -    0s
H    0     0                    7133.0000000 5127.09891  28.1%     -    0s
H    0     0                    5732.0000000 5139.11888  10.3%     -    0s
     0     0 5139.11888    0  241 5732.00000 5139.11888  10.3%     -    0s
H    0     0                    5672.0000000 5139.11888  9.39%     -    0s
H    0     0                    5612.0000000 5141.48057  8.38%     -    0s
H    0     0                    5532.0000000 5141.48057  7.06%     -    0s
     0     0 5141.48057    0  250 5532.00000 5141.48057  7.06%     -    0s
     0     0 5143.24068    0  237 5532.00000 5143.24068  7.03%     -    0s
     0     0 5143.90155    0  240 5532.00000 5143.90155  7.02%     -    0s
     0     0 5144.05858    0  253 5532.00000 5144.05858  7.01%     -    0s
     0     0 5144.15563    0  258 5532.00000 5144.15563  7.01%     -    0s
     0     0 5147.37365    0  205 5532.00000 5147.37365  6.95%     -    0s
     0     0 5147.62114    0  216 5532.00000 5147.62114  6.95%     -    0s
     0     0 5147.80476    0  255 5532.00000 5147.80476  6.94%     -    0s
     0     0 5150.16249    0  213 5532.00000 5150.16249  6.90%     -    1s
     0     0 5150.94383    0  204 5532.00000 5150.94383  6.89%     -    1s
     0     0 5150.95040    0  206 5532.00000 5150.95040  6.89%     -    1s
     0     0 5151.49721    0  200 5532.00000 5151.49721  6.88%     -    1s
     0     2 5151.51116    0  190 5532.00000 5151.51116  6.88%     -    1s
   998   423 5386.94152   10  108 5532.00000 5187.70725  6.22%   104    5s
  2260   949 5197.66936   15  237 5532.00000 5197.66936  6.04%   102   10s
  2960  1032 infeasible   47      5532.00000 5197.66936  6.04%   124   15s
  4400  1066     cutoff   23      5532.00000 5227.87222  5.50%   139   20s
  6667  1415 5309.73806   17  264 5532.00000 5254.10000  5.02%   142   25s
  8500  1689     cutoff   21      5532.00000 5270.04006  4.74%   144   30s
 10408  1847 5345.86522   19  220 5532.00000 5285.15802  4.46%   146   35s
 12363  1938 5364.42500   25   54 5532.00000 5302.30969  4.15%   145   40s
 15236  1969     cutoff   24      5532.00000 5315.28414  3.92%   145   45s
 17085  1852 5357.81684   23  140 5532.00000 5321.69868  3.80%   144   50s
 19403  1575 5445.98267   27  111 5532.00000 5344.53267  3.39%   141   55s
 21915  1211 5375.65260   24  180 5532.00000 5362.50588  3.06%   140   60s
 24974  1534     cutoff   51      5532.00000 5413.42500  2.14%   137   66s
 28782  2212 5468.05000   37   64 5532.00000 5422.26964  1.98%   127   70s
 32853  3138     cutoff   40      5532.00000 5426.37556  1.91%   118   75s
 36076  3901     cutoff   41      5532.00000 5428.33921  1.87%   112   80s
 40262  4698 5432.46005   41  142 5532.00000 5430.38373  1.84%   106   85s
 43986  5307 5434.85084   37  182 5532.00000 5432.21876  1.80%   102   90s
 48344  5545     cutoff   48      5532.00000 5434.07957  1.77%  98.2   95s
 51430  5558 5463.15000   48   65 5532.00000 5435.77723  1.74%  95.8  100s
 55752  5574 5482.96316   39   88 5532.00000 5438.35008  1.69%  92.4  105s
 61131  5439     cutoff   27      5532.00000 5442.51872  1.62%  88.4  111s
 65280  5609 5491.03587   45  168 5532.00000 5445.87932  1.56%  85.8  116s
 69535  5263 infeasible   36      5532.00000 5449.05366  1.50%  83.9  121s
 72323  5080     cutoff   47      5532.00000 5452.62370  1.43%  82.8  126s
 75301  5126 5461.19707   46  184 5532.00000 5455.35506  1.39%  81.2  130s
 81770  4251 infeasible   25      5532.00000 5461.85050  1.27%  78.1  136s
 86755  3593 5476.00038   54  130 5532.00000 5466.83819  1.18%  75.6  140s

Cutting planes:
  Learned: 190
  Gomory: 7
  Cover: 382
  MIR: 448
  StrongCG: 49
  Flow cover: 354
  Inf proof: 7
  Zero half: 10
  Network: 1
  RLT: 8
  Relax-and-lift: 46

Explored 91557 nodes (6746873 simplex iterations) in 144.93 seconds (73.30 work units)
Thread count was 12 (of 12 available processors)

Solution count 10: 5532 5532 5612 ... 8752

Optimal solution found (tolerance 1.00e-02)
Best objective 5.532000000000e+03, best bound 5.478000000000e+03, gap 0.9761%
