
Gurobi 12.0.0 (win64) logging started Wed Feb 18 23:47:12 2026

Set parameter LogFile to value "Storage_orig/Logs/log______Sens_handling_time_1_2026_02_18_23_47_12.log"
Set parameter MIPGap to value 0.005
Set parameter OutputFlag to value 1
Gurobi Optimizer version 12.0.0 build v12.0.0rc1 (win64 - Windows 11+.0 (26200.2))

CPU model: Intel(R) Core(TM) i7-9750H CPU @ 2.60GHz, instruction set [SSE2|AVX|AVX2]
Thread count: 6 physical cores, 12 logical processors, using up to 12 threads

Non-default parameters:
MIPGap  0.005
MIPFocus  2

Optimize a model with 4170 rows, 840 columns and 11004 nonzeros
Model fingerprint: 0x15d7621f
Variable types: 18 continuous, 822 integer (570 binary)
Coefficient statistics:
  Matrix range     [1e+00, 1e+03]
  Objective range  [1e+01, 2e+03]
  Bounds range     [1e+00, 1e+00]
  RHS range        [1e+00, 1e+03]

User MIP start did not produce a new incumbent solution
User MIP start violates constraint Time_LB_1_4_1 by 4.000000000

Found heuristic solution: objective 18900.000000
Presolve removed 2940 rows and 192 columns
Presolve time: 0.01s
Presolved: 1230 rows, 648 columns, 6453 nonzeros
Variable types: 18 continuous, 630 integer (450 binary)
Root relaxation presolve removed 3 rows and 0 columns
Root relaxation presolved: 1227 rows, 648 columns, 6423 nonzeros


Root relaxation: objective 5.467500e+03, 475 iterations, 0.02 seconds (0.02 work units)

    Nodes    |    Current Node    |     Objective Bounds      |     Work
 Expl Unexpl |  Obj  Depth IntInf | Incumbent    BestBd   Gap | It/Node Time

     0     0 5467.50003    0   35 18900.0000 5467.50003  71.1%     -    0s
H    0     0                    16526.000000 5467.50003  66.9%     -    0s
H    0     0                    13386.000000 5467.50003  59.2%     -    0s
H    0     0                    12706.000000 5467.50003  57.0%     -    0s
H    0     0                    12366.000000 5467.50003  55.8%     -    0s
     0     0 5468.00013    0  104 12366.0000 5468.00013  55.8%     -    0s
     0     0 5468.14286    0   70 12366.0000 5468.14286  55.8%     -    0s
H    0     0                    12310.000000 5468.14286  55.6%     -    0s
     0     0 5514.20013    0  150 12310.0000 5514.20013  55.2%     -    0s
H    0     0                    12174.000000 5518.96117  54.7%     -    0s
H    0     0                    10954.000000 5518.96117  49.6%     -    0s
H    0     0                    10891.000000 5519.40825  49.3%     -    0s
H    0     0                    10491.000000 5519.40825  47.4%     -    0s
H    0     0                    10091.000000 5519.40825  45.3%     -    0s
H    0     0                    10011.000000 5519.40825  44.9%     -    0s
H    0     0                    9871.0000000 5519.40825  44.1%     -    0s
     0     0 5519.40825    0  145 9871.00000 5519.40825  44.1%     -    0s
     0     0 5524.68685    0  165 9871.00000 5524.68685  44.0%     -    0s
     0     0 5526.42026    0  173 9871.00000 5526.42026  44.0%     -    0s
     0     0 5533.80000    0  177 9871.00000 5533.80000  43.9%     -    0s
     0     0 5533.80016    0  180 9871.00000 5533.80016  43.9%     -    0s
H    0     0                    9631.0000000 5596.59182  41.9%     -    0s
H    0     0                    9355.0000000 5596.59182  40.2%     -    0s
H    0     0                    9175.0000000 5596.59182  39.0%     -    0s
H    0     0                    8995.0000000 5596.59182  37.8%     -    0s
H    0     0                    8399.0000000 5664.56914  32.6%     -    0s
H    0     0                    8259.0000000 5664.56914  31.4%     -    0s
     0     0 5664.56914    0  209 8259.00000 5664.56914  31.4%     -    0s
     0     0 5673.72449    0  184 8259.00000 5673.72449  31.3%     -    0s
H    0     0                    7782.0000000 5673.73333  27.1%     -    0s
     0     0 5673.73333    0  173 7782.00000 5673.73333  27.1%     -    0s
     0     0 5685.00000    0  237 7782.00000 5685.00000  26.9%     -    1s
     0     0 5685.00000    0  263 7782.00000 5685.00000  26.9%     -    1s
H    0     0                    7663.0000000 5685.00000  25.8%     -    1s
H    0     0                    7581.0000000 5685.00000  25.0%     -    1s
H    0     0                    7463.0000000 5685.00000  23.8%     -    1s
     0     0 5685.00000    0  315 7463.00000 5685.00000  23.8%     -    1s
     0     0 5685.00000    0   49 7463.00000 5685.00000  23.8%     -    1s
H    0     0                    7443.0000000 5685.00000  23.6%     -    1s
H    0     0                    7383.0000000 5685.00000  23.0%     -    1s
     0     2 5685.00000    0   49 7383.00000 5685.00000  23.0%     -    1s
H   41    57                    7323.0000000 5685.00000  22.4%   352    2s
H  105   108                    7043.0000000 5685.00000  19.3%   239    2s
H  115   122                    6942.0000000 5685.00000  18.1%   243    2s
H  116   122                    6763.0000000 5685.00000  15.9%   241    2s
   656   552 5930.00000   11   33 6763.00000 5693.00000  15.8%   141    5s
  1512  1212 5932.97109   17  197 6763.00000 5712.69964  15.5%   105   10s
H 1759  1323                    6747.0000000 5716.82268  15.3%   126   13s
H 1919  1339                    6727.0000000 5716.82268  15.0%   133   14s
  1931  1344 5863.43928   29  187 6727.00000 5718.18572  15.0%   132   15s
  3897  2165 5848.50417   32   91 6727.00000 5721.90655  14.9%   120   20s
  6601  3859 6071.04442   46  163 6727.00000 5728.45751  14.8%   114   25s
  9459  5805 6018.95230   32  215 6727.00000 5733.92942  14.8%   111   30s
 12494  7887 5806.65286   24  179 6727.00000 5738.78008  14.7%   108   35s
H15433  9558                    6607.0000000 5742.83272  13.1%   108   39s
 15625  9888 6083.95248   25  171 6607.00000 5742.83272  13.1%   109   40s
 17508 10927 6059.15524   22  145 6607.00000 5748.33199  13.0%   110   45s
 19931 12651 5911.10398   27  128 6607.00000 5750.33916  13.0%   112   51s
 22207 14017 6341.94450   41  163 6607.00000 5756.45038  12.9%   114   56s
 24539 15767 6007.20922   30  174 6607.00000 5764.38836  12.8%   115   61s
 26751 17911 5941.12176   37  164 6607.00000 5769.85502  12.7%   116   65s
 30601 19725 6190.45263   58   98 6607.00000 5777.69252  12.6%   114   70s
 34283 21816 5932.55556   27  205 6607.00000 5783.88680  12.5%   115   76s
 36877 23683 6195.39141   52   90 6607.00000 5793.01099  12.3%   116   81s
 40716 25531     cutoff   67      6607.00000 5796.25000  12.3%   115   86s
 42774 26601 5826.03753   23  119 6607.00000 5799.03046  12.2%   116   90s
 46176 28927 6379.35166   54  138 6607.00000 5801.94808  12.2%   117   96s
 48992 30299 5906.50000   34  101 6607.00000 5804.03069  12.2%   116  100s
 52181 32025 6026.32420   34  225 6607.00000 5805.50312  12.1%   118  106s
 54510 33543 5927.30663   31  208 6607.00000 5807.28824  12.1%   118  110s
 57120 34935 5885.76098   23   96 6607.00000 5808.71937  12.1%   118  115s
 60964 36908 5934.34152   34  186 6607.00000 5810.48046  12.1%   119  122s
 63844 38484 6173.98347   30  139 6607.00000 5812.79851  12.0%   119  126s
 66068 39677 6013.76957   34   45 6607.00000 5814.89112  12.0%   119  130s
 69606 41785 5920.76923   46  162 6607.00000 5816.64253  12.0%   120  137s
 72007 43040 infeasible   28      6607.00000 5818.02501  11.9%   120  141s
 74404 44350 6025.85240   45  190 6607.00000 5818.64286  11.9%   121  146s
 76934 45723 5839.77313   27  151 6607.00000 5819.00000  11.9%   121  151s
 79727 47141 5856.69126   27  287 6607.00000 5819.94070  11.9%   121  156s
 82098 48715 5906.44660   31  160 6607.00000 5820.43440  11.9%   121  160s
 86418 51241 infeasible   31      6607.00000 5821.22300  11.9%   120  166s
 88706 52564 5862.68424   26  155 6607.00000 5822.05824  11.9%   120  170s
 90714 53902 6383.48186   45  102 6607.00000 5822.56533  11.9%   120  175s
 93370 55527 6184.37560   47  165 6607.00000 5823.57714  11.9%   121  180s
 95873 56891 infeasible   43      6607.00000 5824.21313  11.8%   121  185s
 98424 58307 6544.69887   36  109 6607.00000 5825.15789  11.8%   121  190s
 100983 59496 6213.12747   38  203 6607.00000 5825.72215  11.8%   121  195s
 103309 61147 6474.87096   63   86 6607.00000 5826.15055  11.8%   121  200s
 105959 62695 5846.31161   42  220 6607.00000 5826.89210  11.8%   121  205s
 109884 64674 infeasible   44      6607.00000 5827.60870  11.8%   120  211s
 112304 66010 6132.93904   36  265 6607.00000 5828.18100  11.8%   120  216s
 114771 67612 6402.41751   53  138 6607.00000 5828.76647  11.8%   120  220s
 116737 68512 6015.72937   25  212 6607.00000 5829.00000  11.8%   120  225s
 120133 70698 6070.93308   41   57 6607.00000 5829.28074  11.8%   120  231s
 122630 72396 6250.63530   36  173 6607.00000 5829.63854  11.8%   120  236s
 125335 73679 6155.30122   30  125 6607.00000 5830.09718  11.8%   120  240s
 127648 74975 6114.21952   47  149 6607.00000 5830.44950  11.8%   120  245s
 131358 77173 6424.26919   39  128 6607.00000 5831.08223  11.7%   120  252s
 133958 78581 6158.35866   36  185 6607.00000 5831.51939  11.7%   120  256s
 136387 80003 6041.06820   42   98 6607.00000 5831.94934  11.7%   120  261s
 138583 81153 6071.92426   51  220 6607.00000 5832.00000  11.7%   120  266s
 140894 82428 6205.46739   40  167 6607.00000 5832.28529  11.7%   120  271s
 143537 83681 5963.78848   33  205 6607.00000 5832.80695  11.7%   120  275s
 146131 85187     cutoff   67      6607.00000 5833.14107  11.7%   120  280s
 148477 86468 5959.87918   33  258 6607.00000 5833.48725  11.7%   120  285s
 150713 87909 5914.13489   32  148 6607.00000 5833.81520  11.7%   120  290s
 153509 89377 6087.34422   31  220 6607.00000 5834.23033  11.7%   120  295s
 155871 90643 6047.32671   28  143 6607.00000 5834.53828  11.7%   120  300s
 158449 91777 infeasible   33      6607.00000 5834.80330  11.7%   120  305s
 160432 93042 5929.51467   34  274 6607.00000 5835.18530  11.7%   120  310s
 162927 94305 6008.36017   32  152 6607.00000 5835.69363  11.7%   120  315s
 165339 95835 5891.52467   33  202 6607.00000 5835.93600  11.7%   120  320s
 167737 96974 6210.09731   50  192 6607.00000 5836.42857  11.7%   120  325s
 170067 98387 6064.40508   27   51 6607.00000 5836.61081  11.7%   120  331s
 172737 100013 6404.92985   62  119 6607.00000 5837.03448  11.7%   120  336s
 175311 101269 6051.63481   45  235 6607.00000 5837.59016  11.6%   120  340s
 177975 102547 6116.06301   40  118 6607.00000 5837.95455  11.6%   120  345s
 180514 103792 6051.97746   35  216 6607.00000 5838.19688  11.6%   119  350s
 182940 105372 5942.96829   31  200 6607.00000 5838.56086  11.6%   120  355s
 185616 106615 5946.59531   34  183 6607.00000 5839.10450  11.6%   119  360s
H186310 106588                    6604.0000000 5839.15338  11.6%   119  360s
H186580 103993                    6503.0000000 5839.19353  10.2%   120  363s
 186599 104746 infeasible   35      6503.00000 5839.23261  10.2%   120  366s
 189034 106082 5950.77287   34  213 6503.00000 5839.51087  10.2%   120  371s
 191574 107366     cutoff   47      6503.00000 5839.73035  10.2%   120  376s
 194073 108732 6033.22327   31  120 6503.00000 5840.21281  10.2%   120  381s
 196382 109963 6014.90056   27  184 6503.00000 5840.62597  10.2%   120  386s
 198574 111128 6333.00000   44  112 6503.00000 5840.94547  10.2%   120  392s
 200946 112139 6436.69231   53  104 6503.00000 5841.29381  10.2%   120  398s
 201760 112725 infeasible   59      6503.00000 5841.33997  10.2%   120  401s
 204429 114430     cutoff   37      6503.00000 5841.79746  10.2%   120  407s
 207225 115932 5914.29224   28  214 6503.00000 5841.97290  10.2%   120  412s
 209905 117305     cutoff   36      6503.00000 5842.40643  10.2%   120  417s
 211131 117941 5945.35848   40  212 6503.00000 5842.63854  10.2%   120  420s
 213485 119129     cutoff   44      6503.00000 5842.93215  10.2%   120  425s
 216242 120304 5998.90733   31  186 6503.00000 5843.24418  10.1%   120  430s
 219780 122181 6139.83229   38  122 6503.00000 5843.72240  10.1%   120  437s
 220991 122815 6044.58888   40  154 6503.00000 5843.90169  10.1%   120  440s
 223372 124048 6056.51064   39  140 6503.00000 5844.14790  10.1%   120  445s
 225822 125604 6102.59215   37  173 6503.00000 5844.36364  10.1%   120  451s
 228353 126860 infeasible   40      6503.00000 5844.87538  10.1%   120  456s
 230837 127896 5997.95138   30  143 6503.00000 5845.11818  10.1%   120  462s
H231036 125223                    6467.0000000 5845.15835  9.62%   120  462s
 233366 126572 6315.93813   50   80 6467.00000 5845.41618  9.61%   120  467s
 235549 127781 5917.85962   38  225 6467.00000 5845.69691  9.61%   120  472s
 236977 128431     cutoff   41      6467.00000 5845.86507  9.60%   120  475s
 239433 129696 6090.98804   34  235 6467.00000 5846.23680  9.60%   120  480s
 241879 130991 6118.55842   35  180 6467.00000 5846.65385  9.59%   120  486s
 244341 132253 5960.55537   35  185 6467.00000 5846.97441  9.59%   120  491s
 246905 133387 6216.03559   42   99 6467.00000 5847.30275  9.58%   120  497s
 248097 133987 6025.33236   25  202 6467.00000 5847.45541  9.58%   120  500s
 250429 135395 5940.58507   30  195 6467.00000 5847.74366  9.58%   120  505s
 252871 136499 5926.71890   27  273 6467.00000 5848.02178  9.57%   120  511s
 255317 137852 5958.83173   30  239 6467.00000 5848.28439  9.57%   120  516s
 257999 139037 6238.75226   45  137 6467.00000 5848.46893  9.56%   120  521s
 260448 139695 6023.54403   32  198 6467.00000 5848.77187  9.56%   120  527s
 262057 141000     cutoff   41      6467.00000 5848.88002  9.56%   120  532s
 264121 141576     cutoff   39      6467.00000 5849.20782  9.55%   121  535s
 265546 142768 6341.09339   46  129 6467.00000 5849.51743  9.55%   121  540s
 268021 144069     cutoff   49      6467.00000 5849.89356  9.54%   121  546s
 270605 145405 6002.59486   40  179 6467.00000 5850.24161  9.54%   121  551s
 272841 146534 infeasible   41      6467.00000 5850.61174  9.53%   121  557s
 275351 147857 5967.57990   29  235 6467.00000 5850.98650  9.53%   121  562s
 276683 148499 infeasible   42      6467.00000 5851.10063  9.52%   121  565s
 279054 149742 5993.69208   33  189 6467.00000 5851.35996  9.52%   121  571s
 281558 151059 6075.69251   43  228 6467.00000 5851.72091  9.51%   121  576s
 283936 152222 6210.61663   59  189 6467.00000 5851.99134  9.51%   121  582s
 285069 152820 6073.57240   50  178 6467.00000 5852.08188  9.51%   121  585s
 287410 154051 6108.99593   37  220 6467.00000 5852.43700  9.50%   121  590s
 290006 155299 5985.28954   46  138 6467.00000 5852.76272  9.50%   121  595s
 292392 156392 6112.43055   38  100 6467.00000 5853.05855  9.49%   121  601s
 294662 157616 6185.82464   61  107 6467.00000 5853.41667  9.49%   121  606s
 297181 158798 6140.00857   32  106 6467.00000 5853.67813  9.48%   121  612s
 299603 160055 6060.67454   44  200 6467.00000 5854.00902  9.48%   121  617s
 300807 160718 5881.36245   31  281 6467.00000 5854.19431  9.48%   121  620s
 303172 161754     cutoff   48      6467.00000 5854.51340  9.47%   121  625s
 305481 162934 6396.54299   48  114 6467.00000 5854.84517  9.47%   121  631s
 307895 164221 5864.66078   33  293 6467.00000 5855.19476  9.46%   121  637s
 309971 165210 6274.83161   35  150 6467.00000 5855.41630  9.46%   122  642s
 311074 165796     cutoff   45      6467.00000 5855.53927  9.46%   122  645s
 313607 166865 6208.61922   43  135 6467.00000 5855.86880  9.45%   122  652s
 314941 167577 6165.89965   37  115 6467.00000 5856.04227  9.45%   122  655s
 317547 168963 5964.00508   28  185 6467.00000 5856.39850  9.44%   122  661s
 319978 170131 5955.12549   33   33 6467.00000 5856.63476  9.44%   122  667s
 321106 170787 infeasible   35      6467.00000 5856.72135  9.44%   122  670s
 323573 171605 6096.12536   31  215 6467.00000 5857.03603  9.43%   122  676s
 325140 172694 6044.24014   37  227 6467.00000 5857.12081  9.43%   122  681s
 327499 173830 6128.75384   30  228 6467.00000 5857.53352  9.42%   122  687s
 329955 174855 6002.31722   37  203 6467.00000 5857.81426  9.42%   122  692s
 330960 175409     cutoff   49      6467.00000 5857.95849  9.42%   122  695s
 333150 176397     cutoff   54      6467.00000 5858.27033  9.41%   122  701s
 335335 177617 6225.92448   43  152 6467.00000 5858.51230  9.41%   122  707s
 336608 178252 6262.71988   42  143 6467.00000 5858.65240  9.41%   122  710s
 339258 179383 5921.50938   30  201 6467.00000 5859.04545  9.40%   122  715s
 341649 180575 6112.24377   33  162 6467.00000 5859.38695  9.40%   122  721s
 344160 181571 6091.71442   39  201 6467.00000 5859.77038  9.39%   122  726s
 346338 182639 6031.18082   28  190 6467.00000 5860.13723  9.38%   122  732s
 347376 183209 5937.43597   26  211 6467.00000 5860.36599  9.38%   122  735s
 349819 184371 5967.14551   30  275 6467.00000 5860.75833  9.37%   122  741s
 352329 185618 6000.98675   32  240 6467.00000 5861.04257  9.37%   122  747s
 353766 186195 6354.00000   43   95 6467.00000 5861.27920  9.37%   122  750s
 356224 187476     cutoff   38      6467.00000 5861.70569  9.36%   122  755s
 358532 188697 5964.81336   35  158 6467.00000 5862.02625  9.35%   122  761s
 361148 189749 6055.52576   25   76 6467.00000 5862.44510  9.35%   122  767s
 362345 190298 5978.65000   24  140 6467.00000 5862.56577  9.35%   122  770s
 364691 191442 5996.74677   39  224 6467.00000 5862.91911  9.34%   122  775s
 366937 192527 6066.10919   46  127 6467.00000 5863.17228  9.34%   122  781s
 369295 193860 5948.20746   32  260 6467.00000 5863.60429  9.33%   122  787s
*370331 93531              58    6120.0000000 5863.67782  4.19%   122  787s
 370538 93115     cutoff   50      6120.00000 5863.75205  4.19%   122  791s
H370543 45829                    6000.0000000 5863.75205  2.27%   122  791s
 371455 45929 5919.40132   25  216 6000.00000 5863.84548  2.27%   122  797s
 372739 45994     cutoff   28      6000.00000 5864.45783  2.26%   122  801s
 375281 46079 5913.41942   26  169 6000.00000 5865.70567  2.24%   122  807s
 376451 46122 5930.54416   28  153 6000.00000 5866.44277  2.23%   122  811s
 378884 46163     cutoff   36      6000.00000 5867.68200  2.21%   122  817s
 379928 46239     cutoff   39      6000.00000 5868.21147  2.20%   122  820s
 382346 46328 infeasible   31      6000.00000 5869.41827  2.18%   122  826s
 384757 46357 5923.16505   30  256 6000.00000 5870.83778  2.15%   122  832s
 385939 46405     cutoff   40      6000.00000 5871.64904  2.14%   122  835s
 388625 46586     cutoff   26      6000.00000 5872.94548  2.12%   122  842s
 390003 46637 5946.38078   30  198 6000.00000 5873.19348  2.11%   122  845s
 392357 46690 5878.13333   39  155 6000.00000 5874.62611  2.09%   122  851s
 394234 46772 5996.78607   36  173 6000.00000 5875.44519  2.08%   122  855s
 396084 46838 5935.85230   31  200 6000.00000 5876.54663  2.06%   122  861s
 398408 46861     cutoff   58      6000.00000 5877.86004  2.04%   122  867s
 399668 46890 5926.61390   31  249 6000.00000 5878.57113  2.02%   122  870s
 402084 46877 5942.42503   41  201 6000.00000 5880.06196  2.00%   122  876s
 403306 46893 5975.33519   32  144 6000.00000 5880.73328  1.99%   122  880s
 405850 46913     cutoff   30      6000.00000 5881.86113  1.97%   122  886s
 406821 46964 5955.11615   45  186 6000.00000 5882.51856  1.96%   122  890s
 409294 46854     cutoff   54      6000.00000 5884.10880  1.93%   122  896s
 410494 46884 5971.46118   30  215 6000.00000 5884.86245  1.92%   122  900s
 412985 46811     cutoff   38      6000.00000 5886.36006  1.89%   122  906s
 415510 46799 5903.48481   24  241 6000.00000 5887.99884  1.87%   122  913s
 416769 46788     cutoff   39      6000.00000 5888.74822  1.85%   122  915s
 418992 46780 infeasible   33      6000.00000 5890.22488  1.83%   122  922s
 420240 46758 5934.73976   30  188 6000.00000 5890.90622  1.82%   122  925s
 422801 46717     cutoff   35      6000.00000 5892.43784  1.79%   122  932s
 423998 46700     cutoff   36      6000.00000 5893.65523  1.77%   122  936s
 426472 46649 5925.74132   30  222 6000.00000 5895.22991  1.75%   122  942s
 427802 46649 5957.63757   29  290 6000.00000 5896.04993  1.73%   122  946s
 430357 46665 infeasible   31      6000.00000 5897.01786  1.72%   122  952s
 431606 46652 5935.55147   24  201 6000.00000 5897.85148  1.70%   122  956s
 432626 46625 5996.76620   24  190 6000.00000 5898.31839  1.69%   122  960s
 435036 46725 5906.47140   31  168 6000.00000 5899.37516  1.68%   122  966s
 437191 46671     cutoff   32      6000.00000 5900.25777  1.66%   122  973s
 438399 46617 5995.16496   36  200 6000.00000 5900.89487  1.65%   122  976s
 439574 46591 5930.10776   29  245 6000.00000 5901.48571  1.64%   122  980s
 442158 46583 5941.01696   38   96 6000.00000 5902.59808  1.62%   122  987s
 443446 46571 5957.56321   34  138 6000.00000 5903.20094  1.61%   122  991s
 445841 46599 5981.57895   31   72 6000.00000 5904.41667  1.59%   122  998s
 447197 46612     cutoff   33      6000.00000 5905.00000  1.58%   122 1002s
 448530 46564 5975.48086   39  175 6000.00000 5905.64058  1.57%   122 1005s
 451003 46517 5910.64532   28  164 6000.00000 5906.75835  1.55%   122 1013s
 452014 46512 5928.31649   24  274 6000.00000 5907.00000  1.55%   122 1017s
 453174 46469 5929.82851   42  190 6000.00000 5907.32470  1.54%   122 1020s
 455372 46383 5920.13700   33  250 6000.00000 5907.92097  1.53%   122 1027s
 456546 46378     cutoff   27      6000.00000 5908.24477  1.53%   122 1030s
 458943 46223 5934.50508   23  117 6000.00000 5909.03722  1.52%   122 1038s
 460287 46099 5926.51299   31  192 6000.00000 5909.53908  1.51%   122 1042s
 461431 46000 5934.30991   31  214 6000.00000 5909.97672  1.50%   122 1045s
 463736 45889     cutoff   31      6000.00000 5910.59897  1.49%   122 1053s
 465110 45823     cutoff   27      6000.00000 5911.24165  1.48%   122 1057s
 466295 45722 5970.84185   56  182 6000.00000 5911.67350  1.47%   122 1061s
 467498 45640     cutoff   29      6000.00000 5912.13362  1.46%   122 1065s
 469952 45391 5996.95624   35   72 6000.00000 5913.10729  1.45%   123 1072s
 471302 45300     cutoff   34      6000.00000 5913.69697  1.44%   123 1076s
 472557 45207     cutoff   51      6000.00000 5914.26471  1.43%   123 1080s
 475016 44908     cutoff   42      6000.00000 5915.27432  1.41%   123 1088s
 476243 44800     cutoff   40      6000.00000 5915.83948  1.40%   123 1092s
 477502 44699     cutoff   43      6000.00000 5916.49931  1.39%   123 1095s
 479905 44418 5924.06164   30  266 6000.00000 5917.43646  1.38%   123 1103s
 481175 44279 5927.23618   40  326 6000.00000 5918.07128  1.37%   123 1107s
 482400 44153 5977.93693   36  216 6000.00000 5918.62182  1.36%   123 1111s
 483669 44102 5964.71845   49   67 6000.00000 5919.28149  1.35%   123 1115s
 485078 44181     cutoff   35      6000.00000 5919.90655  1.33%   123 1121s
 487080 44795 5921.47912   39   70 6000.00000 5920.00000  1.33%   122 1127s
*487120   983              40    5920.0000000 5920.00000  0.00%   122 1127s

Cutting planes:
  Learned: 361
  Gomory: 17
  Lift-and-project: 5
  Cover: 3197
  Implied bound: 74
  MIR: 500
  StrongCG: 47
  Flow cover: 561
  Inf proof: 25
  Zero half: 15
  Mod-K: 1
  Network: 2
  RLT: 2
  Relax-and-lift: 45

Explored 488732 nodes (59715507 simplex iterations) in 1127.32 seconds (667.95 work units)
Thread count was 12 (of 12 available processors)

Solution count 10: 5920 5920 6000 ... 6747

Optimal solution found (tolerance 5.00e-03)
Best objective 5.920000000000e+03, best bound 5.920000000000e+03, gap 0.0000%
