
Gurobi 12.0.0 (win64) logging started Thu Feb 19 08:32:05 2026

Set parameter LogFile to value "Storage_orig/Logs/log______Sens_gamma_100_2026_02_19_08_32_05.log"
Set parameter MIPGap to value 0.005
Set parameter OutputFlag to value 1
Gurobi Optimizer version 12.0.0 build v12.0.0rc1 (win64 - Windows 11+.0 (26200.2))

CPU model: Intel(R) Core(TM) i7-9750H CPU @ 2.60GHz, instruction set [SSE2|AVX|AVX2]
Thread count: 6 physical cores, 12 logical processors, using up to 12 threads

Non-default parameters:
MIPGap  0.005
MIPFocus  2

Optimize a model with 4176 rows, 840 columns and 11022 nonzeros
Model fingerprint: 0xcb85d2e8
Variable types: 18 continuous, 822 integer (570 binary)
Coefficient statistics:
  Matrix range     [2e-01, 1e+03]
  Objective range  [1e+01, 2e+03]
  Bounds range     [1e+00, 1e+00]
  RHS range        [1e+00, 1e+03]

User MIP start produced solution with objective 5840 (0.01s)
Loaded user MIP start with objective 5840

Presolve removed 2934 rows and 192 columns
Presolve time: 0.01s
Presolved: 1242 rows, 648 columns, 6477 nonzeros
Variable types: 18 continuous, 630 integer (450 binary)
Root relaxation presolve removed 3 rows and 0 columns
Root relaxation presolved: 1239 rows, 648 columns, 6447 nonzeros


Root relaxation: objective 5.417700e+03, 509 iterations, 0.02 seconds (0.02 work units)

    Nodes    |    Current Node    |     Objective Bounds      |     Work
 Expl Unexpl |  Obj  Depth IntInf | Incumbent    BestBd   Gap | It/Node Time

     0     0 5417.70000    0   16 5840.00000 5417.70000  7.23%     -    0s
     0     0 5432.93953    0   59 5840.00000 5432.93953  6.97%     -    0s
     0     0 5432.93953    0   40 5840.00000 5432.93953  6.97%     -    0s
     0     0 5432.93953    0   47 5840.00000 5432.93953  6.97%     -    0s
     0     0 5544.22021    0  117 5840.00000 5544.22021  5.06%     -    0s
     0     0 5557.33340    0  111 5840.00000 5557.33340  4.84%     -    0s
     0     0 5558.54937    0  129 5840.00000 5558.54937  4.82%     -    0s
     0     0 5558.54937    0  139 5840.00000 5558.54937  4.82%     -    0s
     0     0 5588.59357    0  150 5840.00000 5588.59357  4.30%     -    0s
     0     0 5601.27333    0  159 5840.00000 5601.27333  4.09%     -    0s
     0     0 5610.19413    0  153 5840.00000 5610.19413  3.94%     -    0s
     0     0 5632.61728    0  171 5840.00000 5632.61728  3.55%     -    0s
     0     0 5632.61728    0  161 5840.00000 5632.61728  3.55%     -    0s
     0     0 5635.00000    0  243 5840.00000 5635.00000  3.51%     -    0s
     0     0 5635.00000    0  221 5840.00000 5635.00000  3.51%     -    0s
     0     0 5635.00000    0  262 5840.00000 5635.00000  3.51%     -    1s
     0     0 5635.00000    0  269 5840.00000 5635.00000  3.51%     -    1s
     0     0 5635.00000    0  126 5840.00000 5635.00000  3.51%     -    1s
     0     0 5635.00000    0  248 5840.00000 5635.00000  3.51%     -    1s
     0     0 5635.00000    0  166 5840.00000 5635.00000  3.51%     -    2s
     0     0 5635.00000    0  159 5840.00000 5635.00000  3.51%     -    2s
     0     2 5635.00000    0  156 5840.00000 5635.00000  3.51%     -    2s
   653   533 5665.19482   33   58 5840.00000 5635.94431  3.49%  75.1    5s
  2506  1123 5744.52174   22  159 5840.00000 5642.50330  3.38%  82.9   10s
  2738  1213 5754.66667   19  217 5840.00000 5642.50330  3.38%  92.4   15s
  4638  1136     cutoff   31      5840.00000 5653.83838  3.19%   104   20s
  7744  1305     cutoff   30      5840.00000 5676.69813  2.80%   109   25s
 10957  1639 5761.52778   30  125 5840.00000 5712.84951  2.18%   108   30s
 14069  1861     cutoff   28      5840.00000 5739.09739  1.73%   106   35s
 17485  1772 5762.02056   33  248 5840.00000 5744.66815  1.63%   103   40s
 21487   809 5779.37581   35  107 5840.00000 5761.89674  1.34%   102   45s

Cutting planes:
  Learned: 35
  Gomory: 9
  Lift-and-project: 4
  Cover: 528
  Implied bound: 9
  MIR: 276
  StrongCG: 36
  Flow cover: 507
  Inf proof: 4
  Zero half: 13
  Network: 4
  RLT: 6
  Relax-and-lift: 28

Explored 24431 nodes (2416155 simplex iterations) in 47.72 seconds (34.03 work units)
Thread count was 12 (of 12 available processors)

Solution count 1: 5840 

Optimal solution found (tolerance 5.00e-03)
Best objective 5.840000000000e+03, best bound 5.840000000000e+03, gap 0.0000%
