
Gurobi 12.0.0 (win64) logging started Thu Feb  5 22:58:19 2026

Set parameter LogFile to value "Storage_orig/Logs/log_____________2026_02_05_22_58_19.log"
Set parameter MIPGap to value 0.01
Set parameter OutputFlag to value 1
Gurobi Optimizer version 12.0.0 build v12.0.0rc1 (win64 - Windows 11+.0 (26200.2))

CPU model: Intel(R) Core(TM) i7-9750H CPU @ 2.60GHz, instruction set [SSE2|AVX|AVX2]
Thread count: 6 physical cores, 12 logical processors, using up to 12 threads

Non-default parameters:
MIPGap  0.01
MIPFocus  1

Optimize a model with 10700 rows, 1644 columns and 28016 nonzeros
Model fingerprint: 0xc1ce0ad2
Variable types: 28 continuous, 1616 integer (1168 binary)
Coefficient statistics:
  Matrix range     [2e-01, 1e+02]
  Objective range  [1e+01, 4e+03]
  Bounds range     [1e+00, 1e+00]
  RHS range        [1e+00, 2e+02]
Found heuristic solution: objective 30520.000000
Presolve removed 8104 rows and 296 columns
Presolve time: 0.04s
Presolved: 2596 rows, 1348 columns, 10548 nonzeros
Variable types: 28 continuous, 1320 integer (968 binary)

Root relaxation: objective 6.288903e+03, 2244 iterations, 0.08 seconds (0.07 work units)

    Nodes    |    Current Node    |     Objective Bounds      |     Work
 Expl Unexpl |  Obj  Depth IntInf | Incumbent    BestBd   Gap | It/Node Time

     0     0 6288.90333    0   21 30520.0000 6288.90333  79.4%     -    0s
H    0     0                    29942.000000 6288.90333  79.0%     -    0s
H    0     0                    27728.000000 6288.90333  77.3%     -    0s
H    0     0                    25808.000000 6288.90333  75.6%     -    0s
     0     0 6404.32250    0   79 25808.0000 6404.32250  75.2%     -    0s
     0     0 6483.68897    0   74 25808.0000 6483.68897  74.9%     -    0s
     0     0 6490.46419    0   81 25808.0000 6490.46419  74.9%     -    0s
H    0     0                    21683.000000 6612.59926  69.5%     -    0s
     0     0 6612.59926    0   90 21683.0000 6612.59926  69.5%     -    0s
     0     0 6637.44667    0   52 21683.0000 6637.44667  69.4%     -    0s
     0     0 6640.12826    0   92 21683.0000 6640.12826  69.4%     -    0s
     0     0 6640.96809    0   93 21683.0000 6640.96809  69.4%     -    0s
     0     0 6642.62134    0  113 21683.0000 6642.62134  69.4%     -    0s
     0     0 6642.76046    0  110 21683.0000 6642.76046  69.4%     -    0s
     0     0 6642.76046    0  114 21683.0000 6642.76046  69.4%     -    0s
H    0     0                    19003.000000 6662.25667  64.9%     -    0s
     0     0 6662.25667    0  155 19003.0000 6662.25667  64.9%     -    0s
H    0     0                    10655.000000 6669.12818  37.4%     -    0s
H    0     0                    7355.0000000 6669.12818  9.33%     -    0s
     0     0 6669.12818    0  193 7355.00000 6669.12818  9.33%     -    0s
     0     0 6681.01512    0  210 7355.00000 6681.01512  9.16%     -    0s
     0     0 6689.58505    0  200 7355.00000 6689.58505  9.05%     -    0s
     0     0 6693.18686    0  211 7355.00000 6693.18686  9.00%     -    0s
     0     0 6709.75449    0  181 7355.00000 6709.75449  8.77%     -    0s
     0     0 6709.75449    0  203 7355.00000 6709.75449  8.77%     -    0s
     0     0 6718.95179    0  186 7355.00000 6718.95179  8.65%     -    0s
     0     0 6720.89584    0   84 7355.00000 6720.89584  8.62%     -    0s
     0     0 6721.27942    0   91 7355.00000 6721.27942  8.62%     -    0s
     0     0 6721.28575    0  101 7355.00000 6721.28575  8.62%     -    0s
     0     0 6721.30789    0   68 7355.00000 6721.30789  8.62%     -    0s
     0     2 6721.61153    0   55 7355.00000 6721.61153  8.61%     -    0s
   688   233     cutoff   14      7355.00000 6725.02128  8.57%   141    5s
  2225   904 7063.29869   25   68 7355.00000 6984.84632  5.03%   104   10s
  2886   892 7316.02938   38   62 7355.00000 6984.84632  5.03%   117   15s
  4286   992 7314.60445   38   76 7355.00000 6984.84632  5.03%   116   20s
  7161  1928 7117.73783   33  148 7355.00000 7024.22101  4.50%   103   25s
 12023  4223     cutoff   32      7355.00000 7050.87846  4.13%  86.0   30s
 16673  5452 7290.34137   39   55 7355.00000 7079.08148  3.75%  79.5   35s
 21466  6036     cutoff   38      7355.00000 7109.02064  3.34%  74.5   40s
 24078  5459 7191.34370   38   83 7355.00000 7146.71053  2.83%  75.7   45s
 28368  6005 7276.61183   49   75 7355.00000 7266.06654  1.21%  72.0   51s
 33450  7244 infeasible   50      7355.00000 7269.40272  1.16%  65.9   55s
 39281  9235 7317.00000   54   13 7355.00000 7271.33929  1.14%  59.4   60s
 45228 12019 7274.33429   51   65 7355.00000 7273.32000  1.11%  54.6   65s
 54460 15626 7274.39049   49   53 7355.00000 7273.55221  1.11%  48.7   70s
 60548 18282 7277.75457   54   43 7355.00000 7273.93601  1.10%  45.8   75s
 66712 20675 7281.46154   62   27 7355.00000 7274.31343  1.10%  43.5   80s
 73369 23879 7275.94318   52   29 7355.00000 7274.38478  1.10%  41.2   85s
 80428 25594 7276.80398   52   48 7355.00000 7274.52182  1.09%  39.5   90s
 84117 26892     cutoff   53      7355.00000 7274.76991  1.09%  38.6   96s
 86703 27347 7280.90476   62   39 7355.00000 7274.86601  1.09%  38.0  100s
 90576 28006 infeasible   67      7355.00000 7274.90721  1.09%  37.0  105s
 91834 28220     cutoff   56      7355.00000 7274.93000  1.09%  36.7  112s
 93849 28592 7277.00000   48   58 7355.00000 7274.95905  1.09%  36.2  117s
 94856 29013     cutoff   49      7355.00000 7274.95905  1.09%  36.1  120s
 101342 30290 7318.01551   49  102 7355.00000 7275.13318  1.09%  35.0  125s
 104593 31061 infeasible   49      7355.00000 7275.24837  1.08%  34.5  131s
 108277 32207 7276.69852   54   80 7355.00000 7275.44000  1.08%  34.1  135s
 111057 33102 7280.49330   54   81 7355.00000 7275.52459  1.08%  33.6  140s
 116296 34465 infeasible   49      7355.00000 7275.80753  1.08%  33.0  145s
 123100 36148 7317.00000   82   15 7355.00000 7275.97374  1.07%  32.4  150s
 129675 37499     cutoff   53      7355.00000 7276.16143  1.07%  31.8  155s
 137341 39405     cutoff   55      7355.00000 7276.35396  1.07%  31.1  160s
 144933 41207 7278.75282   61   91 7355.00000 7276.58706  1.07%  30.5  165s
 151576 42735 7280.39683   58  115 7355.00000 7276.81538  1.06%  30.0  170s
 158165 43219 7280.61905   58   46 7355.00000 7277.00000  1.06%  29.6  175s
 162371 43937 7277.74811   57   53 7355.00000 7277.06736  1.06%  29.3  180s
 165109 44275 7281.46154   65   27 7355.00000 7277.18957  1.06%  29.2  185s
 168966 44408 7281.74833   54   52 7355.00000 7277.31509  1.06%  29.0  190s
 173386 45023 7318.77000   51   48 7355.00000 7277.54549  1.05%  28.9  195s
 180887 45691 7291.03896   63   35 7355.00000 7277.73469  1.05%  28.7  200s
 185846 46200     cutoff   55      7355.00000 7277.79228  1.05%  28.4  205s
 188175 46710 7291.20000   84   49 7355.00000 7277.87003  1.05%  28.3  211s
 189698 47037 7278.80667   78   73 7355.00000 7277.97333  1.05%  28.2  215s
 197007 47809     cutoff   66      7355.00000 7278.07450  1.05%  27.9  220s
 204797 49359 infeasible   62      7355.00000 7278.31813  1.04%  27.6  225s
 212586 51487 7294.11111   90   37 7355.00000 7278.52303  1.04%  27.3  230s
 220263 52426 7317.00000   70   35 7355.00000 7278.65357  1.04%  27.1  235s
 229017 54205 7278.80667   75   57 7355.00000 7278.80636  1.04%  26.8  240s

Cutting planes:
  Learned: 12
  Gomory: 3
  Cover: 281
  MIR: 210
  StrongCG: 22
  Flow cover: 242
  Inf proof: 2
  Zero half: 1
  Network: 1
  RLT: 14
  Relax-and-lift: 11

Explored 233466 nodes (6247101 simplex iterations) in 242.68 seconds (103.44 work units)
Thread count was 12 (of 12 available processors)

Solution count 8: 7355 10655 19003 ... 30520

Solve interrupted
Best objective 7.355000000000e+03, best bound 7.279000000000e+03, gap 1.0333%
