
Gurobi 12.0.0 (win64) logging started Tue Feb 17 01:58:39 2026

Set parameter LogFile to value "Storage_orig/Logs/log______Sens_C_range_reduced_(150, 150)_2026_02_17_01_58_39.log"
Set parameter MIPGap to value 0.01
Set parameter OutputFlag to value 1
Set parameter TimeLimit to value 600
Gurobi Optimizer version 12.0.0 build v12.0.0rc1 (win64 - Windows 11+.0 (26200.2))

CPU model: Intel(R) Core(TM) i7-9750H CPU @ 2.60GHz, instruction set [SSE2|AVX|AVX2]
Thread count: 6 physical cores, 12 logical processors, using up to 12 threads

Non-default parameters:
TimeLimit  600
MIPGap  0.01
MIPFocus  1

Optimize a model with 5133 rows, 960 columns and 13434 nonzeros
Model fingerprint: 0xd18d9a88
Variable types: 18 continuous, 942 integer (690 binary)
Coefficient statistics:
  Matrix range     [2e-01, 1e+03]
  Objective range  [1e+01, 2e+03]
  Bounds range     [1e+00, 1e+00]
  RHS range        [1e+00, 1e+03]

User MIP start produced solution with objective 10222 (0.01s)
Loaded user MIP start with objective 10222

Presolve removed 3657 rows and 213 columns
Presolve time: 0.02s
Presolved: 1476 rows, 747 columns, 5832 nonzeros
Variable types: 18 continuous, 729 integer (540 binary)

Root relaxation: objective 7.517600e+03, 555 iterations, 0.01 seconds (0.01 work units)

    Nodes    |    Current Node    |     Objective Bounds      |     Work
 Expl Unexpl |  Obj  Depth IntInf | Incumbent    BestBd   Gap | It/Node Time

     0     0 7517.60003    0   35 10222.0000 7517.60003  26.5%     -    0s
H    0     0                    10082.000000 7517.60003  25.4%     -    0s
H    0     0                    9662.0000000 7517.60003  22.2%     -    0s
H    0     0                    9582.0000000 7518.13345  21.5%     -    0s
     0     0 7518.13347    0   88 9582.00000 7518.13347  21.5%     -    0s
H    0     0                    8922.0000000 7518.25000  15.7%     -    0s
     0     0 7518.25000    0   56 8922.00000 7518.25000  15.7%     -    0s
     0     0 7518.25000    0   71 8922.00000 7518.25000  15.7%     -    0s
H    0     0                    8342.0000000 7518.25000  9.87%     -    0s
H    0     0                    8182.0000000 7518.25000  8.11%     -    0s
     0     0 7575.15551    0  113 8182.00000 7575.15551  7.42%     -    0s
     0     0 7616.89906    0  129 8182.00000 7616.89906  6.91%     -    0s
H    0     0                    8042.0000000 7649.11493  4.89%     -    0s
H    0     0                    7982.0000000 7649.11493  4.17%     -    0s
     0     0 7649.11493    0  146 7982.00000 7649.11493  4.17%     -    0s
     0     0 7649.89235    0  151 7982.00000 7649.89235  4.16%     -    0s
     0     0 7649.89235    0  162 7982.00000 7649.89235  4.16%     -    0s
     0     0 7667.28074    0  163 7982.00000 7667.28074  3.94%     -    0s
     0     0 7699.27947    0  171 7982.00000 7699.27947  3.54%     -    0s
     0     0 7711.09384    0  175 7982.00000 7711.09384  3.39%     -    0s
     0     0 7715.93099    0  192 7982.00000 7715.93099  3.33%     -    0s
     0     0 7716.97564    0  199 7982.00000 7716.97564  3.32%     -    0s
     0     0 7717.00100    0  232 7982.00000 7717.00100  3.32%     -    0s
     0     0 7724.41905    0  161 7982.00000 7724.41905  3.23%     -    0s
     0     0 7724.62946    0  188 7982.00000 7724.62946  3.22%     -    0s
     0     0 7726.54714    0  179 7982.00000 7726.54714  3.20%     -    0s
     0     0 7726.54714    0  174 7982.00000 7726.54714  3.20%     -    0s
     0     0 7727.84402    0  185 7982.00000 7727.84402  3.18%     -    0s
     0     0 7727.84402    0  184 7982.00000 7727.84402  3.18%     -    0s
     0     0 7728.58036    0   81 7982.00000 7728.58036  3.17%     -    1s
     0     2 7728.58036    0   63 7982.00000 7728.58036  3.17%     -    1s
H    7    14                    7960.0000000 7729.37500  2.90%   338    1s
   942   643 7783.23237   32   88 7960.00000 7729.40800  2.90%  50.8    5s
  1757  1145 7742.11608   19  299 7960.00000 7740.68808  2.76%  55.1   10s
  3349  1740 7757.42665   24  217 7960.00000 7750.01359  2.64%  68.5   15s
  8539  4475 7780.20000   43   42 7960.00000 7757.74005  2.54%  54.3   20s
 13978  7645 7759.33221   47  131 7960.00000 7757.75650  2.54%  51.2   25s
 17676  9692 7782.02113   47   94 7960.00000 7757.76251  2.54%  51.5   30s
 23148 12379     cutoff   48      7960.00000 7757.78347  2.54%  49.0   35s
 26940 14679 7791.70295   43  158 7960.00000 7757.84085  2.54%  49.1   40s
 32220 17432 7787.19579   41  149 7960.00000 7758.16473  2.54%  48.9   45s
 37916 21449 7882.40640   50   64 7960.00000 7759.21932  2.52%  48.9   51s
 45023 25106 infeasible   79      7960.00000 7759.33228  2.52%  47.8   55s
 49449 27205 7892.23652   58   66 7960.00000 7759.33230  2.52%  49.5   60s
 54890 29968 7908.91114   51  178 7960.00000 7759.33230  2.52%  50.6   65s
 58453 31482 7895.18623   65  123 7960.00000 7759.41028  2.52%  50.7   70s
 65179 34400 7888.50987   64   64 7960.00000 7759.44815  2.52%  50.8   76s
 70003 37927 7794.19626   41  153 7960.00000 7760.23536  2.51%  50.8   80s
 77195 41553 7922.87648   60   44 7960.00000 7760.33997  2.51%  49.1   85s
 83659 44584 7889.32652   43   96 7960.00000 7760.48501  2.51%  48.5   90s
 87193 45873 7797.77559   55   68 7960.00000 7760.56475  2.51%  48.9   95s
 92440 48402 7786.62046   71  208 7960.00000 7760.60060  2.51%  49.4  100s
 97642 50836 7809.87244   64  130 7960.00000 7760.82611  2.50%  49.5  105s
 101064 52057 7761.84117   44  186 7960.00000 7760.96139  2.50%  50.4  110s
 105519 53476     cutoff   49      7960.00000 7761.01112  2.50%  51.1  116s
 109564 55279 7808.65279   47  105 7960.00000 7761.07987  2.50%  51.3  120s
 114777 57565     cutoff   75      7960.00000 7761.21567  2.50%  51.7  125s
 120294 59943 7767.43886   53  206 7960.00000 7761.44974  2.49%  51.8  130s
 125630 62258 7813.11611   51  163 7960.00000 7761.66186  2.49%  51.4  135s
 130476 63487 7806.12062   49  107 7960.00000 7761.74074  2.49%  51.5  141s
 132901 64458 7807.84217   47  121 7960.00000 7761.90868  2.49%  51.9  145s
 137655 66018 7813.58131   50   56 7960.00000 7762.13365  2.49%  52.4  150s
 142266 67936 7797.54767   73  220 7960.00000 7762.20579  2.48%  52.4  155s
 147304 70218     cutoff   49      7960.00000 7762.29577  2.48%  52.5  160s
 150103 71312 7817.83241   79  122 7960.00000 7762.31123  2.48%  53.2  165s
 154573 73819 7801.05948   47  169 7960.00000 7762.56318  2.48%  53.4  170s
 160578 75699 7800.28121   41  207 7960.00000 7762.86621  2.48%  53.5  176s
 162613 76975 7831.60496   71  234 7960.00000 7762.97010  2.48%  53.6  180s
 166897 78411 infeasible   69      7960.00000 7763.31155  2.47%  53.6  185s
 171834 80698 7787.39217   48  264 7960.00000 7763.60769  2.47%  53.9  191s
 175254 81854 infeasible   44      7960.00000 7763.65055  2.47%  54.1  195s
 179228 84196 7785.04952   34  136 7960.00000 7763.83255  2.46%  54.2  200s
 185175 86603     cutoff   41      7960.00000 7763.86419  2.46%  54.1  205s
 190204 89240 7809.95873   53  161 7960.00000 7764.10655  2.46%  54.2  210s
 195366 91243 infeasible   49      7960.00000 7764.24758  2.46%  54.2  215s
 199017 92900 7791.32063   57   55 7960.00000 7764.33857  2.46%  54.4  220s
 204402 95241 7798.43941   59  186 7960.00000 7764.45319  2.46%  54.4  225s
 209771 97160     cutoff   47      7960.00000 7764.74144  2.45%  54.4  230s
 212882 97846     cutoff   56      7960.00000 7764.87448  2.45%  54.6  235s
 217329 100603 7891.88459   51  168 7960.00000 7764.92004  2.45%  54.5  240s
 220750 102593 7804.57793   52  201 7960.00000 7764.98568  2.45%  54.6  245s
 226098 105018 7820.76983   55  222 7960.00000 7764.98613  2.45%  54.6  250s
 229716 106689     cutoff   73      7960.00000 7764.99920  2.45%  54.8  255s
 234774 108978     cutoff   65      7960.00000 7765.17580  2.45%  54.8  261s
 238589 110548 7815.54165   74   68 7960.00000 7765.26993  2.45%  54.9  265s
 243768 112571 7887.28649   49  121 7960.00000 7765.29940  2.45%  55.1  270s
 246241 113598 7882.15750   37   36 7960.00000 7765.43842  2.44%  55.2  275s
 249997 114733 7799.27642   49  155 7960.00000 7765.70374  2.44%  55.3  280s
 254299 116367 7919.53216   75   70 7960.00000 7765.90505  2.44%  55.4  285s
 258856 118047 7902.76923   69   73 7960.00000 7766.02033  2.44%  55.5  291s
 262677 119599 7794.27852   47   93 7960.00000 7766.14407  2.44%  55.6  295s
 267706 121111 7810.96512   71  104 7960.00000 7766.22388  2.43%  55.6  300s
 273202 123136     cutoff   61      7960.00000 7766.36232  2.43%  55.5  305s
 274430 123276     cutoff   41      7960.00000 7766.37066  2.43%  55.6  310s
 277562 124918 infeasible   71      7960.00000 7766.44688  2.43%  55.7  315s
 280721 126483 7882.63500   43   25 7960.00000 7766.55047  2.43%  55.8  320s
 285394 128858 7909.83067   50   81 7960.00000 7766.59140  2.43%  55.7  325s
 290742 130773 7893.01599   46   89 7960.00000 7766.60443  2.43%  55.7  330s
 296549 133049 infeasible   44      7960.00000 7766.69566  2.43%  55.6  335s
 303046 136313     cutoff   49      7960.00000 7766.74998  2.43%  55.3  340s
 309878 140025     cutoff   66      7960.00000 7766.75500  2.43%  54.9  345s
 317288 144382 7815.06273   82   79 7960.00000 7766.75500  2.43%  54.4  350s
 323407 146965 7768.38805   52  144 7960.00000 7766.75500  2.43%  54.1  355s
 330904 151524 7809.43552   46  137 7960.00000 7766.75500  2.43%  53.8  361s
 337453 154654 7807.85124   53  113 7960.00000 7766.75500  2.43%  53.4  365s
 342346 156186     cutoff   58      7960.00000 7766.75500  2.43%  53.2  370s
 347753 158721 7874.00000   60   34 7960.00000 7766.81069  2.43%  53.1  375s
 352210 160344 7808.82277   48  142 7960.00000 7766.81069  2.43%  53.0  380s
 358211 161804 7792.85796   63  124 7960.00000 7766.82292  2.43%  53.0  385s
 361923 163238 7822.75791   62  146 7960.00000 7766.88736  2.43%  53.1  390s
 366121 164785 7844.11177   66  217 7960.00000 7766.98135  2.42%  53.2  395s
 371500 166712 7807.56081   49  139 7960.00000 7767.01525  2.42%  53.2  400s
 376121 168931     cutoff   55      7960.00000 7767.04654  2.42%  53.2  405s
 380895 171172 7807.15344   44  188 7960.00000 7767.07489  2.42%  53.2  410s
 386043 173296 infeasible   56      7960.00000 7767.11361  2.42%  53.1  415s
 389873 174676 7839.53567   56  187 7960.00000 7767.18445  2.42%  53.2  420s
 392419 176162 7773.41429   38  245 7960.00000 7767.21225  2.42%  53.2  425s
 398270 178221 7780.09084   50  223 7960.00000 7767.32580  2.42%  53.2  430s
 402907 180784 infeasible   54      7960.00000 7767.39587  2.42%  53.2  435s
 408703 183138 7833.00000   58    9 7960.00000 7767.45756  2.42%  53.2  440s
 414625 186334 7835.10330   64  181 7960.00000 7767.46447  2.42%  53.1  445s
 418818 187972 7791.14370   60  191 7960.00000 7767.54748  2.42%  53.1  450s
 423872 189486 7947.58679   66   53 7960.00000 7767.68443  2.42%  53.2  455s
 428269 191862 7854.25087   71  140 7960.00000 7767.77747  2.41%  53.2  460s
 432614 193883     cutoff   50      7960.00000 7767.82606  2.41%  53.2  466s
 438319 195876 7796.00658   60  141 7960.00000 7767.88196  2.41%  53.2  470s
 442862 197343 7775.88998   50  248 7960.00000 7767.97199  2.41%  53.2  475s
 443774 198200 7796.63121   62  225 7960.00000 7767.98098  2.41%  53.2  480s
 449923 201339 7798.41369   48  215 7960.00000 7768.05789  2.41%  53.1  485s
 456935 202698 7955.11877   41  147 7960.00000 7768.10735  2.41%  53.0  491s
 459409 204016 7919.58333   65   33 7960.00000 7768.15600  2.41%  53.0  495s
 464896 206411     cutoff   84      7960.00000 7768.25748  2.41%  53.0  500s
 470160 208044 7773.66354   58  144 7960.00000 7768.34883  2.41%  53.0  505s
 475053 209915 7787.15706   54  127 7960.00000 7768.38112  2.41%  53.0  510s
 480369 212050 7769.27583   54  256 7960.00000 7768.43833  2.41%  53.0  515s
 485675 214352 7801.75837   63  157 7960.00000 7768.46894  2.41%  52.9  520s
 491522 216512 7800.26138   56   95 7960.00000 7768.52771  2.41%  52.9  526s
 495057 217793 7910.55716   57   84 7960.00000 7768.58933  2.40%  52.9  530s
 499968 219330 infeasible   43      7960.00000 7768.62944  2.40%  53.0  535s
 505678 221555 7782.00685   60  224 7960.00000 7768.68123  2.40%  53.0  541s
 509140 222744 7780.07869   53  191 7960.00000 7768.75686  2.40%  53.1  545s
 511367 223454 7923.25777   53  162 7960.00000 7768.77940  2.40%  53.1  550s
 515798 225786 7836.55209   52   84 7960.00000 7768.82601  2.40%  53.1  555s
 521279 228109 infeasible   73      7960.00000 7768.89075  2.40%  53.0  560s
 527407 230425     cutoff   77      7960.00000 7768.94802  2.40%  52.9  565s
 532464 232576 7794.16239   38  158 7960.00000 7768.99332  2.40%  52.9  570s
 537021 234529 7807.99539   54  153 7960.00000 7769.08075  2.40%  52.9  575s
 545018 237696 7859.77704   25  193 7960.00000 7769.14726  2.40%  52.7  580s
 549724 239411 7807.99524   57  158 7960.00000 7769.21848  2.40%  52.7  585s
 554574 241992 7811.47370   49  114 7960.00000 7769.27521  2.40%  52.7  590s
 559071 243759     cutoff   82      7960.00000 7769.33288  2.40%  52.6  595s
 563875 245162 7806.24370   56  136 7960.00000 7769.48143  2.39%  52.6  600s

Cutting planes:
  Learned: 47
  Gomory: 4
  Cover: 322
  MIR: 268
  StrongCG: 20
  Flow cover: 278
  Inf proof: 6
  Zero half: 1
  Network: 2
  RLT: 8
  Relax-and-lift: 24

Explored 564166 nodes (29706255 simplex iterations) in 600.02 seconds (300.81 work units)
Thread count was 12 (of 12 available processors)

Solution count 10: 7960 7982 8042 ... 10222

Time limit reached
Best objective 7.960000000000e+03, best bound 7.770000000000e+03, gap 2.3869%
