
Gurobi 12.0.0 (win64) logging started Wed Feb 18 22:37:28 2026

Set parameter LogFile to value "Storage_orig/Logs/log______Sens_handling_time_0.1_2026_02_18_22_37_28.log"
Set parameter MIPGap to value 0.01
Set parameter OutputFlag to value 1
Set parameter TimeLimit to value 600
Read solution from file Storage_orig/Solutions/solved________2026_02_15_18_35_33.sol
Gurobi Optimizer version 12.0.0 build v12.0.0rc1 (win64 - Windows 11+.0 (26200.2))

CPU model: Intel(R) Core(TM) i7-9750H CPU @ 2.60GHz, instruction set [SSE2|AVX|AVX2]
Thread count: 6 physical cores, 12 logical processors, using up to 12 threads

Non-default parameters:
TimeLimit  600
MIPGap  0.01
MIPFocus  2

Optimize a model with 4170 rows, 840 columns and 11004 nonzeros
Model fingerprint: 0xe171e4e5
Variable types: 18 continuous, 822 integer (570 binary)
Coefficient statistics:
  Matrix range     [1e-01, 1e+03]
  Objective range  [1e+01, 2e+03]
  Bounds range     [1e+00, 1e+00]
  RHS range        [1e+00, 1e+03]

User MIP start did not produce a new incumbent solution
User MIP start violates constraint Time_UB_2_5_1 by 1.533333333

Found heuristic solution: objective 18900.000000
Presolve removed 2940 rows and 192 columns
Presolve time: 0.01s
Presolved: 1230 rows, 648 columns, 6453 nonzeros
Variable types: 18 continuous, 630 integer (450 binary)
Root relaxation presolve removed 3 rows and 0 columns
Root relaxation presolved: 1227 rows, 648 columns, 6423 nonzeros


Root relaxation: objective 5.467500e+03, 475 iterations, 0.02 seconds (0.02 work units)
Another try with MIP start

    Nodes    |    Current Node    |     Objective Bounds      |     Work
 Expl Unexpl |  Obj  Depth IntInf | Incumbent    BestBd   Gap | It/Node Time

H    0     0                    5792.0000000 5467.50003  5.60%     -    0s
     0     0 5467.50003    0   29 5792.00000 5467.50003  5.60%     -    0s
     0     0 5468.14286    0   68 5792.00000 5468.14286  5.59%     -    0s
     0     0 5468.14286    0   66 5792.00000 5468.14286  5.59%     -    0s
     0     0 5468.14286    0   63 5792.00000 5468.14286  5.59%     -    0s
     0     0 5520.50026    0  146 5792.00000 5520.50026  4.69%     -    0s
     0     0 5540.42411    0  157 5792.00000 5540.42411  4.34%     -    0s
     0     0 5548.27052    0  165 5792.00000 5548.27052  4.21%     -    0s
     0     0 5548.80144    0  168 5792.00000 5548.80144  4.20%     -    0s
     0     0 5548.87327    0  167 5792.00000 5548.87327  4.20%     -    0s
     0     0 5548.87327    0  170 5792.00000 5548.87327  4.20%     -    0s
     0     0 5672.00648    0  189 5792.00000 5672.00648  2.07%     -    0s
     0     0 5675.25000    0  172 5792.00000 5675.25000  2.02%     -    0s
     0     0 5675.25000    0  195 5792.00000 5675.25000  2.02%     -    0s
     0     0 5679.08283    0  262 5792.00000 5679.08283  1.95%     -    1s
     0     0 5683.08072    0  224 5792.00000 5683.08072  1.88%     -    1s
     0     0 5685.31876    0  250 5792.00000 5685.31876  1.84%     -    1s
     0     0 5685.86938    0  263 5792.00000 5685.86938  1.83%     -    1s
     0     0 5685.88281    0  245 5792.00000 5685.88281  1.83%     -    1s
     0     0 5690.93689    0  277 5792.00000 5690.93689  1.74%     -    1s
     0     0 5696.25873    0  310 5792.00000 5696.25873  1.65%     -    1s
     0     0 5696.26017    0  309 5792.00000 5696.26017  1.65%     -    1s
     0     0 5696.38686    0  312 5792.00000 5696.38686  1.65%     -    1s
     0     0 5698.50000    0  331 5792.00000 5698.50000  1.61%     -    1s
     0     0 5698.50000    0  302 5792.00000 5698.50000  1.61%     -    1s
     0     0 5705.00000    0  327 5792.00000 5705.00000  1.50%     -    1s
     0     0 5712.00000    0  154 5792.00000 5712.00000  1.38%     -    2s
     0     0 5712.00000    0   28 5792.00000 5712.00000  1.38%     -    2s
     0     0 5712.01434    0  185 5792.00000 5712.01434  1.38%     -    2s
     0     0 5712.01434    0  185 5792.00000 5712.01434  1.38%     -    2s
     0     0 5712.01434    0   25 5792.00000 5712.01434  1.38%     -    2s
     0     0 5712.01434    0  189 5792.00000 5712.01434  1.38%     -    3s
     0     0 5712.01434    0  160 5792.00000 5712.01434  1.38%     -    3s
     0     0 5712.01434    0  128 5792.00000 5712.01434  1.38%     -    3s
     0     0 5712.01434    0  136 5792.00000 5712.01434  1.38%     -    3s
     0     0 5712.09334    0  180 5792.00000 5712.09334  1.38%     -    3s
     0     0 5712.09334    0   17 5792.00000 5712.09334  1.38%     -    3s
     0     0 5712.09334    0  113 5792.00000 5712.09334  1.38%     -    3s
     0     0 5712.09334    0  111 5792.00000 5712.09334  1.38%     -    3s
     0     0 5712.10122    0  132 5792.00000 5712.10122  1.38%     -    3s
     0     0 5712.12132    0   75 5792.00000 5712.12132  1.38%     -    3s
     0     0 5712.15936    0  118 5792.00000 5712.15936  1.38%     -    3s
     0     0 5712.16695    0  153 5792.00000 5712.16695  1.38%     -    3s
     0     0 5712.17510    0  169 5792.00000 5712.17510  1.38%     -    3s
     0     0 5712.17549    0  160 5792.00000 5712.17549  1.38%     -    3s
     0     0 5712.18494    0  174 5792.00000 5712.18494  1.38%     -    3s
     0     0 5712.18578    0  170 5792.00000 5712.18578  1.38%     -    3s
     0     0 5712.19523    0  158 5792.00000 5712.19523  1.38%     -    3s
     0     0 5712.24000    0  126 5792.00000 5712.24000  1.38%     -    4s
     0     0 5712.24413    0  137 5792.00000 5712.24413  1.38%     -    4s
     0     0 5712.25000    0   78 5792.00000 5712.25000  1.38%     -    4s
     0     0 5712.25000    0   13 5792.00000 5712.25000  1.38%     -    4s
     0     0 5712.25000    0  121 5792.00000 5712.25000  1.38%     -    4s
     0     0 5712.25000    0   82 5792.00000 5712.25000  1.38%     -    4s
     0     0 5712.25000    0   93 5792.00000 5712.25000  1.38%     -    4s
     0     0 5712.27273    0   68 5792.00000 5712.27273  1.38%     -    4s
     0     0 5712.27273    0   72 5792.00000 5712.27273  1.38%     -    4s
     0     0 5712.27273    0  120 5792.00000 5712.27273  1.38%     -    4s
     0     0 5712.27273    0  124 5792.00000 5712.27273  1.38%     -    4s
     0     0 5712.28726    0  178 5792.00000 5712.28726  1.38%     -    4s
     0     0 5712.28820    0   98 5792.00000 5712.28820  1.38%     -    4s
     0     0 5712.46429    0   62 5792.00000 5712.46429  1.37%     -    4s
     0     0 5712.53333    0   13 5792.00000 5712.53333  1.37%     -    5s
     0     0 5712.53333    0  108 5792.00000 5712.53333  1.37%     -    5s
     0     0 5712.53333    0   50 5792.00000 5712.53333  1.37%     -    5s
     0     0 5712.53333    0   51 5792.00000 5712.53333  1.37%     -    5s
     0     0 5712.53333    0   51 5792.00000 5712.53333  1.37%     -    5s
     0     0 5712.53333    0   55 5792.00000 5712.53333  1.37%     -    5s
     0     0 5712.94397    0  107 5792.00000 5712.94397  1.36%     -    5s
     0     0          -    0      5792.00000 5749.67163  0.73%     -    5s

Cutting planes:
  Gomory: 3
  Lift-and-project: 31
  Cover: 55
  Implied bound: 47
  Projected implied bound: 1
  Clique: 121
  MIR: 40
  StrongCG: 21
  Flow cover: 49
  Inf proof: 1
  Zero half: 24
  RLT: 2
  Relax-and-lift: 5
  BQP: 4

Explored 1 nodes (20748 simplex iterations) in 5.23 seconds (2.71 work units)
Thread count was 12 (of 12 available processors)

Solution count 2: 5792 18900 

Optimal solution found (tolerance 1.00e-02)
Best objective 5.792000000000e+03, best bound 5.750000000000e+03, gap 0.7251%
