
Gurobi 12.0.0 (win64) logging started Tue Feb 17 01:08:52 2026

Set parameter LogFile to value "Storage_orig/Logs/log______Sens_gamma_1000_2026_02_17_01_08_52.log"
Set parameter MIPGap to value 0.01
Set parameter OutputFlag to value 1
Set parameter TimeLimit to value 600
Gurobi Optimizer version 12.0.0 build v12.0.0rc1 (win64 - Windows 11+.0 (26200.2))

CPU model: Intel(R) Core(TM) i7-9750H CPU @ 2.60GHz, instruction set [SSE2|AVX|AVX2]
Thread count: 6 physical cores, 12 logical processors, using up to 12 threads

Non-default parameters:
TimeLimit  600
MIPGap  0.01
MIPFocus  1

Optimize a model with 4170 rows, 840 columns and 11004 nonzeros
Model fingerprint: 0x51002dd2
Variable types: 18 continuous, 822 integer (570 binary)
Coefficient statistics:
  Matrix range     [2e-01, 1e+03]
  Objective range  [1e+01, 3e+03]
  Bounds range     [1e+00, 1e+00]
  RHS range        [1e+00, 1e+03]

User MIP start produced solution with objective 10342 (0.01s)
Loaded user MIP start with objective 10342

Presolve removed 2940 rows and 192 columns
Presolve time: 0.02s
Presolved: 1230 rows, 648 columns, 6453 nonzeros
Variable types: 18 continuous, 630 integer (450 binary)

Root relaxation: objective 7.795500e+03, 410 iterations, 0.01 seconds (0.01 work units)

    Nodes    |    Current Node    |     Objective Bounds      |     Work
 Expl Unexpl |  Obj  Depth IntInf | Incumbent    BestBd   Gap | It/Node Time

     0     0 7795.50003    0   29 10342.0000 7795.50003  24.6%     -    0s
     0     0 7832.87238    0   53 10342.0000 7832.87238  24.3%     -    0s
     0     0 7970.88841    0   56 10342.0000 7970.88841  22.9%     -    0s
     0     0 7977.40744    0   52 10342.0000 7977.40744  22.9%     -    0s
     0     0 7977.40744    0   54 10342.0000 7977.40744  22.9%     -    0s
     0     0 8869.58041    0  116 10342.0000 8869.58041  14.2%     -    0s
     0     0 9065.09472    0  144 10342.0000 9065.09472  12.3%     -    0s
     0     0 9119.51764    0  131 10342.0000 9119.51764  11.8%     -    0s
     0     0 9220.26129    0  136 10342.0000 9220.26129  10.8%     -    0s
     0     0 9238.86066    0  128 10342.0000 9238.86066  10.7%     -    0s
     0     0 9253.36186    0  131 10342.0000 9253.36186  10.5%     -    0s
     0     0 9285.39955    0  121 10342.0000 9285.39955  10.2%     -    0s
     0     0 9285.39955    0  138 10342.0000 9285.39955  10.2%     -    0s
     0     0 9574.66361    0  166 10342.0000 9574.66361  7.42%     -    0s
     0     0 9574.66361    0  166 10342.0000 9574.66361  7.42%     -    0s
     0     0 9761.08814    0  154 10342.0000 9761.08814  5.62%     -    0s
     0     0 9877.63910    0  134 10342.0000 9877.63910  4.49%     -    0s
     0     0 9890.97482    0  161 10342.0000 9890.97482  4.36%     -    0s
     0     0 9915.51312    0  187 10342.0000 9915.51312  4.12%     -    0s
     0     0 9923.26172    0  177 10342.0000 9923.26172  4.05%     -    0s
     0     0 9980.89509    0  184 10342.0000 9980.89509  3.49%     -    0s
     0     0 9998.08777    0  173 10342.0000 9998.08777  3.33%     -    0s
     0     0 10004.0122    0  169 10342.0000 10004.0122  3.27%     -    0s
     0     0 10005.3562    0  180 10342.0000 10005.3562  3.26%     -    0s
     0     0 10005.5502    0  187 10342.0000 10005.5502  3.25%     -    0s
     0     0 10006.5850    0  178 10342.0000 10006.5850  3.24%     -    0s
     0     0 10007.2671    0  169 10342.0000 10007.2671  3.24%     -    0s
     0     0 10008.3836    0  174 10342.0000 10008.3836  3.23%     -    0s
     0     0 10008.8075    0  178 10342.0000 10008.8075  3.22%     -    0s
     0     0 10009.4916    0  178 10342.0000 10009.4916  3.22%     -    0s
     0     0 10009.5651    0  185 10342.0000 10009.5651  3.21%     -    0s
     0     0 10041.1769    0  224 10342.0000 10041.1769  2.91%     -    0s
     0     0 10050.0969    0  204 10342.0000 10050.0969  2.82%     -    0s
     0     0 10053.6828    0  226 10342.0000 10053.6828  2.79%     -    0s
     0     0 10057.3468    0  262 10342.0000 10057.3468  2.75%     -    0s
     0     0 10057.3468    0  262 10342.0000 10057.3468  2.75%     -    0s
     0     0 10092.6413    0  225 10342.0000 10092.6413  2.41%     -    0s
     0     0 10092.6413    0  225 10342.0000 10092.6413  2.41%     -    0s
     0     0 10102.0408    0  254 10342.0000 10102.0408  2.32%     -    0s
     0     0 10102.9094    0  253 10342.0000 10102.9094  2.31%     -    0s
     0     0 10103.8091    0  264 10342.0000 10103.8091  2.30%     -    0s
     0     0 10105.0860    0  242 10342.0000 10105.0860  2.29%     -    0s
     0     0 10106.0404    0  254 10342.0000 10106.0404  2.28%     -    0s
     0     0 10106.0404    0  264 10342.0000 10106.0404  2.28%     -    0s
     0     0 10206.6890    0  234 10342.0000 10206.6890  1.31%     -    0s
     0     0 10206.6890    0   27 10342.0000 10206.6890  1.31%     -    1s
     0     0 10206.6890    0   54 10342.0000 10206.6890  1.31%     -    1s
     0     0 10206.6890    0  108 10342.0000 10206.6890  1.31%     -    1s
     0     0 10206.6890    0  101 10342.0000 10206.6890  1.31%     -    1s
     0     0 10206.6890    0  116 10342.0000 10206.6890  1.31%     -    1s
     0     0 10206.6890    0  112 10342.0000 10206.6890  1.31%     -    1s
     0     0 10206.6890    0  129 10342.0000 10206.6890  1.31%     -    1s
     0     0 10206.6890    0  108 10342.0000 10206.6890  1.31%     -    1s
     0     0 10206.6890    0  113 10342.0000 10206.6890  1.31%     -    1s
     0     0 10206.6890    0  111 10342.0000 10206.6890  1.31%     -    1s
     0     0 10206.6890    0  106 10342.0000 10206.6890  1.31%     -    1s
     0     0 10206.6890    0  122 10342.0000 10206.6890  1.31%     -    1s
     0     0 10222.1240    0  104 10342.0000 10222.1240  1.16%     -    1s
     0     0 10222.1240    0   96 10342.0000 10222.1240  1.16%     -    1s
     0     0 10222.3514    0  149 10342.0000 10222.3514  1.16%     -    1s
     0     0 10222.4363    0  176 10342.0000 10222.4363  1.16%     -    1s
     0     0 10222.4363    0  170 10342.0000 10222.4363  1.16%     -    1s
     0     0 10222.4987    0  187 10342.0000 10222.4987  1.16%     -    1s
     0     0 10222.7744    0  175 10342.0000 10222.7744  1.15%     -    1s
     0     0 10235.0000    0  164 10342.0000 10235.0000  1.03%     -    1s
     0     0 10235.0000    0  154 10342.0000 10235.0000  1.03%     -    1s
     0     0 10235.0000    0  185 10342.0000 10235.0000  1.03%     -    1s
     0     0 10235.0000    0  163 10342.0000 10235.0000  1.03%     -    1s
     0     0 10235.0000    0  102 10342.0000 10235.0000  1.03%     -    1s
     0     0 10235.0000    0   29 10342.0000 10235.0000  1.03%     -    1s
     0     0 10235.0000    0   87 10342.0000 10235.0000  1.03%     -    1s
     0     0 10235.0000    0  167 10342.0000 10235.0000  1.03%     -    2s
     0     0 10235.0000    0  110 10342.0000 10235.0000  1.03%     -    2s
     0     0 10235.0000    0  118 10342.0000 10235.0000  1.03%     -    2s
     0     0 10235.0000    0   96 10342.0000 10235.0000  1.03%     -    2s
     0     0 10235.0000    0   98 10342.0000 10235.0000  1.03%     -    2s
     0     0 10235.0000    0  104 10342.0000 10235.0000  1.03%     -    2s
     0     0 10235.0000    0  101 10342.0000 10235.0000  1.03%     -    2s
     0     0 10235.0000    0  185 10342.0000 10235.0000  1.03%     -    2s
     0     0 10235.0000    0  181 10342.0000 10235.0000  1.03%     -    2s
     0     0 10235.0000    0  186 10342.0000 10235.0000  1.03%     -    2s
     0     0 10235.0000    0  178 10342.0000 10235.0000  1.03%     -    2s
     0     0 10235.0000    0   74 10342.0000 10235.0000  1.03%     -    2s
     0     0 10235.0000    0  129 10342.0000 10235.0000  1.03%     -    2s
     0     0 10235.0000    0  145 10342.0000 10235.0000  1.03%     -    2s
     0     2 10235.0000    0   70 10342.0000 10235.0000  1.03%     -    2s

Cutting planes:
  Gomory: 4
  Cover: 82
  Implied bound: 10
  Clique: 91
  MIR: 107
  StrongCG: 10
  Flow cover: 43
  Zero half: 4
  RLT: 4
  Relax-and-lift: 11
  BQP: 1

Explored 178 nodes (34400 simplex iterations) in 2.98 seconds (1.58 work units)
Thread count was 12 (of 12 available processors)

Solution count 1: 10342 

Optimal solution found (tolerance 1.00e-02)
Best objective 1.034200000000e+04, best bound 1.026200000000e+04, gap 0.7735%
