
Gurobi 12.0.0 (win64) logging started Wed Feb 18 23:08:45 2026

Set parameter LogFile to value "Storage_orig/Logs/log______Sens_handling_time_1_2026_02_18_23_08_45.log"
Set parameter MIPGap to value 0.01
Set parameter OutputFlag to value 1
Gurobi Optimizer version 12.0.0 build v12.0.0rc1 (win64 - Windows 11+.0 (26200.2))

CPU model: Intel(R) Core(TM) i7-9750H CPU @ 2.60GHz, instruction set [SSE2|AVX|AVX2]
Thread count: 6 physical cores, 12 logical processors, using up to 12 threads

Non-default parameters:
MIPGap  0.01
MIPFocus  2

Optimize a model with 4170 rows, 840 columns and 11004 nonzeros
Model fingerprint: 0x8fa848d3
Variable types: 18 continuous, 822 integer (570 binary)
Coefficient statistics:
  Matrix range     [1e+00, 1e+03]
  Objective range  [1e+01, 2e+03]
  Bounds range     [1e+00, 1e+00]
  RHS range        [1e+00, 1e+03]

User MIP start did not produce a new incumbent solution
User MIP start violates constraint Time_LB_1_4_1 by 4.000000000

Found heuristic solution: objective 18900.000000
Presolve removed 2940 rows and 192 columns
Presolve time: 0.01s
Presolved: 1230 rows, 648 columns, 6453 nonzeros
Variable types: 18 continuous, 630 integer (450 binary)
Root relaxation presolve removed 3 rows and 0 columns
Root relaxation presolved: 1227 rows, 648 columns, 6423 nonzeros


Root relaxation: objective 5.467500e+03, 475 iterations, 0.01 seconds (0.02 work units)

    Nodes    |    Current Node    |     Objective Bounds      |     Work
 Expl Unexpl |  Obj  Depth IntInf | Incumbent    BestBd   Gap | It/Node Time

     0     0 5467.50003    0   35 18900.0000 5467.50003  71.1%     -    0s
H    0     0                    16526.000000 5467.50003  66.9%     -    0s
H    0     0                    13386.000000 5467.50003  59.2%     -    0s
H    0     0                    12706.000000 5467.50003  57.0%     -    0s
H    0     0                    12366.000000 5467.50003  55.8%     -    0s
     0     0 5468.00013    0  104 12366.0000 5468.00013  55.8%     -    0s
     0     0 5468.14286    0   70 12366.0000 5468.14286  55.8%     -    0s
     0     0 5500.51277    0  150 12366.0000 5500.51277  55.5%     -    0s
H    0     0                    10891.000000 5520.40851  49.3%     -    0s
H    0     0                    10491.000000 5520.40851  47.4%     -    0s
H    0     0                    10091.000000 5520.40851  45.3%     -    0s
H    0     0                    10011.000000 5520.40851  44.9%     -    0s
H    0     0                    9871.0000000 5520.40851  44.1%     -    0s
     0     0 5520.40851    0  147 9871.00000 5520.40851  44.1%     -    0s
     0     0 5525.54112    0  166 9871.00000 5525.54112  44.0%     -    0s
     0     0 5526.71145    0  170 9871.00000 5526.71145  44.0%     -    0s
     0     0 5526.98256    0  176 9871.00000 5526.98256  44.0%     -    0s
     0     0 5527.00778    0  178 9871.00000 5527.00778  44.0%     -    0s
     0     0 5527.12408    0  172 9871.00000 5527.12408  44.0%     -    0s
H    0     0                    9631.0000000 5527.20391  42.6%     -    0s
     0     0 5527.20391    0  178 9631.00000 5527.20391  42.6%     -    0s
     0     0 5527.22461    0  178 9631.00000 5527.22461  42.6%     -    0s
     0     0 5527.23812    0  182 9631.00000 5527.23812  42.6%     -    0s
     0     0 5527.23812    0  184 9631.00000 5527.23812  42.6%     -    0s
H    0     0                    9355.0000000 5527.23812  40.9%     -    0s
H    0     0                    9175.0000000 5527.23812  39.8%     -    0s
H    0     0                    8995.0000000 5527.23812  38.6%     -    0s
H    0     0                    8399.0000000 5650.80889  32.7%     -    0s
H    0     0                    8259.0000000 5650.80889  31.6%     -    0s
     0     0 5650.80889    0  252 8259.00000 5650.80889  31.6%     -    0s
     0     0 5674.22904    0  226 8259.00000 5674.22904  31.3%     -    0s
     0     0 5674.84375    0  199 8259.00000 5674.84375  31.3%     -    0s
     0     0 5677.03214    0  226 8259.00000 5677.03214  31.3%     -    0s
     0     0 5677.03214    0  200 8259.00000 5677.03214  31.3%     -    0s
H    0     0                    7890.0000000 5677.03214  28.0%     -    1s
H    0     0                    7830.0000000 5677.03214  27.5%     -    1s
H    0     0                    7770.0000000 5677.03214  26.9%     -    1s
H    0     0                    7630.0000000 5677.03214  25.6%     -    1s
     0     0 5682.40732    0  197 7630.00000 5682.40732  25.5%     -    1s
     0     0 5682.40732    0  224 7630.00000 5682.40732  25.5%     -    1s
     0     0 5688.50296    0  266 7630.00000 5688.50296  25.4%     -    1s
     0     0 5690.74026    0  293 7630.00000 5690.74026  25.4%     -    1s
     0     0 5690.80723    0  311 7630.00000 5690.80723  25.4%     -    1s
     0     0 5691.70352    0  375 7630.00000 5691.70352  25.4%     -    1s
H    0     0                    7490.0000000 5692.48844  24.0%     -    1s
     0     0 5692.48844    0  345 7490.00000 5692.48844  24.0%     -    1s
H    0     0                    7430.0000000 5692.48844  23.4%     -    2s
H    0     0                    7350.0000000 5692.48844  22.6%     -    2s
H    0     0                    7270.0000000 5692.48844  21.7%     -    2s
     0     0 5692.72973    0  336 7270.00000 5692.72973  21.7%     -    2s
     0     0 5694.00000    0  331 7270.00000 5694.00000  21.7%     -    2s
     0     0 5694.00000    0  346 7270.00000 5694.00000  21.7%     -    2s
H    0     0                    7130.0000000 5694.00000  20.1%     -    2s
     0     0 5694.40505    0  354 7130.00000 5694.40505  20.1%     -    2s
     0     0 5694.40505    0  265 7130.00000 5694.40505  20.1%     -    2s
H    0     0                    7050.0000000 5694.40505  19.2%     -    2s
     0     2 5694.40505    0  226 7050.00000 5694.40505  19.2%     -    2s
H   31    40                    6951.0000000 5697.90347  18.0%   333    3s
H  137   147                    6811.0000000 5697.90347  16.3%   172    3s
H  208   203                    6671.0000000 5704.40000  14.5%   149    3s
   493   471 5730.70362    9  165 6671.00000 5705.00000  14.5%   114    5s
H  927   776                    6611.0000000 5706.69444  13.7%   109    6s
H 1359  1106                    6471.0000000 5711.23930  11.7%  99.5    6s
H 1520  1125                    6411.0000000 5712.60368  10.9%  97.2    8s
  1532  1133 5749.71416   18  314 6411.00000 5712.60368  10.9%  96.4   10s
  1937  1400 6163.90601   36  159 6411.00000 5712.60368  10.9%   127   15s
  3771  2080 6345.31049   63  142 6411.00000 5718.11781  10.8%   135   20s
  5692  2981 6229.18252   45  116 6411.00000 5726.88295  10.7%   137   25s
  7460  3945 5856.64485   37  109 6411.00000 5730.58998  10.6%   140   30s
  9883  5488 infeasible   46      6411.00000 5736.37085  10.5%   136   35s
 12857  7026 6015.48968   38  204 6411.00000 5742.33744  10.4%   135   40s
 14852  8043 6268.11246   48   79 6411.00000 5746.09511  10.4%   139   45s
 17182  9540 5880.64080   32  246 6411.00000 5750.46674  10.3%   137   50s
 19352 10785 5839.30068   26  325 6411.00000 5753.83075  10.3%   138   55s
 22868 12739 6226.05064   40  163 6411.00000 5760.57852  10.1%   138   61s
 23844 13077 5824.08488   32  173 6411.00000 5763.59423  10.1%   138   65s
 26367 14982 6021.78854   41  143 6411.00000 5770.61426  10.0%   139   71s
 28690 16147 5930.08655   32  161 6411.00000 5776.90992  9.89%   138   75s
 32100 18051 5969.87937   35  140 6411.00000 5789.78162  9.69%   139   81s
 34582 19371 5919.91311   30  176 6411.00000 5795.91962  9.59%   140   86s
 37094 20706 6035.54955   35  132 6411.00000 5800.17588  9.53%   140   91s
 39418 21969 infeasible   44      6411.00000 5802.16656  9.50%   140   95s
 41850 23215 5883.45880   34  153 6411.00000 5804.65262  9.46%   141  100s
 44238 24468 5930.65814   28  116 6411.00000 5807.09432  9.42%   140  105s
 47730 26208 5923.49743   36  227 6411.00000 5810.87411  9.36%   142  112s
 49012 26895 5910.87518   33  221 6411.00000 5811.68815  9.35%   142  115s
 51453 28150 5939.77461   38  258 6411.00000 5813.29143  9.32%   142  120s
 53864 29472 6023.71616   30  114 6411.00000 5815.65061  9.29%   142  125s
 56302 30751 5916.81110   48  195 6411.00000 5816.75943  9.27%   142  130s
 58850 32101 6026.87692   47  179 6411.00000 5817.89718  9.25%   142  135s
 61242 33420 5927.97059   34  170 6411.00000 5819.03043  9.23%   142  140s
 63571 34656     cutoff   42      6411.00000 5820.19292  9.22%   142  146s
 66186 35999     cutoff   60      6411.00000 5821.14595  9.20%   142  151s
 68792 37255 6272.43270   45  127 6411.00000 5822.00000  9.19%   141  155s
 71098 38555 6032.49778   38  110 6411.00000 5823.49114  9.16%   141  161s
 73513 39717 infeasible   50      6411.00000 5824.31618  9.15%   141  166s
 75970 41033 infeasible   40      6411.00000 5825.31744  9.14%   141  171s
 78662 42361 6288.40906   54  140 6411.00000 5826.38462  9.12%   141  176s
 81040 43557 6051.82407   50  257 6411.00000 5827.28260  9.10%   140  181s
 83471 44806 infeasible   52      6411.00000 5827.94799  9.09%   140  187s
 85872 46159 5965.50350   32  115 6411.00000 5829.00000  9.08%   140  192s
 87128 46769 6260.01379   50  219 6411.00000 5829.00000  9.08%   140  195s
 89436 47959 6117.79670   36  135 6411.00000 5829.80321  9.07%   140  200s
 91907 49214     cutoff   66      6411.00000 5830.42626  9.06%   140  205s
 94405 50618 5935.53396   27  227 6411.00000 5831.20000  9.04%   140  210s
 96830 51832 5835.33011   36  117 6411.00000 5831.77605  9.03%   140  215s
 99312 52907 6067.02891   30  214 6411.00000 5832.53831  9.02%   139  220s
 101415 53961 5865.21966   31  296 6411.00000 5832.93203  9.02%   139  226s
 103905 55020 6119.09896   33  145 6411.00000 5833.55314  9.01%   139  231s
 106172 56442     cutoff   50      6411.00000 5834.11628  9.00%   139  236s
 108605 57600 6058.45692   40  162 6411.00000 5834.69873  8.99%   139  241s
 110948 58950 6151.10219   44  131 6411.00000 5835.08980  8.98%   140  247s
 113719 60227 6036.51811   33  184 6411.00000 5835.73333  8.97%   139  252s
 116417 61568 5949.28083   49  218 6411.00000 5836.56088  8.96%   139  257s
 117430 62188 6059.01612   41  235 6411.00000 5836.79805  8.96%   139  260s
 119701 63349 5917.59756   32  230 6411.00000 5837.31250  8.95%   139  265s
 122135 64794 6035.07607   42  193 6411.00000 5837.97065  8.94%   139  270s
 124634 66031 infeasible   35      6411.00000 5838.57313  8.93%   139  275s
 127027 67266 6049.47737   41  176 6411.00000 5838.99797  8.92%   139  281s
 129575 68383 6288.30516   52  121 6411.00000 5839.54611  8.91%   138  286s
 131705 69640 6036.99769   35  136 6411.00000 5839.84512  8.91%   138  291s
 134202 70954 5934.06996   30  194 6411.00000 5840.46948  8.90%   138  297s
 136751 72389     cutoff   46      6411.00000 5841.15043  8.89%   138  302s
 138017 73002 infeasible   38      6411.00000 5841.46181  8.88%   138  305s
 140555 74211 infeasible   57      6411.00000 5841.92872  8.88%   138  310s
 142677 75376 6323.41777   43  126 6411.00000 5842.31829  8.87%   138  316s
 145353 76663 6236.48608   59  177 6411.00000 5842.93118  8.86%   138  321s
 147889 77699 6098.38581   47  199 6411.00000 5843.24524  8.86%   138  326s
 150067 78677 6066.58881   45  158 6411.00000 5843.69845  8.85%   138  332s
 152300 79777 6008.00000   31  132 6411.00000 5844.06870  8.84%   138  337s
 153453 80429 5940.00784   33  138 6411.00000 5844.23389  8.84%   138  340s
 155899 81756 6118.33529   60   94 6411.00000 5844.87037  8.83%   137  345s
 158323 82876 6118.13137   46  253 6411.00000 5845.22466  8.83%   137  350s
 160389 83973 6014.20175   31  188 6411.00000 5845.68022  8.82%   138  356s
 163019 85274 6115.46787   39  146 6411.00000 5846.20476  8.81%   137  361s
 165565 86514 6007.89655   39  205 6411.00000 5846.78094  8.80%   137  366s
 167825 87838 6131.58264   48  168 6411.00000 5847.29469  8.79%   137  372s
 170366 89118 6043.99123   35  146 6411.00000 5847.79143  8.79%   137  377s
 172656 90379 5985.17134   47  205 6411.00000 5848.20826  8.78%   137  382s
 173870 90942 6155.08911   41   77 6411.00000 5848.46270  8.77%   137  385s
 175996 92095 6017.19307   31  175 6411.00000 5848.93828  8.77%   137  391s
 178537 93439 6125.08716   49  171 6411.00000 5849.34857  8.76%   137  396s
 180174 94202 5936.99491   40  150 6411.00000 5849.67684  8.76%   137  403s
 181530 94958 6006.62500   30  180 6411.00000 5849.84381  8.75%   136  405s
 184166 96047 infeasible   55      6411.00000 5850.31823  8.75%   136  411s
 186725 97213 6042.76582   46  201 6411.00000 5850.84335  8.74%   136  416s
 189045 98216     cutoff   59      6411.00000 5851.05843  8.73%   136  422s
 191410 99317 6220.62630   38  195 6411.00000 5851.47244  8.73%   136  427s
 193699 100381 5981.49608   44  119 6411.00000 5851.95328  8.72%   136  432s
 194715 101061 6297.94965   50   80 6411.00000 5852.10813  8.72%   136  435s
 197344 102301 6023.73311   39  310 6411.00000 5852.88657  8.71%   136  440s
 199765 103636 6166.87691   41  174 6411.00000 5853.49794  8.70%   136  446s
 201104 103654 5963.58732   51  162 6411.00000 5853.79686  8.69%   136  450s
 201176 109325 5963.58732   52  162 6411.00000 5853.79686  8.69%   136  480s
 214633 110732 5866.51607   38  258 6411.00000 5856.03375  8.66%   135  487s
 216187 111286 6299.00000   72   82 6411.00000 5856.06740  8.66%   135  490s
 219066 112667     cutoff   59      6411.00000 5857.16352  8.64%   135  496s
 221527 113992 6328.60944   49  102 6411.00000 5857.69605  8.63%   134  502s
 224115 115098 5934.16638   32  165 6411.00000 5858.27213  8.62%   134  507s
 225066 115618 6036.37221   33  172 6411.00000 5858.44254  8.62%   134  510s
 227515 116716 6327.65504   45  198 6411.00000 5858.83146  8.61%   134  515s
 229926 117876 6326.16681   41  104 6411.00000 5859.41522  8.60%   134  521s
 232473 119224 5981.09652   47   61 6411.00000 5859.88590  8.60%   134  526s
 234899 120544 infeasible   55      6411.00000 5860.39389  8.59%   134  532s
 236187 121189 6120.50000   38  155 6411.00000 5860.83255  8.58%   134  535s
 238519 122366 6319.08573   68  139 6411.00000 5861.39163  8.57%   134  540s
 241251 123679 6230.87522   52   98 6411.00000 5861.99979  8.56%   134  546s
 243657 124769 6346.65630   46  142 6411.00000 5862.53691  8.56%   133  552s
 244959 125388 6151.64880   50  112 6411.00000 5862.68662  8.55%   133  555s
 247374 126609 6165.99554   50  162 6411.00000 5863.24002  8.54%   133  561s
 249841 127789 6395.67049   44  132 6411.00000 5863.96124  8.53%   133  567s
 251179 127973 6083.63678   33  194 6411.00000 5864.16394  8.53%   133  570s
 252595 129061 6013.50537   44  187 6411.00000 5864.44516  8.53%   133  576s
 255042 130284 infeasible   42      6411.00000 5865.32603  8.51%   133  582s
 257745 131554 6057.79267   45   66 6411.00000 5865.99100  8.50%   133  587s
 258858 132118 5950.81716   38   60 6411.00000 5866.23181  8.50%   133  590s
 261196 133255 6278.88821   50  128 6411.00000 5866.90109  8.49%   133  595s
 263667 134456 6131.54677   28  219 6411.00000 5867.38452  8.48%   133  601s
 266125 135647 5931.53333   35  111 6411.00000 5867.94648  8.47%   133  607s
 267316 136269 6168.46494   43  163 6411.00000 5868.32729  8.46%   133  610s
 269889 137331     cutoff   41      6411.00000 5868.82494  8.46%   133  616s
 272292 138495 infeasible   48      6411.00000 5869.35909  8.45%   132  622s
 274606 139511     cutoff   43      6411.00000 5869.98594  8.44%   132  627s
 275859 140127     cutoff   43      6411.00000 5870.23024  8.44%   132  630s
 278177 141281 infeasible   64      6411.00000 5870.68935  8.43%   132  636s
 280733 142561 6135.86166   46   88 6411.00000 5871.07692  8.42%   132  641s
 283181 143677 6075.13958   30  254 6411.00000 5871.66044  8.41%   132  647s
 284455 144301 6306.70993   43  153 6411.00000 5872.07643  8.41%   132  650s
 286896 145402 infeasible   33      6411.00000 5872.41364  8.40%   132  656s
 289249 146484 6049.01290   40  141 6411.00000 5873.01120  8.39%   132  662s
 290492 147149 6117.42705   35  205 6411.00000 5873.24593  8.39%   132  665s
 293154 148423 infeasible   36      6411.00000 5873.77159  8.38%   132  671s
 295679 149521 6044.03260   42  141 6411.00000 5874.27545  8.37%   132  676s
 298156 150625 5981.99006   45  227 6411.00000 5874.68729  8.37%   131  681s
 300364 151732 5989.28297   56   61 6411.00000 5875.19893  8.36%   131  687s
 301481 152284     cutoff   70      6411.00000 5875.50223  8.35%   131  690s
 304112 153687 6063.10579   64  133 6411.00000 5875.92591  8.35%   131  695s
 306707 154965 5965.04251   32  234 6411.00000 5876.47841  8.34%   131  701s
 309031 155941 5954.45357   53  241 6411.00000 5876.87500  8.33%   131  706s
 311164 156881 5976.38691   42  209 6411.00000 5877.25487  8.33%   131  712s
 312235 157623 6162.78144   45  164 6411.00000 5877.55624  8.32%   131  715s
 314947 158775 6011.03646   34  195 6411.00000 5878.07503  8.31%   131  721s
*315501 134869              78    6260.0000000 5878.10046  6.10%   131  721s
 317287 135630 6119.09446   45   98 6260.00000 5878.28367  6.10%   131  727s
 318387 136114     cutoff   46      6260.00000 5878.60209  6.09%   131  730s
 320900 136985 6072.57606   53  164 6260.00000 5879.07493  6.09%   131  735s
H321143 65011                    6060.0000000 5879.07493  2.99%   131  736s
 323421 65213 infeasible   51      6060.00000 5879.73695  2.97%   131  741s
 325939 65727 5942.62123   32  242 6060.00000 5880.51909  2.96%   131  747s
 327072 65887 infeasible   46      6060.00000 5880.84977  2.96%   131  750s
H327073 46147                    6021.0000000 5880.84977  2.33%   131  750s
H327167 37894                    6000.0000000 5880.84977  1.99%   131  750s
 329476 37931 5911.52030   38  253 6000.00000 5881.88252  1.97%   131  756s
 330588 37907 5977.66556   30  169 6000.00000 5882.50591  1.96%   131  760s
 333147 37948 5964.63648   40  228 6000.00000 5884.39774  1.93%   130  766s
 334381 38067     cutoff   43      6000.00000 5885.05774  1.92%   130  770s
 336965 38081 infeasible   44      6000.00000 5886.64401  1.89%   130  777s
 338091 38046     cutoff   48      6000.00000 5887.70486  1.87%   130  780s
 340571 38036     cutoff   54      6000.00000 5889.66357  1.84%   130  787s
 341739 38009 5897.52987   34  343 6000.00000 5890.52964  1.82%   130  791s
 341982 38046 5907.16945   37  357 6000.00000 5890.73214  1.82%   130  795s
 344641 38036 5978.25391   32  127 6000.00000 5892.48444  1.79%   130  802s
 345962 38103 5942.07563   29  281 6000.00000 5893.22890  1.78%   130  806s
 348296 38086     cutoff   59      6000.00000 5894.75697  1.75%   130  812s
 349568 38120 5938.42605   59  129 6000.00000 5895.53239  1.74%   130  816s
 351940 38136 5900.78263   49  272 6000.00000 5897.03946  1.72%   130  822s
 353278 38161 infeasible   33      6000.00000 5897.42243  1.71%   130  826s
 354516 38175 5902.92877   28  211 6000.00000 5898.07418  1.70%   130  830s
 357107 38181     cutoff   32      6000.00000 5899.23158  1.68%   130  837s
 358393 38142     cutoff   36      6000.00000 5899.88911  1.67%   130  840s
 360839 38136 5909.75314   51  274 6000.00000 5901.21297  1.65%   130  847s
 362144 38159     cutoff   32      6000.00000 5901.84699  1.64%   130  851s
 364595 38110 5942.91162   36  244 6000.00000 5903.02278  1.62%   130  858s
 365739 38050 5937.68932   29  200 6000.00000 5903.68604  1.61%   130  862s
 366947 37983 5921.86219   51  166 6000.00000 5904.28102  1.60%   130  865s
 369358 37898     cutoff   34      6000.00000 5905.27203  1.58%   130  873s
 370558 37847 infeasible   35      6000.00000 5905.99171  1.57%   130  877s
 371791 37789 infeasible   33      6000.00000 5906.46501  1.56%   130  881s
 373908 37724 5979.94545   25  148 6000.00000 5907.14858  1.55%   130  888s
 375099 37686 5934.33333   33   98 6000.00000 5907.57574  1.54%   130  892s
 376323 37605     cutoff   37      6000.00000 5907.96481  1.53%   130  896s
 377427 37544 5925.16213   32  199 6000.00000 5908.48963  1.53%   130  900s
 379786 37326 5995.65786   34  164 6000.00000 5909.49386  1.51%   130  908s
 380995 37225     cutoff   30      6000.00000 5910.04735  1.50%   130  912s
 382314 37106     cutoff   37      6000.00000 5910.45316  1.49%   130  916s
 383477 37001 5980.28619   39  142 6000.00000 5911.04293  1.48%   130  920s
 384714 36919 5977.79372   31  194 6000.00000 5911.59601  1.47%   130  925s
 387037 36751 5960.92972   35  264 6000.00000 5912.69889  1.46%   130  933s
 388345 36636     cutoff   44      6000.00000 5913.24377  1.45%   130  937s
 389548 36521 5925.97668   48  169 6000.00000 5913.86131  1.44%   130  941s
 390865 36444     cutoff   42      6000.00000 5914.42906  1.43%   130  945s
 393387 36218 5942.63414   29  251 6000.00000 5915.74566  1.40%   130  953s
 394616 36128     cutoff   41      6000.00000 5916.32987  1.39%   130  957s
 395859 36055 5947.98102   46  165 6000.00000 5916.87556  1.39%   130  961s
 397126 35958 5983.06579   45  113 6000.00000 5917.37151  1.38%   130  965s
 399509 35764 5954.43046   43  178 6000.00000 5918.51680  1.36%   130  973s
 400894 35655     cutoff   31      6000.00000 5919.05792  1.35%   130  977s
 402159 35977 5958.99632   39  300 6000.00000 5919.78053  1.34%   130  982s
 404140 36304 5921.98214   54  186 6000.00000 5920.00000  1.33%   129  985s
*404458   961              45    5920.0000000 5920.00000  0.00%   129  986s

Cutting planes:
  Learned: 222
  Gomory: 17
  Lift-and-project: 2
  Cover: 3229
  Implied bound: 142
  MIR: 510
  StrongCG: 64
  Flow cover: 645
  Inf proof: 38
  Zero half: 38
  Network: 4
  RLT: 11
  Relax-and-lift: 51

Explored 405559 nodes (52409240 simplex iterations) in 986.17 seconds (578.96 work units)
Thread count was 12 (of 12 available processors)

Solution count 10: 5920 5920 6000 ... 6671

Optimal solution found (tolerance 1.00e-02)
Best objective 5.920000000000e+03, best bound 5.920000000000e+03, gap 0.0000%
