
Gurobi 12.0.0 (win64) logging started Tue Feb 17 01:24:19 2026

Set parameter LogFile to value "Storage_orig/Logs/log______Sens_truck_cost_multiplier_1.5_2026_02_17_01_24_19.log"
Set parameter MIPGap to value 0.01
Set parameter OutputFlag to value 1
Set parameter TimeLimit to value 600
Gurobi Optimizer version 12.0.0 build v12.0.0rc1 (win64 - Windows 11+.0 (26200.2))

CPU model: Intel(R) Core(TM) i7-9750H CPU @ 2.60GHz, instruction set [SSE2|AVX|AVX2]
Thread count: 6 physical cores, 12 logical processors, using up to 12 threads

Non-default parameters:
TimeLimit  600
MIPGap  0.01
MIPFocus  1

Optimize a model with 4170 rows, 840 columns and 11004 nonzeros
Model fingerprint: 0x6e6072d6
Variable types: 18 continuous, 822 integer (570 binary)
Coefficient statistics:
  Matrix range     [2e-01, 1e+03]
  Objective range  [1e+01, 2e+03]
  Bounds range     [1e+00, 1e+00]
  RHS range        [1e+00, 1e+03]

User MIP start produced solution with objective 6452 (0.01s)
Loaded user MIP start with objective 6452

Presolve removed 2940 rows and 192 columns
Presolve time: 0.01s
Presolved: 1230 rows, 648 columns, 6453 nonzeros
Variable types: 18 continuous, 630 integer (450 binary)

Root relaxation: objective 6.067500e+03, 407 iterations, 0.01 seconds (0.01 work units)

    Nodes    |    Current Node    |     Objective Bounds      |     Work
 Expl Unexpl |  Obj  Depth IntInf | Incumbent    BestBd   Gap | It/Node Time

     0     0 6067.50003    0   31 6452.00000 6067.50003  5.96%     -    0s
     0     0 6068.00013    0   73 6452.00000 6068.00013  5.95%     -    0s
     0     0 6068.14286    0   73 6452.00000 6068.14286  5.95%     -    0s
     0     0 6074.82262    0   51 6452.00000 6074.82262  5.85%     -    0s
     0     0 6074.82262    0   56 6452.00000 6074.82262  5.85%     -    0s
     0     0 6130.79902    0   88 6452.00000 6130.79902  4.98%     -    0s
     0     0 6161.35895    0  101 6452.00000 6161.35895  4.50%     -    0s
     0     0 6162.23450    0  110 6452.00000 6162.23450  4.49%     -    0s
     0     0 6163.41679    0  120 6452.00000 6163.41679  4.47%     -    0s
     0     0 6163.55303    0  125 6452.00000 6163.55303  4.47%     -    0s
     0     0 6163.55303    0  130 6452.00000 6163.55303  4.47%     -    0s
     0     0 6216.10432    0  195 6452.00000 6216.10432  3.66%     -    0s
     0     0 6230.55948    0  194 6452.00000 6230.55948  3.43%     -    0s
     0     0 6235.34877    0  192 6452.00000 6235.34877  3.36%     -    0s
     0     0 6237.69822    0  193 6452.00000 6237.69822  3.32%     -    0s
     0     0 6239.16422    0  224 6452.00000 6239.16422  3.30%     -    0s
     0     0 6239.85054    0  250 6452.00000 6239.85054  3.29%     -    0s
     0     0 6239.98907    0  244 6452.00000 6239.98907  3.29%     -    0s
     0     0 6240.46442    0  268 6452.00000 6240.46442  3.28%     -    0s
     0     0 6253.16382    0  215 6452.00000 6253.16382  3.08%     -    0s
     0     0 6253.28835    0  229 6452.00000 6253.28835  3.08%     -    0s
     0     0 6254.38901    0  205 6452.00000 6254.38901  3.06%     -    0s
     0     0 6254.48545    0  215 6452.00000 6254.48545  3.06%     -    0s
     0     0 6254.52180    0  229 6452.00000 6254.52180  3.06%     -    0s
     0     0 6254.56726    0  228 6452.00000 6254.56726  3.06%     -    0s
     0     0 6254.61176    0  232 6452.00000 6254.61176  3.06%     -    0s
     0     0 6255.04424    0  224 6452.00000 6255.04424  3.05%     -    0s
H    0     0                    6436.0000000 6255.11232  2.81%     -    0s
     0     0 6255.11232    0  224 6436.00000 6255.11232  2.81%     -    0s
     0     0 6255.12473    0  227 6436.00000 6255.12473  2.81%     -    0s
     0     0 6261.23437    0  225 6436.00000 6261.23437  2.72%     -    0s
     0     0 6264.25117    0  220 6436.00000 6264.25117  2.67%     -    0s
     0     0 6269.85834    0  218 6436.00000 6269.85834  2.58%     -    0s
     0     0 6273.44444    0  164 6436.00000 6273.44444  2.53%     -    0s
     0     0 6273.44444    0  175 6436.00000 6273.44444  2.53%     -    1s
     0     0 6273.44444    0   44 6436.00000 6273.44444  2.53%     -    1s
     0     2 6273.44444    0   41 6436.00000 6273.44444  2.53%     -    1s
  1784  1175 6281.70370   20  109 6436.00000 6281.35714  2.40%  33.9    5s
  4135  1719 6334.76796   30   64 6436.00000 6332.14474  1.61%  39.2   10s
  9061  3555     cutoff   30      6436.00000 6333.40255  1.59%  36.8   15s
 17341  6809 6400.85714   39   78 6436.00000 6333.68056  1.59%  34.8   20s
 18785  6930 6353.59235   28   93 6436.00000 6333.68056  1.59%  37.2   25s
 24723  7075 6420.84381   54   85 6436.00000 6336.67026  1.54%  37.0   30s
 32641  6279 6367.02786   33  152 6436.00000 6340.01664  1.49%  36.7   35s
 43703  5945 infeasible   50      6436.00000 6346.41667  1.39%  33.3   40s
 52539  7990 6372.61429   50   41 6436.00000 6351.16923  1.32%  31.4   45s
 65523  9979     cutoff   40      6436.00000 6354.65180  1.26%  28.6   50s
 75567 13523 6373.23077   42   57 6436.00000 6356.28571  1.24%  27.0   55s
 85317 13931 6411.28969   47   77 6436.00000 6359.93188  1.18%  26.3   60s
 99181 15846     cutoff   43      6436.00000 6362.28322  1.15%  24.8   65s
 110757 18672     cutoff   46      6436.00000 6363.87970  1.12%  23.8   70s
 124429 21707     cutoff   48      6436.00000 6365.88142  1.09%  22.8   75s
 137048 24597     cutoff   43      6436.00000 6367.36765  1.07%  22.1   80s
 148363 28279 6406.22727   49   72 6436.00000 6368.06199  1.06%  21.6   85s
 160660 32493 6410.65714   46   66 6436.00000 6369.22142  1.04%  21.1   90s
 174182 36167 infeasible   56      6436.00000 6370.06212  1.02%  20.6   95s
 184872 39184     cutoff   54      6436.00000 6370.79854  1.01%  20.3  100s

Cutting planes:
  Learned: 62
  Gomory: 2
  Cover: 263
  Implied bound: 3
  Clique: 69
  MIR: 164
  StrongCG: 8
  Flow cover: 220
  GUB cover: 1
  Inf proof: 9
  Zero half: 11
  Network: 1
  RLT: 6
  Relax-and-lift: 23

Explored 189407 nodes (3820103 simplex iterations) in 101.36 seconds (47.01 work units)
Thread count was 12 (of 12 available processors)

Solution count 3: 6436 6436 6452 

Optimal solution found (tolerance 1.00e-02)
Best objective 6.436000000000e+03, best bound 6.372000000000e+03, gap 0.9944%
