
Gurobi 12.0.0 (win64) logging started Sun Jan 25 22:32:35 2026

Set parameter LogFile to value "Storage_orig/Logs/log_____________2026_01_25_22_32_35.log"
Set parameter MIPGap to value 0.01
Set parameter OutputFlag to value 1
Gurobi Optimizer version 12.0.0 build v12.0.0rc1 (win64 - Windows 11.0 (26100.2))

CPU model: Intel(R) Core(TM) i7-9750H CPU @ 2.60GHz, instruction set [SSE2|AVX|AVX2]
Thread count: 6 physical cores, 12 logical processors, using up to 12 threads

Non-default parameters:
MIPGap  0.01
MIPFocus  1

Optimize a model with 16100 rows, 2280 columns and 42808 nonzeros
Model fingerprint: 0xfe424988
Variable types: 40 continuous, 2240 integer (1360 binary)
Coefficient statistics:
  Matrix range     [2e-01, 2e+02]
  Objective range  [1e+01, 4e+03]
  Bounds range     [1e+00, 1e+00]
  RHS range        [1e+00, 3e+02]
Found heuristic solution: objective 30880.000000
Presolve removed 12968 rows and 356 columns
Presolve time: 0.04s
Presolved: 3132 rows, 1924 columns, 21172 nonzeros
Variable types: 40 continuous, 1884 integer (1160 binary)

Root relaxation: objective 6.492443e+03, 2002 iterations, 0.07 seconds (0.09 work units)

    Nodes    |    Current Node    |     Objective Bounds      |     Work
 Expl Unexpl |  Obj  Depth IntInf | Incumbent    BestBd   Gap | It/Node Time

     0     0 6492.44333    0   39 30880.0000 6492.44333  79.0%     -    0s
H    0     0                    30766.000000 6492.44333  78.9%     -    0s
H    0     0                    30626.000000 6492.44333  78.8%     -    0s
H    0     0                    30566.000000 6492.44333  78.8%     -    0s
H    0     0                    30086.000000 6492.44333  78.4%     -    0s
H    0     0                    29628.000000 6671.44862  77.5%     -    0s
H    0     0                    29008.000000 6671.44862  77.0%     -    0s
H    0     0                    28486.000000 6671.44862  76.6%     -    0s
H    0     0                    27886.000000 6671.44862  76.1%     -    0s
     0     0 6671.44862    0  107 27886.0000 6671.44862  76.1%     -    0s
H    0     0                    24393.000000 6671.44862  72.7%     -    0s
H    0     0                    23833.000000 6671.44862  72.0%     -    0s
     0     0 6808.25270    0  124 23833.0000 6808.25270  71.4%     -    0s
     0     0 6818.33199    0  107 23833.0000 6818.33199  71.4%     -    0s
     0     0 6818.67057    0  115 23833.0000 6818.67057  71.4%     -    0s
     0     0 6818.70026    0  122 23833.0000 6818.70026  71.4%     -    0s
     0     0 6818.70026    0  124 23833.0000 6818.70026  71.4%     -    0s
     0     0 6958.64868    0  148 23833.0000 6958.64868  70.8%     -    0s
     0     0 6965.26341    0  174 23833.0000 6965.26341  70.8%     -    0s
     0     0 6971.34130    0  194 23833.0000 6971.34130  70.7%     -    0s
     0     0 6974.53255    0  221 23833.0000 6974.53255  70.7%     -    0s
     0     0 6974.63501    0  221 23833.0000 6974.63501  70.7%     -    0s
     0     0 6974.63511    0  223 23833.0000 6974.63511  70.7%     -    0s
H    0     0                    23098.000000 6974.63511  69.8%     -    0s
H    0     0                    22818.000000 6974.63511  69.4%     -    0s
H    0     0                    22758.000000 6974.63511  69.4%     -    0s
H    0     0                    22638.000000 6974.63511  69.2%     -    0s
H    0     0                    21798.000000 6974.63511  68.0%     -    0s
H    0     0                    21658.000000 6974.63511  67.8%     -    0s
H    0     0                    19454.000000 7013.70874  63.9%     -    1s
H    0     0                    17155.000000 7013.70874  59.1%     -    1s
     0     0 7013.70874    0  254 17155.0000 7013.70874  59.1%     -    1s
H    0     0                    17015.000000 7013.70874  58.8%     -    1s
H    0     0                    16875.000000 7046.10841  58.2%     -    1s
     0     0 7046.10841    0  263 16875.0000 7046.10841  58.2%     -    1s
     0     0 7054.38959    0  258 16875.0000 7054.38959  58.2%     -    1s
     0     0 7056.52534    0  256 16875.0000 7056.52534  58.2%     -    1s
     0     0 7059.67519    0  298 16875.0000 7059.67519  58.2%     -    1s
     0     0 7061.34282    0  307 16875.0000 7061.34282  58.2%     -    1s
     0     0 7064.05958    0  315 16875.0000 7064.05958  58.1%     -    1s
     0     0 7064.75046    0  355 16875.0000 7064.75046  58.1%     -    1s
     0     0 7065.12489    0  352 16875.0000 7065.12489  58.1%     -    1s
     0     0 7067.04624    0  317 16875.0000 7067.04624  58.1%     -    1s
     0     0 7067.87330    0  304 16875.0000 7067.87330  58.1%     -    1s
     0     0 7068.01033    0  300 16875.0000 7068.01033  58.1%     -    1s
H    0     0                    14584.000000 7068.25014  51.5%     -    1s
     0     0 7068.25014    0  372 14584.0000 7068.25014  51.5%     -    1s
     0     0 7068.30403    0  356 14584.0000 7068.30403  51.5%     -    1s
     0     0 7068.32175    0  366 14584.0000 7068.32175  51.5%     -    1s
H    0     0                    14444.000000 7068.32175  51.1%     -    2s
H    0     0                    14304.000000 7068.32175  50.6%     -    2s
H    0     0                    14104.000000 7068.32175  49.9%     -    2s
H    0     0                    14101.000000 7068.32175  49.9%     -    2s
H    0     0                    14021.000000 7112.31763  49.3%     -    2s
H    0     0                    13461.000000 7112.31763  47.2%     -    2s
H    0     0                    13261.000000 7112.31763  46.4%     -    2s
     0     0 7112.31763    0  395 13261.0000 7112.31763  46.4%     -    2s
H    0     0                    13239.000000 7136.69296  46.1%     -    2s
     0     0 7136.69296    0  225 13239.0000 7136.69296  46.1%     -    2s
     0     0 7139.99115    0  278 13239.0000 7139.99115  46.1%     -    2s
     0     0 7140.84886    0  295 13239.0000 7140.84886  46.1%     -    2s
     0     0 7143.64319    0  282 13239.0000 7143.64319  46.0%     -    2s
H    0     0                    13165.000000 7147.69408  45.7%     -    2s
     0     0 7147.69408    0  268 13165.0000 7147.69408  45.7%     -    2s
     0     0 7148.47596    0  280 13165.0000 7148.47596  45.7%     -    2s
     0     0 7148.49563    0  302 13165.0000 7148.49563  45.7%     -    2s
     0     0 7154.08079    0  180 13165.0000 7154.08079  45.7%     -    3s
H    0     0                    13025.000000 7154.08079  45.1%     -    3s
H    0     0                    12747.000000 7154.17615  43.9%     -    3s
H    0     0                    12357.000000 7154.17615  42.1%     -    3s
H    0     0                    11857.000000 7154.17615  39.7%     -    3s
H    0     0                    10818.000000 7154.17615  33.9%     -    3s
H    0     0                    10638.000000 7154.17615  32.7%     -    3s
H    0     0                    10218.000000 7154.17615  30.0%     -    3s
H    0     0                    9679.0000000 7154.17615  26.1%     -    3s
H    0     0                    8799.0000000 7154.17615  18.7%     -    3s
H    0     0                    8719.0000000 7154.17615  17.9%     -    4s
H    0     0                    8659.0000000 7154.17615  17.4%     -    4s
     0     2 7154.17615    0  178 8659.00000 7154.17615  17.4%     -    4s
    44    54 7164.07058   10  312 8659.00000 7159.60760  17.3%   343    5s
H   48    54                    8579.0000000 7159.60760  16.5%   324    5s
H  187   184                    8543.0000000 7159.60760  16.2%   191    6s
H  240   221                    8483.0000000 7159.60760  15.6%   168    6s
H  355   287                    8447.0000000 7159.84752  15.2%   137    7s
H  402   313                    8307.0000000 7159.84752  13.8%   145    8s
   537   386 7168.69975   15  321 8307.00000 7160.16208  13.8%   150   10s
H  562   404                    8303.0000000 7160.16208  13.8%   150   10s
H  564   378                    8202.0000000 7160.16208  12.7%   150   10s
   712   445 8011.96000   36    4 8202.00000 7161.31149  12.7%   146   15s
H  745   428                    8101.0000000 7161.31149  11.6%   148   16s
H  873   572                    8063.0000000 7161.63874  11.2%   152   17s
H  925   519                    7983.0000000 7161.63874  10.3%   148   17s
H 1088   566                    7901.0000000 7161.63874  9.36%   140   19s
  1173   666 7225.25704   26   41 7901.00000 7162.75886  9.34%   137   20s
  1613   881 7575.35929   46  417 7901.00000 7164.11925  9.33%   123   25s
  1748   962     cutoff   31      7901.00000 7167.33816  9.29%   144   30s
  2011  1032     cutoff   34      7901.00000 7167.70109  9.28%   145   35s
  2468  1180 7792.41500   78   54 7901.00000 7168.61122  9.27%   141   40s
  2765  1336 7808.22075   52   66 7901.00000 7169.30353  9.26%   141   45s
  3286  1474 7578.25000   41   54 7901.00000 7169.90632  9.25%   145   50s
  3322  1500 7595.98753   47   38 7901.00000 7169.90632  9.25%   147   55s
  3496  1647 7230.57376   39  156 7901.00000 7170.72087  9.24%   148   60s
  4385  2019 7201.51423   27  370 7901.00000 7171.89946  9.23%   147   65s
  5240  2633 7181.58000   35  164 7901.00000 7172.52835  9.22%   148   70s
  6050  3078 7179.54947   30  334 7901.00000 7172.87910  9.22%   148   75s
  6814  3780 infeasible   37      7901.00000 7174.51249  9.19%   148   80s
  8073  4701 7183.67368   25  191 7901.00000 7175.88607  9.18%   147   85s
  9213  5608 7192.94439   28  343 7901.00000 7176.38534  9.17%   144   90s
 10296  6376 7180.10008   25  369 7901.00000 7176.40000  9.17%   144   96s
 10927  6901 7176.40000   23  316 7901.00000 7176.40000  9.17%   143  101s
 11600  7217 7814.32270   51  194 7901.00000 7176.40000  9.17%   142  106s
 12105  7738 7190.82466   33  272 7901.00000 7176.40000  9.17%   143  111s
 12835  8260 infeasible   59      7901.00000 7176.46000  9.17%   145  117s
 13222  8845 7789.00000   33   13 7901.00000 7176.46000  9.17%   144  121s
 14480  9438 7823.05360   41  211 7901.00000 7176.46000  9.17%   142  127s
 14837  9654 7799.31572   39  265 7901.00000 7176.52604  9.17%   142  130s
 16112 10905 7200.46667   30  135 7901.00000 7176.65031  9.17%   141  137s
 16829 11473 7590.33522   63  136 7901.00000 7176.70000  9.17%   140  140s
 18200 11986 7192.45998   29  314 7901.00000 7176.84271  9.17%   139  146s
 18485 12078 7198.06667   34   60 7901.00000 7176.87820  9.16%   139  150s
 18943 12962 7197.79750   27  186 7901.00000 7176.89349  9.16%   139  157s
 19817 13649 7803.14005   79  181 7901.00000 7177.24743  9.16%   138  160s
 21284 14185 7574.00000   64   18 7901.00000 7177.42317  9.16%   137  167s
 21381 14583 7179.79636   27  265 7901.00000 7177.45264  9.16%   136  170s
 22734 15714 7203.53147   32  249 7901.00000 7177.50863  9.16%   136  177s
 23481 16324 7221.52964   45  177 7901.00000 7177.60653  9.16%   136  180s
 25124 17314 7212.08332   40  192 7901.00000 7177.65071  9.16%   135  186s
 26572 18142 7209.42270   39  154 7901.00000 7177.74734  9.15%   134  192s
 26772 18503 7853.09091   59   74 7901.00000 7177.76107  9.15%   134  195s
 28234 19299 7221.35172   41  145 7901.00000 7177.82630  9.15%   134  201s
 28729 19930 7884.28250   42   19 7901.00000 7177.82906  9.15%   134  207s
 29438 20588 7214.84793   37  227 7901.00000 7177.89359  9.15%   134  210s
 31058 21667 7214.44496   43  153 7901.00000 7178.06313  9.15%   132  215s
 32460 22306 7219.19533   45  222 7901.00000 7178.28419  9.15%   131  221s
 33393 22900 7213.98693   41  410 7901.00000 7178.32364  9.15%   131  227s
 33740 23234 7833.83204   75  148 7901.00000 7178.43293  9.15%   131  230s
 34444 23771 7197.80183   43  220 7901.00000 7178.46968  9.14%   131  237s
 34926 23990 7801.34712   29  316 7901.00000 7178.58000  9.14%   131  240s
 35908 24962 infeasible   67      7901.00000 7178.63618  9.14%   131  245s
 37487 25419 7879.30878   29  197 7901.00000 7178.72727  9.14%   131  251s
 37824 26015 7822.28927   40  148 7901.00000 7178.75602  9.14%   131  257s
 38436 26475 7576.76923   57  112 7901.00000 7178.81176  9.14%   131  261s
 39637 27366 7586.63500   61  121 7901.00000 7178.82759  9.14%   131  267s
 41127 28118 7219.60723   45  205 7901.00000 7178.87249  9.14%   131  272s
 41707 28245 7181.59130   24  266 7901.00000 7178.88113  9.14%   131  275s
 42663 29099 7253.16667   32  138 7901.00000 7178.93696  9.14%   131  280s
 43973 29594 7806.62771   37  111 7901.00000 7179.05518  9.14%   131  287s
 44064 29903 7183.04732   31  353 7901.00000 7179.07215  9.14%   131  290s
 45167 30974 7181.78657   36  282 7901.00000 7179.11263  9.14%   132  295s
 46897 31861 7791.60870   38   74 7901.00000 7179.20805  9.14%   131  301s
 47586 32027 7193.14467   34  346 7901.00000 7179.23806  9.14%   131  306s
 48295 32624     cutoff   37      7901.00000 7179.28915  9.13%   131  312s
 48736 32919 7822.41270   33  156 7901.00000 7179.29548  9.13%   131  315s
 49893 33999 7616.61395  100  117 7901.00000 7179.39415  9.13%   132  321s
 51431 35011 7816.00000   79   37 7901.00000 7179.40000  9.13%   131  327s
 52345 35050 7224.34000   46  130 7901.00000 7179.45001  9.13%   130  330s
 52448 35208 7702.25500   81   22 7901.00000 7179.45001  9.13%   131  335s
 53092 36003 7832.62632   36  133 7901.00000 7179.48158  9.13%   131  343s
 53860 36545     cutoff  104      7901.00000 7179.54563  9.13%   131  347s
 54578 37046 7792.43119   36  207 7901.00000 7179.60666  9.13%   131  350s
 55919 37624 7612.90000   92   58 7901.00000 7179.67000  9.13%   131  357s
 56499 38171 7190.39758   31  232 7901.00000 7179.74784  9.13%   130  360s
 57809 38825 7215.60164   46  196 7901.00000 7179.80806  9.13%   130  366s
 58619 39607 7206.48708   45  436 7901.00000 7179.83347  9.13%   130  373s
 59305 39963     cutoff   50      7901.00000 7179.86980  9.13%   130  376s
 60670 40840 7796.25686   34  274 7901.00000 7179.94267  9.13%   130  383s
 61350 40845     cutoff   40      7901.00000 7179.98260  9.13%   130  387s
 61357 40850 7182.55866   30  311 7901.00000 7179.98260  9.13%   130  390s
 61514 41316 7186.18471   32  309 7901.00000 7179.98369  9.13%   130  396s
 62884 42389 7792.13500   38   70 7901.00000 7180.04484  9.12%   130  403s
 63659 42820 7196.90781   35  371 7901.00000 7180.08953  9.12%   130  406s
 64275 43165 7801.09333   43   43 7901.00000 7180.12681  9.12%   130  410s
 65709 44222 7682.24699   61  105 7901.00000 7180.23832  9.12%   130  417s
 66469 44840 7221.35172   49  159 7901.00000 7180.29548  9.12%   130  420s
 68003 45399 7805.25000   38   52 7901.00000 7180.39537  9.12%   130  425s
 69064 46083 7584.46154   59   12 7901.00000 7180.48447  9.12%   130  430s
 70072 46891 7221.73658   38  149 7901.00000 7180.54552  9.12%   130  436s
 71277 47253 7224.97333   37  194 7901.00000 7180.61875  9.12%   130  441s
 71976 48105 7811.15172   40   99 7901.00000 7180.66708  9.12%   130  446s
 73169 48835 infeasible   66      7901.00000 7180.75484  9.12%   130  452s
 73820 49293 7798.65585   30   76 7901.00000 7180.78838  9.12%   130  455s
 74481 49305 7726.39591  109  188 7901.00000 7180.80789  9.12%   130  461s
 74515 49403 7728.03595  111  211 7901.00000 7180.80789  9.12%   130  467s
 74664 49632 7189.73982   38  319 7901.00000 7180.81916  9.12%   130  470s
 75621 50275 7861.21000   64   53 7901.00000 7180.88291  9.11%   130  476s
 77065 51174 7220.89500   53  178 7901.00000 7180.98219  9.11%   130  482s
 77807 51470 7218.70000   51   53 7901.00000 7181.01409  9.11%   130  485s
 78945 52043 7198.26156   37  344 7901.00000 7181.05920  9.11%   130  491s
 79950 52774 7233.74937   49  226 7901.00000 7181.11883  9.11%   130  497s
 80520 53163 7595.75310   65  135 7901.00000 7181.16366  9.11%   130  500s
 81460 53522 7194.25191   27  441 7901.00000 7181.19534  9.11%   130  508s
 81709 53929 7194.66159   28  405 7901.00000 7181.22444  9.11%   130  511s
 82433 53953 7188.74711   38  324 7901.00000 7181.26950  9.11%   130  515s
 83355 54782 7181.71935   30  287 7901.00000 7181.36497  9.11%   130  521s
 83906 55291 7241.28013   46  171 7901.00000 7181.37042  9.11%   130  525s
 85938 56273 7837.39631   44  159 7901.00000 7181.49081  9.11%   129  531s
 86775 56706 7796.86054   33  138 7901.00000 7181.55498  9.11%   129  535s
 87652 57139 7825.70837   36  349 7901.00000 7181.58000  9.11%   129  540s
 89293 57888 7807.05424   35  148 7901.00000 7181.58000  9.11%   129  546s
 89943 58013 7805.63158   41   33 7901.00000 7181.58000  9.11%   129  550s
 90159 59329 infeasible   56      7901.00000 7181.58074  9.11%   129  559s
 92567 59792 7794.07656   35  124 7901.00000 7181.65960  9.10%   128  561s
 93309 59970 7811.84286   36  127 7901.00000 7181.67550  9.10%   128  567s
 94236 60713 7797.35526   29  176 7901.00000 7181.71297  9.10%   128  572s
 94870 60920 7811.81460   37  138 7901.00000 7181.71484  9.10%   129  575s
 95921 61822 7806.32298   34   60 7901.00000 7181.74516  9.10%   128  580s
 97435 62289 7571.27273   48  107 7901.00000 7181.78790  9.10%   128  587s
 97442 62392 7572.03227   49  117 7901.00000 7181.78790  9.10%   128  590s
 97849 62905 7572.03227   51  116 7901.00000 7181.79712  9.10%   128  596s
 99052 63715     cutoff   57      7901.00000 7181.84415  9.10%   128  602s
 99813 64085 7806.43821   35  211 7901.00000 7181.86670  9.10%   128  605s
 101296 64893     cutoff   38      7901.00000 7181.94888  9.10%   128  610s
 102450 65638 7831.13269   47  124 7901.00000 7181.99214  9.10%   128  617s
 103082 66188 7201.90183   34  140 7901.00000 7182.01020  9.10%   128  620s
 103930 66319 7599.65452   72  101 7901.00000 7182.05716  9.10%   128  627s
 104064 66516 7607.22952   73  102 7901.00000 7182.06109  9.10%   128  631s
 104411 67072 7229.69782   47  159 7901.00000 7182.06109  9.10%   128  635s
 106094 68183 7224.60414   47  138 7901.00000 7182.14838  9.10%   128  642s
 107103 68709 7185.76167   30  284 7901.00000 7182.18017  9.10%   128  645s
 108609 69527 7797.27500   40  117 7901.00000 7182.27100  9.10%   128  651s
 109984 70499 7585.25037   51  140 7901.00000 7182.34111  9.10%   127  656s
 111590 71100 7182.95843   32  214 7901.00000 7182.40588  9.09%   127  662s
 111954 71600     cutoff   43      7901.00000 7182.41137  9.09%   127  665s
 113386 72113 7229.43333   45  146 7901.00000 7182.48286  9.09%   127  670s
 113827 72847 7815.45807   41  107 7901.00000 7182.49213  9.09%   127  676s
 115353 73839 7224.85253   50  334 7901.00000 7182.58103  9.09%   126  682s
 116697 74617 7811.28500   32   81 7901.00000 7182.64451  9.09%   126  687s
 117441 74975 7222.93670   44  221 7901.00000 7182.67970  9.09%   126  690s
 118216 75384 7799.13254   35  108 7901.00000 7182.70212  9.09%   126  695s
 119481 76095     cutoff   85      7901.00000 7182.75616  9.09%   126  700s
 120920 76632 7808.83333   36   37 7901.00000 7182.80287  9.09%   126  707s
 121006 76654 7808.83333   37   40 7901.00000 7182.80287  9.09%   126  710s
 121228 77066 7797.51499   34  200 7901.00000 7182.80439  9.09%   126  716s
 122254 77502     cutoff   46      7901.00000 7182.85691  9.09%   126  722s
 122886 77905 7210.10315   39  179 7901.00000 7182.88950  9.09%   126  725s
 124189 78666 7848.13625   51   44 7901.00000 7182.96326  9.09%   126  730s
 125501 79310 7188.67537   29  277 7901.00000 7183.02364  9.09%   126  736s
 126724 79918 7864.12086   45  127 7901.00000 7183.06625  9.09%   126  742s
 127973 80859 7807.16554   33  183 7901.00000 7183.14286  9.09%   126  747s
 128750 81134     cutoff   56      7901.00000 7183.16608  9.09%   126  750s
 129288 81475 7194.99770   34  341 7901.00000 7183.16608  9.09%   126  756s
 130876 82263 7795.30000   33   57 7901.00000 7183.28577  9.08%   126  762s
 131511 82594 7676.21068   63  156 7901.00000 7183.31818  9.08%   126  766s
 132810 83250 7799.15407   43  264 7901.00000 7183.34256  9.08%   126  772s
 134162 83725 7572.14286   55   92 7901.00000 7183.40684  9.08%   126  777s
 134345 83835 7697.23409   81   71 7901.00000 7183.40684  9.08%   126  781s
 135156 84684 7591.93667   65   28 7901.00000 7183.43806  9.08%   126  786s
 136967 85380     cutoff   51      7901.00000 7183.48457  9.08%   125  792s
 137084 85788     cutoff   51      7901.00000 7183.48457  9.08%   125  795s
 138458 86491     cutoff   46      7901.00000 7183.54669  9.08%   125  800s
 139635 87202 7839.47158   44  193 7901.00000 7183.61377  9.08%   125  806s
 141120 87583 7884.75232   37  242 7901.00000 7183.67640  9.08%   125  812s
 141132 91144 7885.94910   38  236 7901.00000 7183.67640  9.08%   125  838s
 147132 91450 infeasible   43      7901.00000 7183.93280  9.08%   125  841s
 147811 91888     cutoff   44      7901.00000 7183.99430  9.07%   125  847s
 149182 92793 7195.69407   43  221 7901.00000 7184.08370  9.07%   125  852s
 149944 93185 7270.14298   39  243 7901.00000 7184.11683  9.07%   125  855s
 151118 94093 7588.95863   55  194 7901.00000 7184.15314  9.07%   125  860s
 152655 94582 7222.19641   39  369 7901.00000 7184.21534  9.07%   125  865s
 153070 94834 7198.06943   31  324 7901.00000 7184.23528  9.07%   125  871s
 153275 94964 7205.36346   32  162 7901.00000 7184.23528  9.07%   125  875s
 153862 95535 7301.35155   45  188 7901.00000 7184.29886  9.07%   125  881s
 155285 96285 7605.52833   58   36 7901.00000 7184.40378  9.07%   125  887s
 155784 96637 7637.01572   74  216 7901.00000 7184.43291  9.07%   125  890s
 156456 96848 7195.59124   36  210 7901.00000 7184.49129  9.07%   125  896s
 157462 97616 7611.80692   72   23 7901.00000 7184.56534  9.07%   125  901s
 158155 97952 7809.92653   31   80 7901.00000 7184.62170  9.07%   125  905s
 159543 98556 7834.68050   58  122 7901.00000 7184.68654  9.07%   125  911s
 159829 99092 7205.33073   42  341 7901.00000 7184.69161  9.07%   125  917s
 160511 99601 7195.72501   36  176 7901.00000 7184.70957  9.07%   125  920s
 162096 100510 7794.90075   31   83 7901.00000 7184.79120  9.06%   125  925s
 163482 101287 7229.52386   46  295 7901.00000 7184.88324  9.06%   125  931s
 164893 102009 7837.85714   56  120 7901.00000 7184.95223  9.06%   125  936s
 165527 102448 7804.43077   35   75 7901.00000 7185.03907  9.06%   125  942s
 166153 102914 7809.49792   67   78 7901.00000 7185.06589  9.06%   125  945s
 167576 103881 7593.10204   57  171 7901.00000 7185.18845  9.06%   125  951s
 169041 104320 7588.13833   54   19 7901.00000 7185.30856  9.06%   125  956s
 169313 104896 7210.87102   37  412 7901.00000 7185.32472  9.06%   125  961s
 170599 106007 7648.05626   61  178 7901.00000 7185.41075  9.06%   125  967s
 172158 106933 7210.00000   43  154 7901.00000 7185.47689  9.06%   125  972s
 173403 107676     cutoff   52      7901.00000 7185.56526  9.05%   124  976s
 173892 107851 7250.80000   53  147 7901.00000 7185.60365  9.05%   124  981s
 174319 108376 7201.15291   40  307 7901.00000 7185.64746  9.05%   125  987s
H174601 95451                    7836.0000000 7185.64746  8.30%   124  987s
H174627 56326                    7756.0000000 7185.64746  7.35%   124  987s
 174860 56436     cutoff   46      7756.00000 7185.71712  7.35%   124  990s
 175773 56992 7603.69252   63   98 7756.00000 7185.76588  7.35%   125  995s
 176777 57778 7202.11300   36  202 7756.00000 7185.97256  7.35%   125 1000s
 177932 58396 7203.84728   35  197 7756.00000 7186.04499  7.35%   125 1007s
 178490 58544 7211.83667   43  242 7756.00000 7186.11752  7.35%   125 1012s
 178787 58804 7608.72105   70   84 7756.00000 7186.13021  7.35%   125 1015s
 179679 59373 7207.86333   45  188 7756.00000 7186.26279  7.35%   126 1022s
 180311 59754 7215.72667   43  203 7756.00000 7186.33146  7.34%   126 1025s
 181616 60244 7195.22213   32  369 7756.00000 7186.51639  7.34%   126 1031s
 181934 60754 7205.47879   41  183 7756.00000 7186.57806  7.34%   126 1038s
 182486 61322 7597.28000   76   63 7756.00000 7186.65897  7.34%   126 1042s
 183512 61823 7670.72525   80  237 7756.00000 7186.71462  7.34%   126 1045s
 184805 62485 7215.24059   44  188 7756.00000 7186.86499  7.34%   126 1051s
 185280 62598 7205.88538   40  229 7756.00000 7187.01132  7.34%   126 1057s
 185434 63007 7207.00908   41  277 7756.00000 7187.01132  7.34%   126 1060s
 186685 63990 7216.89138   38  214 7756.00000 7187.13547  7.33%   126 1068s
 187514 64450 7229.03607   49  128 7756.00000 7187.22634  7.33%   126 1071s
 188934 65560 7230.84077   47  258 7756.00000 7187.28926  7.33%   127 1077s
 189911 66062 7216.61559   32  230 7756.00000 7187.36251  7.33%   126 1080s
 191282 66562 7218.35393   41  200 7756.00000 7187.51819  7.33%   127 1086s
 192003 67411 7225.41048   43  137 7756.00000 7187.61303  7.33%   127 1091s
 192663 68040 7230.64848   48  156 7756.00000 7187.76171  7.33%   127 1095s
 194543 68996     cutoff   81      7756.00000 7188.00364  7.32%   127 1102s
 195748 69354 7217.36183   44  219 7756.00000 7188.18407  7.32%   127 1107s
 196011 69777 7216.07685   45  224 7756.00000 7188.28114  7.32%   127 1112s
 196950 70305     cutoff   49      7756.00000 7188.48538  7.32%   127 1117s
 197427 70733 7224.65000   50  242 7756.00000 7188.56347  7.32%   127 1120s
 198740 71751 7196.07225   34  376 7756.00000 7188.72756  7.31%   127 1126s
 199480 71920 7685.16764   92   92 7756.00000 7188.75727  7.31%   127 1130s
 200367 72306 7627.46456   62   56 7756.00000 7188.81575  7.31%   127 1136s
 200555 72766 7631.04564   64  108 7756.00000 7188.81575  7.31%   127 1142s
 201026 73241 7572.27500   55  115 7756.00000 7188.95656  7.31%   127 1145s
 202390 73922 7204.50000   32   97 7756.00000 7189.18372  7.31%   127 1152s
 202733 74328 7210.78710   39  303 7756.00000 7189.18372  7.31%   127 1155s
 204033 75049 7204.86167   45  188 7756.00000 7189.43591  7.30%   127 1160s
 205362 75620 7206.97858   33  195 7756.00000 7189.63801  7.30%   127 1167s
 205911 75667     cutoff   50      7756.00000 7189.73357  7.30%   127 1171s
 205994 75951     cutoff   51      7756.00000 7189.77422  7.30%   128 1175s
 207106 75800 7337.54341   44  268 7756.00000 7189.95272  7.30%   128 1184s
 207593 76428 7578.97068   58  113 7756.00000 7189.99320  7.30%   128 1189s
 208478 77065 7222.94015   43  273 7756.00000 7190.08283  7.30%   129 1194s
 209548 77060 7272.82155   45  283 7756.00000 7190.22526  7.29%   129 1197s
 209567 77489     cutoff   47      7756.00000 7190.28987  7.29%   129 1201s
 210271 77861 7605.69836   74   91 7756.00000 7190.32947  7.29%   129 1205s
 211878 78888 7203.21636   41  288 7756.00000 7190.72470  7.29%   129 1212s
 212629 79355     cutoff   32      7756.00000 7190.95140  7.29%   129 1216s
 214027 80355     cutoff   48      7756.00000 7191.19281  7.28%   129 1222s
 215044 80354     cutoff   47      7756.00000 7191.41219  7.28%   129 1225s
 215309 80849     cutoff   30      7756.00000 7191.47719  7.28%   129 1232s
 215928 81074     cutoff   33      7756.00000 7191.75989  7.27%   129 1235s
 217295 81700 7202.13180   38  411 7756.00000 7192.05804  7.27%   129 1242s
 217816 81934 7490.16147   46  275 7756.00000 7192.17954  7.27%   129 1246s
 218795 82440 7206.17205   44  297 7756.00000 7192.55695  7.26%   130 1254s
 219410 82552     cutoff   31      7756.00000 7192.76525  7.26%   130 1259s
 219600 82632 7224.42814   46  158 7756.00000 7192.76525  7.26%   130 1265s
 219708 83260 7681.53889   55  143 7756.00000 7192.76525  7.26%   130 1271s
 220803 83835 7205.25949   41  261 7756.00000 7193.40000  7.25%   130 1276s
 221752 84414 7236.00232   43  120 7756.00000 7193.40000  7.25%   130 1280s
 223189 85313 7691.26000   59   25 7756.00000 7193.70000  7.25%   131 1288s
 224029 85699 7216.06977   33  172 7756.00000 7194.03158  7.25%   131 1292s
 224720 86092 7236.97143   51  110 7756.00000 7194.16941  7.24%   131 1296s
 226075 86796 7695.00000   58   22 7756.00000 7194.39866  7.24%   131 1304s
 226584 87296 7237.00661   41  291 7756.00000 7194.41112  7.24%   131 1308s
 227282 87793 7223.18348   39  216 7756.00000 7194.50844  7.24%   131 1312s
 228047 87809 7212.75195   42  365 7756.00000 7194.53635  7.24%   131 1315s
 228604 88718 7640.85033   59   97 7756.00000 7194.64579  7.24%   131 1322s
 229448 89077 7617.27487   47  163 7756.00000 7194.69150  7.24%   131 1326s
 230966 89943 7588.00000   52   58 7756.00000 7194.93757  7.23%   131 1333s
 231456 90444 7208.46588   36  395 7756.00000 7195.00243  7.23%   132 1337s
 232309 90830     cutoff   43      7756.00000 7195.27224  7.23%   132 1340s
 233626 91737 7212.27643   36  466 7756.00000 7195.46005  7.23%   132 1346s
 234962 92383 7522.69693   43  361 7756.00000 7195.66242  7.22%   132 1352s
 235537 92701     cutoff   82      7756.00000 7195.69106  7.22%   132 1355s
 236880 93367 7472.87333   47  206 7756.00000 7196.00159  7.22%   132 1361s
 238128 94237 7705.41667   80   84 7756.00000 7196.14213  7.22%   132 1368s
 238897 94562     cutoff   26      7756.00000 7196.25237  7.22%   132 1370s
 239931 95091 7624.00715   59  240 7756.00000 7196.40159  7.22%   133 1376s
 241533 95809 7233.01839   36  179 7756.00000 7196.56778  7.21%   133 1382s
 242189 96192 7210.32342   38  262 7756.00000 7196.71055  7.21%   133 1385s
 243620 97114 7210.30000   41  224 7756.00000 7196.89570  7.21%   133 1391s
 244837 97785     cutoff   85      7756.00000 7197.02244  7.21%   133 1397s
 245550 98204 7217.08701   39  221 7756.00000 7197.17028  7.21%   133 1400s
 246804 98754 7268.02217   42  215 7756.00000 7197.50923  7.20%   133 1405s
 247993 99366 7238.14219   52  159 7756.00000 7197.83473  7.20%   133 1410s
 249015 99943 7643.54091   60  133 7756.00000 7198.06667  7.19%   133 1416s
 250318 100548 7214.35255   38  300 7756.00000 7198.33033  7.19%   133 1421s
 251534 101009     cutoff   34      7756.00000 7198.74659  7.18%   134 1427s
 252041 101134 7596.90472   50  205 7756.00000 7198.96667  7.18%   134 1430s
 253034 101764     cutoff   47      7756.00000 7199.36059  7.18%   134 1436s
 254591 102388 7472.77226   37  351 7756.00000 7200.09024  7.17%   134 1442s
 255056 102456 7477.66359   39  333 7756.00000 7200.15406  7.17%   134 1445s
 256352 103157 7615.76745   59  130 7756.00000 7200.56667  7.16%   134 1451s
 257615 103549 7539.24837   45  180 7756.00000 7201.12520  7.15%   134 1457s
 258347 103765 7595.34400   63  114 7756.00000 7201.31040  7.15%   134 1460s
 259454 104072     cutoff   28      7756.00000 7201.62158  7.15%   135 1466s
 260638 104462 7218.59583   40  312 7756.00000 7201.99674  7.14%   135 1472s
 261248 104714 7281.94524   36  450 7756.00000 7202.16190  7.14%   135 1475s
 262497 105272 7226.86346   32  183 7756.00000 7202.32424  7.14%   135 1481s
 263588 105608     cutoff   43      7756.00000 7202.65991  7.13%   135 1487s
 264275 105808 7492.09542   47  223 7756.00000 7202.83381  7.13%   135 1491s
 265377 105953     cutoff   42      7756.00000 7203.20057  7.13%   136 1497s
 266331 106293     cutoff   30      7756.00000 7203.57944  7.12%   136 1502s
 266973 106448     cutoff   27      7756.00000 7203.82082  7.12%   136 1506s
 268129 106979 7206.00476   35  118 7756.00000 7204.20902  7.11%   136 1512s
 268728 107281 7221.07692   39  140 7756.00000 7204.42717  7.11%   136 1515s
 270168 107602 infeasible   28      7756.00000 7205.03938  7.10%   136 1521s
 270565 107834     cutoff   35      7756.00000 7205.27867  7.10%   136 1525s
 271876 108221 7217.93881   39  251 7756.00000 7205.75686  7.09%   137 1532s
 272489 108476 7221.38313   38  234 7756.00000 7205.92409  7.09%   137 1535s
 274035 108973 7233.40382   36  233 7756.00000 7206.51170  7.08%   137 1542s
 274617 109064     cutoff   34      7756.00000 7206.67157  7.08%   137 1545s
 275732 109371     cutoff   38      7756.00000 7207.59184  7.07%   137 1552s
 276332 109447     cutoff   33      7756.00000 7208.07229  7.06%   137 1555s
 277566 109691     cutoff   44      7756.00000 7209.06790  7.05%   137 1561s
 278787 110175 infeasible   38      7756.00000 7210.01975  7.04%   138 1568s
 279380 110326 7238.23188   48  298 7756.00000 7210.44816  7.03%   138 1571s
 280776 110483 7604.65443   63  120 7756.00000 7211.46143  7.02%   138 1577s
 281480 110540 infeasible   36      7756.00000 7211.90042  7.02%   138 1581s
 282461 110691     cutoff   41      7756.00000 7212.38745  7.01%   138 1587s
 282964 110788 7487.49583   44  173 7756.00000 7213.09119  7.00%   138 1591s
 284552 110936 7625.79726   71   62 7756.00000 7214.34256  6.98%   138 1596s
 285776 110893     cutoff   44      7756.00000 7215.12667  6.97%   138 1602s
 286390 110753     cutoff   46      7756.00000 7215.35556  6.97%   138 1605s
 287592 110477     cutoff   45      7756.00000 7215.78022  6.97%   138 1611s
 288860 110091     cutoff   41      7756.00000 7216.49892  6.96%   138 1616s
 290110 109940     cutoff   32      7756.00000 7217.16976  6.95%   138 1621s
 291419 109944 7693.40000   62   66 7756.00000 7217.70986  6.94%   138 1627s
 292059 109823 7305.63311   49  205 7756.00000 7218.16621  6.93%   138 1630s
 293309 109797     cutoff   44      7756.00000 7218.78882  6.93%   138 1635s
 294491 109879 7320.31136   61  197 7756.00000 7219.61963  6.92%   138 1640s
 296190 110007 7556.70094   47  251 7756.00000 7220.46652  6.90%   138 1646s
 297367 110266 7309.51818   52  230 7756.00000 7221.07076  6.90%   138 1650s
 298938 109491     cutoff   36      7756.00000 7221.54175  6.89%   138 1656s
 299773 108965     cutoff   44      7756.00000 7221.54175  6.89%   138 1661s
 301023 109195 7687.06812   59  142 7756.00000 7221.95608  6.89%   138 1666s
 302505 109356 7223.93578   51  226 7756.00000 7222.62615  6.88%   138 1671s
 303657 109455 7575.32311   55  161 7756.00000 7222.82249  6.87%   138 1676s
 304976 109532     cutoff   41      7756.00000 7223.81704  6.86%   138 1680s
 306407 109584 7282.82600   51  153 7756.00000 7224.35045  6.85%   138 1685s
 307845 109909     cutoff   39      7756.00000 7225.12238  6.84%   138 1690s
 309878 109810 7679.57488   76   64 7756.00000 7226.22400  6.83%   138 1696s
 310688 109887 7273.66265   37  373 7756.00000 7227.02984  6.82%   138 1701s
 311790 109861 infeasible   39      7756.00000 7227.98952  6.81%   138 1706s
 313193 109774 infeasible   55      7756.00000 7228.80000  6.80%   138 1710s
 314345 108949     cutoff   42      7756.00000 7229.61017  6.79%   138 1715s
 315281 108036 infeasible   44      7756.00000 7229.61017  6.79%   138 1720s
 316240 108068 7687.93391   57  133 7756.00000 7229.78204  6.78%   138 1726s
 317259 107912 7315.46667   50  188 7756.00000 7230.31818  6.78%   138 1731s
 318479 107836 7594.93421   60   76 7756.00000 7231.23990  6.77%   138 1736s
 319962 108103 7672.20690   57  107 7756.00000 7232.07095  6.76%   138 1741s
 321683 107709     cutoff   35      7756.00000 7232.63563  6.75%   138 1747s
 322651 106989 infeasible   35      7756.00000 7233.18330  6.74%   138 1751s
 323454 106188     cutoff   42      7756.00000 7233.18330  6.74%   138 1756s
 324643 106038     cutoff   46      7756.00000 7233.82805  6.73%   138 1761s
 325969 105878 7310.45906   44  242 7756.00000 7234.57315  6.72%   138 1767s
 327340 105603     cutoff   43      7756.00000 7235.85877  6.71%   138 1772s
 328725 105316     cutoff   49      7756.00000 7237.40669  6.69%   138 1777s
 329393 105304     cutoff   49      7756.00000 7238.32961  6.67%   138 1780s
 331475 105327     cutoff   56      7756.00000 7239.87252  6.65%   138 1787s
 333034 105021 7605.48943   54  123 7756.00000 7241.57000  6.63%   138 1792s
 333767 104829     cutoff   47      7756.00000 7242.92269  6.62%   138 1795s
 335495 104212     cutoff   56      7756.00000 7246.57795  6.57%   138 1802s
 336356 104069 7420.44528   55  273 7756.00000 7248.54055  6.54%   138 1806s
 337293 104010     cutoff   45      7756.00000 7251.42491  6.51%   138 1811s
 338110 104018 7467.07344   38  379 7756.00000 7254.57931  6.46%   138 1816s
 338779 104264 7547.92222   52  329 7756.00000 7257.89000  6.42%   138 1822s
 339219 104397     cutoff   36      7756.00000 7259.27235  6.40%   138 1826s
 339813 104617 7594.98412   69   79 7756.00000 7261.99328  6.37%   139 1831s
 340523 104893 7700.54545   57   77 7756.00000 7264.37841  6.34%   139 1835s
 341132 105129     cutoff   49      7756.00000 7267.37677  6.30%   139 1840s
 342315 105579 7295.82939   39  280 7756.00000 7269.99270  6.27%   139 1848s
 342938 105870 7679.70858   61   62 7756.00000 7272.32959  6.24%   139 1852s
 343565 106119     cutoff   44      7756.00000 7273.28059  6.22%   139 1856s
 344229 106350 7321.55000   52  167 7756.00000 7274.76903  6.20%   140 1860s
 345520 106962 7297.61667   30  226 7756.00000 7275.80000  6.19%   140 1868s
 346266 107330     cutoff   48      7756.00000 7277.17104  6.17%   140 1872s
 346956 107655 7728.12217   81   86 7756.00000 7277.72679  6.17%   140 1875s
 348218 108348 7340.98301   36  293 7756.00000 7280.00393  6.14%   140 1883s
 349026 108792 7672.81613   56  109 7756.00000 7280.75369  6.13%   140 1887s
 349916 109055 7689.29498   66  155 7756.00000 7281.05646  6.12%   140 1890s
 351371 109629 7476.17303   43  292 7756.00000 7282.28432  6.11%   140 1897s
 351885 109899 7305.18729   51  289 7756.00000 7282.66000  6.10%   140 1901s
 352607 110261     cutoff   49      7756.00000 7283.24022  6.10%   140 1905s
 353962 110595 7475.84162   42  227 7756.00000 7284.15191  6.08%   140 1911s
 355068 111068 7676.13297   58  128 7756.00000 7285.06381  6.07%   141 1917s
 355614 111202 7310.79070   49  163 7756.00000 7285.72035  6.06%   141 1921s
 356814 111585 7704.30435   46  102 7756.00000 7287.32976  6.04%   141 1927s
 357371 111729 7559.65199   50  449 7756.00000 7288.67722  6.03%   141 1931s
 358618 112105 7354.04286   46  167 7756.00000 7290.23287  6.01%   141 1937s
 359281 112264     cutoff   34      7756.00000 7291.25481  5.99%   141 1940s
 360459 112546 7314.93333   49  227 7756.00000 7293.28083  5.97%   141 1947s
 361112 112566     cutoff   52      7756.00000 7294.56592  5.95%   141 1950s
 362265 112576 7690.39847   60  176 7756.00000 7296.94193  5.92%   141 1957s
 362904 112617 7332.14642   56  138 7756.00000 7299.48347  5.89%   141 1960s
 364157 112201 7706.03472   61  163 7756.00000 7302.66226  5.84%   141 1967s
 364939 112177 7346.33778   44  107 7756.00000 7304.95799  5.82%   141 1971s
 366074 111862 7691.26000   57   16 7756.00000 7308.47690  5.77%   142 1977s
 366752 111776 7695.64846   67  173 7756.00000 7310.55025  5.74%   142 1980s
 368231 111336 7689.90000   65   90 7756.00000 7315.34992  5.68%   142 1987s
 368918 111181 7479.26004   50  305 7756.00000 7318.14781  5.65%   142 1990s
 370534 111216 7419.68650   56  231 7756.00000 7321.50386  5.60%   142 1997s
 372057 110900     cutoff   39      7756.00000 7324.90000  5.56%   142 2001s
 373078 110539     cutoff   51      7756.00000 7328.25455  5.52%   142 2006s
 374282 110072     cutoff   45      7756.00000 7335.27436  5.42%   142 2011s
 375347 109293     cutoff   57      7756.00000 7344.89440  5.30%   142 2016s
 376539 108485     cutoff   49      7756.00000 7386.07399  4.77%   142 2021s
 377688 107282     cutoff   40      7756.00000 7414.60750  4.40%   142 2027s
 379164 106038 infeasible   42      7756.00000 7479.31913  3.57%   142 2032s
 381181 107630 7672.05954   66  110 7756.00000 7568.28571  2.42%   141 2036s
 384209 110330 7672.00000   54   15 7756.00000 7568.31579  2.42%   141 2043s
 387045 110918 7594.20000   83   33 7756.00000 7568.31579  2.42%   140 2045s
 389989 112751 7568.54545   58   64 7756.00000 7568.31579  2.42%   139 2050s
 392439 114350 7703.88199   61   67 7756.00000 7568.31579  2.42%   139 2055s
 395323 116123 infeasible   76      7756.00000 7568.33137  2.42%   138 2061s
 397039 118599 7586.54545   58  108 7756.00000 7568.33544  2.42%   138 2067s
 400920 119599 7678.77968  100   24 7756.00000 7568.33990  2.42%   137 2070s
 404128 121624 7675.00000   64   16 7756.00000 7568.35294  2.42%   136 2076s
 407174 123193 7580.23529   62   54 7756.00000 7568.35294  2.42%   135 2080s
 410194 126314 7653.33333   68   29 7756.00000 7568.35294  2.42%   134 2089s
 413337 126876 7672.08108   57   21 7756.00000 7568.35294  2.42%   134 2090s
 415966 128403 7672.57611   81   33 7756.00000 7568.35294  2.42%   133 2096s
 418538 129906 7587.45455   70   25 7756.00000 7568.35294  2.42%   133 2100s
 422205 131746 7602.66667   52   41 7756.00000 7568.35294  2.42%   132 2105s
 423025 133311 7672.67500   57   13 7756.00000 7568.35294  2.42%   132 2110s
 426961 134709 7637.38911   85  154 7756.00000 7568.38006  2.42%   131 2115s
 429697 136458 7580.00000   53  100 7756.00000 7568.38226  2.42%   130 2120s
 432333 138168     cutoff   70      7756.00000 7568.38520  2.42%   130 2125s
 435411 140062 7672.78947   92   29 7756.00000 7568.41243  2.42%   129 2130s
 439494 142380 7578.94737   49   72 7756.00000 7568.41403  2.42%   128 2136s
 441870 143830 7587.45455   69   40 7756.00000 7568.42271  2.42%   128 2140s
 445060 145715 infeasible   67      7756.00000 7568.52010  2.42%   127 2146s
 447817 147163 7710.11896   84   34 7756.00000 7568.54545  2.42%   127 2150s
 449520 148905 7702.00000   71   15 7756.00000 7568.54545  2.42%   127 2156s
 454056 149806 7592.47059   60   35 7756.00000 7568.54545  2.42%   126 2160s
 456786 151632 7628.10000   68  144 7756.00000 7568.54545  2.42%   125 2165s
 459526 153406     cutoff  113      7756.00000 7568.58000  2.42%   125 2170s
 462338 156125 7591.81818   77   41 7756.00000 7568.59295  2.42%   124 2177s
 465398 157020 7672.10345   70   10 7756.00000 7568.59543  2.42%   124 2180s
 468011 158674 7583.65449   56  129 7756.00000 7568.60000  2.42%   123 2185s
 471237 160674 7672.31056   73   82 7756.00000 7568.60000  2.42%   123 2190s
 473748 161922 7587.45455   61   64 7756.00000 7568.60000  2.42%   122 2195s
 475491 163608 7587.45455   65   55 7756.00000 7568.60000  2.42%   122 2200s
 479230 165201 infeasible   78      7756.00000 7568.60000  2.42%   122 2206s
 482071 166857 7672.00000   63   12 7756.00000 7568.60000  2.42%   121 2210s
 484331 168016 7572.46703   56  175 7756.00000 7568.60000  2.42%   121 2215s
 487644 170064 7673.38497   64   38 7756.00000 7568.60000  2.42%   120 2221s
 488534 171447 7568.60000   55   40 7756.00000 7568.60000  2.42%   120 2225s
 493384 173263 7673.04082   71  116 7756.00000 7568.60000  2.42%   120 2230s
 496657 175364 infeasible   92      7756.00000 7568.60000  2.42%   119 2235s
 499940 177260 7672.61143   60  115 7756.00000 7568.60000  2.42%   119 2240s
 501465 179062 7602.66667   50   17 7756.00000 7568.60000  2.42%   118 2246s
 505999 180763 7673.77345   72  155 7756.00000 7568.60000  2.42%   118 2251s
 508121 182027 7704.67800   82   87 7756.00000 7568.60000  2.42%   118 2255s
 510281 183251     cutoff   90      7756.00000 7568.60000  2.42%   117 2260s
 513540 185152 7591.11111   76   41 7756.00000 7568.63158  2.42%   117 2266s
 514388 186574 7585.38008   59   62 7756.00000 7568.63956  2.42%   117 2270s
 519145 188063 7603.66667   53   41 7756.00000 7568.68375  2.42%   116 2275s
 522270 189608 7699.80000   87   10 7756.00000 7568.70588  2.41%   116 2281s
 525363 191570 7672.03226   62   28 7756.00000 7568.73814  2.41%   115 2286s
 526893 193313 7672.00000   63   16 7756.00000 7568.75000  2.41%   115 2291s
 529849 194016 7672.00000   67   13 7756.00000 7568.75000  2.41%   115 2295s
 531875 195255     cutoff   67      7756.00000 7568.76812  2.41%   114 2300s
 535345 197341 7582.97789   62  196 7756.00000 7568.80000  2.41%   114 2306s
 537678 198877 7582.24902   65  157 7756.00000 7568.80000  2.41%   114 2310s
 540126 201184 7675.76978   63   71 7756.00000 7568.80000  2.41%   113 2317s
 542684 202062 7589.86745   58   44 7756.00000 7568.82105  2.41%   113 2320s
 545196 203638 7638.98974   56   41 7756.00000 7568.82759  2.41%   113 2325s
 548252 205427 7573.13907   54  177 7756.00000 7568.84000  2.41%   113 2331s
 550535 206834     cutoff   67      7756.00000 7568.87591  2.41%   112 2335s
 552790 208810 7590.21919   60  144 7756.00000 7568.87591  2.41%   112 2342s
 555388 209843 7572.57478   57  140 7756.00000 7568.90986  2.41%   112 2345s
 558426 211864 7627.42857   79   46 7756.00000 7568.94286  2.41%   111 2351s
 560829 213169 7688.21941   75  217 7756.00000 7568.99353  2.41%   111 2355s
 564310 215191 infeasible   65      7756.00000 7569.02290  2.41%   111 2361s
 565912 216689 7675.89250   86   23 7756.00000 7569.09091  2.41%   111 2366s
 570202 218333 7675.00000   76   16 7756.00000 7569.14286  2.41%   110 2370s
 573129 220136 7713.52079   76   70 7756.00000 7569.14286  2.41%   110 2375s
 576380 221822 7573.73333   61  133 7756.00000 7569.14286  2.41%   109 2380s
 578974 223923 7654.53571   66   86 7756.00000 7569.14286  2.41%   109 2387s
 581592 225061 7604.57500   76   77 7756.00000 7569.14286  2.41%   109 2390s
 583882 226345 7702.64561   68   61 7756.00000 7569.14286  2.41%   109 2395s
 584582 226363 7602.15967  100   83 7756.00000 7569.14286  2.41%   109 2400s
 585756 227394 7583.51993   62  230 7756.00000 7569.14286  2.41%   108 2406s
 588401 228849 7575.00000   47   52 7756.00000 7569.20000  2.41%   108 2410s
 591532 231139 7607.70735   66  176 7756.00000 7569.20000  2.41%   108 2418s
 593960 231922 7603.66667   55   41 7756.00000 7569.20513  2.41%   108 2421s
 596289 233221 7618.42252   98   48 7756.00000 7569.22857  2.41%   107 2425s
 599425 234975 7672.00000   61   17 7756.00000 7569.24356  2.41%   107 2430s
 602099 236661 7628.52915   56  119 7756.00000 7569.26316  2.41%   107 2435s
 604625 238886 7596.82323   76  171 7756.00000 7569.26316  2.41%   107 2442s
 607143 239836 7635.64805   66  132 7756.00000 7569.26316  2.41%   106 2445s
 610145 241526 7602.92855   89  122 7756.00000 7569.26316  2.41%   106 2450s
 612929 243079 7571.90000   57  113 7756.00000 7569.26316  2.41%   106 2455s
 616017 245026 7585.51230   86  109 7756.00000 7569.26316  2.41%   105 2460s
 617534 246596 7675.22047   69   74 7756.00000 7569.26316  2.41%   105 2465s
 622444 248606 7687.76191   84   41 7756.00000 7569.26316  2.41%   105 2470s
 625243 250209 7675.77500   73   13 7756.00000 7569.26316  2.41%   104 2475s
 628796 252361 7708.18182   87   40 7756.00000 7569.26316  2.41%   104 2481s
 630079 253542 7679.82421   66  182 7756.00000 7569.26316  2.41%   104 2485s
 634636 255464 7722.53958   68   26 7756.00000 7569.32468  2.41%   104 2491s
 637442 257071 7591.51693   65  245 7756.00000 7569.33333  2.41%   103 2495s
 640346 258710 7602.66667   64   39 7756.00000 7569.33333  2.41%   103 2501s
 643216 260817 7706.94250   99  137 7756.00000 7569.36364  2.41%   103 2508s
 645552 261675 7574.89474   61  124 7756.00000 7569.36364  2.41%   103 2510s
 648374 263149 7573.52000   59  130 7756.00000 7569.40000  2.41%   102 2515s
 651284 264976 7702.64561   74   66 7756.00000 7569.41176  2.41%   102 2520s
 654346 266693 7588.38095   47   68 7756.00000 7569.41176  2.41%   102 2525s
 657684 268547 7581.86771   59  191 7756.00000 7569.41176  2.41%   102 2530s
 660981 270344 7679.21739   64   44 7756.00000 7569.41176  2.41%   101 2536s
 664022 272145 7597.09206   82  100 7756.00000 7569.41176  2.41%   101 2540s
 667434 274007 7675.21624   69   49 7756.00000 7569.41176  2.41%   101 2545s
 670121 275515 7599.47235   50  186 7756.00000 7569.44641  2.41%   100 2550s
 672775 277015 infeasible   68      7756.00000 7569.45720  2.41%   100 2555s
 675373 278444 7648.80495   76  183 7756.00000 7569.50000  2.40%   100 2560s
 678805 280406 7672.08525   64   18 7756.00000 7569.50000  2.40%   100 2566s
 681618 282461 7684.67475   87   53 7756.00000 7569.50000  2.40%   100 2572s
 684409 283471 7627.47481   86   50 7756.00000 7569.52442  2.40%  99.5 2575s
 687204 284992 7578.90909   55   63 7756.00000 7569.56818  2.40%  99.3 2580s
 689717 286523 infeasible   66      7756.00000 7569.59753  2.40%  99.1 2585s
 693541 288742 7590.49577   63   85 7756.00000 7569.60000  2.40%  98.8 2591s
 695886 289794     cutoff   74      7756.00000 7569.60000  2.40%  98.6 2595s
 698345 291299 7678.00000   58   56 7756.00000 7569.62857  2.40%  98.4 2600s
 701547 292969 7595.65789   63  113 7756.00000 7569.65910  2.40%  98.1 2605s
 704157 294268 7678.57973   74  203 7756.00000 7569.70455  2.40%  98.0 2610s
 707374 296620 7702.33306   89  105 7756.00000 7569.74804  2.40%  97.7 2616s
 710169 297554 7602.66667   61   39 7756.00000 7569.81818  2.40%  97.5 2620s
 713400 299249 7569.84615   56  125 7756.00000 7569.84615  2.40%  97.3 2625s
 715936 300594 7702.00000   62   10 7756.00000 7569.85000  2.40%  97.1 2630s
 718890 302203 7672.00000   59    8 7756.00000 7569.88571  2.40%  96.9 2635s
 721556 303860 7686.44167   68   16 7756.00000 7569.89474  2.40%  96.8 2640s
 724205 305387 7672.58333   60   24 7756.00000 7569.96000  2.40%  96.6 2645s
 727362 307290 7744.01632   69   25 7756.00000 7570.03766  2.40%  96.4 2650s
 729878 308565 7675.03000   69   29 7756.00000 7570.07273  2.40%  96.2 2655s
 733434 310856 7676.35828   64   25 7756.00000 7570.13226  2.40%  96.0 2661s
 736132 312137 7590.29598   63   79 7756.00000 7570.18182  2.40%  95.8 2665s
 739197 313719 7672.45153   61  130 7756.00000 7570.19588  2.40%  95.6 2670s
 742161 315294 7628.30000   69  110 7756.00000 7570.26295  2.39%  95.4 2675s
 744398 316659 7672.40417   59   21 7756.00000 7570.29485  2.39%  95.3 2680s
 746224 318003 7571.79196   52  157 7756.00000 7570.33034  2.39%  95.2 2685s
 749528 319664 7633.74072   54  121 7756.00000 7570.39101  2.39%  95.0 2690s
 752683 321852 7624.76093   96   86 7756.00000 7570.40000  2.39%  94.8 2695s
 755285 323428 7636.64032   59   87 7756.00000 7570.40000  2.39%  94.6 2700s
 758444 325108 7671.88235   55   47 7756.00000 7570.44186  2.39%  94.4 2705s
 761000 326433 infeasible   58      7756.00000 7570.47787  2.39%  94.2 2710s
 764028 328250 7621.88571   68   38 7756.00000 7570.47787  2.39%  94.1 2715s
 766677 329527 7672.37787   68   39 7756.00000 7570.51163  2.39%  93.9 2720s
 769090 330854 infeasible   69      7756.00000 7570.52632  2.39%  93.8 2725s
 771259 332072 7574.63093   64   75 7756.00000 7570.53558  2.39%  93.7 2730s
 774033 333538 7731.76471   76   58 7756.00000 7570.60140  2.39%  93.6 2736s
 776734 335077     cutoff   83      7756.00000 7570.63346  2.39%  93.4 2741s
 778657 336099 7606.92273   60   86 7756.00000 7570.65044  2.39%  93.3 2745s
 781060 337435 7608.51902   62   50 7756.00000 7570.65431  2.39%  93.2 2750s
 783491 338839 7678.33610   72   45 7756.00000 7570.71429  2.39%  93.1 2755s
 786732 340632 7610.43754   87  153 7756.00000 7570.75099  2.39%  93.0 2760s
 789556 342187 7583.73333   73   35 7756.00000 7570.78571  2.39%  92.8 2765s
 792483 343833 infeasible   82      7756.00000 7570.83132  2.39%  92.6 2770s
 795081 345008 7572.04348   67   91 7756.00000 7570.88251  2.39%  92.5 2775s
 797632 346826 7614.81582   74  152 7756.00000 7570.94000  2.39%  92.4 2781s
 800016 347888 7706.46256   63   61 7756.00000 7570.98813  2.39%  92.3 2785s
 802618 349226 7571.03829   61  134 7756.00000 7571.00000  2.39%  92.2 2790s
 804800 350379 7571.93238   50   69 7756.00000 7571.00000  2.39%  92.2 2796s
 806480 351321     cutoff   62      7756.00000 7571.00000  2.39%  92.1 2800s
 808763 352393 7677.46181   76  202 7756.00000 7571.00000  2.39%  92.1 2806s
 809346 352404 7574.74667   65   23 7756.00000 7571.00000  2.39%  92.1 2812s
 809365 352417 7598.77000   67   14 7756.00000 7571.00000  2.39%  92.1 2815s
 809381 352422 7574.74667   66   16 7756.00000 7571.00000  2.39%  92.1 2820s
 809405 352440 7571.06000   67   10 7756.00000 7571.00000  2.39%  92.1 2825s
 809423 352458 7699.46760   69   32 7756.00000 7571.00000  2.39%  92.1 2830s
 809442 352471 infeasible   71      7756.00000 7571.00000  2.39%  92.1 2836s
 809520 352623 7571.35545   58   58 7756.00000 7571.00000  2.39%  92.1 2840s
 809928 352781 7571.35545   60   58 7756.00000 7571.00000  2.39%  92.1 2845s
 810990 353429 7571.35545   63   58 7756.00000 7571.00000  2.39%  92.1 2851s
 812047 354008 7571.35545   65   58 7756.00000 7571.00000  2.39%  92.0 2855s
 813364 354986 7572.45000   70   16 7756.00000 7571.00000  2.39%  92.0 2860s
 816214 356001 7571.63715   70   24 7756.00000 7571.00000  2.39%  92.0 2865s
 818602 357191 7595.36364   62   49 7756.00000 7571.00000  2.39%  91.9 2870s
 820859 358404 7581.29000   65   18 7756.00000 7571.00000  2.39%  91.8 2875s
 823097 359862 7591.96840   56   17 7756.00000 7571.00000  2.39%  91.7 2880s
 826102 361301 7588.17000   64   16 7756.00000 7571.00000  2.39%  91.6 2885s
 828587 362781 7623.00408   63  144 7756.00000 7571.00000  2.39%  91.5 2890s
 831367 364251 7638.81945   82  207 7756.00000 7571.00086  2.39%  91.4 2896s
 833849 365428 7585.32235   77  114 7756.00000 7571.00606  2.39%  91.3 2900s
 836012 366688 infeasible   78      7756.00000 7571.00759  2.39%  91.3 2906s
 838095 367755 7696.46281   81  133 7756.00000 7571.00880  2.39%  91.2 2911s
 839768 368647 7705.05500   67   32 7756.00000 7571.00880  2.39%  91.2 2915s
 841750 369523 7650.79688   77  138 7756.00000 7571.00880  2.39%  91.2 2920s
 843907 370603 7579.11417   69   23 7756.00000 7571.00896  2.39%  91.1 2925s
 846061 371411 7601.00000   63   16 7756.00000 7571.00948  2.39%  91.1 2930s
 848385 372385 infeasible   80      7756.00000 7571.00948  2.39%  91.0 2935s
 850412 373254 7581.30938   71  182 7756.00000 7571.00948  2.39%  91.0 2940s
 852213 374019 7601.00000   66    8 7756.00000 7571.00948  2.39%  91.0 2945s
 854835 375226     cutoff   70      7756.00000 7571.00987  2.39%  91.0 2951s
 856805 376158 7610.60150   74  170 7756.00000 7571.01233  2.39%  90.9 2955s
 859307 377119 7644.37167   73   10 7756.00000 7571.01615  2.39%  90.9 2961s
 861217 377904 7598.26554   70   18 7756.00000 7571.01629  2.39%  90.9 2965s
 863556 378865 7581.88526   76  254 7756.00000 7571.01666  2.39%  90.9 2970s
 865965 379790 7652.08591   81  286 7756.00000 7571.01867  2.39%  90.8 2975s
 867872 380664 infeasible   68      7756.00000 7571.01910  2.39%  90.8 2981s
 869534 381291 7572.96565   73   35 7756.00000 7571.01910  2.39%  90.8 2985s
 871835 382095 7607.35084   66  186 7756.00000 7571.01910  2.39%  90.8 2991s
 873532 382732 7668.95917   72   15 7756.00000 7571.01910  2.39%  90.8 2996s
 874665 383340     cutoff   71      7756.00000 7571.01910  2.39%  90.8 3000s
 877909 384309 7644.43000   90   10 7756.00000 7571.02055  2.38%  90.7 3005s
 880148 384887 infeasible   73      7756.00000 7571.02306  2.38%  90.7 3010s
 882729 385953 7713.71722   69   24 7756.00000 7571.02478  2.38%  90.6 3016s
 884516 386646 infeasible   71      7756.00000 7571.02478  2.38%  90.6 3021s
 886046 387380 7597.46940   81   23 7756.00000 7571.02632  2.38%  90.6 3025s
 888272 388167 7608.14993   72  111 7756.00000 7571.02772  2.38%  90.6 3030s
 891007 389257 infeasible   78      7756.00000 7571.03000  2.38%  90.5 3035s
 892823 390047 7579.25242   80   25 7756.00000 7571.03042  2.38%  90.5 3040s
 895144 391175 7692.88962   76   51 7756.00000 7571.03330  2.38%  90.5 3046s
 897147 392120 7572.00000   65   62 7756.00000 7571.03877  2.38%  90.5 3050s
 899635 393183 7573.16685   80   22 7756.00000 7571.03893  2.38%  90.4 3056s
 901795 394163 7679.47051   56   89 7756.00000 7571.04356  2.38%  90.4 3061s
 903546 395092     cutoff   65      7756.00000 7571.04400  2.38%  90.3 3065s
 905487 396009 7608.66557   61  152 7756.00000 7571.04417  2.38%  90.3 3070s
 907784 397106 7573.09508   62  140 7756.00000 7571.04441  2.38%  90.3 3075s
 909581 397975 7571.65094   62   37 7756.00000 7571.04452  2.38%  90.2 3080s
 912372 399455 7627.89881   77  291 7756.00000 7571.04531  2.38%  90.2 3086s
 914738 400501 7581.44000   65   24 7756.00000 7571.04688  2.38%  90.1 3091s
 917119 401675 infeasible   77      7756.00000 7571.05000  2.38%  90.1 3096s
 918751 402389 7573.80645   74  144 7756.00000 7571.05063  2.38%  90.1 3100s
 920598 403251 infeasible   62      7756.00000 7571.05148  2.38%  90.0 3105s
 923373 404463     cutoff  107      7756.00000 7571.05299  2.38%  90.0 3110s
 925958 405739     cutoff   77      7756.00000 7571.05450  2.38%  89.9 3117s
 928222 406542 7639.50780   71  111 7756.00000 7571.05500  2.38%  89.9 3120s
 930835 407767     cutoff   88      7756.00000 7571.05539  2.38%  89.8 3125s
 933060 408837 7620.40282   68  176 7756.00000 7571.05550  2.38%  89.8 3131s
 935349 409962 7573.90052   84  159 7756.00000 7571.05550  2.38%  89.8 3136s
 937188 410801 7571.05694   74   36 7756.00000 7571.05550  2.38%  89.7 3140s
 940027 412101     cutoff   79      7756.00000 7571.05563  2.38%  89.7 3146s
 941852 413109     cutoff   71      7756.00000 7571.05609  2.38%  89.6 3150s
 944393 414349 7726.20442   92   18 7756.00000 7571.05616  2.38%  89.6 3156s
 947171 415590     cutoff   67      7756.00000 7571.05667  2.38%  89.5 3161s
 949177 416512 7638.58628   71   82 7756.00000 7571.05688  2.38%  89.5 3165s
 950954 417532 7599.56000   77    4 7756.00000 7571.05688  2.38%  89.4 3170s
 953872 418588 7622.42750   81   11 7756.00000 7571.05727  2.38%  89.4 3175s
 956256 419561 7574.35347   82   35 7756.00000 7571.05804  2.38%  89.3 3180s
 958574 420588 7676.75500   78   47 7756.00000 7571.05947  2.38%  89.3 3185s
 961054 421488 7676.73684   88   16 7756.00000 7571.05948  2.38%  89.3 3191s
 962727 422170 7700.73000   66   16 7756.00000 7571.05976  2.38%  89.2 3195s
 965574 423332 7662.39843   86   33 7756.00000 7571.06023  2.38%  89.2 3200s
 967862 424192     cutoff   80      7756.00000 7571.06023  2.38%  89.2 3206s
 969765 424925 7676.97785   81   18 7756.00000 7571.06023  2.38%  89.1 3210s
 972303 425813 7571.15450   75   10 7756.00000 7571.06024  2.38%  89.1 3216s
 974150 426517     cutoff   88      7756.00000 7571.06030  2.38%  89.1 3220s
 976639 427583 7579.37170   76   74 7756.00000 7571.06099  2.38%  89.0 3226s
 978837 428227 7604.72892   77   29 7756.00000 7571.06101  2.38%  89.0 3230s
 981160 429141 7641.11694   84  166 7756.00000 7571.06156  2.38%  89.0 3236s
 983024 429858 7587.30648   79  125 7756.00000 7571.06166  2.38%  89.0 3240s
 985734 430752     cutoff  100      7756.00000 7571.06178  2.38%  88.9 3245s
 988511 431917 7571.22651   61   46 7756.00000 7571.06207  2.38%  88.9 3251s
 990865 432859 7695.43875   76   95 7756.00000 7571.06217  2.38%  88.8 3255s
 993023 433807 7679.30945   70   11 7756.00000 7571.06263  2.38%  88.8 3261s
 994916 434579 7571.08665   74   14 7756.00000 7571.06311  2.38%  88.7 3265s
 997463 435362 7717.90810   69   63 7756.00000 7571.06362  2.38%  88.7 3270s
 999468 436270 7705.00000   79   15 7756.00000 7571.06400  2.38%  88.7 3276s
 1001381 436890 7573.35601   69  129 7756.00000 7571.06446  2.38%  88.7 3280s
 1003515 437923 7708.92302   81  197 7756.00000 7571.06464  2.38%  88.7 3285s
 1005556 438729 7605.96533   74   30 7756.00000 7571.06464  2.38%  88.6 3290s
 1008261 439947 7699.20083   69   19 7756.00000 7571.06511  2.38%  88.6 3295s
 1011193 441005 7650.16418   62  151 7756.00000 7571.06636  2.38%  88.5 3301s
 1013332 441932 7702.13887   70  175 7756.00000 7571.06644  2.38%  88.5 3306s
 1015002 442610 7673.16104   71   15 7756.00000 7571.06646  2.38%  88.5 3310s
 1016991 443416 7656.38722   78  269 7756.00000 7571.06671  2.38%  88.5 3315s
 1019724 444633 7665.02266   80  252 7756.00000 7571.06679  2.38%  88.4 3320s
 1021762 445505 infeasible   86      7756.00000 7571.06684  2.38%  88.4 3325s
 1024365 446590 infeasible   71      7756.00000 7571.06695  2.38%  88.3 3330s
 1026711 447552 7577.44636   81   22 7756.00000 7571.06706  2.38%  88.3 3335s
 1028957 448495 7574.81971   81   28 7756.00000 7571.06715  2.38%  88.3 3341s
 1030864 449253 7699.00750   74   17 7756.00000 7571.06750  2.38%  88.2 3345s
 1033402 450275 7619.18000   68   19 7756.00000 7571.06750  2.38%  88.2 3351s
 1035306 450862 7688.54400   96   30 7756.00000 7571.06755  2.38%  88.2 3355s
 1037905 451825 7571.06763   66   32 7756.00000 7571.06763  2.38%  88.1 3360s
 1040327 452802 7571.57068   63   27 7756.00000 7571.06763  2.38%  88.1 3365s
 1042406 453676 7598.16032   74   26 7756.00000 7571.06766  2.38%  88.1 3370s
 1044929 454647     cutoff   94      7756.00000 7571.06776  2.38%  88.0 3375s
 1047304 455802 7637.51166   72   32 7756.00000 7571.06797  2.38%  88.0 3380s
 1049766 456967     cutoff   67      7756.00000 7571.06797  2.38%  88.0 3386s
 1051714 457780 7677.19171   76  139 7756.00000 7571.06813  2.38%  87.9 3390s
 1053624 458696 7623.45918   71   21 7756.00000 7571.06836  2.38%  87.9 3395s
 1056626 459881 7629.75664   69   18 7756.00000 7571.06852  2.38%  87.9 3400s
 1059122 460831 7678.10000   75   21 7756.00000 7571.06863  2.38%  87.8 3405s
 1061462 461923 infeasible   73      7756.00000 7571.06892  2.38%  87.8 3410s
 1064035 463100 7587.02826   73   27 7756.00000 7571.06897  2.38%  87.7 3415s
 1066516 464212 7604.62264   74   29 7756.00000 7571.06915  2.38%  87.7 3421s
 1068799 464966 infeasible   74      7756.00000 7571.06936  2.38%  87.6 3425s
 1071152 465819     cutoff   73      7756.00000 7571.06936  2.38%  87.6 3430s
 1073686 466902 7582.52333   71   32 7756.00000 7571.06936  2.38%  87.6 3435s
 1076194 467729 7571.87751   69   17 7756.00000 7571.06941  2.38%  87.5 3440s
 1078704 468829     cutoff   73      7756.00000 7571.06966  2.38%  87.5 3445s
 1080976 469618     cutoff   87      7756.00000 7571.06978  2.38%  87.5 3450s
 1083322 470607 infeasible   93      7756.00000 7571.06980  2.38%  87.4 3455s
 1085806 471677 7721.64545   76  161 7756.00000 7571.06980  2.38%  87.4 3460s
 1088254 472723 7649.96407   97  262 7756.00000 7571.06995  2.38%  87.4 3465s
 1090767 473686 infeasible   90      7756.00000 7571.07016  2.38%  87.3 3471s
 1093125 474366 7598.00000   63    4 7756.00000 7571.07033  2.38%  87.3 3475s
 1095472 475119     cutoff   79      7756.00000 7571.07053  2.38%  87.3 3480s
 1098002 476062     cutoff   89      7756.00000 7571.07078  2.38%  87.2 3486s
 1100412 476990 7702.00000   85    6 7756.00000 7571.07103  2.38%  87.2 3491s
 1102320 477730 7579.13000   70   15 7756.00000 7571.07152  2.38%  87.2 3495s
 1104534 478582 7598.52569   90   53 7756.00000 7571.07183  2.38%  87.2 3500s
 1107309 479668 7705.41167   75  114 7756.00000 7571.07227  2.38%  87.2 3506s
 1109588 480487 7635.62848   84  210 7756.00000 7571.07260  2.38%  87.1 3511s
 1111476 481123 7577.63700   83   32 7756.00000 7571.07294  2.38%  87.1 3515s
 1114149 482112 7572.63901   62   27 7756.00000 7571.07337  2.38%  87.1 3520s
 1116658 483169 7636.00000   72   10 7756.00000 7571.07364  2.38%  87.0 3526s
 1118836 483986 7640.91000   73   24 7756.00000 7571.07376  2.38%  87.0 3531s
 1120735 484787 7647.65202   84  108 7756.00000 7571.07407  2.38%  87.0 3535s
 1123387 485824 7646.11839   80  149 7756.00000 7571.07407  2.38%  87.0 3540s
 1126093 486796 7717.64333   79   18 7756.00000 7571.07429  2.38%  86.9 3545s
 1128553 487816 7598.00000   62    9 7756.00000 7571.07470  2.38%  86.9 3550s
 1130916 488942 7704.08500   74   14 7756.00000 7571.07521  2.38%  86.9 3556s
 1132997 489634 7635.76136   72  247 7756.00000 7571.07583  2.38%  86.8 3560s
 1135281 490483 7592.00000   76   20 7756.00000 7571.07583  2.38%  86.8 3565s
 1137135 491216 7571.09548   77   19 7756.00000 7571.07583  2.38%  86.8 3570s
 1139503 492110 infeasible   77      7756.00000 7571.07611  2.38%  86.8 3576s
 1141435 492808     cutoff   75      7756.00000 7571.07630  2.38%  86.8 3580s
 1143486 493659 7571.45940   72   22 7756.00000 7571.07655  2.38%  86.8 3585s
 1146027 494371     cutoff   75      7756.00000 7571.07667  2.38%  86.7 3590s
 1147647 494922 7683.31905   72   76 7756.00000 7571.07667  2.38%  86.8 3595s
 1149765 495973 7573.00993   77   28 7756.00000 7571.07693  2.38%  86.7 3600s
 1152569 496956 infeasible   72      7756.00000 7571.07739  2.38%  86.7 3605s
 1154506 497742 7583.48871   73  124 7756.00000 7571.07781  2.38%  86.7 3610s
 1157339 498682     cutoff   83      7756.00000 7571.07818  2.38%  86.7 3616s
 1159028 499279 infeasible   85      7756.00000 7571.07846  2.38%  86.6 3620s
 1161480 500004 7577.36007   91   39 7756.00000 7571.07892  2.38%  86.6 3625s
 1164066 500989 7571.45136   75   20 7756.00000 7571.07926  2.38%  86.6 3630s
 1166626 501722 7615.91500   74   10 7756.00000 7571.07947  2.38%  86.6 3635s
 1169043 502688 7601.00000   74   14 7756.00000 7571.08036  2.38%  86.5 3641s
 1171199 503390     cutoff   91      7756.00000 7571.08113  2.38%  86.5 3646s
 1173110 504054 7682.92510   91   89 7756.00000 7571.08164  2.38%  86.5 3650s
 1175855 504828 7630.48951   74   18 7756.00000 7571.08217  2.38%  86.5 3655s
 1178271 505766 7675.99000   90   21 7756.00000 7571.08236  2.38%  86.5 3660s
 1180808 506795 7574.40208   85  139 7756.00000 7571.08326  2.38%  86.4 3665s
 1183059 507538 7677.29458   80   12 7756.00000 7571.08349  2.38%  86.4 3670s
 1185556 508452 infeasible   77      7756.00000 7571.08385  2.38%  86.4 3675s
 1188030 509505 7574.18277   87   30 7756.00000 7571.08431  2.38%  86.3 3681s
 1189823 510386 7574.95250   67   15 7756.00000 7571.08483  2.38%  86.3 3685s
 1192485 511216 7736.06456   79   30 7756.00000 7571.08551  2.38%  86.3 3690s
 1194802 512283 infeasible   73      7756.00000 7571.08556  2.38%  86.3 3696s
 1197019 512961 infeasible   82      7756.00000 7571.08556  2.38%  86.2 3700s
 1199388 513713 7585.19940   74  154 7756.00000 7571.08559  2.38%  86.2 3706s
 1200988 514263 7574.43650   73   28 7756.00000 7571.08559  2.38%  86.2 3710s
 1203408 515080     cutoff   70      7756.00000 7571.08559  2.38%  86.2 3715s
 1206033 516014 infeasible   89      7756.00000 7571.08592  2.38%  86.1 3720s
 1207709 516731 7624.75053   80   15 7756.00000 7571.08600  2.38%  86.1 3725s
 1210386 517514 7571.27338   66   21 7756.00000 7571.08665  2.38%  86.1 3731s
 1212209 518076 7607.01304   71   21 7756.00000 7571.08665  2.38%  86.1 3735s
 1214636 518978 7622.93167   76   46 7756.00000 7571.08665  2.38%  86.1 3741s
 1216531 519766 7601.00000   74   16 7756.00000 7571.08665  2.38%  86.1 3745s
 1219064 520657     cutoff   73      7756.00000 7571.08669  2.38%  86.0 3751s
 1221288 521400 7651.76375   73  258 7756.00000 7571.08669  2.38%  86.0 3755s
 1223853 522284 7625.82917   76   11 7756.00000 7571.08669  2.38%  86.0 3761s
 1225775 523011 7575.20000   73   13 7756.00000 7571.08680  2.38%  86.0 3765s
 1227369 523614 7572.41933   82   19 7756.00000 7571.08715  2.38%  86.0 3770s
 1229572 524497 7586.28517   85  308 7756.00000 7571.08746  2.38%  86.0 3775s
 1232103 525420 7573.06772   59  171 7756.00000 7571.08769  2.38%  85.9 3781s
 1234253 526134 7571.55824   75   27 7756.00000 7571.08775  2.38%  85.9 3785s
 1236598 527033 7584.71229   65   26 7756.00000 7571.08804  2.38%  85.9 3791s
 1238525 527670 7722.05435   74   17 7756.00000 7571.08804  2.38%  85.9 3795s
 1240867 528595 infeasible   81      7756.00000 7571.08811  2.38%  85.9 3800s
 1243426 529485 7595.58304   79   25 7756.00000 7571.08828  2.38%  85.8 3805s
 1245827 530511 7572.48148   78   10 7756.00000 7571.08845  2.38%  85.8 3811s
 1248019 531121 7646.44268   79  111 7756.00000 7571.08886  2.38%  85.8 3815s
 1250609 531672 7702.00000   78   22 7756.00000 7571.08898  2.38%  85.8 3820s
 1253015 532442 7707.40333   88   12 7756.00000 7571.08933  2.38%  85.8 3825s
 1255258 533045 7717.49726   75  225 7756.00000 7571.08949  2.38%  85.7 3830s
 1257646 533846 infeasible   89      7756.00000 7571.08959  2.38%  85.7 3835s
 1259671 534732 7688.39793   94   39 7756.00000 7571.08983  2.38%  85.7 3840s
 1262146 535579 7589.93333   80   25 7756.00000 7571.08990  2.38%  85.7 3845s
 1264656 536593 7629.18557  101   60 7756.00000 7571.09023  2.38%  85.7 3851s
 1266687 537219 7668.62641   86  299 7756.00000 7571.09046  2.38%  85.7 3855s
 1269108 537938 7571.33642   67  127 7756.00000 7571.09083  2.38%  85.7 3860s
 1271474 538905 7617.47760   81   53 7756.00000 7571.09101  2.38%  85.6 3866s
 1273504 539461 7595.00000   83   17 7756.00000 7571.09161  2.38%  85.6 3870s
 1276125 540342 7587.24264   80   35 7756.00000 7571.09223  2.38%  85.6 3875s
 1278626 541229 7571.09268   69   25 7756.00000 7571.09268  2.38%  85.6 3881s
 1280530 541918 7580.40000   87   16 7756.00000 7571.09286  2.38%  85.6 3886s
 1282296 542691 7610.61650   84  228 7756.00000 7571.09304  2.38%  85.5 3890s
 1285074 543595 infeasible   74      7756.00000 7571.09346  2.38%  85.5 3896s
 1286898 544257 7628.80153   82  274 7756.00000 7571.09378  2.38%  85.5 3900s
 1289296 545084 7589.78854   89   20 7756.00000 7571.09416  2.38%  85.5 3905s
 1291669 545835 infeasible   80      7756.00000 7571.09443  2.38%  85.5 3910s
 1293547 546477 7572.46532   81   34 7756.00000 7571.09467  2.38%  85.5 3915s
 1295960 547216 infeasible   67      7756.00000 7571.09516  2.38%  85.4 3920s
 1297895 547811 7672.16000   83   13 7756.00000 7571.09550  2.38%  85.4 3925s
 1300506 548795 7633.81005   73   30 7756.00000 7571.09609  2.38%  85.4 3930s
 1302981 549513 infeasible   84      7756.00000 7571.09667  2.38%  85.4 3936s
 1304947 550083 7581.60190   81   11 7756.00000 7571.09713  2.38%  85.4 3940s
 1307307 550899 7601.00000   74   12 7756.00000 7571.09777  2.38%  85.4 3945s
 1309142 551517 7571.09973   58  105 7756.00000 7571.09831  2.38%  85.4 3950s
 1311889 552439 infeasible   75      7756.00000 7571.09896  2.38%  85.3 3956s
 1314514 553171 7648.85363   72   20 7756.00000 7571.09944  2.38%  85.3 3961s
 1316753 554187 infeasible   98      7756.00000 7571.09980  2.38%  85.3 3966s
 1318512 554796 7632.29594   87  111 7756.00000 7571.10020  2.38%  85.3 3970s
 1321061 555701 infeasible   70      7756.00000 7571.10063  2.38%  85.3 3975s
 1323729 556680 7747.32000   85   37 7756.00000 7571.10158  2.38%  85.2 3981s
 1325837 557316 infeasible   71      7756.00000 7571.10200  2.38%  85.2 3985s
 1328442 558242 7572.23744   70   26 7756.00000 7571.10261  2.38%  85.2 3991s
 1330381 558915 7594.67652   80   17 7756.00000 7571.10344  2.38%  85.2 3995s
 1332905 559818 7578.85931   93   27 7756.00000 7571.10442  2.38%  85.2 4000s
 1335362 560770 7708.18538   70   29 7756.00000 7571.10524  2.38%  85.2 4007s
 1337250 561345 7614.84000   77   71 7756.00000 7571.10530  2.38%  85.1 4010s
 1339420 562226 7603.15352   70   87 7756.00000 7571.10598  2.38%  85.1 4015s
 1341867 563103 7589.87052   67  251 7756.00000 7571.10640  2.38%  85.1 4021s
 1343844 563808 7572.41356   71   18 7756.00000 7571.10688  2.38%  85.1 4025s
 1346448 564650 7571.43837   57   18 7756.00000 7571.10761  2.38%  85.1 4030s
 1348375 565351 7601.05967   83   23 7756.00000 7571.10895  2.38%  85.1 4035s
 1350990 566359 7631.05186   93  204 7756.00000 7571.10975  2.38%  85.0 4040s
 1353456 567375 7574.00000   73   12 7756.00000 7571.11039  2.38%  85.0 4045s
 1356156 568334 7702.94915   75   19 7756.00000 7571.11092  2.38%  85.0 4051s
 1358395 569165 7611.03059   72  123 7756.00000 7571.11152  2.38%  85.0 4056s
 1360046 569916 7704.38875   83   13 7756.00000 7571.11163  2.38%  84.9 4060s
 1362398 570679 7691.99178   89   26 7756.00000 7571.11191  2.38%  84.9 4065s
 1364864 571476 7619.62945   78  244 7756.00000 7571.11227  2.38%  84.9 4070s
 1367044 572220 7675.56000   87   12 7756.00000 7571.11330  2.38%  84.9 4075s
 1369315 573082 7629.19149   67   24 7756.00000 7571.11375  2.38%  84.8 4080s
 1371573 573762 infeasible   71      7756.00000 7571.11375  2.38%  84.8 4085s
 1374131 574707 7606.71130   67   17 7756.00000 7571.11375  2.38%  84.8 4091s
 1376265 575457     cutoff   78      7756.00000 7571.11392  2.38%  84.8 4095s
 1378691 576477 7588.70327   89  135 7756.00000 7571.11464  2.38%  84.8 4100s
 1381392 577212 7613.49485   73   13 7756.00000 7571.11504  2.38%  84.7 4105s
 1383824 577999 7718.36897   77  132 7756.00000 7571.11585  2.38%  84.7 4111s
 1385711 578823 7605.81856   70   24 7756.00000 7571.11601  2.38%  84.7 4116s
 1387536 579642 7615.04000   70    4 7756.00000 7571.11601  2.38%  84.7 4120s
 1389413 580433 7617.87546   74   38 7756.00000 7571.11601  2.38%  84.7 4125s
 1391522 581235 7603.67664   65  114 7756.00000 7571.11631  2.38%  84.7 4130s
 1394095 582116 7601.55245   86   32 7756.00000 7571.11675  2.38%  84.7 4135s
 1396682 583139 7612.80816   71   30 7756.00000 7571.11750  2.38%  84.7 4141s
 1398381 583929 7585.39233   69   79 7756.00000 7571.11750  2.38%  84.6 4145s
 1400557 584799 7571.41338   72   24 7756.00000 7571.11770  2.38%  84.6 4150s
 1403124 585634 7571.26585   79   21 7756.00000 7571.11832  2.38%  84.6 4155s
 1405466 586453 7611.86151   64   29 7756.00000 7571.11890  2.38%  84.6 4160s
 1408245 587705 7599.03333   74   11 7756.00000 7571.11928  2.38%  84.5 4165s
 1411223 588722 7571.23079   78   36 7756.00000 7571.12000  2.38%  84.5 4171s
 1413353 589453 7678.94625   82   17 7756.00000 7571.12000  2.38%  84.5 4175s
 1415835 590418 infeasible   74      7756.00000 7571.12000  2.38%  84.5 4180s
 1418270 591269 7598.32250   77   11 7756.00000 7571.12056  2.38%  84.4 4185s
 1420637 592234 7617.64404   71  200 7756.00000 7571.12100  2.38%  84.4 4190s
 1423062 593264 7702.00000   66   31 7756.00000 7571.12183  2.38%  84.4 4195s
 1425008 593812 7649.85212   79   33 7756.00000 7571.12221  2.38%  84.4 4201s
 1427022 594488 7634.28943   70  195 7756.00000 7571.12250  2.38%  84.4 4205s
 1429751 595265 infeasible   91      7756.00000 7571.12250  2.38%  84.4 4211s
 1432042 596207 7572.58671   70   22 7756.00000 7571.12250  2.38%  84.3 4216s
 1434461 597080 7666.40070   69  285 7756.00000 7571.12250  2.38%  84.3 4221s
 1436250 597734 7673.80459   93  137 7756.00000 7571.12275  2.38%  84.3 4225s
 1439253 598568 7571.23019   83   22 7756.00000 7571.12367  2.38%  84.3 4230s
 1441676 599269     cutoff   91      7756.00000 7571.12455  2.38%  84.3 4235s
 1444013 599945 7584.17892   81   98 7756.00000 7571.12561  2.38%  84.2 4240s
 1446495 600654 7572.12078   91   14 7756.00000 7571.12653  2.38%  84.2 4246s
 1448779 601478     cutoff   79      7756.00000 7571.12757  2.38%  84.2 4251s
 1450496 602082 7624.68000   74   19 7756.00000 7571.12826  2.38%  84.2 4255s
 1453239 602733 infeasible   87      7756.00000 7571.12973  2.38%  84.2 4260s
 1455805 603572 7705.20260   80  178 7756.00000 7571.13043  2.38%  84.2 4265s
 1458264 604332 7677.66562   83   33 7756.00000 7571.13092  2.38%  84.1 4270s
 1460636 605193 7645.05738   75  320 7756.00000 7571.13127  2.38%  84.1 4275s
 1463196 606055 7601.00000   71   18 7756.00000 7571.13245  2.38%  84.1 4281s
 1465444 606650 7685.53495   92  271 7756.00000 7571.13294  2.38%  84.1 4285s
 1467716 607339 7621.27985   79   18 7756.00000 7571.13338  2.38%  84.1 4290s
 1470859 608137 7672.20773   82   28 7756.00000 7571.13413  2.38%  84.0 4296s
 1473305 608906 7576.90429   81  137 7756.00000 7571.13490  2.38%  84.0 4300s
 1475042 609408 7717.58175   76   30 7756.00000 7571.13584  2.38%  84.0 4305s
 1477598 610299 7748.72277   73  103 7756.00000 7571.13625  2.38%  84.0 4311s
 1479417 610911     cutoff   94      7756.00000 7571.13649  2.38%  84.0 4315s
 1482052 611767     cutoff   87      7756.00000 7571.13770  2.38%  84.0 4320s
 1484631 612544 7605.94118   68   19 7756.00000 7571.13875  2.38%  84.0 4325s
 1486998 613250 7642.60000   75    6 7756.00000 7571.14005  2.38%  84.0 4330s
 1488954 613964 7721.79861   79   20 7756.00000 7571.14062  2.38%  83.9 4335s
 1491732 614725     cutoff   84      7756.00000 7571.14118  2.38%  83.9 4340s
 1494297 615658 7574.10414   85   29 7756.00000 7571.14218  2.38%  83.9 4345s
 1496887 616815 7608.99910   62  230 7756.00000 7571.14289  2.38%  83.9 4350s
 1499274 617799 7597.12140   79  246 7756.00000 7571.14334  2.38%  83.9 4355s
 1501598 618600 7601.15832   77  229 7756.00000 7571.14388  2.38%  83.9 4361s
 1503747 619258     cutoff   81      7756.00000 7571.14505  2.38%  83.8 4366s
 1505722 619854 7579.14401   78  120 7756.00000 7571.14511  2.38%  83.8 4370s
 1508171 620605 7601.05261   77   32 7756.00000 7571.14610  2.38%  83.8 4375s
 1510539 621403 7577.64261   70   34 7756.00000 7571.14647  2.38%  83.8 4380s
 1513373 622445 7695.71097   89   46 7756.00000 7571.14686  2.38%  83.8 4385s
 1515619 623138     cutoff   89      7756.00000 7571.14782  2.38%  83.7 4390s
 1518260 623797 7573.82188   80   17 7756.00000 7571.14851  2.38%  83.7 4395s
 1520529 624430 7654.00143   89  310 7756.00000 7571.14912  2.38%  83.7 4400s
 1522885 625363 infeasible   86      7756.00000 7571.15000  2.38%  83.7 4405s
 1525423 626095 7636.74119   74  118 7756.00000 7571.15065  2.38%  83.7 4410s
 1528126 627198 7599.09091   71   55 7756.00000 7571.15146  2.38%  83.6 4415s
 1530563 627881 infeasible   75      7756.00000 7571.15221  2.38%  83.6 4420s
 1532973 628726 7571.23210   68   25 7756.00000 7571.15244  2.38%  83.6 4426s
 1534762 629309 7676.84615   74   14 7756.00000 7571.15244  2.38%  83.6 4430s
 1537220 630062 7676.35052   76  205 7756.00000 7571.15254  2.38%  83.6 4435s
 1539553 630855 7698.64999   84   52 7756.00000 7571.15326  2.38%  83.6 4440s
 1542246 631679 7674.07464   79  136 7756.00000 7571.15440  2.38%  83.6 4446s
 1544802 632519 7682.03500   73   21 7756.00000 7571.15440  2.38%  83.5 4451s
 1546634 633116 7701.62116   83  137 7756.00000 7571.15440  2.38%  83.5 4455s
 1549207 633921 infeasible   70      7756.00000 7571.15450  2.38%  83.5 4460s
 1551496 634561     cutoff   70      7756.00000 7571.15542  2.38%  83.5 4465s
 1553979 635323 7705.45674   74   71 7756.00000 7571.15635  2.38%  83.5 4471s
 1555821 635827 7627.26000   79   17 7756.00000 7571.15645  2.38%  83.5 4475s
 1558641 636612 7573.33753   90   31 7756.00000 7571.15784  2.38%  83.5 4480s
 1561145 637358 7664.97737   79   20 7756.00000 7571.15882  2.38%  83.5 4485s
 1563657 638129     cutoff   80      7756.00000 7571.15976  2.38%  83.4 4491s
 1566174 639008     cutoff   97      7756.00000 7571.16060  2.38%  83.4 4496s
 1568296 639618 7588.48888   79   35 7756.00000 7571.16139  2.38%  83.4 4500s
 1570763 640267     cutoff   86      7756.00000 7571.16238  2.38%  83.4 4505s
 1573322 641240 7571.41664   92  120 7756.00000 7571.16325  2.38%  83.4 4511s
 1575145 641850 7636.14200   83   21 7756.00000 7571.16379  2.38%  83.4 4515s
 1577518 642651 infeasible   85      7756.00000 7571.16490  2.38%  83.4 4520s
 1580248 643602     cutoff   71      7756.00000 7571.16575  2.38%  83.3 4525s
 1582712 644440 7683.40000   69    6 7756.00000 7571.16634  2.38%  83.3 4530s
 1585160 645202 7623.11816   68   26 7756.00000 7571.16696  2.38%  83.3 4535s
 1586990 645884 7577.95814   80   29 7756.00000 7571.16722  2.38%  83.3 4540s
 1589733 646743 7656.19771   78  103 7756.00000 7571.16832  2.38%  83.3 4545s
 1591625 647545     cutoff   82      7756.00000 7571.16885  2.38%  83.2 4550s
 1594336 648534     cutoff   68      7756.00000 7571.16939  2.38%  83.2 4555s
 1597173 649973     cutoff   73      7756.00000 7571.16973  2.38%  83.2 4560s
 1600106 650921 7686.47974   78  102 7756.00000 7571.17045  2.38%  83.1 4566s
 1602494 651615     cutoff   76      7756.00000 7571.17161  2.38%  83.1 4570s
 1604230 652269 7669.78710   89   25 7756.00000 7571.17257  2.38%  83.1 4575s
 1606940 652964 7571.92609   71   17 7756.00000 7571.17341  2.38%  83.1 4580s
 1609400 653831 7737.18638   90  103 7756.00000 7571.17370  2.38%  83.1 4585s
 1612147 654719 infeasible   69      7756.00000 7571.17451  2.38%  83.0 4590s
 1614750 655459 infeasible  101      7756.00000 7571.17507  2.38%  83.0 4595s
 1617047 656502 7657.77592   77  206 7756.00000 7571.17544  2.38%  83.0 4601s
 1619111 657281 infeasible   85      7756.00000 7571.17593  2.38%  83.0 4606s
 1621175 657899 7668.03557   70   24 7756.00000 7571.17697  2.38%  83.0 4610s
 1623948 658671 7670.30985   78   36 7756.00000 7571.17837  2.38%  82.9 4615s
 1626401 659416 7571.31225   78   30 7756.00000 7571.17996  2.38%  82.9 4620s
 1628895 660227     cutoff   66      7756.00000 7571.18088  2.38%  82.9 4625s
 1630914 660825 7579.28773   73   17 7756.00000 7571.18182  2.38%  82.9 4630s
 1633687 661708 7618.55366   89   22 7756.00000 7571.18277  2.38%  82.9 4635s
 1636181 662437 7663.31234   78  264 7756.00000 7571.18418  2.38%  82.9 4640s
 1638743 663215 7605.23718   85  226 7756.00000 7571.18550  2.38%  82.8 4645s
 1641211 664132 7601.00000   66   16 7756.00000 7571.18556  2.38%  82.8 4650s
 1643711 665076 7724.77500   87  167 7756.00000 7571.18629  2.38%  82.8 4656s
 1645656 665988 infeasible   84      7756.00000 7571.18740  2.38%  82.8 4660s
 1648473 667384 7583.11765   67   63 7756.00000 7571.18750  2.38%  82.7 4665s
 1651246 668564 7573.93194   72   25 7756.00000 7571.18750  2.38%  82.7 4670s
 1654154 669439 7605.06007   74   23 7756.00000 7571.18778  2.38%  82.7 4676s
 1656434 669831 7629.08000   88    8 7756.00000 7571.18783  2.38%  82.6 4680s
 1658745 670624 7571.88613   70   30 7756.00000 7571.18867  2.38%  82.6 4685s
 1661600 671711 7680.80078   77  105 7756.00000 7571.18967  2.38%  82.6 4691s
 1663608 672152 7599.61000   86   17 7756.00000 7571.19021  2.38%  82.6 4695s
 1666557 673109 7574.33123   87   31 7756.00000 7571.19157  2.38%  82.5 4701s
 1668432 673543 7628.09155   94   72 7756.00000 7571.19231  2.38%  82.5 4705s
 1671189 674250 infeasible   73      7756.00000 7571.19312  2.38%  82.5 4710s
 1673561 675053 7716.77669   86   85 7756.00000 7571.19403  2.38%  82.5 4715s
 1676113 675801 7653.92595   83  252 7756.00000 7571.19522  2.38%  82.5 4720s
 1678310 676631 7599.87686   72   34 7756.00000 7571.19562  2.38%  82.5 4725s
 1680731 677365 infeasible   70      7756.00000 7571.19641  2.38%  82.4 4730s
 1682817 678356 infeasible   75      7756.00000 7571.19672  2.38%  82.4 4735s
 1685259 679145 7678.00000   77    7 7756.00000 7571.19750  2.38%  82.4 4740s
 1688012 679950 infeasible   79      7756.00000 7571.19885  2.38%  82.4 4745s
 1690495 681156 7582.94118   66   52 7756.00000 7571.19960  2.38%  82.4 4750s
 1692922 681898 7722.89835   78  189 7756.00000 7571.20078  2.38%  82.4 4755s
 1694951 682532 infeasible   84      7756.00000 7571.20192  2.38%  82.3 4760s
 1697897 683199 7577.69743   98   26 7756.00000 7571.20303  2.38%  82.3 4765s
 1700182 684253 7621.39976   82  118 7756.00000 7571.20393  2.38%  82.3 4770s
 1702839 685192 7613.04186   85   12 7756.00000 7571.20433  2.38%  82.3 4775s
 1705151 685847 7735.22263   82   17 7756.00000 7571.20565  2.38%  82.3 4780s
 1707818 686614 infeasible   78      7756.00000 7571.20617  2.38%  82.2 4786s
 1709824 687513 infeasible   80      7756.00000 7571.20639  2.38%  82.2 4790s
 1710477 687563 7607.90292   85   81 7756.00000 7571.20667  2.38%  82.2 4795s
 1712055 688053     cutoff   74      7756.00000 7571.20684  2.38%  82.2 4800s
 1715048 688912 7626.74667   89   31 7756.00000 7571.20797  2.38%  82.2 4805s
 1717812 689640 7712.03862   75   91 7756.00000 7571.20908  2.38%  82.2 4811s
 1719609 690443 7574.23773   89   14 7756.00000 7571.20974  2.38%  82.2 4815s
 1722307 691094 7657.56000   78    8 7756.00000 7571.21063  2.38%  82.1 4820s
 1725408 691996 7679.15778   79   21 7756.00000 7571.21189  2.38%  82.1 4825s
 1727807 692602 7656.72840   73   13 7756.00000 7571.21291  2.38%  82.1 4830s
 1730220 693243 infeasible   89      7756.00000 7571.21426  2.38%  82.1 4835s
 1732548 694161 7616.40750   84   16 7756.00000 7571.21429  2.38%  82.1 4841s
 1734715 694786 infeasible   85      7756.00000 7571.21468  2.38%  82.0 4845s
 1736997 695428 7608.13000   75   14 7756.00000 7571.21610  2.38%  82.0 4850s
 1739370 695910 infeasible   69      7756.00000 7571.21747  2.38%  82.0 4856s
 1741187 696387 7685.80119   78   28 7756.00000 7571.21835  2.38%  82.0 4860s
 1743580 697345 7620.02529   71  201 7756.00000 7571.21877  2.38%  82.0 4865s
 1746074 698702 7580.07031   74   63 7756.00000 7571.21877  2.38%  82.0 4870s
 1748722 700132 7572.75627   70   22 7756.00000 7571.21877  2.38%  81.9 4876s
 1751187 701556     cutoff   85      7756.00000 7571.21877  2.38%  81.9 4881s
 1753369 702725 7575.20526   63   78 7756.00000 7571.21877  2.38%  81.9 4886s
 1755927 703981 7623.55667   66    6 7756.00000 7571.21900  2.38%  81.8 4891s
 1758277 705118 7576.14286   60   66 7756.00000 7571.21900  2.38%  81.8 4896s
 1760357 705993     cutoff   60      7756.00000 7571.21900  2.38%  81.8 4900s
 1762803 707144 infeasible   68      7756.00000 7571.21900  2.38%  81.8 4906s
 1764574 707944 7572.15309   76   14 7756.00000 7571.21900  2.38%  81.8 4910s
 1766957 709131 7692.54587   72   91 7756.00000 7571.21904  2.38%  81.7 4915s
 1768914 710172 7704.54521   66  104 7756.00000 7571.21904  2.38%  81.7 14215s
 1770169 710723 7690.16842   74   85 7756.00000 7571.21904  2.38%  81.7 14220s
 1771619 711407 infeasible   70      7756.00000 7571.21904  2.38%  81.7 14225s
 1774150 712735 7599.22287   70  243 7756.00000 7571.21904  2.38%  81.6 14231s
 1775405 713104 7629.77000   85   10 7756.00000 7571.21916  2.38%  81.6 14235s
