
Gurobi 12.0.0 (win64) logging started Tue Feb 24 23:17:48 2026

Set parameter LogFile to value "Storage_orig/Logs/log______Sens_handling_time_0.75_2026_02_24_23_17_48.log"
Set parameter MIPGap to value 0.005
Set parameter OutputFlag to value 1
Gurobi Optimizer version 12.0.0 build v12.0.0rc1 (win64 - Windows 11+.0 (26200.2))

CPU model: Intel(R) Core(TM) i7-9750H CPU @ 2.60GHz, instruction set [SSE2|AVX|AVX2]
Thread count: 6 physical cores, 12 logical processors, using up to 12 threads

Non-default parameters:
MIPGap  0.005
MIPFocus  2

Optimize a model with 5520 rows, 1080 columns and 14632 nonzeros
Model fingerprint: 0xff6d33bf
Variable types: 24 continuous, 1056 integer (720 binary)
Coefficient statistics:
  Matrix range     [8e-01, 1e+03]
  Objective range  [1e+01, 2e+03]
  Bounds range     [1e+00, 1e+00]
  RHS range        [1e+00, 1e+03]

User MIP start did not produce a new incumbent solution
User MIP start violates constraint Time_LB_4_1_0 by 5.250000000

Found heuristic solution: objective 18900.000000
Presolve removed 3920 rows and 216 columns
Presolve time: 0.02s
Presolved: 1600 rows, 864 columns, 8604 nonzeros
Variable types: 24 continuous, 840 integer (600 binary)
Root relaxation presolve removed 4 rows and 0 columns
Root relaxation presolved: 1596 rows, 864 columns, 8564 nonzeros


Root relaxation: objective 4.977000e+03, 820 iterations, 0.03 seconds (0.03 work units)

    Nodes    |    Current Node    |     Objective Bounds      |     Work
 Expl Unexpl |  Obj  Depth IntInf | Incumbent    BestBd   Gap | It/Node Time

     0     0 4977.00003    0   36 18900.0000 4977.00003  73.7%     -    0s
H    0     0                    11170.000000 4977.00003  55.4%     -    0s
H    0     0                    10651.000000 4977.00003  53.3%     -    0s
H    0     0                    10052.000000 4977.00003  50.5%     -    0s
H    0     0                    9372.0000000 4977.00003  46.9%     -    0s
     0     0 4977.77143    0   67 9372.00000 4977.77143  46.9%     -    0s
     0     0 5020.65840    0   62 9372.00000 5020.65840  46.4%     -    0s
     0     0 5020.65840    0   65 9372.00000 5020.65840  46.4%     -    0s
     0     0 5065.05000    0  142 9372.00000 5065.05000  46.0%     -    1s
     0     0 5066.46667    0  119 9372.00000 5066.46667  45.9%     -    1s
     0     0 5066.46667    0  132 9372.00000 5066.46667  45.9%     -    1s
     0     0 5067.46667    0  147 9372.00000 5067.46667  45.9%     -    1s
     0     0 5067.46667    0  154 9372.00000 5067.46667  45.9%     -    1s
H    0     0                    9292.0000000 5081.73340  45.3%     -    1s
H    0     0                    8590.0000000 5081.73340  40.8%     -    1s
     0     0 5162.57104    0  169 8590.00000 5162.57104  39.9%     -    1s
     0     0 5162.68836    0  153 8590.00000 5162.68836  39.9%     -    1s
     0     0 5162.68836    0  158 8590.00000 5162.68836  39.9%     -    1s
H    0     0                    7777.0000000 5162.68836  33.6%     -    2s
H    0     0                    7717.0000000 5177.49733  32.9%     -    2s
H    0     0                    7678.0000000 5177.49733  32.6%     -    2s
     0     0 5177.49733    0  187 7678.00000 5177.49733  32.6%     -    2s
H    0     0                    7338.0000000 5177.49733  29.4%     -    2s
     0     0 5177.66773    0  198 7338.00000 5177.66773  29.4%     -    2s
H    0     0                    7198.0000000 5177.66773  28.1%     -    2s
     0     0 5177.66773    0  195 7198.00000 5177.66773  28.1%     -    2s
     0     0 5182.60315    0  240 7198.00000 5182.60315  28.0%     -    2s
H    0     0                    7099.0000000 5183.28951  27.0%     -    2s
H    0     0                    7039.0000000 5183.28951  26.4%     -    2s
H    0     0                    6899.0000000 5183.28951  24.9%     -    2s
H    0     0                    6559.0000000 5183.28951  21.0%     -    2s
     0     0 5183.28951    0  257 6559.00000 5183.28951  21.0%     -    2s
     0     0 5183.63333    0  326 6559.00000 5183.63333  21.0%     -    3s
     0     0 5183.63333    0   99 6559.00000 5183.63333  21.0%     -    3s
H    0     0                    6279.0000000 5186.20909  17.4%     -    3s
H    0     0                    6214.0000000 5186.20909  16.5%     -    3s
     0     2 5186.20909    0   99 6214.00000 5186.20909  16.5%     -    3s
H   78    87                    6092.0000000 5186.20909  14.9%   310    4s
   115   123 5348.89260   21  159 6092.00000 5186.20909  14.9%   281    5s
H  405   359                    6010.0000000 5186.20909  13.7%   178    6s
H  420   360                    5844.0000000 5186.20909  11.3%   178    6s
H  973   740                    5764.0000000 5194.07680  9.89%   154    8s
H 1292   910                    5684.0000000 5202.25987  8.48%   151    9s
  1406   956 5238.95942   12  303 5684.00000 5202.25987  8.48%   152   10s
  1690  1071 5590.38687   45  248 5684.00000 5202.25987  8.48%   161   16s
  1699  1077 5517.75007   25  435 5684.00000 5229.52128  8.00%   160   20s
  1715  1088 5635.46602   46  467 5684.00000 5237.22324  7.86%   159   25s
  1797  1153 5256.04190   16  273 5684.00000 5244.33168  7.74%   181   30s
  2134  1262 5427.36708   29  166 5684.00000 5249.89659  7.64%   194   35s
  2906  1425 5311.14823   15  239 5684.00000 5268.38321  7.31%   195   40s
  4042  1684 5488.37525   33  214 5684.00000 5277.38478  7.15%   183   45s
  5310  1815     cutoff   43      5684.00000 5314.80000  6.50%   178   50s
  6420  2141 5375.10000   19  153 5684.00000 5322.71478  6.36%   177   55s
  7625  2581     cutoff   35      5684.00000 5331.97617  6.19%   175   60s
  8872  2862 5357.62243   22  220 5684.00000 5342.24096  6.01%   175   65s
 10266  3090 5619.96651   36  195 5684.00000 5358.98636  5.72%   174   70s
 11531  3221 5571.57851   40  210 5684.00000 5380.39936  5.34%   174   76s
 13013  3345 5573.57555   22  185 5684.00000 5397.65651  5.04%   174   81s
 14093  3421 5464.85979   38   99 5684.00000 5410.27883  4.82%   175   85s
 15575  3806     cutoff   38      5684.00000 5423.52655  4.58%   173   92s
 16323  4013 5548.16739   30  199 5684.00000 5429.51292  4.48%   171   95s
 18898  4724     cutoff   38      5684.00000 5440.03656  4.29%   166  101s
 21176  5470 5567.64240   44  137 5684.00000 5447.35895  4.16%   163  107s
 22006  5723 5494.57808   20  227 5684.00000 5451.13406  4.10%   162  110s
 23724  6064 5552.01413   27  182 5684.00000 5456.79051  4.00%   160  115s
 25627  6445 5543.30029   51  144 5684.00000 5462.95616  3.89%   159  120s
 27620  6924 5608.60627   32  175 5684.00000 5471.57815  3.74%   158  127s
 29994  7389 5480.99468   24  253 5684.00000 5479.17526  3.60%   156  132s
 31071  7723     cutoff   32      5684.00000 5482.81962  3.54%   156  135s
 33453  8124 5568.88449   23  257 5684.00000 5485.59424  3.49%   155  142s
 34561  8496 5533.32772   38   52 5684.00000 5490.87074  3.40%   155  145s
 37122  9043 5501.59000   34  210 5684.00000 5497.43333  3.28%   154  154s
 38429  9344 5629.71294   28  265 5684.00000 5499.61926  3.24%   154  157s
 39740  9585 5530.77590   24  227 5684.00000 5503.14905  3.18%   153  161s
 41096  9877 5675.64701   30  141 5684.00000 5505.32609  3.14%   153  165s
 43701 10345 5531.58649   33  232 5684.00000 5509.23743  3.07%   152  173s
 44921 10636 5543.77632   29  201 5684.00000 5512.36357  3.02%   152  177s
 46181 10907 5618.64348   33  145 5684.00000 5514.79485  2.98%   152  182s
 47466 11167     cutoff   31      5684.00000 5516.55354  2.95%   152  186s
 50044 11832 5647.43727   37  163 5684.00000 5520.09754  2.88%   151  194s
 51157 12232     cutoff   45      5684.00000 5520.81952  2.87%   150  198s
 52491 12521 5584.10773   42  337 5684.00000 5522.34607  2.84%   149  203s
 53542 12855     cutoff   44      5684.00000 5523.30142  2.83%   149  206s
 54902 13249 5544.88646   43  189 5684.00000 5524.51658  2.81%   149  210s
 57512 13989 5636.31947   42  156 5684.00000 5526.02687  2.78%   147  218s
H58490 13604                    5660.0000000 5526.09110  2.37%   147  218s
 58677 13817 5631.50234   33  182 5660.00000 5526.19282  2.36%   147  221s
 59932 14105 5620.49844   31  143 5660.00000 5526.95228  2.35%   147  225s
 62140 14612 5637.04153   46  106 5660.00000 5528.07666  2.33%   146  232s
 63389 14838     cutoff   36      5660.00000 5528.54796  2.32%   146  237s
 64327 15153 5638.20000   34  140 5660.00000 5528.84589  2.32%   145  240s
*64616 14013              67    5636.0000000 5528.91650  1.90%   145  240s
 66968 14339 infeasible   36      5636.00000 5529.34009  1.89%   145  247s
 68129 14486 5564.16300   29  239 5636.00000 5529.71888  1.89%   144  251s
 69457 14659 5621.74638   34  196 5636.00000 5530.13826  1.88%   144  255s
 72094 14708     cutoff   25      5636.00000 5531.30615  1.86%   143  263s
 73104 14810     cutoff   36      5636.00000 5531.80297  1.85%   143  268s
 74743 14829     cutoff   31      5636.00000 5532.78091  1.83%   143  274s
 76146 14844 5569.33333   37   64 5636.00000 5533.47335  1.82%   142  278s
 77489 14697 5566.49935   39  158 5636.00000 5534.31224  1.80%   142  283s
 78692 14687 5634.88968   37  138 5636.00000 5535.32697  1.79%   142  289s
 79964 14680 5554.17432   36  210 5636.00000 5535.93428  1.78%   142  293s
 81338 14625     cutoff   33      5636.00000 5536.72676  1.76%   141  297s
 82661 14546 5598.39773   50  133 5636.00000 5537.57342  1.75%   141  300s
 83888 14432     cutoff   26      5636.00000 5538.41764  1.73%   141  305s
 86427 14404 5558.22855   46  178 5636.00000 5539.97311  1.70%   140  311s
 87572 14286 5596.18998   35  145 5636.00000 5540.85573  1.69%   140  315s
 90089 14064     cutoff   33      5636.00000 5542.75058  1.65%   140  323s
 91329 13960     cutoff   38      5636.00000 5543.38223  1.64%   140  326s
 93706 13693     cutoff   35      5636.00000 5545.13476  1.61%   140  333s
 94930 13531 5557.62487   50  214 5636.00000 5546.22035  1.59%   140  336s
 96227 13336 5631.34644   44  155 5636.00000 5547.49224  1.57%   140  340s
 98671 12983 5625.26474   26  133 5636.00000 5549.71866  1.53%   139  348s
 99926 12775 5627.46595   37  132 5636.00000 5550.60311  1.52%   139  352s
 101161 12536 5629.78943   33  125 5636.00000 5551.80466  1.49%   139  355s
 103650 12044 5566.14212   46  203 5636.00000 5554.11599  1.45%   139  363s
 104890 11820     cutoff   49      5636.00000 5555.67125  1.43%   139  366s
 106044 11729     cutoff   39      5636.00000 5556.88936  1.40%   139  371s
 106456 11575     cutoff   36      5636.00000 5557.00881  1.40%   139  375s
 108548 10976 5582.85328   32  300 5636.00000 5559.94935  1.35%   138  383s
 109943 10656 infeasible   39      5636.00000 5561.84211  1.32%   138  386s
 111276 10447 5575.09830   44  169 5636.00000 5563.23120  1.29%   138  391s
 112447 10160 5630.17168   36   69 5636.00000 5564.89131  1.26%   138  395s
 115241  9446     cutoff   30      5636.00000 5567.59375  1.21%   138  403s
 116574  9111     cutoff   45      5636.00000 5569.15268  1.19%   138  406s
 117923  8778 5595.80677   35  285 5636.00000 5570.74639  1.16%   137  410s
 120429  7872 5633.99131   35  163 5636.00000 5574.10873  1.10%   137  418s
 121795  7311     cutoff   42      5636.00000 5576.84077  1.05%   137  422s
 123155  6852 5618.78852   25  222 5636.00000 5579.52968  1.00%   137  426s
 124552  6338     cutoff   35      5636.00000 5582.10507  0.96%   136  430s
 127228  5139     cutoff   44      5636.00000 5588.36937  0.85%   136  437s
 128741  4703 5616.81379   30  104 5636.00000 5591.62443  0.79%   135  441s
 132945  3742     cutoff   22      5636.00000 5598.53715  0.66%   133  447s
 134046  3332     cutoff   31      5636.00000 5604.22507  0.56%   133  450s

Cutting planes:
  Learned: 5
  Gomory: 20
  Lift-and-project: 2
  Cover: 1683
  Implied bound: 135
  MIR: 765
  Mixing: 2
  StrongCG: 68
  Flow cover: 1076
  GUB cover: 1
  Inf proof: 19
  Zero half: 32
  Network: 5
  RLT: 2
  Relax-and-lift: 76

Explored 135143 nodes (17939748 simplex iterations) in 450.32 seconds (212.52 work units)
Thread count was 12 (of 12 available processors)

Solution count 10: 5636 5636 5660 ... 6279

Optimal solution found (tolerance 5.00e-03)
Best objective 5.636000000000e+03, best bound 5.608000000000e+03, gap 0.4968%
