
Gurobi 12.0.0 (win64) logging started Tue Feb 24 23:06:23 2026

Set parameter LogFile to value "Storage_orig/Logs/log______Sens_truck_cost_multiplier_1.5_2026_02_24_23_06_22.log"
Set parameter MIPGap to value 0.005
Set parameter OutputFlag to value 1
Gurobi Optimizer version 12.0.0 build v12.0.0rc1 (win64 - Windows 11+.0 (26200.2))

CPU model: Intel(R) Core(TM) i7-9750H CPU @ 2.60GHz, instruction set [SSE2|AVX|AVX2]
Thread count: 6 physical cores, 12 logical processors, using up to 12 threads

Non-default parameters:
MIPGap  0.005
MIPFocus  2

Optimize a model with 5520 rows, 1080 columns and 14632 nonzeros
Model fingerprint: 0x0f516b12
Variable types: 24 continuous, 1056 integer (720 binary)
Coefficient statistics:
  Matrix range     [2e-01, 1e+03]
  Objective range  [1e+01, 2e+03]
  Bounds range     [1e+00, 1e+00]
  RHS range        [1e+00, 1e+03]

User MIP start produced solution with objective 5912 (0.01s)
Loaded user MIP start with objective 5912

Presolve removed 3920 rows and 216 columns
Presolve time: 0.06s
Presolved: 1600 rows, 864 columns, 8604 nonzeros
Variable types: 24 continuous, 840 integer (600 binary)
Root relaxation presolve removed 4 rows and 0 columns
Root relaxation presolved: 1596 rows, 864 columns, 8564 nonzeros


Root relaxation: objective 4.977000e+03, 820 iterations, 0.08 seconds (0.03 work units)

    Nodes    |    Current Node    |     Objective Bounds      |     Work
 Expl Unexpl |  Obj  Depth IntInf | Incumbent    BestBd   Gap | It/Node Time

     0     0 4977.00003    0   37 5912.00000 4977.00003  15.8%     -    0s
     0     0 4984.38691    0   91 5912.00000 4984.38691  15.7%     -    0s
     0     0 4985.47389    0   84 5912.00000 4985.47389  15.7%     -    0s
     0     0 5082.48577    0  139 5912.00000 5082.48577  14.0%     -    1s
     0     0 5082.48577    0  111 5912.00000 5082.48577  14.0%     -    1s
     0     0 5082.48577    0  111 5912.00000 5082.48577  14.0%     -    1s
     0     0 5086.73834    0  119 5912.00000 5086.73834  14.0%     -    1s
     0     0 5131.59478    0  189 5912.00000 5131.59478  13.2%     -    2s
     0     0 5146.41523    0  164 5912.00000 5146.41523  12.9%     -    2s
     0     0 5147.05976    0  238 5912.00000 5147.05976  12.9%     -    2s
     0     0 5149.04435    0  209 5912.00000 5149.04435  12.9%     -    2s
     0     0 5151.62812    0  215 5912.00000 5151.62812  12.9%     -    2s
     0     0 5151.71088    0  243 5912.00000 5151.71088  12.9%     -    2s
     0     0 5151.71998    0  256 5912.00000 5151.71998  12.9%     -    2s
H    0     0                    5896.0000000 5151.71998  12.6%     -    3s
     0     0 5181.70000    0  225 5896.00000 5181.70000  12.1%     -    3s
     0     0 5181.71569    0  221 5896.00000 5181.71569  12.1%     -    3s
     0     0 5189.10594    0  210 5896.00000 5189.10594  12.0%     -    4s
     0     0 5189.10594    0  209 5896.00000 5189.10594  12.0%     -    4s
     0     0 5189.12999    0  256 5896.00000 5189.12999  12.0%     -    5s
     0     0 5189.12999    0  150 5896.00000 5189.12999  12.0%     -    5s
     0     2 5189.14785    0  126 5896.00000 5189.14785  12.0%     -    5s
   360   354 5384.14307   39   87 5896.00000 5195.72745  11.9%   169   10s
   940   731 5277.68487    9  219 5896.00000 5200.33094  11.8%   146   15s
  1265   869 5338.07586   12  197 5896.00000 5215.18937  11.5%   151   20s
  1888  1150 5399.00064   16  150 5896.00000 5250.30183  11.0%   167   26s
  1895  1155 5842.00000   19  308 5896.00000 5256.40357  10.8%   166   31s
  1899  1157 5292.81712   17  326 5896.00000 5258.29500  10.8%   166   35s
  2035  1253 5267.48523   18  129 5896.00000 5262.00132  10.8%   177   40s
  2397  1268     cutoff   31      5896.00000 5267.32342  10.7%   178   45s
  2893  1288 5852.35619   26  118 5896.00000 5276.31209  10.5%   178   50s
  3599  1242 5348.82298   18  231 5896.00000 5284.67727  10.4%   177   55s
  4581  1128     cutoff   26      5896.00000 5315.45000  9.85%   173   60s
  5471   996 5352.30572   18  237 5896.00000 5319.60000  9.78%   170   65s
  6341  1127 5858.92676   22  194 5896.00000 5342.94570  9.38%   167   70s
  6936  1155 5853.60689   21  248 5896.00000 5357.07903  9.14%   166   76s
  7331  1189 5397.53147   20  339 5896.00000 5368.59286  8.95%   166   80s
  8352  1156 5858.93571   23  117 5896.00000 5389.45000  8.59%   164   85s
  9338  1202 5763.86050   32  174 5896.00000 5435.57826  7.81%   164   90s
 11283  1787     cutoff   64      5896.00000 5742.07692  2.61%   151   96s
 13238  1845 5780.36514   38  150 5896.00000 5748.91026  2.49%   138  100s
 14222  1883 5817.57778   18   89 5896.00000 5756.86955  2.36%   134  106s
 15276  1903 5852.00000   26   73 5896.00000 5758.91132  2.33%   130  111s
 17445  1886     cutoff   23      5896.00000 5793.96825  1.73%   123  116s
 19372  1820 5830.78294   18  131 5896.00000 5811.31370  1.44%   119  121s
 21330  1727 5865.57827   20  166 5896.00000 5824.79664  1.21%   115  127s
 22342  1602     cutoff   27      5896.00000 5833.30000  1.06%   114  130s
 26164  2331     cutoff   35      5896.00000 5846.00000  0.85%   103  138s
 28794  2482 5849.00000   44    1 5896.00000 5846.20699  0.84%  97.5  140s
 32989  2781 5857.66671   47   80 5896.00000 5849.00000  0.80%  89.7  145s
 37109  2937 5858.83386   44  109 5896.00000 5849.00000  0.80%  83.7  151s
 39743  3066 5849.00000   42    1 5896.00000 5849.00000  0.80%  80.7  155s
 43753  3077 5888.72063   45   89 5896.00000 5849.00000  0.80%  76.8  160s
 47161  3501 5858.83386   46   99 5896.00000 5849.00000  0.80%  74.4  166s
 49480  3590     cutoff   44      5896.00000 5849.00000  0.80%  73.3  170s
 51687  3679 5866.33333   45   47 5896.00000 5849.00000  0.80%  72.9  175s
 54098  3616 5860.66667   41   40 5896.00000 5849.00000  0.80%  72.1  180s
 57310  4146     cutoff   44      5896.00000 5849.66000  0.79%  70.0  185s
 60097  4087 5852.66827   46   97 5896.00000 5850.00000  0.78%  68.6  190s
 63329  3927 5869.76923   48  146 5896.00000 5852.50000  0.74%  66.5  195s
 67861  2460     cutoff   48      5896.00000 5854.41191  0.71%  63.8  201s
 70663  1375     cutoff   48      5896.00000 5856.00000  0.68%  62.6  205s

Cutting planes:
  Learned: 32
  Gomory: 13
  Lift-and-project: 1
  Cover: 613
  Implied bound: 21
  MIR: 339
  StrongCG: 28
  Flow cover: 594
  Inf proof: 6
  Zero half: 26
  Network: 3
  RLT: 4
  Relax-and-lift: 42

Explored 74716 nodes (4561341 simplex iterations) in 209.31 seconds (59.26 work units)
Thread count was 12 (of 12 available processors)

Solution count 3: 5896 5896 5912 

Optimal solution found (tolerance 5.00e-03)
Best objective 5.896000000000e+03, best bound 5.868000000000e+03, gap 0.4749%
