
Gurobi 12.0.0 (win64) logging started Thu Feb 19 08:41:46 2026

Set parameter LogFile to value "Storage_orig/Logs/log______Sens_handling_time_0.3_2026_02_19_08_41_46.log"
Set parameter MIPGap to value 0.005
Set parameter OutputFlag to value 1
Gurobi Optimizer version 12.0.0 build v12.0.0rc1 (win64 - Windows 11+.0 (26200.2))

CPU model: Intel(R) Core(TM) i7-9750H CPU @ 2.60GHz, instruction set [SSE2|AVX|AVX2]
Thread count: 6 physical cores, 12 logical processors, using up to 12 threads

Non-default parameters:
MIPGap  0.005
MIPFocus  2

Optimize a model with 4176 rows, 840 columns and 11022 nonzeros
Model fingerprint: 0xe4275a0a
Variable types: 18 continuous, 822 integer (570 binary)
Coefficient statistics:
  Matrix range     [3e-01, 1e+03]
  Objective range  [1e+01, 2e+03]
  Bounds range     [1e+00, 1e+00]
  RHS range        [1e+00, 1e+03]

User MIP start did not produce a new incumbent solution
User MIP start violates constraint Time_LB_1_4_0 by 2.300000000

Found heuristic solution: objective 18840.000000
Presolve removed 2934 rows and 192 columns
Presolve time: 0.01s
Presolved: 1242 rows, 648 columns, 6477 nonzeros
Variable types: 18 continuous, 630 integer (450 binary)
Root relaxation presolve removed 3 rows and 0 columns
Root relaxation presolved: 1239 rows, 648 columns, 6447 nonzeros


Root relaxation: objective 5.417700e+03, 509 iterations, 0.01 seconds (0.02 work units)

    Nodes    |    Current Node    |     Objective Bounds      |     Work
 Expl Unexpl |  Obj  Depth IntInf | Incumbent    BestBd   Gap | It/Node Time

     0     0 5417.70000    0   16 18840.0000 5417.70000  71.2%     -    0s
H    0     0                    14214.000000 5417.70000  61.9%     -    0s
H    0     0                    13801.000000 5417.70000  60.7%     -    0s
H    0     0                    12961.000000 5417.70000  58.2%     -    0s
H    0     0                    12896.000000 5417.70000  58.0%     -    0s
H    0     0                    12857.000000 5417.70000  57.9%     -    0s
H    0     0                    12657.000000 5417.70000  57.2%     -    0s
H    0     0                    11320.000000 5418.26667  52.1%     -    0s
     0     0 5432.93953    0   54 11320.0000 5432.93953  52.0%     -    0s
     0     0 5432.93953    0   31 11320.0000 5432.93953  52.0%     -    0s
     0     0 5432.93953    0   36 11320.0000 5432.93953  52.0%     -    0s
H    0     0                    9621.0000000 5468.14167  43.2%     -    0s
     0     0 5537.48594    0  116 9621.00000 5537.48594  42.4%     -    0s
H    0     0                    9541.0000000 5541.75831  41.9%     -    0s
H    0     0                    9201.0000000 5541.75831  39.8%     -    0s
     0     0 5548.41300    0  115 9201.00000 5548.41300  39.7%     -    0s
     0     0 5553.54269    0  122 9201.00000 5553.54269  39.6%     -    0s
     0     0 5553.63899    0  118 9201.00000 5553.63899  39.6%     -    0s
     0     0 5553.63899    0  130 9201.00000 5553.63899  39.6%     -    0s
H    0     0                    8322.0000000 5553.63899  33.3%     -    0s
H    0     0                    8202.0000000 5607.53272  31.6%     -    0s
H    0     0                    7575.0000000 5607.53272  26.0%     -    0s
H    0     0                    7095.0000000 5607.53272  21.0%     -    0s
H    0     0                    6955.0000000 5607.53272  19.4%     -    0s
H    0     0                    6815.0000000 5607.53272  17.7%     -    0s
     0     0 5607.53272    0  212 6815.00000 5607.53272  17.7%     -    0s
     0     0 5610.69789    0  215 6815.00000 5610.69789  17.7%     -    0s
     0     0 5618.29439    0  224 6815.00000 5618.29439  17.6%     -    0s
     0     0 5618.30523    0  229 6815.00000 5618.30523  17.6%     -    0s
H    0     0                    6777.0000000 5618.30523  17.1%     -    1s
H    0     0                    6637.0000000 5618.30523  15.3%     -    1s
     0     0 5635.00000    0  240 6637.00000 5635.00000  15.1%     -    1s
H    0     0                    6486.0000000 5635.00000  13.1%     -    1s
H    0     0                    6286.0000000 5635.00000  10.4%     -    1s
H    0     0                    6226.0000000 5635.00000  9.49%     -    1s
H    0     0                    6086.0000000 5635.00000  7.41%     -    1s
     0     0 5635.00000    0  257 6086.00000 5635.00000  7.41%     -    1s
     0     0 5635.00000    0  277 6086.00000 5635.00000  7.41%     -    1s
     0     0 5635.00000    0   76 6086.00000 5635.00000  7.41%     -    1s
     0     2 5635.00000    0   74 6086.00000 5635.00000  7.41%     -    1s
H  416   333                    6006.0000000 5635.40580  6.17%   134    4s
   520   439     cutoff   28      6006.00000 5635.44118  6.17%   131    5s
  1818  1126 5687.29334   21   16 6006.00000 5638.88374  6.11%   130   10s
  1921  1213 5638.88374   17  254 6006.00000 5638.88374  6.11%   137   15s
H 2428  1308                    5994.0000000 5638.88374  5.92%   146   18s
  2870  1476 5871.73067   27   97 5994.00000 5640.82353  5.89%   144   20s
  4953  1772     cutoff   44      5994.00000 5654.04070  5.67%   145   25s
  7484  3017 5840.19098   26   47 5994.00000 5669.45762  5.41%   144   30s
  9758  4024 5860.93723   32  241 5994.00000 5680.81648  5.22%   141   35s
 12403  5054 5760.29778   17  104 5994.00000 5692.36903  5.03%   139   40s
 15769  6107 5826.21053   34  140 5994.00000 5714.42521  4.66%   138   46s
H15770  5836                    5958.0000000 5714.42521  4.09%   138   46s
 16889  6244 5740.38590   29  235 5958.00000 5724.91304  3.91%   138   50s
 19800  7317 5789.89063   23  155 5958.00000 5738.94257  3.68%   137   55s
 21991  8113     cutoff   28      5958.00000 5739.34196  3.67%   139   60s
 24657  8983 5788.65714   24  178 5958.00000 5740.72102  3.65%   139   65s
 27318  9871 5860.10474   26  189 5958.00000 5742.12303  3.62%   139   71s
 29545 10371     cutoff   29      5958.00000 5743.54661  3.60%   140   75s
 32089 10949 5901.59588   35  217 5958.00000 5744.70860  3.58%   139   80s
 34572 11698 5879.82387   36  178 5958.00000 5746.90392  3.54%   139   85s
*37061 11551              39    5934.0000000 5748.19591  3.13%   139   87s
 37165 11768 5846.94773   34  182 5934.00000 5748.83576  3.12%   139   90s
 39753 12266 5883.47709   26  128 5934.00000 5750.74392  3.09%   138   95s
 42255 12686 5889.58824   33   73 5934.00000 5752.88235  3.05%   138  100s
 44667 12985 infeasible   25      5934.00000 5755.34849  3.01%   138  105s
 47509 13373     cutoff   31      5934.00000 5757.63636  2.97%   137  110s
 50077 13799     cutoff   37      5934.00000 5760.26316  2.93%   137  115s
 53877 14338 5882.68319   34  122 5934.00000 5763.02477  2.88%   136  122s
 56315 14598 5841.35814   31  151 5934.00000 5765.39841  2.84%   136  127s
 58939 14933 5839.32879   44  264 5934.00000 5767.76119  2.80%   135  131s
 61416 15221     cutoff   37      5934.00000 5770.33122  2.76%   135  136s
 63980 15481 5888.64053   34  221 5934.00000 5772.78302  2.72%   135  140s
 66402 15699     cutoff   31      5934.00000 5775.33562  2.67%   135  145s
 68698 15909 infeasible   27      5934.00000 5777.93750  2.63%   134  150s
 71337 16199 5884.01808   29   69 5934.00000 5779.77599  2.60%   134  155s
 73864 16345 5804.99878   32  205 5934.00000 5782.62438  2.55%   133  160s
 76527 16659 5848.48649   38  149 5934.00000 5784.75527  2.52%   133  167s
 79165 16836 5801.66136   29  138 5934.00000 5787.05882  2.48%   133  172s
 80518 16921     cutoff   42      5934.00000 5788.09996  2.46%   133  175s
 83233 17100 5907.15228   30  151 5934.00000 5791.07243  2.41%   133  180s
 85965 17324 5888.83307   30  174 5934.00000 5793.09013  2.37%   132  185s
 88498 17498 infeasible   49      5934.00000 5794.83198  2.35%   132  190s
 91009 17619 5846.67431   45  192 5934.00000 5796.74114  2.31%   132  195s
 93060 17706 5857.32008   35  139 5934.00000 5798.70046  2.28%   132  201s
 96214 17847 5852.69210   31  293 5934.00000 5801.61280  2.23%   131  206s
 98893 17940 5871.13495   33  183 5934.00000 5803.91464  2.19%   131  212s
 101553 17998 5809.13491   37  237 5934.00000 5805.99865  2.16%   131  217s
 104055 18061 infeasible   40      5934.00000 5808.48031  2.12%   131  222s
 106339 18082 5861.79428   36  134 5934.00000 5810.48612  2.08%   131  227s
 108938 18078     cutoff   31      5934.00000 5813.02424  2.04%   130  232s
 110225 18133 5820.17595   41  141 5934.00000 5813.92487  2.02%   130  235s
 113854 18081 5884.56543   27  114 5934.00000 5817.41223  1.96%   130  242s
 115046 18069 5827.22722   29  182 5934.00000 5818.75000  1.94%   130  245s
 117374 18053     cutoff   32      5934.00000 5821.00054  1.90%   130  250s
 119878 18075 5898.56701   49  133 5934.00000 5823.86061  1.86%   129  255s
 122542 17988     cutoff   30      5934.00000 5826.34324  1.81%   129  260s
 125014 17946 5850.24450   32  140 5934.00000 5828.38948  1.78%   129  265s
 127234 17810     cutoff   29      5934.00000 5830.60677  1.74%   129  271s
 129680 17730 5844.96788   30  260 5934.00000 5833.25000  1.70%   129  276s
 132219 17631 5898.00000   32  120 5934.00000 5835.88057  1.65%   128  281s
 134748 17541     cutoff   34      5934.00000 5838.00000  1.62%   128  286s
 137076 17623 5859.66392   22  182 5934.00000 5840.00000  1.58%   128  291s
 139719 17745     cutoff   46      5934.00000 5840.28357  1.58%   128  297s
 142347 17777     cutoff   28      5934.00000 5840.96684  1.57%   127  302s
 143436 17734 5845.62162   35  117 5934.00000 5841.45891  1.56%   127  305s
 145783 17675     cutoff   27      5934.00000 5842.78027  1.54%   127  310s
 148021 17866 5887.58315   38  116 5934.00000 5843.02834  1.53%   127  315s
 150730 17942     cutoff   31      5934.00000 5843.34579  1.53%   127  320s
 153127 17873 5902.61573   26  188 5934.00000 5843.96742  1.52%   126  326s
 155571 17674 5886.12569   34  237 5934.00000 5844.60167  1.51%   126  332s
 157981 17512 infeasible   29      5934.00000 5845.57027  1.49%   126  337s
 159181 17449     cutoff   25      5934.00000 5846.02204  1.48%   126  340s
 161619 17297     cutoff   34      5934.00000 5846.81058  1.47%   126  345s
 164181 17174     cutoff   30      5934.00000 5847.60080  1.46%   126  351s
 166452 17055 5869.25823   27  175 5934.00000 5848.20025  1.45%   125  357s
 169157 16986     cutoff   29      5934.00000 5849.22918  1.43%   125  362s
 170170 16862     cutoff   29      5934.00000 5849.74664  1.42%   125  365s
 172945 16590 5896.88641   31  172 5934.00000 5850.95711  1.40%   125  371s
 175662 16293 5868.78415   31  167 5934.00000 5852.12493  1.38%   124  377s
 178090 16039 5888.90157   26  190 5934.00000 5853.35158  1.36%   124  382s
 179360 15840     cutoff   31      5934.00000 5853.91844  1.35%   124  385s
 181869 15455     cutoff   35      5934.00000 5855.17111  1.33%   124  390s
 184330 15101     cutoff   28      5934.00000 5856.46667  1.31%   124  396s
 186753 14729 5863.94118   29  116 5934.00000 5857.38117  1.29%   124  402s
 188018 14503 5858.84038   39  205 5934.00000 5857.79436  1.28%   124  405s
 190558 13998 5917.32958   29  169 5934.00000 5859.24858  1.26%   124  410s
 192906 13520 5869.14028   27  129 5934.00000 5860.64853  1.24%   124  416s
 195434 12964     cutoff   25      5934.00000 5862.30936  1.21%   123  422s
 196842 12671 5909.00000   31  125 5934.00000 5863.45455  1.19%   123  425s
 199663 12035 5882.44836   34  178 5934.00000 5865.84193  1.15%   123  431s
 202033 11334     cutoff   26      5934.00000 5867.77636  1.12%   123  437s
 203357 10981     cutoff   38      5934.00000 5869.02347  1.09%   123  440s
 205964 10257 infeasible   31      5934.00000 5871.59564  1.05%   122  445s
 207994  9778 5894.74462   37  159 5934.00000 5873.20323  1.02%   122  453s
 208781  9281 5878.61873   31  283 5934.00000 5874.60952  1.00%   122  455s
 211750  8519 5890.87617   24  138 5934.00000 5879.18967  0.92%   122  461s
 214793  7813 5899.38804   24  229 5934.00000 5882.48571  0.87%   121  466s
 217683  7120     cutoff   32      5934.00000 5884.58449  0.83%   121  472s
 220397  6344 5898.66951   26  114 5934.00000 5887.40000  0.79%   120  477s
 223249  5361 5921.30909   42  121 5934.00000 5890.38118  0.74%   120  482s
 224602  5255     cutoff   30      5934.00000 5892.41576  0.70%   119  485s
 233443  5584 5894.00000   51    9 5934.00000 5894.00000  0.67%   116  490s
 242059  5713     cutoff   59      5934.00000 5894.00000  0.67%   112  495s
 250425  6125 5920.00000   50    8 5934.00000 5894.00000  0.67%   108  500s
 254532  6567     cutoff   47      5934.00000 5894.00000  0.67%   107  505s
 266962  6989 5894.00000   51   10 5934.00000 5894.00000  0.67%   102  510s
 272568  7241 5894.06758   50   37 5934.00000 5894.00000  0.67%   100  517s
 277095  7212 5917.88026   57   54 5934.00000 5894.00000  0.67%  99.3  520s
 281316  6396     cutoff   38      5934.00000 5895.40044  0.65%  98.4  525s
 284618  4807     cutoff   33      5934.00000 5899.25063  0.59%  98.0  531s
 286945  4132 5917.39667   33  223 5934.00000 5900.81171  0.56%  97.7  535s

Cutting planes:
  Learned: 214
  Gomory: 62
  Lift-and-project: 2
  Cover: 2124
  Implied bound: 57
  Projected implied bound: 1
  MIR: 516
  StrongCG: 54
  Flow cover: 665
  Inf proof: 33
  Zero half: 25
  Network: 3
  RLT: 5
  Relax-and-lift: 50

Explored 289381 nodes (28149870 simplex iterations) in 537.56 seconds (317.50 work units)
Thread count was 12 (of 12 available processors)

Solution count 10: 5934 5934 5958 ... 6637

Optimal solution found (tolerance 5.00e-03)
Best objective 5.934000000000e+03, best bound 5.905000000000e+03, gap 0.4887%
