
Gurobi 12.0.0 (win64) logging started Tue Feb 17 01:01:18 2026

Set parameter LogFile to value "Storage_orig/Logs/log______Sens_handling_time_1_2026_02_17_01_01_18.log"
Set parameter MIPGap to value 0.01
Set parameter OutputFlag to value 1
Set parameter TimeLimit to value 600
Gurobi Optimizer version 12.0.0 build v12.0.0rc1 (win64 - Windows 11+.0 (26200.2))

CPU model: Intel(R) Core(TM) i7-9750H CPU @ 2.60GHz, instruction set [SSE2|AVX|AVX2]
Thread count: 6 physical cores, 12 logical processors, using up to 12 threads

Non-default parameters:
TimeLimit  600
MIPGap  0.01
MIPFocus  1

Optimize a model with 4170 rows, 840 columns and 11004 nonzeros
Model fingerprint: 0xffcc78e6
Variable types: 18 continuous, 822 integer (570 binary)
Coefficient statistics:
  Matrix range     [1e+00, 1e+03]
  Objective range  [1e+01, 2e+03]
  Bounds range     [1e+00, 1e+00]
  RHS range        [1e+00, 1e+03]
Found heuristic solution: objective 18900.000000
Presolve removed 2940 rows and 192 columns
Presolve time: 0.02s
Presolved: 1230 rows, 648 columns, 6453 nonzeros
Variable types: 18 continuous, 630 integer (450 binary)

Root relaxation: objective 5.467500e+03, 407 iterations, 0.01 seconds (0.01 work units)

    Nodes    |    Current Node    |     Objective Bounds      |     Work
 Expl Unexpl |  Obj  Depth IntInf | Incumbent    BestBd   Gap | It/Node Time

     0     0 5467.50003    0   37 18900.0000 5467.50003  71.1%     -    0s
H    0     0                    15024.000000 5467.50003  63.6%     -    0s
H    0     0                    14684.000000 5467.50003  62.8%     -    0s
H    0     0                    13006.000000 5467.50003  58.0%     -    0s
H    0     0                    12926.000000 5468.00013  57.7%     -    0s
     0     0 5468.00013    0   71 12926.0000 5468.00013  57.7%     -    0s
H    0     0                    12831.000000 5468.45458  57.4%     -    0s
H    0     0                    12291.000000 5468.45458  55.5%     -    0s
H    0     0                    12011.000000 5468.45458  54.5%     -    0s
     0     0 5468.45458    0   56 12011.0000 5468.45458  54.5%     -    0s
     0     0 5485.37348    0   38 12011.0000 5485.37348  54.3%     -    0s
     0     0 5485.37348    0   50 12011.0000 5485.37348  54.3%     -    0s
     0     0 5549.41254    0   72 12011.0000 5549.41254  53.8%     -    0s
     0     0 5552.39649    0   98 12011.0000 5552.39649  53.8%     -    0s
H    0     0                    10987.000000 5555.98707  49.4%     -    0s
     0     0 5555.98707    0  113 10987.0000 5555.98707  49.4%     -    0s
     0     0 5556.37024    0  113 10987.0000 5556.37024  49.4%     -    0s
     0     0 5560.58549    0  115 10987.0000 5560.58549  49.4%     -    0s
     0     0 5561.03505    0  124 10987.0000 5561.03505  49.4%     -    0s
     0     0 5561.07124    0  114 10987.0000 5561.07124  49.4%     -    0s
     0     0 5561.07124    0  116 10987.0000 5561.07124  49.4%     -    0s
H    0     0                    10847.000000 5561.07124  48.7%     -    0s
H    0     0                    10554.000000 5593.13997  47.0%     -    0s
     0     0 5593.13997    0  149 10554.0000 5593.13997  47.0%     -    0s
H    0     0                    10294.000000 5593.13997  45.7%     -    0s
H    0     0                    10147.000000 5608.55075  44.7%     -    0s
H    0     0                    9658.0000000 5608.55075  41.9%     -    0s
H    0     0                    9118.0000000 5608.55075  38.5%     -    0s
     0     0 5608.55075    0  153 9118.00000 5608.55075  38.5%     -    0s
     0     0 5610.21150    0  162 9118.00000 5610.21150  38.5%     -    0s
     0     0 5611.57302    0  157 9118.00000 5611.57302  38.5%     -    0s
H    0     0                    9058.0000000 5612.25472  38.0%     -    0s
H    0     0                    8658.0000000 5612.25472  35.2%     -    0s
     0     0 5612.25472    0  175 8658.00000 5612.25472  35.2%     -    0s
H    0     0                    8518.0000000 5614.13132  34.1%     -    0s
H    0     0                    8438.0000000 5614.13132  33.5%     -    0s
     0     0 5614.13132    0  192 8438.00000 5614.13132  33.5%     -    0s
     0     0 5624.21195    0  209 8438.00000 5624.21195  33.3%     -    0s
     0     0 5626.22100    0  218 8438.00000 5626.22100  33.3%     -    0s
     0     0 5630.24863    0  195 8438.00000 5630.24863  33.3%     -    0s
     0     0 5640.27857    0  200 8438.00000 5640.27857  33.2%     -    0s
     0     0 5640.55245    0  222 8438.00000 5640.55245  33.2%     -    0s
     0     0 5642.89766    0  219 8438.00000 5642.89766  33.1%     -    0s
H    0     0                    8399.0000000 5645.66688  32.8%     -    0s
H    0     0                    8298.0000000 5645.66688  32.0%     -    0s
H    0     0                    8259.0000000 5645.66688  31.6%     -    0s
     0     0 5645.66688    0  204 8259.00000 5645.66688  31.6%     -    0s
H    0     0                    8119.0000000 5645.99646  30.5%     -    0s
     0     0 5645.99646    0  218 8119.00000 5645.99646  30.5%     -    0s
     0     0 5646.09240    0  223 8119.00000 5646.09240  30.5%     -    0s
     0     0 5648.01993    0  166 8119.00000 5648.01993  30.4%     -    0s
     0     0 5648.21359    0  174 8119.00000 5648.21359  30.4%     -    0s
     0     0 5648.21555    0  179 8119.00000 5648.21555  30.4%     -    0s
H    0     0                    7792.0000000 5669.38761  27.2%     -    0s
H    0     0                    7592.0000000 5669.38761  25.3%     -    0s
     0     0 5669.38761    0  178 7592.00000 5669.38761  25.3%     -    0s
     0     0 5672.64702    0  222 7592.00000 5672.64702  25.3%     -    0s
     0     0 5675.14423    0  202 7592.00000 5675.14423  25.2%     -    1s
     0     0 5675.80459    0  226 7592.00000 5675.80459  25.2%     -    1s
     0     0 5675.94417    0  238 7592.00000 5675.94417  25.2%     -    1s
     0     0 5675.94417    0  259 7592.00000 5675.94417  25.2%     -    1s
H    0     0                    7452.0000000 5675.94417  23.8%     -    1s
H    0     0                    7392.0000000 5675.94417  23.2%     -    1s
H    0     0                    7252.0000000 5675.94417  21.7%     -    1s
     0     0 5678.66588    0  197 7252.00000 5678.66588  21.7%     -    1s
H    0     0                    7172.0000000 5678.66588  20.8%     -    1s
H    0     0                    7112.0000000 5678.66588  20.2%     -    1s
     0     2 5678.66588    0  179 7112.00000 5678.66588  20.2%     -    1s
H   78    81                    6832.0000000 5678.83629  16.9%   155    2s
H  272   289                    6796.0000000 5679.53864  16.4%  73.6    2s
H  300   293                    6760.0000000 5679.53864  16.0%  75.7    3s
H  402   365                    6721.0000000 5679.80077  15.5%  74.3    3s
H  448   411                    6682.0000000 5680.02486  15.0%  74.4    3s
H  566   498                    6562.0000000 5680.39619  13.4%  68.7    3s
H  586   559                    6422.0000000 5680.39619  11.5%  67.1    3s
H  640   592                    6282.0000000 5680.39619  9.58%  65.4    4s
H  707   585                    6202.0000000 5680.39619  8.41%  64.3    4s
   849   690 5882.14661   25   52 6202.00000 5680.39619  8.41%  63.3    5s
H  855   674                    6101.0000000 5680.39619  6.89%  63.5    5s
H 1086   857                    6080.0000000 5681.43075  6.56%  62.6    6s
H 1239   935                    6000.0000000 5681.43075  5.31%  60.0    6s
  1667  1243 5682.26376   16  228 6000.00000 5681.98229  5.30%  68.9   10s
  2565  1686 5831.81665   56  135 6000.00000 5683.45806  5.28%  77.5   15s
  4503  2299 5846.83451   55   88 6000.00000 5696.61853  5.06%  71.7   20s
  9535  5252 infeasible   67      6000.00000 5716.67371  4.72%  63.2   25s
 15216  8981 5724.16153   32  193 6000.00000 5720.60832  4.66%  58.1   30s
 21566 12253 5804.03342   53   99 6000.00000 5722.24724  4.63%  53.8   35s
 26482 15342 5844.41377   39   66 6000.00000 5722.96328  4.62%  53.3   40s
 31200 18143 5820.86605   33  139 6000.00000 5723.56610  4.61%  52.0   45s
 36910 21727 5819.40775   38  147 6000.00000 5724.21259  4.60%  51.6   50s
 41969 24293 5909.84733   25  138 6000.00000 5724.75882  4.59%  51.8   55s
 45903 26523 5820.68992   39   87 6000.00000 5725.37257  4.58%  51.9   60s
 50948 29601 5732.48938   28  171 6000.00000 5725.76069  4.57%  51.4   65s
 58670 34106 5881.84600   52   56 6000.00000 5726.14813  4.56%  50.1   70s
 64327 37409     cutoff   53      6000.00000 5726.41581  4.56%  49.8   75s
 71460 41212 5728.25895   33   93 6000.00000 5726.71083  4.55%  49.5   80s
 76172 44054 5816.28991   40  108 6000.00000 5726.91536  4.55%  49.5   85s
 81224 46812 5729.54942   34  165 6000.00000 5727.06503  4.55%  49.4   90s
 87170 50322 5752.74205   29  192 6000.00000 5727.25230  4.55%  49.1   95s
 93249 54246 5831.57508   49  157 6000.00000 5727.51058  4.54%  49.1  101s
 99721 57481 5755.21643   35  167 6000.00000 5727.69691  4.54%  48.8  105s
 105697 61197 5881.38461   56  152 6000.00000 5727.83667  4.54%  48.8  110s
 108968 62657 5932.83233   39  152 6000.00000 5727.90939  4.53%  48.8  115s
 114277 65211 infeasible   33      6000.00000 5728.01732  4.53%  49.1  120s
 118224 67356 5856.50000   47   74 6000.00000 5728.11173  4.53%  49.3  125s
 124290 70475 5749.03699   33  125 6000.00000 5728.45957  4.53%  49.2  130s
 130010 73863     cutoff   53      6000.00000 5728.69799  4.52%  49.0  135s
 135707 76960 5840.63138   46  100 6000.00000 5728.93188  4.52%  49.0  140s
 141684 79603 5775.74919   55  112 6000.00000 5729.05605  4.52%  49.2  146s
 146068 82293 5900.72826   45  135 6000.00000 5729.26456  4.51%  49.4  150s
 151240 84986 5859.75505   49  111 6000.00000 5729.40157  4.51%  49.4  155s
 157685 87845 5834.58653   43  119 6000.00000 5729.73946  4.50%  49.4  161s
 162448 90319 infeasible   55      6000.00000 5729.95027  4.50%  49.5  166s
 164900 91127 5730.21100   25  109 6000.00000 5730.01072  4.50%  49.6  170s
 167671 93003 5810.58847   46  118 6000.00000 5730.13539  4.50%  49.7  176s
 172892 95956 5816.51478   42   88 6000.00000 5730.21100  4.50%  49.7  180s
 177363 98018 5779.08192   38  100 6000.00000 5730.30573  4.49%  49.8  185s
 182877 100796 5869.09853   41  110 6000.00000 5730.38720  4.49%  49.7  190s
 188119 104132 5907.95181   31  146 6000.00000 5730.51220  4.49%  49.8  195s
 194551 106474 5897.55538   40  150 6000.00000 5730.69413  4.49%  49.7  200s
 199529 109121 5742.39432   43  188 6000.00000 5730.78693  4.49%  50.1  205s
 204764 111913 5743.94915   32  132 6000.00000 5730.96891  4.48%  50.1  210s
 209233 113833 5825.82275   55   99 6000.00000 5731.09083  4.48%  50.0  215s
 214882 116887 5732.60844   32  127 6000.00000 5731.16517  4.48%  50.0  220s
 219565 119614 5759.92018   60  196 6000.00000 5731.17400  4.48%  50.1  225s
 224398 121959 5747.03585   46  166 6000.00000 5731.23034  4.48%  50.1  230s
 229418 124981 5837.98333   41  106 6000.00000 5731.27418  4.48%  50.2  235s
 234182 127433     cutoff   80      6000.00000 5731.32967  4.48%  50.2  241s
 237632 129381 5772.15635   42  189 6000.00000 5731.40475  4.48%  50.2  245s
 241635 131512     cutoff   51      6000.00000 5731.44695  4.48%  50.2  250s
 245706 133571 5734.79348   29  202 6000.00000 5731.48609  4.48%  50.3  255s
 252525 137184 5821.45540   63  160 6000.00000 5731.55573  4.47%  50.3  260s
 257404 139696 5877.93444   42  108 6000.00000 5731.65134  4.47%  50.3  266s
 262457 142140 5859.13000   43   73 6000.00000 5731.72586  4.47%  50.4  270s
 266516 144734 5745.36438   37  157 6000.00000 5731.81012  4.47%  50.4  275s
 272991 147888 5925.33247   76   36 6000.00000 5731.95136  4.47%  50.5  280s
 277482 149889 5836.22361   60  125 6000.00000 5732.02796  4.47%  50.5  285s
 281368 151977 5921.48863   49  103 6000.00000 5732.07780  4.47%  50.5  291s
 284990 153701 5816.51183   55   41 6000.00000 5732.10513  4.46%  50.6  295s
 290393 156603 5834.25396   45   39 6000.00000 5732.20119  4.46%  50.6  300s
 295643 159211 infeasible   43      6000.00000 5732.24704  4.46%  50.5  305s
 299662 161849 5823.64029   43   97 6000.00000 5732.29312  4.46%  50.5  310s
 304013 164042 5844.03169   41  142 6000.00000 5732.38102  4.46%  50.6  315s
 306794 165131 5856.25557   45  142 6000.00000 5732.42769  4.46%  50.6  320s
 308439 166062 5752.43331   46  106 6000.00000 5732.42769  4.46%  50.6  325s
 311877 168165 5761.42067   47  114 6000.00000 5732.50818  4.46%  50.6  330s
 313401 168556 5828.51870   53   50 6000.00000 5732.51722  4.46%  50.6  335s

Cutting planes:
  Learned: 79
  Gomory: 3
  Cover: 300
  MIR: 254
  StrongCG: 14
  Flow cover: 275
  Inf proof: 3
  Network: 2
  RLT: 7
  Relax-and-lift: 16

Explored 315401 nodes (15988078 simplex iterations) in 337.12 seconds (164.15 work units)
Thread count was 12 (of 12 available processors)

Solution count 10: 6000 6080 6101 ... 6760

Solve interrupted
Best objective 6.000000000000e+03, best bound 5.733000000000e+03, gap 4.4500%
