
Gurobi 12.0.0 (win64) logging started Sun Feb 15 16:31:23 2026

Set parameter LogFile to value "Storage_orig/Logs/log______Sens_gamma_0_2026_02_15_16_31_23.log"
Set parameter MIPGap to value 0.01
Set parameter OutputFlag to value 1
Read solution from file Storage_orig/Solutions/solved________2026_02_15_16_28_36.sol
Gurobi Optimizer version 12.0.0 build v12.0.0rc1 (win64 - Windows 11+.0 (26200.2))

CPU model: Intel(R) Core(TM) i7-9750H CPU @ 2.60GHz, instruction set [SSE2|AVX|AVX2]
Thread count: 6 physical cores, 12 logical processors, using up to 12 threads

Non-default parameters:
MIPGap  0.01
MIPFocus  1

Optimize a model with 5644 rows, 1144 columns and 15208 nonzeros
Model fingerprint: 0x02214b0b
Variable types: 28 continuous, 1116 integer (668 binary)
Coefficient statistics:
  Matrix range     [2e-01, 1e+03]
  Objective range  [1e+00, 2e+03]
  Bounds range     [1e+00, 1e+00]
  RHS range        [1e+00, 1e+03]

Loaded user MIP start with objective 3405

Presolve removed 4088 rows and 212 columns
Presolve time: 0.34s
Presolved: 1556 rows, 932 columns, 8944 nonzeros
Variable types: 28 continuous, 904 integer (568 binary)

Root relaxation: objective 3.076367e+03, 914 iterations, 0.31 seconds (0.02 work units)

    Nodes    |    Current Node    |     Objective Bounds      |     Work
 Expl Unexpl |  Obj  Depth IntInf | Incumbent    BestBd   Gap | It/Node Time

     0     0 3076.36667    0   21 3405.00000 3076.36667  9.65%     -    1s
     0     0 3077.55566    0   73 3405.00000 3077.55566  9.62%     -    2s
     0     0 3077.75036    0   45 3405.00000 3077.75036  9.61%     -    2s
     0     0 3078.09339    0   78 3405.00000 3078.09339  9.60%     -    2s
     0     0 3078.13466    0   84 3405.00000 3078.13466  9.60%     -    2s
     0     0 3078.13466    0   84 3405.00000 3078.13466  9.60%     -    2s
     0     0 3082.80983    0   59 3405.00000 3082.80983  9.46%     -    3s
     0     0 3084.55404    0   90 3405.00000 3084.55404  9.41%     -    3s
     0     0 3084.81584    0  104 3405.00000 3084.81584  9.40%     -    3s
     0     0 3085.02695    0  115 3405.00000 3085.02695  9.40%     -    3s
     0     0 3085.51584    0  112 3405.00000 3085.51584  9.38%     -    3s
     0     0 3085.51584    0  114 3405.00000 3085.51584  9.38%     -    3s
     0     0 3086.95376    0   67 3405.00000 3086.95376  9.34%     -    4s
     0     0 3086.95376    0   81 3405.00000 3086.95376  9.34%     -    4s
     0     0 3086.95376    0   90 3405.00000 3086.95376  9.34%     -    5s
     0     0 3086.95376    0   90 3405.00000 3086.95376  9.34%     -    6s
     0     0 3086.95376    0   76 3405.00000 3086.95376  9.34%     -    7s
     0     2 3086.95376    0   47 3405.00000 3086.95376  9.34%     -    9s
    11    14 3088.55376    3   70 3405.00000 3086.95376  9.34%  48.1   10s
   161   100 3362.21774   27   27 3405.00000 3086.95376  9.34%  52.6   15s
   267   139 3373.67843   33   33 3405.00000 3086.95376  9.34%  53.1   20s
   369   193     cutoff   10      3405.00000 3088.68861  9.29%  48.4   25s
   501   267 3365.00026   21   11 3405.00000 3088.68861  9.29%  47.0   30s
   621   306 3365.00029   28    9 3405.00000 3088.68861  9.29%  45.4   35s
   782   410 3368.90000   37   10 3405.00000 3088.68861  9.29%  44.3   40s
   928   531     cutoff    6      3405.00000 3091.13441  9.22%  43.3   45s
  1731   987 3251.71828   18   61 3405.00000 3103.66723  8.85%  40.3   50s
  1912   989 3362.32839   24   19 3405.00000 3249.94839  4.55%  39.2   56s
  1921   995 3366.96416   34  108 3405.00000 3249.94839  4.55%  39.0   60s
  1925   998 3364.37742   23  102 3405.00000 3249.94839  4.55%  39.0   65s
  2167  1017 3250.81667   24   32 3405.00000 3249.94839  4.55%  45.6   70s
  2845  1169     cutoff   20      3405.00000 3249.94839  4.55%  43.4   75s
  3592  1403 3365.43636   32   35 3405.00000 3249.94839  4.55%  42.0   80s
  4900  1769 3365.00127   32   29 3405.00000 3250.23103  4.55%  39.7   85s
  5388  2065     cutoff   28      3405.00000 3250.90291  4.53%  39.4   90s
  6581  2725 3253.20000   30   19 3405.00000 3251.26667  4.51%  37.2   95s
  8487  3492 3396.92729   44   55 3405.00000 3251.66212  4.50%  35.7  100s
  9959  4279 3386.25000   50    6 3405.00000 3252.95633  4.47%  34.8  105s
 11642  5264 3370.34091   53   43 3405.00000 3254.06036  4.43%  33.9  110s
 13856  5828     cutoff   31      3405.00000 3255.35250  4.39%  33.1  116s
 15150  6583 3345.63636   24   62 3405.00000 3258.06500  4.32%  32.4  120s
 17402  7697     cutoff   33      3405.00000 3265.26623  4.10%  31.2  126s
 19258  7900 3367.67665   45   56 3405.00000 3269.67525  3.97%  30.6  131s
 21457  8961 3396.10000   48   13 3405.00000 3362.65172  1.24%  30.2  135s
 27586 11780 3387.10000   49   17 3405.00000 3364.28000  1.20%  28.5  140s
 34394 14610 3369.00000   52    1 3405.00000 3364.98636  1.18%  27.0  145s
 40174 17042 3366.75250   35   67 3405.00000 3365.00107  1.17%  26.0  150s
 47661 20067 3396.14286   49   34 3405.00000 3365.10000  1.17%  25.0  155s
 55796 22700 3372.90000   48    9 3405.00000 3365.27308  1.17%  23.7  160s
 64230 25394 3370.20000   49    8 3405.00000 3365.40000  1.16%  22.9  165s
 70341 27076 3372.45000   52    4 3405.00000 3365.43000  1.16%  22.5  170s
 74273 28890 3366.66308   40   44 3405.00000 3365.50000  1.16%  22.1  175s
 80807 31075 3366.75000   46   14 3405.00000 3365.58400  1.16%  21.6  180s
 91169 34268 3369.02710   45   46 3405.00000 3365.69533  1.15%  20.7  185s
 98165 36282 3369.80000   41    6 3405.00000 3365.70000  1.15%  20.3  190s
 106942 39118 3367.00000   43    8 3405.00000 3365.79533  1.15%  19.9  195s
 115753 41984 3372.18000   45   42 3405.00000 3365.81364  1.15%  19.4  200s
 124401 44727 3371.40000   52   10 3405.00000 3365.90900  1.15%  19.0  205s
 131924 46747 3382.56136   46   35 3405.00000 3365.96308  1.15%  18.9  210s
 141880 49250 3366.20000   46    7 3405.00000 3366.00000  1.15%  18.5  215s
 147739 50775 3384.65000   54   59 3405.00000 3366.02319  1.14%  18.4  220s
 156976 52874 3369.70076   45   11 3405.00000 3366.10312  1.14%  18.2  225s
 165715 54691 3368.06308   44   44 3405.00000 3366.16667  1.14%  17.9  230s
 173110 56433 3368.06667   43   36 3405.00000 3366.21750  1.14%  17.8  235s
 181261 58864 3386.65000   57   22 3405.00000 3366.26308  1.14%  17.7  240s
 189077 60956 3387.05063   52   44 3405.00000 3366.31111  1.14%  17.6  245s
 198904 62981 3372.75165   45   34 3405.00000 3366.35556  1.13%  17.4  250s
 206535 64429     cutoff   51      3405.00000 3366.45000  1.13%  17.3  255s
 214134 66174 3372.10000   38    7 3405.00000 3366.53333  1.13%  17.2  260s
 215878 66458 3371.36000   44   28 3405.00000 3366.55000  1.13%  17.2  272s
 217381 66738 3372.60000   51    7 3405.00000 3366.55000  1.13%  17.1  286s
 220080 67366 3384.08750   50   38 3405.00000 3366.58333  1.13%  17.1  290s
 221282 67479 3369.40000   47   25 3405.00000 3366.59259  1.13%  17.1  295s
 226087 68672 3366.62710   45   38 3405.00000 3366.62138  1.13%  17.0  300s
 234798 70782 3367.02593   45   42 3405.00000 3366.70222  1.12%  16.9  305s
 240890 72259 3376.99000   52   24 3405.00000 3366.75250  1.12%  16.8  310s
 243133 72855 3366.89615   45   36 3405.00000 3366.75750  1.12%  16.8  316s
 245391 73576 3375.10083   48   22 3405.00000 3366.77500  1.12%  16.8  323s
 247091 73762 3370.87143   52   55 3405.00000 3366.78411  1.12%  16.8  326s
 248629 74176 3370.39065   45   52 3405.00000 3366.79533  1.12%  16.7  330s
 251635 74917 3368.78243   49   43 3405.00000 3366.80533  1.12%  16.7  337s
 253169 75204 3367.13333   45   41 3405.00000 3366.81429  1.12%  16.7  341s
 256545 75897 3370.50000   49   14 3405.00000 3366.84750  1.12%  16.6  347s
 257729 76210 3372.37500   43   23 3405.00000 3366.85000  1.12%  16.6  351s
 260835 76751 3373.20000   42   21 3405.00000 3366.87308  1.12%  16.6  357s
 261769 76946 3367.46970   50   50 3405.00000 3366.87500  1.12%  16.6  360s
 264787 77480 3384.75841   54   49 3405.00000 3366.89063  1.12%  16.5  365s
 266583 77784 3371.55000   49   39 3405.00000 3366.90000  1.12%  16.5  372s
 268178 78518 3367.77500   45   64 3405.00000 3366.90303  1.12%  16.5  377s
 269588 78769 3369.88333   47   38 3405.00000 3366.92500  1.12%  16.5  381s
 270957 79091 3367.80000   46   21 3405.00000 3366.94033  1.12%  16.4  385s
 274357 79792 3372.37500   43   25 3405.00000 3366.95888  1.12%  16.4  392s
 275868 80076 3387.40000   54    9 3405.00000 3366.97143  1.12%  16.4  397s
 277299 80319 3383.18125   48   65 3405.00000 3366.98411  1.12%  16.3  401s
 278651 80575     cutoff   52      3405.00000 3367.00000  1.12%  16.3  406s
 280186 80775 3373.96875   50   42 3405.00000 3367.00312  1.12%  16.3  410s
 282630 81281 3386.10000   46    8 3405.00000 3367.04444  1.11%  16.3  418s
 283979 81606 3383.00417   47   54 3405.00000 3367.05000  1.11%  16.3  421s
 286493 82179 3368.16825   51   65 3405.00000 3367.07143  1.11%  16.3  427s
 287808 82472 3372.70000   45    8 3405.00000 3367.09474  1.11%  16.3  430s
 290522 83101 3370.28667   56   47 3405.00000 3367.10000  1.11%  16.2  436s
 293495 83662 3371.62857   52   36 3405.00000 3367.12000  1.11%  16.2  442s
 294934 83998 3369.75000   45   30 3405.00000 3367.12308  1.11%  16.2  445s
 302341 85400 3370.46364   52   45 3405.00000 3367.16970  1.11%  16.1  450s
 311013 86926 3369.43000   48   21 3405.00000 3367.21429  1.11%  16.0  455s
 320591 88590     cutoff   46      3405.00000 3367.25888  1.11%  15.9  460s
 325228 89905     cutoff   46      3405.00000 3367.28000  1.11%  15.8  465s
 330610 91056 3374.35405   53   38 3405.00000 3367.30000  1.11%  15.8  475s
