
Gurobi 12.0.0 (win64) logging started Mon Feb 16 19:24:08 2026

Set parameter LogFile to value "Storage_orig/Logs/log______Sens_handling_time_0.75_2026_02_16_19_24_08.log"
Set parameter MIPGap to value 0.01
Set parameter OutputFlag to value 1
Set parameter TimeLimit to value 600
Gurobi Optimizer version 12.0.0 build v12.0.0rc1 (win64 - Windows 11+.0 (26200.2))

CPU model: Intel(R) Core(TM) i7-9750H CPU @ 2.60GHz, instruction set [SSE2|AVX|AVX2]
Thread count: 6 physical cores, 12 logical processors, using up to 12 threads

Non-default parameters:
TimeLimit  600
MIPGap  0.01
MIPFocus  1

Optimize a model with 4170 rows, 840 columns and 11004 nonzeros
Model fingerprint: 0x6cdc4f56
Variable types: 18 continuous, 822 integer (570 binary)
Coefficient statistics:
  Matrix range     [8e-01, 1e+03]
  Objective range  [1e+01, 2e+03]
  Bounds range     [1e+00, 1e+00]
  RHS range        [1e+00, 1e+03]

User MIP start did not produce a new incumbent solution
User MIP start violates constraint Time_LB_4_1_0 by 5.000000000

Found heuristic solution: objective 18900.000000
Presolve removed 2940 rows and 192 columns
Presolve time: 0.04s
Presolved: 1230 rows, 648 columns, 6453 nonzeros
Variable types: 18 continuous, 630 integer (450 binary)

Root relaxation: objective 5.467500e+03, 407 iterations, 0.02 seconds (0.01 work units)

    Nodes    |    Current Node    |     Objective Bounds      |     Work
 Expl Unexpl |  Obj  Depth IntInf | Incumbent    BestBd   Gap | It/Node Time

     0     0 5467.50003    0   37 18900.0000 5467.50003  71.1%     -    0s
H    0     0                    15024.000000 5467.50003  63.6%     -    0s
H    0     0                    14684.000000 5467.50003  62.8%     -    0s
H    0     0                    13006.000000 5467.50003  58.0%     -    0s
H    0     0                    12926.000000 5468.00013  57.7%     -    0s
     0     0 5468.00013    0   71 12926.0000 5468.00013  57.7%     -    0s
H    0     0                    12551.000000 5468.45458  56.4%     -    0s
H    0     0                    12011.000000 5468.45458  54.5%     -    0s
H    0     0                    11871.000000 5468.45458  53.9%     -    0s
     0     0 5468.45458    0   56 11871.0000 5468.45458  53.9%     -    0s
H    0     0                    10574.000000 5485.37348  48.1%     -    0s
H    0     0                    10174.000000 5485.37348  46.1%     -    0s
     0     0 5485.37348    0   38 10174.0000 5485.37348  46.1%     -    0s
     0     0 5485.37348    0   50 10174.0000 5485.37348  46.1%     -    0s
     0     0 5549.41254    0   72 10174.0000 5549.41254  45.5%     -    0s
     0     0 5552.39649    0   94 10174.0000 5552.39649  45.4%     -    0s
H    0     0                    9894.0000000 5556.11539  43.8%     -    0s
     0     0 5556.11539    0   91 9894.00000 5556.11539  43.8%     -    0s
     0     0 5556.20949    0  101 9894.00000 5556.20949  43.8%     -    0s
     0     0 5560.58549    0  104 9894.00000 5560.58549  43.8%     -    0s
     0     0 5561.03505    0  119 9894.00000 5561.03505  43.8%     -    0s
     0     0 5561.07124    0  115 9894.00000 5561.07124  43.8%     -    0s
     0     0 5561.07124    0  118 9894.00000 5561.07124  43.8%     -    0s
H    0     0                    9878.0000000 5561.07124  43.7%     -    0s
H    0     0                    9478.0000000 5561.07124  41.3%     -    0s
H    0     0                    9198.0000000 5561.07124  39.5%     -    0s
H    0     0                    9138.0000000 5561.07124  39.1%     -    0s
H    0     0                    9058.0000000 5561.07124  38.6%     -    0s
H    0     0                    8918.0000000 5561.07124  37.6%     -    0s
H    0     0                    8778.0000000 5561.07124  36.6%     -    0s
H    0     0                    8498.0000000 5593.10358  34.2%     -    0s
H    0     0                    8278.0000000 5593.10358  32.4%     -    0s
     0     0 5593.10358    0  142 8278.00000 5593.10358  32.4%     -    0s
H    0     0                    8218.0000000 5593.10358  31.9%     -    1s
H    0     0                    8078.0000000 5593.10358  30.8%     -    1s
     0     0 5601.23304    0  145 8078.00000 5601.23304  30.7%     -    1s
     0     0 5611.49518    0  131 8078.00000 5611.49518  30.5%     -    1s
     0     0 5618.05069    0  178 8078.00000 5618.05069  30.5%     -    1s
     0     0 5620.80007    0  176 8078.00000 5620.80007  30.4%     -    1s
H    0     0                    8058.0000000 5623.62561  30.2%     -    1s
     0     0 5623.62561    0  178 8058.00000 5623.62561  30.2%     -    1s
H    0     0                    7998.0000000 5631.84614  29.6%     -    1s
     0     0 5631.84614    0  156 7998.00000 5631.84614  29.6%     -    1s
     0     0 5632.42158    0  183 7998.00000 5632.42158  29.6%     -    1s
     0     0 5632.46768    0  189 7998.00000 5632.46768  29.6%     -    1s
     0     0 5636.29566    0  204 7998.00000 5636.29566  29.5%     -    1s
     0     0 5636.74310    0  204 7998.00000 5636.74310  29.5%     -    1s
     0     0 5636.82193    0  213 7998.00000 5636.82193  29.5%     -    1s
     0     0 5637.02169    0  213 7998.00000 5637.02169  29.5%     -    1s
     0     0 5640.66669    0  181 7998.00000 5640.66669  29.5%     -    1s
     0     0 5641.32865    0  207 7998.00000 5641.32865  29.5%     -    1s
     0     0 5644.27512    0  199 7998.00000 5644.27512  29.4%     -    1s
H    0     0                    7875.0000000 5645.93514  28.3%     -    1s
H    0     0                    7735.0000000 5645.93514  27.0%     -    1s
     0     0 5645.93514    0  168 7735.00000 5645.93514  27.0%     -    1s
     0     0 5645.95230    0  202 7735.00000 5645.95230  27.0%     -    1s
     0     0 5645.98058    0  211 7735.00000 5645.98058  27.0%     -    1s
     0     0 5645.98058    0  216 7735.00000 5645.98058  27.0%     -    1s
     0     0 5650.57078    0  231 7735.00000 5650.57078  26.9%     -    2s
H    0     0                    7156.0000000 5658.32667  20.9%     -    2s
     0     0 5658.32667    0  242 7156.00000 5658.32667  20.9%     -    2s
     0     0 5663.22975    0  238 7156.00000 5663.22975  20.9%     -    2s
     0     0 5664.32907    0  240 7156.00000 5664.32907  20.8%     -    2s
     0     0 5670.66684    0  245 7156.00000 5670.66684  20.8%     -    2s
H    0     0                    7136.0000000 5671.12418  20.5%     -    2s
H    0     0                    6996.0000000 5671.12418  18.9%     -    2s
     0     0 5671.12418    0  245 6996.00000 5671.12418  18.9%     -    2s
     0     0 5671.81784    0  232 6996.00000 5671.81784  18.9%     -    2s
H    0     0                    6916.0000000 5672.00108  18.0%     -    2s
     0     0 5672.00108    0  166 6916.00000 5672.00108  18.0%     -    2s
     0     0 5672.19146    0  132 6916.00000 5672.19146  18.0%     -    2s
     0     0 5672.20635    0   88 6916.00000 5672.20635  18.0%     -    2s
     0     0 5672.46429    0  156 6916.00000 5672.46429  18.0%     -    2s
H    0     0                    6716.0000000 5672.46429  15.5%     -    2s
H    0     0                    6656.0000000 5672.54250  14.8%     -    3s
     0     2 5672.54250    0  136 6656.00000 5672.54250  14.8%     -    3s
H   11    14                    6412.0000000 5672.92857  11.5%   253    3s
H   31    39                    6292.0000000 5674.00496  9.82%   256    4s
H   65    83                    6176.0000000 5674.00496  8.13%   148    4s
H   94    99                    6140.0000000 5674.00496  7.59%   115    4s
H  160   176                    6000.0000000 5674.00496  5.43%  84.5    4s
   242   232 5732.12954   26   67 6000.00000 5674.00834  5.43%  78.4    5s
H  377   325                    5920.0000000 5674.84643  4.14%  71.8    5s
  1298   978 5732.18130   36   41 5920.00000 5681.74286  4.02%  59.8   10s
  1660  1170 5773.04354   23  268 5920.00000 5682.16938  4.02%  54.1   15s
  2135  1447 5725.40257   26  101 5920.00000 5682.16938  4.02%  73.2   20s
  4049  2081 infeasible   48      5920.00000 5702.11865  3.68%  71.1   25s
  9882  5268 5728.11523   19  172 5920.00000 5721.26078  3.36%  56.8   30s
 13346  7146 5763.53333   39   71 5920.00000 5723.00535  3.33%  55.3   35s
 18147  9874 5728.83607   32  124 5920.00000 5723.97745  3.31%  54.4   40s
 22918 12116 5839.30132   50   74 5920.00000 5724.29604  3.31%  53.6   45s
 27406 14166 5737.05210   46  145 5920.00000 5724.73991  3.30%  52.8   50s
 31991 16198 5820.34436   41  108 5920.00000 5725.41320  3.29%  53.3   56s
 34583 17456 5726.18995   27  202 5920.00000 5725.87082  3.28%  54.1   60s
 39818 20003 5818.08765   34   79 5920.00000 5726.44544  3.27%  54.5   66s
 43969 21832     cutoff   42      5920.00000 5726.96367  3.26%  54.4   71s
 47108 23439 5807.11720   29  193 5920.00000 5727.38886  3.25%  54.9   76s
 51011 24738     cutoff   44      5920.00000 5727.67692  3.25%  55.1   80s
 53171 26143     cutoff   44      5920.00000 5728.02908  3.24%  55.2   85s
 57266 28085 5736.87662   30  137 5920.00000 5728.27373  3.24%  55.4   90s
 60924 29858 5799.57807   21  146 5920.00000 5728.53167  3.23%  55.7   96s
 63373 31025     cutoff   47      5920.00000 5728.76605  3.23%  56.0  100s
 67261 32922 5822.35076   41  155 5920.00000 5728.89973  3.23%  56.3  105s
 71004 35055 5736.07530   33  196 5920.00000 5729.09718  3.22%  56.7  110s
 74636 36500 5736.01341   38  172 5920.00000 5729.29593  3.22%  57.0  115s
 77732 38570 5772.78913   40  141 5920.00000 5729.52218  3.22%  57.1  121s
 82227 40556     cutoff   43      5920.00000 5729.73373  3.21%  57.0  126s
 85989 42544 5753.16914   44  194 5920.00000 5729.86557  3.21%  57.0  130s
 89573 44281 5843.78192   37  153 5920.00000 5730.00000  3.21%  57.0  136s
 93255 45469 5735.61463   34  131 5920.00000 5730.14539  3.21%  57.2  142s
 95566 47099 5742.16837   36  106 5920.00000 5730.18292  3.21%  57.4  147s
 98393 49076     cutoff   39      5920.00000 5730.27600  3.20%  57.5  151s
 101900 49947 5735.55595   34  155 5920.00000 5730.37754  3.20%  57.2  155s
 105380 51134     cutoff   35      5920.00000 5730.47796  3.20%  57.5  161s
 106711 52078 infeasible   36      5920.00000 5730.49724  3.20%  57.5  165s
 110311 53653     cutoff   41      5920.00000 5730.60958  3.20%  58.0  170s
 115366 55885 5794.76425   29  123 5920.00000 5730.72962  3.20%  57.8  176s
 119030 57531 5766.35835   42  177 5920.00000 5730.86832  3.19%  57.7  180s
 121861 59042 5739.18286   37  132 5920.00000 5730.95878  3.19%  57.7  185s
 126348 60588     cutoff   39      5920.00000 5731.10909  3.19%  57.8  190s
 130096 62319 infeasible   25      5920.00000 5731.21653  3.19%  57.8  196s
 132565 63414 5886.37821   37  114 5920.00000 5731.28672  3.19%  58.0  200s
 136405 64983 5813.92575   46   92 5920.00000 5731.35394  3.19%  58.0  206s
 140462 66437 5769.84848   54  105 5920.00000 5731.46368  3.18%  58.1  211s
 141791 67139 5833.79028   41  113 5920.00000 5731.50743  3.18%  58.1  215s
 144431 68736 5777.05084   47   96 5920.00000 5731.58137  3.18%  58.2  220s
 148836 70392 5756.01425   34  140 5920.00000 5731.71429  3.18%  58.2  225s
 152139 72053 5823.61538   46   83 5920.00000 5731.77782  3.18%  58.2  230s
 156853 74449 5745.16541   39   94 5920.00000 5731.86629  3.18%  58.1  236s
 160435 75652 5745.76074   40  159 5920.00000 5731.91879  3.18%  58.2  240s
 163760 77253 5820.90534   37   84 5920.00000 5732.01829  3.18%  58.3  245s
 167769 79260 5811.34194   52  152 5920.00000 5732.10523  3.17%  58.2  250s
 170161 80028 5829.64159   45  190 5920.00000 5732.14705  3.17%  58.1  255s
 171803 80992     cutoff   46      5920.00000 5732.17403  3.17%  58.2  260s
 174770 82407 5733.78571   39  139 5920.00000 5732.30084  3.17%  58.3  265s
 178649 84285 5843.61991   38  173 5920.00000 5732.37635  3.17%  58.3  271s
 183134 86305 5740.59933   30  143 5920.00000 5732.44218  3.17%  58.2  276s
 185472 87264 infeasible   36      5920.00000 5732.46489  3.17%  58.3  280s
 189830 89052 5860.58212   39  101 5920.00000 5732.55898  3.17%  58.2  285s
 192876 90386 5762.08972   43  155 5920.00000 5732.64177  3.16%  58.2  290s
 197258 92135 infeasible   55      5920.00000 5732.72104  3.16%  58.4  296s
 199256 93043 5742.25897   35  157 5920.00000 5732.75950  3.16%  58.4  300s
 202542 95033     cutoff   50      5920.00000 5732.82688  3.16%  58.4  305s
 206434 96677     cutoff   49      5920.00000 5732.91002  3.16%  58.4  310s
 210546 98427 5825.25543   43  216 5920.00000 5732.97714  3.16%  58.5  316s
 214240 99834 5830.23524   50  157 5920.00000 5733.03687  3.16%  58.5  321s
 216600 100668 infeasible   24      5920.00000 5733.07250  3.16%  58.5  325s
 218839 101470 5737.88974   41  102 5920.00000 5733.12120  3.16%  58.6  330s
 222154 102873 5771.45162   41  178 5920.00000 5733.20945  3.16%  58.8  335s
 226224 104256 5760.81270   41  100 5920.00000 5733.27041  3.15%  58.8  341s
 228863 105510     cutoff   53      5920.00000 5733.32272  3.15%  58.8  345s
 232199 106534 5736.00846   33  226 5920.00000 5733.39591  3.15%  58.8  351s
 235934 108139 5736.89097   43  197 5920.00000 5733.43175  3.15%  58.8  356s
 239512 109897 infeasible   56      5920.00000 5733.50987  3.15%  58.9  361s
 243086 110773 infeasible   46      5920.00000 5733.58266  3.15%  58.8  366s
 246272 111894 5736.38586   39  195 5920.00000 5733.62861  3.15%  59.0  371s
 249151 112816     cutoff   36      5920.00000 5733.67288  3.15%  58.9  375s
 251814 113959 5745.89075   43   91 5920.00000 5733.73182  3.15%  59.0  380s
 255115 115060 5769.22744   43   76 5920.00000 5733.79872  3.15%  59.2  386s
 258786 116395 5819.21329   37  151 5920.00000 5733.87422  3.14%  59.3  391s
 262110 117418 5913.69030   35  114 5920.00000 5733.92816  3.14%  59.4  396s
 264575 118225 5753.37488   39   55 5920.00000 5733.98225  3.14%  59.5  400s
 268507 119284 5829.30416   38  130 5920.00000 5734.02521  3.14%  59.5  406s
 270899 120131 5743.08180   37  123 5920.00000 5734.08287  3.14%  59.7  411s
 273299 121330 5827.60983   49   69 5920.00000 5734.11659  3.14%  59.7  415s
 277287 122954 infeasible   42      5920.00000 5734.14873  3.14%  59.7  420s
 280466 123884 5829.06887   35   62 5920.00000 5734.20485  3.14%  59.8  425s
 283772 124875     cutoff   36      5920.00000 5734.25067  3.14%  59.9  430s
 287344 126138 5780.80825   46  120 5920.00000 5734.34063  3.14%  60.0  436s
 291314 127264     cutoff   42      5920.00000 5734.41634  3.13%  60.0  441s
 293388 128021     cutoff   36      5920.00000 5734.45460  3.13%  60.1  446s
 296637 128813     cutoff   42      5920.00000 5734.50984  3.13%  60.1  450s
 299926 129951 infeasible   37      5920.00000 5734.55947  3.13%  60.1  456s
 302581 131180 5749.46606   38  157 5920.00000 5734.59561  3.13%  60.0  461s
 304749 131942 5740.18047   39  165 5920.00000 5734.62196  3.13%  60.1  465s
 308422 133174 5743.08046   38  121 5920.00000 5734.67683  3.13%  60.2  470s
 311835 134683     cutoff   32      5920.00000 5734.70920  3.13%  60.2  477s
 315251 135740     cutoff   44      5920.00000 5734.75444  3.13%  60.2  481s
 317906 136536 5748.92743   37  118 5920.00000 5734.78759  3.13%  60.2  485s
 321592 137609 5819.38199   32  146 5920.00000 5734.84983  3.13%  60.3  490s
 325323 138722 5751.94612   39  137 5920.00000 5734.89713  3.13%  60.4  496s
 327637 139470 infeasible   44      5920.00000 5734.92009  3.13%  60.4  500s
 331212 140704 5838.86826   38  133 5920.00000 5734.97287  3.13%  60.4  505s
 334691 141454     cutoff   38      5920.00000 5735.04270  3.12%  60.5  511s
 335757 142201 5829.19524   31  157 5920.00000 5735.05553  3.12%  60.5  515s
 340058 143704 5751.83145   40  145 5920.00000 5735.10656  3.12%  60.5  520s
 343987 144794     cutoff   47      5920.00000 5735.12767  3.12%  60.5  526s
 346056 145372 5755.72834   39  214 5920.00000 5735.14980  3.12%  60.5  530s
 349573 146359 5749.89215   39  148 5920.00000 5735.22938  3.12%  60.6  535s
 353019 147620 5826.77054   42  156 5920.00000 5735.26893  3.12%  60.7  542s
 355582 148473     cutoff   39      5920.00000 5735.28328  3.12%  60.7  546s
 358307 148882 5829.22318   38   95 5920.00000 5735.33060  3.12%  60.8  550s
 359797 149522     cutoff   51      5920.00000 5735.36251  3.12%  60.8  555s
 362790 150442     cutoff   37      5920.00000 5735.41870  3.12%  60.9  561s
 365027 151229 5820.90251   43  105 5920.00000 5735.45085  3.12%  61.0  565s
 368673 152405     cutoff   33      5920.00000 5735.52506  3.12%  61.1  570s
 372551 153885 5744.22824   44  148 5920.00000 5735.56970  3.12%  61.1  575s
 375594 154995 5815.38159   34  125 5920.00000 5735.59324  3.11%  61.1  581s
 378056 155898 5767.19402   46  114 5920.00000 5735.62472  3.11%  61.1  585s
 381863 157373 5815.76678   49  145 5920.00000 5735.65407  3.11%  61.1  591s
 384414 158146 5747.06169   40  197 5920.00000 5735.69008  3.11%  61.1  595s
 387873 159230 5809.36711   30  165 5920.00000 5735.74065  3.11%  61.2  600s

Cutting planes:
  Learned: 100
  Gomory: 5
  Cover: 329
  MIR: 332
  StrongCG: 18
  Flow cover: 283
  Inf proof: 18
  Zero half: 2
  Network: 2
  RLT: 8
  Relax-and-lift: 30

Explored 388913 nodes (23810504 simplex iterations) in 600.13 seconds (235.25 work units)
Thread count was 12 (of 12 available processors)

Solution count 10: 5920 6000 6140 ... 6996

Time limit reached
Best objective 5.920000000000e+03, best bound 5.736000000000e+03, gap 3.1081%
