
Gurobi 12.0.0 (win64) logging started Wed Feb 25 21:36:06 2026

Set parameter LogFile to value "Storage_orig/Logs/log______Sens_handling_time_0.2_2026_02_25_21_36_06.log"
Set parameter MIPGap to value 0.01
Set parameter OutputFlag to value 1
Gurobi Optimizer version 12.0.0 build v12.0.0rc1 (win64 - Windows 11+.0 (26200.2))

CPU model: Intel(R) Core(TM) i7-9750H CPU @ 2.60GHz, instruction set [SSE2|AVX|AVX2]
Thread count: 6 physical cores, 12 logical processors, using up to 12 threads

Non-default parameters:
MIPGap  0.01
MIPFocus  1

Optimize a model with 5540 rows, 1032 columns and 14852 nonzeros
Model fingerprint: 0x969d3b0d
Variable types: 24 continuous, 1008 integer (720 binary)
Coefficient statistics:
  Matrix range     [2e-01, 1e+02]
  Objective range  [1e+01, 2e+03]
  Bounds range     [1e+00, 1e+00]
  RHS range        [1e+00, 2e+02]

User MIP start did not produce a new incumbent solution
User MIP start violates constraint R574 by 2.100000000

Found heuristic solution: objective 18900.000000
Presolve removed 3940 rows and 168 columns
Presolve time: 0.02s
Presolved: 1600 rows, 864 columns, 8604 nonzeros
Variable types: 24 continuous, 840 integer (600 binary)

Root relaxation: objective 4.977000e+03, 740 iterations, 0.03 seconds (0.02 work units)

    Nodes    |    Current Node    |     Objective Bounds      |     Work
 Expl Unexpl |  Obj  Depth IntInf | Incumbent    BestBd   Gap | It/Node Time

     0     0 4977.00027    0   40 18900.0000 4977.00027  73.7%     -    0s
H    0     0                    11750.000000 4977.00027  57.6%     -    0s
H    0     0                    11130.000000 4977.00027  55.3%     -    0s
H    0     0                    10012.000000 4977.77143  50.3%     -    0s
H    0     0                    9032.0000000 4977.77143  44.9%     -    0s
H    0     0                    8752.0000000 4977.77143  43.1%     -    0s
     0     0 4977.77143    0   88 8752.00000 4977.77143  43.1%     -    0s
     0     0 4981.41917    0   96 8752.00000 4981.41917  43.1%     -    0s
     0     0 4984.36301    0   91 8752.00000 4984.36301  43.0%     -    0s
     0     0 4984.36301    0   91 8752.00000 4984.36301  43.0%     -    0s
     0     0 5065.44514    0   77 8752.00000 5065.44514  42.1%     -    0s
     0     0 5066.69581    0   82 8752.00000 5066.69581  42.1%     -    0s
     0     0 5066.69581    0   89 8752.00000 5066.69581  42.1%     -    0s
H    0     0                    7053.0000000 5066.69581  28.2%     -    0s
H    0     0                    6913.0000000 5066.69581  26.7%     -    0s
H    0     0                    6453.0000000 5066.69581  21.5%     -    0s
H    0     0                    6217.0000000 5066.69581  18.5%     -    0s
     0     0 5110.96146    0  121 6217.00000 5110.96146  17.8%     -    0s
H    0     0                    6214.0000000 5121.87546  17.6%     -    0s
H    0     0                    5592.0000000 5121.87546  8.41%     -    0s
H    0     0                    5532.0000000 5121.87546  7.41%     -    0s
     0     0 5121.87546    0  150 5532.00000 5121.87546  7.41%     -    0s
     0     0 5123.31295    0  161 5532.00000 5123.31295  7.39%     -    0s
     0     0 5123.46473    0  197 5532.00000 5123.46473  7.38%     -    0s
     0     0 5126.04939    0  175 5532.00000 5126.04939  7.34%     -    0s
     0     0 5126.70718    0  192 5532.00000 5126.70718  7.33%     -    0s
     0     0 5128.73436    0  208 5532.00000 5128.73436  7.29%     -    0s
     0     0 5128.98658    0  208 5532.00000 5128.98658  7.29%     -    0s
     0     0 5129.44825    0  216 5532.00000 5129.44825  7.28%     -    0s
     0     0 5129.65499    0  208 5532.00000 5129.65499  7.27%     -    0s
     0     0 5129.86734    0  212 5532.00000 5129.86734  7.27%     -    0s
     0     0 5130.19851    0  211 5532.00000 5130.19851  7.26%     -    0s
     0     0 5130.54326    0  197 5532.00000 5130.54326  7.26%     -    0s
     0     0 5130.55611    0  210 5532.00000 5130.55611  7.26%     -    0s
     0     0 5143.67333    0  229 5532.00000 5143.67333  7.02%     -    0s
     0     0 5173.45098    0  132 5532.00000 5173.45098  6.48%     -    0s
     0     0 5173.45098    0  133 5532.00000 5173.45098  6.48%     -    0s
     0     0 5173.45098    0  127 5532.00000 5173.45098  6.48%     -    0s
     0     2 5173.51979    0  103 5532.00000 5173.51979  6.48%     -    1s
  1319   745 5258.67258   13   98 5532.00000 5192.54462  6.14%  66.9    5s
  2292  1064 5223.95489   22   94 5532.00000 5201.55341  5.97%  88.4   10s
  3739  1239 5285.45217   22  119 5532.00000 5215.53084  5.72%   101   15s
  5363  1385     cutoff   29      5532.00000 5239.43392  5.29%   105   20s
  7724  1872 5366.24303   30  154 5532.00000 5257.37124  4.96%   106   25s
  9204  2167     cutoff   26      5532.00000 5265.75099  4.81%   108   30s
 10739  2380     cutoff   33      5532.00000 5277.55265  4.60%   110   35s
 13637  2624     cutoff   24      5532.00000 5302.45329  4.15%   111   40s
 16068  2754 5364.62857   31   34 5532.00000 5310.80000  4.00%   112   45s
 17922  2702     cutoff   28      5532.00000 5315.82806  3.91%   112   50s
 19559  2610     cutoff   32      5532.00000 5324.36580  3.75%   113   55s
 21174  2493 infeasible   27      5532.00000 5336.07884  3.54%   113   60s
 23045  2122 infeasible   29      5532.00000 5351.13333  3.27%   113   66s
 25149  1789     cutoff   35      5532.00000 5370.55763  2.92%   112   70s
 29284  2678 infeasible   44      5532.00000 5413.13333  2.15%   109   77s
 33249  3328     cutoff   45      5532.00000 5418.53772  2.05%   101   80s
 38261  4446     cutoff   59      5532.00000 5418.82694  2.05%  94.8   85s
 43359  5017     cutoff   46      5532.00000 5420.15521  2.02%  89.3   90s
 47622  5937     cutoff   43      5532.00000 5423.49080  1.96%  86.0   97s
 50800  6252 5452.46457   38   76 5532.00000 5424.72966  1.94%  83.1  100s
 55833  7537 5459.66667   42   27 5532.00000 5426.67083  1.90%  79.2  106s
 59461  7948 5442.94647   41   61 5532.00000 5428.02400  1.88%  77.1  110s
 64956  8092 5521.00000   39   26 5532.00000 5429.80932  1.85%  74.3  115s
 66583  8171 5455.16970   44   55 5532.00000 5430.08599  1.84%  73.8  123s
 71174  8182 5522.42857   38   26 5532.00000 5433.17700  1.79%  72.4  125s
 75444  8294 5517.88246   38  130 5532.00000 5436.01255  1.74%  71.2  131s
 78925  8120     cutoff   48      5532.00000 5438.16429  1.70%  70.4  135s
 82992  7847     cutoff   31      5532.00000 5441.22903  1.64%  69.3  140s
 87401  7597     cutoff   38      5532.00000 5443.54156  1.60%  68.1  145s
 91685  7059     cutoff   45      5532.00000 5446.01889  1.55%  67.1  150s
 95092  6392 5452.68707   42  123 5532.00000 5448.49619  1.51%  66.4  155s
 98457  5391 5525.97260   31   60 5532.00000 5453.76471  1.41%  65.7  160s
 104179  4395 5471.76471   47   36 5532.00000 5461.53991  1.27%  63.8  165s
 110553  2456 infeasible   59      5532.00000 5471.47902  1.09%  61.7  170s

Cutting planes:
  Learned: 214
  Gomory: 9
  Cover: 369
  Implied bound: 1
  MIR: 404
  StrongCG: 54
  Flow cover: 364
  Inf proof: 4
  Zero half: 17
  Network: 3
  RLT: 1
  Relax-and-lift: 47

Explored 111549 nodes (6865646 simplex iterations) in 170.44 seconds (87.88 work units)
Thread count was 12 (of 12 available processors)

Solution count 10: 5532 5532 5592 ... 9032

Optimal solution found (tolerance 1.00e-02)
Best objective 5.532000000000e+03, best bound 5.478000000000e+03, gap 0.9761%
