
Gurobi 12.0.0 (win64) logging started Tue Feb 17 01:08:57 2026

Set parameter LogFile to value "Storage_orig/Logs/log______Sens_truck_cost_multiplier_0.5_2026_02_17_01_08_57.log"
Set parameter MIPGap to value 0.01
Set parameter OutputFlag to value 1
Set parameter TimeLimit to value 600
Read solution from file Storage_orig/Solutions/solved________2026_02_17_00_19_45.sol
Gurobi Optimizer version 12.0.0 build v12.0.0rc1 (win64 - Windows 11+.0 (26200.2))

CPU model: Intel(R) Core(TM) i7-9750H CPU @ 2.60GHz, instruction set [SSE2|AVX|AVX2]
Thread count: 6 physical cores, 12 logical processors, using up to 12 threads

Non-default parameters:
TimeLimit  600
MIPGap  0.01
MIPFocus  1

Optimize a model with 4170 rows, 840 columns and 11004 nonzeros
Model fingerprint: 0x105194be
Variable types: 18 continuous, 822 integer (570 binary)
Coefficient statistics:
  Matrix range     [2e-01, 1e+03]
  Objective range  [1e+01, 2e+03]
  Bounds range     [1e+00, 1e+00]
  RHS range        [1e+00, 1e+03]

Loaded user MIP start with objective 5232

Presolve removed 2940 rows and 192 columns
Presolve time: 0.01s
Presolved: 1230 rows, 648 columns, 6453 nonzeros
Variable types: 18 continuous, 630 integer (450 binary)

Root relaxation: objective 4.645133e+03, 482 iterations, 0.01 seconds (0.01 work units)

    Nodes    |    Current Node    |     Objective Bounds      |     Work
 Expl Unexpl |  Obj  Depth IntInf | Incumbent    BestBd   Gap | It/Node Time

     0     0 4645.13337    0   33 5232.00000 4645.13337  11.2%     -    0s
     0     0 4720.07391    0   60 5232.00000 4720.07391  9.78%     -    0s
     0     0 4726.23527    0   62 5232.00000 4726.23527  9.67%     -    0s
     0     0 4742.23011    0   55 5232.00000 4742.23011  9.36%     -    0s
     0     0 4742.77960    0   72 5232.00000 4742.77960  9.35%     -    0s
     0     0 4742.85505    0   61 5232.00000 4742.85505  9.35%     -    0s
     0     0 4742.85505    0   63 5232.00000 4742.85505  9.35%     -    0s
     0     0 4888.67436    0   86 5232.00000 4888.67436  6.56%     -    0s
     0     0 4934.13137    0  106 5232.00000 4934.13137  5.69%     -    0s
     0     0 4940.76155    0  111 5232.00000 4940.76155  5.57%     -    0s
     0     0 4943.33485    0  121 5232.00000 4943.33485  5.52%     -    0s
     0     0 4943.33485    0  121 5232.00000 4943.33485  5.52%     -    0s
     0     0 4953.36192    0  129 5232.00000 4953.36192  5.33%     -    0s
     0     0 4983.16405    0  133 5232.00000 4983.16405  4.76%     -    0s
     0     0 4983.61848    0  154 5232.00000 4983.61848  4.75%     -    0s
     0     0 4986.38582    0  143 5232.00000 4986.38582  4.69%     -    0s
     0     0 4986.66078    0  153 5232.00000 4986.66078  4.69%     -    0s
     0     0 4989.86573    0   96 5232.00000 4989.86573  4.63%     -    0s
     0     0 4990.48527    0  141 5232.00000 4990.48527  4.62%     -    0s
     0     0 4990.49484    0  157 5232.00000 4990.49484  4.62%     -    0s
     0     0 4991.38676    0  163 5232.00000 4991.38676  4.60%     -    0s
     0     0 4991.98672    0  166 5232.00000 4991.98672  4.59%     -    0s
     0     0 4992.31640    0  179 5232.00000 4992.31640  4.58%     -    0s
     0     0 4993.72819    0  136 5232.00000 4993.72819  4.55%     -    0s
     0     0 4993.74940    0  124 5232.00000 4993.74940  4.55%     -    0s
     0     0 4993.87636    0  173 5232.00000 4993.87636  4.55%     -    0s
     0     2 4993.88149    0  167 5232.00000 4993.88149  4.55%     -    0s
  1718  1268 5157.92859   35  173 5232.00000 5021.25000  4.03%  28.2    5s
  4017  2088 5037.07507   27   66 5232.00000 5021.25000  4.03%  41.1   10s
  7256  3694     cutoff   44      5232.00000 5034.06050  3.78%  43.7   15s
  9288  4800 5042.74346   32   63 5232.00000 5034.08553  3.78%  40.9   20s
 13869  7923 5083.31230   56   57 5232.00000 5034.08553  3.78%  35.3   25s
 19265 10846 5124.50000   30   49 5232.00000 5034.23834  3.78%  35.3   30s
 24485 13901 5054.65352   55   90 5232.00000 5034.25010  3.78%  34.5   35s
 29514 16822     cutoff   42      5232.00000 5034.25010  3.78%  34.3   40s
 35339 19961 5129.38926   39  114 5232.00000 5034.31988  3.78%  35.1   45s
 40113 22554 5150.09184   38   48 5232.00000 5034.31988  3.78%  35.5   50s
 45139 25045 5214.94185   49   69 5232.00000 5034.36038  3.78%  35.7   55s
 50930 28500 5060.03534   43  109 5232.00000 5034.36038  3.78%  35.6   60s
 56527 31486 5039.60608   39  113 5232.00000 5034.41081  3.78%  35.5   65s
 61731 34847 5040.60998   29  113 5232.00000 5034.42974  3.78%  35.5   70s
 68881 38045 5041.44453   44   42 5232.00000 5034.49134  3.78%  35.5   75s
 74327 40734 5041.18810   39  103 5232.00000 5034.49134  3.78%  35.4   80s
 78958 43055 5064.80759   45   72 5232.00000 5034.49134  3.78%  35.7   85s
 83647 44929 5126.66667   41   42 5232.00000 5034.49134  3.78%  35.5   90s
 87449 47113 5060.39003   40   52 5232.00000 5034.49134  3.78%  35.7   95s
 94034 50006 5085.90909   40   92 5232.00000 5034.49134  3.78%  35.9  100s
 97627 51879 5111.13234   48   99 5232.00000 5034.49134  3.78%  36.1  105s
 102182 53705 5063.35838   43   63 5232.00000 5034.49134  3.78%  36.3  110s
 107194 56186 5116.50883   48   61 5232.00000 5034.49134  3.78%  36.5  115s
 110600 61774 5065.19858   40   50 5232.00000 5034.49134  3.78%  36.7  133s
 122600 62263     cutoff   41      5232.00000 5034.49134  3.78%  37.4  135s
 126611 64237 5052.15003   40   91 5232.00000 5034.49134  3.78%  37.5  140s
 132163 66590 5054.37517   43  140 5232.00000 5034.49134  3.78%  37.7  145s
 136913 68597     cutoff   54      5232.00000 5034.49134  3.78%  37.9  150s
 143450 71392 5109.27574   52   35 5232.00000 5034.49134  3.78%  37.9  156s
 146432 72898 5063.34750   43   81 5232.00000 5034.49134  3.78%  38.0  160s
 152488 75563 5125.03140   46   19 5232.00000 5034.49134  3.78%  38.2  166s
 156529 76943 5065.52052   43   66 5232.00000 5034.49134  3.78%  38.2  171s
 158481 78470 5162.02250   49   54 5232.00000 5034.49134  3.78%  38.3  175s
 163970 80579 5125.03140   48   19 5232.00000 5034.49134  3.78%  38.4  180s
 169458 83222 5041.02264   38   99 5232.00000 5034.49134  3.78%  38.4  185s
 174459 84813 5138.39798   50   90 5232.00000 5034.49134  3.78%  38.6  191s
 177065 86522 5124.99674   46   19 5232.00000 5034.49134  3.78%  38.6  196s
 180800 87888 5052.61660   40   97 5232.00000 5034.49134  3.78%  38.6  200s
 184606 89869 5160.02192   42  105 5232.00000 5034.49134  3.78%  38.8  205s
 189558 92152 5096.68156   44  120 5232.00000 5034.49134  3.78%  38.9  210s
 196099 94962 5061.97808   44  130 5232.00000 5034.49134  3.78%  38.9  215s
 200890 97016 5059.50592   35   85 5232.00000 5034.49134  3.78%  38.9  220s
 205419 99049 5052.61660   40   95 5232.00000 5034.49134  3.78%  39.0  225s
 210798 101550     cutoff   53      5232.00000 5034.49134  3.78%  39.1  230s
 216736 104424 5161.84951   50   67 5232.00000 5034.49134  3.78%  39.2  235s
 222088 106303     cutoff   45      5232.00000 5034.49134  3.78%  39.2  240s
 227752 108614 5125.97145   47   15 5232.00000 5034.49134  3.78%  39.3  246s
 232656 110788     cutoff   40      5232.00000 5034.49134  3.78%  39.4  250s
 237545 112583 5053.59657   42   99 5232.00000 5034.49134  3.78%  39.4  255s
 241986 114721 5052.13469   36  111 5232.00000 5034.49134  3.78%  39.5  260s
 246671 116535 5125.01407   44   19 5232.00000 5034.49134  3.78%  39.5  266s
 250476 117899 infeasible   47      5232.00000 5034.49134  3.78%  39.7  270s
 254566 119770 5047.36905   50   88 5232.00000 5034.49134  3.78%  39.8  275s
 259958 121979     cutoff   50      5232.00000 5034.49134  3.78%  39.8  280s
 264647 124267 5125.03140   48   17 5232.00000 5034.49134  3.78%  39.9  285s
 270057 126547     cutoff   51      5232.00000 5034.49134  3.78%  39.9  290s
 276270 128782     cutoff   43      5232.00000 5034.49134  3.78%  39.9  295s
 279774 130168 5052.15003   38   91 5232.00000 5034.49134  3.78%  40.0  300s
 284839 132469 5053.83555   40  167 5232.00000 5034.49134  3.78%  40.1  305s
 289179 134260 5094.55092   39  126 5232.00000 5034.49134  3.78%  40.2  311s
 292909 135168     cutoff   46      5232.00000 5034.49134  3.78%  40.2  315s
 292931 140118 5051.07692   37   51 5232.00000 5034.49134  3.78%  40.2  326s
 307513 141824 infeasible   44      5232.00000 5034.49134  3.78%  40.4  330s
 312257 143837 5041.40722   42   81 5232.00000 5034.49134  3.78%  40.4  336s
 315755 145369 5041.00131   40  104 5232.00000 5034.49134  3.78%  40.4  340s
 320617 147239 5075.13043   37   84 5232.00000 5034.49134  3.78%  40.4  346s
 323434 148326 5097.13004   43  123 5232.00000 5034.49134  3.78%  40.5  350s
 329017 150643 5147.43997   39   59 5232.00000 5034.49134  3.78%  40.5  355s
 334077 152519     cutoff   50      5232.00000 5034.49134  3.78%  40.6  360s
 340218 154970 5097.13004   43  116 5232.00000 5034.53134  3.77%  40.7  366s
 343860 156315 5127.38759   47   24 5232.00000 5034.59043  3.77%  40.8  370s
 348162 158202     cutoff   55      5232.00000 5034.59043  3.77%  40.9  375s
 352868 159962 5040.40918   39  116 5232.00000 5034.59043  3.77%  41.0  380s
 358027 161811 5125.06667   42   30 5232.00000 5034.72057  3.77%  41.1  385s
 362925 163916 5048.00802   31   81 5232.00000 5035.00000  3.77%  41.2  390s
 366055 164972 5051.37545   38   53 5232.00000 5035.03640  3.76%  41.3  395s
 371607 167351 5142.20449   40   68 5232.00000 5035.41792  3.76%  41.3  401s
 376223 168545 5053.19903   39  119 5232.00000 5035.50000  3.76%  41.4  406s
 378549 169211 5053.24546   38  107 5232.00000 5035.50000  3.76%  41.6  410s
 383669 171366 5053.06771   35   72 5232.00000 5035.75654  3.75%  41.6  415s
 388769 173237 5111.47164   37  159 5232.00000 5035.75654  3.75%  41.8  421s
 392280 174352 5124.20774   40   47 5232.00000 5036.05837  3.75%  41.8  425s
 397472 175826 5134.50884   42  134 5232.00000 5036.40741  3.74%  41.9  430s
 400437 176384 5158.07692   38   71 5232.00000 5036.40741  3.74%  41.9  435s
 406947 178814 5111.62879   50   43 5232.00000 5036.62542  3.73%  41.9  441s
 412284 181138 5040.59914   40  107 5232.00000 5036.62542  3.73%  41.8  445s
 417695 183255 5048.63900   40   80 5232.00000 5036.62542  3.73%  41.6  450s
 422386 186037 5111.81351   51   49 5232.00000 5036.62542  3.73%  41.6  455s
 428731 188502 5146.20000   40   51 5232.00000 5036.62542  3.73%  41.4  460s
 435111 191778 5121.98036   61   87 5232.00000 5036.78372  3.73%  41.2  465s
 440791 194635 5092.55089   35  124 5232.00000 5037.02050  3.73%  41.2  470s
 446332 198172 5157.55333   79   36 5232.00000 5037.13490  3.72%  41.2  475s
 452521 201696 5052.41287   40   98 5232.00000 5037.16184  3.72%  41.1  480s
 458204 205128 5040.44134   33   70 5232.00000 5037.17852  3.72%  41.0  485s
 464880 207847 5136.69314   45   68 5232.00000 5037.23593  3.72%  40.9  490s
 469213 210884 5050.85162   36   77 5232.00000 5037.29966  3.72%  40.9  495s
 474737 214822 5043.61231   33  155 5232.00000 5037.30238  3.72%  40.9  500s
 479624 217493 5048.98955   44  175 5232.00000 5037.30238  3.72%  40.9  505s
 486406 221788 5162.65029   44   74 5232.00000 5037.30238  3.72%  40.9  510s
 492365 224204 5066.13885   51   83 5232.00000 5037.34945  3.72%  40.9  515s
*495926 225058              54    5228.0000000 5037.34945  3.65%  40.9  518s
*495931 220552              53    5198.0000000 5037.34945  3.09%  40.9  518s
 497781 221346 5141.16667   43   59 5198.00000 5037.45489  3.09%  40.9  520s
 503261 221871 5089.05435   39  120 5198.00000 5037.54545  3.09%  41.0  525s
 509253 222341     cutoff   39      5198.00000 5037.54545  3.09%  41.0  530s
 515520 223768 5053.98487   33   73 5198.00000 5037.58676  3.09%  41.1  535s
 519147 225336 5038.11538   34   61 5198.00000 5037.69492  3.08%  41.2  540s
 523702 227471 5038.97162   44  117 5198.00000 5037.80039  3.08%  41.2  545s
 528709 229596     cutoff   52      5198.00000 5037.82590  3.08%  41.2  550s
 532651 231110 5138.01150   34   53 5198.00000 5037.84162  3.08%  41.3  555s
 534861 232193 infeasible   39      5198.00000 5037.90278  3.08%  41.3  560s
 540937 233896 5038.11538   38   63 5198.00000 5038.10349  3.08%  41.3  566s
H541144 223964                    5161.0000000 5038.10349  2.38%  41.3  566s
 544012 225217 5052.08184   32  121 5161.00000 5038.11538  2.38%  41.4  570s
 549817 227391 5043.16429   48   35 5161.00000 5038.29313  2.38%  41.4  575s
 554802 229534 5055.63696   44  109 5161.00000 5038.31158  2.38%  41.4  580s
 560575 231276 5043.04537   28  116 5161.00000 5038.33974  2.38%  41.4  586s
 564798 232584     cutoff   44      5161.00000 5038.42915  2.37%  41.5  590s
 569618 233787 5040.36471   28  172 5161.00000 5038.55296  2.37%  41.6  595s
 574460 234575     cutoff   41      5161.00000 5038.68612  2.37%  41.7  600s

Cutting planes:
  Learned: 56
  Gomory: 4
  Cover: 207
  MIR: 214
  StrongCG: 3
  Flow cover: 198
  GUB cover: 2
  Inf proof: 4
  Zero half: 3
  Network: 3
  RLT: 13
  Relax-and-lift: 5

Explored 574480 nodes (23936648 simplex iterations) in 600.03 seconds (301.15 work units)
Thread count was 12 (of 12 available processors)

Solution count 4: 5161 5198 5228 5232 

Time limit reached
Best objective 5.161000000000e+03, best bound 5.039000000000e+03, gap 2.3639%
