
Gurobi 12.0.0 (win64) logging started Wed Feb 18 23:44:09 2026

Set parameter LogFile to value "Storage_orig/Logs/log______Sens_gamma_100_2026_02_18_23_44_09.log"
Set parameter MIPGap to value 0.005
Set parameter OutputFlag to value 1
Gurobi Optimizer version 12.0.0 build v12.0.0rc1 (win64 - Windows 11+.0 (26200.2))

CPU model: Intel(R) Core(TM) i7-9750H CPU @ 2.60GHz, instruction set [SSE2|AVX|AVX2]
Thread count: 6 physical cores, 12 logical processors, using up to 12 threads

Non-default parameters:
MIPGap  0.005
MIPFocus  2

Optimize a model with 4170 rows, 840 columns and 11004 nonzeros
Model fingerprint: 0xbf892aad
Variable types: 18 continuous, 822 integer (570 binary)
Coefficient statistics:
  Matrix range     [2e-01, 1e+03]
  Objective range  [1e+01, 2e+03]
  Bounds range     [1e+00, 1e+00]
  RHS range        [1e+00, 1e+03]

User MIP start produced solution with objective 5816 (0.00s)
Loaded user MIP start with objective 5816

Presolve removed 2940 rows and 192 columns
Presolve time: 0.01s
Presolved: 1230 rows, 648 columns, 6453 nonzeros
Variable types: 18 continuous, 630 integer (450 binary)
Root relaxation presolve removed 3 rows and 0 columns
Root relaxation presolved: 1227 rows, 648 columns, 6423 nonzeros


Root relaxation: objective 5.467500e+03, 475 iterations, 0.01 seconds (0.02 work units)

    Nodes    |    Current Node    |     Objective Bounds      |     Work
 Expl Unexpl |  Obj  Depth IntInf | Incumbent    BestBd   Gap | It/Node Time

     0     0 5467.50003    0   29 5816.00000 5467.50003  5.99%     -    0s
     0     0 5475.05263    0   79 5816.00000 5475.05263  5.86%     -    0s
     0     0 5512.92526    0   63 5816.00000 5512.92526  5.21%     -    0s
     0     0 5512.92526    0   67 5816.00000 5512.92526  5.21%     -    0s
     0     0 5529.27513    0  146 5816.00000 5529.27513  4.93%     -    0s
H    0     0                    5792.0000000 5533.52526  4.46%     -    0s
     0     0 5533.52526    0  160 5792.00000 5533.52526  4.46%     -    0s
     0     0 5537.09317    0  183 5792.00000 5537.09317  4.40%     -    0s
     0     0 5538.45909    0  177 5792.00000 5538.45909  4.38%     -    0s
     0     0 5538.46507    0  188 5792.00000 5538.46507  4.38%     -    0s
     0     0 5632.78731    0  258 5792.00000 5632.78731  2.75%     -    0s
     0     0 5648.40024    0  245 5792.00000 5648.40024  2.48%     -    0s
     0     0 5649.01114    0  290 5792.00000 5649.01114  2.47%     -    0s
     0     0 5649.30181    0  300 5792.00000 5649.30181  2.46%     -    0s
     0     0 5651.73472    0  273 5792.00000 5651.73472  2.42%     -    0s
     0     0 5658.77616    0  268 5792.00000 5658.77616  2.30%     -    0s
     0     0 5659.04851    0  293 5792.00000 5659.04851  2.30%     -    0s
     0     0 5659.40352    0  281 5792.00000 5659.40352  2.29%     -    0s
     0     0 5659.47668    0  283 5792.00000 5659.47668  2.29%     -    0s
     0     0 5680.61619    0  255 5792.00000 5680.61619  1.92%     -    1s
     0     0 5680.83641    0  286 5792.00000 5680.83641  1.92%     -    1s
     0     0 5681.00059    0  267 5792.00000 5681.00059  1.92%     -    1s
     0     0 5681.00703    0  293 5792.00000 5681.00703  1.92%     -    1s
     0     0 5682.45227    0  278 5792.00000 5682.45227  1.89%     -    1s
     0     0 5682.52747    0  278 5792.00000 5682.52747  1.89%     -    1s
     0     0 5685.00000    0  307 5792.00000 5685.00000  1.85%     -    1s
     0     0 5685.07195    0  325 5792.00000 5685.07195  1.85%     -    1s
     0     0 5686.40078    0  363 5792.00000 5686.40078  1.82%     -    2s
     0     0 5686.40078    0  302 5792.00000 5686.40078  1.82%     -    2s
     0     2 5686.40137    0  282 5792.00000 5686.40137  1.82%     -    2s
   838   327     cutoff   27      5792.00000 5714.46918  1.34%   108    5s

Cutting planes:
  Gomory: 12
  Lift-and-project: 4
  Cover: 293
  Implied bound: 89
  MIR: 303
  StrongCG: 71
  Flow cover: 511
  Zero half: 214
  Network: 7
  RLT: 18
  Relax-and-lift: 47

Explored 2226 nodes (206766 simplex iterations) in 7.16 seconds (6.45 work units)
Thread count was 12 (of 12 available processors)

Solution count 2: 5792 5816 

Optimal solution found (tolerance 5.00e-03)
Best objective 5.792000000000e+03, best bound 5.792000000000e+03, gap 0.0000%
