
Gurobi 12.0.0 (win64) logging started Sun Feb 15 19:22:17 2026

Set parameter LogFile to value "Storage_orig/Logs/log______Sens_truck_cost_multiplier_1.25_2026_02_15_19_22_17.log"
Set parameter MIPGap to value 0.01
Set parameter OutputFlag to value 1
Set parameter TimeLimit to value 600
Gurobi Optimizer version 12.0.0 build v12.0.0rc1 (win64 - Windows 11+.0 (26200.2))

CPU model: Intel(R) Core(TM) i7-9750H CPU @ 2.60GHz, instruction set [SSE2|AVX|AVX2]
Thread count: 6 physical cores, 12 logical processors, using up to 12 threads

Non-default parameters:
TimeLimit  600
MIPGap  0.01
MIPFocus  1

Optimize a model with 4170 rows, 840 columns and 11004 nonzeros
Model fingerprint: 0xca92c26b
Variable types: 18 continuous, 822 integer (570 binary)
Coefficient statistics:
  Matrix range     [2e-01, 1e+03]
  Objective range  [1e+01, 2e+03]
  Bounds range     [1e+00, 1e+00]
  RHS range        [1e+00, 1e+03]

User MIP start produced solution with objective 6097 (0.01s)
Loaded user MIP start with objective 6097

Presolve removed 2940 rows and 192 columns
Presolve time: 0.04s
Presolved: 1230 rows, 648 columns, 6453 nonzeros
Variable types: 18 continuous, 630 integer (450 binary)

Root relaxation: objective 5.742500e+03, 407 iterations, 0.02 seconds (0.01 work units)

    Nodes    |    Current Node    |     Objective Bounds      |     Work
 Expl Unexpl |  Obj  Depth IntInf | Incumbent    BestBd   Gap | It/Node Time

     0     0 5742.50003    0   31 6097.00000 5742.50003  5.81%     -    0s
     0     0 5743.00013    0   73 6097.00000 5743.00013  5.81%     -    0s
     0     0 5745.00013    0   76 6097.00000 5745.00013  5.77%     -    0s
     0     0 5785.42503    0   69 6097.00000 5785.42503  5.11%     -    0s
     0     0 5785.42503    0   59 6097.00000 5785.42503  5.11%     -    0s
     0     0 5785.42503    0   61 6097.00000 5785.42503  5.11%     -    0s
     0     0 5803.83264    0   89 6097.00000 5803.83264  4.81%     -    0s
     0     0 5834.02907    0   93 6097.00000 5834.02907  4.31%     -    0s
     0     0 5839.90906    0   99 6097.00000 5839.90906  4.22%     -    0s
     0     0 5841.26011    0   94 6097.00000 5841.26011  4.19%     -    0s
     0     0 5846.03052    0  125 6097.00000 5846.03052  4.12%     -    0s
     0     0 5848.26065    0  115 6097.00000 5848.26065  4.08%     -    0s
     0     0 5848.56659    0  118 6097.00000 5848.56659  4.07%     -    0s
     0     0 5848.56659    0  126 6097.00000 5848.56659  4.07%     -    0s
     0     0 5899.47586    0  174 6097.00000 5899.47586  3.24%     -    1s
     0     0 5905.73711    0  139 6097.00000 5905.73711  3.14%     -    1s
     0     0 5912.92186    0  163 6097.00000 5912.92186  3.02%     -    1s
     0     0 5916.46743    0  166 6097.00000 5916.46743  2.96%     -    1s
     0     0 5920.55667    0  200 6097.00000 5920.55667  2.89%     -    1s
     0     0 5921.48173    0  215 6097.00000 5921.48173  2.88%     -    1s
     0     0 5924.05185    0  232 6097.00000 5924.05185  2.84%     -    1s
     0     0 5924.91454    0  227 6097.00000 5924.91454  2.82%     -    1s
     0     0 5925.30973    0  231 6097.00000 5925.30973  2.82%     -    1s
     0     0 5926.08419    0  214 6097.00000 5926.08419  2.80%     -    1s
     0     0 5926.11656    0  216 6097.00000 5926.11656  2.80%     -    1s
     0     0 5930.80572    0  225 6097.00000 5930.80572  2.73%     -    1s
     0     0 5930.94268    0  239 6097.00000 5930.94268  2.72%     -    1s
     0     0 5931.01245    0  246 6097.00000 5931.01245  2.72%     -    1s
     0     0 5931.01537    0  250 6097.00000 5931.01537  2.72%     -    1s
     0     0 5947.68747    0  184 6097.00000 5947.68747  2.45%     -    1s
     0     0 5947.72071    0  187 6097.00000 5947.72071  2.45%     -    1s
     0     0 5947.75202    0  192 6097.00000 5947.75202  2.45%     -    1s
     0     0 5947.75202    0  196 6097.00000 5947.75202  2.45%     -    1s
     0     0 5947.76471    0   57 6097.00000 5947.76471  2.45%     -    2s
     0     2 5947.76471    0   57 6097.00000 5947.76471  2.45%     -    2s
   424   333 5974.73415   17   88 6097.00000 5948.84916  2.43%  58.6    5s
  1758  1202 5967.57255   23  157 6097.00000 5960.00000  2.25%  36.4   10s
  2949  1250 6085.38095   42   34 6097.00000 5981.13904  1.90%  49.2   15s
  7547  1802 6066.71742   18  109 6097.00000 6000.61905  1.58%  38.1   20s
 12067  2248 6010.16408   30  120 6097.00000 6004.79109  1.51%  40.2   25s
 15457  2293 6089.30435   42   88 6097.00000 6007.70588  1.46%  41.5   30s
 20995  2575 infeasible   32      6097.00000 6011.01575  1.41%  39.9   35s
 26058  2807 6015.06304   31   42 6097.00000 6013.08718  1.38%  39.8   40s
 31518  3411 infeasible   30      6097.00000 6015.00000  1.34%  39.6   45s
 36052  3822     cutoff   39      6097.00000 6015.61939  1.33%  39.3   50s
 41055  4176 6021.03634   32   78 6097.00000 6016.55556  1.32%  39.2   56s
 45950  4463 6019.52962   33   45 6097.00000 6017.66667  1.30%  39.0   61s
 49468  5415 6053.68750   31   81 6097.00000 6018.60000  1.29%  38.7   65s
 54483  6237 6023.53394   31  144 6097.00000 6019.22222  1.28%  38.4   70s
 59793  7350     cutoff   39      6097.00000 6019.81270  1.27%  37.5   75s
 65228  8627 6040.19186   39   70 6097.00000 6020.41615  1.26%  36.9   80s
 71597 10250 6030.53846   37   79 6097.00000 6020.91941  1.25%  35.5   85s
 77896 11634 6035.71393   40  120 6097.00000 6021.34642  1.24%  34.7   90s
 83687 13454 6053.84615   40   57 6097.00000 6021.79469  1.23%  33.8   95s
 90755 15426 6032.50000   24   55 6097.00000 6022.33333  1.22%  32.9  100s
 94738 17347 6082.91667   29   51 6097.00000 6022.46074  1.22%  33.4  105s
 101197 18356     cutoff   36      6097.00000 6022.70889  1.22%  32.7  110s
 109237 20897 6025.27912   33   72 6097.00000 6023.15363  1.21%  31.9  115s
 114376 21776 6028.22939   30   72 6097.00000 6023.58343  1.20%  31.5  120s
 122019 23710     cutoff   34      6097.00000 6023.99271  1.20%  30.6  125s
 129405 25744 6039.43679   34  100 6097.00000 6024.58870  1.19%  30.1  131s
 137510 27925 6066.65527   55   77 6097.00000 6024.81377  1.18%  29.3  135s
 140769 28252 6026.05681   34   86 6097.00000 6024.91620  1.18%  29.2  140s
 145586 28967 6033.82517   49   50 6097.00000 6025.18333  1.18%  29.2  145s
 149623 29580 6034.80984   40  111 6097.00000 6025.44699  1.17%  29.0  150s
 152878 29929     cutoff   33      6097.00000 6025.75000  1.17%  29.0  155s
 160398 31605 6032.34767   45   34 6097.00000 6026.34190  1.16%  28.7  160s
 167908 32877     cutoff   36      6097.00000 6026.56250  1.16%  28.2  165s
 175567 34305     cutoff   40      6097.00000 6027.00000  1.15%  28.0  170s
 181402 35404 6058.22132   42  107 6097.00000 6027.31718  1.14%  27.8  175s
 190161 37359     cutoff   40      6097.00000 6027.66667  1.14%  27.5  180s
 197203 38234 6040.41730   35   94 6097.00000 6028.08219  1.13%  27.4  185s
 202375 39513     cutoff   38      6097.00000 6028.43750  1.12%  27.4  190s
 209759 40652 infeasible   36      6097.00000 6028.66667  1.12%  27.1  195s
 216836 41790 infeasible   39      6097.00000 6028.96970  1.12%  27.0  200s
 223093 42559     cutoff   33      6097.00000 6029.30327  1.11%  26.9  205s
 227967 42885 6030.76221   34   91 6097.00000 6029.79709  1.10%  27.0  210s
 237468 44860 6041.18519   44   92 6097.00000 6030.34620  1.09%  26.6  215s
 246670 47682 6041.76988   52   70 6097.00000 6030.53846  1.09%  26.1  220s
 256713 51617 6082.53846   45   59 6097.00000 6030.53846  1.09%  25.4  225s
 259474 51982 6046.32308   50   57 6097.00000 6030.53846  1.09%  25.2  232s
 259497 51997 6065.00768   43  237 6097.00000 6030.53846  1.09%  25.2  235s
 260760 52198 6030.53846   53   68 6097.00000 6030.53846  1.09%  25.4  240s
 264396 52341     cutoff   51      6097.00000 6030.53846  1.09%  25.6  245s
 269013 52177 6030.53846   49   71 6097.00000 6030.53846  1.09%  25.8  250s
 274055 51795     cutoff   46      6097.00000 6030.53846  1.09%  25.9  255s
 277693 51001     cutoff   40      6097.00000 6030.53846  1.09%  26.0  260s
 282103 49704     cutoff   53      6097.00000 6030.53846  1.09%  26.2  265s
 286261 48545 6030.53846   56   44 6097.00000 6030.53846  1.09%  26.4  270s
 290218 48160 6030.53846   40   51 6097.00000 6030.53846  1.09%  26.6  275s
 293023 47468 6030.53846   46   98 6097.00000 6030.53846  1.09%  26.9  280s
 296946 46566 6030.53846   47   46 6097.00000 6030.53846  1.09%  27.3  287s
 300390 45853     cutoff   49      6097.00000 6030.53846  1.09%  27.5  291s
 302582 45517 6030.53846   51  109 6097.00000 6030.53846  1.09%  27.7  295s
 306064 44366 6030.53846   50  113 6097.00000 6030.53846  1.09%  28.2  300s
 309268 43228     cutoff   52      6097.00000 6030.53846  1.09%  28.6  305s
 310800 42592     cutoff   44      6097.00000 6030.53846  1.09%  28.9  310s
 313485 41727 6030.53846   46   37 6097.00000 6030.53846  1.09%  29.2  315s
 315578 41314     cutoff   48      6097.00000 6030.53846  1.09%  29.3  320s
 321538 39534 6030.53846   40   90 6097.00000 6030.53846  1.09%  29.4  325s
 324365 38376 6065.85714   49   58 6097.00000 6030.53846  1.09%  29.6  330s
 327990 37107 6038.09107   52   90 6097.00000 6030.53846  1.09%  29.8  335s
 331477 36252 6064.00000   48   22 6097.00000 6030.53846  1.09%  29.9  340s
 335565 34963     cutoff   50      6097.00000 6030.53846  1.09%  30.0  346s
 339364 33696     cutoff   48      6097.00000 6030.53846  1.09%  30.1  350s
 344922 32723 infeasible   52      6097.00000 6030.53846  1.09%  30.2  355s
 348449 32113     cutoff   57      6097.00000 6030.53846  1.09%  30.1  360s
 354045 30768     cutoff   50      6097.00000 6030.53846  1.09%  30.0  365s
 358568 29581 infeasible   49      6097.00000 6030.53846  1.09%  30.0  370s
 363596 28479 6034.87273   50   70 6097.00000 6030.53846  1.09%  30.0  375s
 369380 26959     cutoff   51      6097.00000 6030.53846  1.09%  29.9  381s
 374005 25608 infeasible   47      6097.00000 6030.53846  1.09%  29.9  385s
 378552 24521 6051.01768   56   95 6097.00000 6030.53846  1.09%  29.8  391s
 384074 22741 6042.73095   52  102 6097.00000 6030.84211  1.09%  29.7  395s
 390234 20413 infeasible   52      6097.00000 6033.21370  1.05%  29.7  401s
 395307 18345     cutoff   43      6097.00000 6035.35821  1.01%  29.6  405s

Cutting planes:
  Learned: 79
  Gomory: 5
  Cover: 290
  Implied bound: 3
  Clique: 26
  MIR: 267
  StrongCG: 13
  Flow cover: 270
  GUB cover: 1
  Inf proof: 8
  Zero half: 7
  RLT: 5
  Relax-and-lift: 18

Explored 396603 nodes (11756054 simplex iterations) in 405.90 seconds (134.75 work units)
Thread count was 12 (of 12 available processors)

Solution count 2: 6097 6097 

Optimal solution found (tolerance 1.00e-02)
Best objective 6.097000000000e+03, best bound 6.037000000000e+03, gap 0.9841%
