
Gurobi 12.0.0 (win64) logging started Wed Feb 25 21:44:43 2026

Set parameter LogFile to value "Storage_orig/Logs/log______Sens_handling_time_0.75_2026_02_25_21_44_43.log"
Set parameter MIPGap to value 0.01
Set parameter OutputFlag to value 1
Gurobi Optimizer version 12.0.0 build v12.0.0rc1 (win64 - Windows 11+.0 (26200.2))

CPU model: Intel(R) Core(TM) i7-9750H CPU @ 2.60GHz, instruction set [SSE2|AVX|AVX2]
Thread count: 6 physical cores, 12 logical processors, using up to 12 threads

Non-default parameters:
MIPGap  0.01
MIPFocus  1

Optimize a model with 5540 rows, 1032 columns and 14852 nonzeros
Model fingerprint: 0xad6b5006
Variable types: 24 continuous, 1008 integer (720 binary)
Coefficient statistics:
  Matrix range     [8e-01, 1e+02]
  Objective range  [1e+01, 2e+03]
  Bounds range     [1e+00, 1e+00]
  RHS range        [1e+00, 2e+02]

User MIP start did not produce a new incumbent solution
User MIP start violates constraint R574 by 5.000000000

Found heuristic solution: objective 18900.000000
Presolve removed 3940 rows and 168 columns
Presolve time: 0.02s
Presolved: 1600 rows, 864 columns, 8604 nonzeros
Variable types: 24 continuous, 840 integer (600 binary)

Root relaxation: objective 4.977000e+03, 852 iterations, 0.02 seconds (0.02 work units)

    Nodes    |    Current Node    |     Objective Bounds      |     Work
 Expl Unexpl |  Obj  Depth IntInf | Incumbent    BestBd   Gap | It/Node Time

     0     0 4977.00027    0   38 18900.0000 4977.00027  73.7%     -    0s
H    0     0                    14788.000000 4977.00027  66.3%     -    0s
H    0     0                    14648.000000 4977.00027  66.0%     -    0s
H    0     0                    14350.000000 4977.00027  65.3%     -    0s
H    0     0                    13572.000000 4977.00027  63.3%     -    0s
H    0     0                    9672.0000000 4977.00027  48.5%     -    0s
     0     0 4977.77143    0   93 9672.00000 4977.77143  48.5%     -    0s
     0     0 4990.66914    0   87 9672.00000 4990.66914  48.4%     -    0s
     0     0 5000.96402    0   64 9672.00000 5000.96402  48.3%     -    0s
     0     0 5000.96402    0   66 9672.00000 5000.96402  48.3%     -    0s
     0     0 5101.29305    0  117 9672.00000 5101.29305  47.3%     -    0s
H    0     0                    9373.0000000 5101.29305  45.6%     -    0s
     0     0 5106.73897    0  125 9373.00000 5106.73897  45.5%     -    0s
     0     0 5121.00124    0  102 9373.00000 5121.00124  45.4%     -    0s
     0     0 5121.38154    0  119 9373.00000 5121.38154  45.4%     -    0s
     0     0 5123.29809    0  120 9373.00000 5123.29809  45.3%     -    0s
     0     0 5123.29809    0  127 9373.00000 5123.29809  45.3%     -    0s
H    0     0                    9172.0000000 5123.29809  44.1%     -    0s
     0     0 5138.91931    0  119 9172.00000 5138.91931  44.0%     -    0s
H    0     0                    9053.0000000 5138.91931  43.2%     -    0s
H    0     0                    7273.0000000 5138.91931  29.3%     -    0s
     0     0 5141.03708    0  147 7273.00000 5141.03708  29.3%     -    0s
     0     0 5144.70956    0  137 7273.00000 5144.70956  29.3%     -    0s
     0     0 5145.02519    0  144 7273.00000 5145.02519  29.3%     -    0s
     0     0 5145.02519    0  154 7273.00000 5145.02519  29.3%     -    0s
     0     0 5145.02519    0  175 7273.00000 5145.02519  29.3%     -    0s
H    0     0                    6813.0000000 5145.02519  24.5%     -    0s
     0     0 5146.63838    0  132 6813.00000 5146.63838  24.5%     -    0s
     0     0 5151.12727    0  146 6813.00000 5151.12727  24.4%     -    0s
     0     0 5151.12727    0  144 6813.00000 5151.12727  24.4%     -    0s
     0     0 5151.12727    0  107 6813.00000 5151.12727  24.4%     -    0s
H    0     0                    6733.0000000 5151.12727  23.5%     -    0s
H    0     0                    6673.0000000 5151.12727  22.8%     -    0s
     0     2 5151.12727    0  103 6673.00000 5151.12727  22.8%     -    0s
H   42    45                    6497.0000000 5151.93401  20.7%   192    1s
H   68    75                    6077.0000000 5151.93401  15.2%   173    1s
H  163   145                    6051.0000000 5151.93401  14.9%   115    1s
H  225   172                    6038.0000000 5153.40000  14.7%   109    1s
   766   402 5194.58401    9   87 6038.00000 5155.78334  14.6%  79.3    5s
H 1825  1021                    6032.0000000 5181.57294  14.1%  78.9    9s
  1827  1022 5917.01553   36  281 6032.00000 5182.50000  14.1%  78.8   10s
H 1867  1009                    6020.0000000 5187.90714  13.8%  90.7   11s
H 1871   959                    5986.0000000 5187.90714  13.3%  91.1   11s
H 1916   943                    5846.0000000 5187.90714  11.3%  96.7   12s
H 1969   915                    5800.0000000 5187.90714  10.6%   101   12s
H 1970   873                    5786.0000000 5187.90714  10.3%   101   12s
H 1973   832                    5764.0000000 5187.90714  10.0%   102   12s
H 2007   783                    5684.0000000 5187.90714  8.73%   102   12s
H 2155   773                    5660.0000000 5187.90714  8.34%   108   14s
  2301   813 5532.26820   32   66 5660.00000 5189.91837  8.31%   108   15s
  3346  1101 5301.76856   24  114 5660.00000 5198.68057  8.15%   115   20s
  4470  1510 5359.13333   31  113 5660.00000 5210.65304  7.94%   123   25s
  6547  2582     cutoff   40      5660.00000 5228.43830  7.62%   128   30s
  9471  4232 5557.77386   30   59 5660.00000 5254.50250  7.16%   124   35s
 12305  5640 5635.72357   50  107 5660.00000 5263.97391  7.00%   121   40s
 15004  6679 5326.50000   25  166 5660.00000 5274.36430  6.81%   120   45s
 17442  7553 5398.29455   23  137 5660.00000 5282.56842  6.67%   122   50s
 20290  8796 5628.17609   28  150 5660.00000 5293.33360  6.48%   122   55s
 22884  9699     cutoff   30      5660.00000 5301.32307  6.34%   121   60s
 25725 10797 5423.84000   25  167 5660.00000 5306.63582  6.24%   120   65s
 28286 11429 5522.73338   32  119 5660.00000 5310.53913  6.17%   121   71s
 30405 12130 5373.15000   27  119 5660.00000 5313.46678  6.12%   121   75s
 32951 12819 5401.94783   30  125 5660.00000 5320.42443  6.00%   121   80s
 36287 13433 5407.30000   27   98 5660.00000 5330.74310  5.82%   120   87s
 37344 13941 5623.05000   30   85 5660.00000 5336.71194  5.71%   120   90s
 41745 14512 5355.20000   28   93 5660.00000 5347.80000  5.52%   118   96s
 44146 14969     cutoff   39      5660.00000 5356.11766  5.37%   118  101s
 45462 14972 5571.33229   40  116 5660.00000 5358.29738  5.33%   118  106s
 45860 15137     cutoff   26      5660.00000 5358.94305  5.32%   118  111s
 48220 15537 5595.49346   44   89 5660.00000 5365.24571  5.21%   118  115s
 50943 15702 5607.00000   31   92 5660.00000 5373.12738  5.07%   118  120s
 53481 15716     cutoff   27      5660.00000 5383.75000  4.88%   118  125s
 56004 15595 5631.28571   35   56 5660.00000 5399.15967  4.61%   118  130s
 59622 15486     cutoff   32      5660.00000 5412.17143  4.38%   118  137s
 62172 15416     cutoff   31      5660.00000 5420.72619  4.23%   118  142s
 62704 15936 5635.70000   30   84 5660.00000 5422.16846  4.20%   118  147s
 65606 17423     cutoff   49      5660.00000 5428.51907  4.09%   117  151s
 68424 18718     cutoff   56      5660.00000 5430.54339  4.05%   115  155s
 72255 20946 5581.53241   41  136 5660.00000 5433.85052  4.00%   113  160s
 76529 22833 5525.23133   59   78 5660.00000 5434.76307  3.98%   110  166s
 80558 24918     cutoff   50      5660.00000 5435.44588  3.97%   108  172s
 83813 26018     cutoff   48      5660.00000 5435.79806  3.96%   107  175s
 87394 27336 5481.83781   56   87 5660.00000 5436.46535  3.95%   105  180s
 92229 29742 5453.37136   44  130 5660.00000 5437.36675  3.93%   103  186s
 95726 31424 5489.44152   53  117 5660.00000 5437.94587  3.92%   102  190s
 99162 33231     cutoff   51      5660.00000 5438.45926  3.91%   101  196s
 103264 34960     cutoff   48      5660.00000 5439.20205  3.90%   100  201s
 107111 36827 5538.02400   59  136 5660.00000 5439.54037  3.90%  98.9  206s
 110392 38322 5609.33405   50   45 5660.00000 5440.12030  3.88%  97.9  211s
 113993 39863 5550.05755   56   73 5660.00000 5440.69847  3.87%  97.2  216s
 115276 40169     cutoff   30      5660.00000 5440.79332  3.87%  97.0  220s
 118883 41619 5579.24243   39  100 5660.00000 5441.21275  3.87%  96.3  226s
 122564 43306     cutoff   42      5660.00000 5441.69367  3.86%  95.7  231s
 126365 44769 5549.60000   40   38 5660.00000 5442.01385  3.85%  94.9  236s
 130049 46144 5512.29733   53  174 5660.00000 5442.46619  3.84%  94.3  241s
 133330 47671 5625.02050   52   82 5660.00000 5442.84709  3.84%  93.7  246s
 135822 48845 5535.36707   57  146 5660.00000 5443.07395  3.83%  93.4  250s
 139968 50465 5500.03096   52  147 5660.00000 5443.50481  3.83%  92.7  255s
 144450 52563 5478.62548   38  138 5660.00000 5443.98590  3.82%  92.1  261s
 146955 53728 5607.52778   60   48 5660.00000 5444.22523  3.81%  91.7  265s
 149518 54533 5632.64774   46   50 5660.00000 5444.32317  3.81%  91.2  271s
 151182 55739 5556.51968   34  132 5660.00000 5444.43683  3.81%  91.0  275s
 155641 57584 5545.48553   59   55 5660.00000 5444.75222  3.80%  90.3  280s
 159181 59434 5469.79310   42   50 5660.00000 5444.99596  3.80%  89.8  285s
 163128 60926 5636.08980   56   71 5660.00000 5445.20150  3.80%  89.2  290s
 166550 62327 5558.11393   53  120 5660.00000 5445.51863  3.79%  88.9  295s
 169883 63781 5527.90800   50   60 5660.00000 5445.85511  3.78%  88.6  300s
 173661 65239 5575.36586   46  111 5660.00000 5446.18292  3.78%  88.3  306s
 177023 66666 5530.52501   55  121 5660.00000 5446.33956  3.77%  88.1  311s
 179682 67740 5555.48571   47  109 5660.00000 5446.58800  3.77%  87.9  315s
 183289 69438 5534.84005   50  118 5660.00000 5446.85740  3.77%  87.8  321s
 187231 71119 5539.84143   47  118 5660.00000 5447.12779  3.76%  87.4  326s
 189982 71945 infeasible   58      5660.00000 5447.28692  3.76%  87.2  330s
 193216 73492 5554.45170   34  115 5660.00000 5447.42645  3.76%  86.9  336s
 197380 75080 5571.74848   50   57 5660.00000 5447.84394  3.75%  86.6  341s
 199807 75633 5537.38889   62  154 5660.00000 5447.93894  3.75%  86.5  345s
 202141 77086 5535.70525   41  133 5660.00000 5447.99086  3.75%  86.3  350s
 206127 78094 5572.96932   50  130 5660.00000 5448.32408  3.74%  86.0  357s
 206664 78707 5532.20847   44   77 5660.00000 5448.32408  3.74%  86.0  361s
 210370 80260 5609.65498   55  118 5660.00000 5448.67563  3.73%  85.8  366s
 212460 81035 5557.76867   56  103 5660.00000 5448.77303  3.73%  85.6  370s
 216477 82484 5475.62040   45  127 5660.00000 5449.02827  3.73%  85.3  375s
 220631 84073 5543.60273   51  113 5660.00000 5449.18753  3.72%  84.9  380s
 223456 85157 5607.00000   51   35 5660.00000 5449.41180  3.72%  84.8  386s
 226565 86155 5466.51758   50   77 5660.00000 5449.63847  3.72%  84.6  390s
 231250 88025 5487.13700   45   72 5660.00000 5449.93945  3.71%  84.3  396s
 234584 89262 5536.32560   54  154 5660.00000 5450.11138  3.71%  84.2  401s
 238286 90581 5467.50797   42  125 5660.00000 5450.45789  3.70%  84.0  406s
 242134 91916 5469.65691   41  186 5660.00000 5450.68480  3.70%  83.8  411s
 246216 93447 5465.43667   46   56 5660.00000 5450.93313  3.69%  83.6  416s
 248623 94480 5493.26503   48  111 5660.00000 5451.04797  3.69%  83.5  420s
 252316 95807 5496.59776   53  104 5660.00000 5451.28416  3.69%  83.3  425s
 256082 97118 5532.38273   50   75 5660.00000 5451.48820  3.68%  83.1  430s
 259550 98254 5576.51008   44   75 5660.00000 5451.66120  3.68%  83.1  435s
 263078 99759 infeasible   51      5660.00000 5451.83442  3.68%  82.9  440s
 266936 101003 5469.46154   45   73 5660.00000 5451.99333  3.68%  82.8  446s
 269307 101638 5532.38273   47   68 5660.00000 5452.12164  3.67%  82.7  450s
 272105 102877 5552.76671   48  123 5660.00000 5452.30627  3.67%  82.6  455s
 275680 104209     cutoff   51      5660.00000 5452.49811  3.67%  82.5  460s
 278697 104770 5502.28624   54  182 5660.00000 5452.59586  3.66%  82.4  465s
 281239 106021 5574.20623   65  103 5660.00000 5452.76555  3.66%  82.3  470s
 285151 107320 5520.85714   38   60 5660.00000 5452.95637  3.66%  82.1  475s
 288532 108767 5487.45046   42  141 5660.00000 5453.14074  3.65%  82.0  480s
 292073 109902     cutoff   75      5660.00000 5453.29611  3.65%  81.9  485s
 295485 111175 5544.59358   41  124 5660.00000 5453.47046  3.65%  81.8  491s
 298177 112055     cutoff   45      5660.00000 5453.57262  3.65%  81.7  495s
 301791 113461     cutoff   61      5660.00000 5453.74057  3.64%  81.5  500s
 305634 114763     cutoff   29      5660.00000 5453.93219  3.64%  81.4  505s
 308937 115909 5516.04444   43   47 5660.00000 5454.09109  3.64%  81.3  511s
 312180 117264 5514.43389   56  128 5660.00000 5454.24185  3.64%  81.2  516s
 315082 118147     cutoff   55      5660.00000 5454.34315  3.63%  81.1  520s
 318708 119470 5543.19363   49   46 5660.00000 5454.51660  3.63%  81.0  525s
 323013 120690 5459.78930   45  116 5660.00000 5454.70166  3.63%  80.9  530s
 326497 121677 5552.83794   50  150 5660.00000 5454.83071  3.62%  80.8  536s
 328545 122383 5610.97095   52   44 5660.00000 5454.93005  3.62%  80.8  540s
 330812 123048 5462.44444   40   61 5660.00000 5455.03388  3.62%  80.8  546s
 334838 124088     cutoff   40      5660.00000 5455.23822  3.62%  80.7  552s
 336193 124820 infeasible   47      5660.00000 5455.29309  3.62%  80.7  555s
 340203 126117 5502.62933   46  213 5660.00000 5455.47036  3.61%  80.6  561s
 343859 127299 5537.89222   46   78 5660.00000 5455.67256  3.61%  80.5  566s
 347329 128501 5503.63468   47  122 5660.00000 5455.82277  3.61%  80.5  571s
 349389 129291 5582.28571   41  109 5660.00000 5455.90207  3.61%  80.5  575s
 353196 130406 5516.63886   53  132 5660.00000 5456.06581  3.60%  80.4  580s
 356897 131700 infeasible   51      5660.00000 5456.23119  3.60%  80.4  585s
 360807 132992 infeasible   55      5660.00000 5456.34584  3.60%  80.3  590s
 364599 134417 5549.98732   50  133 5660.00000 5456.48768  3.60%  80.2  596s
 368559 135254 5559.36804   39  139 5660.00000 5456.70954  3.59%  80.0  601s
 371326 136428 infeasible   52      5660.00000 5456.85008  3.59%  80.0  606s
 373925 137470 5463.05269   39  133 5660.00000 5456.96816  3.59%  79.9  610s
 377567 138674 5587.30000   51   72 5660.00000 5457.15607  3.58%  79.9  615s
 381314 139651 5508.50860   54  173 5660.00000 5457.31826  3.58%  79.8  621s
 383716 140353 5556.66996   36   86 5660.00000 5457.39066  3.58%  79.8  625s
 387048 141774 5578.13703   56  127 5660.00000 5457.52752  3.58%  79.7  630s
 390950 143055 infeasible   50      5660.00000 5457.68825  3.57%  79.7  636s
 393108 143859 infeasible   52      5660.00000 5457.78068  3.57%  79.7  640s
 396507 144625 5480.95839   36  148 5660.00000 5457.87766  3.57%  79.6  645s
 399805 146059 5556.99670   39  196 5660.00000 5458.05263  3.57%  79.6  650s
 403783 147202 5538.53879   43  147 5660.00000 5458.18697  3.57%  79.5  656s
 405703 147949 5552.58905   48   94 5660.00000 5458.25718  3.56%  79.4  660s
 409209 149137 5527.57595   45  126 5660.00000 5458.41325  3.56%  79.4  666s
 411658 149891 5486.60808   49   93 5660.00000 5458.49437  3.56%  79.4  670s
 415544 151196 5502.51384   67  119 5660.00000 5458.66881  3.56%  79.3  675s
 419012 152302 5561.54032   58   72 5660.00000 5458.83039  3.55%  79.3  681s
 421823 153085 5548.95681   46  134 5660.00000 5458.94259  3.55%  79.3  685s
 425498 154243 5497.98943   41   70 5660.00000 5459.09766  3.55%  79.2  691s
 427462 154803 5640.33851   46  137 5660.00000 5459.18050  3.55%  79.2  695s
 430540 156014 5540.28269   58  113 5660.00000 5459.29815  3.55%  79.2  700s
 433826 156987 5569.82231   56   67 5660.00000 5459.40365  3.54%  79.1  706s
 436305 157963 5464.47658   42  225 5660.00000 5459.53923  3.54%  79.1  710s
 439750 158770 5520.15385   50   65 5660.00000 5459.66717  3.54%  79.1  716s
 442599 159724 5589.38490   48   61 5660.00000 5459.77223  3.54%  79.0  720s
 446935 161109     cutoff   54      5660.00000 5459.92012  3.53%  78.9  725s
 450564 162035     cutoff   63      5660.00000 5460.06330  3.53%  78.9  730s
 453709 163209 infeasible   41      5660.00000 5460.16871  3.53%  78.9  736s
 457652 164370 5498.40894   46  161 5660.00000 5460.27563  3.53%  78.8  742s
 459346 165152 5525.52807   57  151 5660.00000 5460.35340  3.53%  78.8  745s
 461819 165926 5577.64974   39  166 5660.00000 5460.41666  3.53%  78.8  750s
 465899 167232 5560.76632   39  177 5660.00000 5460.60757  3.52%  78.8  755s
 469698 168187 5478.76526   50  136 5660.00000 5460.68927  3.52%  78.7  760s
 472360 169519     cutoff   52      5660.00000 5460.76223  3.52%  78.6  765s
 475621 170585     cutoff   45      5660.00000 5460.85826  3.52%  78.6  771s
 479675 171679     cutoff   49      5660.00000 5460.98594  3.52%  78.5  776s
 482072 172267 5611.69007   50  124 5660.00000 5461.12534  3.51%  78.5  780s
 485673 173521 5536.02640   55  178 5660.00000 5461.24809  3.51%  78.4  785s
 489211 174534     cutoff   51      5660.00000 5461.36606  3.51%  78.4  790s
 491864 175320 5575.32513   56   70 5660.00000 5461.47309  3.51%  78.4  796s
 494087 176049 5464.35047   44  222 5660.00000 5461.51423  3.51%  78.4  800s
 497420 177082 5511.09890   53  119 5660.00000 5461.69911  3.50%  78.4  805s
 501501 178258 5537.17857   44   30 5660.00000 5461.85486  3.50%  78.4  811s
 504080 179055 5481.50659   45  153 5660.00000 5461.92578  3.50%  78.4  815s
 507725 180116 5467.07326   46  151 5660.00000 5462.03254  3.50%  78.4  820s
 510847 180907 infeasible   52      5660.00000 5462.16260  3.50%  78.4  825s
 514552 182069 5560.81282   49  123 5660.00000 5462.23909  3.49%  78.4  831s
 516566 182723 5585.08103   51  148 5660.00000 5462.36591  3.49%  78.4  835s
 518780 183371 5485.95197   54  141 5660.00000 5462.43079  3.49%  78.4  841s
 521096 184122 5473.81111   47  120 5660.00000 5462.48012  3.49%  78.3  845s
 525211 185392 5574.47676   56  154 5660.00000 5462.65405  3.49%  78.3  851s
 527118 186138     cutoff   56      5660.00000 5462.70361  3.49%  78.3  855s
 531188 187450 5560.51875   55  107 5660.00000 5462.84382  3.48%  78.2  861s
 535116 188780 5635.98571   54   88 5660.00000 5462.97826  3.48%  78.2  866s
 537883 189695     cutoff   67      5660.00000 5463.04151  3.48%  78.2  870s
 541756 190961 5511.03700   46  131 5660.00000 5463.16221  3.48%  78.1  876s
 545049 191682 5465.10409   40  121 5660.00000 5463.25160  3.48%  78.1  880s
 547913 192744 5501.93366   49  133 5660.00000 5463.35276  3.47%  78.1  885s
 551524 193582 5641.90272   51   60 5660.00000 5463.47842  3.47%  78.1  891s
 554767 194408 5468.16336   51  131 5660.00000 5463.56526  3.47%  78.1  895s
 557480 195523 5611.84286   56   61 5660.00000 5463.66866  3.47%  78.1  901s
 561224 196364 5630.53623   50   71 5660.00000 5463.77413  3.47%  78.1  906s
 563176 197123     cutoff   57      5660.00000 5463.85018  3.47%  78.0  910s
 567054 198242 5493.55776   50   99 5660.00000 5463.95702  3.46%  78.1  916s
 569681 199029 5564.37768   44  118 5660.00000 5464.07358  3.46%  78.0  920s
 573391 200288     cutoff   50      5660.00000 5464.18332  3.46%  78.0  925s
 577408 201482 5472.62325   48  139 5660.00000 5464.33113  3.46%  78.0  931s
 580792 202159 infeasible   58      5660.00000 5464.40924  3.46%  77.9  936s
 581213 202274     cutoff   61      5660.00000 5464.42586  3.46%  77.9  940s
 584368 203356 5597.95307   52  104 5660.00000 5464.54357  3.45%  77.9  946s
 587115 204116 5655.00649   50   59 5660.00000 5464.64260  3.45%  77.9  950s
 590998 205299 5465.56551   40  212 5660.00000 5464.75089  3.45%  77.9  957s
 593385 205893 5481.07656   45  147 5660.00000 5464.83695  3.45%  77.9  961s
 597238 206820     cutoff   51      5660.00000 5464.96680  3.45%  77.9  966s
 599787 207589 5643.29280   64  135 5660.00000 5465.02734  3.44%  77.9  970s
 603252 208557 5539.57416   59  107 5660.00000 5465.11189  3.44%  77.9  975s
 607154 209651 5472.96088   45  149 5660.00000 5465.22045  3.44%  77.8  980s
 610663 210726 5558.00357   41  179 5660.00000 5465.30841  3.44%  77.8  986s
 613142 211428 5568.05478   62   96 5660.00000 5465.38297  3.44%  77.8  990s
 616990 212392 5499.12959   46  120 5660.00000 5465.45458  3.44%  77.8  996s
 619674 213266 5480.89427   30  199 5660.00000 5465.50658  3.44%  77.8 1000s
 623580 214381     cutoff   48      5660.00000 5465.63931  3.43%  77.7 1005s
 627509 215517 5631.01052   58   39 5660.00000 5465.75257  3.43%  77.7 1011s
 629870 216231 5562.33078   46   90 5660.00000 5465.82872  3.43%  77.7 1015s
 633127 217271 5558.27992   43  116 5660.00000 5465.88595  3.43%  77.7 1021s
 636086 218084 5534.85397   51   78 5660.00000 5465.96014  3.43%  77.7 1025s
 639938 219263 5656.04886   69   74 5660.00000 5466.05402  3.43%  77.6 1031s
 642696 220157     cutoff   51      5660.00000 5466.14127  3.43%  77.6 1035s
 646494 221231 5504.02971   58  124 5660.00000 5466.22707  3.42%  77.6 1040s
 650171 222309 5551.36557   34  176 5660.00000 5466.37200  3.42%  77.6 1046s
 652580 223048 5516.39045   56  103 5660.00000 5466.41848  3.42%  77.6 1050s
 656108 224033 5544.78594   56  116 5660.00000 5466.52278  3.42%  77.6 1055s
 660010 225044 5479.04693   50  149 5660.00000 5466.63333  3.42%  77.6 1061s
 662421 225639 5481.26122   48  137 5660.00000 5466.68912  3.42%  77.5 1065s
 665642 226504 5582.74378   59  100 5660.00000 5466.78538  3.41%  77.5 1071s
 668109 227192 infeasible   47      5660.00000 5466.85770  3.41%  77.6 1075s
 672181 228248 5510.15480   57  120 5660.00000 5466.94087  3.41%  77.5 1081s
 673653 228757 5485.37006   52  148 5660.00000 5466.96329  3.41%  77.5 1085s
 677467 229767 5574.00865   43  135 5660.00000 5467.09967  3.41%  77.5 1091s
 679995 230493 5546.25710   48  138 5660.00000 5467.14326  3.41%  77.5 1095s
 683903 231350 5616.66405   50   58 5660.00000 5467.31389  3.40%  77.5 1101s
 687725 232347 5503.65998   59  145 5660.00000 5467.43935  3.40%  77.5 1107s
 689686 232679 5636.50563   48  100 5660.00000 5467.47530  3.40%  77.5 1111s
 691081 233504     cutoff   42      5660.00000 5467.54150  3.40%  77.5 1116s
 694676 234303 5483.93752   50  129 5660.00000 5467.59487  3.40%  77.5 1120s
 698314 235281 5493.22593   48  106 5660.00000 5467.69735  3.40%  77.5 1125s
 702348 236432 infeasible   57      5660.00000 5467.79626  3.40%  77.5 1131s
 706150 237473 5572.37503   64   63 5660.00000 5467.87070  3.39%  77.5 1136s
 708466 238135 5563.64355   51  112 5660.00000 5467.93341  3.39%  77.4 1140s
 711783 239009 5495.13485   40  105 5660.00000 5468.02461  3.39%  77.5 1146s
 714337 239538 5554.01561   49  107 5660.00000 5468.08290  3.39%  77.4 1150s
 717077 240601 5484.74530   44  140 5660.00000 5468.16612  3.39%  77.4 1156s
 719831 241365 5635.50233   59  112 5660.00000 5468.23192  3.39%  77.4 1160s
 723635 242311 5558.34753   55   68 5660.00000 5468.34327  3.39%  77.4 1167s
 726155 243085 infeasible   51      5660.00000 5468.41525  3.38%  77.4 1171s
 728861 243896 5557.09591   59  129 5660.00000 5468.49707  3.38%  77.4 1175s
 732954 244990 5544.05992   53   78 5660.00000 5468.60222  3.38%  77.4 1181s
 736864 246085 5637.58781   50   50 5660.00000 5468.68232  3.38%  77.4 1186s
 739412 246825 5538.15802   62  146 5660.00000 5468.75936  3.38%  77.4 1190s
 741069 247665 5563.42532   46   93 5660.00000 5468.79701  3.38%  77.3 1195s
 743847 248237 5489.76290   47  141 5660.00000 5468.84686  3.38%  77.3 1200s
 748245 249500 infeasible   61      5660.00000 5468.95066  3.38%  77.3 1206s
 750996 250318 infeasible   50      5660.00000 5469.01743  3.37%  77.3 1210s
 755117 251533 infeasible   50      5660.00000 5469.10479  3.37%  77.3 1216s
 757650 252317 infeasible   51      5660.00000 5469.14108  3.37%  77.3 1220s
 761335 253365 5481.82145   48  157 5660.00000 5469.24258  3.37%  77.3 1225s
 765370 254711 5594.29755   55   77 5660.00000 5469.31889  3.37%  77.3 1231s
 766720 254881 5486.42624   47  131 5660.00000 5469.35239  3.37%  77.2 1235s
 769744 255810 5497.49885   49  152 5660.00000 5469.42630  3.37%  77.3 1240s
 773862 256958 5552.64410   65  115 5660.00000 5469.46208  3.37%  77.2 1245s
 777655 257831 infeasible   46      5660.00000 5469.53752  3.37%  77.2 1251s
 779266 258513 5560.58485   58   70 5660.00000 5469.56708  3.36%  77.2 1255s
 783340 259518 5565.13585   42  144 5660.00000 5469.66842  3.36%  77.2 1261s
 786090 260193 5474.03220   39  171 5660.00000 5469.72954  3.36%  77.2 1265s
 789918 261348 5545.39909   50  105 5660.00000 5469.80809  3.36%  77.2 1270s
 793314 262270 5545.97912   50  111 5660.00000 5469.89655  3.36%  77.2 1276s
 795923 262886 infeasible   58      5660.00000 5469.98023  3.36%  77.2 1280s
