
Gurobi 12.0.0 (win64) logging started Tue Feb 17 01:18:57 2026

Set parameter LogFile to value "Storage_orig/Logs/log______Sens_truck_cost_multiplier_0.75_2026_02_17_01_18_57.log"
Set parameter MIPGap to value 0.01
Set parameter OutputFlag to value 1
Set parameter TimeLimit to value 600
Gurobi Optimizer version 12.0.0 build v12.0.0rc1 (win64 - Windows 11+.0 (26200.2))

CPU model: Intel(R) Core(TM) i7-9750H CPU @ 2.60GHz, instruction set [SSE2|AVX|AVX2]
Thread count: 6 physical cores, 12 logical processors, using up to 12 threads

Non-default parameters:
TimeLimit  600
MIPGap  0.01
MIPFocus  1

Optimize a model with 4170 rows, 840 columns and 11004 nonzeros
Model fingerprint: 0x37b20a34
Variable types: 18 continuous, 822 integer (570 binary)
Coefficient statistics:
  Matrix range     [2e-01, 1e+03]
  Objective range  [1e+01, 2e+03]
  Bounds range     [1e+00, 1e+00]
  RHS range        [1e+00, 1e+03]
Found heuristic solution: objective 14175.000000
Presolve removed 2940 rows and 192 columns
Presolve time: 0.03s
Presolved: 1230 rows, 648 columns, 6453 nonzeros
Variable types: 18 continuous, 630 integer (450 binary)

Root relaxation: objective 5.242500e+03, 407 iterations, 0.01 seconds (0.01 work units)

    Nodes    |    Current Node    |     Objective Bounds      |     Work
 Expl Unexpl |  Obj  Depth IntInf | Incumbent    BestBd   Gap | It/Node Time

     0     0 5242.50003    0   31 14175.0000 5242.50003  63.0%     -    0s
H    0     0                    14154.000000 5242.50003  63.0%     -    0s
H    0     0                    13434.000000 5242.50003  61.0%     -    0s
H    0     0                    12370.000000 5242.50003  57.6%     -    0s
H    0     0                    11920.000000 5242.50003  56.0%     -    0s
H    0     0                    11664.000000 5243.00012  55.0%     -    0s
H    0     0                    10600.000000 5243.00012  50.5%     -    0s
H    0     0                    10150.000000 5243.00012  48.3%     -    0s
H    0     0                    10045.000000 5243.00012  47.8%     -    0s
     0     0 5243.00012    0   67 10045.0000 5243.00012  47.8%     -    0s
     0     0 5243.14286    0   78 10045.0000 5243.14286  47.8%     -    0s
     0     0 5249.82262    0   57 10045.0000 5249.82262  47.7%     -    0s
     0     0 5249.82262    0   56 10045.0000 5249.82262  47.7%     -    0s
     0     0 5330.02364    0   85 10045.0000 5330.02364  46.9%     -    0s
     0     0 5332.81340    0  100 10045.0000 5332.81340  46.9%     -    0s
H    0     0                    7763.0000000 5335.64780  31.3%     -    0s
     0     0 5335.64780    0  125 7763.00000 5335.64780  31.3%     -    0s
H    0     0                    7358.0000000 5339.70916  27.4%     -    0s
     0     0 5339.70916    0  121 7358.00000 5339.70916  27.4%     -    0s
     0     0 5340.34289    0  127 7358.00000 5340.34289  27.4%     -    0s
     0     0 5340.34289    0  137 7358.00000 5340.34289  27.4%     -    0s
     0     0 5340.34289    0  138 7358.00000 5340.34289  27.4%     -    0s
H    0     0                    7253.0000000 5340.34289  26.4%     -    0s
H    0     0                    7043.0000000 5363.33955  23.8%     -    0s
     0     0 5363.33955    0  153 7043.00000 5363.33955  23.8%     -    0s
     0     0 5376.81162    0  167 7043.00000 5376.81162  23.7%     -    0s
     0     0 5387.66377    0  174 7043.00000 5387.66377  23.5%     -    0s
     0     0 5407.50270    0  138 7043.00000 5407.50270  23.2%     -    0s
     0     0 5413.02623    0  168 7043.00000 5413.02623  23.1%     -    0s
     0     0 5420.07512    0  186 7043.00000 5420.07512  23.0%     -    0s
     0     0 5421.65588    0  187 7043.00000 5421.65588  23.0%     -    0s
     0     0 5425.44095    0  171 7043.00000 5425.44095  23.0%     -    0s
     0     0 5425.62724    0  219 7043.00000 5425.62724  23.0%     -    0s
H    0     0                    6983.0000000 5428.38791  22.3%     -    0s
H    0     0                    6518.0000000 5428.38791  16.7%     -    0s
     0     0 5428.38791    0  186 6518.00000 5428.38791  16.7%     -    0s
     0     0 5428.66499    0  214 6518.00000 5428.66499  16.7%     -    0s
     0     0 5432.72141    0  215 6518.00000 5432.72141  16.7%     -    0s
H    0     0                    5627.0000000 5432.72141  3.45%     -    0s
     0     0 5432.72141    0  233 5627.00000 5432.72141  3.45%     -    0s
H    0     0                    5582.0000000 5432.72141  2.67%     -    0s
     0     0 5446.27145    0  199 5582.00000 5446.27145  2.43%     -    0s
H    0     0                    5537.0000000 5446.27145  1.64%     -    0s
     0     0 5446.43315    0  225 5537.00000 5446.43315  1.64%     -    0s
     0     0 5447.00108    0  183 5537.00000 5447.00108  1.63%     -    0s
     0     0 5447.54167    0  207 5537.00000 5447.54167  1.62%     -    0s
     0     0 5448.18182    0  174 5537.00000 5448.18182  1.60%     -    0s
     0     0 5448.18182    0  192 5537.00000 5448.18182  1.60%     -    0s
     0     0 5453.50000    0   52 5537.00000 5453.50000  1.51%     -    0s
     0     2 5453.50000    0   44 5537.00000 5453.50000  1.51%     -    1s
  4228   797 5477.70956   25  101 5537.00000 5470.64135  1.20%  31.0    5s
  5911   936 5511.03750   20   18 5537.00000 5477.00000  1.08%  29.6   10s

Cutting planes:
  Learned: 5
  Cover: 17
  Clique: 1
  MIR: 14
  StrongCG: 1
  Flow cover: 9
  Zero half: 2

Explored 5918 nodes (185195 simplex iterations) in 10.51 seconds (5.59 work units)
Thread count was 12 (of 12 available processors)

Solution count 10: 5537 5537 5537 ... 7358

Optimal solution found (tolerance 1.00e-02)
Best objective 5.537000000000e+03, best bound 5.507000000000e+03, gap 0.5418%
