
Gurobi 12.0.0 (win64) logging started Thu Feb 19 08:50:44 2026

Set parameter LogFile to value "Storage_orig/Logs/log______Sens_handling_time_0.5_2026_02_19_08_50_44.log"
Set parameter MIPGap to value 0.005
Set parameter OutputFlag to value 1
Gurobi Optimizer version 12.0.0 build v12.0.0rc1 (win64 - Windows 11+.0 (26200.2))

CPU model: Intel(R) Core(TM) i7-9750H CPU @ 2.60GHz, instruction set [SSE2|AVX|AVX2]
Thread count: 6 physical cores, 12 logical processors, using up to 12 threads

Non-default parameters:
MIPGap  0.005
MIPFocus  2

Optimize a model with 4176 rows, 840 columns and 11022 nonzeros
Model fingerprint: 0x852ac4ba
Variable types: 18 continuous, 822 integer (570 binary)
Coefficient statistics:
  Matrix range     [5e-01, 1e+03]
  Objective range  [1e+01, 2e+03]
  Bounds range     [1e+00, 1e+00]
  RHS range        [1e+00, 1e+03]

User MIP start did not produce a new incumbent solution
User MIP start violates constraint Time_LB_2_3_0 by 4.400000000

Found heuristic solution: objective 18840.000000
Presolve removed 2934 rows and 192 columns
Presolve time: 0.01s
Presolved: 1242 rows, 648 columns, 6477 nonzeros
Variable types: 18 continuous, 630 integer (450 binary)
Root relaxation presolve removed 3 rows and 0 columns
Root relaxation presolved: 1239 rows, 648 columns, 6447 nonzeros


Root relaxation: objective 5.417700e+03, 509 iterations, 0.02 seconds (0.02 work units)

    Nodes    |    Current Node    |     Objective Bounds      |     Work
 Expl Unexpl |  Obj  Depth IntInf | Incumbent    BestBd   Gap | It/Node Time

     0     0 5417.70000    0   16 18840.0000 5417.70000  71.2%     -    0s
H    0     0                    14214.000000 5417.70000  61.9%     -    0s
H    0     0                    13801.000000 5417.70000  60.7%     -    0s
H    0     0                    12961.000000 5417.70000  58.2%     -    0s
H    0     0                    12896.000000 5417.70000  58.0%     -    0s
H    0     0                    12857.000000 5417.70000  57.9%     -    0s
H    0     0                    12657.000000 5417.70000  57.2%     -    0s
H    0     0                    11320.000000 5418.26667  52.1%     -    0s
     0     0 5432.93953    0   62 11320.0000 5432.93953  52.0%     -    0s
     0     0 5432.93953    0   34 11320.0000 5432.93953  52.0%     -    0s
     0     0 5432.93953    0   36 11320.0000 5432.93953  52.0%     -    0s
H    0     0                    10101.000000 5465.03333  45.9%     -    0s
     0     0 5543.63732    0  134 10101.0000 5543.63732  45.1%     -    0s
     0     0 5556.54511    0  128 10101.0000 5556.54511  45.0%     -    0s
     0     0 5560.42380    0  133 10101.0000 5560.42380  45.0%     -    0s
     0     0 5565.02591    0  116 10101.0000 5565.02591  44.9%     -    0s
     0     0 5565.14682    0  133 10101.0000 5565.14682  44.9%     -    0s
     0     0 5565.14682    0  137 10101.0000 5565.14682  44.9%     -    0s
H    0     0                    9162.0000000 5565.14682  39.3%     -    0s
H    0     0                    9102.0000000 5621.22562  38.2%     -    0s
H    0     0                    8962.0000000 5621.22562  37.3%     -    0s
H    0     0                    8762.0000000 5621.22562  35.8%     -    0s
     0     0 5621.22562    0  136 8762.00000 5621.22562  35.8%     -    0s
     0     0 5621.22562    0  145 8762.00000 5621.22562  35.8%     -    0s
H    0     0                    8642.0000000 5621.22562  35.0%     -    0s
H    0     0                    8362.0000000 5621.22562  32.8%     -    0s
H    0     0                    8302.0000000 5621.22562  32.3%     -    0s
H    0     0                    8242.0000000 5621.49892  31.8%     -    0s
     0     0 5621.49892    0  254 8242.00000 5621.49892  31.8%     -    0s
H    0     0                    7982.0000000 5624.60556  29.5%     -    1s
H    0     0                    7906.0000000 5624.60556  28.9%     -    1s
H    0     0                    7766.0000000 5624.60556  27.6%     -    1s
H    0     0                    7706.0000000 5624.60556  27.0%     -    1s
H    0     0                    7286.0000000 5624.60556  22.8%     -    1s
     0     0 5624.60556    0  221 7286.00000 5624.60556  22.8%     -    1s
H    0     0                    6762.0000000 5628.95667  16.8%     -    1s
H    0     0                    6602.0000000 5628.95667  14.7%     -    1s
     0     0 5628.95667    0  245 6602.00000 5628.95667  14.7%     -    1s
     0     0 5630.14610    0  246 6602.00000 5630.14610  14.7%     -    1s
     0     0 5631.35935    0  245 6602.00000 5631.35935  14.7%     -    1s
     0     0 5631.67172    0  261 6602.00000 5631.67172  14.7%     -    1s
     0     0 5635.00000    0  190 6602.00000 5635.00000  14.6%     -    1s
     0     0 5635.00000    0  243 6602.00000 5635.00000  14.6%     -    1s
     0     0 5635.00000    0  295 6602.00000 5635.00000  14.6%     -    1s
H    0     0                    6306.0000000 5635.00000  10.6%     -    1s
     0     0 5635.00000    0  286 6306.00000 5635.00000  10.6%     -    1s
H    0     0                    6226.0000000 5635.00000  9.49%     -    2s
H    0     0                    6146.0000000 5635.00000  8.31%     -    2s
     0     0 5635.00000    0  338 6146.00000 5635.00000  8.31%     -    2s
     0     0 5635.00000    0  110 6146.00000 5635.00000  8.31%     -    2s
     0     2 5635.00000    0   69 6146.00000 5635.00000  8.31%     -    2s
H  122   123                    6110.0000000 5635.00000  7.77%   201    3s
H  155   161                    6030.0000000 5635.00000  6.55%   183    3s
   409   377 5681.30894   15  179 6030.00000 5635.42365  6.54%   156    5s
  1767  1161 5853.41388   18  110 6030.00000 5638.48849  6.49%   145   11s
  1788  1175 5748.13352   22  379 6030.00000 5638.48849  6.49%   143   15s
  2183  1419 5853.84912   30  140 6030.00000 5638.48849  6.49%   161   20s
  3802  1796 5681.96504   23  234 6030.00000 5647.87090  6.34%   151   25s
  5670  2072 infeasible   38      6030.00000 5657.10431  6.18%   151   30s
  7837  2970 5873.93156   41  160 6030.00000 5663.51017  6.08%   153   35s
 10100  4033 5683.48594   21  230 6030.00000 5672.09765  5.94%   157   40s
 11837  4815     cutoff   27      6030.00000 5679.70548  5.81%   159   45s
H13516  4907                    5958.0000000 5689.22782  4.51%   158   49s
 13565  5096     cutoff   35      5958.00000 5689.22782  4.51%   158   50s
 15936  5704 5774.13655   32  214 5958.00000 5714.90642  4.08%   157   55s
 18203  6488 5752.42300   25  112 5958.00000 5730.20000  3.82%   156   60s
 21070  7372 5843.23439   27  145 5958.00000 5737.94805  3.69%   155   66s
 22558  7862     cutoff   37      5958.00000 5739.10000  3.67%   157   70s
 25091  8637 5750.98274   23  250 5958.00000 5740.94118  3.64%   159   76s
 27182  9251 5838.82353   27  100 5958.00000 5742.24872  3.62%   158   81s
 29476  9726     cutoff   28      5958.00000 5744.03198  3.59%   158   86s
 31925 10258 5787.65565   27  193 5958.00000 5746.15278  3.56%   158   91s
 34364 10758 5861.06258   26  129 5958.00000 5748.65212  3.51%   158   96s
 36765 11213 5789.88634   27  201 5958.00000 5751.49052  3.47%   158  102s
 37909 11415 5937.17581   39  108 5958.00000 5752.70422  3.45%   159  105s
 40470 11790 5947.21144   29  183 5958.00000 5755.34754  3.40%   159  110s
 43094 12200 5791.33421   21  188 5958.00000 5757.99217  3.36%   159  116s
 45528 12539     cutoff   23      5958.00000 5760.66654  3.31%   159  121s
 47984 12865 5845.43363   26  185 5958.00000 5762.89744  3.27%   159  127s
 49148 13040     cutoff   29      5958.00000 5764.02130  3.26%   160  130s
 51564 13298 5953.20835   30  201 5958.00000 5766.52941  3.21%   160  135s
 53958 13587     cutoff   30      5958.00000 5769.14927  3.17%   160  141s
 56342 13821 5892.89076   30   93 5958.00000 5771.28024  3.13%   160  147s
 57527 13943     cutoff   31      5958.00000 5772.74297  3.11%   160  150s
 60019 14161 5855.93065   25   97 5958.00000 5775.11262  3.07%   160  156s
 62486 14379     cutoff   32      5958.00000 5777.91121  3.02%   160  162s
 63607 14567 5914.24718   27  228 5958.00000 5779.19841  3.00%   160  165s
 66222 14816 5933.22240   32  235 5958.00000 5781.96768  2.95%   160  170s
 68796 14988 5795.23581   27  185 5958.00000 5785.36205  2.90%   159  176s
 71166 15143 5883.03557   28  167 5958.00000 5787.84964  2.86%   160  182s
 72427 15249 5916.33333   27  148 5958.00000 5789.17080  2.83%   160  185s
 74869 15520     cutoff   33      5958.00000 5791.73970  2.79%   159  191s
 77228 15659 5877.78494   24  190 5958.00000 5794.31835  2.75%   160  197s
 78547 15745     cutoff   33      5958.00000 5795.33846  2.73%   160  200s
 80714 15967 5862.05998   28  108 5958.00000 5797.32302  2.70%   159  207s
 82062 16064 5818.90182   32  279 5958.00000 5799.35442  2.66%   159  210s
 84597 16234 5881.04855   32  116 5958.00000 5802.43237  2.61%   159  216s
 87149 16341 5878.49611   23  255 5958.00000 5805.74030  2.56%   159  222s
 88459 16388     cutoff   39      5958.00000 5807.10366  2.53%   159  226s
 90450 16554 5816.52137   20  132 5958.00000 5809.10296  2.50%   159  232s
 91725 16628     cutoff   39      5958.00000 5810.78664  2.47%   159  235s
 94220 16751     cutoff   44      5958.00000 5813.86552  2.42%   159  241s
 96622 16795     cutoff   29      5958.00000 5817.31579  2.36%   158  247s
 97821 16747 5894.40777   30  145 5958.00000 5818.93194  2.33%   158  250s
 100352 16817 5862.36140   29  267 5958.00000 5823.21554  2.26%   158  255s
 102848 16900 5921.98676   44  194 5958.00000 5827.28102  2.19%   158  261s
 105495 17164 infeasible   31      5958.00000 5831.11111  2.13%   157  267s
 107022 17241     cutoff   27      5958.00000 5832.05068  2.11%   157  270s
 109674 17387 5917.83275   37  173 5958.00000 5834.64706  2.07%   156  276s
 112204 17417 5848.54588   30  119 5958.00000 5836.70993  2.04%   156  281s
 114744 17681 5893.23993   44  249 5958.00000 5839.71809  1.99%   156  287s
 115924 17896 5947.00000   30  131 5958.00000 5840.00000  1.98%   155  290s
 118289 18373 5848.55843   28  213 5958.00000 5840.05349  1.98%   155  296s
 120736 18632 5943.40628   29  207 5958.00000 5840.55434  1.97%   155  302s
 121845 18742 5947.84530   34  166 5958.00000 5840.64157  1.97%   155  306s
 123892 18998 5941.56763   35  188 5958.00000 5841.26877  1.96%   155  312s
 125173 19071 5944.00000   29   70 5958.00000 5841.56057  1.95%   155  315s
 127655 19233 5895.06977   31  237 5958.00000 5842.45692  1.94%   155  321s
 130051 19513 5880.29673   30  106 5958.00000 5843.00000  1.93%   155  328s
 131277 19688     cutoff   28      5958.00000 5843.00000  1.93%   155  331s
 132649 19861 infeasible   33      5958.00000 5843.06671  1.93%   155  335s
 135092 20111     cutoff   37      5958.00000 5843.42747  1.92%   155  342s
 136469 20164 infeasible   44      5958.00000 5843.62854  1.92%   155  345s
 139121 20273 5908.11996   24  163 5958.00000 5844.00000  1.91%   155  352s
 140403 20373 5844.78259   30  171 5958.00000 5844.15674  1.91%   155  355s
 142913 20463 5907.84107   34  159 5958.00000 5844.85993  1.90%   154  362s
 144220 20441 5847.48464   35  122 5958.00000 5845.08574  1.90%   154  365s
 146611 20408     cutoff   29      5958.00000 5845.58774  1.89%   154  372s
 147715 20509 5938.85492   27  188 5958.00000 5845.84405  1.88%   154  375s
 150056 20486 infeasible   37      5958.00000 5846.25424  1.88%   154  382s
 151276 20483 5933.22533   34  203 5958.00000 5846.63889  1.87%   154  385s
 153800 20472     cutoff   24      5958.00000 5847.32312  1.86%   154  392s
 154902 20469 5855.00809   24  277 5958.00000 5847.61699  1.85%   154  396s
 156287 20472 5949.74033   33  175 5958.00000 5848.01961  1.85%   154  400s
 158751 20410 5860.94270   30  249 5958.00000 5848.74729  1.83%   154  407s
 160036 20354 5922.42927   25  156 5958.00000 5849.01832  1.83%   154  411s
 162534 20267 5946.89468   30  183 5958.00000 5849.98018  1.81%   154  417s
 163725 20213 5950.33333   31  124 5958.00000 5850.26127  1.81%   154  421s
 165059 20206 5923.95822   35  118 5958.00000 5850.78567  1.80%   154  425s
 167392 20071     cutoff   25      5958.00000 5851.45943  1.79%   154  432s
 168627 19975 5950.50000   29  174 5958.00000 5852.00000  1.78%   154  435s
 170826 19910     cutoff   33      5958.00000 5852.97134  1.76%   154  442s
 171994 19843 5945.10516   39  230 5958.00000 5853.21699  1.76%   154  446s
 174141 19786     cutoff   38      5958.00000 5853.75375  1.75%   154  450s
 175845 19576     cutoff   33      5958.00000 5854.42644  1.74%   154  457s
 177083 19487     cutoff   38      5958.00000 5854.92708  1.73%   154  461s
 178298 19398 5880.98683   26  243 5958.00000 5855.48011  1.72%   154  465s
 180777 19145 5954.00000   28  154 5958.00000 5856.30912  1.71%   154  471s
 182097 19036     cutoff   29      5958.00000 5856.82988  1.70%   154  475s
 184530 18806 5875.37658   30  274 5958.00000 5857.47710  1.69%   154  483s
 185458 18643 5890.68813   35  196 5958.00000 5857.74028  1.68%   154  487s
 186445 18495 5935.76021   33  208 5958.00000 5858.19770  1.68%   154  491s
 188869 18227 5948.45400   27  139 5958.00000 5859.23156  1.66%   154  498s
 190173 18084     cutoff   27      5958.00000 5859.88535  1.65%   154  502s
 191503 17929     cutoff   29      5958.00000 5860.37500  1.64%   154  506s
 193985 17585     cutoff   28      5958.00000 5861.50000  1.62%   154  513s
 195297 17411 5886.38386   32  113 5958.00000 5862.31937  1.61%   154  517s
 196608 17219 5931.78970   28  188 5958.00000 5863.00000  1.59%   154  521s
 199171 16801     cutoff   50      5958.00000 5864.58871  1.57%   153  528s
 200234 16519 infeasible   41      5958.00000 5865.20000  1.56%   153  532s
 201393 16335     cutoff   31      5958.00000 5866.21923  1.54%   154  535s
 203829 15874     cutoff   32      5958.00000 5867.87826  1.51%   153  543s
 205035 15568 5883.60040   36  234 5958.00000 5868.65504  1.50%   153  547s
 206166 15269     cutoff   39      5958.00000 5869.86389  1.48%   153  551s
 207375 15003     cutoff   26      5958.00000 5870.66621  1.47%   153  555s
 209846 14434     cutoff   30      5958.00000 5873.03359  1.43%   153  562s
 211275 14157 5927.75345   26  172 5958.00000 5874.21098  1.41%   153  566s
 212565 13940 5891.02632   35  178 5958.00000 5875.61134  1.38%   153  570s
 214841 13477 5947.00000   31  105 5958.00000 5877.65032  1.35%   153  578s
 216282 13230 5945.76894   33  152 5958.00000 5878.89031  1.33%   153  582s
 217706 13031 5898.50233   37  195 5958.00000 5880.28167  1.30%   153  585s
 220329 12631     cutoff   24      5958.00000 5882.25581  1.27%   153  593s
 221519 12418     cutoff   40      5958.00000 5883.26204  1.25%   152  596s
 222841 12159 5923.32500   32  163 5958.00000 5884.03055  1.24%   152  600s
 225356 11715     cutoff   31      5958.00000 5886.21576  1.20%   152  607s
 226520 11470 5915.74651   36  285 5958.00000 5887.04116  1.19%   152  611s
 227878 11076 5890.61288   27  256 5958.00000 5887.88993  1.18%   152  615s
 230557 10506 infeasible   32      5958.00000 5890.66667  1.13%   152  622s
 231916 10207     cutoff   37      5958.00000 5891.82218  1.11%   152  626s
 234487  9398 5947.32880   43  174 5958.00000 5894.75818  1.06%   151  633s
 235808  9002     cutoff   37      5958.00000 5896.00000  1.04%   151  637s
 237073  8596     cutoff   37      5958.00000 5897.50581  1.02%   151  640s
 239463  7782 infeasible   40      5958.00000 5900.79167  0.96%   151  647s
 240583  7313     cutoff   49      5958.00000 5902.74531  0.93%   151  651s
 242006  6835     cutoff   31      5958.00000 5905.16439  0.89%   151  655s
 244670  5853     cutoff   42      5958.00000 5910.24039  0.80%   150  661s
 245937  5260 5936.51907   31  181 5958.00000 5912.78243  0.76%   150  665s
 248718  4072 5932.10000   27  148 5958.00000 5922.26793  0.60%   149  672s
 250151  3546 5949.63158   31   68 5958.00000 5926.79294  0.52%   149  676s

Cutting planes:
  Learned: 272
  Gomory: 14
  Lift-and-project: 4
  Cover: 2394
  Implied bound: 80
  MIR: 530
  StrongCG: 55
  Flow cover: 696
  GUB cover: 1
  Inf proof: 37
  Zero half: 32
  Network: 3
  RLT: 9
  Relax-and-lift: 50

Explored 251544 nodes (37467138 simplex iterations) in 676.28 seconds (404.50 work units)
Thread count was 12 (of 12 available processors)

Solution count 10: 5958 5958 6030 ... 7286

Optimal solution found (tolerance 5.00e-03)
Best objective 5.958000000000e+03, best bound 5.929000000000e+03, gap 0.4867%
