
Gurobi 12.0.0 (win64) logging started Sun Feb 15 23:21:24 2026

Set parameter LogFile to value "Storage_orig/Logs/log______Sens_truck_cost_multiplier_2_2026_02_15_23_21_24.log"
Set parameter MIPGap to value 0.01
Set parameter OutputFlag to value 1
Set parameter TimeLimit to value 600
Gurobi Optimizer version 12.0.0 build v12.0.0rc1 (win64 - Windows 11+.0 (26200.2))

CPU model: Intel(R) Core(TM) i7-9750H CPU @ 2.60GHz, instruction set [SSE2|AVX|AVX2]
Thread count: 6 physical cores, 12 logical processors, using up to 12 threads

Non-default parameters:
TimeLimit  600
MIPGap  0.01
MIPFocus  1

Optimize a model with 4170 rows, 840 columns and 11004 nonzeros
Model fingerprint: 0xa87eb220
Variable types: 18 continuous, 822 integer (570 binary)
Coefficient statistics:
  Matrix range     [2e-01, 1e+03]
  Objective range  [1e+01, 2e+03]
  Bounds range     [1e+00, 1e+00]
  RHS range        [1e+00, 1e+03]
Found heuristic solution: objective 37800.000000
Presolve removed 2940 rows and 192 columns
Presolve time: 0.08s
Presolved: 1230 rows, 648 columns, 6453 nonzeros
Variable types: 18 continuous, 630 integer (450 binary)

Root relaxation: objective 6.567500e+03, 407 iterations, 0.02 seconds (0.01 work units)

    Nodes    |    Current Node    |     Objective Bounds      |     Work
 Expl Unexpl |  Obj  Depth IntInf | Incumbent    BestBd   Gap | It/Node Time

     0     0 6567.50003    0   31 37800.0000 6567.50003  82.6%     -    0s
H    0     0                    33484.000000 6567.50003  80.4%     -    0s
H    0     0                    31284.000000 6567.50003  79.0%     -    0s
H    0     0                    25570.000000 6567.50003  74.3%     -    0s
H    0     0                    24370.000000 6567.50003  73.1%     -    0s
H    0     0                    20850.000000 6568.00012  68.5%     -    0s
H    0     0                    19650.000000 6568.00012  66.6%     -    0s
H    0     0                    19370.000000 6568.00012  66.1%     -    0s
     0     0 6568.00012    0   76 19370.0000 6568.00012  66.1%     -    0s
H    0     0                    17964.000000 6568.14286  63.4%     -    0s
H    0     0                    17804.000000 6568.14286  63.1%     -    0s
H    0     0                    17524.000000 6568.14286  62.5%     -    0s
     0     0 6568.14286    0   87 17524.0000 6568.14286  62.5%     -    0s
     0     0 6574.00033    0   60 17524.0000 6574.00033  62.5%     -    0s
     0     0 6574.82262    0   57 17524.0000 6574.82262  62.5%     -    0s
     0     0 6574.82262    0   57 17524.0000 6574.82262  62.5%     -    0s
H    0     0                    13074.000000 6654.20019  49.1%     -    0s
H    0     0                    11994.000000 6654.20019  44.5%     -    0s
     0     0 6654.20019    0   90 11994.0000 6654.20019  44.5%     -    0s
     0     0 6667.81883    0  120 11994.0000 6667.81883  44.4%     -    0s
H    0     0                    10975.000000 6668.48542  39.2%     -    0s
     0     0 6668.48542    0  128 10975.0000 6668.48542  39.2%     -    0s
     0     0 6674.29282    0  111 10975.0000 6674.29282  39.2%     -    0s
H    0     0                    9495.0000000 6675.00927  29.7%     -    0s
     0     0 6675.00927    0  120 9495.00000 6675.00927  29.7%     -    0s
     0     0 6675.19427    0  120 9495.00000 6675.19427  29.7%     -    0s
     0     0 6675.24484    0  115 9495.00000 6675.24484  29.7%     -    0s
     0     0 6675.24484    0  115 9495.00000 6675.24484  29.7%     -    0s
H    0     0                    7012.0000000 6675.24484  4.80%     -    0s
     0     0 6702.03320    0  157 7012.00000 6702.03320  4.42%     -    1s
     0     0 6725.01716    0  160 7012.00000 6725.01716  4.09%     -    1s
     0     0 6726.20917    0  179 7012.00000 6726.20917  4.08%     -    1s
     0     0 6727.64370    0  176 7012.00000 6727.64370  4.06%     -    1s
     0     0 6728.72051    0  175 7012.00000 6728.72051  4.04%     -    1s
     0     0 6730.92280    0  195 7012.00000 6730.92280  4.01%     -    1s
     0     0 6732.08454    0  208 7012.00000 6732.08454  3.99%     -    1s
     0     0 6734.36050    0  195 7012.00000 6734.36050  3.96%     -    1s
     0     0 6737.80452    0  197 7012.00000 6737.80452  3.91%     -    1s
     0     0 6737.92561    0  215 7012.00000 6737.92561  3.91%     -    1s
     0     0 6737.93347    0  223 7012.00000 6737.93347  3.91%     -    1s
     0     0 6756.22912    0  136 7012.00000 6756.22912  3.65%     -    1s
     0     0 6758.89111    0  145 7012.00000 6758.89111  3.61%     -    1s
     0     0 6765.01659    0  170 7012.00000 6765.01659  3.52%     -    1s
     0     0 6767.30163    0  171 7012.00000 6767.30163  3.49%     -    1s
     0     0 6772.30329    0  141 7012.00000 6772.30329  3.42%     -    1s
     0     0 6772.49178    0  154 7012.00000 6772.49178  3.42%     -    2s
     0     0 6773.09593    0  164 7012.00000 6773.09593  3.41%     -    2s
     0     0 6773.24265    0  139 7012.00000 6773.24265  3.40%     -    2s
     0     0 6773.24265    0   96 7012.00000 6773.24265  3.40%     -    2s
     0     0 6778.50000    0  104 7012.00000 6778.50000  3.33%     -    2s
     0     2 6778.50000    0   74 7012.00000 6778.50000  3.33%     -    2s
H   40    45                    6956.0000000 6778.50000  2.55%   190    3s
   558   427     cutoff   28      6956.00000 6778.50000  2.55%  46.5    5s
  1145   824 6794.00287   15   29 6956.00000 6785.00471  2.46%  44.7   10s
  1836  1181 6944.37346   11  243 6956.00000 6817.00810  2.00%  40.4   15s
  1892  1221 6852.08571   26  164 6956.00000 6852.08571  1.49%  50.8   20s
  2965  1440 6858.93333   57   26 6956.00000 6854.73729  1.46%  47.2   25s
  6287  1458 6873.47083   60   76 6956.00000 6856.07990  1.44%  35.8   30s
  8556  1717 infeasible   60      6956.00000 6857.01583  1.42%  33.8   35s
 13366  1990     cutoff   57      6956.00000 6860.00571  1.38%  32.0   40s
 17878  2039     cutoff   56      6956.00000 6863.51425  1.33%  31.3   45s
 22813  3231 infeasible   61      6956.00000 6864.00328  1.32%  30.5   50s
 26833  3502 6868.48315   56   54 6956.00000 6866.28786  1.29%  30.6   55s
 31733  4309 6867.73087   50   97 6956.00000 6867.47783  1.27%  30.6   61s
 35629  5401     cutoff   69      6956.00000 6868.07692  1.26%  30.2   65s
 41692  6116     cutoff   65      6956.00000 6868.72581  1.25%  28.9   71s
 46857  6919 infeasible   59      6956.00000 6868.96626  1.25%  28.1   75s
 52287  7869     cutoff   57      6956.00000 6869.36347  1.25%  27.4   80s
 59256  8029     cutoff   58      6956.00000 6869.64336  1.24%  26.5   85s
 63313  8059     cutoff   55      6956.00000 6870.55372  1.23%  26.4   90s
 69946  8833 6875.21830   68   33 6956.00000 6871.16964  1.22%  25.9   95s
 74835  9681 6912.85487   66   58 6956.00000 6871.61740  1.21%  25.8  101s
 78991  9664 6876.91947   57   69 6956.00000 6872.10490  1.21%  25.6  106s
 84888  9741 6874.96628   57   93 6956.00000 6872.67806  1.20%  25.3  111s
 90468 10325 6912.21702   67   94 6956.00000 6873.18182  1.19%  25.1  116s
 95740 10629 6886.87778   65   84 6956.00000 6873.89036  1.18%  24.9  120s
 100310 11241 6874.56643   62   36 6956.00000 6874.22141  1.18%  24.7  125s
 106333 11674 6875.58152   52   49 6956.00000 6874.56643  1.17%  24.4  130s
 113780 12236 6875.37170   54   78 6956.00000 6874.83619  1.17%  24.1  135s
 118415 12509 6878.29870   60   53 6956.00000 6875.03339  1.16%  24.0  140s
 124346 12863 6878.54929   58   56 6956.00000 6875.58152  1.16%  23.8  145s
 129126 13149 6880.69076   75  146 6956.00000 6875.87969  1.15%  23.7  150s
 135353 13822 6880.50808   61   84 6956.00000 6876.55433  1.14%  23.7  155s
 140527 13722 6877.37320   62   80 6956.00000 6876.97133  1.14%  23.6  160s
 146954 13965 6882.15458   69  104 6956.00000 6877.62115  1.13%  23.6  166s
 147162 13918 infeasible   65      6956.00000 6877.62222  1.13%  23.6  170s
 153415 14082 6880.64465   68   47 6956.00000 6878.04519  1.12%  23.6  175s
 158886 14517 infeasible   63      6956.00000 6878.62939  1.11%  23.6  180s
 163186 14994 6922.37530   55   66 6956.00000 6878.97734  1.11%  23.7  185s
 168620 15649     cutoff   69      6956.00000 6879.35626  1.10%  23.5  190s
 174505 15894 6886.13971   67   41 6956.00000 6879.70843  1.10%  23.4  195s
 178401 16440 6883.32515   67  113 6956.00000 6879.84528  1.09%  23.3  200s
 183953 16815 6922.37555   60   73 6956.00000 6880.07784  1.09%  23.2  205s
 188614 16678     cutoff   69      6956.00000 6880.31491  1.09%  23.1  210s
 195049 16690     cutoff   62      6956.00000 6880.87000  1.08%  23.1  216s
 200440 17034     cutoff   60      6956.00000 6881.21003  1.08%  23.1  220s
 207089 17513     cutoff   68      6956.00000 6881.42013  1.07%  22.9  225s
 212946 17376 infeasible   66      6956.00000 6881.95105  1.06%  22.9  230s
 219121 17495 infeasible   64      6956.00000 6882.39009  1.06%  22.8  235s
 224370 17468 infeasible   64      6956.00000 6882.84174  1.05%  22.8  240s
 230058 17302 6892.93007   67   84 6956.00000 6883.39556  1.04%  22.8  245s
 237218 16997     cutoff   64      6956.00000 6884.04325  1.03%  22.6  250s
 244606 17171 6885.41466   63   66 6956.00000 6884.78243  1.02%  22.4  255s
 250918 16988 6895.37303   72   95 6956.00000 6885.20518  1.02%  22.2  260s
 258627 17125 6909.65000   67   36 6956.00000 6885.66315  1.01%  22.0  266s

Cutting planes:
  Learned: 85
  Gomory: 1
  Cover: 197
  Clique: 9
  MIR: 134
  StrongCG: 11
  Flow cover: 165
  Inf proof: 17
  Zero half: 17
  Network: 1
  RLT: 9
  Relax-and-lift: 14

Explored 264623 nodes (5787065 simplex iterations) in 269.85 seconds (79.87 work units)
Thread count was 12 (of 12 available processors)

Solution count 10: 6956 6956 7012 ... 17964

Optimal solution found (tolerance 1.00e-02)
Best objective 6.956000000000e+03, best bound 6.887000000000e+03, gap 0.9919%
