
Gurobi 12.0.0 (win64) logging started Sun Feb 15 19:11:25 2026

Set parameter LogFile to value "Storage_orig/Logs/log______Sens_gamma_750_2026_02_15_19_11_25.log"
Set parameter MIPGap to value 0.01
Set parameter OutputFlag to value 1
Set parameter TimeLimit to value 600
Gurobi Optimizer version 12.0.0 build v12.0.0rc1 (win64 - Windows 11+.0 (26200.2))

CPU model: Intel(R) Core(TM) i7-9750H CPU @ 2.60GHz, instruction set [SSE2|AVX|AVX2]
Thread count: 6 physical cores, 12 logical processors, using up to 12 threads

Non-default parameters:
TimeLimit  600
MIPGap  0.01
MIPFocus  1

Optimize a model with 4170 rows, 840 columns and 11004 nonzeros
Model fingerprint: 0x5a35372c
Variable types: 18 continuous, 822 integer (570 binary)
Coefficient statistics:
  Matrix range     [2e-01, 1e+03]
  Objective range  [1e+01, 2e+03]
  Bounds range     [1e+00, 1e+00]
  RHS range        [1e+00, 1e+03]

User MIP start produced solution with objective 9042 (0.01s)
Loaded user MIP start with objective 9042

Presolve removed 2940 rows and 192 columns
Presolve time: 0.05s
Presolved: 1230 rows, 648 columns, 6453 nonzeros
Variable types: 18 continuous, 630 integer (450 binary)

Root relaxation: objective 7.245500e+03, 410 iterations, 0.03 seconds (0.01 work units)

    Nodes    |    Current Node    |     Objective Bounds      |     Work
 Expl Unexpl |  Obj  Depth IntInf | Incumbent    BestBd   Gap | It/Node Time

     0     0 7245.50003    0   29 9042.00000 7245.50003  19.9%     -    0s
     0     0 7258.28876    0   58 9042.00000 7258.28876  19.7%     -    0s
     0     0 7333.37303    0   51 9042.00000 7333.37303  18.9%     -    0s
     0     0 7338.66253    0   65 9042.00000 7338.66253  18.8%     -    0s
     0     0 7338.91739    0   65 9042.00000 7338.91739  18.8%     -    0s
     0     0 7789.95206    0  111 9042.00000 7789.95206  13.8%     -    0s
     0     0 7917.74798    0  135 9042.00000 7917.74798  12.4%     -    0s
     0     0 7976.70381    0  140 9042.00000 7976.70381  11.8%     -    0s
     0     0 7990.32015    0  140 9042.00000 7990.32015  11.6%     -    0s
     0     0 8026.61028    0  140 9042.00000 8026.61028  11.2%     -    0s
     0     0 8050.38738    0  141 9042.00000 8050.38738  11.0%     -    0s
     0     0 8051.44882    0  150 9042.00000 8051.44882  11.0%     -    0s
     0     0 8054.79345    0  156 9042.00000 8054.79345  10.9%     -    0s
     0     0 8055.25545    0  161 9042.00000 8055.25545  10.9%     -    0s
     0     0 8055.25545    0  165 9042.00000 8055.25545  10.9%     -    0s
     0     0 8405.64082    0  211 9042.00000 8405.64082  7.04%     -    1s
     0     0 8516.70575    0  204 9042.00000 8516.70575  5.81%     -    1s
     0     0 8567.78030    0  196 9042.00000 8567.78030  5.24%     -    1s
     0     0 8575.50908    0  218 9042.00000 8575.50908  5.16%     -    1s
     0     0 8598.91503    0  222 9042.00000 8598.91503  4.90%     -    1s
     0     0 8643.27095    0  225 9042.00000 8643.27095  4.41%     -    1s
     0     0 8651.50426    0  256 9042.00000 8651.50426  4.32%     -    1s
     0     0 8673.87356    0  249 9042.00000 8673.87356  4.07%     -    1s
     0     0 8679.23862    0  255 9042.00000 8679.23862  4.01%     -    1s
     0     0 8732.66280    0  214 9042.00000 8732.66280  3.42%     -    2s
     0     0 8732.66280    0  214 9042.00000 8732.66280  3.42%     -    2s
     0     0 8739.75930    0  215 9042.00000 8739.75930  3.34%     -    2s
     0     0 8741.73259    0  252 9042.00000 8741.73259  3.32%     -    2s
     0     0 8744.11642    0  244 9042.00000 8744.11642  3.29%     -    2s
     0     0 8756.13249    0  232 9042.00000 8756.13249  3.16%     -    2s
     0     0 8757.07683    0  231 9042.00000 8757.07683  3.15%     -    2s
     0     0 8760.33910    0  253 9042.00000 8760.33910  3.12%     -    2s
     0     0 8770.82082    0  233 9042.00000 8770.82082  3.00%     -    2s
     0     0 8802.80900    0  231 9042.00000 8802.80900  2.65%     -    2s
     0     0 8807.38063    0  217 9042.00000 8807.38063  2.59%     -    2s
     0     0 8821.30996    0  235 9042.00000 8821.30996  2.44%     -    2s
     0     0 8837.96574    0  206 9042.00000 8837.96574  2.26%     -    2s
     0     0 8839.88629    0  223 9042.00000 8839.88629  2.24%     -    2s
     0     0 8840.35127    0  250 9042.00000 8840.35127  2.23%     -    2s
     0     0 8840.37343    0  260 9042.00000 8840.37343  2.23%     -    2s
     0     0 8888.42223    0  218 9042.00000 8888.42223  1.70%     -    2s
     0     0 8906.03411    0  150 9042.00000 8906.03411  1.50%     -    2s
     0     0 8906.22748    0  174 9042.00000 8906.22748  1.50%     -    2s
     0     0 8922.00004    0  194 9042.00000 8922.00004  1.33%     -    3s
     0     0 8922.00991    0  195 9042.00000 8922.00991  1.33%     -    3s
     0     0 8922.27296    0  194 9042.00000 8922.27296  1.32%     -    3s
     0     0 8922.27296    0   27 9042.00000 8922.27296  1.32%     -    3s
     0     0 8922.27296    0   54 9042.00000 8922.27296  1.32%     -    4s
     0     0 8922.27296    0  116 9042.00000 8922.27296  1.32%     -    4s
     0     0 8922.27296    0  119 9042.00000 8922.27296  1.32%     -    4s
     0     0 8922.27296    0  107 9042.00000 8922.27296  1.32%     -    4s
     0     0 8922.27296    0  107 9042.00000 8922.27296  1.32%     -    4s
     0     0 8922.27296    0  111 9042.00000 8922.27296  1.32%     -    4s
     0     0 8922.27296    0  124 9042.00000 8922.27296  1.32%     -    4s
     0     0 8922.27296    0  118 9042.00000 8922.27296  1.32%     -    4s
     0     0          -    0      9042.00000 8956.70409  0.94%     -    4s

Cutting planes:
  Learned: 2
  Gomory: 2
  Cover: 37
  Clique: 2
  MIR: 18
  Flow cover: 15
  RLT: 2
  Relax-and-lift: 1

Explored 1 nodes (16397 simplex iterations) in 4.47 seconds (1.04 work units)
Thread count was 12 (of 12 available processors)

Solution count 1: 9042 

Optimal solution found (tolerance 1.00e-02)
Best objective 9.042000000000e+03, best bound 8.957000000000e+03, gap 0.9401%
