
Gurobi 12.0.0 (win64) logging started Wed Feb 25 00:07:20 2026

Set parameter LogFile to value "Storage_orig/Logs/log______Sens_handling_time_0.75_2026_02_25_00_07_20.log"
Set parameter MIPGap to value 0.005
Set parameter OutputFlag to value 1
Gurobi Optimizer version 12.0.0 build v12.0.0rc1 (win64 - Windows 11+.0 (26200.2))

CPU model: Intel(R) Core(TM) i7-9750H CPU @ 2.60GHz, instruction set [SSE2|AVX|AVX2]
Thread count: 6 physical cores, 12 logical processors, using up to 12 threads

Non-default parameters:
MIPGap  0.005
MIPFocus  2

Optimize a model with 5540 rows, 1032 columns and 14852 nonzeros
Model fingerprint: 0xf240263e
Variable types: 24 continuous, 1008 integer (720 binary)
Coefficient statistics:
  Matrix range     [8e-01, 1e+02]
  Objective range  [1e+01, 2e+03]
  Bounds range     [1e+00, 1e+00]
  RHS range        [1e+00, 2e+02]

User MIP start did not produce a new incumbent solution
User MIP start violates constraint R574 by 5.000000000

Found heuristic solution: objective 18900.000000
Presolve removed 3940 rows and 168 columns
Presolve time: 0.02s
Presolved: 1600 rows, 864 columns, 8604 nonzeros
Variable types: 24 continuous, 840 integer (600 binary)
Root relaxation presolve removed 4 rows and 0 columns
Root relaxation presolved: 1596 rows, 864 columns, 8564 nonzeros


Root relaxation: objective 4.977000e+03, 1066 iterations, 0.04 seconds (0.04 work units)

    Nodes    |    Current Node    |     Objective Bounds      |     Work
 Expl Unexpl |  Obj  Depth IntInf | Incumbent    BestBd   Gap | It/Node Time

     0     0 4977.00027    0   40 18900.0000 4977.00027  73.7%     -    0s
H    0     0                    11950.000000 4977.00027  58.4%     -    0s
H    0     0                    11470.000000 4977.00027  56.6%     -    0s
H    0     0                    10892.000000 4977.00027  54.3%     -    0s
H    0     0                    10356.000000 4977.00027  51.9%     -    0s
H    0     0                    9876.0000000 4977.00027  49.6%     -    0s
H    0     0                    9092.0000000 4977.00027  45.3%     -    0s
     0     0 4977.77143    0   92 9092.00000 4977.77143  45.3%     -    0s
     0     0 4996.52971    0   77 9092.00000 4996.52971  45.0%     -    0s
     0     0 4996.52971    0   67 9092.00000 4996.52971  45.0%     -    0s
     0     0 5077.48389    0  120 9092.00000 5077.48389  44.2%     -    0s
     0     0 5085.64095    0  108 9092.00000 5085.64095  44.1%     -    0s
     0     0 5085.87128    0  121 9092.00000 5085.87128  44.1%     -    0s
     0     0 5085.87128    0  127 9092.00000 5085.87128  44.1%     -    0s
H    0     0                    9006.0000000 5085.87128  43.5%     -    0s
H    0     0                    8866.0000000 5085.87128  42.6%     -    0s
H    0     0                    8554.0000000 5085.87128  40.5%     -    0s
H    0     0                    7394.0000000 5085.87128  31.2%     -    0s
     0     0 5134.47306    0  189 7394.00000 5134.47306  30.6%     -    0s
H    0     0                    7334.0000000 5134.96116  30.0%     -    0s
     0     0 5140.32370    0  190 7334.00000 5140.32370  29.9%     -    0s
     0     0 5140.36673    0  227 7334.00000 5140.36673  29.9%     -    0s
H    0     0                    7054.0000000 5140.36673  27.1%     -    1s
H    0     0                    6914.0000000 5140.36673  25.7%     -    1s
H    0     0                    6912.0000000 5140.36673  25.6%     -    1s
H    0     0                    6772.0000000 5140.36673  24.1%     -    1s
H    0     0                    6632.0000000 5140.36673  22.5%     -    1s
H    0     0                    6536.0000000 5166.18333  21.0%     -    1s
H    0     0                    6396.0000000 5166.18333  19.2%     -    1s
     0     0 5166.18333    0   54 6396.00000 5166.18333  19.2%     -    1s
     0     0 5166.18333    0   60 6396.00000 5166.18333  19.2%     -    1s
H    0     0                    6232.0000000 5166.18333  17.1%     -    1s
H    0     0                    6152.0000000 5166.18333  16.0%     -    1s
H    0     0                    6092.0000000 5166.18333  15.2%     -    1s
H    0     0                    6052.0000000 5173.59540  14.5%     -    1s
     0     0 5173.59540    0  179 6052.00000 5173.59540  14.5%     -    1s
     0     0 5173.59540    0  210 6052.00000 5173.59540  14.5%     -    1s
     0     0 5182.86000    0  251 6052.00000 5182.86000  14.4%     -    1s
H    0     0                    6032.0000000 5184.10000  14.1%     -    1s
     0     0 5184.10000    0  262 6032.00000 5184.10000  14.1%     -    1s
     0     0 5186.66000    0  287 6032.00000 5186.66000  14.0%     -    2s
     0     0 5187.06000    0  295 6032.00000 5187.06000  14.0%     -    2s
     0     0 5189.16000    0  255 6032.00000 5189.16000  14.0%     -    2s
     0     0 5189.16000    0  295 6032.00000 5189.16000  14.0%     -    2s
     0     0 5189.16000    0  317 6032.00000 5189.16000  14.0%     -    2s
     0     0 5189.16000    0  152 6032.00000 5189.16000  14.0%     -    3s
     0     2 5189.16000    0  134 6032.00000 5189.16000  14.0%     -    3s
H   83    91                    6010.0000000 5193.80000  13.6%   255    4s
H   88    91                    5776.0000000 5193.80000  10.1%   249    4s
H  123   127                    5740.0000000 5193.80000  9.52%   246    4s
H  183   202                    5660.0000000 5193.80000  8.24%   207    4s
   220   254 5283.22780   27  214 5660.00000 5193.80000  8.24%   185    5s
  1358  1019 5262.09468    9  286 5660.00000 5203.94394  8.06%   164   10s
  1713  1196 5434.54033   29  179 5660.00000 5207.97895  7.99%   169   15s
  1729  1207 5566.95560   30  450 5660.00000 5234.97420  7.51%   168   20s
  1742  1215 5526.63934   14  367 5660.00000 5239.57121  7.43%   166   25s
  1753  1226 5246.64937   14  314 5660.00000 5246.64937  7.30%   182   30s
  2208  1344 5409.56821   30  234 5660.00000 5247.93268  7.28%   209   35s
  2959  1418 5550.05108   46  151 5660.00000 5272.95815  6.84%   209   40s
  3827  1464 5310.67049   28  245 5660.00000 5283.90685  6.64%   206   45s
  5090  1267 5500.88621   32  228 5660.00000 5327.74461  5.87%   204   50s
  6389  1205 5429.99525   25  202 5660.00000 5367.84858  5.16%   199   55s
  7302  1289 5479.58977   29  226 5660.00000 5397.68468  4.63%   196   60s
  9100  1752 5650.00000   37   92 5660.00000 5432.05730  4.03%   188   65s
 10832  2341 5554.90061   38  258 5660.00000 5447.88708  3.75%   181   70s
 12504  2596 5553.37500   33  193 5660.00000 5460.77367  3.52%   176   76s
 13741  2877 5547.93902   34  215 5660.00000 5471.59322  3.33%   174   82s
 15086  3022 5567.49449   31  179 5660.00000 5483.03934  3.13%   172   85s
 16642  3334 5557.44342   42  228 5660.00000 5495.67155  2.90%   170   90s
 19138  3752 5576.36736   36  293 5660.00000 5507.19355  2.70%   167   96s
 21441  4183 5637.84429   38   69 5660.00000 5516.33988  2.54%   165  101s
*22237  4016              56    5639.0000000 5516.69147  2.17%   164  101s
 22306  4093 5616.97368   38  110 5639.00000 5518.86468  2.13%   164  105s
 24798  4515     cutoff   48      5639.00000 5524.45834  2.03%   161  112s
 26841  4635     cutoff   41      5639.00000 5528.50596  1.96%   160  117s
 27830  4630 5560.17899   30  185 5639.00000 5529.36123  1.94%   160  120s
 29955  4642 5616.41240   35  210 5639.00000 5532.49000  1.89%   159  125s
 32415  4405 5629.21924   38  217 5639.00000 5536.87520  1.81%   158  132s
 33638  4223 5612.10547   37  141 5639.00000 5539.77655  1.76%   157  135s
 36029  3797 5607.97103   41  170 5639.00000 5545.39984  1.66%   157  141s
 38408  3201     cutoff   39      5639.00000 5552.11905  1.54%   156  148s
 39664  2856     cutoff   47      5639.00000 5555.58952  1.48%   156  151s
*42137  2343              60    5636.0000000 5566.66667  1.23%   154  154s
 42189  2059     cutoff   44      5636.00000 5566.95000  1.23%   154  157s
 43131  1505     cutoff   44      5636.00000 5572.23827  1.13%   154  160s
 44644   939     cutoff   44      5636.00000 5584.41711  0.92%   153  166s

Cutting planes:
  Learned: 32
  Gomory: 25
  Cover: 822
  Implied bound: 155
  Projected implied bound: 5
  MIR: 551
  StrongCG: 50
  Flow cover: 843
  Inf proof: 4
  Zero half: 36
  Mod-K: 1
  Network: 6
  RLT: 1
  Relax-and-lift: 91

Explored 50124 nodes (7114472 simplex iterations) in 169.86 seconds (92.21 work units)
Thread count was 12 (of 12 available processors)

Solution count 10: 5636 5636 5639 ... 6092

Optimal solution found (tolerance 5.00e-03)
Best objective 5.636000000000e+03, best bound 5.624000000000e+03, gap 0.2129%
