
Gurobi 12.0.0 (win64) logging started Thu Feb 26 00:58:35 2026

Set parameter LogFile to value "Storage_orig/Logs/log______Sens_C_range_reduced_(100, 100)_2026_02_26_00_58_35.log"
Set parameter MIPGap to value 0.01
Set parameter OutputFlag to value 1
Set parameter TimeLimit to value 1000
Gurobi Optimizer version 12.0.0 build v12.0.0rc1 (win64 - Windows 11+.0 (26200.2))

CPU model: Intel(R) Core(TM) i7-9750H CPU @ 2.60GHz, instruction set [SSE2|AVX|AVX2]
Thread count: 6 physical cores, 12 logical processors, using up to 12 threads

Non-default parameters:
TimeLimit  1000
MIPGap  0.01
MIPFocus  2

Optimize a model with 4688 rows, 932 columns and 12692 nonzeros
Model fingerprint: 0x78b271e2
Variable types: 24 continuous, 908 integer (620 binary)
Coefficient statistics:
  Matrix range     [2e-01, 1e+02]
  Objective range  [1e+01, 2e+03]
  Bounds range     [1e+00, 1e+00]
  RHS range        [1e+00, 2e+02]

User MIP start produced solution with objective 8950 (0.01s)
User MIP start produced solution with objective 7928 (0.01s)
User MIP start produced solution with objective 7810 (0.01s)
User MIP start produced solution with objective 7750 (0.01s)
User MIP start produced solution with objective 7670 (0.01s)
User MIP start produced solution with objective 6928 (0.01s)
Loaded user MIP start with objective 6928

Presolve removed 3288 rows and 148 columns
Presolve time: 0.02s
Presolved: 1400 rows, 784 columns, 7444 nonzeros
Variable types: 24 continuous, 760 integer (520 binary)
Root relaxation presolve removed 4 rows and 0 columns
Root relaxation presolved: 1396 rows, 784 columns, 7404 nonzeros


Root relaxation: objective 4.017800e+03, 791 iterations, 0.03 seconds (0.03 work units)

    Nodes    |    Current Node    |     Objective Bounds      |     Work
 Expl Unexpl |  Obj  Depth IntInf | Incumbent    BestBd   Gap | It/Node Time

     0     0 4017.80000    0   20 6928.00000 4017.80000  42.0%     -    0s
H    0     0                    6448.0000000 4017.80000  37.7%     -    0s
H    0     0                    6368.0000000 4017.80000  36.9%     -    0s
H    0     0                    6308.0000000 4017.80000  36.3%     -    0s
H    0     0                    5968.0000000 4017.80000  32.7%     -    0s
     0     0 4025.15771    0   67 5968.00000 4025.15771  32.6%     -    0s
H    0     0                    5548.0000000 4025.99109  27.4%     -    0s
H    0     0                    5468.0000000 4025.99109  26.4%     -    0s
     0     0 4025.99109    0   63 5468.00000 4025.99109  26.4%     -    0s
     0     0 4172.33077    0   94 5468.00000 4172.33077  23.7%     -    0s
H    0     0                    5328.0000000 4173.69433  21.7%     -    0s
     0     0 4197.76217    0  129 5328.00000 4197.76217  21.2%     -    0s
     0     0 4198.86058    0  134 5328.00000 4198.86058  21.2%     -    0s
     0     0 4199.18407    0  141 5328.00000 4199.18407  21.2%     -    0s
     0     0 4199.18407    0  143 5328.00000 4199.18407  21.2%     -    0s
H    0     0                    5231.0000000 4251.70586  18.7%     -    0s
     0     0 4251.70586    0  213 5231.00000 4251.70586  18.7%     -    0s
     0     0 4258.80365    0  215 5231.00000 4258.80365  18.6%     -    0s
     0     0 4259.28096    0  228 5231.00000 4259.28096  18.6%     -    0s
     0     0 4260.74613    0  249 5231.00000 4260.74613  18.5%     -    0s
     0     0 4261.72138    0  233 5231.00000 4261.72138  18.5%     -    0s
     0     0 4261.92942    0  228 5231.00000 4261.92942  18.5%     -    0s
     0     0 4261.92942    0  226 5231.00000 4261.92942  18.5%     -    0s
H    0     0                    5130.0000000 4261.92942  16.9%     -    1s
     0     0 4261.94706    0  220 5130.00000 4261.94706  16.9%     -    1s
     0     0 4265.44665    0  220 5130.00000 4265.44665  16.9%     -    1s
     0     0 4265.44665    0  144 5130.00000 4265.44665  16.9%     -    1s
     0     0 4272.26768    0  287 5130.00000 4272.26768  16.7%     -    1s
     0     0 4272.63980    0  308 5130.00000 4272.63980  16.7%     -    1s
     0     0 4273.57815    0  321 5130.00000 4273.57815  16.7%     -    1s
     0     0 4273.79888    0  341 5130.00000 4273.79888  16.7%     -    1s
     0     0 4275.49057    0  289 5130.00000 4275.49057  16.7%     -    1s
     0     0 4276.73562    0  311 5130.00000 4276.73562  16.6%     -    1s
     0     0 4276.74448    0  285 5130.00000 4276.74448  16.6%     -    1s
H    0     0                    5120.0000000 4276.74448  16.5%     -    1s
H    0     0                    4912.0000000 4280.55000  12.9%     -    2s
     0     0 4280.55000    0  276 4912.00000 4280.55000  12.9%     -    2s
     0     0 4281.05423    0  301 4912.00000 4281.05423  12.8%     -    2s
     0     0 4281.25152    0  238 4912.00000 4281.25152  12.8%     -    2s
     0     0 4283.90743    0  353 4912.00000 4283.90743  12.8%     -    2s
     0     0 4285.60000    0  124 4912.00000 4285.60000  12.8%     -    2s
     0     0 4285.60000    0  250 4912.00000 4285.60000  12.8%     -    2s
     0     0 4285.60000    0  248 4912.00000 4285.60000  12.8%     -    2s
     0     0 4285.60000    0  253 4912.00000 4285.60000  12.8%     -    2s
     0     0 4285.77867    0  254 4912.00000 4285.77867  12.7%     -    3s
     0     0 4285.77867    0  222 4912.00000 4285.77867  12.7%     -    3s
     0     2 4285.85234    0  210 4912.00000 4285.85234  12.7%     -    3s
   424   425 4479.67741   49  103 4912.00000 4288.33512  12.7%  80.1    5s
* 1197   929              51    4829.0000000 4288.35926  11.2%   102    8s
  1652  1185 4402.53001   13  222 4829.00000 4289.47252  11.2%   107   10s
  1670  1197 4441.50432   12  248 4829.00000 4293.70800  11.1%   105   15s
  1700  1217 4396.60918    9  450 4829.00000 4312.19085  10.7%   104   20s
  1718  1229 4603.96470   21  408 4829.00000 4338.54570  10.2%   103   25s
  1735  1240 4363.11078   26  440 4829.00000 4351.28946  9.89%   102   30s
  1761  1258 4361.30675    8  446 4829.00000 4361.30675  9.69%   100   35s
  1792  1287 4377.86871   16  392 4829.00000 4377.86871  9.34%   119   40s
  2191  1439     cutoff   30      4829.00000 4377.86871  9.34%   137   45s
  3145  1592 4377.86871   25  259 4829.00000 4377.86871  9.34%   152   50s
  4407  1676 4539.32412   21  204 4829.00000 4377.86871  9.34%   160   55s
  5573  1693 4525.36647   29  162 4829.00000 4377.86871  9.34%   162   60s
  6990  2040 4485.37400   30  157 4829.00000 4402.59905  8.83%   161   65s
  8342  2354     cutoff   25      4829.00000 4414.18343  8.59%   162   70s
  9755  2540 4750.81504   34  116 4829.00000 4436.26558  8.13%   162   75s
 11361  2793     cutoff   36      4829.00000 4452.57244  7.80%   162   80s
 13265  3026 4523.14638   33  138 4829.00000 4465.85186  7.52%   159   85s
 14641  3151 4767.05731   45  158 4829.00000 4478.36226  7.26%   157   91s
 16515  3317 4802.69874   37  157 4829.00000 4492.11446  6.98%   156   96s
 18202  3440 4772.83145   32  120 4829.00000 4507.44318  6.66%   154  100s
 20799  3571 4705.00000   28   74 4829.00000 4530.10980  6.19%   150  106s
 22347  3510 infeasible   36      4829.00000 4540.55097  5.97%   149  110s
 24919  3323 4751.51176   28   80 4829.00000 4566.31289  5.44%   147  116s
 26880  3106 4808.67510   35  248 4829.00000 4592.88889  4.89%   146  121s
 29132  2854 infeasible   45      4829.00000 4626.61637  4.19%   144  126s
 31907  2607 4720.91768   33  155 4829.00000 4678.88027  3.11%   141  131s
 34964  1989     cutoff   38      4829.00000 4706.85048  2.53%   137  137s
 37733   942 infeasible   43      4829.00000 4737.89231  1.89%   134  141s

Cutting planes:
  Learned: 11
  Gomory: 5
  Cover: 564
  Implied bound: 69
  Projected implied bound: 1
  MIR: 498
  StrongCG: 43
  Flow cover: 940
  GUB cover: 1
  Zero half: 18
  Mod-K: 19
  Network: 4
  RLT: 19
  Relax-and-lift: 37

Explored 41134 nodes (5312203 simplex iterations) in 143.80 seconds (77.38 work units)
Thread count was 12 (of 12 available processors)

Solution count 10: 4829 4829 4912 ... 5968

Optimal solution found (tolerance 1.00e-02)
Best objective 4.829000000000e+03, best bound 4.799000000000e+03, gap 0.6212%
