
Gurobi 12.0.0 (win64) logging started Tue Feb 17 00:21:52 2026

Set parameter LogFile to value "Storage_orig/Logs/log______Sens_truck_cost_multiplier_0.5_2026_02_17_00_21_52.log"
Set parameter MIPGap to value 0.01
Set parameter OutputFlag to value 1
Set parameter TimeLimit to value 600
Read solution from file Storage_orig/Solutions/solved________2026_02_15_18_35_33.sol
Gurobi Optimizer version 12.0.0 build v12.0.0rc1 (win64 - Windows 11+.0 (26200.2))

CPU model: Intel(R) Core(TM) i7-9750H CPU @ 2.60GHz, instruction set [SSE2|AVX|AVX2]
Thread count: 6 physical cores, 12 logical processors, using up to 12 threads

Non-default parameters:
TimeLimit  600
MIPGap  0.01
MIPFocus  1

Optimize a model with 4170 rows, 840 columns and 11004 nonzeros
Model fingerprint: 0x26846090
Variable types: 18 continuous, 822 integer (570 binary)
Coefficient statistics:
  Matrix range     [2e-01, 1e+03]
  Objective range  [1e+01, 2e+03]
  Bounds range     [1e+00, 1e+00]
  RHS range        [1e+00, 1e+03]

Loaded user MIP start with objective 5182

Presolve removed 2940 rows and 192 columns
Presolve time: 0.01s
Presolved: 1230 rows, 648 columns, 6453 nonzeros
Variable types: 18 continuous, 630 integer (450 binary)

Root relaxation: objective 4.613467e+03, 482 iterations, 0.01 seconds (0.01 work units)

    Nodes    |    Current Node    |     Objective Bounds      |     Work
 Expl Unexpl |  Obj  Depth IntInf | Incumbent    BestBd   Gap | It/Node Time

     0     0 4613.46670    0   33 5182.00000 4613.46670  11.0%     -    0s
     0     0 4670.26675    0   58 5182.00000 4670.26675  9.88%     -    0s
     0     0 4674.96828    0   65 5182.00000 4674.96828  9.78%     -    0s
     0     0 4691.98001    0   59 5182.00000 4691.98001  9.46%     -    0s
     0     0 4692.91482    0   63 5182.00000 4692.91482  9.44%     -    0s
     0     0 4692.91606    0   63 5182.00000 4692.91606  9.44%     -    0s
     0     0 4848.58161    0  114 5182.00000 4848.58161  6.43%     -    0s
     0     0 4900.90069    0   93 5182.00000 4900.90069  5.42%     -    0s
     0     0 4906.52887    0  109 5182.00000 4906.52887  5.32%     -    0s
     0     0 4909.32224    0  111 5182.00000 4909.32224  5.26%     -    0s
     0     0 4909.32224    0  115 5182.00000 4909.32224  5.26%     -    0s
     0     0 4944.12438    0  147 5182.00000 4944.12438  4.59%     -    0s
     0     0 4956.10055    0  134 5182.00000 4956.10055  4.36%     -    0s
     0     0 4956.78026    0  109 5182.00000 4956.78026  4.35%     -    0s
     0     0 4957.52159    0  139 5182.00000 4957.52159  4.33%     -    0s
     0     0 4957.53303    0  165 5182.00000 4957.53303  4.33%     -    0s
     0     0 4957.88522    0  183 5182.00000 4957.88522  4.32%     -    0s
     0     0 4958.25007    0  102 5182.00000 4958.25007  4.32%     -    0s
     0     0 4958.46201    0  173 5182.00000 4958.46201  4.31%     -    0s
     0     0 4958.94711    0  192 5182.00000 4958.94711  4.30%     -    0s
     0     0 4959.13908    0  179 5182.00000 4959.13908  4.30%     -    0s
     0     0 4959.58895    0  172 5182.00000 4959.58895  4.29%     -    0s
     0     0 4959.68344    0  192 5182.00000 4959.68344  4.29%     -    0s
     0     0 4959.72614    0  214 5182.00000 4959.72614  4.29%     -    0s
     0     0 4959.74049    0  230 5182.00000 4959.74049  4.29%     -    0s
     0     0 4959.94362    0  232 5182.00000 4959.94362  4.29%     -    0s
     0     2 4959.94362    0  217 5182.00000 4959.94362  4.29%     -    0s
  1630  1245 5094.87822   34  314 5182.00000 4970.21806  4.09%  35.1    5s
  2703  1693     cutoff   59      5182.00000 4970.21806  4.09%  46.4   10s
H 3021  1722                    5148.0000000 4972.29080  3.41%  47.0   11s
  5774  2739 5034.86152   57   43 5148.00000 4984.05729  3.18%  47.3   15s
 10914  5815 infeasible   35      5148.00000 4984.20000  3.18%  44.8   20s
 16039  8657 4992.91413   31   85 5148.00000 4984.21286  3.18%  40.7   25s
 20603 11271 5003.33203   35   81 5148.00000 4984.43604  3.18%  40.6   30s
 22742 12088 infeasible   56      5148.00000 4984.46154  3.18%  40.0   36s
 24236 12645 4991.12446   41   71 5148.00000 4984.46154  3.18%  40.5   41s
 27490 13963 5098.36319   43   74 5148.00000 4984.46154  3.18%  41.2   45s
 32343 15580 4991.22625   40  103 5148.00000 4984.46154  3.18%  43.1   50s
 37386 17237 4992.79272   42   71 5148.00000 4984.46154  3.18%  44.0   55s
 42221 19015 5002.48954   37   94 5148.00000 4984.46154  3.18%  45.2   60s
H43734 18786                    5111.0000000 4984.50704  2.47%  45.0   61s
 46459 20257 5108.25714   30   58 5111.00000 4984.53327  2.47%  44.8   65s
 50400 21956 4996.03164   31   76 5111.00000 4984.53327  2.47%  44.8   70s
 56872 25438 5000.06868   33  121 5111.00000 4984.58304  2.47%  44.2   76s
 61741 26558     cutoff   39      5111.00000 4985.20000  2.46%  44.4   80s
 65682 28331 4988.97767   39  108 5111.00000 4985.64696  2.45%  45.0   85s
 70409 30631 5002.88325   52  157 5111.00000 4986.16152  2.44%  45.0   90s
 73893 32481 infeasible   44      5111.00000 4986.16152  2.44%  45.2   95s
 77689 34114     cutoff   42      5111.00000 4986.21316  2.44%  45.3  100s
 81261 35813 4986.71445   36   79 5111.00000 4986.71445  2.43%  45.7  105s
 86740 38533 5088.25000   40  108 5111.00000 4986.71445  2.43%  46.1  111s
 90725 40380 4997.77310   40  118 5111.00000 4986.71445  2.43%  46.3  115s
 95805 43044 5010.94945   43   77 5111.00000 4986.71445  2.43%  46.7  121s
 100657 45125 5031.36299   55   64 5111.00000 4986.71445  2.43%  47.1  125s
 103623 46828 5015.19500   46   80 5111.00000 4986.71445  2.43%  47.5  130s
 107326 47839 5004.14110   42  156 5111.00000 4986.71445  2.43%  48.0  135s
 109819 49378 5003.00629   42  113 5111.00000 4986.71445  2.43%  48.5  140s
 113993 51483     cutoff   54      5111.00000 4986.71445  2.43%  48.9  146s
 117858 52971 infeasible   44      5111.00000 4986.71445  2.43%  49.4  150s
 121558 54088 5011.77172   42  120 5111.00000 4986.71445  2.43%  50.0  155s
 127401 56916 4995.02005   23  105 5111.00000 4987.05164  2.43%  50.2  160s
 133675 59260 4987.67199   35  104 5111.00000 4987.24946  2.42%  49.7  165s
 137957 61076 4997.60169   41  117 5111.00000 4987.25010  2.42%  50.1  170s
 141619 62248 5104.89380   38   37 5111.00000 4987.25475  2.42%  50.6  175s
 146114 64500 5016.52132   53   37 5111.00000 4987.26090  2.42%  50.8  180s
 150510 66282 4996.10584   37  158 5111.00000 4987.33144  2.42%  50.5  185s
 154468 67962 5003.13773   42  114 5111.00000 4987.36519  2.42%  50.9  190s
 158136 69545 5002.66906   33  145 5111.00000 4987.36519  2.42%  51.0  195s
 161701 71171 4992.33224   44   48 5111.00000 4987.36519  2.42%  51.2  201s
 165048 72443     cutoff   43      5111.00000 4987.36519  2.42%  51.4  205s
 169918 74501 4989.18419   39  159 5111.00000 4987.36519  2.42%  51.7  211s
 173754 76076     cutoff   49      5111.00000 4987.36519  2.42%  51.9  215s
 177412 77335 4987.63368   35  109 5111.00000 4987.36519  2.42%  52.1  220s
 182303 79081 5003.71911   44  124 5111.00000 4987.36519  2.42%  52.5  226s
 185795 80353 infeasible   42      5111.00000 4987.36519  2.42%  52.8  230s
 190585 81858 infeasible   41      5111.00000 4987.36519  2.42%  53.2  236s
 193792 83186     cutoff   55      5111.00000 4987.36519  2.42%  53.4  240s
 197562 84521 5002.80000   39  145 5111.00000 4987.36519  2.42%  53.7  245s
 202724 86687 5005.73936   51  147 5111.00000 4987.40382  2.42%  53.6  250s
 207788 89083 5012.02455   45   83 5111.00000 4987.51622  2.42%  53.4  255s
 212442 91075 5024.23835   47  150 5111.00000 4987.51722  2.42%  53.2  260s
 218157 94198 5088.01160   36   47 5111.00000 4987.51722  2.42%  52.9  265s
 225709 97242     cutoff   34      5111.00000 4987.51937  2.42%  52.4  270s
 227712 97342 4996.82255   36  117 5111.00000 4987.51937  2.42%  52.3  275s
 231686 98973 4995.15999   50  129 5111.00000 4987.58367  2.41%  52.2  280s
 235240 100663 5006.46161   46   98 5111.00000 4987.58367  2.41%  52.2  285s
 239794 102621     cutoff   52      5111.00000 4987.58367  2.41%  52.3  291s
 243679 104276 4989.64972   40  155 5111.00000 4987.58367  2.41%  52.3  295s
 249295 106549     cutoff   44      5111.00000 4987.58367  2.41%  52.3  301s
 252404 107863 5013.99037   46  158 5111.00000 4987.58367  2.41%  52.4  305s
 255977 109283 infeasible   50      5111.00000 4987.58367  2.41%  52.4  310s
 260751 110740     cutoff   39      5111.00000 4987.58367  2.41%  52.6  315s
 264480 112043 5070.28260   43   83 5111.00000 4987.58367  2.41%  52.7  320s
 267445 113557 5086.23567   33  103 5111.00000 4987.60401  2.41%  52.7  325s
 272995 115613 5018.33138   34   65 5111.00000 4987.60972  2.41%  52.8  331s
 276790 117324 4997.65366   52   93 5111.00000 4987.63368  2.41%  52.8  335s
 280964 119199 5018.05966   45   86 5111.00000 4987.63368  2.41%  52.8  340s
 285875 121015 4989.42719   44   95 5111.00000 4987.67199  2.41%  52.9  345s
 290226 122500 5003.99840   42  139 5111.00000 4987.67199  2.41%  53.1  351s
 293718 123942 5008.57996   50  141 5111.00000 4987.67199  2.41%  53.3  356s
 297872 125561 infeasible   32      5111.00000 4987.67575  2.41%  53.4  360s
 303099 127612 5002.54242   34  139 5111.00000 4987.69843  2.41%  53.3  366s
 308134 129827 infeasible   43      5111.00000 4987.71591  2.41%  53.1  370s
 313653 132275 5076.02800   39   27 5111.00000 4987.71591  2.41%  52.8  375s
 318892 134570 5007.37515   36  141 5111.00000 4987.76404  2.41%  52.7  380s
 322649 136589 4994.70428   39  100 5111.00000 4987.76432  2.41%  52.7  385s
 326987 138582 5004.61085   39  168 5111.00000 4987.79008  2.41%  52.7  390s
 331771 140259 4989.26642   40  151 5111.00000 4987.90512  2.41%  52.7  395s
 334513 141845 4995.37973   53  123 5111.00000 4987.90512  2.41%  52.7  400s
 339670 144624 5078.85236   35   75 5111.00000 4987.90532  2.41%  52.8  406s
 345046 146638 5000.17254   35   83 5111.00000 4987.90839  2.41%  52.5  410s
 349365 148613 5016.04734   48  152 5111.00000 4987.90839  2.41%  52.3  415s
 355284 151290 4990.50087   42  110 5111.00000 4987.92427  2.41%  52.0  420s
 360332 153286 4992.14930   35  101 5111.00000 4987.92427  2.41%  52.1  425s
 363855 154616 5043.73696   39  141 5111.00000 4987.92427  2.41%  52.1  430s
 368162 156533 4996.72922   51  118 5111.00000 4987.92427  2.41%  52.1  436s
 371717 157836 5009.12273   43  153 5111.00000 4987.93477  2.41%  52.2  440s
 376376 159836 4995.46941   51   73 5111.00000 4987.93477  2.41%  52.3  446s
 380915 161643 4997.02141   37   55 5111.00000 4987.96116  2.41%  52.2  450s
 385388 162923 5048.83333   33   87 5111.00000 4987.97880  2.41%  52.1  456s
 386091 163913 5088.06081   35   56 5111.00000 4987.97880  2.41%  52.1  460s
 391295 165700 4991.14122   33  179 5111.00000 4988.02095  2.41%  52.0  465s
 396367 167496 infeasible   40      5111.00000 4988.06538  2.41%  52.1  470s
 400166 168570     cutoff   37      5111.00000 4988.11574  2.40%  52.1  475s
 405523 170105 4989.64371   37  165 5111.00000 4988.13640  2.40%  52.2  480s
 411835 172421     cutoff   44      5111.00000 4988.14489  2.40%  52.1  485s
 418738 174499 infeasible   37      5111.00000 4988.14489  2.40%  51.9  491s
 423053 175695 5014.04775   37  134 5111.00000 4988.14489  2.40%  51.8  495s
 429356 177586 5023.45677   43   43 5111.00000 4988.14489  2.40%  51.7  500s
 434163 179207     cutoff   36      5111.00000 4988.14489  2.40%  51.7  505s
 439822 180917 4999.76161   38  118 5111.00000 4988.18381  2.40%  51.6  510s
 444862 182349 4994.55958   45  163 5111.00000 4988.27677  2.40%  51.7  516s
 448832 183654 5023.19282   43   45 5111.00000 4988.28682  2.40%  51.7  520s
 454583 184962 4988.46839   25   64 5111.00000 4988.29680  2.40%  51.6  525s
 459953 187071 4995.21037   36   69 5111.00000 4988.38007  2.40%  51.5  530s
 463494 188095 4988.48669   34   98 5111.00000 4988.41394  2.40%  51.5  535s
 468367 190173 4989.93678   33   61 5111.00000 4988.46839  2.40%  51.5  540s
 475304 193215 4988.46927   31   63 5111.00000 4988.46839  2.40%  51.4  546s
 480539 195242 5046.09192   32  102 5111.00000 4988.46839  2.40%  51.3  550s
 485656 197296 5063.31123   36   68 5111.00000 4988.46927  2.40%  51.3  555s
 491770 199314 5070.95627   31  126 5111.00000 4988.46927  2.40%  51.2  560s
 495220 201195 5003.39395   34  114 5111.00000 4988.46927  2.40%  51.2  565s
 500460 203071 4997.76458   32   38 5111.00000 4988.46927  2.40%  51.1  570s
 506761 205368 5023.11304   35   90 5111.00000 4988.46927  2.40%  51.1  575s
 511194 206772 5002.70882   39  112 5111.00000 4988.48669  2.40%  51.1  580s
 516335 208489     cutoff   48      5111.00000 4988.50221  2.40%  51.1  585s
 521607 210183 4988.53729   32   95 5111.00000 4988.53198  2.40%  51.0  590s
 528294 211919 5009.04253   32   99 5111.00000 4988.54260  2.40%  50.9  595s
 533125 213166 5006.75795   39  161 5111.00000 4988.61798  2.39%  50.9  600s

Cutting planes:
  Learned: 51
  Gomory: 6
  Cover: 225
  MIR: 222
  StrongCG: 14
  Flow cover: 227
  Inf proof: 1
  Zero half: 1
  Network: 4
  RLT: 11
  Relax-and-lift: 10

Explored 533683 nodes (27155512 simplex iterations) in 600.05 seconds (312.72 work units)
Thread count was 12 (of 12 available processors)

Solution count 3: 5111 5148 5182 

Time limit reached
Best objective 5.111000000000e+03, best bound 4.989000000000e+03, gap 2.3870%
