
Gurobi 12.0.0 (win64) logging started Thu Feb 26 00:41:37 2026

Set parameter LogFile to value "Storage_orig/Logs/log______Sens_handling_time_2_2026_02_26_00_41_37.log"
Set parameter MIPGap to value 0.01
Set parameter OutputFlag to value 1
Set parameter TimeLimit to value 1000
Gurobi Optimizer version 12.0.0 build v12.0.0rc1 (win64 - Windows 11+.0 (26200.2))

CPU model: Intel(R) Core(TM) i7-9750H CPU @ 2.60GHz, instruction set [SSE2|AVX|AVX2]
Thread count: 6 physical cores, 12 logical processors, using up to 12 threads

Non-default parameters:
TimeLimit  1000
MIPGap  0.01
MIPFocus  2

Optimize a model with 5540 rows, 1032 columns and 14852 nonzeros
Model fingerprint: 0x92c0dac8
Variable types: 24 continuous, 1008 integer (720 binary)
Coefficient statistics:
  Matrix range     [1e+00, 1e+02]
  Objective range  [1e+01, 2e+03]
  Bounds range     [1e+00, 1e+00]
  RHS range        [1e+00, 2e+02]
Found heuristic solution: objective 18900.000000
Presolve removed 3940 rows and 168 columns
Presolve time: 0.02s
Presolved: 1600 rows, 864 columns, 8604 nonzeros
Variable types: 24 continuous, 840 integer (600 binary)
Root relaxation presolve removed 4 rows and 0 columns
Root relaxation presolved: 1596 rows, 864 columns, 8564 nonzeros


Root relaxation: objective 4.977000e+03, 867 iterations, 0.06 seconds (0.03 work units)

    Nodes    |    Current Node    |     Objective Bounds      |     Work
 Expl Unexpl |  Obj  Depth IntInf | Incumbent    BestBd   Gap | It/Node Time

     0     0 4977.00027    0   34 18900.0000 4977.00027  73.7%     -    0s
H    0     0                    11970.000000 4977.00027  58.4%     -    0s
H    0     0                    11812.000000 4977.00027  57.9%     -    0s
H    0     0                    9732.0000000 4977.00027  48.9%     -    0s
H    0     0                    9592.0000000 4977.00027  48.1%     -    0s
H    0     0                    9512.0000000 4977.73387  47.7%     -    0s
     0     0 4977.77143    0   81 9512.00000 4977.77143  47.7%     -    0s
     0     0 4977.86667    0   64 9512.00000 4977.86667  47.7%     -    0s
H    0     0                    8733.0000000 5031.15754  42.4%     -    0s
     0     0 5031.15754    0  134 8733.00000 5031.15754  42.4%     -    0s
     0     0 5046.72456    0  144 8733.00000 5046.72456  42.2%     -    0s
     0     0 5051.36407    0  142 8733.00000 5051.36407  42.2%     -    0s
     0     0 5051.98380    0  150 8733.00000 5051.98380  42.2%     -    0s
     0     0 5052.09485    0  173 8733.00000 5052.09485  42.1%     -    0s
     0     0 5052.11636    0  181 8733.00000 5052.11636  42.1%     -    0s
     0     0 5052.12517    0  181 8733.00000 5052.12517  42.1%     -    0s
H    0     0                    8673.0000000 5065.18333  41.6%     -    0s
H    0     0                    8494.0000000 5065.18333  40.4%     -    0s
H    0     0                    8354.0000000 5065.18333  39.4%     -    0s
H    0     0                    8294.0000000 5122.01388  38.2%     -    0s
H    0     0                    8014.0000000 5122.01388  36.1%     -    0s
H    0     0                    7998.0000000 5122.01388  36.0%     -    0s
     0     0 5122.01388    0  246 7998.00000 5122.01388  36.0%     -    0s
H    0     0                    7918.0000000 5130.06823  35.2%     -    1s
H    0     0                    7838.0000000 5130.06823  34.5%     -    1s
H    0     0                    7778.0000000 5130.06823  34.0%     -    1s
     0     0 5130.06823    0  236 7778.00000 5130.06823  34.0%     -    1s
     0     0 5133.16459    0  259 7778.00000 5133.16459  34.0%     -    1s
     0     0 5139.49087    0  230 7778.00000 5139.49087  33.9%     -    1s
     0     0 5140.14673    0  257 7778.00000 5140.14673  33.9%     -    1s
     0     0 5140.21658    0  284 7778.00000 5140.21658  33.9%     -    1s
     0     0 5140.66379    0  296 7778.00000 5140.66379  33.9%     -    1s
     0     0 5140.70472    0  311 7778.00000 5140.70472  33.9%     -    1s
H    0     0                    7698.0000000 5140.70472  33.2%     -    1s
     0     0 5154.03099    0  193 7698.00000 5154.03099  33.0%     -    1s
H    0     0                    7558.0000000 5154.04907  31.8%     -    1s
H    0     0                    7522.0000000 5154.04907  31.5%     -    1s
     0     0 5155.18838    0  202 7522.00000 5155.18838  31.5%     -    2s
     0     0 5155.18838    0  216 7522.00000 5155.18838  31.5%     -    2s
     0     0 5167.11689    0  201 7522.00000 5167.11689  31.3%     -    2s
H    0     0                    7498.0000000 5167.11689  31.1%     -    2s
H    0     0                    7462.0000000 5167.11689  30.8%     -    2s
     0     0 5167.20941    0  134 7462.00000 5167.20941  30.8%     -    2s
     0     0 5171.04154    0  281 7462.00000 5171.04154  30.7%     -    2s
     0     0 5175.45790    0  237 7462.00000 5175.45790  30.6%     -    3s
     0     0 5176.06959    0  288 7462.00000 5176.06959  30.6%     -    3s
     0     0 5176.23892    0  271 7462.00000 5176.23892  30.6%     -    3s
     0     0 5176.24023    0  290 7462.00000 5176.24023  30.6%     -    3s
     0     0 5182.86000    0  292 7462.00000 5182.86000  30.5%     -    3s
     0     0 5186.30000    0  286 7462.00000 5186.30000  30.5%     -    3s
     0     0 5186.30000    0  307 7462.00000 5186.30000  30.5%     -    4s
     0     0 5186.30000    0  202 7462.00000 5186.30000  30.5%     -    4s
H    0     0                    7182.0000000 5189.16000  27.7%     -    4s
     0     2 5189.16000    0  192 7182.00000 5189.16000  27.7%     -    4s
     7    14 5189.16000    3  333 7182.00000 5189.16000  27.7%   563    5s
   392   399 5528.01095   43  171 7182.00000 5189.16000  27.7%   260   10s
  1387  1284 5446.04454   16  212 7182.00000 5191.94698  27.7%   175   15s
  1492  1292 5245.61363    3  308 7182.00000 5191.94698  27.7%   171   20s
  1510  1304 5395.49021   23  419 7182.00000 5217.00417  27.4%   169   25s
  1523  1312 5412.53890   20  343 7182.00000 5243.10560  27.0%   168   30s
  1533  1319 5533.04002   46  391 7182.00000 5250.48261  26.9%   167   35s
  1541  1324 5899.38774   57  426 7182.00000 5253.14819  26.9%   166   40s
  1615  1387 5268.78565   18  307 7182.00000 5253.14819  26.9%   206   45s
H 1816  1442                    7122.0000000 5253.14819  26.2%   227   49s
  1891  1513 5411.56773   27  242 7122.00000 5253.14819  26.2%   232   50s
  2447  1817 5653.25930   43  201 7122.00000 5253.14819  26.2%   237   55s
  3246  2214 5305.67629   22  263 7122.00000 5253.14819  26.2%   234   60s
  4304  2598 6077.84848   35  161 7122.00000 5253.14819  26.2%   215   65s
  5109  3072 5502.48810   23  287 7122.00000 5253.14819  26.2%   209   70s
  6107  3725 5712.94646   49  247 7122.00000 5254.38042  26.2%   204   75s
  7335  4702 5607.67862   35  160 7122.00000 5254.38042  26.2%   202   80s
  8041  5310 5374.24650   27  317 7122.00000 5261.37026  26.1%   205   86s
  9076  5944 5339.76788   21  290 7122.00000 5267.15064  26.0%   204   90s
  9708  6687 6345.08776   43  190 7122.00000 5268.74943  26.0%   205   96s
 10808  7433 infeasible   40      7122.00000 5270.30336  26.0%   200  100s
 12113  8421 6260.50634   53  165 7122.00000 5272.68830  26.0%   197  106s
H12740  8766                    7047.0000000 5272.68830  25.2%   197  108s
 13092  9218 5526.87308   28  202 7047.00000 5275.97828  25.1%   196  110s
 14478  9786 5427.66065   28  284 7047.00000 5280.28563  25.1%   194  116s
H14624  9662                    6946.0000000 5280.36409  24.0%   195  116s
 15239 10507 6647.58757   50  204 6946.00000 5280.49404  24.0%   197  120s
H15910 10339                    6842.0000000 5280.49404  22.8%   197  124s
H15959 10192                    6806.0000000 5280.49404  22.4%   197  124s
 16049 10666 5659.10522   38  230 6806.00000 5280.49404  22.4%   197  126s
 16743 11095 6144.73460   38  233 6806.00000 5281.27566  22.4%   197  130s
 18049 11965 5408.76814   25  200 6806.00000 5287.28982  22.3%   197  136s
 19445 12935 6717.53070   39  169 6806.00000 5287.55543  22.3%   199  143s
 20167 13321 5354.41665   32  207 6806.00000 5289.48712  22.3%   201  147s
 20767 14040 6469.18540   41  232 6806.00000 5289.73592  22.3%   201  151s
 21731 14841 5793.45646   43  246 6806.00000 5289.73592  22.3%   202  155s
 23743 15939 6163.69553   55  111 6806.00000 5293.22589  22.2%   201  163s
 24479 16627 5796.79570   45  230 6806.00000 5293.49274  22.2%   203  167s
 25545 17311 5361.77119   30  204 6806.00000 5295.09390  22.2%   202  171s
 26498 17808 5445.22349   29  283 6806.00000 5296.86000  22.2%   203  177s
 27217 18576 5729.59225   35  256 6806.00000 5296.86000  22.2%   203  181s
 28352 19336 6356.81468   43  297 6806.00000 5299.61985  22.1%   204  186s
 29537 19514 5605.66281   32  183 6806.00000 5301.28575  22.1%   204  193s
 29761 20294 5682.98127   34   94 6806.00000 5301.28575  22.1%   204  198s
 30877 21026 6637.58677   67  153 6806.00000 5301.93075  22.1%   205  204s
 31975 21811     cutoff   42      6806.00000 5304.20954  22.1%   205  209s
 33110 22622 5918.04761   31  153 6806.00000 5304.65366  22.1%   207  215s
 34382 23487 5377.24480   35  247 6806.00000 5305.05924  22.1%   207  221s
 35591 24190 5963.70781   47  220 6806.00000 5305.76064  22.0%   209  227s
 36729 25071 6055.25952   31  226 6806.00000 5307.54485  22.0%   211  233s
 38136 25846 5542.88720   43  255 6806.00000 5308.95742  22.0%   210  238s
 39298 26757 5961.30847   51  259 6806.00000 5310.56688  22.0%   210  243s
 40568 27601 6172.14425   27  157 6806.00000 5312.13129  21.9%   210  249s
 41801 28446 5553.71744   31  331 6806.00000 5313.10927  21.9%   209  255s
 44259 30025 5768.46734   36  170 6806.00000 5316.20912  21.9%   208  265s
 45303 30780 5759.99216   48  156 6806.00000 5317.45709  21.9%   209  270s
 46491 31443 6419.88728   78  236 6806.00000 5317.46393  21.9%   210  275s
 47645 32305 6254.93333   49  181 6806.00000 5318.83943  21.9%   210  281s
 48922 33202 5484.93285   19  285 6806.00000 5319.54594  21.8%   210  286s
 50239 34129 5754.75916   53  157 6806.00000 5321.06524  21.8%   209  291s
 51589 34996 5436.91344   32  260 6806.00000 5322.19196  21.8%   209  298s
 52817 35628     cutoff   44      6806.00000 5323.49388  21.8%   209  303s
 53795 36317 5873.45291   32  302 6806.00000 5323.89088  21.8%   210  308s
 54913 37184 5461.48999   26  218 6806.00000 5325.05329  21.8%   210  314s
 56160 37973 6142.97692   35  175 6806.00000 5325.99440  21.7%   210  320s
 57358 38817 5600.04004   31  195 6806.00000 5327.02770  21.7%   210  326s
 58540 39695 6436.40074   36  190 6806.00000 5328.72283  21.7%   210  331s
 59764 40534 5701.80818   27  259 6806.00000 5329.35981  21.7%   211  337s
 61097 41260 6441.86119   33  235 6806.00000 5330.17858  21.7%   210  343s
 62183 42094 infeasible   48      6806.00000 5331.15752  21.7%   211  348s
 63457 42797 6437.55140   58  120 6806.00000 5332.41581  21.7%   211  354s
 64548 43722 5386.59884   25  309 6806.00000 5333.10443  21.6%   211  360s
 65816 44740 5638.40024   23  128 6806.00000 5334.32215  21.6%   211  366s
 67203 45626 5458.81905   32  132 6806.00000 5334.75962  21.6%   211  372s
 68521 46498 6731.58855   75  201 6806.00000 5335.87607  21.6%   211  378s
 69832 47225 6758.10183   70  257 6806.00000 5336.86625  21.6%   211  383s
 70881 48139 5446.59899   26  256 6806.00000 5337.09008  21.6%   211  389s
 72116 49048 5576.14830   39  309 6806.00000 5338.03885  21.6%   211  395s
 73438 49988 5640.76771   45  161 6806.00000 5338.09537  21.6%   211  401s
 75080 50624 5561.45443   32  273 6806.00000 5339.55882  21.5%   210  405s
 76032 50743 6383.94445   47  211 6806.00000 5340.29439  21.5%   210  410s
 76236 51449     cutoff   63      6806.00000 5340.69139  21.5%   210  415s
 77480 52329 5577.66667   24  244 6806.00000 5341.10803  21.5%   209  421s
 78804 53083 infeasible   62      6806.00000 5342.00286  21.5%   209  426s
 79900 53709 5514.68322   26  242 6806.00000 5342.64275  21.5%   209  432s
 80898 54493 6497.09968   41  164 6806.00000 5343.04543  21.5%   210  438s
 82059 55262 5649.99875   26  274 6806.00000 5343.71844  21.5%   210  443s
 83080 56069 5584.22636   49  190 6806.00000 5343.99007  21.5%   210  449s
 84334 56881 5481.57915   36  260 6806.00000 5345.26926  21.5%   210  455s
 85545 57682 6410.32039   52  106 6806.00000 5346.28042  21.4%   210  460s
 86639 58460 6346.89093   44  167 6806.00000 5346.30751  21.4%   210  466s
 88016 58933 5652.06056   32  188 6806.00000 5346.79863  21.4%   210  472s
 88829 59532 5459.19038   36  279 6806.00000 5347.77102  21.4%   210  478s
 89676 60317 6417.48743   47  129 6806.00000 5348.13135  21.4%   210  484s
 90925 61038     cutoff   41      6806.00000 5349.17391  21.4%   210  491s
 92010 61899 6605.06091   65   93 6806.00000 5349.80848  21.4%   211  497s
 93233 62681 6128.92123   36  260 6806.00000 5350.26389  21.4%   211  503s
 94493 63547 5413.21301   31  298 6806.00000 5351.07694  21.4%   211  509s
 95675 64119 6159.77093   35  155 6806.00000 5351.29847  21.4%   211  514s
 96475 64829 6166.90198   30  235 6806.00000 5351.90844  21.4%   212  521s
 97589 65620 5678.56347   25  214 6806.00000 5352.14795  21.4%   212  527s
 98766 66240 6438.73425   45  222 6806.00000 5352.74790  21.4%   213  533s
 99958 67249 6344.22752   44  234 6806.00000 5353.37768  21.3%   213  540s
 101389 68005 5965.72084   35  181 6806.00000 5354.10361  21.3%   213  547s
 102556 68873 infeasible   53      6806.00000 5354.87795  21.3%   213  554s
 103916 69709 6189.94822   52  206 6806.00000 5355.76251  21.3%   212  560s
 105239 70620 6059.53096   33  272 6806.00000 5356.63854  21.3%   212  566s
 106666 71444 6335.47762   43  148 6806.00000 5357.48480  21.3%   212  572s
 107830 72176     cutoff   35      6806.00000 5358.23368  21.3%   212  578s
 108860 73012 6266.62910   46  218 6806.00000 5358.46422  21.3%   212  585s
 110081 73856 5793.79769   35  198 6806.00000 5358.89190  21.3%   213  591s
 111330 74508 6150.32809   34  199 6806.00000 5359.86932  21.2%   212  598s
 112323 75417 6644.48103   42  148 6806.00000 5360.24524  21.2%   212  604s
 113607 76126 6133.43860   48  175 6806.00000 5360.97390  21.2%   212  611s
 114679 76754 6268.13890   35  237 6806.00000 5361.15689  21.2%   213  617s
 115772 77689 5700.25255   39  240 6806.00000 5361.44476  21.2%   213  624s
 117065 78627 6081.34105   44  190 6806.00000 5361.83888  21.2%   213  631s
 118446 79516 6223.31364   49  202 6806.00000 5362.36254  21.2%   213  637s
 119794 80318 5801.72741   40  294 6806.00000 5362.84797  21.2%   213  643s
 121093 81105 6386.40838   52  198 6806.00000 5363.48975  21.2%   212  650s
 122305 82073     cutoff   66      6806.00000 5364.08827  21.2%   212  657s
 123664 82878 5529.55434   35  310 6806.00000 5364.58410  21.2%   212  663s
 124892 83766     cutoff   54      6806.00000 5365.22741  21.2%   212  669s
 126209 84681 5653.83714   33  139 6806.00000 5365.80126  21.2%   212  675s
 127558 85388 5429.82894   32  231 6806.00000 5366.40000  21.2%   212  681s
 128550 85904 6661.75419   61  193 6806.00000 5366.79264  21.1%   212  688s
 129376 87029 5874.70017   38  261 6806.00000 5367.16510  21.1%   211  697s
 131328 87981 6579.92962   71  172 6806.00000 5367.89722  21.1%   211  704s
 132715 88772 5478.42834   28  320 6806.00000 5368.43258  21.1%   211  710s
 133853 89469 6345.00000   36  133 6806.00000 5368.43258  21.1%   211  717s
 134904 90154 6303.24830   45  198 6806.00000 5369.10477  21.1%   211  723s
 136020 91077 6159.31459   42  243 6806.00000 5369.48795  21.1%   212  730s
 137414 92007 6725.69723   61  128 6806.00000 5370.00957  21.1%   212  737s
 138940 92738 5821.53145   48  141 6806.00000 5370.38637  21.1%   211  743s
 140039 93388 5775.47542   39  309 6806.00000 5370.67773  21.1%   211  750s
 141037 94205 6156.97846   40  258 6806.00000 5371.06044  21.1%   212  757s
 142391 95105 5919.39072   25  227 6806.00000 5371.45587  21.1%   211  763s
 143767 95838 5441.65395   45  275 6806.00000 5371.64694  21.1%   211  769s
 144855 96522 6064.64000   42  166 6806.00000 5372.34759  21.1%   212  775s
 145942 97249 5865.28194   39  215 6806.00000 5372.49316  21.1%   212  782s
 146991 98073 infeasible   35      6806.00000 5372.81034  21.1%   212  788s
 148151 98998 6469.34597   48  173 6806.00000 5373.08571  21.1%   212  795s
 149406 99010 5643.86928   29  226 6806.00000 5373.37339  21.0%   212  803s
 149418 99022 6117.00000   29   89 6806.00000 5373.37339  21.0%   212  810s
 149430 99033 5652.66466   30  240 6806.00000 5373.37339  21.0%   212  816s
 149443 99045 5762.60000   30  113 6806.00000 5373.37339  21.0%   212  824s
 149455 99159 5658.16475   31  259 6806.00000 5373.37339  21.0%   212  831s
 149624 99604 5675.59852   31  241 6806.00000 5373.53709  21.0%   212  839s
 150241 100266 5678.00504   32  232 6806.00000 5373.66637  21.0%   212  848s
 151270 101411 6375.04382   53  239 6806.00000 5373.91428  21.0%   212  858s
 152985 102339 6600.26160   47  109 6806.00000 5374.50164  21.0%   212  867s
 154433 103318 5883.98387   50  175 6806.00000 5374.83333  21.0%   212  875s
 155888 104250 6551.13831   44  178 6806.00000 5375.35556  21.0%   213  884s
 157474 105141 5399.39116   33  262 6806.00000 5376.14286  21.0%   213  892s
 158825 106032 5532.01990   41  185 6806.00000 5376.58170  21.0%   213  900s
 160178 106818 6032.75000   36  123 6806.00000 5376.96514  21.0%   213  908s
 161306 107773 5390.06538   23  161 6806.00000 5377.25942  21.0%   213  916s
 162616 108732 5439.65249   27  240 6806.00000 5377.52059  21.0%   213  923s
 164163 109548 5586.02077   31  219 6806.00000 5378.11236  21.0%   213  931s
 165448 110287 6357.10701   30  247 6806.00000 5378.48513  21.0%   213  937s
 166587 111090 5626.55118   36  108 6806.00000 5378.71889  21.0%   213  945s
 167738 112097 6216.13382   47  171 6806.00000 5378.92391  21.0%   213  952s
 169203 112988 6001.16185   35  156 6806.00000 5379.50828  21.0%   213  959s
 170505 113837 5571.86041   37  270 6806.00000 5379.99076  21.0%   213  965s
 171732 114735 5920.00700   23  200 6806.00000 5380.42851  20.9%   213  972s
 173067 115499 5404.75573   30  228 6806.00000 5380.73871  20.9%   213  979s
 174187 116443 6259.22339   42  326 6806.00000 5381.14608  20.9%   213  985s
 175558 117154 6198.41471   39  192 6806.00000 5381.63559  20.9%   213  992s
 176650 118080 6487.96929   60  135 6806.00000 5381.99486  20.9%   213  998s
 178002 118229 6149.59201   25  199 6806.00000 5382.41767  20.9%   213 1000s

Cutting planes:
  Learned: 15
  Gomory: 33
  Cover: 2043
  Implied bound: 439
  Projected implied bound: 7
  MIR: 948
  Mixing: 1
  StrongCG: 118
  Flow cover: 1300
  Inf proof: 6
  Zero half: 28
  Network: 4
  RLT: 15
  Relax-and-lift: 143

Explored 178223 nodes (38005495 simplex iterations) in 1000.10 seconds (527.32 work units)
Thread count was 12 (of 12 available processors)

Solution count 10: 6806 6842 6946 ... 7558

Time limit reached
Best objective 6.806000000000e+03, best bound 5.383000000000e+03, gap 20.9080%
