
Gurobi 12.0.0 (win64) logging started Sun Jan 25 21:22:02 2026

Set parameter LogFile to value "Storage_orig/Logs/log_____________2026_01_25_21_22_02.log"
Set parameter MIPGap to value 0.01
Set parameter OutputFlag to value 1
Gurobi Optimizer version 12.0.0 build v12.0.0rc1 (win64 - Windows 11.0 (26100.2))

CPU model: Intel(R) Core(TM) i7-9750H CPU @ 2.60GHz, instruction set [SSE2|AVX|AVX2]
Thread count: 6 physical cores, 12 logical processors, using up to 12 threads

Non-default parameters:
MIPGap  0.01
MIPFocus  1

Optimize a model with 16100 rows, 2280 columns and 42808 nonzeros
Model fingerprint: 0x0217749b
Variable types: 40 continuous, 2240 integer (1360 binary)
Coefficient statistics:
  Matrix range     [2e-01, 2e+02]
  Objective range  [1e+01, 4e+03]
  Bounds range     [1e+00, 1e+00]
  RHS range        [1e+00, 3e+02]
Found heuristic solution: objective 30880.000000
Presolve removed 12968 rows and 356 columns
Presolve time: 0.09s
Presolved: 3132 rows, 1924 columns, 21172 nonzeros
Variable types: 40 continuous, 1884 integer (1160 binary)

Root relaxation: objective 6.492443e+03, 2400 iterations, 0.16 seconds (0.09 work units)

    Nodes    |    Current Node    |     Objective Bounds      |     Work
 Expl Unexpl |  Obj  Depth IntInf | Incumbent    BestBd   Gap | It/Node Time

     0     0 6492.44333    0   33 30880.0000 6492.44333  79.0%     -    0s
H    0     0                    30822.000000 6492.44333  78.9%     -    0s
H    0     0                    30708.000000 6492.44333  78.9%     -    0s
H    0     0                    30568.000000 6492.44333  78.8%     -    0s
H    0     0                    30508.000000 6492.44333  78.7%     -    0s
H    0     0                    30028.000000 6492.44333  78.4%     -    0s
H    0     0                    28648.000000 6492.44333  77.3%     -    0s
H    0     0                    28508.000000 6673.99436  76.6%     -    0s
     0     0 6673.99436    0  100 28508.0000 6673.99436  76.6%     -    0s
H    0     0                    24009.000000 6673.99436  72.2%     -    0s
     0     0 6758.90147    0  105 24009.0000 6758.90147  71.8%     -    0s
     0     0 6787.16343    0  115 24009.0000 6787.16343  71.7%     -    0s
     0     0 6787.16343    0  123 24009.0000 6787.16343  71.7%     -    0s
     0     0 7007.11291    0  114 24009.0000 7007.11291  70.8%     -    0s
     0     0 7015.02857    0  129 24009.0000 7015.02857  70.8%     -    0s
H    0     0                    23869.000000 7017.58124  70.6%     -    0s
     0     0 7017.58124    0  125 23869.0000 7017.58124  70.6%     -    0s
     0     0 7019.22702    0  146 23869.0000 7019.22702  70.6%     -    0s
     0     0 7020.74375    0  165 23869.0000 7020.74375  70.6%     -    0s
     0     0 7020.74375    0  171 23869.0000 7020.74375  70.6%     -    0s
H    0     0                    23689.000000 7020.74375  70.4%     -    0s
H    0     0                    23571.000000 7020.74375  70.2%     -    0s
H    0     0                    23511.000000 7020.74375  70.1%     -    0s
H    0     0                    22058.000000 7042.18145  68.1%     -    1s
H    0     0                    21778.000000 7042.18145  67.7%     -    1s
     0     0 7042.18145    0  204 21778.0000 7042.18145  67.7%     -    1s
H    0     0                    20379.000000 7042.18145  65.4%     -    1s
     0     0 7054.02170    0  251 20379.0000 7054.02170  65.4%     -    1s
     0     0 7061.00972    0  245 20379.0000 7061.00972  65.4%     -    1s
H    0     0                    18453.000000 7061.62826  61.7%     -    1s
H    0     0                    18393.000000 7061.62826  61.6%     -    1s
H    0     0                    18253.000000 7061.62826  61.3%     -    1s
     0     0 7061.62826    0  298 18253.0000 7061.62826  61.3%     -    1s
     0     0 7061.84786    0  287 18253.0000 7061.84786  61.3%     -    1s
     0     0 7064.65289    0  266 18253.0000 7064.65289  61.3%     -    1s
     0     0 7068.99953    0  266 18253.0000 7068.99953  61.3%     -    1s
     0     0 7070.16169    0  272 18253.0000 7070.16169  61.3%     -    1s
     0     0 7070.55547    0  316 18253.0000 7070.55547  61.3%     -    1s
     0     0 7070.64670    0  316 18253.0000 7070.64670  61.3%     -    1s
     0     0 7070.65644    0  319 18253.0000 7070.65644  61.3%     -    1s
H    0     0                    17173.000000 7070.65644  58.8%     -    1s
H    0     0                    16895.000000 7070.65644  58.1%     -    1s
H    0     0                    16813.000000 7070.65644  57.9%     -    1s
H    0     0                    16293.000000 7070.65644  56.6%     -    1s
H    0     0                    15313.000000 7070.65644  53.8%     -    1s
H    0     0                    13773.000000 7070.65644  48.7%     -    1s
H    0     0                    12377.000000 7104.63044  42.6%     -    2s
H    0     0                    11677.000000 7104.63044  39.2%     -    2s
     0     0 7104.63044    0  335 11677.0000 7104.63044  39.2%     -    2s
H    0     0                    10995.000000 7104.63044  35.4%     -    2s
H    0     0                    10937.000000 7104.63044  35.0%     -    2s
H    0     0                    10797.000000 7104.63044  34.2%     -    2s
H    0     0                    10715.000000 7104.63044  33.7%     -    2s
H    0     0                    10575.000000 7104.63044  32.8%     -    2s
     0     0 7113.05732    0  376 10575.0000 7113.05732  32.7%     -    2s
     0     0 7115.27275    0  376 10575.0000 7115.27275  32.7%     -    2s
     0     0 7118.12315    0  382 10575.0000 7118.12315  32.7%     -    2s
     0     0 7121.81036    0  159 10575.0000 7121.81036  32.7%     -    2s
     0     0 7122.73306    0  369 10575.0000 7122.73306  32.6%     -    2s
     0     0 7123.18142    0  370 10575.0000 7123.18142  32.6%     -    2s
H    0     0                    10317.000000 7123.44836  31.0%     -    2s
     0     0 7123.44836    0  390 10317.0000 7123.44836  31.0%     -    2s
     0     0 7123.49995    0  426 10317.0000 7123.49995  31.0%     -    2s
H    0     0                    9897.0000000 7123.49995  28.0%     -    2s
     0     0 7129.00280    0  365 9897.00000 7129.00280  28.0%     -    2s
H    0     2                    9837.0000000 7129.00280  27.5%     -    3s
     0     2 7129.00280    0  354 9837.00000 7129.00280  27.5%     -    3s
H    7    14                    9537.0000000 7131.81313  25.2%   436    3s
H   10    14                    9477.0000000 7131.85883  24.7%   500    3s
H   13    24                    9337.0000000 7134.89668  23.6%   542    3s
H   53    55                    9238.0000000 7135.06616  22.8%   357    4s
    73    80 7192.62040   13  252 9238.00000 7135.06616  22.8%   330    5s
H  109   119                    9216.0000000 7135.06616  22.6%   275    5s
H  225   213                    9076.0000000 7135.06616  21.4%   193    6s
H  233   236                    8936.0000000 7135.06616  20.2%   189    7s
   436   384 8624.66464   58   17 8936.00000 7136.19766  20.1%   173   10s
H  527   445                    8790.0000000 7136.19766  18.8%   161   11s
   647   526 7162.60777   13  187 8790.00000 7140.40428  18.8%   152   15s
H  726   579                    8751.0000000 7140.40428  18.4%   152   16s
H  825   627                    8611.0000000 7141.07293  17.1%   150   19s
   828   701 infeasible   36      8611.00000 7141.07293  17.1%   151   20s
  1512  1118 7814.38990   15  365 8611.00000 7141.91361  17.1%   129   25s
  1550  1143 8204.72528   43  406 8611.00000 7156.73081  16.9%   126   30s
  1574  1159 7822.85543   11  431 8611.00000 7169.35690  16.7%   124   35s
  1747  1283 7798.00000   27   57 8611.00000 7171.78180  16.7%   164   40s
  1949  1353 7183.96193   26  373 8611.00000 7171.81222  16.7%   180   45s
  2200  1448 8495.00000   41   54 8611.00000 7171.83871  16.7%   186   50s
  2432  1609 7814.93003   32  110 8611.00000 7171.83871  16.7%   192   55s
  2794  1739 8381.26244   54  127 8611.00000 7171.83871  16.7%   201   60s
  3368  1934 7607.15831   64  204 8611.00000 7172.90841  16.7%   201   65s
  3519  2066 8252.42384  126   65 8611.00000 7173.07909  16.7%   199   71s
  3986  2315 7689.41180   66  154 8611.00000 7173.14839  16.7%   200   75s
  4428  2522 7807.97312   25  320 8611.00000 7174.08122  16.7%   196   80s
  4920  2681 7177.33539   23  430 8611.00000 7174.27793  16.7%   194   85s
  5379  2894 7984.88740   34  115 8611.00000 7174.27793  16.7%   196   90s
  5399  2911 7924.37778   35   57 8611.00000 7174.27793  16.7%   196   95s
  5418  2951 7913.00000   36    8 8611.00000 7174.27793  16.7%   196  101s
  5518  3044 8025.92306   38   40 8611.00000 7175.42105  16.7%   196  105s
  6025  3574     cutoff   70      8611.00000 7175.42105  16.7%   197  110s
  7128  4414 8366.67469   48  146 8611.00000 7175.77298  16.7%   191  116s
  7854  4957 7220.66897   39  158 8611.00000 7176.39477  16.7%   188  120s
  8590  5548 7191.95231   29  407 8611.00000 7176.40000  16.7%   185  125s
  9485  6106 8455.95046  105  128 8611.00000 7176.40000  16.7%   181  130s
  9992  6582 8270.77583   71   28 8611.00000 7176.40000  16.7%   184  136s
 10761  7336     cutoff   39      8611.00000 7176.47373  16.7%   187  142s
 11403  7341 infeasible   85      8611.00000 7176.48571  16.7%   184  145s
 11861  8057 8199.00268   89  176 8611.00000 7176.49949  16.7%   182  151s
 12502  8667 8048.92282   70  187 8611.00000 7176.53217  16.7%   180  156s
 13337  8682 infeasible   77      8611.00000 7176.60690  16.7%   179  162s
 13344  8688 7806.72092   78  198 8611.00000 7176.60690  16.7%   179  166s
 13491  9054 7808.83454   80  197 8611.00000 7176.61159  16.7%   178  172s
 13843  9591 7179.66899   33  349 8611.00000 7176.70000  16.7%   178  176s
 15316 10614 8149.36286  127  139 8611.00000 7176.71579  16.7%   176  183s
 16016 11334 7200.30588   28  216 8611.00000 7176.76282  16.7%   174  186s
 17365 12152 8469.68719   82  229 8611.00000 7176.82120  16.7%   173  192s
 18020 12516 8316.43414   39  280 8611.00000 7176.93757  16.7%   173  196s
 18501 12585 8446.21172   83  167 8611.00000 7177.01463  16.7%   173  200s
 19329 13513 7930.97118   42  207 8611.00000 7177.01463  16.7%   172  207s
 19872 13519 7179.04348   24  141 8611.00000 7177.02648  16.7%   172  211s
 20000 13981 7988.89322   49  276 8611.00000 7177.07727  16.7%   172  218s
 20497 14620 8014.00000   56   82 8611.00000 7177.35854  16.6%   172  221s
 21287 15266 8047.13117   66  215 8611.00000 7177.42538  16.6%   171  225s
 22120 15623 7185.37693   29  288 8611.00000 7177.47099  16.6%   169  232s
 22628 16023 7999.23929  117   65 8611.00000 7177.47099  16.6%   169  236s
 23154 16587 7994.06038   55  221 8611.00000 7177.57674  16.6%   169  240s
 23919 16837 7839.51950   38  342 8611.00000 7177.61767  16.6%   168  247s
 24217 17355 8283.14319   78  158 8611.00000 7177.61767  16.6%   169  250s
 25637 18202 7959.95860   34  155 8611.00000 7177.69319  16.6%   167  260s
 26028 18788 7197.46775   28  267 8611.00000 7177.69381  16.6%   167  267s
 26908 19405     cutoff   36      8611.00000 7177.81200  16.6%   168  273s
 27822 19732 7196.30737   29  218 8611.00000 7177.82675  16.6%   169  279s
 28240 20465 7217.08571   48   83 8611.00000 7177.84405  16.6%   168  284s
 29223 21346 7207.10609   31  437 8611.00000 7177.86049  16.6%   167  289s
 30383 21348 8592.96140   65  139 8611.00000 7177.93693  16.6%   166  293s
 30409 21769 7789.62000   29   53 8611.00000 7177.95447  16.6%   166  297s
 30964 21929 8133.54344   54   93 8611.00000 7177.95586  16.6%   167  302s
 31174 21935 7613.62215   52  211 8611.00000 7177.97439  16.6%   167  307s
 31180 21941 7615.20848   53  205 8611.00000 7177.97439  16.6%   167  311s
 31186 21947 7615.20848   54  200 8611.00000 7177.97439  16.6%   167  316s
 31192 22047 7615.34257   55  198 8611.00000 7177.97784  16.6%   167  322s
 31414 22622 7806.17391   34   57 8611.00000 7177.97784  16.6%   167  326s
 32147 23118 7792.00000   28  154 8611.00000 7178.04152  16.6%   167  330s
 32929 23724 8323.96148   76  200 8611.00000 7178.05241  16.6%   167  335s
 34336 24823 7187.55400   33  298 8611.00000 7178.17167  16.6%   167  343s
 35221 25435 7799.18667   36   96 8611.00000 7178.22527  16.6%   166  347s
 35990 26378 8122.18670   96  154 8611.00000 7178.29167  16.6%   166  351s
 37216 26918 7757.68631   63  280 8611.00000 7178.37437  16.6%   164  355s
H37757 26564                    8549.0000000 7178.40439  16.0%   163  355s
H38971 27243                    8510.0000000 7178.44361  15.6%   162  364s
 39150 30422 7579.91261   48  172 8510.00000 7178.44361  15.6%   162  380s
 43482 30432 7793.95529   30   91 8510.00000 7178.70690  15.6%   159  386s
 43494 30439 7821.33333   30  146 8510.00000 7178.70690  15.6%   159  393s
 43505 30445 7841.51423   31   87 8510.00000 7178.70855  15.6%   159  396s
 43775 30887 8260.16113   69  188 8510.00000 7178.70855  15.6%   159  401s
 44163 31243 7221.39855   41  207 8510.00000 7178.78922  15.6%   159  405s
 45328 32180 7793.43250   29   51 8510.00000 7178.83603  15.6%   158  410s
 46321 32873 7856.62358   27  150 8510.00000 7178.88922  15.6%   158  416s
 47525 33722 7800.94118   34   94 8510.00000 7178.96803  15.6%   157  422s
 48001 34145 7201.02405   35  188 8510.00000 7179.00920  15.6%   158  425s
 49345 34689 infeasible   80      8510.00000 7179.03911  15.6%   157  431s
 49812 35260 7793.23688   23  148 8510.00000 7179.04657  15.6%   157  437s
 50175 35603 7939.61929   37   82 8510.00000 7179.06755  15.6%   158  441s
 50658 35809 8344.33225   84  140 8510.00000 7179.06755  15.6%   158  447s
 50987 36119     cutoff  130      8510.00000 7179.06755  15.6%   159  450s
 51491 36688 8001.00000   33   39 8510.00000 7179.07442  15.6%   159  455s
 52259 36694 7200.34321   28  260 8510.00000 7179.11705  15.6%   159  460s
H52265 34558                    8409.0000000 7179.11705  14.6%   159  465s
 52895 35451 7960.45901   39  318 8409.00000 7179.18869  14.6%   160  473s
 53544 35789 7798.10971   33   97 8409.00000 7179.22711  14.6%   160  477s
 54018 36267 7906.91614   33  184 8409.00000 7179.22711  14.6%   160  481s
 55545 36933 7793.17744   73   74 8409.00000 7179.31771  14.6%   160  488s
 55551 37329 7793.17782   74   77 8409.00000 7179.31771  14.6%   160  492s
 56166 37804 7181.81818   30  160 8409.00000 7179.33519  14.6%   159  496s
 56782 38155 8084.94902   40  240 8409.00000 7179.38817  14.6%   159  500s
 58274 38903 8173.75243   54  246 8409.00000 7179.42526  14.6%   159  507s
 58280 38908 8173.97040   55  244 8409.00000 7179.42526  14.6%   159  512s
 58287 38913 8173.98986   56  241 8409.00000 7179.42526  14.6%   159  515s
H58289 35863                    8308.0000000 7179.42526  13.6%   159  515s
 58294 35929 8174.11146   57  240 8308.00000 7179.42526  13.6%   159  520s
 58765 36614 8275.91801   63  307 8308.00000 7179.44403  13.6%   159  527s
 59378 37168 7873.38837   28  277 8308.00000 7179.49694  13.6%   159  531s
 60986 38375 7808.33421   32  126 8308.00000 7179.57895  13.6%   158  538s
 61963 39167 7971.77909   77  239 8308.00000 7179.59492  13.6%   158  541s
 63690 39690 7200.46667   29  130 8308.00000 7179.68510  13.6%   157  548s
 63701 39997 7200.46667   30  130 8308.00000 7179.68510  13.6%   157  551s
 64164 40586 infeasible   68      8308.00000 7179.69923  13.6%   157  556s
 64947 41267 7796.81818   27   92 8308.00000 7179.75357  13.6%   157  561s
 65819 41336 8028.15480   40  200 8308.00000 7179.78618  13.6%   157  567s
H65866 41069                    8295.0000000 7179.78618  13.4%   157  567s
 65893 41546 infeasible   31      8295.00000 7179.79512  13.4%   157  570s
 67391 42558 8216.42480   62  171 8295.00000 7179.87235  13.4%   156  577s
 67969 43056 7833.00000   34   57 8295.00000 7179.90266  13.4%   156  580s
 68619 43106 7801.47212   32   29 8295.00000 7179.95001  13.4%   156  586s
 69061 43839 8214.99791   46   44 8295.00000 7179.96153  13.4%   156  593s
 69729 44284 7607.53131   50  122 8295.00000 7179.99968  13.4%   156  596s
 70274 44287 infeasible   87      8295.00000 7180.00571  13.4%   156  600s
 70365 44416 7971.37882   96   68 8295.00000 7180.02359  13.4%   156  607s
 70449 44487 7805.46476   33  291 8295.00000 7180.02534  13.4%   156  611s
 70538 44794 7872.31579   37   89 8295.00000 7180.02534  13.4%   156  615s
 71529 45537 7790.00913   30  162 8295.00000 7180.09268  13.4%   156  623s
 72002 45951 7791.24348   31  191 8295.00000 7180.09268  13.4%   156  627s
 72661 46451 8229.85762   41   98 8295.00000 7180.18520  13.4%   156  631s
 73940 47047     cutoff   91      8295.00000 7180.21772  13.4%   155  638s
 74434 47325 7216.58242   34  178 8295.00000 7180.31404  13.4%   156  642s
 74756 47365 7911.52143   46  121 8295.00000 7180.31404  13.4%   156  646s
 74822 47645 7911.30952   46  130 8295.00000 7180.31529  13.4%   156  650s
 75867 48736 7214.23333   41  153 8295.00000 7180.38002  13.4%   156  658s
 76758 49373 8093.45588   49  138 8295.00000 7180.44425  13.4%   156  662s
 77584 49379 8017.57408   64  194 8295.00000 7180.50748  13.4%   156  666s
 77590 49385 8017.93340   65  194 8295.00000 7180.50748  13.4%   156  671s
 77596 49391 8019.47123   66  190 8295.00000 7180.50748  13.4%   156  677s
 77602 49509 8020.48634   67  188 8295.00000 7180.50748  13.4%   156  681s
 77768 50080 8064.35360   82  221 8295.00000 7180.50748  13.4%   156  686s
 78503 50674 7591.63708   55  133 8295.00000 7180.60417  13.4%   156  690s
 80513 51827 7194.67559   37  453 8295.00000 7180.68949  13.4%   155  697s
 80874 51927 7959.76752   49  181 8295.00000 7180.69232  13.4%   155  701s
 81580 52761 7183.04850   23  292 8295.00000 7180.73093  13.4%   155  708s
 82247 53253 7230.85000   46  186 8295.00000 7180.81806  13.4%   155  711s
 82991 53843 7791.83125   29  119 8295.00000 7180.87358  13.4%   155  715s
 84182 54605 8279.83901   62  233 8295.00000 7180.92507  13.4%   155  722s
 84772 55498 7972.70499   45  151 8295.00000 7180.99809  13.4%   155  725s
 86548 56425 7866.78133   37  296 8295.00000 7181.00406  13.4%   154  731s
 87260 56855 8025.70906   39  247 8295.00000 7181.01182  13.4%   154  735s
 88827 57915 7893.00000   39   69 8295.00000 7181.06134  13.4%   153  742s
 89258 58837 7201.85714   29  222 8295.00000 7181.07486  13.4%   154  746s
 90913 59349 7212.87531   39  266 8295.00000 7181.17238  13.4%   153  751s
 91879 60234 7185.65000   32  218 8295.00000 7181.22824  13.4%   153  756s
 92992 61184 infeasible   71      8295.00000 7181.26556  13.4%   153  762s
 93706 61458 7799.28924   34  109 8295.00000 7181.29720  13.4%   152  765s
 94941 62438 7793.42735   26  322 8295.00000 7181.34314  13.4%   152  771s
 96149 63291 infeasible   51      8295.00000 7181.41521  13.4%   152  776s
 97204 64029 7182.53070   38  317 8295.00000 7181.46313  13.4%   152  782s
 98203 64791 7920.66938   56  192 8295.00000 7181.50420  13.4%   152  787s
 98773 65199 7201.46667   31  122 8295.00000 7181.54446  13.4%   152  790s
 99819 65755 7792.10150   32   28 8295.00000 7181.57241  13.4%   152  796s
 100584 66300 8165.79083   61   28 8295.00000 7181.60667  13.4%   152  803s
 100938 66652 7916.89557   34  228 8295.00000 7181.60667  13.4%   152  806s
 101939 67322 7185.64381   27  155 8295.00000 7181.66159  13.4%   152  814s
 102440 68078 7198.65480   27  337 8295.00000 7181.67977  13.4%   152  819s
 103436 68753 7842.87333   32   32 8295.00000 7181.70285  13.4%   152  823s
 104338 69405 7183.42857   28  160 8295.00000 7181.78640  13.4%   152  826s
 105963 70313 7815.28736   37  152 8295.00000 7181.82539  13.4%   152  832s
 106634 70729 8039.99028   56  209 8295.00000 7181.83723  13.4%   151  835s
 107974 71645 7865.13483   51  151 8295.00000 7181.86905  13.4%   151  841s
 108935 72212     cutoff   95      8295.00000 7181.87840  13.4%   151  847s
 109351 72717 8234.46833   70   47 8295.00000 7181.87840  13.4%   151  850s
 110699 73414 7848.87898   30  106 8295.00000 7181.91836  13.4%   150  856s
 110944 73612 8055.95288   56  163 8295.00000 7181.91836  13.4%   150  860s
 111545 74111 7822.90512   30  217 8295.00000 7181.97079  13.4%   150  866s
 112085 74593 7838.25569   31  260 8295.00000 7181.98522  13.4%   151  870s
 113624 75549 7808.88226   40  126 8295.00000 7182.02764  13.4%   150  876s
 114874 76607 7571.95455   44  111 8295.00000 7182.08516  13.4%   150  883s
 115557 77225 8247.84989   83  149 8295.00000 7182.11135  13.4%   150  887s
 116349 77789 infeasible   78      8295.00000 7182.16599  13.4%   150  891s
 117914 78592 8100.04846   59  173 8295.00000 7182.21356  13.4%   149  897s
 118155 79019 7794.30000   32  114 8295.00000 7182.22788  13.4%   149  900s
 119459 79980 8160.63864   60  181 8295.00000 7182.26287  13.4%   149  906s
 120454 80723 7798.04255   30  158 8295.00000 7182.29593  13.4%   149  913s
 120977 81226 7798.55000   29  121 8295.00000 7182.31029  13.4%   149  916s
 122328 82303 7863.47319   47  153 8295.00000 7182.37745  13.4%   149  923s
 123219 82507 7797.04030   26  185 8295.00000 7182.40828  13.4%   149  926s
 124315 83525 8093.10477   75   71 8295.00000 7182.46663  13.4%   149  932s
 124867 83910 7581.59873   46  127 8295.00000 7182.52739  13.4%   149  935s
 126022 84793 7943.76928   50  198 8295.00000 7182.58057  13.4%   149  941s
 127266 85593 8269.46357   56   79 8295.00000 7182.59890  13.4%   149  947s
 127883 86155 7797.06819   30  239 8295.00000 7182.61932  13.4%   149  951s
 129301 87056 7816.22146   32  257 8295.00000 7182.65438  13.4%   149  956s
 130558 87867 8134.96241   60  120 8295.00000 7182.70848  13.4%   149  962s
 131129 88138 8028.15500   42   43 8295.00000 7182.71345  13.4%   149  965s
 132051 89056 7583.77173   49  143 8295.00000 7182.73212  13.4%   149  971s
 133507 90068 7814.77778   41   17 8295.00000 7182.77025  13.4%   149  977s
 134241 90597 7798.92215   27  156 8295.00000 7182.79175  13.4%   148  980s
 135604 91333 infeasible   56      8295.00000 7182.84382  13.4%   148  986s
 136718 92294 7915.76986   45  106 8295.00000 7182.87317  13.4%   148  992s
 137359 92593 7809.50730   36  105 8295.00000 7182.89229  13.4%   148  995s
 138199 93154 8024.48500   45   22 8295.00000 7182.93597  13.4%   148 1001s
 138974 93805 7930.00000   37   13 8295.00000 7182.97314  13.4%   148 1007s
 139486 94105 7832.86714   35   56 8295.00000 7182.98704  13.4%   148 1010s
 140367 94908 7798.04545   32   98 8295.00000 7183.04607  13.4%   148 1016s
 141071 95318 8196.40840   64  276 8295.00000 7183.05173  13.4%   148 1020s
 142426 96221 7216.13986   39  245 8295.00000 7183.09427  13.4%   148 1028s
 142970 96757 8230.49278   74   33 8295.00000 7183.10266  13.4%   149 1031s
 144780 97934 7800.43598   27  183 8295.00000 7183.14286  13.4%   148 1038s
 145375 98427 8057.53644   45  196 8295.00000 7183.15044  13.4%   148 1041s
 146680 99324 8132.04750   43   31 8295.00000 7183.18350  13.4%   148 1047s
 147253 99729 7979.09262   56  233 8295.00000 7183.21169  13.4%   148 1050s
 148353 100453 7887.08697   34   59 8295.00000 7183.27410  13.4%   148 1056s
 149656 101370 7798.48276   33  106 8295.00000 7183.32234  13.4%   148 1061s
 150755 102201 7819.55520   34  250 8295.00000 7183.32999  13.4%   148 1067s
 151380 102672 8210.67292   90   93 8295.00000 7183.34093  13.4%   148 1070s
 152598 103623 7224.40000   44  126 8295.00000 7183.38173  13.4%   148 1076s
 153869 104265 7884.97832   50  322 8295.00000 7183.42302  13.4%   148 1083s
 154462 104901 infeasible   93      8295.00000 7183.43539  13.4%   148 1087s
 155357 105377 7798.58333   31  138 8295.00000 7183.46619  13.4%   148 1090s
 156682 106546 7928.48033   53  161 8295.00000 7183.50257  13.4%   148 1097s
 157680 106900 7804.36649   28   59 8295.00000 7183.54484  13.4%   147 1100s
 158784 107574 infeasible   70      8295.00000 7183.56773  13.4%   147 1105s
 159679 108287     cutoff   72      8295.00000 7183.61546  13.4%   147 1111s
 160692 109079 7793.73998   31  160 8295.00000 7183.65567  13.4%   147 1117s
 161347 109545 8168.54202   63  159 8295.00000 7183.67399  13.4%   147 1120s
 162886 110712 7795.95297   29  163 8295.00000 7183.75964  13.4%   147 1126s
 163954 111071 7227.99569   45  133 8295.00000 7183.79041  13.4%   147 1132s
 164055 111402 7578.84773   48  103 8295.00000 7183.80206  13.4%   147 1135s
 165118 112188 8089.13612   81  120 8295.00000 7183.87092  13.4%   147 1141s
 166296 112951 7809.07717   33  188 8295.00000 7183.94555  13.4%   147 1147s
 166836 113436 8062.34932   39  113 8295.00000 7183.97994  13.4%   147 1151s
 168134 113882 infeasible   50      8295.00000 7184.05605  13.4%   147 1158s
H168290 107734                    8220.0000000 7184.05605  12.6%   147 1158s
 168297 108183 7817.32706   29  119 8220.00000 7184.08046  12.6%   147 1162s
 168976 108624 7943.33904   42  311 8220.00000 7184.14876  12.6%   147 1165s
 170307 109699 8132.42375   58   31 8220.00000 7184.21550  12.6%   148 1172s
 171068 110187 8022.96978   54   59 8220.00000 7184.22065  12.6%   148 1176s
 172530 111288 7588.00000   50   97 8220.00000 7184.30102  12.6%   148 1182s
 173321 111763 8130.68036   60  243 8220.00000 7184.33937  12.6%   148 1185s
 174974 112508 7829.29597   45  334 8220.00000 7184.39110  12.6%   147 1192s
 175742 113390 7224.85714   47  167 8220.00000 7184.43431  12.6%   147 1197s
 176474 113676 7801.22267   40   83 8220.00000 7184.47902  12.6%   147 1201s
 177317 114446 infeasible   54      8220.00000 7184.52529  12.6%   147 1207s
 177919 114787 8007.03751   61   19 8220.00000 7184.55596  12.6%   147 1210s
 179150 115644 8091.51893   76  112 8220.00000 7184.67204  12.6%   147 1216s
 179652 116218 7199.64864   30  400 8220.00000 7184.69274  12.6%   147 1220s
 180955 116923 7230.61024   42  271 8220.00000 7184.81112  12.6%   147 1226s
 182080 117609 8008.42671   51  117 8220.00000 7184.85492  12.6%   147 1233s
 182686 118114 7198.53031   37  328 8220.00000 7184.92622  12.6%   147 1236s
 184054 118980 7798.06897   29  104 8220.00000 7185.02213  12.6%   147 1242s
 184804 119361 7795.44444   36  102 8220.00000 7185.08310  12.6%   147 1245s
 185794 119982 7588.19531   58  106 8220.00000 7185.17037  12.6%   147 1252s
 186330 120597 7937.79274   56   53 8220.00000 7185.21815  12.6%   147 1255s
 187737 121595 7943.11193   31  150 8220.00000 7185.27972  12.6%   147 1261s
 189124 122305 8163.60000   56   46 8220.00000 7185.39606  12.6%   147 1267s
H189572 120455                    8203.0000000 7185.40387  12.4%   147 1267s
 189656 120756 infeasible   56      8203.00000 7185.44806  12.4%   147 1270s
 190689 121522 7201.62069   30  170 8203.00000 7185.54375  12.4%   147 1277s
 191214 121847 8142.00000   63   40 8203.00000 7185.56136  12.4%   147 1280s
 192360 122927 7208.27343   33  396 8203.00000 7185.63870  12.4%   147 1287s
 193136 123340 7924.36765   40  141 8203.00000 7185.67443  12.4%   147 1291s
 194631 124350 7795.23810   34   77 8203.00000 7185.67604  12.4%   147 1296s
 195932 125330 7903.11667   37   55 8203.00000 7185.67604  12.4%   147 1302s
 197238 126097 7799.80952   29  119 8203.00000 7185.67604  12.4%   146 1307s
 198353 126934 8088.56866   55  226 8203.00000 7185.67604  12.4%   146 1312s
 199537 127794 7823.53499   29   98 8203.00000 7185.67604  12.4%   146 1317s
 200597 128578 8054.09622   58  219 8203.00000 7185.67604  12.4%   146 1322s
 201039 128814 7852.54206   37   78 8203.00000 7185.67604  12.4%   146 1325s
 201811 129393 7953.95322   45  210 8203.00000 7185.67604  12.4%   146 1330s
 202839 130045 7920.51816   43  197 8203.00000 7185.67604  12.4%   146 1336s
 203761 130646     cutoff   58      8203.00000 7185.67604  12.4%   146 1342s
 204284 131003 7793.95238   28   70 8203.00000 7185.67604  12.4%   146 1345s
 205081 131775 7522.05735   43  225 8203.00000 7185.67604  12.4%   146 1352s
 205953 132174 7797.22209   35  179 8203.00000 7185.67604  12.4%   146 1355s
 207208 133011     cutoff   43      8203.00000 7185.72969  12.4%   146 1360s
 208512 133936 7799.74272   36  195 8203.00000 7185.91231  12.4%   146 1366s
 209479 134712 infeasible   50      8203.00000 7185.96574  12.4%   146 1371s
 210418 134964 8015.12586   58  231 8203.00000 7185.99984  12.4%   146 1377s
 210435 135321 8103.00949   67  339 8203.00000 7186.00086  12.4%   146 1380s
 211775 136193 8127.86299   86  140 8203.00000 7186.05933  12.4%   146 1386s
 212902 136987 7810.48149   30  201 8203.00000 7186.17451  12.4%   146 1391s
 213918 137392     cutoff   59      8203.00000 7186.19667  12.4%   146 1398s
 213928 137607 8148.93995   58  304 8203.00000 7186.20810  12.4%   146 1401s
 214478 138128 7991.97762   82  216 8203.00000 7186.23983  12.4%   146 1407s
 214960 138680 7903.52531   39  193 8203.00000 7186.28185  12.4%   146 1410s
 216174 139154 8174.92282   42  204 8203.00000 7186.36253  12.4%   146 1417s
 216473 139431 7214.29767   41  189 8203.00000 7186.38360  12.4%   146 1420s
 217457 140351 7187.45131   31  474 8203.00000 7186.38626  12.4%   146 1427s
 218191 140708 7975.80614   44  389 8203.00000 7186.48038  12.4%   146 1431s
 218693 141043 7850.15247   35  267 8203.00000 7186.49162  12.4%   146 1435s
 219130 141666 8032.50000   36   77 8203.00000 7186.49162  12.4%   146 1440s
 220852 142494 7803.68677   27  165 8203.00000 7186.61160  12.4%   146 1447s
 221474 142923 7799.35162   29  139 8203.00000 7186.63222  12.4%   146 1451s
 222062 142947 7896.62857   60   66 8203.00000 7186.63963  12.4%   146 1455s
 222741 144022 7832.76043   65  162 8203.00000 7186.68403  12.4%   146 1463s
 223644 144613 7799.00000   33   69 8203.00000 7186.72905  12.4%   146 1467s
 224506 144884 7931.70000   45  116 8203.00000 7186.77421  12.4%   146 1470s
 225693 145911 7223.38462   39  193 8203.00000 7186.83142  12.4%   146 1477s
 226441 145915 infeasible   45      8203.00000 7186.87357  12.4%   146 1481s
 226638 146578 7907.29502   39  207 8203.00000 7186.87691  12.4%   146 1488s
 227403 147270 7795.00000   35   12 8203.00000 7186.96170  12.4%   146 1491s
 228994 148157 7216.13416   33  254 8203.00000 7187.09057  12.4%   146 1497s
 229583 148402 7228.74495   39  164 8203.00000 7187.10657  12.4%   146 1501s
 229981 148871 8025.13546   58  233 8203.00000 7187.10657  12.4%   146 1505s
 231474 149593 7797.36282   28  144 8203.00000 7187.29103  12.4%   146 1512s
 231754 149841     cutoff   50      8203.00000 7187.31186  12.4%   146 1516s
 232112 149909 7618.08300   57  270 8203.00000 7187.31186  12.4%   146 1521s
 232210 150521 7646.92707   58  269 8203.00000 7187.33020  12.4%   146 1525s
 234157 151792 7804.40770   38  236 8203.00000 7187.47308  12.4%   146 1533s
 234912 152180 7197.41222   36  487 8203.00000 7187.52097  12.4%   146 1536s
 236246 153162     cutoff   42      8203.00000 7187.56885  12.4%   146 1542s
 236942 153165 7859.46638   34  166 8203.00000 7187.60944  12.4%   146 1546s
 237417 153804 7902.31261   70  100 8203.00000 7187.63926  12.4%   146 1552s
 237904 154232 7893.00000   41   13 8203.00000 7187.66286  12.4%   146 1555s
 238997 155078 7978.51525   37  356 8203.00000 7187.72469  12.4%   146 1562s
 239705 155462 7194.78899   31  201 8203.00000 7187.78392  12.4%   146 1565s
 241034 156033 7957.96497   41  376 8203.00000 7187.82866  12.4%   146 1572s
 241041 156035     cutoff   42      8203.00000 7187.83074  12.4%   146 1576s
 241051 156041 7960.18229   43  271 8203.00000 7187.83074  12.4%   146 1583s
 241057 156082 7961.54826   44  270 8203.00000 7187.83074  12.4%   146 1586s
 241270 156590 7964.79616   46  272 8203.00000 7187.83591  12.4%   146 1593s
 241849 156958 7811.60248   30  147 8203.00000 7187.89312  12.4%   146 1597s
 242366 157319 7242.77139   42  347 8203.00000 7187.94782  12.4%   146 1600s
 243494 158276 7821.97391   34  190 8203.00000 7188.01994  12.4%   146 1608s
 244233 158708     cutoff   53      8203.00000 7188.04869  12.4%   146 1611s
 245295 159660 infeasible   50      8203.00000 7188.09710  12.4%   146 1617s
 246212 160042 infeasible   70      8203.00000 7188.22537  12.4%   146 1620s
 247423 160822 8068.51281   49   78 8203.00000 7188.30472  12.4%   146 1626s
 248173 161476 7201.07692   30  199 8203.00000 7188.35673  12.4%   147 1632s
 248706 161885 7204.70811   31  444 8203.00000 7188.37440  12.4%   147 1635s
 249852 162896 7236.80000   49  166 8203.00000 7188.49050  12.4%   147 1642s
 250705 163335 7198.30686   35  283 8203.00000 7188.55559  12.4%   147 1645s
 251921 164429 7587.59830   53  141 8203.00000 7188.59457  12.4%   147 1651s
 253275 165277 7230.64848   43  181 8203.00000 7188.68185  12.4%   147 1657s
 253925 165711 7199.38909   33  318 8203.00000 7188.71619  12.4%   147 1660s
 255211 166537 7201.28065   24  266 8203.00000 7188.77547  12.4%   147 1667s
 255692 167008 7235.95888   42  223 8203.00000 7188.80775  12.4%   147 1670s
 256777 167951 8044.50667  104   95 8203.00000 7188.84309  12.4%   147 1679s
 257713 168100 7195.55172   36  187 8203.00000 7188.91603  12.4%   147 1683s
 257922 168759 7585.40000   55   67 8203.00000 7188.91603  12.4%   147 1687s
 258858 169305 7217.01047   45  230 8203.00000 7189.00329  12.4%   147 1691s
 260440 170432 7225.71613   45  273 8203.00000 7189.07063  12.4%   147 1699s
 261347 170471 7856.04558   44  144 8203.00000 7189.11470  12.4%   147 1702s
 261404 170735 7876.75425   45  133 8203.00000 7189.11470  12.4%   147 1705s
 262397 171447 7852.32444   38  255 8203.00000 7189.17420  12.4%   147 1712s
 262916 171798 7806.00000   34    6 8203.00000 7189.22215  12.4%   147 1716s
 264192 172586 7595.78680   53  182 8203.00000 7189.32751  12.4%   147 1722s
 264574 172591 7205.48471   33  496 8203.00000 7189.32751  12.4%   147 1726s
 264581 172852 7211.65544   34  485 8203.00000 7189.32751  12.4%   147 1730s
 265557 173519 7204.84769   28  370 8203.00000 7189.44309  12.4%   147 1736s
 265984 173651 8015.85533   49  274 8203.00000 7189.45645  12.4%   147 1741s
 266194 173952 8055.07886   60  332 8203.00000 7189.46408  12.4%   147 1745s
 267352 174985 7193.79503   35  527 8203.00000 7189.52827  12.4%   147 1752s
 268035 175497 7910.30833   60   39 8203.00000 7189.55020  12.4%   147 1756s
 268757 175554 7858.75587   46  291 8203.00000 7189.58505  12.4%   147 1760s
 269413 176474 7194.26639   34  451 8203.00000 7189.63455  12.4%   147 1768s
 270150 176880 7811.10612   83  139 8203.00000 7189.68367  12.4%   147 1771s
 271665 177908 7961.59128   60  176 8203.00000 7189.75207  12.4%   147 1776s
 272690 178330 7963.65000   40   90 8203.00000 7189.82784  12.4%   147 1782s
 272697 178555 8003.10850   41   29 8203.00000 7189.82784  12.4%   147 1785s
 273441 179285 7575.47424   42  123 8203.00000 7189.84016  12.4%   147 1792s
 273959 179714 7818.88326   42  137 8203.00000 7189.93695  12.3%   148 1795s
 274972 180383 7586.98491   57  113 8203.00000 7190.00916  12.3%   148 1802s
 275513 180920 7200.94206   38  432 8203.00000 7190.04027  12.3%   148 1805s
 276882 181323 8074.43277   51   42 8203.00000 7190.09880  12.3%   148 1812s
 276888 181465     cutoff   52      8203.00000 7190.09880  12.3%   148 1815s
 277666 182478 7194.24235   34  449 8203.00000 7190.17465  12.3%   148 1823s
 278576 182813 7283.27273   38  189 8203.00000 7190.19748  12.3%   148 1826s
 279069 183184 infeasible   80      8203.00000 7190.19748  12.3%   148 1830s
 280142 183959 7807.10153   27  141 8203.00000 7190.31226  12.3%   148 1837s
 280741 184515 8199.62965   66  128 8203.00000 7190.34058  12.3%   148 1840s
 282052 185260 8058.29175   43  196 8203.00000 7190.39556  12.3%   148 1847s
 282570 185420 7219.92891   35  284 8203.00000 7190.46130  12.3%   148 1851s
 282796 186149 7221.31589   39  292 8203.00000 7190.46130  12.3%   148 1857s
 283786 186718 7206.35354   36  490 8203.00000 7190.55492  12.3%   148 1861s
 284573 187294 7950.65177   61  218 8203.00000 7190.57098  12.3%   148 1865s
 286145 188385 7614.54946   66  219 8203.00000 7190.66660  12.3%   148 1873s
 286996 188822 7571.72000   45   56 8203.00000 7190.73237  12.3%   148 1876s
 287692 188842 7233.75455   52  132 8203.00000 7190.78186  12.3%   148 1880s
 288027 189492 7209.90857   35  410 8203.00000 7190.82786  12.3%   148 1887s
 288655 189999 7846.24454   40  239 8203.00000 7190.87372  12.3%   148 1891s
 289337 190541 8116.55227   56  127 8203.00000 7190.90252  12.3%   148 1895s
 290539 191001 8048.51984   45  173 8203.00000 7190.96657  12.3%   148 1904s
 290887 191280 7806.12400   38   23 8203.00000 7190.97450  12.3%   148 1908s
 291353 191286 8155.49527   53  287 8203.00000 7191.03614  12.3%   148 1912s
 291359 191440 8161.42500   54  278 8203.00000 7191.03614  12.3%   148 1916s
 291608 191818 7213.76636   36  477 8203.00000 7191.03614  12.3%   148 1920s
 292793 192861 7575.42652   46  123 8203.00000 7191.13558  12.3%   148 1928s
 293524 193373 7822.33296   47  140 8203.00000 7191.19995  12.3%   148 1932s
 294254 193604 8131.68037   82  108 8203.00000 7191.24364  12.3%   148 1936s
 294616 193987 8066.23529   57   15 8203.00000 7191.25135  12.3%   148 1940s
 295885 194989 7907.53401   50  148 8203.00000 7191.43333  12.3%   148 1948s
 296630 195501 7217.74762   40  325 8203.00000 7191.49710  12.3%   148 1951s
 297319 195507 8159.24494   61  350 8203.00000 7191.50040  12.3%   149 1956s
 297333 195515     cutoff   63      8203.00000 7191.50040  12.3%   149 1963s
H297334 195180                    8200.0000000 7191.50040  12.3%   149 1963s
 297340 195415     cutoff   64      8200.00000 7191.51673  12.3%   149 1967s
 297740 195819 7297.20755   37  413 8200.00000 7191.56424  12.3%   149 1970s
 299036 196761 8067.34893   67  306 8200.00000 7191.67361  12.3%   149 1977s
 299747 197162 infeasible   43      8200.00000 7191.75117  12.3%   149 1980s
 301012 198021 7965.11986   76  120 8200.00000 7191.86453  12.3%   149 1987s
 301663 198462 7598.39118   47  161 8200.00000 7191.91638  12.3%   149 1990s
 303024 199306 8156.58026   55  306 8200.00000 7191.98453  12.3%   149 1997s
 303515 199785 8097.28291   45  269 8200.00000 7191.98712  12.3%   149 2001s
 304174 199981 7983.02964   44  326 8200.00000 7192.00147  12.3%   149 2005s
 304920 200762 7926.28984   35   60 8200.00000 7192.01788  12.3%   149 2012s
 305641 201129 7952.09746   54  182 8200.00000 7192.03322  12.3%   149 2016s
 306994 202050 7587.17241   54   98 8200.00000 7192.10183  12.3%   149 2023s
 307483 202493 7806.55363   34   74 8200.00000 7192.13146  12.3%   149 2027s
 308214 202695 7213.63613   39  268 8200.00000 7192.15930  12.3%   149 2030s
 308640 202702 7812.17391   31  126 8200.00000 7192.15930  12.3%   149 2037s
 308646 202708 7812.17391   32   79 8200.00000 7192.15930  12.3%   149 2041s
 308652 202714 7813.28536   33  120 8200.00000 7192.15930  12.3%   149 2045s
 308914 203254 7907.61027   59  190 8200.00000 7192.15930  12.3%   149 2050s
H309288 183455                    8116.0000000 7192.15930  11.4%   149 2050s
 310013 184265 7907.00000   45  103 8116.00000 7192.24599  11.4%   149 2057s
 310838 184674 7810.15128   49  165 8116.00000 7192.31175  11.4%   149 2061s
 311463 185101 7815.46662   36  239 8116.00000 7192.37675  11.4%   149 2065s
 312766 185741 7226.48235   40  358 8116.00000 7192.41745  11.4%   149 2072s
 313216 186273 7811.21443   34  213 8116.00000 7192.44261  11.4%   149 2075s
 314655 187159 7591.07692   46  130 8116.00000 7192.48114  11.4%   149 2082s
 315195 187614 7206.24469   31  251 8116.00000 7192.54058  11.4%   149 2085s
 316475 188514 7241.18205   53  317 8116.00000 7192.64867  11.4%   149 2092s
 317284 188872 7805.00000   38   57 8116.00000 7192.71748  11.4%   149 2096s
 317834 189285 8029.91103   79  164 8116.00000 7192.73144  11.4%   149 2100s
 319055 190139 8002.51176   44  497 8116.00000 7192.82705  11.4%   149 2107s
 319696 190517 7241.92672   45  289 8116.00000 7192.89898  11.4%   149 2110s
 321021 191267 7866.73159   45  388 8116.00000 7193.00439  11.4%   149 2117s
 321491 191822 8099.57119   58  261 8116.00000 7193.08313  11.4%   149 2121s
 322792 192564 7493.66803   55  277 8116.00000 7193.19355  11.4%   149 2127s
 323510 192899 7799.32671   42  177 8116.00000 7193.19798  11.4%   149 2130s
 324508 193632 7906.99939   48  367 8116.00000 7193.27316  11.4%   149 2135s
 325118 193740 8081.16475   56  224 8116.00000 7193.29927  11.4%   149 2142s
 325287 194121 7585.60000   36   43 8116.00000 7193.29927  11.4%   149 2145s
 326397 194884 7828.94747   25  224 8116.00000 7193.39741  11.4%   149 2152s
 326997 195218 7827.53992   55  123 8116.00000 7193.40000  11.4%   149 2155s
 328400 196145 8090.55268   66  231 8116.00000 7193.50395  11.4%   149 2161s
 329609 197137 7200.49199   23  165 8116.00000 7193.60815  11.4%   149 2167s
 330358 197475 7844.80000   45  218 8116.00000 7193.63872  11.4%   149 2171s
 330947 197605 7790.82674   31  216 8116.00000 7193.70517  11.4%   149 2177s
 331139 197884 8027.26744   50  313 8116.00000 7193.70517  11.4%   149 2181s
 331513 198109 7800.87259   19  237 8116.00000 7193.71579  11.4%   149 2185s
 332343 198779 7198.00000   22  223 8116.00000 7193.71579  11.4%   149 2192s
 332944 199071 8031.54988   43  160 8116.00000 7193.74857  11.4%   150 2195s
 333386 199701 7980.33884   45   31 8116.00000 7193.78650  11.4%   150 2201s
 334397 199920 8068.94219   60   74 8116.00000 7193.83729  11.4%   150 2208s
 334744 200368 7924.05226   43  347 8116.00000 7193.84441  11.4%   150 2213s
 335477 200790 7948.55000   46  115 8116.00000 7193.87726  11.4%   150 2216s
 336124 201026 7870.32292   39  117 8116.00000 7193.90779  11.4%   150 2221s
 336532 201517 7910.34375   43   15 8116.00000 7193.93595  11.4%   150 2225s
 338176 202167 7823.46458   41   58 8116.00000 7194.00749  11.4%   150 2234s
 338635 202557 7584.00000   50  122 8116.00000 7194.01831  11.4%   150 2238s
 339263 202859 7805.03517   34  232 8116.00000 7194.03142  11.4%   150 2242s
 339755 202860 7208.24334   35  461 8116.00000 7194.08641  11.4%   150 2246s
 339766 203146 7209.90512   36  431 8116.00000 7194.08641  11.4%   150 2251s
 340170 203801 7601.85714   63   68 8116.00000 7194.09853  11.4%   150 2255s
 341713 204657 7925.79237   41  103 8116.00000 7194.18733  11.4%   150 2263s
 342389 205058 7883.05717   38  179 8116.00000 7194.24055  11.4%   150 2267s
 343015 205528 8069.17161   48  278 8116.00000 7194.28914  11.4%   150 2271s
 343812 205951 7217.46667   30  254 8116.00000 7194.32381  11.4%   150 2275s
 345157 206413 infeasible   80      8116.00000 7194.36268  11.4%   150 2283s
 345193 206645     cutoff   79      8116.00000 7194.37930  11.4%   150 2287s
 345603 206946 7925.87911   32   78 8116.00000 7194.39812  11.4%   150 2292s
 346090 207503     cutoff   44      8116.00000 7194.44159  11.4%   150 2297s
 347043 207797 8043.15122   45  380 8116.00000 7194.49917  11.4%   150 2301s
 348292 208752 7196.70577   32  423 8116.00000 7194.62996  11.4%   150 2308s
 348831 209148 7849.47368   40   64 8116.00000 7194.64881  11.4%   150 2313s
 349487 209154 7919.13016   34  122 8116.00000 7194.68430  11.4%   150 2317s
 349493 209351 7919.13016   34  120 8116.00000 7194.68430  11.4%   150 2321s
 349815 209789 infeasible   49      8116.00000 7194.69712  11.4%   150 2325s
 351096 210774 7867.05992   31  231 8116.00000 7194.77058  11.4%   150 2332s
 351960 211219     cutoff   75      8116.00000 7194.82702  11.4%   150 2336s
 352640 211794 7780.86749  102   74 8116.00000 7194.86597  11.3%   150 2340s
 354292 212727 7821.80622   28  282 8116.00000 7194.94441  11.3%   150 2347s
 354874 212978     cutoff   64      8116.00000 7194.97310  11.3%   150 2351s
 355379 213198 7952.06117   51  282 8116.00000 7195.00529  11.3%   150 2356s
 355703 213202 7217.61862   35  238 8116.00000 7195.00529  11.3%   150 2360s
 355811 213633 7230.93333   37  245 8116.00000 7195.02882  11.3%   150 2367s
 356374 213931 7833.27586   32  118 8116.00000 7195.06782  11.3%   150 2372s
 356821 214383 8055.62005   52  117 8116.00000 7195.09773  11.3%   150 2376s
 358191 215135 infeasible   58      8116.00000 7195.14142  11.3%   150 2384s
 358801 215701 8030.84918   39  285 8116.00000 7195.18769  11.3%   150 2388s
 359608 215989     cutoff   63      8116.00000 7195.23879  11.3%   150 2391s
 360164 216251 7198.84749   24  473 8116.00000 7195.28318  11.3%   150 2395s
 361077 216958 7957.66256   54  153 8116.00000 7195.33046  11.3%   150 2403s
 361798 216964 8088.09144   50  155 8116.00000 7195.37884  11.3%   150 2407s
 361804 217211 7804.25315   52  131 8116.00000 7195.37884  11.3%   150 2411s
 362238 217803 7869.88494   51  292 8116.00000 7195.41322  11.3%   150 2416s
 363098 218324 8035.78600  106  121 8116.00000 7195.47407  11.3%   150 2420s
 364674 219215 7279.81813   24  436 8116.00000 7195.53812  11.3%   150 2427s
 365150 219601 7202.50000   27  162 8116.00000 7195.53812  11.3%   150 2431s
 365733 219959 7215.19080   37  166 8116.00000 7195.58606  11.3%   150 2435s
 367137 220678 7954.93169   66  107 8116.00000 7195.63688  11.3%   150 2442s
 367410 220684 7806.15945   32   23 8116.00000 7195.65693  11.3%   150 2446s
 367673 221168 7805.07298   30  251 8116.00000 7195.67930  11.3%   150 2453s
 368204 221613 7933.22490   65  110 8116.00000 7195.68641  11.3%   150 2456s
 368913 221994 8066.35299   46  336 8116.00000 7195.71110  11.3%   150 2460s
 369990 222734 7910.02316   46  263 8116.00000 7195.77587  11.3%   150 2468s
 370649 223039 7854.87102   46  187 8116.00000 7195.85485  11.3%   150 2472s
 371084 223103 7961.41860   36    3 8116.00000 7195.85485  11.3%   150 2478s
 371205 225339 7805.30285   27  179 8116.00000 7195.88314  11.3%   150 2498s
 374830 225345 7924.33639   59  143 8116.00000 7196.09276  11.3%   151 2502s
 374836 225447 7949.27493   60   84 8116.00000 7196.09276  11.3%   151 2506s
 375709 226553 7602.14356   56  142 8116.00000 7196.14124  11.3%   150 2513s
 376506 227019 7910.64103   54  249 8116.00000 7196.16599  11.3%   150 2516s
 377226 227479     cutoff   67      8116.00000 7196.19110  11.3%   150 2520s
 378663 228333 7229.29324   41  333 8116.00000 7196.26597  11.3%   150 2527s
 379279 228730 7281.74352   35  515 8116.00000 7196.30592  11.3%   150 2531s
 380547 229578 8018.47950   67   63 8116.00000 7196.33410  11.3%   150 2538s
 381182 229584 7998.00819   50  122 8116.00000 7196.37367  11.3%   150 2541s
 381188 229807 7998.06192   51   29 8116.00000 7196.37367  11.3%   150 2545s
 381927 230464 7941.36614   40  158 8116.00000 7196.39430  11.3%   150 2552s
 382492 230839 7967.93419   49  135 8116.00000 7196.40000  11.3%   150 2555s
 383558 231457 7218.12822   41  290 8116.00000 7196.40000  11.3%   151 2563s
 384106 231938 infeasible   43      8116.00000 7196.42457  11.3%   151 2567s
 384844 232342 7234.84286   45  187 8116.00000 7196.44066  11.3%   151 2570s
 385536 232398 7938.01111   33   20 8116.00000 7196.44678  11.3%   151 2577s
 385593 232723     cutoff   36      8116.00000 7196.44678  11.3%   151 2581s
 386086 233119 7838.06780   35  141 8116.00000 7196.46728  11.3%   151 2585s
 387207 233753 8041.67038   45   48 8116.00000 7196.50881  11.3%   151 2592s
 387721 234157 7937.00000   57  112 8116.00000 7196.54117  11.3%   151 2596s
 388384 234622 7897.90000   44  117 8116.00000 7196.56954  11.3%   151 2601s
 389022 235118 7238.24718   38  208 8116.00000 7196.58517  11.3%   151 2605s
 390399 235850 7980.86696   57   37 8116.00000 7196.62820  11.3%   151 2613s
 390852 236268 7198.44506   25  368 8116.00000 7196.66393  11.3%   151 2617s
 391466 236274 7988.52504   46  276 8116.00000 7196.70000  11.3%   151 2620s
 391803 236970 7200.31818   31  164 8116.00000 7196.74004  11.3%   151 2627s
 392521 237438 7923.29512   35  154 8116.00000 7196.77666  11.3%   151 2631s
 394049 238315 8036.25592   63  183 8116.00000 7196.82576  11.3%   151 2638s
 394592 238862 7820.03574   39  181 8116.00000 7196.82839  11.3%   151 2642s
 395369 239250 7810.25204   35  177 8116.00000 7196.88000  11.3%   151 2645s
 396608 240246 7811.53767   33   78 8116.00000 7196.93039  11.3%   151 2653s
 397445 240251 7210.58000   40  342 8116.00000 7196.96675  11.3%   151 2655s
 397474 240367 7212.69588   42  315 8116.00000 7196.96675  11.3%   151 2662s
 397699 240646 infeasible   75      8116.00000 7196.98042  11.3%   151 2666s
 398135 241076 8057.52717   53  285 8116.00000 7197.00219  11.3%   151 2670s
 399680 242096 7822.08328   37  264 8116.00000 7197.06698  11.3%   151 2678s
 400418 242565 7817.88154   33  228 8116.00000 7197.09687  11.3%   151 2681s
 401061 243025 7823.03817   42  246 8116.00000 7197.12244  11.3%   151 2685s
 401704 243309 7218.35337   32  207 8116.00000 7197.14658  11.3%   151 2690s
 402747 244091 7795.00000   38   73 8116.00000 7197.18626  11.3%   151 2698s
 403421 244511 7936.89447   43  266 8116.00000 7197.21139  11.3%   151 2702s
 404082 244516 7809.44714   38  140 8116.00000 7197.24802  11.3%   151 2706s
 404089 244752 7820.94946   39  146 8116.00000 7197.24802  11.3%   151 2710s
 405254 245568 7957.10804   76  236 8116.00000 7197.27251  11.3%   151 2719s
 405643 246000 7832.79851   65   96 8116.00000 7197.28352  11.3%   151 2724s
 406322 246518 7877.24279   47  287 8116.00000 7197.33069  11.3%   151 2728s
 407125 246921     cutoff   70      8116.00000 7197.35737  11.3%   151 2731s
 407703 247325 7842.54600   42  126 8116.00000 7197.37283  11.3%   151 2735s
 409023 248329 7212.31310   38  350 8116.00000 7197.42521  11.3%   151 2743s
 409821 248338 7807.43590   37  102 8116.00000 7197.43695  11.3%   151 2747s
 409833 252265 7807.90028   38  100 8116.00000 7197.45136  11.3%   151 2786s
 415833 252268 7807.49324   25  145 8116.00000 7197.67936  11.3%   151 2790s
 415860 252586 7818.49543   27  210 8116.00000 7197.67936  11.3%   151 2797s
 416345 253159 infeasible   69      8116.00000 7197.70656  11.3%   151 2801s
 417915 254154 7206.66039   41  355 8116.00000 7197.76526  11.3%   151 2808s
 418716 254576 7809.17208   39  117 8116.00000 7197.79774  11.3%   151 2811s
 419775 255334 8032.57500   37   62 8116.00000 7197.84862  11.3%   151 2818s
 420463 255787 7809.01557   25   23 8116.00000 7197.87246  11.3%   151 2821s
 421194 256111 7219.42951   42  334 8116.00000 7197.90335  11.3%   151 2825s
 422269 256967 7913.32664   44  292 8116.00000 7197.91964  11.3%   151 2833s
 422907 257300 7809.00000   40   55 8116.00000 7197.95918  11.3%   151 2838s
 423492 257302 infeasible   78      8116.00000 7197.98780  11.3%   151 2843s
 423502 257616 7820.97391   36  187 8116.00000 7197.99062  11.3%   151 2848s
 423950 258184 7944.64400   43  166 8116.00000 7198.00293  11.3%   151 2853s
 424859 258626 7208.93901   33  299 8116.00000 7198.02989  11.3%   151 2858s
 425502 259185 7217.61538   34  198 8116.00000 7198.05637  11.3%   151 2862s
 426319 259454     cutoff   39      8116.00000 7198.07621  11.3%   151 2866s
 426817 259921 7835.80738   33  186 8116.00000 7198.10486  11.3%   151 2870s
 428162 260732 7822.17391   36  131 8116.00000 7198.17411  11.3%   151 2877s
 428894 261106 7839.69883   46  335 8116.00000 7198.19184  11.3%   151 2881s
 429472 261106     cutoff   79      8116.00000 7198.21569  11.3%   151 2885s
 429753 261644 7216.31225   41  289 8116.00000 7198.22244  11.3%   151 2893s
 430341 262098 7330.14725   39  177 8116.00000 7198.24974  11.3%   151 2897s
 431089 262488 8015.98000   48   33 8116.00000 7198.26093  11.3%   151 2901s
 431755 263057 8044.37666   54  198 8116.00000 7198.28659  11.3%   151 2905s
 432795 263489 7821.56595   41  101 8116.00000 7198.32680  11.3%   151 2913s
 433376 263967 7815.23190   38   94 8116.00000 7198.33601  11.3%   151 2916s
 434171 264250 7845.89583   49  334 8116.00000 7198.38519  11.3%   151 2920s
 435436 264778 7805.00000   34   62 8116.00000 7198.44000  11.3%   151 2927s
 435517 267916     cutoff   33      8116.00000 7198.44000  11.3%   151 2954s
 440817 268355 7223.58712   42  305 8116.00000 7198.63028  11.3%   151 2957s
 441495 268760 7895.78681   29  442 8116.00000 7198.68935  11.3%   151 2961s
 442715 269375 7878.10585   44  233 8116.00000 7198.76296  11.3%   151 2967s
 443245 269380     cutoff   72      8116.00000 7198.77710  11.3%   151 2971s
 443354 269736 8049.46398   74  179 8116.00000 7198.77710  11.3%   151 2978s
 443856 270203 7815.57492   35  120 8116.00000 7198.82593  11.3%   151 2981s
 444504 270468 7813.85714   29   86 8116.00000 7198.84988  11.3%   151 2985s
 445349 270886 8005.57972   49  255 8116.00000 7198.87539  11.3%   151 2992s
 445602 271276 7894.38060   52  240 8116.00000 7198.87539  11.3%   151 2996s
 446976 272296 7232.37784   51  192 8116.00000 7198.92814  11.3%   151 3003s
 447640 272660 7905.16764   39  300 8116.00000 7198.96887  11.3%   151 3006s
 448299 273132 7219.00000   40  189 8116.00000 7199.01498  11.3%   151 3010s
 449075 273139 7229.06049   51  477 8116.00000 7199.04253  11.3%   151 3018s
 449081 273145 7229.20000   52  212 8116.00000 7199.04253  11.3%   151 3021s
 449087 273149 7230.72655   53  314 8116.00000 7199.04253  11.3%   151 3025s
 449434 273786 7992.85513  144   62 8116.00000 7199.04348  11.3%   151 3033s
 450060 274258 8036.48663   51  198 8116.00000 7199.08557  11.3%   151 3037s
 450867 274760 7806.32143   36  140 8116.00000 7199.12833  11.3%   151 3041s
 451530 275299 7840.28688   35  112 8116.00000 7199.14139  11.3%   151 3045s
 452937 276033 7235.93333   49  224 8116.00000 7199.21702  11.3%   151 3052s
 453542 276487 7936.96401   50  150 8116.00000 7199.24276  11.3%   151 3056s
 454870 277406 7918.60349   37  236 8116.00000 7199.29758  11.3%   151 3062s
 455766 277805 7823.00000   36   64 8116.00000 7199.34020  11.3%   151 3066s
 457203 278637 7797.09841   30  119 8116.00000 7199.40762  11.3%   151 3072s
 457735 279038 7239.79460   43  226 8116.00000 7199.43665  11.3%   151 3076s
 459019 279839     cutoff   44      8116.00000 7199.51597  11.3%   151 3083s
 459709 279977 7814.89522   33  207 8116.00000 7199.54331  11.3%   151 3087s
 459918 280219 8018.63839   37  216 8116.00000 7199.54331  11.3%   151 3090s
 461031 281070 7806.00000   35   16 8116.00000 7199.62726  11.3%   151 3097s
 461871 281350 7842.67771   43  140 8116.00000 7199.65017  11.3%   151 3100s
 462731 281910 7896.14144   42  291 8116.00000 7199.71506  11.3%   151 3107s
 463324 282242 7820.75435   35  244 8116.00000 7199.76253  11.3%   151 3110s
 464367 283063 7825.34980   37  148 8116.00000 7199.80215  11.3%   151 3117s
 465116 283068 7812.61935   35  216 8116.00000 7199.84611  11.3%   151 3120s
 465311 283568 7850.08109   43  268 8116.00000 7199.84626  11.3%   151 3127s
 465901 283907 7908.26316   30   78 8116.00000 7199.89174  11.3%   151 3131s
 466504 284168 8030.23494   42  211 8116.00000 7199.93385  11.3%   151 3135s
 467592 285043 7811.73908   33  118 8116.00000 7199.99046  11.3%   151 3143s
 468308 285564 7921.03590   30  154 8116.00000 7200.00297  11.3%   151 3147s
 469204 285929 7824.09544   36  179 8116.00000 7200.02760  11.3%   151 3150s
 470498 286802 7638.69868   50  239 8116.00000 7200.06776  11.3%   151 3157s
 471083 287086 7954.01326   43  125 8116.00000 7200.07972  11.3%   151 3161s
 471564 287092 7940.74710   44  239 8116.00000 7200.10984  11.3%   151 3165s
 471938 287713 7816.37500   42    8 8116.00000 7200.12293  11.3%   151 3172s
 472608 288278     cutoff   68      8116.00000 7200.17256  11.3%   151 3176s
 473952 288841     cutoff   34      8116.00000 7200.25613  11.3%   151 3183s
 474477 289176 8064.35978   60  216 8116.00000 7200.25613  11.3%   151 3188s
 475063 289860 7241.74709   47  220 8116.00000 7200.33343  11.3%   151 3192s
 476102 290303 7706.21402   71  194 8116.00000 7200.38462  11.3%   151 3195s
 477541 290860 7827.20922   35   55 8116.00000 7200.42991  11.3%   151 3203s
 477547 291006 7946.35690   36  296 8116.00000 7200.42991  11.3%   151 3206s
 477790 291264 7907.68495   38   76 8116.00000 7200.42991  11.3%   151 3210s
 479034 292108 7813.72735   34  238 8116.00000 7200.50436  11.3%   151 3216s
 479719 292420 7846.26684   46  265 8116.00000 7200.54192  11.3%   151 3220s
 480738 293284 7669.75983   97   62 8116.00000 7200.59612  11.3%   151 3227s
 481473 293640 7813.47102   39  193 8116.00000 7200.63149  11.3%   151 3230s
 482746 294093 8039.03602   49  223 8116.00000 7200.70399  11.3%   151 3237s
 482752 294129 8039.66131   50  227 8116.00000 7200.70399  11.3%   151 3240s
 483333 294869 7208.78328   39  427 8116.00000 7200.74265  11.3%   151 3247s
 483898 295288     cutoff   53      8116.00000 7200.77397  11.3%   151 3250s
 485148 296013 8068.12225   77  183 8116.00000 7200.87745  11.3%   151 3258s
 485715 296620 7909.00000   51   44 8116.00000 7200.91463  11.3%   151 3261s
 486661 296947 7924.71652   71  129 8116.00000 7200.95611  11.3%   151 3265s
 487880 297841 7870.11559   34  266 8116.00000 7201.05000  11.3%   151 3272s
 488719 298202 7829.10993   37  181 8116.00000 7201.09068  11.3%   151 3275s
 489223 298290 7835.04289   59   95 8116.00000 7201.09068  11.3%   151 3281s
 489452 298605 7901.56667   68  107 8116.00000 7201.11036  11.3%   151 3285s
 490712 299470 8015.61403   61  188 8116.00000 7201.16744  11.3%   151 3292s
 491390 299842     cutoff   39      8116.00000 7201.20249  11.3%   151 3295s
 492747 300675 7872.78485   54   94 8116.00000 7201.27995  11.3%   151 3302s
 493338 301162 7232.41839   35  222 8116.00000 7201.31179  11.3%   151 3305s
 494652 301859 infeasible   37      8116.00000 7201.34566  11.3%   151 3312s
 495338 302262 8011.51049   74   46 8116.00000 7201.38635  11.3%   151 3316s
 495984 302267 7820.79170   45  259 8116.00000 7201.39770  11.3%   151 3320s
 496004 302271 7866.27010   46  291 8116.00000 7201.39770  11.3%   151 3327s
 496010 302276 7848.21958   46  265 8116.00000 7201.39770  11.3%   151 3331s
 496226 302777 7822.00292   39  221 8116.00000 7201.42328  11.3%   151 3338s
 496906 303113 7863.04726   48  122 8116.00000 7201.44300  11.3%   151 3341s
 498296 303997 7202.98219   35  546 8116.00000 7201.52917  11.3%   151 3348s
 498976 304490 7210.61562   34  478 8116.00000 7201.55502  11.3%   151 3351s
 499694 304859 7823.00000   31   63 8116.00000 7201.58325  11.3%   151 3355s
 500835 305495 7827.83095   38  293 8116.00000 7201.65324  11.3%   151 3361s
 501538 305910 7958.89107   56  242 8116.00000 7201.70508  11.3%   151 3365s
 503034 306514 7204.52227   30  347 8116.00000 7201.78287  11.3%   151 3372s
 503232 306832 7211.28461   31  253 8116.00000 7201.78287  11.3%   151 3375s
 503773 307251 8048.27616   60  240 8116.00000 7201.80328  11.3%   151 3380s
 505051 307890 7821.23712   35  138 8116.00000 7201.88666  11.3%   151 3387s
 505630 308306 8015.55825   68  221 8116.00000 7201.90721  11.3%   151 3390s
 507081 309107 8011.05747   52  255 8116.00000 7201.96352  11.3%   151 3396s
 507764 309482 8019.78328   46  161 8116.00000 7202.00465  11.3%   151 3400s
 509088 310239 7846.68392   54  159 8116.00000 7202.07185  11.3%   151 3406s
 510295 310846     cutoff   50      8116.00000 7202.13514  11.3%   151 3412s
 510800 311255 7828.68336   38  276 8116.00000 7202.17038  11.3%   151 3415s
 512105 311952 7843.50308   36  195 8116.00000 7202.23203  11.3%   151 3421s
 512730 312546 8045.59516   39  328 8116.00000 7202.27177  11.3%   151 3426s
 513665 312607 8009.18371   70  259 8116.00000 7202.30757  11.3%   151 3433s
 513760 312655 8009.19911   71  253 8116.00000 7202.30797  11.3%   151 3436s
 513864 312671 8009.19911   72  255 8116.00000 7202.30797  11.3%   151 3441s
 513880 313050 8031.10200   73  273 8116.00000 7202.30797  11.3%   151 3445s
 515259 313795 7816.69291   36  134 8116.00000 7202.37398  11.3%   151 3453s
 515741 314179 7910.00000   43   15 8116.00000 7202.37398  11.3%   151 3457s
 516323 314582     cutoff  104      8116.00000 7202.41321  11.3%   151 3460s
 517682 315581     cutoff   42      8116.00000 7202.48056  11.3%   151 3468s
 518520 315976 7811.85782   39  377 8116.00000 7202.51693  11.3%   151 3471s
 519297 316393 8045.17623   51  208 8116.00000 7202.55000  11.3%   151 3475s
 520673 317171 7586.06977   49  155 8116.00000 7202.63223  11.3%   151 3481s
 521211 317641     cutoff   47      8116.00000 7202.66512  11.3%   151 3485s
 522604 318287 7936.96969   39   53 8116.00000 7202.75862  11.3%   151 3492s
 523014 318412 7834.62530   38  223 8116.00000 7202.78794  11.3%   151 3495s
 523473 318546 7822.59096   27  244 8116.00000 7202.79787  11.3%   151 3500s
 523844 319037 7965.09911   59  179 8116.00000 7202.80000  11.3%   151 3507s
 524292 319531 7883.82196   52  246 8116.00000 7202.87079  11.3%   151 3511s
 525763 320004 7233.78485   36  182 8116.00000 7202.94337  11.3%   151 3518s
 525774 323698     cutoff   37      8116.00000 7202.94532  11.3%   151 3551s
 531774 323750 7996.13424   48  197 8116.00000 7203.21191  11.2%   151 3555s
 531881 323947 7840.11969   46  167 8116.00000 7203.22089  11.2%   151 3563s
 532191 324287 7839.95989   47  234 8116.00000 7203.22089  11.2%   151 3566s
 533649 325070 infeasible   39      8116.00000 7203.35239  11.2%   151 3572s
 534327 325446 7915.12108   37   85 8116.00000 7203.38281  11.2%   151 3575s
 535569 326035 7236.80000   52  214 8116.00000 7203.42857  11.2%   151 3582s
 536062 326245 7814.10549   36  147 8116.00000 7203.45836  11.2%   151 3586s
 537045 326619 7838.44858   37  210 8116.00000 7203.50580  11.2%   151 3593s
 537051 326745 7838.93806   38  198 8116.00000 7203.50580  11.2%   151 3596s
 537950 327637 7819.64839   34  131 8116.00000 7203.54491  11.2%   151 3603s
 538674 328080 8042.75044   77   29 8116.00000 7203.56924  11.2%   151 3607s
 539928 328823 7817.26321   38  265 8116.00000 7203.62864  11.2%   151 3613s
 540617 329156 7949.45016   52  274 8116.00000 7203.65947  11.2%   151 3616s
 541178 329589 7818.15385   35  114 8116.00000 7203.69341  11.2%   151 3620s
 542263 330274 7704.58974   59  189 8116.00000 7203.74228  11.2%   151 3627s
 542958 330670 7823.29860   28  162 8116.00000 7203.78974  11.2%   151 3630s
 544336 331165 8033.64002   71  205 8116.00000 7203.83591  11.2%   151 3636s
 544344 331272 infeasible   72      8116.00000 7203.83591  11.2%   151 3640s
 544879 331965 7587.44088   48  117 8116.00000 7203.85105  11.2%   151 3647s
 545541 332411 7215.69682   35  454 8116.00000 7203.90920  11.2%   151 3650s
 546903 333140 7955.71167   45  298 8116.00000 7203.96796  11.2%   151 3657s
 547537 333587 7262.84572   26  423 8116.00000 7204.02273  11.2%   151 3660s
 548572 334152 7853.84995   39  350 8116.00000 7204.05203  11.2%   151 3667s
 549114 334531 7947.38779   65   69 8116.00000 7204.08420  11.2%   151 3670s
 549863 334669 7939.17175   40  267 8116.00000 7204.13615  11.2%   151 3678s
 550033 335026 7940.29695   41  320 8116.00000 7204.14398  11.2%   151 3682s
 550652 335410 infeasible   54      8116.00000 7204.17793  11.2%   151 3685s
 552028 336168 7897.49223   33  226 8116.00000 7204.26703  11.2%   151 3692s
 553140 336920 infeasible   46      8116.00000 7204.29865  11.2%   151 3698s
 553758 337383 7816.55947   34  131 8116.00000 7204.35076  11.2%   151 3701s
 554999 338136 7964.76807   49  168 8116.00000 7204.41830  11.2%   151 3707s
 555689 338225 7834.02489   37  270 8116.00000 7204.45673  11.2%   151 3711s
 555868 338254 7854.85714   39  178 8116.00000 7204.48333  11.2%   151 3717s
 555908 338540 7854.87464   40  131 8116.00000 7204.48333  11.2%   151 3721s
 556983 339390 7821.72944   32  106 8116.00000 7204.55192  11.2%   151 3727s
 557633 339863 7237.96286   46  208 8116.00000 7204.58699  11.2%   151 3730s
 558889 340545 7908.32237   43  210 8116.00000 7204.65911  11.2%   151 3738s
 559433 340968 infeasible   88      8116.00000 7204.66667  11.2%   151 3741s
 560090 341439 7593.86997   52  113 8116.00000 7204.72333  11.2%   151 3745s
 561452 342315     cutoff   55      8116.00000 7204.78000  11.2%   151 3751s
 562895 342776 7817.61538   28  141 8116.00000 7204.85304  11.2%   151 3757s
 562902 342880 7818.83962   29  137 8116.00000 7204.85304  11.2%   151 3761s
 563556 343419 7856.27624   37  175 8116.00000 7204.89447  11.2%   151 3768s
 564040 343855 7846.50125   43  163 8116.00000 7204.92504  11.2%   151 3771s
 564749 344123 8033.25833   49   55 8116.00000 7204.97105  11.2%   151 3775s
 565680 344949 7817.06430   35   89 8116.00000 7205.02039  11.2%   151 3783s
 566399 345389 7840.59883   51  213 8116.00000 7205.07445  11.2%   151 3787s
 567189 345666 8041.01617   54  195 8116.00000 7205.10327  11.2%   151 3791s
 567614 345961 7866.43907   51  169 8116.00000 7205.10891  11.2%   151 3795s
 568116 345966 8042.92308   41  153 8116.00000 7205.15474  11.2%   151 3800s
 568360 346531 7937.79001   62  120 8116.00000 7205.15474  11.2%   151 3808s
 568954 347100 7964.38794   55   89 8116.00000 7205.19043  11.2%   151 3812s
 569808 347493 7969.66497   73  201 8116.00000 7205.21255  11.2%   151 3815s
 571219 348392 7240.60893   44  223 8116.00000 7205.27633  11.2%   151 3823s
 571958 348713 7873.78600   49  197 8116.00000 7205.32575  11.2%   151 3827s
 572534 349101 7935.18952   37  124 8116.00000 7205.37582  11.2%   151 3830s
 573316 349146 7822.30248   39  210 8116.00000 7205.41946  11.2%   151 3838s
 573322 349257 7826.15962   40  172 8116.00000 7205.41946  11.2%   151 3842s
 573557 349650 7826.15962   41  172 8116.00000 7205.41946  11.2%   151 3846s
 574167 350081 7982.80730   77  238 8116.00000 7205.45797  11.2%   151 3850s
 575871 351031 7856.16010   44  135 8116.00000 7205.57458  11.2%   151 3857s
 576437 351649 7218.51542   32  393 8116.00000 7205.60936  11.2%   151 3861s
 577287 352226 7941.24390   55  104 8116.00000 7205.65388  11.2%   151 3865s
 578569 352885     cutoff   43      8116.00000 7205.73078  11.2%   151 3870s
 579596 353670 7247.75238   39  113 8116.00000 7205.80417  11.2%   151 3877s
 580422 353676 8042.25743   49  171 8116.00000 7205.84356  11.2%   151 3880s
 580538 354136 8055.90496   49  167 8116.00000 7205.85440  11.2%   151 3886s
 581109 354514 7988.85077   50  143 8116.00000 7205.88672  11.2%   151 3890s
 582347 355336 7222.07475   36  317 8116.00000 7205.91890  11.2%   151 3896s
 583544 355861 7216.48594   34  394 8116.00000 7205.99028  11.2%   151 3903s
 583829 356228 7830.34754   38  243 8116.00000 7206.00938  11.2%   151 3906s
 584319 356371 7982.18976  101  339 8116.00000 7206.01242  11.2%   151 3910s
 585061 357183 7876.17678   52  110 8116.00000 7206.07504  11.2%   151 3918s
 585801 357738 8097.01372  137   84 8116.00000 7206.11224  11.2%   151 3922s
 586618 357744 7831.53589   39  282 8116.00000 7206.13980  11.2%   151 3925s
 586793 358257 7837.99480   40  221 8116.00000 7206.13980  11.2%   151 3932s
 587501 358684 infeasible   95      8116.00000 7206.17593  11.2%   151 3935s
 588853 359493 7927.66903   48   97 8116.00000 7206.25671  11.2%   151 3942s
 589442 360104 7999.25615   75   53 8116.00000 7206.30540  11.2%   151 3946s
 590892 361033 infeasible   42      8116.00000 7206.40754  11.2%   151 3953s
 591882 361304 7845.98530   36   88 8116.00000 7206.44258  11.2%   151 3956s
 593043 361937 7329.25349   36  351 8116.00000 7206.52359  11.2%   151 3962s
 593503 362310 7924.22204   46  181 8116.00000 7206.54300  11.2%   151 3965s
 594104 362325 7941.41224   38  271 8116.00000 7206.57119  11.2%   151 3972s
 594143 362756 7907.90000   43   72 8116.00000 7206.58326  11.2%   151 3975s
 595248 363465 8035.46278   42   86 8116.00000 7206.64971  11.2%   151 3982s
 595865 364014 7963.03595   42  345 8116.00000 7206.67856  11.2%   151 3986s
 597136 364763 7942.30476   41  222 8116.00000 7206.77002  11.2%   151 3992s
 597883 365253 7869.29796   39  172 8116.00000 7206.80224  11.2%   151 3995s
 599647 366149     cutoff   66      8116.00000 7206.88288  11.2%   151 4001s
 600169 366508 7820.42775   33  264 8116.00000 7206.92433  11.2%   151 4005s
 601327 367163 7869.40272   46  206 8116.00000 7207.00695  11.2%   151 4011s
 602472 367585 7809.15981   43  126 8116.00000 7207.03448  11.2%   151 4017s
 602482 367598 7826.32500   42   74 8116.00000 7207.03448  11.2%   151 4020s
 603005 368317 7823.97299   44  123 8116.00000 7207.06820  11.2%   151 4027s
 603787 368595     cutoff   46      8116.00000 7207.14838  11.2%   151 4030s
 604864 369481 7989.34858   39  323 8116.00000 7207.21156  11.2%   151 4037s
 605606 369790     cutoff   58      8116.00000 7207.26649  11.2%   151 4040s
 606945 370468 8087.92216   63  174 8116.00000 7207.36474  11.2%   151 4047s
 607369 370647 infeasible   50      8116.00000 7207.39161  11.2%   151 4050s
 608372 371425     cutoff   37      8116.00000 7207.47432  11.2%   151 4057s
 608956 371431 7927.63019   40  117 8116.00000 7207.51613  11.2%   151 4060s
 609110 371954 8017.66699   53  191 8116.00000 7207.54247  11.2%   151 4067s
 609770 372318 7990.52955   40  222 8116.00000 7207.57375  11.2%   151 4070s
 610873 372979 7843.67729   38  114 8116.00000 7207.68920  11.2%   151 4077s
 611587 373345 7859.41138   38  303 8116.00000 7207.77667  11.2%   151 4080s
 612867 374174 7828.92500   32   69 8116.00000 7207.85199  11.2%   151 4087s
 613531 374692 7224.84841   39  296 8116.00000 7207.89409  11.2%   151 4090s
 615036 375437 8034.90130   48  220 8116.00000 7207.94987  11.2%   151 4097s
 615682 375787 7715.89921   76  190 8116.00000 7207.95000  11.2%   151 4102s
 616447 375793 7219.54497   37  421 8116.00000 7208.03909  11.2%   151 4105s
 616464 376172 7222.85209   39  431 8116.00000 7208.03909  11.2%   151 4111s
 617586 376853 7612.94954   50  124 8116.00000 7208.15625  11.2%   151 4118s
 618188 377202 7471.69101   43  404 8116.00000 7208.22578  11.2%   151 4121s
 619445 378064 7959.47028   46  393 8116.00000 7208.32575  11.2%   151 4128s
 620245 378473 7998.77441   65  233 8116.00000 7208.39026  11.2%   151 4131s
 621402 379174 8056.33598   42  329 8116.00000 7208.46744  11.2%   151 4137s
 622052 379457 7918.66602   57  241 8116.00000 7208.52008  11.2%   151 4141s
 622614 379947 7817.71992   43  366 8116.00000 7208.60258  11.2%   151 4145s
 623329 380026 8049.13219   62  309 8116.00000 7208.63387  11.2%   151 4151s
 623427 380319 7902.11155   43  132 8116.00000 7208.63387  11.2%   151 4155s
 624574 381009 7880.34380   44  388 8116.00000 7208.71391  11.2%   151 4163s
 625074 381272 7834.48860   41  210 8116.00000 7208.73264  11.2%   151 4166s
 625469 381562 7210.51031   29  433 8116.00000 7208.73264  11.2%   151 4170s
 626449 382138 7923.00000   41  201 8116.00000 7208.87578  11.2%   151 4177s
 626929 382451 7873.49221   45  238 8116.00000 7208.92462  11.2%   151 4181s
 627440 383021 7893.25368   54  412 8116.00000 7209.00261  11.2%   151 4185s
 629132 383908 7967.40043   63  219 8116.00000 7209.10998  11.2%   151 4191s
 629866 383921 7879.47170   56  189 8116.00000 7209.14875  11.2%   151 4197s
 629928 384159     cutoff   29      8116.00000 7209.15792  11.2%   151 4200s
