
Gurobi 12.0.0 (win64) logging started Thu Feb  5 23:02:41 2026

Set parameter LogFile to value "Storage_orig/Logs/log_____________2026_02_05_23_02_41.log"
Set parameter MIPGap to value 0.01
Set parameter OutputFlag to value 1
Gurobi Optimizer version 12.0.0 build v12.0.0rc1 (win64 - Windows 11+.0 (26200.2))

CPU model: Intel(R) Core(TM) i7-9750H CPU @ 2.60GHz, instruction set [SSE2|AVX|AVX2]
Thread count: 6 physical cores, 12 logical processors, using up to 12 threads

Non-default parameters:
MIPGap  0.01
MIPFocus  1

Optimize a model with 10716 rows, 1644 columns and 28052 nonzeros
Model fingerprint: 0xfcbb3747
Variable types: 28 continuous, 1616 integer (1168 binary)
Coefficient statistics:
  Matrix range     [2e-01, 1e+02]
  Objective range  [1e+01, 4e+03]
  Bounds range     [1e+00, 1e+00]
  RHS range        [1e+00, 2e+02]
Found heuristic solution: objective 30340.000000
Presolve removed 8140 rows and 296 columns
Presolve time: 0.05s
Presolved: 2576 rows, 1348 columns, 10292 nonzeros
Variable types: 28 continuous, 1320 integer (968 binary)

Root relaxation: objective 6.005813e+03, 1659 iterations, 0.07 seconds (0.05 work units)

    Nodes    |    Current Node    |     Objective Bounds      |     Work
 Expl Unexpl |  Obj  Depth IntInf | Incumbent    BestBd   Gap | It/Node Time

     0     0 6005.81333    0   20 30340.0000 6005.81333  80.2%     -    0s
H    0     0                    30286.000000 6005.81333  80.2%     -    0s
H    0     0                    28546.000000 6005.81333  79.0%     -    0s
H    0     0                    27926.000000 6005.81333  78.5%     -    0s
     0     0 6130.49150    0   74 27926.0000 6130.49150  78.0%     -    0s
H    0     0                    27688.000000 6130.49150  77.9%     -    0s
H    0     0                    27208.000000 6130.49150  77.5%     -    0s
     0     0 6180.72461    0   68 27208.0000 6180.72461  77.3%     -    0s
     0     0 6212.23514    0   59 27208.0000 6212.23514  77.2%     -    0s
     0     0 6219.76053    0   59 27208.0000 6219.76053  77.1%     -    0s
     0     0 6220.30362    0   57 27208.0000 6220.30362  77.1%     -    0s
     0     0 6220.30362    0   59 27208.0000 6220.30362  77.1%     -    0s
H    0     0                    26626.000000 6362.63006  76.1%     -    0s
     0     0 6363.29229    0   77 26626.0000 6363.29229  76.1%     -    0s
     0     0 6372.25173    0  103 26626.0000 6372.25173  76.1%     -    0s
     0     0 6373.64864    0  122 26626.0000 6373.64864  76.1%     -    0s
     0     0 6375.78826    0  128 26626.0000 6375.78826  76.1%     -    0s
     0     0 6376.25570    0  128 26626.0000 6376.25570  76.1%     -    0s
     0     0 6376.27639    0  128 26626.0000 6376.27639  76.1%     -    0s
     0     0 6394.17177    0  127 26626.0000 6394.17177  76.0%     -    0s
H    0     0                    24777.000000 6394.17177  74.2%     -    0s
H    0     0                    24637.000000 6394.17177  74.0%     -    0s
     0     0 6395.87262    0  157 24637.0000 6395.87262  74.0%     -    0s
     0     0 6399.98503    0  217 24637.0000 6399.98503  74.0%     -    0s
     0     0 6400.54158    0  200 24637.0000 6400.54158  74.0%     -    0s
     0     0 6400.88559    0  177 24637.0000 6400.88559  74.0%     -    0s
     0     0 6401.02758    0  176 24637.0000 6401.02758  74.0%     -    0s
     0     0 6401.13632    0  227 24637.0000 6401.13632  74.0%     -    0s
     0     0 6401.24446    0  218 24637.0000 6401.24446  74.0%     -    0s
     0     0 6401.67086    0  252 24637.0000 6401.67086  74.0%     -    0s
     0     0 6401.96851    0  174 24637.0000 6401.96851  74.0%     -    0s
     0     0 6401.97279    0  193 24637.0000 6401.97279  74.0%     -    0s
     0     0 6440.65874    0  228 24637.0000 6440.65874  73.9%     -    1s
H    0     0                    23259.000000 6440.65874  72.3%     -    1s
H    0     0                    22979.000000 6440.65874  72.0%     -    1s
     0     0 6442.03283    0  263 22979.0000 6442.03283  72.0%     -    1s
     0     0 6442.98777    0  276 22979.0000 6442.98777  72.0%     -    1s
     0     0 6445.18218    0  285 22979.0000 6445.18218  72.0%     -    1s
     0     0 6447.15564    0  272 22979.0000 6447.15564  71.9%     -    1s
     0     0 6447.15757    0  293 22979.0000 6447.15757  71.9%     -    1s
     0     0 6451.79720    0  249 22979.0000 6451.79720  71.9%     -    1s
H    0     0                    22860.000000 6451.80326  71.8%     -    2s
H    0     0                    22220.000000 6451.80326  71.0%     -    2s
H    0     0                    22140.000000 6451.80326  70.9%     -    2s
H    0     0                    22080.000000 6451.80326  70.8%     -    2s
H    0     0                    20820.000000 6451.80326  69.0%     -    2s
H    0     0                    19500.000000 6451.80326  66.9%     -    2s
H    0     2                    18844.000000 6451.80326  65.8%     -    2s
     0     2 6451.80326    0  238 18844.0000 6451.80326  65.8%     -    2s
H   18    27                    18564.000000 6454.00263  65.2%   293    2s
H   27    38                    17968.000000 6454.00263  64.1%   274    2s
H   29    38                    17172.000000 6454.00263  62.4%   276    2s
H   37    61                    17068.000000 6454.00263  62.2%   223    3s
H   64    68                    17008.000000 6454.00263  62.1%   157    3s
H  139   142                    16728.000000 6454.00263  61.4%   106    3s
H  183   169                    16660.000000 6454.27981  61.3%   108    3s
H  186   169                    15420.000000 6454.27981  58.1%   111    3s
H  188   176                    15140.000000 6454.27981  57.4%   110    3s
H  283   236                    15000.000000 6454.27981  57.0%  93.4    4s
H  287   261                    14860.000000 6454.27981  56.6%  92.6    4s
H  326   264                    14720.000000 6454.27981  56.2%  87.9    4s
H  382   311                    14201.000000 6454.27981  54.6%  87.0    4s
   448   364 7431.67638   19  213 14201.0000 6454.27981  54.6%  81.7    5s
H  456   370                    13998.000000 6459.98029  53.9%  82.7    5s
H  571   422                    13718.000000 6460.08412  52.9%  88.1    6s
H  619   460                    13578.000000 6460.33894  52.4%  88.4    6s
H  735   537                    13438.000000 6460.92139  51.9%  93.4    6s
  1015   733 7750.98520   45   52 13438.0000 6462.04088  51.9%   104   10s
  1188   843 6469.55642   10  379 13438.0000 6462.31428  51.9%   103   15s
  1467  1138 9034.10773   64  225 13438.0000 6463.52936  51.9%  98.2   20s
H 1493  1134                    13262.000000 6463.52936  51.3%  97.6   20s
  1614  1160 6466.35759    5  336 13262.0000 6463.52936  51.3%  95.5   30s
  1808  1311 7375.96868   20  203 13262.0000 6463.52936  51.3%   125   35s
H 1843  1260                    13223.000000 6463.52936  51.1%   128   35s
  2117  1425 9513.01111   28  193 13223.0000 6463.52936  51.1%   148   40s
  2279  1480 8741.90888   32  236 13223.0000 6463.52936  51.1%   158   45s
  2402  1547 8824.85000   35   38 13223.0000 6463.52936  51.1%   162   50s
  2825  1710 9226.67538   45  224 13223.0000 6463.52936  51.1%   161   55s
H 2961  1616                    13122.000000 6463.52936  50.7%   160   57s
  3107  1682     cutoff   60      13122.0000 6463.52936  50.7%   159   60s
  3287  1743 7404.23485   21  359 13122.0000 6464.76799  50.7%   157   65s
  3681  1887 7428.40224   38  300 13122.0000 6465.64143  50.7%   155   71s
  3693  1901 7490.50587   39  278 13122.0000 6465.64143  50.7%   155   75s
  3797  1973 7816.49527   47  201 13122.0000 6466.19113  50.7%   155   80s
  4145  2209 8695.63676   27  344 13122.0000 6469.19054  50.7%   155   85s

Cutting planes:
  Learned: 2
  Cover: 346
  MIR: 153
  StrongCG: 9
  Flow cover: 143
  Zero half: 1
  Network: 3
  RLT: 12
  Relax-and-lift: 16

Explored 4848 nodes (767328 simplex iterations) in 88.44 seconds (30.73 work units)
Thread count was 12 (of 12 available processors)

Solution count 10: 13122 13223 13262 ... 14860

Solve interrupted
Best objective 1.312200000000e+04, best bound 6.471000000000e+03, gap 50.6859%
