
Gurobi 12.0.0 (win64) logging started Sun Feb 15 10:55:56 2026

Set parameter LogFile to value "Storage_orig/Logs/log______Sens_truck_cost_multiplier_2_2026_02_15_10_55_55.log"
Set parameter MIPGap to value 0.01
Set parameter OutputFlag to value 1
Gurobi Optimizer version 12.0.0 build v12.0.0rc1 (win64 - Windows 11+.0 (26200.2))

CPU model: Intel(R) Core(TM) i7-9750H CPU @ 2.60GHz, instruction set [SSE2|AVX|AVX2]
Thread count: 6 physical cores, 12 logical processors, using up to 12 threads

Non-default parameters:
MIPGap  0.01
MIPFocus  1

Optimize a model with 6604 rows, 1332 columns and 17992 nonzeros
Model fingerprint: 0x3e1f0507
Variable types: 32 continuous, 1300 integer (724 binary)
Coefficient statistics:
  Matrix range     [2e-01, 1e+03]
  Objective range  [1e+01, 4e+03]
  Bounds range     [1e+00, 1e+00]
  RHS range        [1e+00, 1e+03]

User MIP start produced solution with objective 4774 (0.01s)
Loaded user MIP start with objective 4774

Presolve removed 4892 rows and 228 columns
Presolve time: 0.02s
Presolved: 1712 rows, 1104 columns, 10516 nonzeros
Variable types: 32 continuous, 1072 integer (624 binary)

Root relaxation: objective 3.302840e+03, 836 iterations, 0.02 seconds (0.02 work units)

    Nodes    |    Current Node    |     Objective Bounds      |     Work
 Expl Unexpl |  Obj  Depth IntInf | Incumbent    BestBd   Gap | It/Node Time

     0     0 3302.84000    0   16 4774.00000 3302.84000  30.8%     -    0s
     0     0 3741.26469    0   46 4774.00000 3741.26469  21.6%     -    0s
     0     0 3750.84408    0   55 4774.00000 3750.84408  21.4%     -    0s
     0     0 3750.84408    0   61 4774.00000 3750.84408  21.4%     -    0s
     0     0 3894.31649    0  102 4774.00000 3894.31649  18.4%     -    0s
     0     0 3931.53039    0  123 4774.00000 3931.53039  17.6%     -    0s
     0     0 3932.16861    0  112 4774.00000 3932.16861  17.6%     -    0s
     0     0 3933.47386    0   77 4774.00000 3933.47386  17.6%     -    0s
     0     0 3933.47386    0   80 4774.00000 3933.47386  17.6%     -    0s
     0     0 3978.55000    0   37 4774.00000 3978.55000  16.7%     -    0s
     0     0 3978.55000    0   32 4774.00000 3978.55000  16.7%     -    0s
     0     0 3978.55000    0   30 4774.00000 3978.55000  16.7%     -    0s
     0     0 3978.73333    0   36 4774.00000 3978.73333  16.7%     -    0s
     0     0 3981.91667    0   41 4774.00000 3981.91667  16.6%     -    0s
     0     0 3993.40000    0   47 4774.00000 3993.40000  16.4%     -    0s
     0     0 4003.80000    0   24 4774.00000 4003.80000  16.1%     -    0s
     0     2 4003.80000    0   24 4774.00000 4003.80000  16.1%     -    0s
  2577  1049 4564.90584   21   11 4774.00000 4472.06522  6.32%  31.3    5s
  8206  2052 4695.54545   42   35 4774.00000 4599.37857  3.66%  34.6   10s
 18076  5565 4655.63004   63   41 4774.00000 4640.53075  2.80%  28.6   15s
 33093 12361 4643.15833   46   37 4774.00000 4641.85128  2.77%  22.4   20s
 44211 16215 4646.46139   46   50 4774.00000 4641.88238  2.77%  20.0   25s
 54952 20919 4658.74306   56   37 4774.00000 4642.29034  2.76%  18.9   30s
 69438 24129 4670.88889   56   33 4774.00000 4642.74672  2.75%  18.8   35s
 81472 29483 4670.22980   58   43 4774.00000 4642.90166  2.75%  18.3   40s
 91937 31914 4667.27222   60   11 4774.00000 4643.07500  2.74%  18.2   45s
 105129 36162     cutoff   57      4774.00000 4643.15833  2.74%  18.1   50s
 118092 40194 infeasible   60      4774.00000 4643.25882  2.74%  17.9   55s
 128678 43982 4665.23889   64   17 4774.00000 4643.45556  2.73%  17.7   60s
 144500 46868 4649.54997   53   52 4774.00000 4643.78727  2.73%  17.5   65s
 158653 51438 infeasible   50      4774.00000 4643.99892  2.72%  17.2   70s
 174165 57787 infeasible   70      4774.00000 4644.05696  2.72%  16.8   75s
 190048 64291 4655.51111   59   31 4774.00000 4644.10110  2.72%  16.4   80s
 206897 69143 4660.87141   72   26 4774.00000 4644.16042  2.72%  16.2   85s
 216513 71029     cutoff   58      4774.00000 4644.21262  2.72%  16.2   90s
 228421 74600 4650.34615   51   52 4774.00000 4644.22358  2.72%  16.1   95s
 239489 76516     cutoff   66      4774.00000 4644.35833  2.72%  16.1  100s
 253618 81721 4645.78610   50   49 4774.00000 4644.60008  2.71%  16.0  105s
 269508 84467 4664.88761   67   28 4774.00000 4644.69371  2.71%  16.0  110s
 282989 87663 4645.52870   56   53 4774.00000 4644.83760  2.71%  15.9  115s
 295475 91009 4651.61158   69   29 4774.00000 4644.90808  2.70%  15.8  120s
 310602 94106     cutoff   66      4774.00000 4645.18460  2.70%  15.8  125s
 325445 97752 4663.60000   47   34 4774.00000 4645.40219  2.69%  15.8  130s
 337378 101094 infeasible   62      4774.00000 4645.55624  2.69%  15.8  135s
 350586 104462 4658.64184   57   41 4774.00000 4645.67316  2.69%  15.8  140s
 364740 110841 4653.10860   74   45 4774.00000 4645.86261  2.68%  15.7  145s
 380217 114411 infeasible   56      4774.00000 4645.94141  2.68%  15.6  150s
 390487 116672 4653.36410   39   71 4774.00000 4646.05417  2.68%  15.6  155s
 403421 119994     cutoff   67      4774.00000 4646.17523  2.68%  15.7  160s
 415308 122923 4661.89401   63   52 4774.00000 4646.26592  2.68%  15.7  165s
 429502 126224 4649.22222   55   28 4774.00000 4646.43906  2.67%  15.6  170s
 446116 132083 4654.06567   55   15 4774.00000 4646.51381  2.67%  15.6  175s
 460915 135252 4652.02510   72   26 4774.00000 4646.69310  2.67%  15.6  180s
 472127 138335 infeasible   67      4774.00000 4646.82222  2.66%  15.6  185s
 484882 141961 4749.07143   61   33 4774.00000 4646.85133  2.66%  15.6  190s
 500806 147616 4694.14053   51   63 4774.00000 4646.90945  2.66%  15.5  195s
 516111 152266 4656.67490   51   55 4774.00000 4647.15376  2.66%  15.5  200s
 531116 157627 4649.05778   57   43 4774.00000 4647.25097  2.65%  15.5  205s
 543124 159535     cutoff   57      4774.00000 4647.26790  2.65%  15.5  210s
 550365 162102 infeasible   52      4774.00000 4647.29932  2.65%  15.5  215s
 563062 166773 infeasible   58      4774.00000 4647.38453  2.65%  15.4  220s
 576707 171203 4652.21543   59   43 4774.00000 4647.46877  2.65%  15.4  225s
 590373 173710 4670.17165   66   59 4774.00000 4647.50553  2.65%  15.5  230s
 604030 177204 4668.11667   54   19 4774.00000 4647.62861  2.65%  15.5  235s
 623698 184211 4652.43502   54   44 4774.00000 4647.69322  2.65%  15.4  240s
 639642 189557 4655.95292   62   51 4774.00000 4647.81072  2.64%  15.3  245s
 654109 194517 4655.62837   53   46 4774.00000 4647.90652  2.64%  15.3  250s
 668218 197946 4655.99857   56   50 4774.00000 4648.01136  2.64%  15.3  255s
 682599 202740 4660.98893   63   21 4774.00000 4648.08869  2.64%  15.3  260s
 693251 205738 4651.73886   58   44 4774.00000 4648.18266  2.64%  15.3  265s
 709356 210973 4648.25580   51   40 4774.00000 4648.25580  2.63%  15.2  270s
 724483 216541 infeasible   78      4774.00000 4648.28132  2.63%  15.2  275s
 738241 220910 4655.86667   53   13 4774.00000 4648.30583  2.63%  15.2  280s
 749719 224310 4670.45177   61   45 4774.00000 4648.38448  2.63%  15.2  285s
 764714 228948 4661.04192   67   42 4774.00000 4648.43552  2.63%  15.1  290s
 780434 235032 4661.04192   64   37 4774.00000 4648.45876  2.63%  15.1  295s
 796470 241321 4650.13279   68   33 4774.00000 4648.52060  2.63%  15.1  300s
 812431 247823 infeasible   66      4774.00000 4648.56240  2.63%  15.0  305s
 824601 251771 4664.70189   79   33 4774.00000 4648.59577  2.63%  15.0  310s
 837585 255944 infeasible   58      4774.00000 4648.69444  2.62%  15.0  315s
 851687 259269 4648.70410   60   37 4774.00000 4648.70410  2.62%  15.0  320s
 865470 262916 4650.25653   66   45 4774.00000 4648.73970  2.62%  15.0  325s
 881760 268036 4670.54499   60   39 4774.00000 4648.76469  2.62%  15.0  330s
 896313 272606 4650.02980   63   33 4774.00000 4648.82546  2.62%  15.0  335s
 909607 276120 4653.03751   63   31 4774.00000 4648.88656  2.62%  15.0  340s
 926453 279799 4674.70955   65   44 4774.00000 4648.89885  2.62%  14.9  345s
 942331 285182 4655.92782   74   24 4774.00000 4648.98035  2.62%  14.9  350s
 953068 286771 4650.40310   56   44 4774.00000 4649.00020  2.62%  14.9  355s
 961631 290411     cutoff   59      4774.00000 4649.03852  2.62%  14.9  360s
 976766 295594 4652.89582   60   42 4774.00000 4649.11111  2.62%  14.8  365s
 991472 299298     cutoff   53      4774.00000 4649.23521  2.61%  14.8  370s
 1005056 303415 4653.52736   61   36 4774.00000 4649.31764  2.61%  14.8  375s
 1018532 309412 4651.04453   68   50 4774.00000 4649.32825  2.61%  14.7  380s
 1033777 314677 4666.79015   72   15 4774.00000 4649.39007  2.61%  14.7  385s
 1048528 318792 4652.18380   67   32 4774.00000 4649.42575  2.61%  14.7  390s
 1064273 324162 infeasible   74      4774.00000 4649.45955  2.61%  14.7  395s
 1081151 330594 4652.23380   67   39 4774.00000 4649.48630  2.61%  14.7  400s
 1094327 334714 infeasible   72      4774.00000 4649.55791  2.61%  14.7  405s
 1109476 338621 4662.04903   60   33 4774.00000 4649.56978  2.61%  14.7  410s
 1121744 340262 4664.54490   58   43 4774.00000 4649.61052  2.61%  14.7  415s
 1126109 344272 4651.24625   58   39 4774.00000 4649.61525  2.61%  14.7  421s
 1145838 347101 4655.18651   54   45 4774.00000 4649.66669  2.60%  14.7  425s
 1163731 351673 4654.07619   66   34 4774.00000 4649.71728  2.60%  14.7  430s
 1179195 356933 infeasible   64      4774.00000 4649.75489  2.60%  14.7  435s
 1195024 361189 4661.04192   63   42 4774.00000 4649.79631  2.60%  14.7  440s
 1210697 365514 infeasible   53      4774.00000 4649.86399  2.60%  14.7  445s
 1226384 369943 infeasible   59      4774.00000 4649.91543  2.60%  14.7  450s
 1235754 373377 4660.26465   59   42 4774.00000 4649.93344  2.60%  14.7  455s
 1249615 376273 4664.92877   60   30 4774.00000 4649.95750  2.60%  14.7  460s
 1263004 379325     cutoff   62      4774.00000 4650.03974  2.60%  14.7  465s
 1275143 381301 4665.29592   66   18 4774.00000 4650.06313  2.60%  14.7  470s
 1289222 383445 4671.31869   70   28 4774.00000 4650.10523  2.60%  14.7  475s
 1302113 385328 4650.95406   54   44 4774.00000 4650.13279  2.59%  14.8  480s
 1315958 387845 infeasible   66      4774.00000 4650.13356  2.59%  14.8  485s
 1328809 390902 4654.74849   66   50 4774.00000 4650.13897  2.59%  14.8  490s
 1340887 393471 infeasible   71      4774.00000 4650.13897  2.59%  14.9  495s
 1354209 396559 4656.51671   72   35 4774.00000 4650.13897  2.59%  14.9  500s
 1367665 399908 infeasible   72      4774.00000 4650.13897  2.59%  14.9  505s
 1382793 403821     cutoff   69      4774.00000 4650.16566  2.59%  14.9  510s
 1399916 409672 4659.76856   69   43 4774.00000 4650.17404  2.59%  14.9  515s
 1414346 413850 infeasible   62      4774.00000 4650.17404  2.59%  14.9  520s
 1427253 416325     cutoff   65      4774.00000 4650.19495  2.59%  14.9  525s
 1443413 417977 infeasible   63      4774.00000 4650.19495  2.59%  14.9  530s
 1453608 419022 4683.66667   55    9 4774.00000 4650.22500  2.59%  14.9  535s
 1453992 422338 4726.28889   56    7 4774.00000 4650.22500  2.59%  14.9  541s
 1471372 424697 4650.43195   59   53 4774.00000 4650.25405  2.59%  14.8  545s
 1484670 429021 4695.01588   48   45 4774.00000 4650.26559  2.59%  14.8  550s
 1501247 434784     cutoff   57      4774.00000 4650.28305  2.59%  14.8  555s
 1514869 439187 4657.91701   73   30 4774.00000 4650.31954  2.59%  14.8  560s
 1529908 443477 infeasible   62      4774.00000 4650.32534  2.59%  14.8  565s
 1541108 444860 4651.25324   68   45 4774.00000 4650.35156  2.59%  14.9  570s
 1553264 448830 4661.78325   63   42 4774.00000 4650.40310  2.59%  14.8  575s
 1569012 454652 4655.22932   66   43 4774.00000 4650.40310  2.59%  14.8  580s
 1585592 460957 4651.39921   69   28 4774.00000 4650.40310  2.59%  14.8  585s
 1601416 466786 infeasible   63      4774.00000 4650.40310  2.59%  14.7  590s
 1617296 471532 infeasible   70      4774.00000 4650.43032  2.59%  14.7  595s
 1632601 475979 4656.01132   64   47 4774.00000 4650.48138  2.59%  14.7  600s
 1646354 479260     cutoff   59      4774.00000 4650.50916  2.59%  14.7  605s
 1662318 484581 4652.50687   69   37 4774.00000 4650.55358  2.59%  14.7  610s
 1675212 487479 4651.65892   63   44 4774.00000 4650.55977  2.59%  14.7  615s
 1687951 491596 4656.65324   66   51 4774.00000 4650.56419  2.59%  14.7  620s
 1703883 495794 infeasible   54      4774.00000 4650.59666  2.58%  14.7  625s
 1718507 499203 4669.26671   75   32 4774.00000 4650.61869  2.58%  14.7  630s
 1731434 502610 infeasible   68      4774.00000 4650.62161  2.58%  14.8  635s
 1740502 506796 infeasible   69      4774.00000 4650.62161  2.58%  14.8  640s
 1755248 509539 4667.76667   57   37 4774.00000 4650.64563  2.58%  14.8  645s
 1769225 513549     cutoff   69      4774.00000 4650.66341  2.58%  14.8  650s
 1783080 517046 4656.01132   63   37 4774.00000 4650.72276  2.58%  14.8  655s
 1794361 519526 infeasible   71      4774.00000 4650.73056  2.58%  14.8  660s
 1806982 521665 4746.22821   63   19 4774.00000 4650.78928  2.58%  14.8  665s
 1825920 525761 infeasible   74      4774.00000 4650.82428  2.58%  14.8  670s
 1840156 530816 4658.63469   66   25 4774.00000 4650.84797  2.58%  14.8  675s
 1854331 535088 infeasible   66      4774.00000 4650.84797  2.58%  14.8  680s
 1868285 536807 4655.26331   73   22 4774.00000 4650.85476  2.58%  14.8  685s
 1883700 541649 4671.74915   61   30 4774.00000 4650.88289  2.58%  14.8  690s
 1893115 542766 4654.17611   65   38 4774.00000 4650.88893  2.58%  14.8  695s
 1903572 545886 4653.95550   68   30 4774.00000 4650.88893  2.58%  14.8  700s
 1913722 548285 4654.17611   62   38 4774.00000 4650.88893  2.58%  14.8  705s
 1927886 552079 infeasible   57      4774.00000 4650.91111  2.58%  14.8  710s
 1942550 554752 4650.95346   62   48 4774.00000 4650.95346  2.58%  14.8  715s
 1956064 557443 4655.24576   55   39 4774.00000 4650.95406  2.58%  14.8  720s
 1970840 562493 infeasible   74      4774.00000 4650.97559  2.58%  14.8  725s
 1987891 566441 4663.55922   63   27 4774.00000 4651.01003  2.58%  14.8  730s
 2003395 570311 infeasible   69      4774.00000 4651.02390  2.58%  14.9  735s
 2016689 572969 4652.60169   60   30 4774.00000 4651.05541  2.58%  14.9  740s
 2029459 576220 infeasible   69      4774.00000 4651.07201  2.57%  14.9  745s
 2045838 581121 4656.89200   71   37 4774.00000 4651.07545  2.57%  14.9  750s
 2061287 586079 4669.63492   72   36 4774.00000 4651.07545  2.57%  14.9  755s
 2076355 590731 4655.93289   65   48 4774.00000 4651.07545  2.57%  14.9  760s
 2089780 594287 4655.12788   60   47 4774.00000 4651.09378  2.57%  14.9  765s
 2104901 599049     cutoff   59      4774.00000 4651.11522  2.57%  14.8  770s
 2114678 602185 4669.65991   75   23 4774.00000 4651.11970  2.57%  14.9  775s
 2124690 604696 4659.94333   63   45 4774.00000 4651.12777  2.57%  14.9  780s
 2138036 610099 4661.93722   69   43 4774.00000 4651.16428  2.57%  14.8  785s
 2154280 616640 infeasible   65      4774.00000 4651.19476  2.57%  14.8  790s
 2166414 618834 4655.78632   59   17 4774.00000 4651.21111  2.57%  14.8  795s
 2181231 622630 4654.83440   70   61 4774.00000 4651.24625  2.57%  14.8  800s
 2196724 628256 infeasible   61      4774.00000 4651.27633  2.57%  14.8  805s
 2209950 631657 4655.34106   67   43 4774.00000 4651.28722  2.57%  14.8  810s
 2221918 634616 infeasible   74      4774.00000 4651.28722  2.57%  14.8  815s
 2235191 637990 infeasible   68      4774.00000 4651.28891  2.57%  14.8  820s
 2249756 642277 4746.71878   57   45 4774.00000 4651.33622  2.57%  14.8  825s
 2263729 645319 4744.25014   66   21 4774.00000 4651.35161  2.57%  14.9  830s
 2277475 649637 4652.89582   60   44 4774.00000 4651.38954  2.57%  14.9  835s
 2294602 653541 infeasible   62      4774.00000 4651.43956  2.57%  14.9  840s
 2307473 656160 4656.60896   65   36 4774.00000 4651.48527  2.57%  14.9  845s
 2321883 659365 4654.42463   63   26 4774.00000 4651.49256  2.57%  14.9  850s
 2332300 660711 4654.63358   63   29 4774.00000 4651.53267  2.57%  14.9  855s
 2343641 664640 infeasible   82      4774.00000 4651.55645  2.56%  14.9  860s
 2361187 669676 4664.07696   51   47 4774.00000 4651.58124  2.56%  14.9  865s
 2377422 676679 4666.51764   69   28 4774.00000 4651.62622  2.56%  14.8  870s
 2394807 683142 4663.39798   68   41 4774.00000 4651.62929  2.56%  14.8  875s
 2410609 687395 4655.73460   66   48 4774.00000 4651.66871  2.56%  14.8  880s
 2422617 690192 4656.31601   74   31 4774.00000 4651.69721  2.56%  14.8  885s
 2435796 692944 4656.78653   69   39 4774.00000 4651.71626  2.56%  14.8  890s
 2447493 696300 4661.96247   75   30 4774.00000 4651.71626  2.56%  14.8  895s
 2462052 699955 4667.34356   66   29 4774.00000 4651.71626  2.56%  14.8  900s
 2471570 702126 4653.34726   68   42 4774.00000 4651.71626  2.56%  14.8  905s
 2482274 704859 infeasible   73      4774.00000 4651.71626  2.56%  14.8  910s
 2494927 707515 4652.69192   70   25 4774.00000 4651.71976  2.56%  14.8  915s
 2509377 711480     cutoff   68      4774.00000 4651.75876  2.56%  14.8  920s
 2524439 715219 4658.95051   71   29 4774.00000 4651.76815  2.56%  14.8  925s
 2531460 716440 4656.01132   61   47 4774.00000 4651.76815  2.56%  14.8  930s
 2543510 718983 4667.39402   63   25 4774.00000 4651.77939  2.56%  14.8  935s
 2557928 722405 4653.41334   67   41 4774.00000 4651.78382  2.56%  14.9  940s
 2570818 726011 infeasible   71      4774.00000 4651.78382  2.56%  14.9  945s
 2584332 729694 4653.41334   59   47 4774.00000 4651.78382  2.56%  14.9  950s
 2597849 733474 infeasible   74      4774.00000 4651.78382  2.56%  14.9  955s
 2612349 736981 4671.40176   62   45 4774.00000 4651.79608  2.56%  14.9  960s
 2626617 740557 4651.81007   55   41 4774.00000 4651.81007  2.56%  14.9  965s
 2640765 743939 4668.28290   70   28 4774.00000 4651.82813  2.56%  14.9  970s
 2654460 748190 4658.72140   63   48 4774.00000 4651.83504  2.56%  14.9  975s
 2670990 754801 4658.90129   73   23 4774.00000 4651.83504  2.56%  14.8  980s
 2683618 757035 infeasible   53      4774.00000 4651.85266  2.56%  14.9  985s
 2698660 761881 infeasible   73      4774.00000 4651.87954  2.56%  14.9  990s
 2712934 765862 infeasible   64      4774.00000 4651.89732  2.56%  14.9  995s
 2727956 770181 infeasible   60      4774.00000 4651.93938  2.56%  14.9 1000s
 2741218 772665 4666.62284   64   42 4774.00000 4651.95639  2.56%  14.9 1005s
 2757495 775866 4741.73831   55   19 4774.00000 4651.98173  2.56%  14.9 1010s
 2769721 778328 infeasible   64      4774.00000 4651.99351  2.56%  14.8 1015s
 2785268 782432 4655.89103   64   41 4774.00000 4651.99351  2.56%  14.8 1020s
 2794970 784607 4656.79298   67   43 4774.00000 4651.99967  2.56%  14.8 1025s
 2813816 790905 4658.83431   76   22 4774.00000 4652.00107  2.56%  14.8 1030s
 2826892 792448 4671.22500   58   43 4774.00000 4652.05866  2.55%  14.8 1035s
 2843688 798662 4654.22403   57   51 4774.00000 4652.07314  2.55%  14.8 1040s
 2857828 801611 4656.18036   69   34 4774.00000 4652.12417  2.55%  14.8 1045s
 2872544 805432 4652.45350   55   48 4774.00000 4652.14075  2.55%  14.8 1050s
 2885209 807792 infeasible   71      4774.00000 4652.16414  2.55%  14.8 1055s
 2899769 813129 4752.72255   68   45 4774.00000 4652.18363  2.55%  14.8 1060s
 2915475 817452 infeasible   66      4774.00000 4652.19281  2.55%  14.8 1065s
 2926479 821712 4657.51366   64   39 4774.00000 4652.21111  2.55%  14.8 1070s
 2937790 822218 4657.90310   69   46 4774.00000 4652.23604  2.55%  14.8 1075s
 2954946 827258 4658.05393   67   52 4774.00000 4652.23998  2.55%  14.8 1080s
 2966979 829281 infeasible   72      4774.00000 4652.23998  2.55%  14.9 1085s
 2977291 831513 4668.01616   69   43 4774.00000 4652.23998  2.55%  14.9 1090s
 2989814 834807 4671.84886   68   36 4774.00000 4652.24444  2.55%  14.9 1095s
 3002059 837886 4653.82077   66   48 4774.00000 4652.27505  2.55%  14.9 1100s
 3012725 841348 infeasible   75      4774.00000 4652.27505  2.55%  14.9 1105s
 3028117 844852 4723.62273   54   19 4774.00000 4652.29063  2.55%  14.9 1110s
 3040278 847105 infeasible   67      4774.00000 4652.29071  2.55%  14.9 1115s
 3053981 849942 infeasible   64      4774.00000 4652.31596  2.55%  14.9 1120s
 3066550 852811 infeasible   53      4774.00000 4652.33396  2.55%  14.9 1125s
 3081575 855891 infeasible   64      4774.00000 4652.38575  2.55%  14.9 1130s
 3095386 858002 4670.36124   58   42 4774.00000 4652.42055  2.55%  14.9 1135s
 3110094 861418 4701.10000   55    9 4774.00000 4652.43502  2.55%  14.9 1140s
 3124546 864981 4670.14277   59   46 4774.00000 4652.46796  2.55%  14.9 1145s
 3140848 868285 infeasible   65      4774.00000 4652.46796  2.55%  14.9 1150s
 3154871 871468 4671.75707   61   35 4774.00000 4652.49166  2.55%  14.9 1155s
 3171536 877311 infeasible   55      4774.00000 4652.50833  2.54%  14.9 1160s
 3182839 880989 4654.76600   64   32 4774.00000 4652.54039  2.54%  14.9 1165s
 3191708 883363 4660.82692   54   30 4774.00000 4652.55368  2.54%  14.9 1170s
 3205207 888152 4667.78791   71   64 4774.00000 4652.55368  2.54%  14.9 1175s
 3222052 893006 4654.54881   65   41 4774.00000 4652.55716  2.54%  14.8 1180s
 3235865 899226 4656.52318   70   50 4774.00000 4652.56977  2.54%  14.8 1185s
 3249298 901566 infeasible   59      4774.00000 4652.60607  2.54%  14.8 1190s
 3266826 907950 4670.35452   69   38 4774.00000 4652.63458  2.54%  14.8 1195s
 3283215 914574 4654.51807   72   36 4774.00000 4652.63458  2.54%  14.8 1200s
 3297613 918063 4655.89103   70   39 4774.00000 4652.65916  2.54%  14.8 1205s
 3309503 920099 4652.66078   64   44 4774.00000 4652.66078  2.54%  14.8 1210s
 3322990 922514 4671.96247   74   32 4774.00000 4652.66978  2.54%  14.8 1215s
 3337881 925829 4652.94481   58   51 4774.00000 4652.69675  2.54%  14.8 1220s
 3354096 931307 infeasible   68      4774.00000 4652.72065  2.54%  14.8 1225s
 3368785 934675 4653.82077   61   47 4774.00000 4652.72262  2.54%  14.8 1230s
 3381874 936856 4655.89103   67   41 4774.00000 4652.74192  2.54%  14.8 1235s
 3394639 939248 infeasible   64      4774.00000 4652.78039  2.54%  14.9 1240s
 3410042 942684 4656.42088   65   44 4774.00000 4652.79536  2.54%  14.9 1245s
 3423765 944982 4660.24293   59   39 4774.00000 4652.81332  2.54%  14.9 1250s
 3438966 945880 4673.19083   61   38 4774.00000 4652.81332  2.54%  14.9 1255s
 3452008 946502 4669.18840   64   30 4774.00000 4652.81332  2.54%  14.9 1260s
 3464549 948155     cutoff   61      4774.00000 4652.82233  2.54%  14.9 1265s
 3476128 950398 4663.14293   67   41 4774.00000 4652.82377  2.54%  14.9 1270s
 3483604 956718 4653.89675   62   45 4774.00000 4652.83418  2.54%  14.9 1279s
 3493604 956718 4656.67925   61   46 4774.00000 4652.83418  2.54%  14.9 1280s
 3504977 958618 4665.71248   69   38 4774.00000 4652.87900  2.54%  14.9 1285s
 3514091 960258 infeasible   70      4774.00000 4652.89582  2.54%  14.9 1290s
 3526623 963351 4663.58831   66   34 4774.00000 4652.89582  2.54%  14.9 1295s
 3538757 966487 4658.92591   67   32 4774.00000 4652.89582  2.54%  14.9 1300s
 3550718 969873 4657.21773   57   45 4774.00000 4652.89582  2.54%  14.9 1305s
 3561838 971889 infeasible   62      4774.00000 4652.90730  2.54%  14.9 1310s
 3580317 977297 4658.72140   68   48 4774.00000 4652.93130  2.54%  14.9 1315s
 3590535 980868 infeasible   78      4774.00000 4652.93130  2.54%  14.9 1320s
 3606523 986800 infeasible   79      4774.00000 4652.94116  2.54%  14.9 1325s
 3619413 989995 4654.77242   64   40 4774.00000 4652.94898  2.54%  14.9 1330s
 3634599 994483 4652.95320   67   51 4774.00000 4652.95320  2.54%  14.9 1335s
 3649406 1000783 4666.66688   69   42 4774.00000 4652.95320  2.54%  14.8 1340s
 3666548 1007295 4669.82421   74   33 4774.00000 4652.95320  2.54%  14.8 1345s
 3685720 1014399 4659.23391   72   39 4774.00000 4652.95320  2.54%  14.8 1350s
 3703547 1021822 infeasible   70      4774.00000 4652.95320  2.54%  14.8 1355s
 3720340 1028238 4661.38659   67   37 4774.00000 4652.95320  2.54%  14.8 1360s
 3736148 1034435 4670.44619   79   35 4774.00000 4652.95320  2.54%  14.7 1365s
 3751877 1040277 4654.40833   53   27 4774.00000 4652.95364  2.54%  14.7 1370s
 3764195 1041790 infeasible   70      4774.00000 4652.95391  2.54%  14.7 1375s
 3777674 1044601 4671.87980   57   36 4774.00000 4652.97534  2.54%  14.8 1380s
 3788260 1047578 4652.98994   62   48 4774.00000 4652.98751  2.53%  14.7 1385s
 3798027 1048915 4656.77491   55   56 4774.00000 4652.99522  2.53%  14.8 1390s
 3809767 1051602 4662.72756   68   39 4774.00000 4653.01600  2.53%  14.8 1395s
 3824542 1055795 4663.31970   70   38 4774.00000 4653.02335  2.53%  14.8 1400s
 3837854 1058352 4653.02953   67   44 4774.00000 4653.02953  2.53%  14.8 1405s
 3852759 1062077 4660.82379   75   44 4774.00000 4653.02953  2.53%  14.8 1410s
 3869175 1066734 infeasible   78      4774.00000 4653.02953  2.53%  14.7 1415s
 3883969 1068840 4661.04268   80   42 4774.00000 4653.04273  2.53%  14.8 1420s
 3898011 1072910 infeasible   65      4774.00000 4653.06094  2.53%  14.8 1425s
 3914715 1076094 4659.46926   66   38 4774.00000 4653.07381  2.53%  14.8 1430s
 3933143 1078290 infeasible   71      4774.00000 4653.08636  2.53%  14.7 1435s
 3948877 1082128 4657.88720   53   45 4774.00000 4653.10491  2.53%  14.7 1440s
 3963337 1084756 infeasible   62      4774.00000 4653.16564  2.53%  14.7 1445s
 3976624 1087392     cutoff   73      4774.00000 4653.16564  2.53%  14.8 1450s
 3985294 1089536 infeasible   68      4774.00000 4653.17401  2.53%  14.8 1455s
 3999014 1089734     cutoff   58      4774.00000 4653.20066  2.53%  14.8 1460s
 4007290 1091796 4653.94113   67   40 4774.00000 4653.21356  2.53%  14.8 1465s
 4018624 1093191 infeasible   69      4774.00000 4653.21970  2.53%  14.8 1470s
 4028529 1093786 4666.68636   69   29 4774.00000 4653.21970  2.53%  14.8 1475s
 4040113 1095337 infeasible   65      4774.00000 4653.21970  2.53%  14.8 1480s
 4052597 1096854 4664.29205   58   40 4774.00000 4653.21970  2.53%  14.8 1485s
 4067930 1102089 4671.79559   71   21 4774.00000 4653.24854  2.53%  14.8 1490s
 4084323 1108796 4655.12788   63   47 4774.00000 4653.24854  2.53%  14.7 1495s
 4099620 1114458 infeasible   50      4774.00000 4653.25014  2.53%  14.7 1500s
 4116563 1119519 4662.83621   57   18 4774.00000 4653.26597  2.53%  14.7 1505s
 4131814 1122572 4655.12788   68   44 4774.00000 4653.29505  2.53%  14.7 1510s
 4145441 1127195 4660.82692   65   28 4774.00000 4653.29933  2.53%  14.7 1515s
 4161873 1132722 4653.39835   66   30 4774.00000 4653.29933  2.53%  14.7 1520s
 4176443 1137212 4660.82692   63   38 4774.00000 4653.29933  2.53%  14.7 1525s
 4191561 1141318 infeasible   67      4774.00000 4653.29933  2.53%  14.7 1530s
 4206157 1145866 4653.39835   69   31 4774.00000 4653.29933  2.53%  14.7 1535s
 4214519 1146844 4661.07879   66   36 4774.00000 4653.29933  2.53%  14.7 1540s
 4225494 1148715 4654.95196   52   40 4774.00000 4653.31600  2.53%  14.7 1545s
 4241182 1153999 4668.45089   64   38 4774.00000 4653.31630  2.53%  14.7 1550s
 4256305 1157321 infeasible   70      4774.00000 4653.33049  2.53%  14.7 1555s
 4269171 1158933 4656.78653   66   39 4774.00000 4653.34726  2.53%  14.7 1560s
 4284429 1160589     cutoff   69      4774.00000 4653.35484  2.53%  14.7 1565s
 4299641 1163325 4657.76764   77   35 4774.00000 4653.36788  2.53%  14.7 1570s
 4312058 1164883     cutoff   63      4774.00000 4653.37349  2.53%  14.8 1575s
 4324910 1166831     cutoff   74      4774.00000 4653.38042  2.53%  14.8 1580s
 4336478 1168603 4663.90233   75   34 4774.00000 4653.38823  2.53%  14.8 1585s
 4347802 1170979 4667.94160   71   37 4774.00000 4653.38823  2.53%  14.8 1590s
 4360059 1174051 4664.54695   73   33 4774.00000 4653.38824  2.53%  14.8 1595s
 4373049 1173258 infeasible   65      4774.00000 4653.41334  2.53%  14.8 1600s
 4384833 1174327     cutoff   66      4774.00000 4653.41334  2.53%  14.8 1605s
 4397839 1175514 infeasible   71      4774.00000 4653.41334  2.53%  14.8 1610s
 4406170 1176258 4654.12611   67   27 4774.00000 4653.41334  2.53%  14.8 1615s
 4416428 1178089 4666.98691   77   20 4774.00000 4653.41941  2.53%  14.8 1620s
 4427968 1181774 infeasible   70      4774.00000 4653.42994  2.53%  14.8 1625s
 4440802 1186903 4671.39207   73   41 4774.00000 4653.42994  2.53%  14.9 1630s
 4453461 1189774 4660.72345   51   53 4774.00000 4653.44211  2.53%  14.9 1635s
 4468912 1194686 4661.00098   78   32 4774.00000 4653.46599  2.52%  14.8 1640s
 4484355 1199437 infeasible   79      4774.00000 4653.48115  2.52%  14.8 1645s
 4499743 1205071 infeasible   61      4774.00000 4653.49142  2.52%  14.8 1650s
 4513090 1208588 4660.14931   54   44 4774.00000 4653.49517  2.52%  14.8 1655s
 4526164 1212174 4658.09956   65   47 4774.00000 4653.50997  2.52%  14.8 1660s
 4536892 1214970 4669.90758   68   27 4774.00000 4653.52696  2.52%  14.8 1665s
 4547493 1218594 4667.37185   71   44 4774.00000 4653.52736  2.52%  14.8 1670s
 4560966 1222868 4656.02591   65   29 4774.00000 4653.52736  2.52%  14.8 1675s
 4575494 1226616 4657.96822   74   21 4774.00000 4653.52903  2.52%  14.9 1680s
 4589152 1229479 4655.34106   70   41 4774.00000 4653.52903  2.52%  14.9 1685s
 4599693 1232288 4654.27963   68   44 4774.00000 4653.52903  2.52%  14.9 1690s
 4612923 1235992 4661.04192   66   42 4774.00000 4653.52903  2.52%  14.8 1695s
 4627060 1240422 4669.54524   70   34 4774.00000 4653.53470  2.52%  14.8 1700s
 4644201 1246486 4659.30043   71   41 4774.00000 4653.53470  2.52%  14.8 1705s
 4661901 1251090 4663.30952   73   36 4774.00000 4653.53470  2.52%  14.8 1710s
 4679903 1255681 4659.30043   69   44 4774.00000 4653.53470  2.52%  14.8 1715s
 4698447 1260441 infeasible   39      4774.00000 4653.53470  2.52%  14.8 1720s
 4714043 1264217 infeasible   80      4774.00000 4653.54222  2.52%  14.8 1725s
 4730298 1269610 4654.07619   69   34 4774.00000 4653.54426  2.52%  14.8 1730s
 4741395 1273409     cutoff   70      4774.00000 4653.54426  2.52%  14.8 1735s
 4752943 1275515 4656.84950   64   50 4774.00000 4653.56712  2.52%  14.8 1740s
 4765978 1278875 4658.61772   66   34 4774.00000 4653.56712  2.52%  14.8 1745s
 4774894 1281590 4658.14780   65   48 4774.00000 4653.56712  2.52%  14.8 1750s
 4787284 1284366 infeasible   75      4774.00000 4653.56877  2.52%  14.8 1755s
 4802204 1288073 infeasible   75      4774.00000 4653.56877  2.52%  14.8 1760s
 4816246 1292435 4654.25934   63   52 4774.00000 4653.58628  2.52%  14.8 1765s
 4830367 1296439 infeasible   70      4774.00000 4653.58628  2.52%  14.8 1770s
 4844422 1299292 infeasible   67      4774.00000 4653.60195  2.52%  14.8 1775s
 4859059 1301967 4660.93520   67   33 4774.00000 4653.60628  2.52%  14.8 1780s
 4871805 1305694 4668.38652   60   42 4774.00000 4653.60628  2.52%  14.8 1785s
 4886597 1309350 4755.90000   48   18 4774.00000 4653.61769  2.52%  14.8 1790s
 4897886 1311404 4655.93919   69   38 4774.00000 4653.64441  2.52%  14.8 1795s
 4909866 1312636 infeasible   73      4774.00000 4653.65233  2.52%  14.8 1800s
 4923013 1316173 4665.27494   70   52 4774.00000 4653.66528  2.52%  14.8 1805s
 4940132 1321657 infeasible   80      4774.00000 4653.67662  2.52%  14.8 1810s
 4956315 1326387 4689.84798   53   26 4774.00000 4653.69141  2.52%  14.8 1815s
 4971011 1331340 4658.09956   63   47 4774.00000 4653.70035  2.52%  14.8 1820s
 4989150 1337189 4670.51722   66   44 4774.00000 4653.70035  2.52%  14.8 1825s
 5005883 1343037 4654.73434   54   48 4774.00000 4653.70143  2.52%  14.8 1830s
 5016256 1346412 4660.60333   64   37 4774.00000 4653.70801  2.52%  14.8 1835s
 5030734 1348780 4663.23384   68   36 4774.00000 4653.72399  2.52%  14.8 1840s
 5042004 1349519 4671.91607   70   29 4774.00000 4653.73225  2.52%  14.8 1845s
 5060681 1357159 infeasible   74      4774.00000 4653.73427  2.52%  14.8 1850s
 5076181 1362068 infeasible   63      4774.00000 4653.74912  2.52%  14.8 1855s
 5078706 1366350 4659.89692   62   42 4774.00000 4653.74967  2.52%  14.8 1862s
 5095248 1367478 4657.64672   53   46 4774.00000 4653.75993  2.52%  14.8 1865s
 5109051 1371132 infeasible   68      4774.00000 4653.76936  2.52%  14.8 1870s
 5124708 1373743 4655.63430   59   50 4774.00000 4653.77655  2.52%  14.8 1875s
 5141274 1379423 infeasible   74      4774.00000 4653.79314  2.52%  14.8 1880s
 5158156 1383978 4660.88807   70   44 4774.00000 4653.80090  2.52%  14.8 1885s
 5173507 1387820 4661.52839   77   20 4774.00000 4653.80397  2.52%  14.8 1890s
 5186028 1390478 4654.25898   48   51 4774.00000 4653.81164  2.52%  14.8 1895s
 5199340 1393303 4653.81727   64   40 4774.00000 4653.81727  2.52%  14.8 1900s
 5212197 1395700 4690.28299   62   50 4774.00000 4653.82336  2.52%  14.8 1905s
 5227374 1400918 infeasible   72      4774.00000 4653.83602  2.52%  14.8 1910s
 5242014 1402943 4658.05393   68   46 4774.00000 4653.86388  2.52%  14.8 1915s
 5252411 1402784 4671.41616   67   39 4774.00000 4653.86388  2.52%  14.8 1920s
 5261875 1402832     cutoff   71      4774.00000 4653.86388  2.52%  14.8 1925s
 5272398 1402914 4658.11233   58   40 4774.00000 4653.86916  2.52%  14.8 1930s
 5284880 1405116 4657.43320   65   45 4774.00000 4653.87898  2.52%  14.8 1935s
 5297142 1407218 infeasible   73      4774.00000 4653.88734  2.52%  14.8 1940s
 5305922 1410394 4654.57440   64   41 4774.00000 4653.88734  2.52%  14.9 1945s
 5318516 1414798 4683.43487   61   57 4774.00000 4653.89259  2.52%  14.9 1950s
 5334559 1420808 4663.92839   62   38 4774.00000 4653.89675  2.52%  14.8 1955s
 5352549 1428817 4664.30119   76   17 4774.00000 4653.89675  2.52%  14.8 1960s
 5371136 1436496 4657.93853   71   37 4774.00000 4653.89675  2.52%  14.8 1965s
 5389227 1444093 4671.60000   66   24 4774.00000 4653.89675  2.52%  14.8 1970s
 5408159 1453001 infeasible   83      4774.00000 4653.89675  2.52%  14.8 1975s
 5427845 1461728 4659.03993   67   38 4774.00000 4653.89675  2.52%  14.8 1980s
 5444246 1467615 4660.49164   71   29 4774.00000 4653.90608  2.52%  14.7 1985s
 5460752 1473759 4653.91994   60   42 4774.00000 4653.91994  2.52%  14.7 1990s
 5467171 1476144 4654.93623   57   44 4774.00000 4653.91994  2.52%  14.7 1995s
 5472644 1478940 4654.93623   62   44 4774.00000 4653.91994  2.52%  14.7 2000s
 5482457 1482827 4659.35001   58   46 4774.00000 4653.92173  2.52%  14.7 2005s
 5495869 1487412 4656.52318   64   45 4774.00000 4653.93476  2.51%  14.7 2010s
 5510432 1493008 4662.45330   70   45 4774.00000 4653.93476  2.51%  14.7 2015s
 5527565 1499641 4669.56111   68   45 4774.00000 4653.93476  2.51%  14.7 2020s
 5539396 1503838 4653.93993   60   44 4774.00000 4653.93476  2.51%  14.7 2025s
 5554632 1508694 4655.82959   51   48 4774.00000 4653.94113  2.51%  14.7 2030s
 5565011 1510629 infeasible   62      4774.00000 4653.94910  2.51%  14.7 2035s
 5577191 1512474 4656.69015   63   39 4774.00000 4653.96735  2.51%  14.7 2040s
 5591534 1514476 4668.28902   64   36 4774.00000 4653.98753  2.51%  14.7 2045s
 5601262 1513959 4669.31515   68   28 4774.00000 4653.98753  2.51%  14.7 2050s
 5610710 1514171 4655.89103   62   41 4774.00000 4653.99101  2.51%  14.7 2055s
 5624629 1517222 4656.45556   55   32 4774.00000 4653.99913  2.51%  14.7 2060s
 5640060 1523591     cutoff   71      4774.00000 4654.00370  2.51%  14.7 2065s
 5652362 1526251 4658.96660   57   48 4774.00000 4654.02744  2.51%  14.7 2070s
 5661899 1529494 4655.48415   60   47 4774.00000 4654.03559  2.51%  14.7 2075s
 5679685 1535008 infeasible   77      4774.00000 4654.04736  2.51%  14.7 2080s
 5694154 1538507     cutoff   65      4774.00000 4654.05400  2.51%  14.7 2085s
 5707433 1540642 4654.30778   56   51 4774.00000 4654.06400  2.51%  14.7 2090s
 5720140 1542970 4664.70457   66   47 4774.00000 4654.07308  2.51%  14.7 2095s
 5722926 1542836 4657.39286   69   33 4774.00000 4654.07619  2.51%  14.7 2101s
 5740713 1544044 infeasible   71      4774.00000 4654.07619  2.51%  14.7 2105s
 5749948 1547132 4664.41070   72   33 4774.00000 4654.08254  2.51%  14.7 2111s
 5752748 1547907 infeasible   77      4774.00000 4654.08254  2.51%  14.7 2117s
 5755058 1548615 infeasible   63      4774.00000 4654.08254  2.51%  14.7 2121s
 5762105 1550942 4658.21497   61   52 4774.00000 4654.08254  2.51%  14.7 2125s
 5775670 1554255 4657.97537   53   47 4774.00000 4654.08607  2.51%  14.7 2130s
