
Gurobi 12.0.0 (win64) logging started Sun Feb 15 19:45:19 2026

Set parameter LogFile to value "Storage_orig/Logs/log______Sens_handling_time_0.75_2026_02_15_19_45_19.log"
Set parameter MIPGap to value 0.01
Set parameter OutputFlag to value 1
Set parameter TimeLimit to value 600
Gurobi Optimizer version 12.0.0 build v12.0.0rc1 (win64 - Windows 11+.0 (26200.2))

CPU model: Intel(R) Core(TM) i7-9750H CPU @ 2.60GHz, instruction set [SSE2|AVX|AVX2]
Thread count: 6 physical cores, 12 logical processors, using up to 12 threads

Non-default parameters:
TimeLimit  600
MIPGap  0.01
MIPFocus  1

Optimize a model with 4170 rows, 840 columns and 11004 nonzeros
Model fingerprint: 0x6cdc4f56
Variable types: 18 continuous, 822 integer (570 binary)
Coefficient statistics:
  Matrix range     [8e-01, 1e+03]
  Objective range  [1e+01, 2e+03]
  Bounds range     [1e+00, 1e+00]
  RHS range        [1e+00, 1e+03]

User MIP start did not produce a new incumbent solution
User MIP start violates constraint Time_LB_4_1_0 by 5.000000000

Found heuristic solution: objective 18900.000000
Presolve removed 2940 rows and 192 columns
Presolve time: 0.05s
Presolved: 1230 rows, 648 columns, 6453 nonzeros
Variable types: 18 continuous, 630 integer (450 binary)

Root relaxation: objective 5.467500e+03, 407 iterations, 0.03 seconds (0.01 work units)

    Nodes    |    Current Node    |     Objective Bounds      |     Work
 Expl Unexpl |  Obj  Depth IntInf | Incumbent    BestBd   Gap | It/Node Time

     0     0 5467.50003    0   37 18900.0000 5467.50003  71.1%     -    0s
H    0     0                    15024.000000 5467.50003  63.6%     -    0s
H    0     0                    14684.000000 5467.50003  62.8%     -    0s
H    0     0                    13006.000000 5467.50003  58.0%     -    0s
H    0     0                    12926.000000 5468.00013  57.7%     -    0s
     0     0 5468.00013    0   71 12926.0000 5468.00013  57.7%     -    0s
H    0     0                    12551.000000 5468.45458  56.4%     -    0s
H    0     0                    12011.000000 5468.45458  54.5%     -    0s
H    0     0                    11871.000000 5468.45458  53.9%     -    0s
     0     0 5468.45458    0   56 11871.0000 5468.45458  53.9%     -    0s
H    0     0                    10574.000000 5485.37348  48.1%     -    0s
H    0     0                    10174.000000 5485.37348  46.1%     -    0s
     0     0 5485.37348    0   38 10174.0000 5485.37348  46.1%     -    0s
     0     0 5485.37348    0   50 10174.0000 5485.37348  46.1%     -    0s
     0     0 5549.41254    0   72 10174.0000 5549.41254  45.5%     -    0s
     0     0 5552.39649    0   94 10174.0000 5552.39649  45.4%     -    0s
H    0     0                    9894.0000000 5556.11539  43.8%     -    0s
     0     0 5556.11539    0   91 9894.00000 5556.11539  43.8%     -    0s
     0     0 5556.20949    0  101 9894.00000 5556.20949  43.8%     -    0s
     0     0 5560.58549    0  104 9894.00000 5560.58549  43.8%     -    0s
     0     0 5561.03505    0  119 9894.00000 5561.03505  43.8%     -    0s
     0     0 5561.07124    0  115 9894.00000 5561.07124  43.8%     -    0s
     0     0 5561.07124    0  118 9894.00000 5561.07124  43.8%     -    0s
H    0     0                    9878.0000000 5561.07124  43.7%     -    0s
H    0     0                    9478.0000000 5561.07124  41.3%     -    0s
H    0     0                    9198.0000000 5561.07124  39.5%     -    0s
H    0     0                    9138.0000000 5561.07124  39.1%     -    0s
H    0     0                    9058.0000000 5561.07124  38.6%     -    0s
H    0     0                    8918.0000000 5561.07124  37.6%     -    0s
H    0     0                    8778.0000000 5561.07124  36.6%     -    0s
H    0     0                    8498.0000000 5593.10358  34.2%     -    0s
H    0     0                    8278.0000000 5593.10358  32.4%     -    0s
     0     0 5593.10358    0  142 8278.00000 5593.10358  32.4%     -    0s
H    0     0                    8218.0000000 5593.10358  31.9%     -    0s
H    0     0                    8078.0000000 5593.10358  30.8%     -    0s
     0     0 5601.23304    0  145 8078.00000 5601.23304  30.7%     -    1s
     0     0 5611.49518    0  131 8078.00000 5611.49518  30.5%     -    1s
     0     0 5618.05069    0  178 8078.00000 5618.05069  30.5%     -    1s
     0     0 5620.80007    0  176 8078.00000 5620.80007  30.4%     -    1s
H    0     0                    8058.0000000 5623.62561  30.2%     -    1s
     0     0 5623.62561    0  178 8058.00000 5623.62561  30.2%     -    1s
H    0     0                    7998.0000000 5631.84614  29.6%     -    1s
     0     0 5631.84614    0  156 7998.00000 5631.84614  29.6%     -    1s
     0     0 5632.42158    0  183 7998.00000 5632.42158  29.6%     -    1s
     0     0 5632.46768    0  189 7998.00000 5632.46768  29.6%     -    1s
     0     0 5636.29566    0  204 7998.00000 5636.29566  29.5%     -    1s
     0     0 5636.74310    0  204 7998.00000 5636.74310  29.5%     -    1s
     0     0 5636.82193    0  213 7998.00000 5636.82193  29.5%     -    1s
     0     0 5637.02169    0  213 7998.00000 5637.02169  29.5%     -    1s
     0     0 5640.66669    0  181 7998.00000 5640.66669  29.5%     -    1s
     0     0 5641.32865    0  207 7998.00000 5641.32865  29.5%     -    1s
     0     0 5644.27512    0  199 7998.00000 5644.27512  29.4%     -    1s
H    0     0                    7875.0000000 5645.93514  28.3%     -    1s
H    0     0                    7735.0000000 5645.93514  27.0%     -    1s
     0     0 5645.93514    0  168 7735.00000 5645.93514  27.0%     -    1s
     0     0 5645.95230    0  202 7735.00000 5645.95230  27.0%     -    1s
     0     0 5645.98058    0  211 7735.00000 5645.98058  27.0%     -    1s
     0     0 5645.98058    0  216 7735.00000 5645.98058  27.0%     -    1s
     0     0 5650.57078    0  231 7735.00000 5650.57078  26.9%     -    2s
H    0     0                    7156.0000000 5658.32667  20.9%     -    2s
     0     0 5658.32667    0  242 7156.00000 5658.32667  20.9%     -    2s
     0     0 5663.22975    0  238 7156.00000 5663.22975  20.9%     -    2s
     0     0 5664.32907    0  240 7156.00000 5664.32907  20.8%     -    2s
     0     0 5670.66684    0  245 7156.00000 5670.66684  20.8%     -    2s
H    0     0                    7136.0000000 5671.12418  20.5%     -    2s
H    0     0                    6996.0000000 5671.12418  18.9%     -    2s
     0     0 5671.12418    0  245 6996.00000 5671.12418  18.9%     -    2s
     0     0 5671.81784    0  232 6996.00000 5671.81784  18.9%     -    2s
H    0     0                    6916.0000000 5672.00108  18.0%     -    2s
     0     0 5672.00108    0  166 6916.00000 5672.00108  18.0%     -    2s
     0     0 5672.19146    0  132 6916.00000 5672.19146  18.0%     -    2s
     0     0 5672.20635    0   88 6916.00000 5672.20635  18.0%     -    2s
     0     0 5672.46429    0  156 6916.00000 5672.46429  18.0%     -    2s
H    0     0                    6716.0000000 5672.46429  15.5%     -    2s
H    0     0                    6656.0000000 5672.54250  14.8%     -    3s
     0     2 5672.54250    0  136 6656.00000 5672.54250  14.8%     -    3s
H   11    14                    6412.0000000 5672.92857  11.5%   253    3s
H   31    39                    6292.0000000 5674.00496  9.82%   256    4s
H   65    83                    6176.0000000 5674.00496  8.13%   148    4s
H   94    99                    6140.0000000 5674.00496  7.59%   115    4s
H  160   176                    6000.0000000 5674.00496  5.43%  84.5    4s
   242   232 5732.12954   26   67 6000.00000 5674.00834  5.43%  78.4    5s
H  377   325                    5920.0000000 5674.84643  4.14%  71.8    5s
  1232   934 5856.98102   24   42 5920.00000 5679.79824  4.06%  60.4   10s
  1661  1171 5723.68149   28  162 5920.00000 5682.16938  4.02%  54.0   15s
  2079  1412 5725.36913   20  178 5920.00000 5682.16938  4.02%  73.7   20s
  3520  1939 5829.20328   27  132 5920.00000 5692.34057  3.85%  73.0   25s
  8265  4181     cutoff   45      5920.00000 5721.15953  3.36%  59.0   30s
 13037  6761     cutoff   45      5920.00000 5723.00535  3.33%  55.3   35s
 16898  8987 infeasible   43      5920.00000 5723.82353  3.31%  54.5   40s
 21350 11337 5738.02404   40  175 5920.00000 5724.29604  3.31%  54.0   45s
 25224 13631     cutoff   45      5920.00000 5724.73930  3.30%  53.5   50s
 30110 15470     cutoff   38      5920.00000 5725.14991  3.29%  52.7   56s
 32931 16654     cutoff   49      5920.00000 5725.55286  3.28%  53.6   60s
 37441 18797 5824.76923   47   58 5920.00000 5726.02277  3.28%  54.2   66s
 39818 20003 5818.08765   34   79 5920.00000 5726.44544  3.27%  54.5   70s
 43969 21832     cutoff   42      5920.00000 5726.96367  3.26%  54.4   75s
 47108 23439 5807.11720   29  193 5920.00000 5727.38886  3.25%  54.9   80s
 51011 24738     cutoff   44      5920.00000 5727.67692  3.25%  55.1   86s
 53171 26143     cutoff   44      5920.00000 5728.02908  3.24%  55.2   91s
 56372 27527 5817.00000   44   93 5920.00000 5728.24660  3.24%  55.2   95s
 60620 29307 5799.57807   20  138 5920.00000 5728.51506  3.23%  55.6  101s
 63373 31025     cutoff   47      5920.00000 5728.76605  3.23%  56.0  106s
 66198 32413 5857.58023   38  110 5920.00000 5728.88364  3.23%  56.1  110s
 69993 34320 5745.03672   30  155 5920.00000 5729.02349  3.23%  56.4  116s
 73511 35963     cutoff   45      5920.00000 5729.19029  3.22%  56.8  121s
 75766 36797 5799.09095   43  134 5920.00000 5729.32905  3.22%  57.0  125s
 79943 39202 5776.15385   33   97 5920.00000 5729.59209  3.22%  56.8  131s
 83746 41080 5777.51972   42   87 5920.00000 5729.79590  3.21%  56.8  136s
 85989 42544 5753.16914   44  194 5920.00000 5729.86557  3.21%  57.0  140s
 89573 44281 5843.78192   37  153 5920.00000 5730.00000  3.21%  57.0  145s
 93255 45469 5735.61463   34  131 5920.00000 5730.14539  3.21%  57.2  151s
 95566 47099 5742.16837   36  106 5920.00000 5730.18292  3.21%  57.4  156s
 98393 49076     cutoff   39      5920.00000 5730.27600  3.20%  57.5  161s
 102950 50442 infeasible   47      5920.00000 5730.40138  3.20%  57.3  166s
 105380 51134     cutoff   35      5920.00000 5730.47796  3.20%  57.5  171s
 106711 52078 infeasible   36      5920.00000 5730.49724  3.20%  57.5  175s
 110311 53653     cutoff   41      5920.00000 5730.60958  3.20%  58.0  181s
 113829 55417 5801.17234   32  106 5920.00000 5730.67566  3.20%  57.9  185s
 118023 57144 5759.87045   36  187 5920.00000 5730.83728  3.20%  57.7  190s
 120760 58393 5824.56491   34  102 5920.00000 5730.92312  3.19%  57.6  195s
 124061 59715 5755.95893   40  114 5920.00000 5731.06312  3.19%  57.7  200s
 127452 61381 5771.22887   33  149 5920.00000 5731.14857  3.19%  57.8  205s
 131479 62819 5775.82200   37   84 5920.00000 5731.24908  3.19%  57.9  211s
 135223 64426 5731.73042   37  179 5920.00000 5731.34074  3.19%  57.9  216s
 137648 65535 infeasible   46      5920.00000 5731.39131  3.19%  58.0  220s
 140604 66958 5778.73737   55   39 5920.00000 5731.46368  3.18%  58.1  226s
 142180 67533 5745.70694   31  149 5920.00000 5731.51112  3.18%  58.1  230s
 145977 69296 5747.54251   38  133 5920.00000 5731.60823  3.18%  58.2  236s
 149664 70873     cutoff   43      5920.00000 5731.72997  3.18%  58.2  241s
 153173 72484     cutoff   32      5920.00000 5731.79833  3.18%  58.2  245s
 156853 74449 5745.16541   39   94 5920.00000 5731.86629  3.18%  58.1  250s
 160435 75652 5745.76074   40  159 5920.00000 5731.91879  3.18%  58.2  255s
 163760 77253 5820.90534   37   84 5920.00000 5732.01829  3.18%  58.3  260s
 167769 79260 5811.34194   52  152 5920.00000 5732.10523  3.17%  58.2  265s
 170161 80028 5829.64159   45  190 5920.00000 5732.14705  3.17%  58.1  271s
 170820 80595 5741.11608   53  129 5920.00000 5732.14705  3.17%  58.2  275s
 173844 81737 5769.05267   32   92 5920.00000 5732.29063  3.17%  58.3  281s
 176045 83014 5771.53989   47  146 5920.00000 5732.32033  3.17%  58.3  285s
 180101 85200 5821.86700   41  150 5920.00000 5732.39249  3.17%  58.3  291s
 183134 86305 5740.59933   30  143 5920.00000 5732.44218  3.17%  58.2  295s
 186776 88105 5744.08657   56  213 5920.00000 5732.49847  3.17%  58.3  300s
 190870 89487 infeasible   47      5920.00000 5732.58471  3.17%  58.2  306s
 193835 91007 5892.89822   51   74 5920.00000 5732.65389  3.16%  58.3  311s
 197258 92135 infeasible   55      5920.00000 5732.72104  3.16%  58.4  316s
 199256 93043 5742.25897   35  157 5920.00000 5732.75950  3.16%  58.4  320s
 202542 95033     cutoff   50      5920.00000 5732.82688  3.16%  58.4  326s
 206434 96677     cutoff   49      5920.00000 5732.91002  3.16%  58.4  330s
 209521 97642 5829.40789   30   89 5920.00000 5732.95655  3.16%  58.5  335s
 213114 99258 infeasible   45      5920.00000 5733.01374  3.16%  58.5  340s
 216600 100668 infeasible   24      5920.00000 5733.07250  3.16%  58.5  346s
 218001 101065 5802.27473   33  183 5920.00000 5733.09059  3.16%  58.5  350s
 220970 102236 5827.06760   37  102 5920.00000 5733.19103  3.16%  58.7  356s
 223755 103377 5744.30711   36  142 5920.00000 5733.23513  3.15%  58.8  360s
 226224 104256 5760.81270   41  100 5920.00000 5733.27041  3.15%  58.8  365s
 230711 105957 5829.08616   51   59 5920.00000 5733.33307  3.15%  58.8  370s
 233210 106911     cutoff   47      5920.00000 5733.40111  3.15%  58.8  376s
 235934 108139 5736.89097   43  197 5920.00000 5733.43175  3.15%  58.8  381s
 238407 108978     cutoff   37      5920.00000 5733.48677  3.15%  58.8  385s
 242295 110436 5742.33968   36  186 5920.00000 5733.56758  3.15%  58.8  390s
 245196 111616 5781.24755   40  164 5920.00000 5733.61814  3.15%  58.9  395s
 249151 112816     cutoff   36      5920.00000 5733.67288  3.15%  58.9  401s
 250680 113645 5733.89899   35  116 5920.00000 5733.70787  3.15%  59.0  405s
 254036 114721     cutoff   48      5920.00000 5733.77108  3.15%  59.1  411s
 256236 115416 5876.66927   40   76 5920.00000 5733.84062  3.14%  59.3  415s
 259875 116664 5736.43517   42  238 5920.00000 5733.88992  3.14%  59.3  420s
 263182 117803 5785.83573   48  107 5920.00000 5733.95385  3.14%  59.5  426s
 265864 118625 5810.80952   34   83 5920.00000 5734.00000  3.14%  59.5  430s
 269588 119627     cutoff   44      5920.00000 5734.04120  3.14%  59.6  436s
 270899 120131 5743.08180   37  123 5920.00000 5734.08287  3.14%  59.7  440s
 274706 121963 infeasible   47      5920.00000 5734.12976  3.14%  59.7  446s
 277287 122954 infeasible   42      5920.00000 5734.14873  3.14%  59.7  450s
 280466 123884 5829.06887   35   62 5920.00000 5734.20485  3.14%  59.8  456s
 283772 124875     cutoff   36      5920.00000 5734.25067  3.14%  59.9  461s
 286164 125567 5819.68246   37   24 5920.00000 5734.31050  3.14%  60.0  465s
 289824 126921     cutoff   45      5920.00000 5734.38743  3.14%  60.0  471s
 292472 127513 5779.57777   47  100 5920.00000 5734.42937  3.13%  60.0  475s
 294782 128690 5735.13262   32  142 5920.00000 5734.47227  3.13%  60.2  480s
 298387 129926 5764.60869   39  160 5920.00000 5734.55298  3.13%  60.1  486s
 299955 130457 5758.42702   38  103 5920.00000 5734.55947  3.13%  60.1  490s
 303600 131498 5745.77001   43  124 5920.00000 5734.60987  3.13%  60.1  496s
 306059 132347 infeasible   46      5920.00000 5734.64862  3.13%  60.1  500s
 309657 133707 5832.62393   46  122 5920.00000 5734.68720  3.13%  60.2  506s
 311835 134683     cutoff   32      5920.00000 5734.70920  3.13%  60.2  511s
 315251 135740     cutoff   44      5920.00000 5734.75444  3.13%  60.2  515s
 319034 136868 5841.69447   41   88 5920.00000 5734.79847  3.13%  60.3  521s
 321592 137609 5819.38199   32  146 5920.00000 5734.84983  3.13%  60.3  525s
 323957 138310 5736.45151   41  239 5920.00000 5734.87377  3.13%  60.4  530s
 327637 139470 infeasible   44      5920.00000 5734.92009  3.13%  60.4  535s
 331212 140704 5838.86826   38  133 5920.00000 5734.97287  3.13%  60.4  541s
 333489 141419 5834.91923   33   92 5920.00000 5735.01377  3.12%  60.5  545s
 335757 142201 5829.19524   31  157 5920.00000 5735.05553  3.12%  60.5  551s
 338650 143313 5847.87910   37   89 5920.00000 5735.09604  3.12%  60.5  555s
 342716 144534 5749.17865   41  148 5920.00000 5735.11853  3.12%  60.5  561s
 345233 145043     cutoff   45      5920.00000 5735.13755  3.12%  60.5  565s
 348181 145989 5843.06667   43   43 5920.00000 5735.20609  3.12%  60.6  571s
 350702 146756 5747.61741   37  131 5920.00000 5735.25803  3.12%  60.7  575s
 353019 147620 5826.77054   42  156 5920.00000 5735.26893  3.12%  60.7  580s
 355582 148473     cutoff   39      5920.00000 5735.28328  3.12%  60.7  585s
 358414 149159     cutoff   42      5920.00000 5735.33410  3.12%  60.8  591s
 360502 149775 5820.44233   38  152 5920.00000 5735.36978  3.12%  60.8  596s
 362790 150333     cutoff   37      5920.00000 5735.41870  3.12%  60.9  600s

Cutting planes:
  Learned: 99
  Gomory: 5
  Cover: 328
  MIR: 327
  StrongCG: 17
  Flow cover: 280
  Inf proof: 18
  Zero half: 2
  Network: 2
  RLT: 8
  Relax-and-lift: 30

Explored 363429 nodes (22170203 simplex iterations) in 600.10 seconds (219.42 work units)
Thread count was 12 (of 12 available processors)

Solution count 10: 5920 6000 6140 ... 6996

Time limit reached
Best objective 5.920000000000e+03, best bound 5.736000000000e+03, gap 3.1081%
