
Gurobi 12.0.0 (win64) logging started Tue Feb 24 23:03:19 2026

Set parameter LogFile to value "Storage_orig/Logs/log______Sens_truck_cost_multiplier_1.25_2026_02_24_23_03_19.log"
Set parameter MIPGap to value 0.005
Set parameter OutputFlag to value 1
Gurobi Optimizer version 12.0.0 build v12.0.0rc1 (win64 - Windows 11+.0 (26200.2))

CPU model: Intel(R) Core(TM) i7-9750H CPU @ 2.60GHz, instruction set [SSE2|AVX|AVX2]
Thread count: 6 physical cores, 12 logical processors, using up to 12 threads

Non-default parameters:
MIPGap  0.005
MIPFocus  2

Optimize a model with 5520 rows, 1080 columns and 14632 nonzeros
Model fingerprint: 0xc8df9bfd
Variable types: 24 continuous, 1056 integer (720 binary)
Coefficient statistics:
  Matrix range     [2e-01, 1e+03]
  Objective range  [1e+01, 2e+03]
  Bounds range     [1e+00, 1e+00]
  RHS range        [1e+00, 1e+03]

User MIP start produced solution with objective 5722 (0.01s)
Loaded user MIP start with objective 5722

Presolve removed 3920 rows and 216 columns
Presolve time: 0.02s
Presolved: 1600 rows, 864 columns, 8604 nonzeros
Variable types: 24 continuous, 840 integer (600 binary)
Root relaxation presolve removed 4 rows and 0 columns
Root relaxation presolved: 1596 rows, 864 columns, 8564 nonzeros


Root relaxation: objective 4.977000e+03, 820 iterations, 0.05 seconds (0.03 work units)

    Nodes    |    Current Node    |     Objective Bounds      |     Work
 Expl Unexpl |  Obj  Depth IntInf | Incumbent    BestBd   Gap | It/Node Time

     0     0 4977.00003    0   37 5722.00000 4977.00003  13.0%     -    0s
     0     0 4984.38691    0  102 5722.00000 4984.38691  12.9%     -    0s
     0     0 4990.35840    0   96 5722.00000 4990.35840  12.8%     -    0s
     0     0 5098.10553    0  115 5722.00000 5098.10553  10.9%     -    0s
     0     0 5098.10553    0   97 5722.00000 5098.10553  10.9%     -    0s
     0     0 5098.10553    0  114 5722.00000 5098.10553  10.9%     -    0s
     0     0 5098.10553    0  119 5722.00000 5098.10553  10.9%     -    0s
     0     0 5157.91489    0  181 5722.00000 5157.91489  9.86%     -    1s
     0     0 5161.64575    0  181 5722.00000 5161.64575  9.79%     -    1s
     0     0 5163.40448    0  179 5722.00000 5163.40448  9.76%     -    1s
     0     0 5163.88057    0  191 5722.00000 5163.88057  9.75%     -    1s
     0     0 5163.94420    0  215 5722.00000 5163.94420  9.75%     -    1s
     0     0 5171.98884    0  165 5722.00000 5171.98884  9.61%     -    2s
     0     0 5177.47879    0  168 5722.00000 5177.47879  9.52%     -    2s
     0     0 5177.56701    0  189 5722.00000 5177.56701  9.51%     -    2s
     0     0 5179.35829    0  209 5722.00000 5179.35829  9.48%     -    3s
     0     0 5179.83226    0  273 5722.00000 5179.83226  9.48%     -    3s
     0     0 5179.83226    0  288 5722.00000 5179.83226  9.48%     -    4s
     0     0 5182.86875    0  241 5722.00000 5182.86875  9.42%     -    4s
     0     0 5182.99500    0  277 5722.00000 5182.99500  9.42%     -    4s
     0     0 5185.88364    0  274 5722.00000 5185.88364  9.37%     -    5s
     0     0 5186.41455    0  300 5722.00000 5186.41455  9.36%     -    5s
     0     0 5186.41455    0  320 5722.00000 5186.41455  9.36%     -    5s
     0     0 5186.41455    0  256 5722.00000 5186.41455  9.36%     -    5s
     0     2 5186.71828    0  240 5722.00000 5186.71828  9.35%     -    6s
   352   324 5334.74177   57   88 5722.00000 5192.77442  9.25%   114   10s
  1304   971 5269.21740   11  205 5722.00000 5194.54544  9.22%   146   15s
  1771  1195 5243.90315   11  256 5722.00000 5207.48775  8.99%   156   20s
  1781  1202 5418.40000   17  286 5722.00000 5207.48775  8.99%   155   25s
  1793  1210 5285.46179   14  392 5722.00000 5228.73494  8.62%   154   30s
  1799  1214 5571.52854   40  382 5722.00000 5230.80657  8.58%   153   35s
  1805  1218 5363.44571   24  412 5722.00000 5233.21727  8.54%   153   40s
  1908  1299 5258.47149   16  381 5722.00000 5236.37520  8.49%   180   45s
  2135  1334     cutoff   23      5722.00000 5258.40312  8.10%   194   50s
  2471  1359     cutoff   20      5722.00000 5278.79282  7.75%   200   55s
  3040  1261 5452.55776   19  179 5722.00000 5320.38440  7.02%   198   60s
  3599  1093 5654.46972   32   59 5722.00000 5362.11020  6.29%   200   65s
  4155   891 5631.40611   28  229 5722.00000 5372.51053  6.11%   200   70s
  4873   604 5567.35455   23  156 5722.00000 5411.69698  5.42%   197   76s
  5519   242     cutoff   24      5722.00000 5477.25000  4.28%   192   80s
  7422   717 5681.57143   40   53 5722.00000 5577.80000  2.52%   164   86s
  8987   962 5589.97230   43  151 5722.00000 5585.00000  2.39%   144   90s
 10730  1049     cutoff   37      5722.00000 5594.47870  2.23%   132   95s
 12383  1098 5629.23214   44   96 5722.00000 5620.74562  1.77%   125  100s
 13300  1104 5690.00000   29    5 5722.00000 5625.72099  1.68%   121  105s
 15559  1159 infeasible   40      5722.00000 5650.83333  1.24%   114  111s
 16930  1103 5705.65231   43  112 5722.00000 5655.00000  1.17%   112  116s
 19411  1152     cutoff   36      5722.00000 5685.23832  0.64%   103  121s
 21388  1256     cutoff   45      5722.00000 5686.00000  0.63%  96.8  125s
 26480  1485     cutoff   42      5722.00000 5689.00000  0.58%  82.4  131s
 29942  1517     cutoff   45      5722.00000 5689.00000  0.58%  74.7  135s
 35046  1684 5699.83509   38   92 5722.00000 5689.00000  0.58%  66.9  141s
 38746  1792 5689.00000   39    1 5722.00000 5689.00000  0.58%  62.5  146s
 41317  1921     cutoff   45      5722.00000 5689.00000  0.58%  59.8  150s
 47068  2014     cutoff   30      5722.00000 5689.00000  0.58%  55.2  156s
 51282  2049     cutoff   42      5722.00000 5689.00000  0.58%  52.4  161s
 55200  2144 5692.39265   21  117 5722.00000 5689.00000  0.58%  50.4  165s
 59272  2050     cutoff   41      5722.00000 5689.00000  0.58%  48.5  170s
 62234  1648     cutoff   31      5722.00000 5689.11399  0.57%  47.7  176s
 65090  1040 5700.53404   39   81 5722.00000 5692.05990  0.52%  47.0  181s

Cutting planes:
  Gomory: 32
  Cover: 605
  Implied bound: 11
  MIR: 438
  StrongCG: 48
  Flow cover: 665
  GUB cover: 2
  Inf proof: 4
  Zero half: 27
  Network: 2
  RLT: 1
  Relax-and-lift: 71

Explored 67246 nodes (3126280 simplex iterations) in 183.09 seconds (50.14 work units)
Thread count was 12 (of 12 available processors)

Solution count 2: 5722 5722 

Optimal solution found (tolerance 5.00e-03)
Best objective 5.722000000000e+03, best bound 5.704000000000e+03, gap 0.3146%
