
Gurobi 12.0.0 (win64) logging started Sun Feb 15 18:42:06 2026

Set parameter LogFile to value "Storage_orig/Logs/log______Sens_truck_cost_multiplier_0.5_2026_02_15_18_42_06.log"
Set parameter MIPGap to value 0.01
Set parameter OutputFlag to value 1
Read solution from file Storage_orig/Solutions/solved________2026_02_15_18_35_33.sol
Gurobi Optimizer version 12.0.0 build v12.0.0rc1 (win64 - Windows 11+.0 (26200.2))

CPU model: Intel(R) Core(TM) i7-9750H CPU @ 2.60GHz, instruction set [SSE2|AVX|AVX2]
Thread count: 6 physical cores, 12 logical processors, using up to 12 threads

Non-default parameters:
MIPGap  0.01
MIPFocus  1

Optimize a model with 4170 rows, 840 columns and 11004 nonzeros
Model fingerprint: 0x26846090
Variable types: 18 continuous, 822 integer (570 binary)
Coefficient statistics:
  Matrix range     [2e-01, 1e+03]
  Objective range  [1e+01, 2e+03]
  Bounds range     [1e+00, 1e+00]
  RHS range        [1e+00, 1e+03]

Loaded user MIP start with objective 5182

Presolve removed 2940 rows and 192 columns
Presolve time: 0.07s
Presolved: 1230 rows, 648 columns, 6453 nonzeros
Variable types: 18 continuous, 630 integer (450 binary)

Root relaxation: objective 4.613467e+03, 482 iterations, 0.04 seconds (0.01 work units)

    Nodes    |    Current Node    |     Objective Bounds      |     Work
 Expl Unexpl |  Obj  Depth IntInf | Incumbent    BestBd   Gap | It/Node Time

     0     0 4613.46670    0   33 5182.00000 4613.46670  11.0%     -    0s
     0     0 4670.26675    0   58 5182.00000 4670.26675  9.88%     -    0s
     0     0 4674.96828    0   65 5182.00000 4674.96828  9.78%     -    0s
     0     0 4691.98001    0   59 5182.00000 4691.98001  9.46%     -    0s
     0     0 4692.91482    0   63 5182.00000 4692.91482  9.44%     -    0s
     0     0 4692.91606    0   63 5182.00000 4692.91606  9.44%     -    0s
     0     0 4848.58161    0  114 5182.00000 4848.58161  6.43%     -    0s
     0     0 4900.90069    0   93 5182.00000 4900.90069  5.42%     -    0s
     0     0 4906.52887    0  109 5182.00000 4906.52887  5.32%     -    0s
     0     0 4909.32224    0  111 5182.00000 4909.32224  5.26%     -    0s
     0     0 4909.32224    0  115 5182.00000 4909.32224  5.26%     -    0s
     0     0 4944.12438    0  147 5182.00000 4944.12438  4.59%     -    1s
     0     0 4956.10055    0  134 5182.00000 4956.10055  4.36%     -    1s
     0     0 4956.78026    0  109 5182.00000 4956.78026  4.35%     -    1s
     0     0 4957.52159    0  139 5182.00000 4957.52159  4.33%     -    1s
     0     0 4957.53303    0  165 5182.00000 4957.53303  4.33%     -    1s
     0     0 4957.88522    0  183 5182.00000 4957.88522  4.32%     -    1s
     0     0 4958.25007    0  102 5182.00000 4958.25007  4.32%     -    1s
     0     0 4958.46201    0  173 5182.00000 4958.46201  4.31%     -    1s
     0     0 4958.94711    0  192 5182.00000 4958.94711  4.30%     -    1s
     0     0 4959.13908    0  179 5182.00000 4959.13908  4.30%     -    1s
     0     0 4959.58895    0  172 5182.00000 4959.58895  4.29%     -    1s
     0     0 4959.68344    0  192 5182.00000 4959.68344  4.29%     -    1s
     0     0 4959.72614    0  214 5182.00000 4959.72614  4.29%     -    1s
     0     0 4959.74049    0  230 5182.00000 4959.74049  4.29%     -    1s
     0     0 4959.94362    0  232 5182.00000 4959.94362  4.29%     -    1s
     0     2 4959.94362    0  217 5182.00000 4959.94362  4.29%     -    2s
   338   315 5008.29754   31   56 5182.00000 4961.72853  4.25%  50.7    5s
  1612  1233 4992.61768   18   33 5182.00000 4970.21806  4.09%  35.5   10s
  1642  1253 4992.67362   30  302 5182.00000 4970.21806  4.09%  34.8   15s
  1646  1256 4995.07177   29  264 5182.00000 4970.21806  4.09%  34.7   23s
  1647  1260 4970.21806   10  246 5182.00000 4970.21806  4.09%  39.5   25s
  1858  1394 4985.64358   20   62 5182.00000 4970.21806  4.09%  45.6   30s
  2112  1455 4977.66667   17  113 5182.00000 4970.21806  4.09%  45.4   35s
  2621  1713 5121.52508   58   47 5182.00000 4970.21806  4.09%  46.2   40s
H 3021  1722                    5148.0000000 4972.29080  3.41%  47.0   44s
  3038  1727 5010.22211   27  122 5148.00000 4972.29080  3.41%  46.9   45s
  5469  2583 4990.63540   30   26 5148.00000 4984.05729  3.18%  47.8   50s
  8944  4761 4993.95757   57   93 5148.00000 4984.19164  3.18%  46.3   55s
 12340  6578     cutoff   35      5148.00000 4984.21285  3.18%  43.7   60s
 16716  8984 infeasible   36      5148.00000 4984.31579  3.18%  40.6   65s
 20603 11271 5003.33203   35   81 5148.00000 4984.43604  3.18%  40.6   70s
 25084 12918 5015.30907   43  102 5148.00000 4984.46154  3.18%  40.7   75s
 27490 13963 5098.36319   43   74 5148.00000 4984.46154  3.18%  41.2   80s
 31337 15221 5002.12564   41   72 5148.00000 4984.46154  3.18%  42.7   87s
 33603 16061 5003.58330   41  103 5148.00000 4984.46154  3.18%  43.4   90s
 37386 17237 4992.79272   42   71 5148.00000 4984.46154  3.18%  44.0   95s
 40942 18240 5074.74746   45   26 5148.00000 4984.46154  3.18%  45.0  101s
 43549 19189 5075.66633   37   26 5148.00000 4984.50704  3.18%  45.0  105s
H43734 18786                    5111.0000000 4984.50704  2.47%  45.0  105s
 46459 20257 5108.25714   30   58 5111.00000 4984.53327  2.47%  44.8  110s
 49067 21211 4993.11314   30   75 5111.00000 4984.53327  2.47%  44.9  115s
 53077 23552 infeasible   49      5111.00000 4984.58304  2.47%  44.6  121s
 56872 25438 5000.06868   33  121 5111.00000 4984.58304  2.47%  44.2  126s
 60673 26383 5049.07186   20  133 5111.00000 4985.03374  2.46%  44.1  130s
 63451 27198 5089.36000   38   49 5111.00000 4985.46184  2.46%  45.1  135s
 66776 28790 infeasible   39      5111.00000 4985.64696  2.45%  45.1  141s
 70409 30631 5002.88325   52  157 5111.00000 4986.16152  2.44%  45.0  146s
 72614 31834 4991.60945   51  117 5111.00000 4986.16152  2.44%  45.2  150s
 75194 33236 infeasible   52      5111.00000 4986.16152  2.44%  45.2  156s
 78877 34700 5094.76147   30   97 5111.00000 4986.56093  2.43%  45.5  162s
 81261 35813 4986.71445   36   79 5111.00000 4986.71445  2.43%  45.7  166s
 84534 37412 5015.17771   47   75 5111.00000 4986.71445  2.43%  45.8  170s
 87917 39371     cutoff   38      5111.00000 4986.71445  2.43%  46.2  176s
 91844 40890 4991.87052   46   74 5111.00000 4986.71445  2.43%  46.4  181s
 94552 42447 5002.78257   39   92 5111.00000 4986.71445  2.43%  46.6  185s
 98484 44239 4993.75557   47   45 5111.00000 4986.71445  2.43%  46.8  190s
 101633 45577 5088.25000   40  109 5111.00000 4986.71445  2.43%  47.2  196s
 105025 47223 5002.80000   39  153 5111.00000 4986.71445  2.43%  47.6  201s
 107326 47839 5004.14110   42  156 5111.00000 4986.71445  2.43%  48.0  206s
 107670 48371     cutoff   45      5111.00000 4986.71445  2.43%  48.1  210s
 111029 49480 5002.80000   40   63 5111.00000 4986.71445  2.43%  48.6  216s
 112514 50669 4997.76484   51   83 5111.00000 4986.71445  2.43%  48.9  221s
 115478 51974 4989.18911   40  138 5111.00000 4986.71445  2.43%  49.0  225s
 117858 52971 infeasible   44      5111.00000 4986.71445  2.43%  49.4  230s
 121558 54088 5011.77172   42  120 5111.00000 4986.71445  2.43%  50.0  236s
 124126 55132 4989.14399   39  128 5111.00000 4986.71445  2.43%  50.3  241s
 127401 56916 4995.02005   23  105 5111.00000 4987.05164  2.43%  50.2  245s
 132838 59020 5004.49571   42  123 5111.00000 4987.18839  2.42%  49.6  250s
 136169 60376 5013.55679   41   90 5111.00000 4987.25010  2.42%  49.9  255s
 138886 61419 5012.75140   39   90 5111.00000 4987.25010  2.42%  50.1  260s
 141619 62248 5104.89380   38   37 5111.00000 4987.25475  2.42%  50.6  265s
 144945 63718 4999.21127   39  112 5111.00000 4987.25587  2.42%  50.7  271s
 147654 64912 5095.14931   38   95 5111.00000 4987.26817  2.42%  50.7  275s
 150510 66282 4996.10584   37  158 5111.00000 4987.33144  2.42%  50.5  281s
 152493 67199 5015.77665   41  131 5111.00000 4987.36519  2.42%  50.7  285s
 155632 68552 4989.28691   41  167 5111.00000 4987.36519  2.42%  50.9  291s
 158136 69545 5002.66906   33  145 5111.00000 4987.36519  2.42%  51.0  295s
 160861 70572 infeasible   42      5111.00000 4987.36519  2.42%  51.1  301s
 162944 71614 4989.18435   40  158 5111.00000 4987.36519  2.42%  51.3  305s
 166400 72882 5070.67519   52  108 5111.00000 4987.36519  2.42%  51.5  312s
 168686 73992 4987.36519   37   84 5111.00000 4987.36519  2.42%  51.6  316s
 171151 74943     cutoff   49      5111.00000 4987.36519  2.42%  51.7  321s
 173754 76076     cutoff   49      5111.00000 4987.36519  2.42%  51.9  329s
 174912 76399 infeasible   46      5111.00000 4987.36519  2.42%  52.0  336s
 176193 76854 4991.00271   41  141 5111.00000 4987.36519  2.42%  52.1  344s
 177412 77335 4987.63368   35  109 5111.00000 4987.36519  2.42%  52.1  352s
 178630 77719 5016.33333   53   54 5111.00000 4987.36519  2.42%  52.2  361s
 179780 78199 5002.80000   35  143 5111.00000 4987.36519  2.42%  52.3  368s
 181109 78630 5003.04638   40   94 5111.00000 4987.36519  2.42%  52.4  378s
 182303 79081 5003.71911   44  124 5111.00000 4987.36519  2.42%  52.5  387s
 183407 79632     cutoff   44      5111.00000 4987.36519  2.42%  52.6  397s
 184633 79919 4992.33182   46   54 5111.00000 4987.36519  2.42%  52.7  405s
 186983 80851 4990.63768   43   31 5111.00000 4987.36519  2.42%  52.9  410s
 189419 81636     cutoff   44      5111.00000 4987.36519  2.42%  53.0  415s
 191202 82454 4989.16765   39  127 5111.00000 4987.36519  2.42%  53.2  420s
 193792 83186     cutoff   55      5111.00000 4987.36519  2.42%  53.4  425s
 197562 84521 5002.80000   39  145 5111.00000 4987.36519  2.42%  53.7  432s
 200041 85524 infeasible   36      5111.00000 4987.39475  2.42%  53.8  437s
 202724 86687 5005.73936   51  147 5111.00000 4987.40382  2.42%  53.6  440s
 206401 88508 5005.62378   35  144 5111.00000 4987.51622  2.42%  53.5  445s
 209962 89844 4992.53104   31  166 5111.00000 4987.51722  2.42%  53.3  451s
 213959 91699 4991.21921   34  111 5111.00000 4987.51722  2.42%  53.1  456s
 218157 94198 5088.01160   36   47 5111.00000 4987.51722  2.42%  52.9  461s
 222529 95664 5042.67115   30  106 5111.00000 4987.51937  2.42%  52.6  465s
 227381 97243 infeasible   39      5111.00000 4987.51937  2.42%  52.3  471s
 227551 97326 5006.75152   41  125 5111.00000 4987.51937  2.42%  52.3  475s
 228613 97999 4987.98735   26  128 5111.00000 4987.51937  2.42%  52.3  480s
 230739 98622 4998.75270   39  167 5111.00000 4987.56667  2.42%  52.2  485s
 231686 98973 4995.15999   50  129 5111.00000 4987.58367  2.41%  52.2  492s
 232396 99297 4989.22797   38  149 5111.00000 4987.58367  2.41%  52.2  498s
 233212 99822 5059.33333   40   46 5111.00000 4987.58367  2.41%  52.2  504s
 234333 100222 4989.67839   40  150 5111.00000 4987.58367  2.41%  52.2  511s
 235240 100663 5006.46161   46   98 5111.00000 4987.58367  2.41%  52.2  517s
 236245 101090 5072.49603   44   78 5111.00000 4987.58367  2.41%  52.2  524s
 237277 101700 5005.08220   40  145 5111.00000 4987.58367  2.41%  52.2  533s
 238562 102135 4991.84848   38   92 5111.00000 4987.58367  2.41%  52.2  541s
 239794 102621     cutoff   52      5111.00000 4987.58367  2.41%  52.3  549s
 241112 103185 4997.89923   36  102 5111.00000 4987.58367  2.41%  52.3  556s
 242349 103742 4989.99408   40  170 5111.00000 4987.58367  2.41%  52.3  563s
 243679 104276 4989.64972   40  155 5111.00000 4987.58367  2.41%  52.3  571s
 245063 104753 4987.58367   36   81 5111.00000 4987.58367  2.41%  52.3  579s
 246299 105278 4989.64165   40  142 5111.00000 4987.58367  2.41%  52.4  586s
 247519 106105 4999.76913   41  191 5111.00000 4987.58367  2.41%  52.4  594s
 249295 106549     cutoff   44      5111.00000 4987.58367  2.41%  52.3  598s
 250461 106944 5013.09787   44  149 5111.00000 4987.58367  2.41%  52.3  601s
 252404 107863 5013.99037   46  158 5111.00000 4987.58367  2.41%  52.4  605s
 254864 108722     cutoff   45      5111.00000 4987.58367  2.41%  52.4  610s
 258403 110064 5034.96128   59  116 5111.00000 4987.58367  2.41%  52.5  616s
 260751 110740     cutoff   39      5111.00000 4987.58367  2.41%  52.6  621s

Cutting planes:
  Learned: 33
  Gomory: 5
  Cover: 221
  MIR: 191
  StrongCG: 9
  Flow cover: 197
  Inf proof: 1
  Zero half: 1
  Network: 2
  RLT: 9
  Relax-and-lift: 8

Explored 263549 nodes (13892315 simplex iterations) in 624.52 seconds (163.87 work units)
Thread count was 12 (of 12 available processors)

Solution count 3: 5111 5148 5182 

Solve interrupted
Best objective 5.111000000000e+03, best bound 4.988000000000e+03, gap 2.4066%
