
Gurobi 12.0.0 (win64) logging started Wed Feb 25 22:06:32 2026

Set parameter LogFile to value "Storage_orig/Logs/log_____________2026_02_25_22_06_32.log"
Set parameter MIPGap to value 0
Set parameter OutputFlag to value 1
Gurobi Optimizer version 12.0.0 build v12.0.0rc1 (win64 - Windows 11+.0 (26200.2))

CPU model: Intel(R) Core(TM) i7-9750H CPU @ 2.60GHz, instruction set [SSE2|AVX|AVX2]
Thread count: 6 physical cores, 12 logical processors, using up to 12 threads

Non-default parameters:
MIPGap  0
MIPFocus  2

Optimize a model with 5540 rows, 1032 columns and 14852 nonzeros
Model fingerprint: 0x782258e6
Variable types: 24 continuous, 1008 integer (720 binary)
Coefficient statistics:
  Matrix range     [2e-01, 1e+02]
  Objective range  [1e+01, 2e+03]
  Bounds range     [1e+00, 1e+00]
  RHS range        [1e+00, 2e+02]
Found heuristic solution: objective 18900.000000
Presolve removed 3940 rows and 168 columns
Presolve time: 0.09s
Presolved: 1600 rows, 864 columns, 8604 nonzeros
Variable types: 24 continuous, 840 integer (600 binary)
Root relaxation presolve removed 4 rows and 0 columns
Root relaxation presolved: 1596 rows, 864 columns, 8564 nonzeros


Root relaxation: objective 4.977000e+03, 839 iterations, 0.14 seconds (0.03 work units)

    Nodes    |    Current Node    |     Objective Bounds      |     Work
 Expl Unexpl |  Obj  Depth IntInf | Incumbent    BestBd   Gap | It/Node Time

     0     0 4977.00027    0   28 18900.0000 4977.00027  73.7%     -    0s
H    0     0                    12310.000000 4977.00027  59.6%     -    0s
H    0     0                    11332.000000 4977.00027  56.1%     -    0s
H    0     0                    10452.000000 4977.00027  52.4%     -    0s
H    0     0                    10212.000000 4977.77143  51.3%     -    1s
H    0     0                    9172.0000000 4977.77143  45.7%     -    1s
     0     0 4977.77143    0   76 9172.00000 4977.77143  45.7%     -    1s
     0     0 4978.80107    0   66 9172.00000 4978.80107  45.7%     -    1s
     0     0 5040.04150    0  135 9172.00000 5040.04150  45.0%     -    1s
     0     0 5043.80000    0  136 9172.00000 5043.80000  45.0%     -    1s
     0     0 5049.81794    0  142 9172.00000 5049.81794  44.9%     -    1s
     0     0 5049.81794    0  146 9172.00000 5049.81794  44.9%     -    1s
H    0     0                    8991.0000000 5049.81794  43.8%     -    1s
H    0     0                    8851.0000000 5049.81794  42.9%     -    1s
H    0     0                    8311.0000000 5126.02854  38.3%     -    2s
H    0     0                    7073.0000000 5126.02854  27.5%     -    2s
H    0     0                    6453.0000000 5126.02854  20.6%     -    2s
     0     0 5126.02854    0  208 6453.00000 5126.02854  20.6%     -    2s
     0     0 5130.06184    0  221 6453.00000 5130.06184  20.5%     -    2s
     0     0 5135.87200    0  209 6453.00000 5135.87200  20.4%     -    2s
H    0     0                    6357.0000000 5136.29036  19.2%     -    2s
     0     0 5136.29036    0  222 6357.00000 5136.29036  19.2%     -    2s
     0     0 5136.88801    0  238 6357.00000 5136.88801  19.2%     -    2s
     0     0 5140.92226    0  235 6357.00000 5140.92226  19.1%     -    2s
     0     0 5140.92226    0  251 6357.00000 5140.92226  19.1%     -    2s
H    0     0                    6217.0000000 5140.92226  17.3%     -    2s
     0     0 5169.03646    0   51 6217.00000 5169.03646  16.9%     -    3s
     0     0 5169.13257    0   69 6217.00000 5169.13257  16.9%     -    3s
H    0     0                    5652.0000000 5169.13257  8.54%     -    3s
H    0     0                    5592.0000000 5169.13257  7.56%     -    3s
H    0     0                    5532.0000000 5169.13257  6.56%     -    3s
     0     0 5181.41395    0  135 5532.00000 5181.41395  6.34%     -    3s
     0     0 5182.34545    0   71 5532.00000 5182.34545  6.32%     -    3s
     0     0 5182.34545    0  194 5532.00000 5182.34545  6.32%     -    3s
     0     0 5182.34545    0  223 5532.00000 5182.34545  6.32%     -    3s
     0     0 5182.34545    0  236 5532.00000 5182.34545  6.32%     -    4s
     0     0 5182.34545    0  174 5532.00000 5182.34545  6.32%     -    4s
     0     2 5182.34545    0  162 5532.00000 5182.34545  6.32%     -    4s
   130   137 5206.07444   20  110 5532.00000 5184.80000  6.28%   165    5s
  1085   681 5510.81286   17  207 5532.00000 5194.42500  6.10%   124   10s
  1765   899 5468.79105    9  202 5532.00000 5217.16733  5.69%   129   15s
  2511  1121 5338.28571    9  174 5532.00000 5258.63946  4.94%   133   21s
  2521  1128 5424.39939   28  351 5532.00000 5258.63946  4.94%   133   25s
  2560  1164 5258.63946   15  246 5532.00000 5258.63946  4.94%   138   30s
  3022  1070 5489.23943   28  142 5532.00000 5322.55597  3.79%   143   35s
  3912  1003 5436.20110   32   71 5532.00000 5421.60000  2.00%   131   40s
  5559   689 5503.00000   21  168 5532.00000 5442.87872  1.61%   117   45s
  7151   482     cutoff   41      5532.00000 5467.06452  1.17%   109   50s
 10142   292     cutoff   27      5532.00000 5526.00000  0.11%  93.2   55s
 15396   525 5529.00000   40    1 5532.00000 5529.00000  0.05%  63.8   60s
 20219   502 5529.00000   43    1 5532.00000 5529.00000  0.05%  49.6   65s
 28073   581     cutoff   47      5532.00000 5529.00000  0.05%  37.1   70s
 36109   889 5529.00000   46    1 5532.00000 5529.00000  0.05%  29.9   76s
 41176   997 5529.00000   50    1 5532.00000 5529.00000  0.05%  26.6   80s
 49314   983 5529.00000   45    1 5532.00000 5529.00000  0.05%  22.8   85s
 55887  1161     cutoff   38      5532.00000 5529.00000  0.05%  20.5   90s
 62469  1381 5529.00000   53    1 5532.00000 5529.00000  0.05%  18.7   95s
 71220  1405 5529.00000   57    1 5532.00000 5529.00000  0.05%  16.8  100s
 78179  1603     cutoff   41      5532.00000 5529.00000  0.05%  15.6  105s
 86118  1595 5529.00000   56    1 5532.00000 5529.00000  0.05%  14.4  110s
 95808  1487 5529.00000   46    5 5532.00000 5529.00000  0.05%  13.3  115s
 101655  1511 5529.00000   48    1 5532.00000 5529.00000  0.05%  12.7  120s
 109631  1610 5529.00000   50    1 5532.00000 5529.00000  0.05%  12.0  125s
 119447  1627 5529.00000   57    1 5532.00000 5529.00000  0.05%  11.3  130s
 126495  1837 5529.00000   57    1 5532.00000 5529.00000  0.05%  10.9  136s
 131303  1910 5529.00000   53    1 5532.00000 5529.00000  0.05%  10.6  140s
 141068  1862     cutoff   42      5532.00000 5529.00000  0.05%  10.1  145s
 147649  1971 5529.00000   46    1 5532.00000 5529.00000  0.05%   9.8  150s
 153836  1998     cutoff   55      5532.00000 5529.00000  0.05%   9.5  155s
 163668  2110     cutoff   41      5532.00000 5529.00000  0.05%   9.2  160s
 170752  2059 5529.00000   47    7 5532.00000 5529.00000  0.05%   9.0  165s
 177335  2166     cutoff   43      5532.00000 5529.00000  0.05%   8.8  170s
 186169  1990 5529.00000   51    1 5532.00000 5529.00000  0.05%   8.6  175s
 193373  1781     cutoff   50      5532.00000 5529.00000  0.05%   8.4  180s
 199195   586     cutoff   56      5532.00000 5529.00000  0.05%   8.3  185s

Cutting planes:
  Learned: 7
  Gomory: 9
  Cover: 360
  Implied bound: 10
  MIR: 207
  StrongCG: 39
  Flow cover: 339
  Inf proof: 2
  Zero half: 17
  Network: 5
  RLT: 1
  Relax-and-lift: 21

Explored 200692 nodes (1670738 simplex iterations) in 185.77 seconds (38.40 work units)
Thread count was 12 (of 12 available processors)

Solution count 10: 5532 5532 5592 ... 8851

Optimal solution found (tolerance 0.00e+00)
Best objective 5.532000000000e+03, best bound 5.532000000000e+03, gap 0.0000%
