
Gurobi 12.0.0 (win64) logging started Thu Feb 26 00:07:54 2026

Set parameter LogFile to value "Storage_orig/Logs/log______Sens_gamma_50_2026_02_26_00_07_54.log"
Set parameter MIPGap to value 0
Set parameter OutputFlag to value 1
Set parameter TimeLimit to value 1000
Gurobi Optimizer version 12.0.0 build v12.0.0rc1 (win64 - Windows 11+.0 (26200.2))

CPU model: Intel(R) Core(TM) i7-9750H CPU @ 2.60GHz, instruction set [SSE2|AVX|AVX2]
Thread count: 6 physical cores, 12 logical processors, using up to 12 threads

Non-default parameters:
TimeLimit  1000
MIPGap  0
MIPFocus  2

Optimize a model with 5540 rows, 1032 columns and 14852 nonzeros
Model fingerprint: 0xa6c2998e
Variable types: 24 continuous, 1008 integer (720 binary)
Coefficient statistics:
  Matrix range     [2e-01, 1e+02]
  Objective range  [1e+01, 2e+03]
  Bounds range     [1e+00, 1e+00]
  RHS range        [1e+00, 2e+02]

User MIP start produced solution with objective 5295 (0.01s)
Loaded user MIP start with objective 5295

Presolve removed 3940 rows and 168 columns
Presolve time: 0.02s
Presolved: 1600 rows, 864 columns, 8604 nonzeros
Variable types: 24 continuous, 840 integer (600 binary)
Root relaxation presolve removed 4 rows and 0 columns
Root relaxation presolved: 1596 rows, 864 columns, 8564 nonzeros


Root relaxation: objective 4.807000e+03, 839 iterations, 0.04 seconds (0.03 work units)

    Nodes    |    Current Node    |     Objective Bounds      |     Work
 Expl Unexpl |  Obj  Depth IntInf | Incumbent    BestBd   Gap | It/Node Time

     0     0 4807.00027    0   28 5295.00000 4807.00027  9.22%     -    0s
     0     0 4819.88387    0   77 5295.00000 4819.88387  8.97%     -    0s
     0     0 4829.40887    0   57 5295.00000 4829.40887  8.79%     -    0s
     0     0 4851.08387    0  125 5295.00000 4851.08387  8.38%     -    0s
     0     0 4854.33333    0  128 5295.00000 4854.33333  8.32%     -    0s
     0     0 4854.33333    0  141 5295.00000 4854.33333  8.32%     -    0s
     0     0 4854.33333    0  141 5295.00000 4854.33333  8.32%     -    0s
     0     0 4858.61071    0  142 5295.00000 4858.61071  8.24%     -    0s
H    0     0                    5282.0000000 4887.95237  7.46%     -    0s
     0     0 4887.95237    0  175 5282.00000 4887.95237  7.46%     -    0s
     0     0 4892.03293    0  204 5282.00000 4892.03293  7.38%     -    0s
     0     0 4893.28690    0  193 5282.00000 4893.28690  7.36%     -    1s
H    0     0                    5266.0000000 4893.64583  7.07%     -    1s
     0     0 4893.64583    0  196 5266.00000 4893.64583  7.07%     -    1s
     0     0 4893.65603    0  217 5266.00000 4893.65603  7.07%     -    1s
     0     0 4896.72674    0  202 5266.00000 4896.72674  7.01%     -    1s
     0     0 4897.88720    0  202 5266.00000 4897.88720  6.99%     -    1s
     0     0 4900.47735    0  206 5266.00000 4900.47735  6.94%     -    1s
     0     0 4901.46734    0  246 5266.00000 4901.46734  6.92%     -    1s
     0     0 4901.82979    0  281 5266.00000 4901.82979  6.92%     -    1s
     0     0 4901.83162    0  283 5266.00000 4901.83162  6.92%     -    1s
     0     0 4911.36522    0  122 5266.00000 4911.36522  6.73%     -    1s
     0     0 4911.84710    0  146 5266.00000 4911.84710  6.73%     -    1s
     0     0 4911.84710    0  145 5266.00000 4911.84710  6.73%     -    2s
     0     0 4911.84710    0   71 5266.00000 4911.84710  6.73%     -    2s
     0     0 4911.84710    0   58 5266.00000 4911.84710  6.73%     -    2s
     0     0 4912.00159    0  214 5266.00000 4912.00159  6.72%     -    2s
     0     0 4912.16282    0  290 5266.00000 4912.16282  6.72%     -    2s
     0     0 4913.22581    0  276 5266.00000 4913.22581  6.70%     -    2s
H    0     0                    5256.0000000 4913.22581  6.52%     -    2s
     0     0 4913.22581    0  288 5256.00000 4913.22581  6.52%     -    2s
     0     0 4913.22581    0  275 5256.00000 4913.22581  6.52%     -    2s
     0     0 4913.22581    0  118 5256.00000 4913.22581  6.52%     -    3s
     0     2 4913.22581    0  103 5256.00000 4913.22581  6.52%     -    3s
   277   227     cutoff   30      5256.00000 4919.30000  6.41%   160    5s
   821   495 5198.19900   28  166 5256.00000 4923.91625  6.32%   189   10s
  1977   938 5035.84344   13  266 5256.00000 4941.45250  5.98%   174   15s
  2287  1025 5215.58317   17  416 5256.00000 4944.58409  5.92%   172   20s
  2301  1034 5190.29521   17  355 5256.00000 4958.48687  5.66%   171   25s
  2419  1117 5008.02457   16  417 5256.00000 4961.82493  5.60%   185   30s
  3127  1066 5198.54280   26  154 5256.00000 4985.79560  5.14%   198   35s
  3858   744     cutoff   22      5256.00000 5037.66087  4.15%   199   40s
  5896   833 5224.78947   34  151 5256.00000 5172.17169  1.59%   165   45s
  8102  1165 5225.14286   25   19 5256.00000 5188.31164  1.29%   149   50s
 10557  1295     cutoff   27      5256.00000 5201.96335  1.03%   141   55s
 13171  1329     cutoff   34      5256.00000 5209.35673  0.89%   134   60s
 16864  1697 5242.52542   38   83 5256.00000 5226.14930  0.57%   120   65s
 21852  2031     cutoff   48      5256.00000 5229.00000  0.51%   102   70s
 28151  2447     cutoff   45      5256.00000 5229.00000  0.51%  86.2   75s
 34450  2620 5232.37500   43   44 5256.00000 5229.00000  0.51%  76.7   80s
 39206  2763 5229.00000   46    1 5256.00000 5229.00000  0.51%  72.3   86s
 44604  2791 5246.95476   45   60 5256.00000 5229.00000  0.51%  68.3   90s
 51050  2910     cutoff   48      5256.00000 5229.00000  0.51%  63.5   95s
 57530  3099     cutoff   45      5256.00000 5229.00000  0.51%  59.0  100s
