
Gurobi 12.0.0 (win64) logging started Sat Feb 14 21:33:36 2026

Set parameter LogFile to value "Storage_orig/Logs/log______Sens_gamma_500_2026_02_14_21_33_36.log"
Set parameter MIPGap to value 0.01
Set parameter OutputFlag to value 1
Gurobi Optimizer version 12.0.0 build v12.0.0rc1 (win64 - Windows 11+.0 (26200.2))

CPU model: Intel(R) Core(TM) i7-9750H CPU @ 2.60GHz, instruction set [SSE2|AVX|AVX2]
Thread count: 6 physical cores, 12 logical processors, using up to 12 threads

Non-default parameters:
MIPGap  0.01
MIPFocus  1

Optimize a model with 6604 rows, 1332 columns and 17992 nonzeros
Model fingerprint: 0xf43ce860
Variable types: 32 continuous, 1300 integer (724 binary)
Coefficient statistics:
  Matrix range     [2e-01, 1e+03]
  Objective range  [1e+01, 5e+03]
  Bounds range     [1e+00, 1e+00]
  RHS range        [1e+00, 1e+03]

User MIP start produced solution with objective 7974 (0.01s)
Loaded user MIP start with objective 7974

Presolve removed 4892 rows and 228 columns
Presolve time: 0.02s
Presolved: 1712 rows, 1104 columns, 10516 nonzeros
Variable types: 32 continuous, 1072 integer (624 binary)

Root relaxation: objective 3.638840e+03, 836 iterations, 0.01 seconds (0.02 work units)

    Nodes    |    Current Node    |     Objective Bounds      |     Work
 Expl Unexpl |  Obj  Depth IntInf | Incumbent    BestBd   Gap | It/Node Time

     0     0 3638.84000    0   16 7974.00000 3638.84000  54.4%     -    0s
     0     0 4469.26958    0   46 7974.00000 4469.26958  44.0%     -    0s
     0     0 4484.91400    0   57 7974.00000 4484.91400  43.8%     -    0s
     0     0 5039.68985    0   99 7974.00000 5039.68985  36.8%     -    0s
     0     0 5198.55942    0  105 7974.00000 5198.55942  34.8%     -    0s
     0     0 5225.80344    0  125 7974.00000 5225.80344  34.5%     -    0s
     0     0 5237.83356    0  104 7974.00000 5237.83356  34.3%     -    0s
     0     0 5237.83356    0  105 7974.00000 5237.83356  34.3%     -    0s
     0     0 6075.17170    0  182 7974.00000 6075.17170  23.8%     -    0s
     0     0 6330.83991    0   91 7974.00000 6330.83991  20.6%     -    0s
     0     0 6434.09972    0  132 7974.00000 6434.09972  19.3%     -    0s
     0     0 6505.36574    0  108 7974.00000 6505.36574  18.4%     -    0s
     0     0 6510.66650    0  155 7974.00000 6510.66650  18.4%     -    0s
     0     0 6524.49047    0  116 7974.00000 6524.49047  18.2%     -    0s
     0     0 6524.49047    0  120 7974.00000 6524.49047  18.2%     -    0s
     0     0 6692.03130    0  108 7974.00000 6692.03130  16.1%     -    0s
     0     0 6735.92140    0  154 7974.00000 6735.92140  15.5%     -    0s
     0     0 6739.90000    0   31 7974.00000 6739.90000  15.5%     -    0s
     0     0 6741.40000    0   23 7974.00000 6741.40000  15.5%     -    0s
     0     0 6741.40000    0   21 7974.00000 6741.40000  15.5%     -    0s
     0     0 6746.40000    0   34 7974.00000 6746.40000  15.4%     -    0s
     0     2 6746.44307    0   21 7974.00000 6746.44307  15.4%     -    0s
  2083  1109 7392.05773   22   16 7974.00000 7183.30752  9.92%  63.8    5s
  2523  1202 7257.50000   25  108 7974.00000 7253.04808  9.04%  69.1   10s
  3248  1236     cutoff   35      7974.00000 7253.25000  9.04%  71.9   15s
  7844  2292 7673.47143   39   55 7974.00000 7469.90000  6.32%  63.9   20s
 13291  3777 infeasible   36      7974.00000 7477.33333  6.23%  58.7   25s
 18853  5058     cutoff   37      7974.00000 7483.92857  6.15%  57.6   30s
 24211  5729 7547.65669   51   80 7974.00000 7499.00000  5.96%  56.2   35s
 30845  6475 7692.38227   59   30 7974.00000 7518.09091  5.72%  54.3   40s
 35776  7015     cutoff   26      7974.00000 7548.00000  5.34%  54.0   46s
 35802  9769 7551.00000   21   14 7974.00000 7548.00000  5.34%  54.0   66s
 48515 10004 7591.43741   24   57 7974.00000 7553.99356  5.27%  63.8   71s
 51035 10445 7565.37470   29   73 7974.00000 7558.00000  5.22%  65.8   76s
 54479 11098 7721.70838   26   99 7974.00000 7560.08421  5.19%  67.9   82s
 56974 11544     cutoff   34      7974.00000 7561.00000  5.18%  69.3   86s
 59295 11753 7653.45833   28  231 7974.00000 7561.10833  5.18%  70.7   90s
 61646 11934 7787.32523   37  128 7974.00000 7562.59407  5.16%  72.2   95s
 62184 12144 7582.34982   36  147 7974.00000 7562.91209  5.16%  72.4  100s
 64561 12486 7662.19124   41  231 7974.00000 7564.00000  5.14%  73.9  105s
 66925 12667 7806.30094   51  141 7974.00000 7564.20650  5.14%  75.5  110s
 69438 12822     cutoff   34      7974.00000 7565.45267  5.12%  76.6  115s
 72494 13052 infeasible   28      7974.00000 7568.00000  5.09%  78.5  122s
 73982 13001 7632.95114   34  148 7974.00000 7569.54411  5.07%  79.1  125s
 77430 12878 7590.49350   31   20 7974.00000 7573.45036  5.02%  79.2  130s
 81036 12953 7625.10012   30  127 7974.00000 7578.00000  4.97%  80.2  137s
 81405 12933 7830.03636   30   24 7974.00000 7578.00000  4.97%  80.3  142s
 84168 12777     cutoff   29      7974.00000 7580.80148  4.93%  80.7  146s
 86817 12557 7685.00000   54   22 7974.00000 7582.61677  4.91%  81.0  151s
 90335 12079 7619.74200   27  106 7974.00000 7588.03523  4.84%  80.4  156s
 93303 11470 7796.60046   36  147 7974.00000 7592.37575  4.79%  80.2  160s
 99463  9963     cutoff   43      7974.00000 7606.66209  4.61%  78.1  165s
 105049  8860 7652.52050   46   68 7974.00000 7625.14286  4.37%  76.2  170s
 111838  7787 infeasible   44      7974.00000 7649.52581  4.07%  74.1  175s
 118156  6725 infeasible   46      7974.00000 7672.00000  3.79%  72.2  180s
 125718  5025     cutoff   51      7974.00000 7709.61739  3.32%  70.0  185s
 133624  2650     cutoff   38      7974.00000 7772.15758  2.53%  67.6  190s

Cutting planes:
  Learned: 672
  Gomory: 9
  Cover: 209
  MIR: 135
  StrongCG: 8
  Flow cover: 260
  GUB cover: 1
  Inf proof: 9
  Zero half: 2
  Network: 24
  RLT: 26
  Relax-and-lift: 12

Explored 140973 nodes (9228493 simplex iterations) in 194.47 seconds (110.47 work units)
Thread count was 12 (of 12 available processors)

Solution count 1: 7974 

Optimal solution found (tolerance 1.00e-02)
Best objective 7.974000000000e+03, best bound 7.927000000000e+03, gap 0.5894%
