
Gurobi 12.0.0 (win64) logging started Wed Feb 18 23:07:03 2026

Set parameter LogFile to value "Storage_orig/Logs/log______Sens_handling_time_0.2_2026_02_18_23_07_03.log"
Set parameter MIPGap to value 0.01
Set parameter OutputFlag to value 1
Gurobi Optimizer version 12.0.0 build v12.0.0rc1 (win64 - Windows 11+.0 (26200.2))

CPU model: Intel(R) Core(TM) i7-9750H CPU @ 2.60GHz, instruction set [SSE2|AVX|AVX2]
Thread count: 6 physical cores, 12 logical processors, using up to 12 threads

Non-default parameters:
MIPGap  0.01
MIPFocus  2

Optimize a model with 4170 rows, 840 columns and 11004 nonzeros
Model fingerprint: 0xf4d4eb83
Variable types: 18 continuous, 822 integer (570 binary)
Coefficient statistics:
  Matrix range     [2e-01, 1e+03]
  Objective range  [1e+01, 2e+03]
  Bounds range     [1e+00, 1e+00]
  RHS range        [1e+00, 1e+03]

User MIP start did not produce a new incumbent solution
User MIP start violates constraint Time_LB_2_5_1 by 2.300000000

Found heuristic solution: objective 18900.000000
Presolve removed 2940 rows and 192 columns
Presolve time: 0.01s
Presolved: 1230 rows, 648 columns, 6453 nonzeros
Variable types: 18 continuous, 630 integer (450 binary)
Root relaxation presolve removed 3 rows and 0 columns
Root relaxation presolved: 1227 rows, 648 columns, 6423 nonzeros


Root relaxation: objective 5.467500e+03, 475 iterations, 0.01 seconds (0.02 work units)

    Nodes    |    Current Node    |     Objective Bounds      |     Work
 Expl Unexpl |  Obj  Depth IntInf | Incumbent    BestBd   Gap | It/Node Time

     0     0 5467.50003    0   29 18900.0000 5467.50003  71.1%     -    0s
H    0     0                    15224.000000 5467.50003  64.1%     -    0s
H    0     0                    14315.000000 5467.50003  61.8%     -    0s
H    0     0                    11915.000000 5467.50003  54.1%     -    0s
H    0     0                    10175.000000 5467.50003  46.3%     -    0s
     0     0 5468.00013    0   76 10175.0000 5468.00013  46.3%     -    0s
     0     0 5468.14286    0   64 10175.0000 5468.14286  46.3%     -    0s
H    0     0                    10095.000000 5468.14286  45.8%     -    0s
     0     0 5468.14286    0   59 10095.0000 5468.14286  45.8%     -    0s
     0     0 5520.50026    0  157 10095.0000 5520.50026  45.3%     -    0s
     0     0 5536.18199    0  164 10095.0000 5536.18199  45.2%     -    0s
     0     0 5544.86050    0  159 10095.0000 5544.86050  45.1%     -    0s
     0     0 5544.89015    0  171 10095.0000 5544.89015  45.1%     -    0s
     0     0 5545.69601    0  173 10095.0000 5545.69601  45.1%     -    0s
H    0     0                    9895.0000000 5545.69601  44.0%     -    0s
H    0     0                    9588.0000000 5672.00196  40.8%     -    0s
H    0     0                    8089.0000000 5672.00196  29.9%     -    0s
H    0     0                    8050.0000000 5672.00196  29.5%     -    0s
H    0     0                    6369.0000000 5672.00196  10.9%     -    0s
H    0     0                    6309.0000000 5672.00196  10.1%     -    0s
H    0     0                    6293.0000000 5672.00196  9.87%     -    0s
     0     0 5672.00196    0  198 6293.00000 5672.00196  9.87%     -    0s
     0     0 5672.82333    0  202 6293.00000 5672.82333  9.86%     -    0s
     0     0 5673.18651    0  213 6293.00000 5673.18651  9.85%     -    0s
     0     0 5673.30000    0  223 6293.00000 5673.30000  9.85%     -    0s
H    0     0                    6153.0000000 5673.30000  7.80%     -    1s
     0     0 5679.87786    0  261 6153.00000 5679.87786  7.69%     -    1s
     0     0 5680.43480    0  232 6153.00000 5680.43480  7.68%     -    1s
     0     0 5680.43480    0  266 6153.00000 5680.43480  7.68%     -    1s
     0     0 5685.02553    0  259 6153.00000 5685.02553  7.61%     -    1s
     0     0 5698.22003    0  255 6153.00000 5698.22003  7.39%     -    1s
     0     0 5698.50000    0  270 6153.00000 5698.50000  7.39%     -    1s
     0     0 5698.50000    0  194 6153.00000 5698.50000  7.39%     -    1s
     0     0 5712.00000    0  111 6153.00000 5712.00000  7.17%     -    1s
H    0     0                    5912.0000000 5712.00000  3.38%     -    1s
H    0     0                    5852.0000000 5712.00000  2.39%     -    1s
H    0     0                    5792.0000000 5712.00000  1.38%     -    1s
     0     0 5712.00000    0   16 5792.00000 5712.00000  1.38%     -    1s
     0     0 5712.00000    0  100 5792.00000 5712.00000  1.38%     -    1s
     0     0 5712.00000    0  100 5792.00000 5712.00000  1.38%     -    1s
     0     2 5712.00000    0  100 5792.00000 5712.00000  1.38%     -    1s

Cutting planes:
  Gomory: 24
  Cover: 240
  Implied bound: 73
  MIR: 267
  StrongCG: 54
  Flow cover: 473
  Inf proof: 1
  Zero half: 159
  Network: 5
  RLT: 7
  Relax-and-lift: 38

Explored 563 nodes (69913 simplex iterations) in 3.82 seconds (3.10 work units)
Thread count was 12 (of 12 available processors)

Solution count 10: 5792 5852 5912 ... 9588

Optimal solution found (tolerance 1.00e-02)
Best objective 5.792000000000e+03, best bound 5.739000000000e+03, gap 0.9151%
