
Gurobi 12.0.0 (win64) logging started Tue Feb 17 01:27:24 2026

Set parameter LogFile to value "Storage_orig/Logs/log______Sens_handling_time_0.2_2026_02_17_01_27_24.log"
Set parameter MIPGap to value 0.01
Set parameter OutputFlag to value 1
Set parameter TimeLimit to value 600
Gurobi Optimizer version 12.0.0 build v12.0.0rc1 (win64 - Windows 11+.0 (26200.2))

CPU model: Intel(R) Core(TM) i7-9750H CPU @ 2.60GHz, instruction set [SSE2|AVX|AVX2]
Thread count: 6 physical cores, 12 logical processors, using up to 12 threads

Non-default parameters:
TimeLimit  600
MIPGap  0.01
MIPFocus  1

Optimize a model with 4170 rows, 840 columns and 11004 nonzeros
Model fingerprint: 0xd4a85b6e
Variable types: 18 continuous, 822 integer (570 binary)
Coefficient statistics:
  Matrix range     [2e-01, 1e+03]
  Objective range  [1e+01, 2e+03]
  Bounds range     [1e+00, 1e+00]
  RHS range        [1e+00, 1e+03]

User MIP start did not produce a new incumbent solution
User MIP start violates constraint Time_LB_2_5_1 by 2.300000000

Found heuristic solution: objective 18900.000000
Presolve removed 2940 rows and 192 columns
Presolve time: 0.02s
Presolved: 1230 rows, 648 columns, 6453 nonzeros
Variable types: 18 continuous, 630 integer (450 binary)

Root relaxation: objective 5.517500e+03, 407 iterations, 0.01 seconds (0.01 work units)

    Nodes    |    Current Node    |     Objective Bounds      |     Work
 Expl Unexpl |  Obj  Depth IntInf | Incumbent    BestBd   Gap | It/Node Time

     0     0 5517.50003    0   31 18900.0000 5517.50003  70.8%     -    0s
H    0     0                    18114.000000 5517.50003  69.5%     -    0s
H    0     0                    17014.000000 5517.50003  67.6%     -    0s
H    0     0                    15020.000000 5517.50003  63.3%     -    0s
H    0     0                    14420.000000 5517.50003  61.7%     -    0s
H    0     0                    12660.000000 5518.00012  56.4%     -    0s
H    0     0                    12060.000000 5518.00012  54.2%     -    0s
H    0     0                    11920.000000 5518.00012  53.7%     -    0s
     0     0 5518.00012    0   73 11920.0000 5518.00012  53.7%     -    0s
H    0     0                    11900.000000 5518.14286  53.6%     -    0s
H    0     0                    11020.000000 5518.14286  49.9%     -    0s
     0     0 5518.14286    0   71 11020.0000 5518.14286  49.9%     -    0s
     0     0 5524.82262    0   57 11020.0000 5524.82262  49.9%     -    0s
     0     0 5524.82262    0   58 11020.0000 5524.82262  49.9%     -    0s
     0     0 5604.60936    0   86 11020.0000 5604.60936  49.1%     -    0s
H    0     0                    10701.000000 5612.14438  47.6%     -    0s
     0     0 5612.14438    0  109 10701.0000 5612.14438  47.6%     -    0s
H    0     0                    10045.000000 5618.88410  44.1%     -    0s
     0     0 5619.02988    0  127 10045.0000 5619.02988  44.1%     -    0s
     0     0 5619.41809    0  127 10045.0000 5619.41809  44.1%     -    0s
     0     0 5619.41809    0  128 10045.0000 5619.41809  44.1%     -    0s
H    0     0                    9946.0000000 5619.41809  43.5%     -    0s
H    0     0                    7806.0000000 5654.19566  27.6%     -    0s
H    0     0                    7728.0000000 5654.19566  26.8%     -    0s
     0     0 5654.19566    0  172 7728.00000 5654.19566  26.8%     -    0s
     0     0 5664.46010    0  180 7728.00000 5664.46010  26.7%     -    0s
H    0     0                    7568.0000000 5671.47279  25.1%     -    0s
     0     0 5671.47279    0  195 7568.00000 5671.47279  25.1%     -    0s
H    0     0                    7508.0000000 5677.73572  24.4%     -    0s
     0     0 5677.73572    0  183 7508.00000 5677.73572  24.4%     -    0s
H    0     0                    7348.0000000 5686.76941  22.6%     -    0s
     0     0 5686.76941    0  154 7348.00000 5686.76941  22.6%     -    0s
     0     0 5691.05457    0  179 7348.00000 5691.05457  22.5%     -    0s
H    0     0                    5842.0000000 5696.82418  2.49%     -    0s
     0     0 5696.82418    0  189 5842.00000 5696.82418  2.49%     -    0s
     0     0 5696.91827    0  213 5842.00000 5696.91827  2.48%     -    0s
     0     0 5697.13484    0  226 5842.00000 5697.13484  2.48%     -    0s
     0     0 5697.63452    0  228 5842.00000 5697.63452  2.47%     -    0s
     0     0 5701.87086    0  196 5842.00000 5701.87086  2.40%     -    0s
     0     0 5702.46873    0  223 5842.00000 5702.46873  2.39%     -    0s
     0     0 5704.63002    0  207 5842.00000 5704.63002  2.35%     -    0s
     0     0 5705.49744    0  213 5842.00000 5705.49744  2.34%     -    0s
     0     0 5705.61565    0  230 5842.00000 5705.61565  2.33%     -    0s
     0     0 5705.65961    0  245 5842.00000 5705.65961  2.33%     -    0s
     0     0 5705.88385    0  246 5842.00000 5705.88385  2.33%     -    0s
     0     0 5705.92245    0  245 5842.00000 5705.92245  2.33%     -    0s
     0     0 5705.92245    0  243 5842.00000 5705.92245  2.33%     -    0s
     0     0 5713.99087    0  234 5842.00000 5713.99087  2.19%     -    1s
     0     0 5719.44634    0  218 5842.00000 5719.44634  2.10%     -    1s
     0     0 5720.66006    0  235 5842.00000 5720.66006  2.08%     -    1s
     0     0 5722.00104    0  208 5842.00000 5722.00104  2.05%     -    1s
     0     0 5722.52000    0   62 5842.00000 5722.52000  2.05%     -    1s
     0     0 5723.15822    0  156 5842.00000 5723.15822  2.03%     -    1s
     0     0 5723.39286    0   95 5842.00000 5723.39286  2.03%     -    1s
     0     0 5723.52941    0  107 5842.00000 5723.52941  2.03%     -    1s
     0     0 5723.62500    0  162 5842.00000 5723.62500  2.03%     -    1s
     0     0 5723.62500    0  178 5842.00000 5723.62500  2.03%     -    1s
     0     0 5728.50000    0  124 5842.00000 5728.50000  1.94%     -    1s
     0     2 5728.50000    0  105 5842.00000 5728.50000  1.94%     -    1s
  2055  1099 5749.47541   26  124 5842.00000 5735.49597  1.82%  32.5    5s
  4281   835 5841.00000   34   30 5842.00000 5764.36198  1.33%  44.1   10s
  8808   477     cutoff   39      5842.00000 5777.76248  1.10%  41.8   15s

Cutting planes:
  Learned: 17
  Gomory: 1
  Cover: 245
  Implied bound: 4
  Clique: 39
  MIR: 151
  StrongCG: 16
  Flow cover: 191
  GUB cover: 1
  Zero half: 7
  Network: 4
  RLT: 3
  Relax-and-lift: 14

Explored 11002 nodes (443607 simplex iterations) in 16.42 seconds (8.36 work units)
Thread count was 12 (of 12 available processors)

Solution count 10: 5842 7348 7508 ... 11020

Optimal solution found (tolerance 1.00e-02)
Best objective 5.842000000000e+03, best bound 5.786000000000e+03, gap 0.9586%
