
Gurobi 12.0.0 (win64) logging started Tue Feb 24 23:16:54 2026

Set parameter LogFile to value "Storage_orig/Logs/log______Sens_handling_time_0.5_2026_02_24_23_16_54.log"
Set parameter MIPGap to value 0.005
Set parameter OutputFlag to value 1
Gurobi Optimizer version 12.0.0 build v12.0.0rc1 (win64 - Windows 11+.0 (26200.2))

CPU model: Intel(R) Core(TM) i7-9750H CPU @ 2.60GHz, instruction set [SSE2|AVX|AVX2]
Thread count: 6 physical cores, 12 logical processors, using up to 12 threads

Non-default parameters:
MIPGap  0.005
MIPFocus  2

Optimize a model with 5520 rows, 1080 columns and 14632 nonzeros
Model fingerprint: 0x5309fc10
Variable types: 24 continuous, 1056 integer (720 binary)
Coefficient statistics:
  Matrix range     [5e-01, 1e+03]
  Objective range  [1e+01, 2e+03]
  Bounds range     [1e+00, 1e+00]
  RHS range        [1e+00, 1e+03]

User MIP start did not produce a new incumbent solution
User MIP start violates constraint Time_LB_4_1_0 by 4.200000000

Found heuristic solution: objective 18900.000000
Presolve removed 3920 rows and 216 columns
Presolve time: 0.03s
Presolved: 1600 rows, 864 columns, 8604 nonzeros
Variable types: 24 continuous, 840 integer (600 binary)
Root relaxation presolve removed 4 rows and 0 columns
Root relaxation presolved: 1596 rows, 864 columns, 8564 nonzeros


Root relaxation: objective 4.977000e+03, 820 iterations, 0.04 seconds (0.03 work units)

    Nodes    |    Current Node    |     Objective Bounds      |     Work
 Expl Unexpl |  Obj  Depth IntInf | Incumbent    BestBd   Gap | It/Node Time

     0     0 4977.00003    0   36 18900.0000 4977.00003  73.7%     -    0s
H    0     0                    14666.000000 4977.00003  66.1%     -    0s
H    0     0                    12606.000000 4977.00003  60.5%     -    0s
H    0     0                    12186.000000 4977.00003  59.2%     -    0s
H    0     0                    12046.000000 4977.00003  58.7%     -    0s
H    0     0                    11792.000000 4977.00003  57.8%     -    0s
H    0     0                    10950.000000 4977.73340  54.5%     -    0s
H    0     0                    9830.0000000 4977.73340  49.4%     -    0s
     0     0 4977.77143    0   76 9830.00000 4977.77143  49.4%     -    0s
     0     0 4977.77143    0   73 9830.00000 4977.77143  49.4%     -    0s
     0     0 4977.77143    0   61 9830.00000 4977.77143  49.4%     -    0s
     0     0 5065.18333    0  134 9830.00000 5065.18333  48.5%     -    0s
H    0     0                    9522.0000000 5065.18333  46.8%     -    0s
     0     0 5078.73340    0  128 9522.00000 5078.73340  46.7%     -    0s
     0     0 5078.73340    0  142 9522.00000 5078.73340  46.7%     -    0s
     0     0 5078.73340    0  146 9522.00000 5078.73340  46.7%     -    0s
H    0     0                    9517.0000000 5078.73340  46.6%     -    0s
H    0     0                    9437.0000000 5137.97390  45.6%     -    0s
H    0     0                    9319.0000000 5137.97390  44.9%     -    0s
H    0     0                    9179.0000000 5137.97390  44.0%     -    0s
H    0     0                    8164.0000000 5137.97390  37.1%     -    0s
H    0     0                    7544.0000000 5137.97390  31.9%     -    0s
H    0     0                    7404.0000000 5137.97390  30.6%     -    0s
H    0     0                    7344.0000000 5137.97390  30.0%     -    0s
H    0     0                    7284.0000000 5137.97390  29.5%     -    0s
H    0     0                    7204.0000000 5137.97390  28.7%     -    0s
H    0     0                    7124.0000000 5137.97390  27.9%     -    0s
H    0     0                    6924.0000000 5137.97390  25.8%     -    0s
     0     0 5137.97390    0  217 6924.00000 5137.97390  25.8%     -    0s
     0     0 5142.93762    0  134 6924.00000 5142.93762  25.7%     -    1s
H    0     0                    6864.0000000 5143.86030  25.1%     -    1s
H    0     0                    6601.0000000 5143.86030  22.1%     -    1s
H    0     0                    6461.0000000 5143.86030  20.4%     -    1s
     0     0 5143.86030    0  204 6461.00000 5143.86030  20.4%     -    1s
     0     0 5144.79789    0  117 6461.00000 5144.79789  20.4%     -    1s
     0     0 5150.18932    0  229 6461.00000 5150.18932  20.3%     -    1s
     0     0 5150.29212    0  224 6461.00000 5150.29212  20.3%     -    1s
     0     0 5150.30907    0  241 6461.00000 5150.30907  20.3%     -    1s
H    0     0                    6321.0000000 5150.30907  18.5%     -    1s
H    0     0                    6280.0000000 5150.30907  18.0%     -    1s
H    0     0                    6020.0000000 5150.30907  14.4%     -    1s
     0     0 5154.16230    0  181 6020.00000 5154.16230  14.4%     -    1s
     0     0 5164.22407    0  199 6020.00000 5164.22407  14.2%     -    1s
     0     0 5165.76339    0  210 6020.00000 5165.76339  14.2%     -    1s
     0     0 5166.94619    0  220 6020.00000 5166.94619  14.2%     -    1s
     0     0 5168.38096    0  235 6020.00000 5168.38096  14.1%     -    1s
     0     0 5168.38977    0  249 6020.00000 5168.38977  14.1%     -    1s
     0     0 5172.74467    0  175 6020.00000 5172.74467  14.1%     -    2s
H    0     0                    5880.0000000 5173.02204  12.0%     -    2s
     0     0 5173.02204    0  205 5880.00000 5173.02204  12.0%     -    2s
     0     0 5173.02204    0  203 5880.00000 5173.02204  12.0%     -    2s
     0     0 5181.64219    0  161 5880.00000 5181.64219  11.9%     -    2s
H    0     0                    5696.0000000 5182.02228  9.02%     -    2s
H    0     0                    5636.0000000 5182.02228  8.05%     -    2s
     0     0 5182.86000    0  254 5636.00000 5182.86000  8.04%     -    2s
     0     0 5182.86000    0  217 5636.00000 5182.86000  8.04%     -    2s
     0     0 5182.86000    0  270 5636.00000 5182.86000  8.04%     -    2s
     0     0 5182.86000    0  284 5636.00000 5182.86000  8.04%     -    2s
     0     0 5187.07071    0  294 5636.00000 5187.07071  7.97%     -    3s
     0     0 5189.20341    0  310 5636.00000 5189.20341  7.93%     -    3s
     0     0 5189.20341    0  253 5636.00000 5189.20341  7.93%     -    3s
     0     0 5189.20341    0  302 5636.00000 5189.20341  7.93%     -    3s
     0     0 5189.20341    0  343 5636.00000 5189.20341  7.93%     -    4s
     0     0 5189.20341    0   89 5636.00000 5189.20341  7.93%     -    4s
H    0     0                    5592.0000000 5189.20341  7.20%     -    4s
H    0     0                    5532.0000000 5189.20341  6.20%     -    4s
     0     2 5189.20341    0   55 5532.00000 5189.20341  6.20%     -    4s
    13    25 5189.20341    4  347 5532.00000 5189.20341  6.20%   617    5s
   575   521 5272.86584   11  162 5532.00000 5191.23694  6.16%   151   10s
  1399  1086 5407.85770   19  172 5532.00000 5195.11820  6.09%   134   15s
  1890  1266 5274.61543   36  326 5532.00000 5209.94684  5.82%   138   20s
  1902  1274 5527.17143   69  343 5532.00000 5236.71075  5.34%   137   26s
  2049  1341 5323.02755   17  316 5532.00000 5242.39581  5.24%   151   30s
  2812  1225     cutoff   35      5532.00000 5289.71540  4.38%   164   35s
  3916   871 5499.24382   34  104 5532.00000 5416.71365  2.08%   160   40s
  6020   540 5526.30102   36  248 5532.00000 5441.47130  1.64%   141   45s
  8421   291 5526.02755   36   71 5532.00000 5482.96562  0.89%   128   50s

Cutting planes:
  Learned: 6
  Gomory: 6
  Cover: 402
  Implied bound: 7
  MIR: 263
  StrongCG: 25
  Flow cover: 421
  Zero half: 16
  Network: 3
  Relax-and-lift: 30

Explored 10011 nodes (1230821 simplex iterations) in 53.74 seconds (27.96 work units)
Thread count was 12 (of 12 available processors)

Solution count 10: 5532 5592 5636 ... 6601

Optimal solution found (tolerance 5.00e-03)
Best objective 5.532000000000e+03, best bound 5.532000000000e+03, gap 0.0000%
