
Gurobi 12.0.0 (win64) logging started Sun Feb 15 16:49:41 2026

Set parameter LogFile to value "Storage_orig/Logs/log_____________2026_02_15_16_49_41.log"
Set parameter MIPGap to value 0.01
Set parameter OutputFlag to value 1
Gurobi Optimizer version 12.0.0 build v12.0.0rc1 (win64 - Windows 11+.0 (26200.2))

CPU model: Intel(R) Core(TM) i7-9750H CPU @ 2.60GHz, instruction set [SSE2|AVX|AVX2]
Thread count: 6 physical cores, 12 logical processors, using up to 12 threads

Non-default parameters:
MIPGap  0.01
MIPFocus  1

Optimize a model with 3870 rows, 843 columns and 10455 nonzeros
Model fingerprint: 0x4c826902
Variable types: 21 continuous, 822 integer (486 binary)
Coefficient statistics:
  Matrix range     [2e-01, 1e+03]
  Objective range  [1e+01, 2e+03]
  Bounds range     [1e+00, 1e+00]
  RHS range        [1e+00, 1e+03]
Found heuristic solution: objective 13800.000000
Presolve removed 2760 rows and 174 columns
Presolve time: 0.05s
Presolved: 1110 rows, 669 columns, 6204 nonzeros
Variable types: 21 continuous, 648 integer (396 binary)

Root relaxation: objective 3.147433e+03, 509 iterations, 0.04 seconds (0.01 work units)

    Nodes    |    Current Node    |     Objective Bounds      |     Work
 Expl Unexpl |  Obj  Depth IntInf | Incumbent    BestBd   Gap | It/Node Time

     0     0 3147.43333    0   14 13800.0000 3147.43333  77.2%     -    0s
H    0     0                    13272.000000 3147.43333  76.3%     -    0s
H    0     0                    12874.000000 3147.43333  75.6%     -    0s
H    0     0                    11494.000000 3147.43333  72.6%     -    0s
     0     0 3199.92719    0   30 11494.0000 3199.92719  72.2%     -    0s
H    0     0                    11440.000000 3199.92719  72.0%     -    0s
H    0     0                    11358.000000 3199.92719  71.8%     -    0s
H    0     0                    9778.0000000 3199.92719  67.3%     -    0s
H    0     0                    9674.0000000 3199.92719  66.9%     -    0s
H    0     0                    9534.0000000 3199.92719  66.4%     -    0s
     0     0 3228.70614    0   38 9534.00000 3228.70614  66.1%     -    0s
     0     0 3493.65382    0  104 9534.00000 3493.65382  63.4%     -    0s
H    0     0                    9394.0000000 3493.65382  62.8%     -    0s
     0     0 3496.85334    0  134 9394.00000 3496.85334  62.8%     -    0s
H    0     0                    9293.0000000 3513.26800  62.2%     -    0s
H    0     0                    9093.0000000 3513.26800  61.4%     -    0s
H    0     0                    8095.0000000 3513.26800  56.6%     -    0s
H    0     0                    7675.0000000 3513.26800  54.2%     -    0s
     0     0 3513.26800    0  128 7675.00000 3513.26800  54.2%     -    0s
     0     0 3541.74373    0  116 7675.00000 3541.74373  53.9%     -    0s
     0     0 3541.74373    0  128 7675.00000 3541.74373  53.9%     -    0s
H    0     0                    7475.0000000 3556.76058  52.4%     -    0s
H    0     0                    5955.0000000 3556.76058  40.3%     -    0s
H    0     0                    5815.0000000 3556.76058  38.8%     -    0s
H    0     0                    5335.0000000 3556.76058  33.3%     -    0s
H    0     0                    5195.0000000 3556.76058  31.5%     -    0s
H    0     0                    5055.0000000 3556.76058  29.6%     -    0s
     0     0 3556.76058    0   98 5055.00000 3556.76058  29.6%     -    0s
     0     0 3559.63309    0  151 5055.00000 3559.63309  29.6%     -    0s
     0     0 3560.92121    0   55 5055.00000 3560.92121  29.6%     -    0s
     0     0 3561.06667    0   65 5055.00000 3561.06667  29.6%     -    0s
     0     0 3561.06667    0   68 5055.00000 3561.06667  29.6%     -    0s
     0     0 3563.15000    0  103 5055.00000 3563.15000  29.5%     -    1s
     0     0 3563.15000    0  104 5055.00000 3563.15000  29.5%     -    1s
     0     0 3563.15000    0   77 5055.00000 3563.15000  29.5%     -    1s
H    0     0                    4819.0000000 3563.15000  26.1%     -    1s
     0     2 3563.15000    0   37 4819.00000 3563.15000  26.1%     -    2s
H    1     4                    4580.0000000 3563.15000  22.2%   156    2s
H   31    39                    4380.0000000 3564.56667  18.6%  77.7    2s
H   31    39                    4240.0000000 3564.56667  15.9%  77.7    2s
H   96   108                    3960.0000000 3564.56667  10.0%  61.9    3s
H  140   136                    3820.0000000 3564.56667  6.69%  50.5    3s
H  263   183                    3719.0000000 3567.48000  4.07%  45.3    3s
   601   311 3574.84286   10  117 3719.00000 3570.15000  4.00%  37.0    5s
  2411   859 3641.75367   15  190 3719.00000 3593.86667  3.36%  33.6   10s
  3722   953 3642.70667   22   59 3719.00000 3593.86667  3.36%  39.3   15s
  7952  1180     cutoff   32      3719.00000 3626.50000  2.49%  41.8   20s
 12746   843     cutoff   29      3719.00000 3646.53544  1.95%  41.0   25s

Cutting planes:
  Learned: 126
  Gomory: 5
  Cover: 157
  MIR: 109
  StrongCG: 4
  Flow cover: 137
  Network: 1
  RLT: 16
  Relax-and-lift: 4

Explored 15129 nodes (589640 simplex iterations) in 26.83 seconds (7.60 work units)
Thread count was 12 (of 12 available processors)

Solution count 10: 3719 3820 3960 ... 5335

Optimal solution found (tolerance 1.00e-02)
Best objective 3.719000000000e+03, best bound 3.692000000000e+03, gap 0.7260%
