
Gurobi 12.0.0 (win64) logging started Thu Feb 19 00:08:04 2026

Set parameter LogFile to value "Storage_orig/Logs/log______Sens_C_range_reduced_(170, 170)_2026_02_19_00_08_04.log"
Set parameter MIPGap to value 0.005
Set parameter OutputFlag to value 1
Gurobi Optimizer version 12.0.0 build v12.0.0rc1 (win64 - Windows 11+.0 (26200.2))

CPU model: Intel(R) Core(TM) i7-9750H CPU @ 2.60GHz, instruction set [SSE2|AVX|AVX2]
Thread count: 6 physical cores, 12 logical processors, using up to 12 threads

Non-default parameters:
MIPGap  0.005
MIPFocus  2

Optimize a model with 5780 rows, 1040 columns and 15062 nonzeros
Model fingerprint: 0xd556715b
Variable types: 18 continuous, 1022 integer (770 binary)
Coefficient statistics:
  Matrix range     [2e-01, 1e+03]
  Objective range  [1e+01, 2e+03]
  Bounds range     [1e+00, 1e+00]
  RHS range        [1e+00, 1e+03]

User MIP start produced solution with objective 10949 (0.01s)
Loaded user MIP start with objective 10949

Presolve removed 4149 rows and 230 columns
Presolve time: 0.02s
Presolved: 1631 rows, 810 columns, 5736 nonzeros
Variable types: 18 continuous, 792 integer (600 binary)
Root relaxation presolve removed 3 rows and 0 columns
Root relaxation presolved: 1628 rows, 810 columns, 5706 nonzeros


Root relaxation: objective 8.734075e+03, 1008 iterations, 0.03 seconds (0.03 work units)

    Nodes    |    Current Node    |     Objective Bounds      |     Work
 Expl Unexpl |  Obj  Depth IntInf | Incumbent    BestBd   Gap | It/Node Time

     0     0 8734.07503    0   46 10949.0000 8734.07503  20.2%     -    0s
H    0     0                    10869.000000 8734.07503  19.6%     -    0s
H    0     0                    10729.000000 8734.07503  18.6%     -    0s
     0     0 8777.28845    0  104 10729.0000 8777.28845  18.2%     -    0s
     0     0 8790.13070    0  101 10729.0000 8790.13070  18.1%     -    0s
     0     0 8790.13070    0  105 10729.0000 8790.13070  18.1%     -    0s
     0     0 8862.38082    0  105 10729.0000 8862.38082  17.4%     -    0s
H    0     0                    10329.000000 8871.85684  14.1%     -    0s
     0     0 8871.85684    0  121 10329.0000 8871.85684  14.1%     -    0s
     0     0 8873.71002    0  136 10329.0000 8873.71002  14.1%     -    0s
     0     0 8874.06122    0  154 10329.0000 8874.06122  14.1%     -    0s
     0     0 8874.32125    0  155 10329.0000 8874.32125  14.1%     -    0s
     0     0 8874.42520    0  160 10329.0000 8874.42520  14.1%     -    0s
     0     0 8874.42520    0  161 10329.0000 8874.42520  14.1%     -    0s
H    0     0                    10249.000000 8874.42520  13.4%     -    0s
H    0     0                    10169.000000 8874.42520  12.7%     -    0s
H    0     0                    9989.0000000 8874.42520  11.2%     -    0s
H    0     0                    9929.0000000 8874.42520  10.6%     -    0s
H    0     0                    9769.0000000 8874.42520  9.16%     -    0s
H    0     0                    9709.0000000 8874.42520  8.60%     -    0s
     0     0 8919.89223    0  234 9709.00000 8919.89223  8.13%     -    0s
     0     0 8924.79105    0  220 9709.00000 8924.79105  8.08%     -    0s
     0     0 8926.66851    0  235 9709.00000 8926.66851  8.06%     -    0s
     0     0 8926.86184    0  251 9709.00000 8926.86184  8.06%     -    0s
     0     0 8926.91785    0  267 9709.00000 8926.91785  8.06%     -    0s
H    0     0                    9609.0000000 8926.91785  7.10%     -    1s
H    0     0                    9549.0000000 8926.91785  6.51%     -    1s
     0     0 8934.27893    0  280 9549.00000 8934.27893  6.44%     -    1s
     0     0 8935.40587    0  282 9549.00000 8935.40587  6.43%     -    1s
     0     0 8935.65017    0  301 9549.00000 8935.65017  6.42%     -    1s
     0     0 8936.15069    0  298 9549.00000 8936.15069  6.42%     -    1s
     0     0 8936.31264    0  312 9549.00000 8936.31264  6.42%     -    1s
     0     0 8936.36596    0  323 9549.00000 8936.36596  6.42%     -    1s
     0     0 8940.12299    0  291 9549.00000 8940.12299  6.38%     -    1s
     0     0 8941.10603    0  320 9549.00000 8941.10603  6.37%     -    1s
     0     0 8941.38776    0  329 9549.00000 8941.38776  6.36%     -    1s
     0     0 8941.40212    0  344 9549.00000 8941.40212  6.36%     -    1s
     0     0 8944.33599    0  373 9549.00000 8944.33599  6.33%     -    2s
     0     0 8944.70997    0  360 9549.00000 8944.70997  6.33%     -    2s
     0     0 8944.80919    0  379 9549.00000 8944.80919  6.33%     -    2s
H    0     0                    9469.0000000 8944.80919  5.54%     -    2s
     0     0 8945.22281    0  390 9469.00000 8945.22281  5.53%     -    2s
     0     0 8945.24367    0  325 9469.00000 8945.24367  5.53%     -    2s
     0     2 8945.24367    0  309 9469.00000 8945.24367  5.53%     -    2s
   249   236 8998.60443   20  229 9469.00000 8954.30893  5.44%   247    5s
H  298   289                    9449.0000000 8954.30893  5.24%   239    5s
H  839   630                    9430.0000000 8964.63402  4.93%   166    8s
  1175   845 9279.98150   11  107 9430.00000 8972.31624  4.85%   174   10s
  1710  1126 9076.65717   17  376 9430.00000 8977.16400  4.80%   174   15s
H 1877  1189                    9389.0000000 8977.16400  4.39%   193   19s
  1887  1210 9002.29084   24  199 9389.00000 8977.16400  4.39%   194   20s
H 1915  1173                    9329.0000000 8977.16400  3.77%   198   20s
  2721  1359 9168.97748   37  138 9329.00000 8977.16400  3.77%   208   25s
H 3021  1338                    9293.0000000 8977.16400  3.40%   208   26s
  4044  1524 9070.17508   26  162 9293.00000 8981.89934  3.35%   201   30s
* 4955  1762              40    9290.0000000 8986.36136  3.27%   202   34s
  5346  1911 9223.16492   37  150 9290.00000 8987.47214  3.26%   200   35s
H 5495  1764                    9251.0000000 8987.47214  2.85%   199   35s
  6852  2416 9151.95123   29  187 9251.00000 9000.94818  2.70%   197   40s
* 7346  2441              46    9234.0000000 9002.85714  2.50%   195   41s
  8538  2902 9122.86748   32  289 9234.00000 9008.70250  2.44%   195   45s
H 9505  2026                    9133.0000000 9018.03396  1.26%   196   48s
  9961  2028 9071.46987   31  207 9133.00000 9020.75411  1.23%   196   51s
 11667  2034 9091.70659   29  312 9133.00000 9040.94635  1.01%   193   56s
 13284  1971     cutoff   31      9133.00000 9054.94490  0.85%   192   60s
 15884  1590 9101.73843   25  232 9133.00000 9072.25999  0.67%   188   66s
 17259  1147 infeasible   34      9133.00000 9082.10164  0.56%   186   70s

Cutting planes:
  Learned: 18
  Gomory: 13
  Cover: 458
  Implied bound: 8
  MIR: 310
  StrongCG: 23
  Flow cover: 563
  Inf proof: 3
  Zero half: 19
  Network: 1
  RLT: 7
  Relax-and-lift: 44

Explored 19028 nodes (3472069 simplex iterations) in 72.19 seconds (48.45 work units)
Thread count was 12 (of 12 available processors)

Solution count 10: 9133 9234 9251 ... 9469

Optimal solution found (tolerance 5.00e-03)
Best objective 9.133000000000e+03, best bound 9.096012893216e+03, gap 0.4050%
