
Gurobi 12.0.0 (win64) logging started Sun Jan 25 21:16:11 2026

Set parameter LogFile to value "Storage_orig/Logs/log_____________2026_01_25_21_16_11.log"
Set parameter MIPGap to value 0.01
Set parameter OutputFlag to value 1
Gurobi Optimizer version 12.0.0 build v12.0.0rc1 (win64 - Windows 11.0 (26100.2))

CPU model: Intel(R) Core(TM) i7-9750H CPU @ 2.60GHz, instruction set [SSE2|AVX|AVX2]
Thread count: 6 physical cores, 12 logical processors, using up to 12 threads

Non-default parameters:
MIPGap  0.01
MIPFocus  1

Optimize a model with 16080 rows, 2280 columns and 42768 nonzeros
Model fingerprint: 0x29f93367
Variable types: 40 continuous, 2240 integer (1360 binary)
Coefficient statistics:
  Matrix range     [2e-01, 2e+02]
  Objective range  [1e+01, 4e+03]
  Bounds range     [1e+00, 1e+00]
  RHS range        [1e+00, 3e+02]
Found heuristic solution: objective 30940.000000
Presolve removed 12936 rows and 356 columns
Presolve time: 0.05s
Presolved: 3144 rows, 1924 columns, 21256 nonzeros
Variable types: 40 continuous, 1884 integer (1160 binary)

Root relaxation: objective 6.876980e+03, 2686 iterations, 0.09 seconds (0.12 work units)

    Nodes    |    Current Node    |     Objective Bounds      |     Work
 Expl Unexpl |  Obj  Depth IntInf | Incumbent    BestBd   Gap | It/Node Time

     0     0 6876.98000    0   32 30940.0000 6876.98000  77.8%     -    0s
H    0     0                    30886.000000 6876.98000  77.7%     -    0s
H    0     0                    30606.000000 6876.98000  77.5%     -    0s
H    0     0                    30486.000000 6876.98000  77.4%     -    0s
H    0     0                    30426.000000 6876.98000  77.4%     -    0s
H    0     0                    30286.000000 6876.98000  77.3%     -    0s
     0     0 7030.53762    0   95 30286.0000 7030.53762  76.8%     -    0s
H    0     0                    28307.000000 7030.53762  75.2%     -    0s
H    0     0                    28229.000000 7030.53762  75.1%     -    0s
H    0     0                    28029.000000 7030.53762  74.9%     -    0s
H    0     0                    27889.000000 7030.53762  74.8%     -    0s
H    0     0                    27822.000000 7071.55552  74.6%     -    0s
H    0     0                    26747.000000 7071.55552  73.6%     -    0s
H    0     0                    26609.000000 7071.55552  73.4%     -    0s
H    0     0                    26329.000000 7071.55552  73.1%     -    0s
     0     0 7071.55552    0   84 26329.0000 7071.55552  73.1%     -    0s
     0     0 7071.65886    0   93 26329.0000 7071.65886  73.1%     -    0s
     0     0 7071.66704    0   93 26329.0000 7071.66704  73.1%     -    0s
     0     0 7289.58769    0  133 26329.0000 7289.58769  72.3%     -    0s
H    0     0                    26189.000000 7312.19230  72.1%     -    0s
     0     0 7312.19230    0  139 26189.0000 7312.19230  72.1%     -    0s
H    0     0                    25789.000000 7320.66036  71.6%     -    0s
H    0     0                    25175.000000 7320.66036  70.9%     -    0s
H    0     0                    24335.000000 7320.66036  69.9%     -    0s
H    0     0                    23790.000000 7320.66036  69.2%     -    0s
     0     0 7320.66036    0  136 23790.0000 7320.66036  69.2%     -    0s
     0     0 7321.57405    0  115 23790.0000 7321.57405  69.2%     -    0s
     0     0 7321.63345    0  122 23790.0000 7321.63345  69.2%     -    0s
     0     0 7321.63345    0  126 23790.0000 7321.63345  69.2%     -    0s
H    0     0                    23211.000000 7321.63345  68.5%     -    0s
H    0     0                    22311.000000 7321.63345  67.2%     -    0s
H    0     0                    21471.000000 7355.51422  65.7%     -    0s
     0     0 7355.51422    0  212 21471.0000 7355.51422  65.7%     -    0s
H    0     0                    21449.000000 7367.02800  65.7%     -    1s
H    0     0                    21309.000000 7367.02800  65.4%     -    1s
     0     0 7367.02800    0  233 21309.0000 7367.02800  65.4%     -    1s
H    0     0                    20830.000000 7380.11493  64.6%     -    1s
H    0     0                    20750.000000 7380.11493  64.4%     -    1s
     0     0 7380.11493    0  273 20750.0000 7380.11493  64.4%     -    1s
     0     0 7390.13335    0  293 20750.0000 7390.13335  64.4%     -    1s
     0     0 7393.83251    0  302 20750.0000 7393.83251  64.4%     -    1s
H    0     0                    20659.000000 7393.87698  64.2%     -    1s
     0     0 7393.87698    0  344 20659.0000 7393.87698  64.2%     -    1s
H    0     0                    19979.000000 7393.87698  63.0%     -    1s
H    0     0                    19779.000000 7393.87698  62.6%     -    1s
H    0     0                    19639.000000 7393.87698  62.4%     -    1s
H    0     0                    18876.000000 7393.87698  60.8%     -    1s
H    0     0                    18276.000000 7393.87698  59.5%     -    1s
H    0     0                    18196.000000 7393.87698  59.4%     -    1s
H    0     0                    18056.000000 7449.68414  58.7%     -    1s
H    0     0                    18030.000000 7449.68414  58.7%     -    1s
H    0     0                    17930.000000 7449.68414  58.5%     -    1s
H    0     0                    17870.000000 7449.68414  58.3%     -    1s
H    0     0                    17790.000000 7449.68414  58.1%     -    1s
H    0     0                    17190.000000 7449.68414  56.7%     -    1s
     0     0 7449.68414    0  302 17190.0000 7449.68414  56.7%     -    1s
     0     0 7468.20405    0  283 17190.0000 7468.20405  56.6%     -    1s
     0     0 7470.87546    0  279 17190.0000 7470.87546  56.5%     -    2s
     0     0 7491.23000    0   71 17190.0000 7491.23000  56.4%     -    2s
H    0     0                    16990.000000 7491.33587  55.9%     -    2s
     0     0 7491.33587    0  207 16990.0000 7491.33587  55.9%     -    2s
     0     0 7491.56952    0  245 16990.0000 7491.56952  55.9%     -    2s
     0     0 7491.63332    0  266 16990.0000 7491.63332  55.9%     -    2s
     0     0 7491.68194    0  277 16990.0000 7491.68194  55.9%     -    2s
     0     0 7494.49001    0  250 16990.0000 7494.49001  55.9%     -    2s
H    0     0                    16973.000000 7494.49001  55.8%     -    2s
H    0     0                    16833.000000 7494.49582  55.5%     -    2s
H    0     0                    16573.000000 7494.49582  54.8%     -    2s
H    0     0                    16293.000000 7494.49582  54.0%     -    2s
H    0     0                    16192.000000 7494.49582  53.7%     -    2s
H    0     0                    16052.000000 7494.49582  53.3%     -    2s
     0     2 7494.49582    0  235 16052.0000 7494.49582  53.3%     -    2s
H   13    23                    15912.000000 7505.76433  52.8%   536    3s
H   17    23                    15892.000000 7505.76433  52.8%   542    3s
H   22    31                    15752.000000 7505.76433  52.4%   497    3s
H   49    53                    15292.000000 7505.76433  50.9%   343    3s
H   79    82                    15138.000000 7505.76433  50.4%   298    4s
H   80    82                    14732.000000 7505.76433  49.1%   305    4s
H  113   116                    14428.000000 7505.76433  48.0%   260    4s
H  147   151                    14368.000000 7505.76433  47.8%   231    4s
   184   188 7806.04018   28  104 14368.0000 7505.76433  47.8%   207    5s
H  193   194                    14228.000000 7505.76433  47.2%   205    5s
H  236   232                    13909.000000 7505.76433  46.0%   186    5s
H  275   267                    13629.000000 7505.76433  44.9%   180    5s
H  300   291                    13509.000000 7505.76433  44.4%   176    6s
H  344   320                    13429.000000 7505.76433  44.1%   162    6s
H  350   333                    13355.000000 7505.76433  43.8%   161    6s
H  425   389                    13215.000000 7506.58444  43.2%   153    7s
H  427   389                    13195.000000 7506.58444  43.1%   152    7s
H  429   399                    13174.000000 7506.58444  43.0%   153    7s
H  485   450                    13094.000000 7506.58444  42.7%   148    7s
H  525   479                    13034.000000 7506.58444  42.4%   147    8s
H  563   518                    12974.000000 7506.58444  42.1%   145    8s
H  625   549                    12954.000000 7506.58444  42.1%   144    9s
   715   633 8033.38616   31   69 12954.0000 7510.55758  42.0%   139   10s
H  757   638                    12894.000000 7510.55758  41.8%   136   10s
   950   836 8278.20520   55   50 12894.0000 7510.55758  41.8%   136   15s
  1555  1285 8182.45429   13  250 12894.0000 7511.06835  41.7%   117   20s
  1599  1314 8147.92877   47  360 12894.0000 7522.97961  41.7%   114   25s

Cutting planes:
  Cover: 221
  MIR: 106
  StrongCG: 9
  Flow cover: 139
  Network: 10
  RLT: 6
  Relax-and-lift: 5

Explored 1618 nodes (234091 simplex iterations) in 27.62 seconds (20.97 work units)
Thread count was 12 (of 12 available processors)

Solution count 10: 12894 12954 12974 ... 13429

Solve interrupted
Best objective 1.289400000000e+04, best bound 7.527000000000e+03, gap 41.6240%
