
Gurobi 12.0.0 (win64) logging started Thu Feb 26 01:01:46 2026

Set parameter LogFile to value "Storage_orig/Logs/log______Sens_C_range_reduced_(170, 170)_2026_02_26_01_01_46.log"
Set parameter MIPGap to value 0.01
Set parameter OutputFlag to value 1
Set parameter TimeLimit to value 1000
Gurobi Optimizer version 12.0.0 build v12.0.0rc1 (win64 - Windows 11+.0 (26200.2))

CPU model: Intel(R) Core(TM) i7-9750H CPU @ 2.60GHz, instruction set [SSE2|AVX|AVX2]
Thread count: 6 physical cores, 12 logical processors, using up to 12 threads

Non-default parameters:
TimeLimit  1000
MIPGap  0.01
MIPFocus  2

Optimize a model with 7670 rows, 1282 columns and 20246 nonzeros
Model fingerprint: 0x41791d7d
Variable types: 24 continuous, 1258 integer (970 binary)
Coefficient statistics:
  Matrix range     [2e-01, 1e+02]
  Objective range  [1e+01, 2e+03]
  Bounds range     [1e+00, 1e+00]
  RHS range        [1e+00, 2e+02]

User MIP start produced solution with objective 9990 (0.01s)
Loaded user MIP start with objective 9990

Presolve removed 5552 rows and 202 columns
Presolve time: 0.02s
Presolved: 2118 rows, 1080 columns, 7648 nonzeros
Variable types: 24 continuous, 1056 integer (800 binary)
Root relaxation presolve removed 4 rows and 0 columns
Root relaxation presolved: 2114 rows, 1080 columns, 7608 nonzeros


Root relaxation: objective 7.890100e+03, 1988 iterations, 0.07 seconds (0.07 work units)

    Nodes    |    Current Node    |     Objective Bounds      |     Work
 Expl Unexpl |  Obj  Depth IntInf | Incumbent    BestBd   Gap | It/Node Time

     0     0 7890.10026    0   34 9990.00000 7890.10026  21.0%     -    0s
H    0     0                    9850.0000000 7890.10026  19.9%     -    0s
H    0     0                    9690.0000000 7890.10026  18.6%     -    0s
H    0     0                    9550.0000000 7890.10026  17.4%     -    0s
     0     0 7890.84211    0  137 9550.00000 7890.84211  17.4%     -    0s
     0     0 7891.14286    0   81 9550.00000 7891.14286  17.4%     -    0s
     0     0 7891.14286    0   81 9550.00000 7891.14286  17.4%     -    0s
     0     0 7914.99167    0  174 9550.00000 7914.99167  17.1%     -    0s
H    0     0                    9470.0000000 7914.99167  16.4%     -    0s
     0     0 7924.84167    0  128 9470.00000 7924.84167  16.3%     -    0s
     0     0 7924.84167    0  126 9470.00000 7924.84167  16.3%     -    0s
     0     0 7924.84167    0  129 9470.00000 7924.84167  16.3%     -    0s
     0     0 7924.84167    0  124 9470.00000 7924.84167  16.3%     -    0s
     0     0 7924.84167    0  130 9470.00000 7924.84167  16.3%     -    0s
H    0     0                    9390.0000000 7924.84167  15.6%     -    0s
H    0     0                    9050.0000000 7924.84167  12.4%     -    0s
H    0     0                    9010.0000000 7954.78274  11.7%     -    1s
H    0     0                    8990.0000000 7954.78274  11.5%     -    1s
H    0     0                    8950.0000000 7954.78274  11.1%     -    1s
     0     0 7954.78274    0  220 8950.00000 7954.78274  11.1%     -    1s
H    0     0                    8868.0000000 7979.03003  10.0%     -    1s
H    0     0                    8668.0000000 7979.03003  7.95%     -    1s
H    0     0                    8588.0000000 7979.03003  7.09%     -    1s
     0     0 7979.03003    0  211 8588.00000 7979.03003  7.09%     -    1s
     0     0 7987.80930    0  178 8588.00000 7987.80930  6.99%     -    1s
     0     0 7988.82642    0  181 8588.00000 7988.82642  6.98%     -    1s
     0     0 7988.88879    0  201 8588.00000 7988.88879  6.98%     -    1s
     0     0 7989.02138    0  225 8588.00000 7989.02138  6.97%     -    1s
     0     0 7989.02138    0  226 8588.00000 7989.02138  6.97%     -    1s
H    0     0                    8508.0000000 7989.02138  6.10%     -    2s
     0     0 8003.69498    0  185 8508.00000 8003.69498  5.93%     -    2s
     0     0 8004.29957    0  139 8508.00000 8004.29957  5.92%     -    2s
     0     0 8004.43236    0  172 8508.00000 8004.43236  5.92%     -    2s
     0     0 8004.45666    0  219 8508.00000 8004.45666  5.92%     -    2s
     0     0 8006.24228    0  289 8508.00000 8006.24228  5.90%     -    3s
     0     0 8006.90641    0  344 8508.00000 8006.90641  5.89%     -    3s
     0     0 8007.44367    0  321 8508.00000 8007.44367  5.88%     -    3s
     0     0 8007.60927    0  363 8508.00000 8007.60927  5.88%     -    3s
     0     0 8007.67707    0  379 8508.00000 8007.67707  5.88%     -    3s
H    0     0                    8428.0000000 8012.23322  4.93%     -    4s
     0     0 8012.23322    0  377 8428.00000 8012.23322  4.93%     -    4s
     0     0 8012.49029    0  354 8428.00000 8012.49029  4.93%     -    4s
     0     0 8012.52048    0  419 8428.00000 8012.52048  4.93%     -    4s
     0     0 8012.67217    0  490 8428.00000 8012.67217  4.93%     -    4s
     0     0 8012.69123    0  370 8428.00000 8012.69123  4.93%     -    4s
     0     2 8012.69123    0  339 8428.00000 8012.69123  4.93%     -    4s
     3     8 8013.11430    2  359 8428.00000 8012.69123  4.93%   362    5s
   711   583 8041.45079    9  176 8428.00000 8027.33076  4.75%   220   10s
H  756   562                    8381.0000000 8027.33076  4.22%   216   10s
H  802   510                    8274.0000000 8027.33076  2.98%   218   10s
* 1097   596              58    8231.0000000 8032.52078  2.41%   203   12s
  1649   856 8165.28709    9  261 8231.00000 8050.55193  2.19%   200   15s
  2080   983 8189.91405   21  149 8231.00000 8054.70942  2.14%   193   20s
  2096   994 8129.63588   14  551 8231.00000 8054.70942  2.14%   192   25s
  2327  1115 8212.00000   23   27 8231.00000 8054.70942  2.14%   222   30s
  2746  1145 infeasible   27      8231.00000 8054.70942  2.14%   225   35s
  3498  1200 8218.37807   24   84 8231.00000 8058.47989  2.10%   227   40s
  4528  1090 8135.62615   37  155 8231.00000 8073.03971  1.92%   220   45s
  5453  1172 8170.81765   27  224 8231.00000 8087.16225  1.75%   217   50s
* 6629  1374              38    8227.0000000 8100.25000  1.54%   218   54s
  6654  1425 8147.00000   29  128 8227.00000 8100.25000  1.54%   217   55s
  7572  1582 8148.88261   31  332 8227.00000 8106.86538  1.46%   218   60s
  9027  1845     cutoff   24      8227.00000 8113.70588  1.38%   215   65s
 10470  2105 8141.57111   30  274 8227.00000 8120.93153  1.29%   211   71s
 11801  2120 8213.11111   26  159 8227.00000 8126.69312  1.22%   209   76s
 12778  2151     cutoff   28      8227.00000 8131.16320  1.16%   209   80s
 14642  2055     cutoff   31      8227.00000 8141.63707  1.04%   206   86s

Cutting planes:
  Learned: 5
  Gomory: 6
  Lift-and-project: 1
  Cover: 604
  Implied bound: 64
  MIR: 314
  StrongCG: 51
  Flow cover: 453
  GUB cover: 1
  Zero half: 21
  Network: 4
  RLT: 11
  Relax-and-lift: 52

Explored 15270 nodes (3154144 simplex iterations) in 86.67 seconds (50.61 work units)
Thread count was 12 (of 12 available processors)

Solution count 10: 8227 8231 8274 ... 8950

Optimal solution found (tolerance 1.00e-02)
Best objective 8.227000000000e+03, best bound 8.145000000000e+03, gap 0.9967%
