
Gurobi 12.0.0 (win64) logging started Thu Feb 26 01:01:36 2026

Set parameter LogFile to value "Storage_orig/Logs/log______Sens_C_range_reduced_(150, 150)_2026_02_26_01_01_36.log"
Set parameter MIPGap to value 0.01
Set parameter OutputFlag to value 1
Set parameter TimeLimit to value 1000
Gurobi Optimizer version 12.0.0 build v12.0.0rc1 (win64 - Windows 11+.0 (26200.2))

CPU model: Intel(R) Core(TM) i7-9750H CPU @ 2.60GHz, instruction set [SSE2|AVX|AVX2]
Thread count: 6 physical cores, 12 logical processors, using up to 12 threads

Non-default parameters:
TimeLimit  1000
MIPGap  0.01
MIPFocus  2

Optimize a model with 6814 rows, 1182 columns and 18082 nonzeros
Model fingerprint: 0xd9b01e1c
Variable types: 24 continuous, 1158 integer (870 binary)
Coefficient statistics:
  Matrix range     [2e-01, 1e+02]
  Objective range  [1e+01, 2e+03]
  Bounds range     [1e+00, 1e+00]
  RHS range        [1e+00, 2e+02]

User MIP start produced solution with objective 9912 (0.01s)
Loaded user MIP start with objective 9912

Presolve removed 4896 rows and 186 columns
Presolve time: 0.03s
Presolved: 1918 rows, 996 columns, 7776 nonzeros
Variable types: 24 continuous, 972 integer (720 binary)
Root relaxation presolve removed 4 rows and 0 columns
Root relaxation presolved: 1914 rows, 996 columns, 7736 nonzeros


Root relaxation: objective 6.689600e+03, 1321 iterations, 0.05 seconds (0.04 work units)

    Nodes    |    Current Node    |     Objective Bounds      |     Work
 Expl Unexpl |  Obj  Depth IntInf | Incumbent    BestBd   Gap | It/Node Time

     0     0 6689.60026    0   39 9912.00000 6689.60026  32.5%     -    0s
H    0     0                    9492.0000000 6691.20000  29.5%     -    0s
H    0     0                    9072.0000000 6691.20000  26.2%     -    0s
     0     0 6691.20000    0   85 9072.00000 6691.20000  26.2%     -    0s
     0     0 6691.20000    0   68 9072.00000 6691.20000  26.2%     -    0s
     0     0 6691.20000    0   71 9072.00000 6691.20000  26.2%     -    0s
     0     0 6726.55053    0  156 9072.00000 6726.55053  25.9%     -    0s
     0     0 6726.55053    0  120 9072.00000 6726.55053  25.9%     -    0s
H    0     0                    9052.0000000 6726.55053  25.7%     -    0s
     0     0 6726.55053    0   98 9052.00000 6726.55053  25.7%     -    0s
H    0     0                    7434.0000000 6743.20053  9.29%     -    0s
     0     0 6762.26719    0  182 7434.00000 6762.26719  9.04%     -    0s
     0     0 6763.33333    0  137 7434.00000 6763.33333  9.02%     -    0s
H    0     0                    7294.0000000 6763.33333  7.28%     -    1s
     0     2 6763.33333    0  130 7294.00000 6763.33333  7.28%     -    1s
H   36    48                    7154.0000000 6785.67223  5.15%   605    1s
H   85    89                    7115.0000000 6785.67223  4.63%   383    1s
H  133   128                    7014.0000000 6788.10363  3.22%   309    2s
   580   337 6942.53080   26    6 7014.00000 6816.17002  2.82%   192    5s
*  745   349              30    6976.0000000 6823.17949  2.19%   174    5s
H 1324   366                    6954.0000000 6867.78839  1.24%   172    8s
* 1507   338              16    6950.0000000 6881.86685  0.98%   174    9s

Cutting planes:
  Learned: 1
  Gomory: 36
  Cover: 288
  Implied bound: 127
  MIR: 446
  StrongCG: 82
  Flow cover: 536
  Zero half: 77
  Network: 3
  RLT: 3
  Relax-and-lift: 90

Explored 1546 nodes (273112 simplex iterations) in 9.75 seconds (8.35 work units)
Thread count was 12 (of 12 available processors)

Solution count 10: 6950 6954 6976 ... 9072

Optimal solution found (tolerance 1.00e-02)
Best objective 6.950000000000e+03, best bound 6.887000000000e+03, gap 0.9065%
