
Gurobi 12.0.0 (win64) logging started Tue Feb 17 00:37:06 2026

Set parameter LogFile to value "Storage_orig/Logs/log______Sens_truck_cost_multiplier_1.5_2026_02_17_00_37_06.log"
Set parameter MIPGap to value 0.01
Set parameter OutputFlag to value 1
Set parameter TimeLimit to value 600
Gurobi Optimizer version 12.0.0 build v12.0.0rc1 (win64 - Windows 11+.0 (26200.2))

CPU model: Intel(R) Core(TM) i7-9750H CPU @ 2.60GHz, instruction set [SSE2|AVX|AVX2]
Thread count: 6 physical cores, 12 logical processors, using up to 12 threads

Non-default parameters:
TimeLimit  600
MIPGap  0.01
MIPFocus  1

Optimize a model with 4170 rows, 840 columns and 11004 nonzeros
Model fingerprint: 0x19de7f1a
Variable types: 18 continuous, 822 integer (570 binary)
Coefficient statistics:
  Matrix range     [2e-01, 1e+03]
  Objective range  [1e+01, 2e+03]
  Bounds range     [1e+00, 1e+00]
  RHS range        [1e+00, 1e+03]

User MIP start produced solution with objective 6402 (0.01s)
Loaded user MIP start with objective 6402

Presolve removed 2940 rows and 192 columns
Presolve time: 0.02s
Presolved: 1230 rows, 648 columns, 6453 nonzeros
Variable types: 18 continuous, 630 integer (450 binary)

Root relaxation: objective 6.017500e+03, 407 iterations, 0.01 seconds (0.01 work units)

    Nodes    |    Current Node    |     Objective Bounds      |     Work
 Expl Unexpl |  Obj  Depth IntInf | Incumbent    BestBd   Gap | It/Node Time

     0     0 6017.50003    0   31 6402.00000 6017.50003  6.01%     -    0s
     0     0 6018.00013    0   73 6402.00000 6018.00013  6.00%     -    0s
     0     0 6018.14286    0   73 6402.00000 6018.14286  6.00%     -    0s
     0     0 6024.82262    0   51 6402.00000 6024.82262  5.89%     -    0s
     0     0 6024.82262    0   56 6402.00000 6024.82262  5.89%     -    0s
     0     0 6080.79902    0   86 6402.00000 6080.79902  5.02%     -    0s
     0     0 6111.36392    0  109 6402.00000 6111.36392  4.54%     -    0s
     0     0 6112.15533    0  108 6402.00000 6112.15533  4.53%     -    0s
     0     0 6113.42719    0  112 6402.00000 6113.42719  4.51%     -    0s
     0     0 6113.55187    0  118 6402.00000 6113.55187  4.51%     -    0s
     0     0 6113.55303    0  124 6402.00000 6113.55303  4.51%     -    0s
     0     0 6166.87472    0  205 6402.00000 6166.87472  3.67%     -    0s
     0     0 6179.84578    0  218 6402.00000 6179.84578  3.47%     -    0s
     0     0 6185.67349    0  215 6402.00000 6185.67349  3.38%     -    0s
H    0     0                    6389.0000000 6194.38504  3.05%     -    0s
     0     0 6194.38504    0  213 6389.00000 6194.38504  3.05%     -    0s
     0     0 6196.55884    0  208 6389.00000 6196.55884  3.01%     -    0s
     0     0 6200.20750    0  229 6389.00000 6200.20750  2.95%     -    0s
     0     0 6217.64923    0  202 6389.00000 6217.64923  2.68%     -    0s
     0     0 6222.00062    0   64 6389.00000 6222.00062  2.61%     -    0s
     0     0 6222.00063    0   58 6389.00000 6222.00063  2.61%     -    0s
H    0     0                    6386.0000000 6223.34438  2.55%     -    0s
     0     0 6223.34438    0  160 6386.00000 6223.34438  2.55%     -    0s
     0     0 6224.79233    0  155 6386.00000 6224.79233  2.52%     -    0s
     0     0 6224.81351    0  198 6386.00000 6224.81351  2.52%     -    0s
     0     0 6224.88889    0  156 6386.00000 6224.88889  2.52%     -    0s
     0     0 6224.88889    0  153 6386.00000 6224.88889  2.52%     -    0s
     0     0 6224.88889    0   69 6386.00000 6224.88889  2.52%     -    0s
     0     2 6224.88889    0   58 6386.00000 6224.88889  2.52%     -    1s
  1697  1128 6262.42095   16  186 6386.00000 6235.01569  2.36%  36.5    5s
  5544  2375     cutoff   32      6386.00000 6282.94088  1.61%  36.6   10s
 14345  6354 6303.55901   40   82 6386.00000 6283.23750  1.61%  32.5   15s
 23183 10020 6286.38158   34   83 6386.00000 6283.42083  1.61%  32.6   20s
 30228 12762 6284.93333   23   35 6386.00000 6283.57143  1.60%  34.5   25s
 36903 15952 6286.15854   30   57 6386.00000 6283.65000  1.60%  35.7   30s
 42869 18080 6284.00000   30   67 6386.00000 6283.73333  1.60%  36.0   35s
 49543 20594 infeasible   26      6386.00000 6283.83333  1.60%  36.8   40s
 57818 22942 6297.48895   35   38 6386.00000 6283.91332  1.60%  37.0   45s
 64809 25580     cutoff   52      6386.00000 6283.95556  1.60%  37.2   50s
 70821 27564     cutoff   38      6386.00000 6284.06250  1.60%  37.6   55s
 79023 29876 6287.85263   26   67 6386.00000 6284.11538  1.60%  37.4   60s
 86694 32319 6287.50000   34   50 6386.00000 6284.20000  1.59%  37.5   65s
 92810 33948 infeasible   29      6386.00000 6284.22222  1.59%  37.8   70s
 98878 35603     cutoff   54      6386.00000 6284.30000  1.59%  38.1   75s
 104176 36639 6314.23104   41   66 6386.00000 6284.34259  1.59%  38.4   80s
 110285 37982     cutoff   37      6386.00000 6284.40725  1.59%  39.0   85s
 116236 39262     cutoff   45      6386.00000 6284.44444  1.59%  39.7   90s
 122277 40420 6286.97864   37   60 6386.00000 6284.44444  1.59%  40.3   95s
 128356 42496     cutoff   41      6386.00000 6284.55866  1.59%  40.4  100s
 135306 44221 6287.04165   37  125 6386.00000 6284.58417  1.59%  40.6  105s
 140678 45996 6358.16250   39   38 6386.00000 6284.61905  1.59%  40.8  110s
 147169 48072 6293.81250   38   55 6386.00000 6284.69231  1.59%  41.1  115s
 152336 49510 6327.63327   44   57 6386.00000 6284.75000  1.59%  41.1  120s
 157881 50543 infeasible   39      6386.00000 6284.75000  1.59%  41.6  125s
 162049 51248 6344.84884   33   99 6386.00000 6284.75000  1.59%  42.1  130s
 166632 52368 6285.92857   34   65 6386.00000 6284.78571  1.58%  42.4  135s
 172352 53566 6302.34000   32   40 6386.00000 6284.83333  1.58%  42.7  140s
 178886 55033 infeasible   45      6386.00000 6284.86458  1.58%  42.9  145s
 183256 56537     cutoff   33      6386.00000 6284.93333  1.58%  43.1  150s
 189640 57510 6303.91962   38  122 6386.00000 6284.93333  1.58%  43.4  155s
 194898 58466     cutoff   31      6386.00000 6284.98571  1.58%  43.7  160s
 200302 59660 6329.63636   39   52 6386.00000 6285.01190  1.58%  43.9  165s
 205534 60849 6305.67644   37   22 6386.00000 6285.05556  1.58%  44.0  170s
 211394 62180 6285.66667   38   51 6386.00000 6285.11667  1.58%  44.3  175s
 218046 63234 6289.45000   34   81 6386.00000 6285.15338  1.58%  44.4  180s
 222182 64146 6289.53863   38   70 6386.00000 6285.20000  1.58%  44.6  185s
 229149 65148 6367.66913   31  128 6386.00000 6285.29708  1.58%  44.9  191s
 234356 66084 6362.72727   34   62 6386.00000 6285.30000  1.58%  45.0  195s
 238915 66854 6355.34483   36   77 6386.00000 6285.35714  1.58%  45.2  200s
 245001 67943     cutoff   31      6386.00000 6285.44444  1.57%  45.4  206s
 250018 68977     cutoff   36      6386.00000 6285.46296  1.57%  45.7  210s
 254550 70461     cutoff   41      6386.00000 6285.48333  1.57%  45.6  215s
 260049 72662 infeasible   39      6386.00000 6285.48333  1.57%  45.6  220s
 266512 73935     cutoff   40      6386.00000 6285.53571  1.57%  45.5  225s
 272298 75222 6303.19208   34   75 6386.00000 6285.53846  1.57%  45.5  230s
 277679 76216 6356.90833   37   94 6386.00000 6285.60000  1.57%  45.7  235s
 282068 76683 6285.66667   39   47 6386.00000 6285.63846  1.57%  45.9  240s
 287948 77404     cutoff   39      6386.00000 6285.66667  1.57%  46.2  246s
 292887 78133 6285.66667   44   51 6386.00000 6285.66667  1.57%  46.3  250s
 298147 78900 6318.12521   42   69 6386.00000 6285.66667  1.57%  46.5  255s
 302517 79491 infeasible   28      6386.00000 6285.72778  1.57%  46.6  260s
 305243 80011 6295.85158   40   96 6386.00000 6285.75000  1.57%  46.7  265s
 310585 81431 6289.35475   33  149 6386.00000 6285.75000  1.57%  46.9  270s
 316543 82790     cutoff   40      6386.00000 6285.75449  1.57%  46.9  275s
 321601 83406     cutoff   37      6386.00000 6285.78889  1.57%  47.2  280s
 327464 84659 6345.33333   41   99 6386.00000 6285.83333  1.57%  47.2  285s
 332229 85287 6287.33526   33  118 6386.00000 6285.85000  1.57%  47.4  290s
 337560 86317 6292.40068   34  105 6386.00000 6285.85000  1.57%  47.4  295s
 342223 87165     cutoff   32      6386.00000 6285.88208  1.57%  47.6  300s
 348581 87802 6288.76137   36   85 6386.00000 6285.92857  1.57%  47.8  305s
 351562 88244 6286.43333   40   64 6386.00000 6285.92857  1.57%  47.9  310s
 357765 89381 6357.39448   35   64 6386.00000 6285.97222  1.57%  48.0  315s
 364291 90473     cutoff   40      6386.00000 6286.00000  1.57%  48.1  320s
 369079 91223     cutoff   35      6386.00000 6286.03333  1.57%  48.2  325s
 374735 92088     cutoff   39      6386.00000 6286.05682  1.57%  48.3  330s
 379465 92716 6341.00000   32   54 6386.00000 6286.08333  1.56%  48.4  335s
 384796 93575 6299.00000   63   18 6386.00000 6286.11852  1.56%  48.4  340s
 389225 94023 6293.81250   39   64 6386.00000 6286.12500  1.56%  48.5  345s
 394336 94788     cutoff   41      6386.00000 6286.14693  1.56%  48.7  350s
 400073 95415     cutoff   43      6386.00000 6286.19048  1.56%  48.7  355s
 404462 96008 6317.50000   24   48 6386.00000 6286.20000  1.56%  48.9  361s
 409804 96823 6314.25000   44   51 6386.00000 6286.23077  1.56%  48.9  366s
 415178 97879 6313.03125   37   85 6386.00000 6286.25000  1.56%  48.9  370s
 420602 98319 6307.60635   34   23 6386.00000 6286.30000  1.56%  49.0  375s
 422193 98973 6286.88826   34   95 6386.00000 6286.30050  1.56%  49.0  380s
 430817 100093     cutoff   38      6386.00000 6286.37179  1.56%  49.1  386s
 435454 100884 6322.97500   38   52 6386.00000 6286.40000  1.56%  49.2  390s
 440823 101749 6307.33333   36   39 6386.00000 6286.40000  1.56%  49.2  395s
 447107 102582 6325.66667   41   47 6386.00000 6286.40000  1.56%  49.2  400s
 449877 103009 6287.36905   36   55 6386.00000 6286.40000  1.56%  49.3  405s
 456073 104358 6298.13333   43   16 6386.00000 6286.45238  1.56%  49.3  410s
 460973 105191 6309.99510   42   80 6386.00000 6286.45238  1.56%  49.4  415s
 465760 105883 6293.66648   41   73 6386.00000 6286.51282  1.56%  49.5  420s
 471255 106383 6368.28571   33   49 6386.00000 6286.56390  1.56%  49.6  425s
 476313 107810     cutoff   42      6386.00000 6286.58333  1.56%  49.6  430s
 481052 109003 6287.28846   34   53 6386.00000 6286.58333  1.56%  49.7  435s
 487454 110694     cutoff   34      6386.00000 6286.58333  1.56%  49.7  440s
 491993 111792     cutoff   28      6386.00000 6286.58333  1.56%  49.8  445s
 494443 112053 6296.33333   40   29 6386.00000 6286.58333  1.56%  49.8  450s
 496191 112337     cutoff   32      6386.00000 6286.58333  1.56%  49.9  455s
 503159 113130 6294.24359   53   76 6386.00000 6286.58333  1.56%  49.5  460s
 510734 113599     cutoff   43      6386.00000 6287.58606  1.54%  49.2  465s
 515173 113138 6308.37261   47   99 6386.00000 6288.13718  1.53%  49.1  470s
 526272 114181 6318.86905   67   46 6386.00000 6288.61954  1.52%  48.6  475s
 531991 114231     cutoff   53      6386.00000 6288.83572  1.52%  48.4  480s
 538807 115120 6294.79661   48   80 6386.00000 6288.99306  1.52%  48.2  485s
 546113 114369 6317.22857   47   66 6386.00000 6289.09164  1.52%  48.0  490s
 553117 114841 6294.33333   45  120 6386.00000 6289.30167  1.51%  47.7  495s
 564190 115215 infeasible   50      6386.00000 6289.36367  1.51%  47.2  500s
 566657 119138 6323.71154   43   53 6386.00000 6289.38761  1.51%  47.1  512s
 581994 116671 6364.24763   48  149 6386.00000 6289.50736  1.51%  46.6  515s
 588814 116086 6293.67150   45   93 6386.00000 6289.58824  1.51%  46.4  520s
 595481 115614 6300.57333   49   60 6386.00000 6289.69444  1.51%  46.3  525s
 600094 115115 6290.00000   44   33 6386.00000 6289.93124  1.50%  46.3  531s
 605131 114298 infeasible   74      6386.00000 6290.13421  1.50%  46.2  535s
 611694 113604 6367.85294   48   93 6386.00000 6290.41189  1.50%  46.1  540s
 617573 114166 6309.33941   62   39 6386.00000 6290.53364  1.49%  45.9  545s
 621148 113745 6349.66574   47   58 6386.00000 6290.59024  1.49%  45.8  550s
 629426 114931 6309.01037   41   64 6386.00000 6290.66667  1.49%  45.5  555s
 638002 115626 6297.26024   42   43 6386.00000 6290.66667  1.49%  45.3  560s
 645955 115430 6313.30612   51   91 6386.00000 6290.76129  1.49%  45.1  565s
 653093 114884 6368.66741   49   90 6386.00000 6290.92901  1.49%  44.9  570s
 658162 114470 6380.73162   59   93 6386.00000 6291.08601  1.49%  44.8  575s
 664080 113616 6299.61661   46  110 6386.00000 6291.16667  1.49%  44.7  580s
 670189 112286 6300.33653   50  177 6386.00000 6291.30897  1.48%  44.6  585s
 678129 111254 6296.99129   56  143 6386.00000 6291.67487  1.48%  44.5  590s
 684219 110418 6342.79259   57   84 6386.00000 6291.88167  1.47%  44.4  595s
 689173 109797     cutoff   54      6386.00000 6292.08739  1.47%  44.3  600s

Cutting planes:
  Learned: 44
  Gomory: 2
  Cover: 237
  Clique: 64
  MIR: 183
  StrongCG: 8
  Flow cover: 223
  GUB cover: 1
  Inf proof: 18
  Zero half: 12
  Network: 1
  RLT: 4
  Relax-and-lift: 11

Explored 689975 nodes (30568802 simplex iterations) in 600.05 seconds (279.79 work units)
Thread count was 12 (of 12 available processors)

Solution count 3: 6386 6389 6402 

Time limit reached
Best objective 6.386000000000e+03, best bound 6.293000000000e+03, gap 1.4563%
