
Gurobi 12.0.0 (win64) logging started Mon Feb 16 01:25:38 2026

Set parameter LogFile to value "Storage_orig/Logs/log______Sens_C_range_reduced_(170, 170)_2026_02_16_01_25_38.log"
Set parameter MIPGap to value 0.01
Set parameter OutputFlag to value 1
Set parameter TimeLimit to value 600
Gurobi Optimizer version 12.0.0 build v12.0.0rc1 (win64 - Windows 11+.0 (26200.2))

CPU model: Intel(R) Core(TM) i7-9750H CPU @ 2.60GHz, instruction set [SSE2|AVX|AVX2]
Thread count: 6 physical cores, 12 logical processors, using up to 12 threads

Non-default parameters:
TimeLimit  600
MIPGap  0.01
MIPFocus  1

Optimize a model with 5780 rows, 1040 columns and 15062 nonzeros
Model fingerprint: 0xb9985af5
Variable types: 18 continuous, 1022 integer (770 binary)
Coefficient statistics:
  Matrix range     [2e-01, 1e+03]
  Objective range  [1e+01, 2e+03]
  Bounds range     [1e+00, 1e+00]
  RHS range        [1e+00, 1e+03]
Found heuristic solution: objective 26320.000000
Presolve removed 4149 rows and 230 columns
Presolve time: 0.05s
Presolved: 1631 rows, 810 columns, 5736 nonzeros
Variable types: 18 continuous, 792 integer (600 binary)

Root relaxation: objective 8.734075e+03, 638 iterations, 0.04 seconds (0.01 work units)

    Nodes    |    Current Node    |     Objective Bounds      |     Work
 Expl Unexpl |  Obj  Depth IntInf | Incumbent    BestBd   Gap | It/Node Time

     0     0 8734.07503    0   42 26320.0000 8734.07503  66.8%     -    0s
H    0     0                    22082.000000 8734.07503  60.4%     -    0s
H    0     0                    18175.000000 8734.07503  51.9%     -    0s
H    0     0                    14135.000000 8734.07503  38.2%     -    0s
H    0     0                    13975.000000 8734.07503  37.5%     -    0s
H    0     0                    13593.000000 8734.07503  35.7%     -    0s
H    0     0                    12913.000000 8734.07503  32.4%     -    0s
H    0     0                    12773.000000 8736.97513  31.6%     -    0s
H    0     0                    12633.000000 8736.97513  30.8%     -    0s
     0     0 8736.97513    0  102 12633.0000 8736.97513  30.8%     -    0s
     0     0 8745.57733    0   94 12633.0000 8745.57733  30.8%     -    0s
     0     0 8745.85949    0   92 12633.0000 8745.85949  30.8%     -    0s
     0     0 8747.59464    0   93 12633.0000 8747.59464  30.8%     -    0s
     0     0 8747.59464    0   93 12633.0000 8747.59464  30.8%     -    0s
     0     0 8840.58402    0  113 12633.0000 8840.58402  30.0%     -    0s
     0     0 8849.03171    0  128 12633.0000 8849.03171  30.0%     -    0s
     0     0 8857.84774    0  126 12633.0000 8857.84774  29.9%     -    0s
     0     0 8870.43639    0  159 12633.0000 8870.43639  29.8%     -    0s
     0     0 8873.97589    0  165 12633.0000 8873.97589  29.8%     -    1s
     0     0 8874.53106    0  177 12633.0000 8874.53106  29.8%     -    1s
H    0     0                    12010.000000 8881.12035  26.1%     -    1s
     0     0 8881.12035    0  165 12010.0000 8881.12035  26.1%     -    1s
     0     0 8881.40788    0  177 12010.0000 8881.40788  26.0%     -    1s
H    0     0                    11772.000000 8881.52259  24.6%     -    1s
H    0     0                    10412.000000 8881.52259  14.7%     -    1s
     0     0 8881.52259    0  174 10412.0000 8881.52259  14.7%     -    1s
     0     0 8881.53760    0  176 10412.0000 8881.53760  14.7%     -    1s
     0     0 8881.53760    0  177 10412.0000 8881.53760  14.7%     -    1s
H    0     0                    10172.000000 8881.53760  12.7%     -    1s
H    0     0                    10032.000000 8881.53760  11.5%     -    1s
H    0     0                    9952.0000000 8881.53760  10.8%     -    1s
     0     0 8906.06723    0  207 9952.00000 8906.06723  10.5%     -    1s
     0     0 8910.97223    0  215 9952.00000 8910.97223  10.5%     -    1s
     0     0 8912.71751    0  243 9952.00000 8912.71751  10.4%     -    1s
     0     0 8915.06385    0  240 9952.00000 8915.06385  10.4%     -    1s
     0     0 8920.26032    0  230 9952.00000 8920.26032  10.4%     -    1s
     0     0 8920.73891    0  243 9952.00000 8920.73891  10.4%     -    1s
     0     0 8923.21860    0  242 9952.00000 8923.21860  10.3%     -    1s
     0     0 8927.13794    0  205 9952.00000 8927.13794  10.3%     -    1s
     0     0 8927.32649    0  223 9952.00000 8927.32649  10.3%     -    2s
     0     0 8927.82327    0  206 9952.00000 8927.82327  10.3%     -    2s
     0     0 8927.88751    0  212 9952.00000 8927.88751  10.3%     -    2s
     0     0 8927.89735    0  214 9952.00000 8927.89735  10.3%     -    2s
     0     0 8930.16701    0  218 9952.00000 8930.16701  10.3%     -    2s
     0     0 8931.52896    0  235 9952.00000 8931.52896  10.3%     -    2s
     0     0 8932.70803    0  253 9952.00000 8932.70803  10.2%     -    2s
     0     0 8932.98475    0  251 9952.00000 8932.98475  10.2%     -    2s
     0     0 8933.15948    0  278 9952.00000 8933.15948  10.2%     -    2s
     0     0 8933.47487    0  267 9952.00000 8933.47487  10.2%     -    2s
     0     0 8933.50678    0  296 9952.00000 8933.50678  10.2%     -    2s
     0     0 8933.58087    0  322 9952.00000 8933.58087  10.2%     -    3s
     0     0 8933.66031    0  328 9952.00000 8933.66031  10.2%     -    3s
     0     0 8933.70922    0  327 9952.00000 8933.70922  10.2%     -    3s
     0     0 8933.79491    0  319 9952.00000 8933.79491  10.2%     -    3s
     0     0 8933.98898    0  306 9952.00000 8933.98898  10.2%     -    3s
     0     0 8934.11390    0  314 9952.00000 8934.11390  10.2%     -    3s
     0     0 8934.12353    0  317 9952.00000 8934.12353  10.2%     -    3s
     0     0 8934.57381    0  265 9952.00000 8934.57381  10.2%     -    3s
     0     2 8934.57381    0  244 9952.00000 8934.57381  10.2%     -    4s
     7    14 8941.44002    3  251 9952.00000 8935.38248  10.2%   456    5s
H   31    36                    9916.0000000 8938.92901  9.85%   440    5s
H  158   164                    9550.0000000 8938.92901  6.40%   169    6s
H  185   166                    9350.0000000 8938.92901  4.40%   158    6s
H  222   174                    9314.0000000 8941.00734  4.00%   152    7s
H  423   307                    9234.0000000 8941.46217  3.17%   127    9s
   433   318 9084.73292   18   72 9234.00000 8941.46217  3.17%   126   10s
  1665   910     cutoff   24      9234.00000 8967.84000  2.88%  82.7   15s
  1722   942 8971.29654   10  291 9234.00000 8967.84000  2.88%  81.6   20s
  1865  1061 8972.66713   22   61 9234.00000 8967.84000  2.88%   109   25s
  2712  1234 9062.06579   27   41 9234.00000 8967.84000  2.88%   110   30s
H 3500  1191                    9133.0000000 8970.86615  1.78%   107   32s
  3979  1200     cutoff   36      9133.00000 8977.98103  1.70%   111   35s
  5383  1368 9113.08012   30  128 9133.00000 8988.62055  1.58%   109   40s
  6195  1536 9099.48485   34   91 9133.00000 8996.80031  1.49%   109   45s
  6761  1670 9036.73314   22  278 9133.00000 9003.56320  1.42%   108   50s
  8400  1996 9076.44895   25  232 9133.00000 9012.73639  1.32%   109   55s
  9670  2140     cutoff   28      9133.00000 9017.30437  1.27%   110   60s
 11316  2261 9073.66709   37  116 9133.00000 9025.77232  1.17%   110   65s
 13269  2424 9125.30369   27  168 9133.00000 9035.81665  1.06%   110   71s
 14789  3714 9096.02824   38  157 9133.00000 9040.38453  1.01%   105   75s
 17695  5160 9061.27477   60  225 9133.00000 9040.38453  1.01%  95.0   81s
 20361  6113 9044.24280   61  179 9133.00000 9040.38453  1.01%  88.4   85s
 22591  7341     cutoff   75      9133.00000 9040.38460  1.01%  84.5   90s
 24999  8576 9040.38489   47  183 9133.00000 9040.38460  1.01%  81.2   95s
 27848 10032 infeasible   60      9133.00000 9040.38466  1.01%  77.6  101s
 29855 11187 infeasible   54      9133.00000 9040.38468  1.01%  75.7  106s
 31066 11384 infeasible   51      9133.00000 9040.38468  1.01%  74.5  111s
 31801 12383 9040.38478   40  185 9133.00000 9040.38468  1.01%  73.6  117s
 34466 14640 9043.78323   45  138 9133.00000 9040.38468  1.01%  71.4  122s
 37051 15304 infeasible   58      9133.00000 9040.38468  1.01%  68.7  125s
 39967 16528 9040.55533   41  176 9133.00000 9040.38468  1.01%  67.8  130s
 43801 18397 9051.30814   58   76 9133.00000 9040.38476  1.01%  65.3  135s
 46607 19898 infeasible   58      9133.00000 9040.38476  1.01%  64.7  141s
 49655 21259 9042.46517   46  186 9133.00000 9040.38476  1.01%  63.2  145s
 52190 23237 9048.38875   56  186 9133.00000 9040.38476  1.01%  62.9  151s
 55163 24194     cutoff   58      9133.00000 9040.38478  1.01%  61.7  156s
 57760 25373 9109.44080   49  155 9133.00000 9040.38478  1.01%  61.6  162s
 58971 25763     cutoff   63      9133.00000 9040.38478  1.01%  61.6  165s
 61170 26820 9049.62860   52  102 9133.00000 9040.38478  1.01%  61.5  170s
 63673 27862 9041.20814   43  123 9133.00000 9040.38478  1.01%  61.0  176s
 65923 28910 9040.47529   45  199 9133.00000 9040.38478  1.01%  61.0  182s
 67112 29454 infeasible   49      9133.00000 9040.38478  1.01%  61.1  185s
 69501 30334 infeasible   55      9133.00000 9040.38478  1.01%  61.0  190s
 71866 31309 9044.67413   51  143 9133.00000 9040.38478  1.01%  61.3  197s
 72991 31940 9041.20814   42  123 9133.00000 9040.38478  1.01%  61.2  200s
 77615 34036 9040.38489   43  183 9133.00000 9040.38478  1.01%  60.5  207s
 79461 34718 9040.55533   46  178 9133.00000 9040.38478  1.01%  60.5  211s
 81082 35543 9087.60477   74  106 9133.00000 9040.38478  1.01%  60.6  216s
 83231 36123 9040.38489   46  183 9133.00000 9040.38478  1.01%  60.7  222s
 83569 36295 infeasible   59      9133.00000 9040.38478  1.01%  60.7  226s
 85130 36885 9044.24280   56  187 9133.00000 9040.38480  1.01%  60.9  232s
 86205 37025 9040.38489   43  183 9133.00000 9040.38480  1.01%  61.1  235s
 87766 37640 infeasible   45      9133.00000 9040.38480  1.01%  61.5  241s
 90116 38778     cutoff   75      9133.00000 9040.38480  1.01%  61.9  247s
 91574 39495 9049.49277   57  131 9133.00000 9040.38482  1.01%  61.8  250s
 94291 40593     cutoff   62      9133.00000 9040.38489  1.01%  61.6  255s
 96681 41703 infeasible   52      9133.00000 9040.38489  1.01%  61.2  260s
 99091 42530 9111.08126   48  148 9133.00000 9040.38489  1.01%  61.1  266s
 101642 43545 infeasible   48      9133.00000 9040.38489  1.01%  60.8  271s
 103884 44550 9046.70340   47  182 9133.00000 9040.38489  1.01%  60.7  276s
 106057 45182 infeasible   51      9133.00000 9040.38489  1.01%  60.6  282s
 108424 46243 9049.47367   55  171 9133.00000 9040.38489  1.01%  60.4  287s
 109842 46783 9048.67208   60  136 9133.00000 9040.38489  1.01%  60.3  290s
 113748 48121     cutoff   60      9133.00000 9040.38489  1.01%  60.0  297s
 115811 48696     cutoff   56      9133.00000 9040.38489  1.01%  59.9  300s
 117246 49720 9046.83216   62  127 9133.00000 9040.38489  1.01%  59.8  305s
 120640 51203 9041.32755   50  184 9133.00000 9040.38489  1.01%  59.5  312s
 121508 51697 9041.93307   46  173 9133.00000 9040.38489  1.01%  59.5  315s
 124439 53269 9051.08636   69  105 9133.00000 9040.38489  1.01%  59.2  320s
 127703 54396 infeasible   58      9133.00000 9040.38489  1.01%  58.6  326s
 127814 59280 9041.02110   44  187 9133.00000 9040.38489  1.01%  58.6  349s
 136814 59280 infeasible   59      9133.00000 9040.38489  1.01%  57.9  350s
 141766 61864     cutoff   76      9133.00000 9040.38489  1.01%  57.5  355s
 144379 62256 infeasible   52      9133.00000 9040.38489  1.01%  57.1  360s
 146023 63297 9042.00927   46  144 9133.00000 9040.38489  1.01%  57.1  365s
 148714 64240 9041.54218   51  181 9133.00000 9040.38489  1.01%  56.9  370s
 150922 65114     cutoff   62      9133.00000 9040.38489  1.01%  56.9  375s
 153399 66984 9041.84314   57  207 9133.00000 9040.38489  1.01%  56.8  380s
 157575 68223 infeasible   59      9133.00000 9040.38489  1.01%  56.5  386s
 158852 68799 9040.48975   46  203 9133.00000 9040.38489  1.01%  56.4  391s
 161284 69890 infeasible   57      9133.00000 9040.38489  1.01%  56.3  396s
 164584 71540 9040.38489   45  183 9133.00000 9040.38489  1.01%  56.0  401s
 165443 72254     cutoff   69      9133.00000 9040.38489  1.01%  56.0  405s
 168605 73576     cutoff   70      9133.00000 9040.38489  1.01%  56.0  411s
 172621 75303 infeasible   96      9133.00000 9040.38489  1.01%  55.6  416s
 175017 76230 9042.13277   53  144 9133.00000 9040.38489  1.01%  55.6  420s
 178728 78002     cutoff   91      9133.00000 9040.38489  1.01%  55.2  425s
 181288 79458 9042.00927   52  144 9133.00000 9040.38489  1.01%  55.1  431s
 183607 80205 9048.33562   61  193 9133.00000 9040.38489  1.01%  55.0  436s
 184156 80868     cutoff   57      9133.00000 9040.38489  1.01%  55.0  440s
 187257 81781 9051.24267   75  184 9133.00000 9040.38489  1.01%  55.0  445s
 189993 83779 infeasible   57      9133.00000 9040.38489  1.01%  54.9  450s
 193004 84437 9041.35784   50  184 9133.00000 9040.38489  1.01%  54.6  455s
 194226 84909 infeasible   49      9133.00000 9040.38489  1.01%  54.6  460s
 197478 86332 9041.66048   63  161 9133.00000 9040.38489  1.01%  54.6  467s
 200013 87334     cutoff   67      9133.00000 9040.38489  1.01%  54.5  472s
 201453 87750 9046.30422   63  171 9133.00000 9040.38489  1.01%  54.5  475s
 205673 89853 9048.19838   61  198 9133.00000 9040.38489  1.01%  54.2  480s
 208257 91238 infeasible   55      9133.00000 9040.38489  1.01%  54.1  486s
 211556 92659     cutoff   71      9133.00000 9040.38489  1.01%  53.8  490s
 213224 93678     cutoff   66      9133.00000 9040.38489  1.01%  53.8  496s
 215185 94303 9047.71083   72  179 9133.00000 9040.38489  1.01%  53.8  501s
 216726 95202     cutoff   56      9133.00000 9040.38489  1.01%  53.8  505s
 219172 96755 infeasible   53      9133.00000 9040.38489  1.01%  53.8  510s
 222940 98262 9043.50710   49  183 9133.00000 9040.38489  1.01%  53.7  516s
 225380 99126 9041.20681   47  215 9133.00000 9040.38489  1.01%  53.6  520s
 229584 101082 9046.05627   53  210 9133.00000 9040.38489  1.01%  53.4  527s
 230259 101479 9041.69727   50  184 9133.00000 9040.38489  1.01%  53.4  531s
 232072 102336 infeasible   57      9133.00000 9040.38489  1.01%  53.4  535s
 234268 103350 9043.85078   48  138 9133.00000 9040.38489  1.01%  53.4  540s
 239155 105633 9130.60294   58  106 9133.00000 9040.38489  1.01%  53.1  547s
 242538 107268 9042.36933   61  171 9133.00000 9040.38489  1.01%  52.9  551s
 244336 108094 9040.75086   50  198 9133.00000 9040.38489  1.01%  52.9  555s
 247007 109159 9041.65665   47  189 9133.00000 9040.38489  1.01%  52.9  561s
 248952 110100 9041.04711   56  164 9133.00000 9040.38489  1.01%  52.8  565s
 251999 111600 infeasible   83      9133.00000 9040.38489  1.01%  52.7  570s
 255274 114004 9041.86648   51  209 9133.00000 9040.38489  1.01%  52.7  576s
 259087 115063 9041.41930   52  185 9133.00000 9040.38489  1.01%  52.4  581s
 261523 116330 infeasible   86      9133.00000 9040.38489  1.01%  52.3  586s
 263754 117393 9046.34048   51  213 9133.00000 9040.38489  1.01%  52.3  591s
 267314 119154 9040.54262   52  198 9133.00000 9040.38489  1.01%  52.1  595s
 270249 119845     cutoff   52      9133.00000 9040.38489  1.01%  52.2  600s

Cutting planes:
  Learned: 17
  Gomory: 13
  Cover: 355
  MIR: 372
  StrongCG: 23
  Flow cover: 296
  Inf proof: 4
  Network: 3
  RLT: 4
  Relax-and-lift: 32

Explored 270268 nodes (14108518 simplex iterations) in 600.12 seconds (224.47 work units)
Thread count was 12 (of 12 available processors)

Solution count 10: 9133 9234 9314 ... 10412

Time limit reached
Best objective 9.133000000000e+03, best bound 9.041000000000e+03, gap 1.0073%
