
Gurobi 12.0.0 (win64) logging started Thu Feb 26 00:06:43 2026

Set parameter LogFile to value "Storage_orig/Logs/log______Sens_gamma_0_2026_02_26_00_06_43.log"
Set parameter MIPGap to value 0
Set parameter OutputFlag to value 1
Unknown variable 'y_ijk[0,0,0]' in MIP start 0 - ignored
Unknown variable 'y_ijk[0,0,1]' in MIP start 0 - ignored
Unknown variable 'y_ijk[0,0,2]' in MIP start 0 - ignored
Unknown variable 'y_ijk[0,0,3]' in MIP start 0 - ignored
Unknown variable 'y_ijk[1,1,0]' in MIP start 0 - ignored
Unknown variable 'y_ijk[1,1,1]' in MIP start 0 - ignored
Unknown variable 'y_ijk[1,1,2]' in MIP start 0 - ignored
Unknown variable 'y_ijk[1,1,3]' in MIP start 0 - ignored
Unknown variable 'y_ijk[2,2,0]' in MIP start 0 - ignored
Unknown variable 'y_ijk[2,2,1]' in MIP start 0 - ignored
Unknown variable 'y_ijk[2,2,2]' in MIP start 0 - ignored
Unknown variable 'y_ijk[2,2,3]' in MIP start 0 - ignored
Unknown variable 'y_ijk[3,3,0]' in MIP start 0 - ignored
Unknown variable 'y_ijk[3,3,1]' in MIP start 0 - ignored
Unknown variable 'y_ijk[3,3,2]' in MIP start 0 - ignored
Unknown variable 'y_ijk[3,3,3]' in MIP start 0 - ignored
Unknown variable 'y_ijk[4,4,0]' in MIP start 0 - ignored
Unknown variable 'y_ijk[4,4,1]' in MIP start 0 - ignored
Unknown variable 'y_ijk[4,4,2]' in MIP start 0 - ignored
Unknown variable 'y_ijk[4,4,3]' in MIP start 0 - ignored
Unknown variable 'y_ijk[5,5,0]' in MIP start 0 - ignored
Unknown variable 'y_ijk[5,5,1]' in MIP start 0 - ignored
Unknown variable 'y_ijk[5,5,2]' in MIP start 0 - ignored
Unknown variable 'y_ijk[5,5,3]' in MIP start 0 - ignored
Unknown variable 'z_ijk[0,0,0]' in MIP start 0 - ignored
Unknown variable 'z_ijk[0,0,1]' in MIP start 0 - ignored
Unknown variable 'z_ijk[0,0,2]' in MIP start 0 - ignored
Unknown variable 'z_ijk[0,0,3]' in MIP start 0 - ignored
Unknown variable 'z_ijk[1,1,0]' in MIP start 0 - ignored
Unknown variable 'z_ijk[1,1,1]' in MIP start 0 - ignored
Unknown variable 'z_ijk[1,1,2]' in MIP start 0 - ignored
Unknown variable 'z_ijk[1,1,3]' in MIP start 0 - ignored
Unknown variable 'z_ijk[2,2,0]' in MIP start 0 - ignored
Unknown variable 'z_ijk[2,2,1]' in MIP start 0 - ignored
Unknown variable 'z_ijk[2,2,2]' in MIP start 0 - ignored
Unknown variable 'z_ijk[2,2,3]' in MIP start 0 - ignored
Unknown variable 'z_ijk[3,3,0]' in MIP start 0 - ignored
Unknown variable 'z_ijk[3,3,1]' in MIP start 0 - ignored
Unknown variable 'z_ijk[3,3,2]' in MIP start 0 - ignored
Unknown variable 'z_ijk[3,3,3]' in MIP start 0 - ignored
Unknown variable 'z_ijk[4,4,0]' in MIP start 0 - ignored
Unknown variable 'z_ijk[4,4,1]' in MIP start 0 - ignored
Unknown variable 'z_ijk[4,4,2]' in MIP start 0 - ignored
Unknown variable 'z_ijk[4,4,3]' in MIP start 0 - ignored
Unknown variable 'z_ijk[5,5,0]' in MIP start 0 - ignored
Unknown variable 'z_ijk[5,5,1]' in MIP start 0 - ignored
Unknown variable 'z_ijk[5,5,2]' in MIP start 0 - ignored
Unknown variable 'z_ijk[5,5,3]' in MIP start 0 - ignored
Read solution from file Storage_orig/Solutions/solved________2026_02_24_22_53_13.sol
Gurobi Optimizer version 12.0.0 build v12.0.0rc1 (win64 - Windows 11+.0 (26200.2))

CPU model: Intel(R) Core(TM) i7-9750H CPU @ 2.60GHz, instruction set [SSE2|AVX|AVX2]
Thread count: 6 physical cores, 12 logical processors, using up to 12 threads

Non-default parameters:
MIPGap  0
MIPFocus  2

Optimize a model with 5540 rows, 1032 columns and 14852 nonzeros
Model fingerprint: 0x8a58b2ba
Variable types: 24 continuous, 1008 integer (720 binary)
Coefficient statistics:
  Matrix range     [2e-01, 1e+02]
  Objective range  [1e+00, 2e+03]
  Bounds range     [1e+00, 1e+00]
  RHS range        [1e+00, 2e+02]

Loaded user MIP start with objective 5032

Presolve removed 3940 rows and 168 columns
Presolve time: 0.02s
Presolved: 1600 rows, 864 columns, 8604 nonzeros
Variable types: 24 continuous, 840 integer (600 binary)
Root relaxation presolve removed 4 rows and 0 columns
Root relaxation presolved: 1596 rows, 864 columns, 8564 nonzeros


Root relaxation: objective 4.637000e+03, 813 iterations, 0.03 seconds (0.03 work units)

    Nodes    |    Current Node    |     Objective Bounds      |     Work
 Expl Unexpl |  Obj  Depth IntInf | Incumbent    BestBd   Gap | It/Node Time

     0     0 4637.00027    0   36 5032.00000 4637.00027  7.85%     -    0s
     0     0 4637.85887    0   69 5032.00000 4637.85887  7.83%     -    0s
     0     0 4638.33387    0   63 5032.00000 4638.33387  7.82%     -    0s
     0     0 4640.32381    0   89 5032.00000 4640.32381  7.78%     -    0s
     0     0 4640.33909    0   88 5032.00000 4640.33909  7.78%     -    0s
     0     0 4640.46668    0   84 5032.00000 4640.46668  7.78%     -    0s
     0     0 4640.50264    0   85 5032.00000 4640.50264  7.78%     -    0s
     0     0 4640.50506    0   92 5032.00000 4640.50506  7.78%     -    0s
     0     0 4641.34805    0  172 5032.00000 4641.34805  7.76%     -    0s
     0     0 4641.45285    0  176 5032.00000 4641.45285  7.76%     -    0s
     0     0 4641.50439    0  189 5032.00000 4641.50439  7.76%     -    0s
     0     0 4641.55183    0  219 5032.00000 4641.55183  7.76%     -    0s
     0     0 4641.55670    0  227 5032.00000 4641.55670  7.76%     -    0s
     0     0 4641.55814    0  233 5032.00000 4641.55814  7.76%     -    0s
H    0     0                    4984.0000000 4641.61667  6.87%     -    1s
H    0     0                    4960.0000000 4641.61667  6.42%     -    1s
H    0     0                    4956.0000000 4641.61667  6.34%     -    1s
     0     0 4642.81281    0  248 4956.00000 4642.81281  6.32%     -    1s
     0     0 4642.89616    0  260 4956.00000 4642.89616  6.32%     -    1s
     0     0 4642.89616    0  265 4956.00000 4642.89616  6.32%     -    1s
     0     0 4648.30756    0  256 4956.00000 4648.30756  6.21%     -    1s
     0     0 4648.88802    0  266 4956.00000 4648.88802  6.20%     -    1s
     0     0 4648.90000    0  248 4956.00000 4648.90000  6.20%     -    1s
     0     0 4648.90000    0  299 4956.00000 4648.90000  6.20%     -    1s
     0     0 4648.92135    0  320 4956.00000 4648.92135  6.20%     -    1s
     0     0 4651.12005    0  309 4956.00000 4651.12005  6.15%     -    1s
     0     0 4651.12005    0  327 4956.00000 4651.12005  6.15%     -    2s
     0     0 4651.12005    0  340 4956.00000 4651.12005  6.15%     -    2s
     0     0 4651.12005    0  301 4956.00000 4651.12005  6.15%     -    2s
     0     0 4651.12005    0  287 4956.00000 4651.12005  6.15%     -    2s
     0     0 4651.12005    0  330 4956.00000 4651.12005  6.15%     -    2s
     0     0 4651.12005    0  115 4956.00000 4651.12005  6.15%     -    2s
     0     2 4651.12005    0   87 4956.00000 4651.12005  6.15%     -    2s
   317   305 4666.45206   38  174 4956.00000 4653.80000  6.10%   150    5s
  1638  1091 4901.44016   24   95 4956.00000 4655.30898  6.07%   129   10s
  1821  1138 4916.25263   53  271 4956.00000 4656.85003  6.04%   127   15s

Cutting planes:
  Learned: 11
  Gomory: 3
  Cover: 160
  Implied bound: 2
  MIR: 212
  StrongCG: 57
  Flow cover: 185
  Zero half: 21
  Network: 1
  RLT: 1
  Relax-and-lift: 20

Explored 1828 nodes (254209 simplex iterations) in 18.60 seconds (10.30 work units)
Thread count was 12 (of 12 available processors)

Solution count 4: 4956 4960 4984 5032 

Solve interrupted
Best objective 4.956000000000e+03, best bound 4.657000000000e+03, gap 6.0331%
