
Gurobi 12.0.0 (win64) logging started Sun Jan 25 21:16:54 2026

Set parameter LogFile to value "Storage_orig/Logs/log_____________2026_01_25_21_16_54.log"
Set parameter MIPGap to value 0.01
Set parameter OutputFlag to value 1
Gurobi Optimizer version 12.0.0 build v12.0.0rc1 (win64 - Windows 11.0 (26100.2))

CPU model: Intel(R) Core(TM) i7-9750H CPU @ 2.60GHz, instruction set [SSE2|AVX|AVX2]
Thread count: 6 physical cores, 12 logical processors, using up to 12 threads

Non-default parameters:
MIPGap  0.01
MIPFocus  1

Optimize a model with 16100 rows, 2280 columns and 42808 nonzeros
Model fingerprint: 0x4ca9d1db
Variable types: 40 continuous, 2240 integer (1360 binary)
Coefficient statistics:
  Matrix range     [2e-01, 2e+02]
  Objective range  [1e+01, 4e+03]
  Bounds range     [1e+00, 1e+00]
  RHS range        [1e+00, 3e+02]
Found heuristic solution: objective 30880.000000
Presolve removed 12968 rows and 356 columns
Presolve time: 0.06s
Presolved: 3132 rows, 1924 columns, 21172 nonzeros
Variable types: 40 continuous, 1884 integer (1160 binary)

Root relaxation: objective 6.492443e+03, 2245 iterations, 0.10 seconds (0.09 work units)

    Nodes    |    Current Node    |     Objective Bounds      |     Work
 Expl Unexpl |  Obj  Depth IntInf | Incumbent    BestBd   Gap | It/Node Time

     0     0 6492.44333    0   35 30880.0000 6492.44333  79.0%     -    0s
H    0     0                    30826.000000 6492.44333  78.9%     -    0s
H    0     0                    30686.000000 6492.44333  78.8%     -    0s
H    0     0                    30286.000000 6492.44333  78.6%     -    0s
     0     0 6670.44087    0  104 30286.0000 6670.44087  78.0%     -    0s
H    0     0                    29187.000000 6670.44087  77.1%     -    0s
H    0     0                    28613.000000 6670.44087  76.7%     -    0s
H    0     0                    28413.000000 6670.44087  76.5%     -    0s
H    0     0                    27713.000000 6670.44087  75.9%     -    0s
H    0     0                    27227.000000 6721.49170  75.3%     -    0s
H    0     0                    26653.000000 6721.49170  74.8%     -    0s
H    0     0                    26453.000000 6721.49170  74.6%     -    0s
H    0     0                    25613.000000 6721.49170  73.8%     -    0s
     0     0 6721.49170    0  101 25613.0000 6721.49170  73.8%     -    0s
     0     0 6736.63272    0  136 25613.0000 6736.63272  73.7%     -    0s
     0     0 6736.63272    0  140 25613.0000 6736.63272  73.7%     -    0s
     0     0 6950.69937    0  131 25613.0000 6950.69937  72.9%     -    0s
     0     0 6962.65032    0  157 25613.0000 6962.65032  72.8%     -    0s
     0     0 6968.47789    0  181 25613.0000 6968.47789  72.8%     -    0s
     0     0 6969.36882    0  198 25613.0000 6969.36882  72.8%     -    0s
     0     0 6971.46909    0  193 25613.0000 6971.46909  72.8%     -    0s
     0     0 6971.47467    0  196 25613.0000 6971.47467  72.8%     -    0s
H    0     0                    25368.000000 7009.63430  72.4%     -    1s
H    0     0                    25168.000000 7009.63430  72.1%     -    1s
H    0     0                    25028.000000 7009.63430  72.0%     -    1s
H    0     0                    24348.000000 7009.63430  71.2%     -    1s
H    0     0                    24148.000000 7009.63430  71.0%     -    1s
     0     0 7009.63430    0  249 24148.0000 7009.63430  71.0%     -    1s
H    0     0                    23735.000000 7043.40385  70.3%     -    1s
     0     0 7043.40385    0  290 23735.0000 7043.40385  70.3%     -    1s
     0     0 7059.51581    0  260 23735.0000 7059.51581  70.3%     -    1s
     0     0 7080.47813    0  316 23735.0000 7080.47813  70.2%     -    1s
     0     0 7084.74435    0  331 23735.0000 7084.74435  70.2%     -    1s
H    0     0                    23178.000000 7111.76014  69.3%     -    1s
H    0     0                    22618.000000 7111.76014  68.6%     -    1s
H    0     0                    22478.000000 7111.76014  68.4%     -    1s
H    0     0                    22442.000000 7111.76014  68.3%     -    1s
H    0     0                    22279.000000 7111.76014  68.1%     -    1s
H    0     0                    22199.000000 7111.76014  68.0%     -    1s
     0     0 7111.76014    0  300 22199.0000 7111.76014  68.0%     -    1s
     0     0 7114.08028    0  321 22199.0000 7114.08028  68.0%     -    1s
     0     0 7114.67588    0  344 22199.0000 7114.67588  68.0%     -    1s
     0     0 7118.14991    0  332 22199.0000 7118.14991  67.9%     -    1s
     0     0 7118.41414    0  347 22199.0000 7118.41414  67.9%     -    1s
     0     0 7118.63653    0  353 22199.0000 7118.63653  67.9%     -    1s
H    0     0                    22153.000000 7119.12897  67.9%     -    1s
     0     0 7119.12897    0  371 22153.0000 7119.12897  67.9%     -    1s
     0     0 7119.19576    0  396 22153.0000 7119.19576  67.9%     -    1s
H    0     0                    22091.000000 7119.75675  67.8%     -    2s
H    0     0                    21951.000000 7119.75675  67.6%     -    2s
     0     0 7119.75675    0  369 21951.0000 7119.75675  67.6%     -    2s
     0     0 7119.75675    0  379 21951.0000 7119.75675  67.6%     -    2s
H    0     0                    21719.000000 7130.07383  67.2%     -    2s
     0     0 7130.07383    0  389 21719.0000 7130.07383  67.2%     -    2s
H    0     0                    21683.000000 7130.07383  67.1%     -    2s
H    0     0                    21587.000000 7130.07383  67.0%     -    2s
H    0     0                    21347.000000 7130.07383  66.6%     -    2s
     0     0 7136.58761    0  320 21347.0000 7136.58761  66.6%     -    2s
     0     0 7137.52019    0  363 21347.0000 7137.52019  66.6%     -    2s
     0     0 7137.74345    0  361 21347.0000 7137.74345  66.6%     -    2s
     0     0 7137.81954    0  392 21347.0000 7137.81954  66.6%     -    2s
     0     0 7138.25461    0  407 21347.0000 7138.25461  66.6%     -    2s
     0     0 7138.38898    0  405 21347.0000 7138.38898  66.6%     -    2s
     0     0 7138.47253    0  418 21347.0000 7138.47253  66.6%     -    2s
H    0     0                    19836.000000 7138.96315  64.0%     -    3s
     0     0 7138.96315    0  425 19836.0000 7138.96315  64.0%     -    3s
     0     0 7138.98582    0  435 19836.0000 7138.98582  64.0%     -    3s
H    0     0                    19776.000000 7138.98582  63.9%     -    3s
H    0     0                    19576.000000 7138.98582  63.5%     -    3s
H    0     0                    19297.000000 7138.98582  63.0%     -    3s
     0     0 7144.35058    0  408 19297.0000 7144.35058  63.0%     -    3s
H    0     0                    19017.000000 7144.35058  62.4%     -    3s
H    0     0                    17982.000000 7144.35058  60.3%     -    4s
H    0     0                    17842.000000 7144.35058  60.0%     -    4s
H    0     0                    16962.000000 7144.35058  57.9%     -    4s
H    0     0                    16721.000000 7144.35058  57.3%     -    4s
H    0     0                    16161.000000 7144.35058  55.8%     -    4s
H    0     0                    15761.000000 7144.35058  54.7%     -    4s
H    0     2                    15725.000000 7144.35058  54.6%     -    4s
     0     2 7144.35058    0  369 15725.0000 7144.35058  54.6%     -    4s
H   10    14                    15621.000000 7148.80346  54.2%   618    4s
    13    25 7156.46603    4  312 15621.0000 7154.81645  54.2%   630    5s
H   32    37                    15525.000000 7154.81645  53.9%   420    5s
H   73    76                    15426.000000 7154.81645  53.6%   276    6s
H   74    76                    14705.000000 7154.81645  51.3%   274    6s
H  109   115                    14666.000000 7154.81645  51.2%   269    7s
H  109   115                    14285.000000 7154.81645  49.9%   269    7s
H  141   146                    14106.000000 7154.81645  49.3%   249    7s
   192   191 infeasible   35      14106.0000 7154.81645  49.3%   245   10s
H  219   207                    13927.000000 7154.81645  48.6%   237   11s
H  255   240                    13787.000000 7154.81645  48.1%   240   14s
   291   270 10455.8110   45  149 13787.0000 7154.81645  48.1%   235   15s
H  306   283                    13647.000000 7154.81645  47.6%   232   15s
H  400   347                    13546.000000 7155.76253  47.2%   210   18s
   423   368 8134.50970   15   84 13546.0000 7155.76253  47.2%   208   20s
H  446   383                    13524.000000 7156.46603  47.1%   205   21s
   595   534 8356.72085   33  128 13524.0000 7156.46603  47.1%   189   25s
   817   680 7162.29248    6  351 13524.0000 7157.94928  47.1%   177   30s
  1195  1043 8188.59911   44   77 13524.0000 7158.69796  47.1%   169   35s
  1508  1247 7932.17661   26   38 13524.0000 7158.69796  47.1%   157   40s
  1537  1267 7824.32203   24  498 13524.0000 7158.69796  47.1%   154   45s
  1555  1279 7810.30130   23  456 13524.0000 7167.58593  47.0%   152   51s
  1602  1325 7177.80462   20  423 13524.0000 7167.71194  47.0%   188   55s
  1730  1400 7898.63372   29  223 13524.0000 7167.71194  47.0%   200   60s
  1857  1503 8018.79115   37  144 13524.0000 7167.71194  47.0%   204   65s
  1906  1525 8059.30425   41  203 13524.0000 7167.71194  47.0%   207   70s
  1947  1564 8247.74306   45  174 13524.0000 7167.71194  47.0%   213   75s
  2040  1587 8444.93519   52  232 13524.0000 7167.71194  47.0%   216   81s
  2093  1603 11799.3982   53  331 13524.0000 7167.71194  47.0%   216   85s
  2165  1617 11815.4420   58  276 13524.0000 7167.71194  47.0%   221   91s
  2284  1658 7174.22841   22  374 13524.0000 7171.72737  47.0%   222   96s
  2296  1663 7193.02955   24  260 13524.0000 7171.72737  47.0%   223  100s
  2329  1698 7895.53253   32   54 13524.0000 7171.72737  47.0%   223  106s
  2502  1794 8323.61572   64  101 13524.0000 7171.73381  47.0%   224  111s
  2565  1778 infeasible   72      13524.0000 7171.73381  47.0%   227  115s
  2591  1792 8573.43436   73  216 13524.0000 7171.73381  47.0%   228  120s
  2614  1864 8676.94564   75  130 13524.0000 7171.73381  47.0%   229  126s
  2766  1918 7175.72558   21  648 13524.0000 7171.76171  47.0%   232  132s
  2829  1952 7176.19210   22  478 13524.0000 7171.76171  47.0%   235  138s
  2898  1963 7181.00124   23  373 13524.0000 7171.76171  47.0%   238  143s
  2956  1947 7802.38127   25  191 13524.0000 7171.92380  47.0%   242  149s
  2965  1951 7802.46185   26  200 13524.0000 7171.92380  47.0%   242  152s
  2972  1982 7802.60594   27  206 13524.0000 7171.92380  47.0%   242  157s
  3026  2080 8032.99086   28  386 13524.0000 7171.92380  47.0%   243  163s
  3170  2102 7925.50435   45  114 13524.0000 7171.92380  47.0%   241  167s
  3286  2146 7934.13047   64  199 13524.0000 7171.92380  47.0%   239  174s
  3378  2184 7934.26537   70  225 13524.0000 7171.92380  47.0%   239  178s
  3461  2192 8066.38123   77  150 13524.0000 7171.92380  47.0%   242  181s
  3499  2192 8129.11450   78  115 13524.0000 7172.04936  47.0%   242  185s
  3535  2289 8239.11991   79  180 13524.0000 7172.04936  47.0%   242  193s
  3652  2351 infeasible   86      13524.0000 7172.22453  47.0%   240  195s
  3959  2504 7777.98187   66   81 13524.0000 7173.25288  47.0%   237  202s
  4113  2587 7188.28879   18  431 13524.0000 7173.25288  47.0%   234  206s
  4275  2539 11362.2709   37  338 13524.0000 7173.25288  47.0%   235  210s
  4309  2561 11362.9633   39  323 13524.0000 7173.25288  47.0%   235  220s
  4316  2562 11523.8949   40  215 13524.0000 7173.25288  47.0%   235  232s
  4328  2571 11571.5081   41  184 13524.0000 7173.25288  47.0%   235  239s
  4369  2578 11571.8495   42  200 13524.0000 7173.25288  47.0%   235  244s
  4415  2644 11845.3025   59  150 13524.0000 7173.74574  47.0%   234  251s
  4535  2659 7178.80988   19  480 13524.0000 7173.74574  47.0%   233  257s
  4634  2817 7798.01459   24  278 13524.0000 7173.74574  47.0%   234  265s
  4869  2880 8159.49381   44  301 13524.0000 7173.74574  47.0%   228  273s
  5064  3026 8130.23628   67   90 13524.0000 7173.74574  47.0%   225  279s
  5310  3138 8430.40999   93   90 13524.0000 7173.74574  47.0%   224  283s
  5534  3246 8434.20899   94  122 13524.0000 7173.74574  47.0%   222  286s
  5733  3415 7186.46695   22  414 13524.0000 7173.74574  47.0%   224  291s
  5944  3583 11455.9832   51  102 13524.0000 7174.57676  46.9%   226  298s

Cutting planes:
  Learned: 4
  Cover: 435
  MIR: 219
  StrongCG: 9
  Flow cover: 293
  Zero half: 1
  Network: 4
  RLT: 17
  Relax-and-lift: 21

Explored 6150 nodes (1423009 simplex iterations) in 298.31 seconds (114.19 work units)
Thread count was 12 (of 12 available processors)

Solution count 10: 13524 13546 13647 ... 15426

Solve interrupted
Best objective 1.352400000000e+04, best bound 7.175000000000e+03, gap 46.9462%
