
Gurobi 12.0.0 (win64) logging started Sat Feb 14 21:21:25 2026

Set parameter LogFile to value "Storage_orig/Logs/log_____________2026_02_14_21_21_25.log"
Set parameter MIPGap to value 0.01
Set parameter OutputFlag to value 1
Gurobi Optimizer version 12.0.0 build v12.0.0rc1 (win64 - Windows 11+.0 (26200.2))

CPU model: Intel(R) Core(TM) i7-9750H CPU @ 2.60GHz, instruction set [SSE2|AVX|AVX2]
Thread count: 6 physical cores, 12 logical processors, using up to 12 threads

Non-default parameters:
MIPGap  0.01
MIPFocus  1

Optimize a model with 7776 rows, 1432 columns and 20956 nonzeros
Model fingerprint: 0x277422c6
Variable types: 32 continuous, 1400 integer (824 binary)
Coefficient statistics:
  Matrix range     [2e-01, 1e+03]
  Objective range  [1e+01, 4e+03]
  Bounds range     [1e+00, 1e+00]
  RHS range        [1e+00, 1e+03]
Found heuristic solution: objective 18540.000000
Presolve removed 5852 rows and 248 columns
Presolve time: 0.03s
Presolved: 1924 rows, 1184 columns, 12020 nonzeros
Variable types: 32 continuous, 1152 integer (704 binary)

Root relaxation: objective 3.881250e+03, 794 iterations, 0.02 seconds (0.02 work units)

    Nodes    |    Current Node    |     Objective Bounds      |     Work
 Expl Unexpl |  Obj  Depth IntInf | Incumbent    BestBd   Gap | It/Node Time

     0     0 3881.25000    0   15 18540.0000 3881.25000  79.1%     -    0s
     0     0 4339.02784    0   35 18540.0000 4339.02784  76.6%     -    0s
H    0     0                    16087.000000 4339.02784  73.0%     -    0s
     0     0 4361.54117    0   44 16087.0000 4361.54117  72.9%     -    0s
     0     0 4361.54117    0   45 16087.0000 4361.54117  72.9%     -    0s
H    0     0                    15661.000000 4361.54117  72.2%     -    0s
     0     0 4495.59972    0   94 15661.0000 4495.59972  71.3%     -    0s
     0     0 4501.44000    0   33 15661.0000 4501.44000  71.3%     -    0s
     0     0 4501.44000    0   36 15661.0000 4501.44000  71.3%     -    0s
H    0     0                    15521.000000 4501.44000  71.0%     -    0s
H    0     0                    15241.000000 4501.44000  70.5%     -    0s
H    0     0                    14421.000000 4501.44000  68.8%     -    0s
H    0     0                    14281.000000 4501.44000  68.5%     -    0s
     0     0 4503.12000    0   36 14281.0000 4503.12000  68.5%     -    0s
     0     0 4503.34800    0   35 14281.0000 4503.34800  68.5%     -    0s
     0     0 4503.34800    0   43 14281.0000 4503.34800  68.5%     -    0s
H    0     0                    11263.000000 4503.34800  60.0%     -    0s
H    0     0                    10323.000000 4503.34800  56.4%     -    0s
H    0     0                    9783.0000000 4503.34800  54.0%     -    0s
     0     0 4507.52000    0   29 9783.00000 4507.52000  53.9%     -    0s
     0     0 4507.52000    0   37 9783.00000 4507.52000  53.9%     -    0s
     0     0 4643.37602    0   81 9783.00000 4643.37602  52.5%     -    0s
     0     2 4645.14839    0   78 9783.00000 4645.14839  52.5%     -    0s
H   32    39                    9327.0000000 4660.36672  50.0%  57.2    0s
H   36    39                    8528.0000000 4660.36672  45.4%  53.3    0s
H  117   123                    7995.0000000 4660.36672  41.7%  45.1    1s
H  126   128                    7315.0000000 4660.36672  36.3%  45.0    1s
H  198   195                    7229.0000000 4665.77887  35.5%  44.7    1s
H  214   204                    6975.0000000 4665.77887  33.1%  44.9    1s
H  389   329                    6874.0000000 4683.46448  31.9%  38.2    1s
  1694  1189 4748.00000   11   27 6874.00000 4748.00000  30.9%  33.6    5s
  1894  1332 4754.28167   21   12 6874.00000 4748.00000  30.9%  38.3   10s
H 2004  1280                    6756.0000000 4748.00000  29.7%  40.0   13s
  2185  1285     cutoff   33      6756.00000 4748.00000  29.7%  43.0   15s
  2829  1447     cutoff   54      6756.00000 4748.00000  29.7%  46.5   20s
  3313  1589 4827.15000   22   15 6756.00000 4748.00000  29.7%  48.1   25s
H 3338  1523                    6515.0000000 4748.00000  27.1%  48.1   25s
H 3676  1469                    6489.0000000 4748.00000  26.8%  48.0   29s
H 3890  1475                    6390.0000000 4748.00000  25.7%  48.0   29s
  3967  1507 4757.59775   49   97 6390.00000 4748.00000  25.7%  47.9   30s
  4714  1682     cutoff   32      6390.00000 4748.00000  25.7%  48.8   35s
  6116  2559 4753.82753   27   62 6390.00000 4748.00000  25.7%  50.8   40s
  7401  3270 6101.70889   62   83 6390.00000 4748.03350  25.7%  49.6   45s
  8030  3478 5644.58881   28  241 6390.00000 4748.04528  25.7%  50.8   50s
  8043  3504 5661.94290   29  213 6390.00000 4748.04528  25.7%  50.8   55s
  9288  4339     cutoff   30      6390.00000 4748.10566  25.7%  51.0   60s
 11044  5294     cutoff   58      6390.00000 4748.35870  25.7%  51.4   66s
 11531  5712 infeasible   44      6390.00000 4748.39391  25.7%  51.6   71s
 13620  7196 6140.95949   54   63 6390.00000 4748.94937  25.7%  50.4   75s
 15165  7602 4752.77067   42   12 6390.00000 4749.51537  25.7%  49.8   81s
 16332  8697 4900.17030   25   75 6390.00000 4749.80987  25.7%  49.9   86s
 17986  9649     cutoff   24      6390.00000 4750.63199  25.7%  50.1   90s
 19689 10267 4753.16560   27   78 6390.00000 4751.00000  25.6%  50.6   96s
 20845 11306 4897.71217   28   19 6390.00000 4751.00000  25.6%  51.6  100s
 22820 12452 4769.02499   37   35 6390.00000 4751.00000  25.6%  51.8  105s
 25869 13493 5355.65559   47   77 6390.00000 4751.29922  25.6%  50.4  110s
 27343 14755 5106.90814   23   57 6390.00000 4751.61367  25.6%  50.7  116s
 28165 14762 6219.31522   66   71 6390.00000 4751.83814  25.6%  51.2  120s
 28915 15825 4785.77086   30  120 6390.00000 4752.04696  25.6%  51.1  126s
 30209 16397 4752.68841   31   73 6390.00000 4752.20133  25.6%  51.2  130s
 32219 17573 4762.82423   20  122 6390.00000 4752.71972  25.6%  51.4  135s
 33454 18035     cutoff   46      6390.00000 4753.33227  25.6%  51.8  140s
 35950 20653 6205.89476   49  136 6390.00000 4753.63292  25.6%  51.8  147s
 38816 20671 4756.33187   25   31 6390.00000 4754.05000  25.6%  51.0  151s
 38963 21270 4756.33561   27   31 6390.00000 4754.05000  25.6%  51.0  155s
 40763 22278 6271.80000   50    8 6390.00000 4754.29976  25.6%  50.8  160s
 42369 22554     cutoff   31      6390.00000 4754.78645  25.6%  51.2  166s
 42909 23175 4789.64479   45  167 6390.00000 4754.87890  25.6%  51.5  172s
 43765 23642 4803.05353   51   71 6390.00000 4755.01338  25.6%  51.7  176s
 46174 24328 infeasible   29      6390.00000 4755.38570  25.6%  51.4  182s
 46816 25082 4756.43863   43   23 6390.00000 4755.40843  25.6%  51.5  188s
 48070 25409 6307.65071   43   49 6390.00000 4755.91562  25.6%  51.9  191s
 49030 25415 4855.45000   19   25 6390.00000 4756.17405  25.6%  52.1  195s
 49668 26238 4851.26832   45   49 6390.00000 4756.44397  25.6%  52.3  202s
 51010 26903 4966.42085   32  170 6390.00000 4757.00593  25.6%  52.6  206s
 52639 26905 4852.14200   24   17 6390.00000 4757.61288  25.5%  52.8  210s
 53237 27782 6223.68368   44   78 6390.00000 4757.69526  25.5%  52.9  217s
 54930 28896 4829.64298   40  152 6390.00000 4758.00000  25.5%  53.0  221s
 57785 29229 infeasible   31      6390.00000 4758.13505  25.5%  53.3  228s
 57805 29395 4955.00963   30  122 6390.00000 4758.13505  25.5%  53.3  231s
 58569 29603 infeasible   55      6390.00000 4758.13505  25.5%  53.4  238s
 58684 30255 4758.88597   35   45 6390.00000 4758.50725  25.5%  53.4  242s
 60073 30832 4883.08788   31   29 6390.00000 4758.82301  25.5%  53.5  247s
 61543 30832 6280.99658   41   29 6390.00000 4758.91883  25.5%  53.6  251s
 62555 32061     cutoff   24      6390.00000 4759.06443  25.5%  53.8  260s
 65753 32826 5085.11976   58   61 6390.00000 4760.04706  25.5%  54.3  267s

Cutting planes:
  Learned: 282
  Gomory: 6
  Cover: 73
  MIR: 101
  StrongCG: 3
  Flow cover: 175
  Zero half: 1
  Network: 18
  RLT: 6
  Relax-and-lift: 17

Explored 65884 nodes (3584587 simplex iterations) in 268.57 seconds (119.18 work units)
Thread count was 12 (of 12 available processors)

Solution count 10: 6390 6489 6515 ... 8528

Solve interrupted
Best objective 6.390000000000e+03, best bound 4.761000000000e+03, gap 25.4930%
