
Gurobi 12.0.0 (win64) logging started Sat Feb 14 21:41:37 2026

Set parameter LogFile to value "Storage_orig/Logs/log______Sens_gamma_1000_2026_02_14_21_41_37.log"
Set parameter MIPGap to value 0.01
Set parameter OutputFlag to value 1
Gurobi Optimizer version 12.0.0 build v12.0.0rc1 (win64 - Windows 11+.0 (26200.2))

CPU model: Intel(R) Core(TM) i7-9750H CPU @ 2.60GHz, instruction set [SSE2|AVX|AVX2]
Thread count: 6 physical cores, 12 logical processors, using up to 12 threads

Non-default parameters:
MIPGap  0.01
MIPFocus  1

Optimize a model with 6604 rows, 1332 columns and 17992 nonzeros
Model fingerprint: 0xd23b5339
Variable types: 32 continuous, 1300 integer (724 binary)
Coefficient statistics:
  Matrix range     [2e-01, 1e+03]
  Objective range  [1e+01, 5e+03]
  Bounds range     [1e+00, 1e+00]
  RHS range        [1e+00, 1e+03]

User MIP start produced solution with objective 11974 (0.01s)
Loaded user MIP start with objective 11974

Presolve removed 4892 rows and 228 columns
Presolve time: 0.02s
Presolved: 1712 rows, 1104 columns, 10516 nonzeros
Variable types: 32 continuous, 1072 integer (624 binary)

Root relaxation: objective 4.058840e+03, 836 iterations, 0.01 seconds (0.02 work units)

    Nodes    |    Current Node    |     Objective Bounds      |     Work
 Expl Unexpl |  Obj  Depth IntInf | Incumbent    BestBd   Gap | It/Node Time

     0     0 4058.84000    0   16 11974.0000 4058.84000  66.1%     -    0s
     0     0 5275.27733    0   46 11974.0000 5275.27733  55.9%     -    0s
     0     0 5283.67211    0   55 11974.0000 5283.67211  55.9%     -    0s
     0     0 6222.39927    0   91 11974.0000 6222.39927  48.0%     -    0s
     0     0 7153.84443    0  124 11974.0000 7153.84443  40.3%     -    0s
     0     0 7183.81401    0  126 11974.0000 7183.81401  40.0%     -    0s
     0     0 7189.90980    0  122 11974.0000 7189.90980  40.0%     -    0s
     0     0 7211.33416    0   84 11974.0000 7211.33416  39.8%     -    0s
     0     0 7213.52386    0   91 11974.0000 7213.52386  39.8%     -    0s
     0     0 7216.55014    0  108 11974.0000 7216.55014  39.7%     -    0s
     0     0 7216.55014    0  109 11974.0000 7216.55014  39.7%     -    0s
     0     0 8542.24654    0  160 11974.0000 8542.24654  28.7%     -    0s
     0     0 9346.29780    0  121 11974.0000 9346.29780  21.9%     -    0s
     0     0 9399.75130    0  140 11974.0000 9399.75130  21.5%     -    0s
     0     0 9404.55343    0  159 11974.0000 9404.55343  21.5%     -    0s
     0     0 9454.37788    0  187 11974.0000 9454.37788  21.0%     -    0s
     0     0 9496.40954    0  211 11974.0000 9496.40954  20.7%     -    0s
     0     0 9509.14358    0  197 11974.0000 9509.14358  20.6%     -    0s
     0     0 9512.27634    0  186 11974.0000 9512.27634  20.6%     -    0s
     0     0 9512.31356    0  202 11974.0000 9512.31356  20.6%     -    0s
H    0     0                    11933.000000 9512.31356  20.3%     -    0s
     0     0 9942.30279    0  221 11933.0000 9942.30279  16.7%     -    0s
     0     0 10053.1052    0  210 11933.0000 10053.1052  15.8%     -    0s
     0     0 10192.2260    0  206 11933.0000 10192.2260  14.6%     -    1s
     0     0 10236.9000    0   30 11933.0000 10236.9000  14.2%     -    1s
     0     0 10239.9000    0   28 11933.0000 10239.9000  14.2%     -    1s
     0     0 10239.9000    0   33 11933.0000 10239.9000  14.2%     -    1s
     0     0 10245.4356    0  226 11933.0000 10245.4356  14.1%     -    1s
     0     2 10245.4356    0  220 11933.0000 10245.4356  14.1%     -    1s
* 1005   621              23    11909.000000 10600.7084  11.0%  71.2    4s
  1033   652 11440.6549   17  233 11909.0000 10602.4827  11.0%  71.5    5s
* 2063  1056              16    11756.000000 10750.0065  8.56%  70.3    9s
  2128  1092 11048.0000   19    4 11756.0000 10750.0065  8.56%  70.6   10s
  2751  1156     cutoff   41      11756.0000 10753.8750  8.52%  74.7   15s
  3883  1297 11528.0747   43   14 11756.0000 10885.8304  7.40%  72.7   20s
  8008  2383     cutoff   43      11756.0000 10955.1024  6.81%  66.4   25s
* 8392  2477              43    11749.000000 10956.5436  6.74%  66.0   25s
H12518  3766                    11746.000000 10966.0216  6.64%  63.7   29s
 12770  3961 10966.0425   40  124 11746.0000 10966.0425  6.64%  63.6   30s
 17343  5588 11419.7180   40   89 11746.0000 10971.4202  6.59%  61.2   35s
 23252  7297 11438.1114   48   67 11746.0000 10975.6500  6.56%  59.0   40s
 27731  8271     cutoff   44      11746.0000 10979.7714  6.52%  58.7   45s
 32169  9010 11386.7303   48  113 11746.0000 10983.5105  6.49%  58.4   50s
 36088  9900 11468.9078   40  105 11746.0000 10988.2000  6.45%  58.7   55s
 39200 10324     cutoff   37      11746.0000 10991.5714  6.42%  59.3   60s
 43363 10907     cutoff   43      11746.0000 10999.0695  6.36%  60.2   65s
 47556 11407 11342.6302   40  134 11746.0000 11012.0145  6.25%  60.2   70s
 53419 12513 11379.3255   45  121 11746.0000 11044.1619  5.98%  59.7   76s
 56286 13703 11139.8574   25  317 11746.0000 11048.0355  5.94%  61.3   81s
 58884 14476 11095.2361   28  122 11746.0000 11049.8539  5.93%  62.5   86s
 61117 15244     cutoff   28      11746.0000 11051.0000  5.92%  63.7   90s
 63272 15929 11330.6395   47  196 11746.0000 11051.3365  5.91%  65.1   95s
 65921 16590     cutoff   30      11746.0000 11053.3248  5.90%  66.3  100s
 68100 17107 11207.5691   39  233 11746.0000 11054.0990  5.89%  67.5  105s
 69718 17615 11103.5806   32   45 11746.0000 11054.6052  5.89%  68.5  110s
 73228 18276 11521.4738   50   65 11746.0000 11058.0000  5.86%  70.3  117s
 75673 18742 11137.4347   55   90 11746.0000 11059.2281  5.85%  71.6  122s
 78255 19302 11066.3164   41  139 11746.0000 11060.7814  5.83%  72.6  127s
 79862 19554     cutoff   29      11746.0000 11061.0000  5.83%  73.4  130s
 81469 20095 11200.7719   35  214 11746.0000 11061.0347  5.83%  74.3  135s
 83770 20467 11118.2303   27  213 11746.0000 11062.2121  5.82%  75.4  140s
 86230 20857 infeasible   30      11746.0000 11063.2735  5.81%  76.5  145s
 88442 21283 11180.1930   39  150 11746.0000 11064.0000  5.81%  77.6  151s
 90357 21581 11103.5215   41   56 11746.0000 11064.0000  5.81%  78.4  155s
 92407 21975 11458.4100   41  164 11746.0000 11064.5895  5.80%  79.4  162s
 93930 22089 infeasible   42      11746.0000 11065.1100  5.80%  79.9  165s
 95934 22437     cutoff   28      11746.0000 11067.0000  5.78%  80.7  171s
 98638 22698 11095.2562   44   80 11746.0000 11068.0000  5.77%  81.8  176s
 101150 22916 11199.0116   32  177 11746.0000 11070.6799  5.75%  82.8  182s
 102476 22899 11140.5603   31  185 11746.0000 11071.5397  5.74%  83.2  185s
 105370 22907     cutoff   28      11746.0000 11075.3222  5.71%  83.8  191s
 107641 23060 11108.7495   22  101 11746.0000 11078.0000  5.69%  84.5  197s
 109995 23157 11431.4941   40  129 11746.0000 11079.6167  5.67%  85.0  202s
 112287 23210     cutoff   29      11746.0000 11081.0000  5.66%  85.5  207s
 113559 23165 11547.2241   35  215 11746.0000 11081.9508  5.65%  85.7  210s
 116129 22866 infeasible   38      11746.0000 11086.5949  5.61%  85.7  215s
 118471 22543 11509.4612   37  136 11746.0000 11091.0000  5.58%  86.2  220s
 120769 21937     cutoff   46      11746.0000 11095.2313  5.54%  86.4  226s
 123391 20510 infeasible   35      11746.0000 11106.6440  5.44%  86.1  230s
 127824 18930     cutoff   39      11746.0000 11121.4789  5.32%  84.8  236s
 131963 17437 11426.8108   53   72 11746.0000 11143.0957  5.13%  83.4  240s
 137525 15751     cutoff   44      11746.0000 11181.4655  4.81%  81.6  245s
 142829 14939     cutoff   46      11746.0000 11225.0402  4.44%  80.1  250s
 147700 14007     cutoff   51      11746.0000 11266.0333  4.09%  78.7  255s
 153491 12973     cutoff   37      11746.0000 11293.9097  3.85%  77.1  261s
 159606 11905     cutoff   54      11746.0000 11324.0588  3.59%  75.4  265s
 165627 10727     cutoff   60      11746.0000 11349.8607  3.37%  73.8  270s
 172613  9779     cutoff   54      11746.0000 11378.1629  3.13%  72.0  275s
 178264  9535     cutoff   54      11746.0000 11387.8454  3.05%  70.4  280s
 182953  8534 infeasible   46      11746.0000 11401.3561  2.93%  69.4  285s
 188182  6319 infeasible   44      11746.0000 11438.2113  2.62%  68.4  290s
 194983  5903     cutoff   54      11746.0000 11485.2793  2.22%  66.7  295s
 201001  4373     cutoff   49      11746.0000 11499.2272  2.10%  65.3  300s
 205985  4159 infeasible   64      11746.0000 11524.6512  1.88%  64.2  305s
 212953  4569 11527.1611   61   32 11746.0000 11527.0443  1.86%  62.5  310s
 220584  3917 infeasible   38      11746.0000 11527.4588  1.86%  60.7  315s
 227649  3179 11541.3663   58   50 11746.0000 11540.1653  1.75%  59.2  320s
 233851  1499     cutoff   40      11746.0000 11582.0591  1.40%  58.1  325s

Cutting planes:
  Learned: 875
  Gomory: 1
  Cover: 277
  MIR: 158
  StrongCG: 12
  Flow cover: 252
  GUB cover: 1
  Inf proof: 7
  Zero half: 1
  Network: 26
  RLT: 35
  Relax-and-lift: 22

Explored 237450 nodes (13664014 simplex iterations) in 327.00 seconds (177.98 work units)
Thread count was 12 (of 12 available processors)

Solution count 7: 11746 11746 11749 ... 11974

Optimal solution found (tolerance 1.00e-02)
Best objective 1.174600000000e+04, best bound 1.174600000000e+04, gap 0.0000%
