
Gurobi 12.0.0 (win64) logging started Wed Feb 25 00:10:10 2026

Set parameter LogFile to value "Storage_orig/Logs/log______Sens_handling_time_1_2026_02_25_00_10_10.log"
Set parameter MIPGap to value 0.005
Set parameter OutputFlag to value 1
Gurobi Optimizer version 12.0.0 build v12.0.0rc1 (win64 - Windows 11+.0 (26200.2))

CPU model: Intel(R) Core(TM) i7-9750H CPU @ 2.60GHz, instruction set [SSE2|AVX|AVX2]
Thread count: 6 physical cores, 12 logical processors, using up to 12 threads

Non-default parameters:
MIPGap  0.005
MIPFocus  2

Optimize a model with 5540 rows, 1032 columns and 14852 nonzeros
Model fingerprint: 0x4ba54a86
Variable types: 24 continuous, 1008 integer (720 binary)
Coefficient statistics:
  Matrix range     [1e+00, 1e+02]
  Objective range  [1e+01, 2e+03]
  Bounds range     [1e+00, 1e+00]
  RHS range        [1e+00, 2e+02]

User MIP start did not produce a new incumbent solution
User MIP start violates constraint R558 by 5.250000000

Found heuristic solution: objective 18900.000000
Presolve removed 3940 rows and 168 columns
Presolve time: 0.03s
Presolved: 1600 rows, 864 columns, 8604 nonzeros
Variable types: 24 continuous, 840 integer (600 binary)
Root relaxation presolve removed 4 rows and 0 columns
Root relaxation presolved: 1596 rows, 864 columns, 8564 nonzeros


Root relaxation: objective 4.977000e+03, 738 iterations, 0.03 seconds (0.03 work units)

    Nodes    |    Current Node    |     Objective Bounds      |     Work
 Expl Unexpl |  Obj  Depth IntInf | Incumbent    BestBd   Gap | It/Node Time

     0     0 4977.00027    0   42 18900.0000 4977.00027  73.7%     -    0s
H    0     0                    16306.000000 4977.00027  69.5%     -    0s
H    0     0                    15808.000000 4977.00027  68.5%     -    0s
H    0     0                    15570.000000 4977.00027  68.0%     -    0s
H    0     0                    12870.000000 4977.00027  61.3%     -    0s
H    0     0                    12730.000000 4977.73387  60.9%     -    0s
     0     0 4977.77143    0  100 12730.0000 4977.77143  60.9%     -    0s
H    0     0                    11054.000000 4991.79921  54.8%     -    0s
H    0     0                    9954.0000000 4991.79921  49.9%     -    0s
     0     0 5000.10295    0   55 9954.00000 5000.10295  49.8%     -    0s
     0     0 5000.10295    0   47 9954.00000 5000.10295  49.8%     -    0s
     0     0 5021.82918    0   51 9954.00000 5021.82918  49.5%     -    0s
     0     0 5080.20455    0   87 9954.00000 5080.20455  49.0%     -    0s
H    0     0                    9614.0000000 5083.94476  47.1%     -    0s
     0     0 5083.94476    0   75 9614.00000 5083.94476  47.1%     -    0s
     0     0 5083.94476    0   82 9614.00000 5083.94476  47.1%     -    0s
H    0     0                    9156.0000000 5083.94476  44.5%     -    0s
H    0     0                    9096.0000000 5083.94476  44.1%     -    0s
     0     0 5127.49179    0  145 9096.00000 5127.49179  43.6%     -    0s
     0     0 5132.75711    0  130 9096.00000 5132.75711  43.6%     -    0s
     0     0 5134.92795    0  200 9096.00000 5134.92795  43.5%     -    0s
     0     0 5139.74516    0  211 9096.00000 5139.74516  43.5%     -    0s
     0     0 5139.83693    0  227 9096.00000 5139.83693  43.5%     -    1s
     0     0 5139.83693    0  232 9096.00000 5139.83693  43.5%     -    1s
H    0     0                    8797.0000000 5139.83693  41.6%     -    1s
H    0     0                    8597.0000000 5139.83693  40.2%     -    1s
H    0     0                    8517.0000000 5139.83693  39.7%     -    1s
     0     0 5151.39632    0  220 8517.00000 5151.39632  39.5%     -    1s
H    0     0                    8481.0000000 5151.45784  39.3%     -    1s
     0     0 5151.45784    0  239 8481.00000 5151.45784  39.3%     -    1s
H    0     0                    8426.0000000 5151.45784  38.9%     -    1s
H    0     0                    8421.0000000 5151.45784  38.8%     -    1s
H    0     0                    7321.0000000 5151.45784  29.6%     -    1s
H    0     0                    7199.0000000 5151.45784  28.4%     -    1s
H    0     0                    7095.0000000 5151.45784  27.4%     -    1s
H    0     0                    6895.0000000 5151.45784  25.3%     -    1s
     0     0 5152.54985    0  291 6895.00000 5152.54985  25.3%     -    1s
     0     0 5152.57861    0  194 6895.00000 5152.57861  25.3%     -    1s
     0     2 5152.57861    0  172 6895.00000 5152.57861  25.3%     -    2s
H   34    43                    6555.0000000 5159.27428  21.3%   400    2s
H  110   118                    6256.0000000 5159.27428  17.5%   300    3s
   333   314 5295.92029   28  206 6256.00000 5159.27428  17.5%   178    5s
H  343   321                    6152.0000000 5159.27428  16.1%   179    5s
  1525  1255 5278.91741    8  194 6152.00000 5173.25046  15.9%   150   11s
  1536  1262 5706.48111   54  348 6152.00000 5231.78770  15.0%   149   15s
  1555  1284 5239.80001   14  358 6152.00000 5237.55585  14.9%   158   20s
  1928  1509 5303.80604   28  163 6152.00000 5242.06115  14.8%   187   25s
  2399  1689 5792.80514   40  197 6152.00000 5245.56824  14.7%   202   30s
  3542  2194 5493.65346   30  190 6152.00000 5249.96976  14.7%   206   35s
  4952  2591 5362.17290   23  265 6152.00000 5254.01619  14.6%   196   40s
  6109  3203 6095.53777   42  201 6152.00000 5264.55969  14.4%   200   45s
  7311  4010 5589.34547   26  192 6152.00000 5270.08068  14.3%   195   50s
  8461  4616     cutoff   37      6152.00000 5277.85744  14.2%   194   56s
  9620  5298 5936.22179   50  160 6152.00000 5281.22466  14.2%   194   60s
 11154  6357 5398.65975   30  176 6152.00000 5285.59018  14.1%   194   66s
 12740  7128 5366.67059   28  212 6152.00000 5292.76693  14.0%   193   71s
 13222  7548     cutoff   44      6152.00000 5293.81647  13.9%   194   75s
 15148  8707 6105.84800   35  183 6152.00000 5299.16159  13.9%   192   81s
 16488  9339 6044.51795   47  117 6152.00000 5305.89816  13.8%   192   86s
 17717 10209 6037.55746   46   98 6152.00000 5308.71120  13.7%   191   91s
 19268 11063 5772.92174   44  177 6152.00000 5312.48484  13.6%   191   95s
 20757 11798 5791.93573   27   74 6152.00000 5315.05663  13.6%   190  100s
 22314 12671 5384.08084   24  196 6152.00000 5319.17582  13.5%   190  105s
 24058 13570 5970.23774   27  157 6152.00000 5323.22163  13.5%   190  111s
 25898 14590 5388.60674   25  191 6152.00000 5327.23137  13.4%   188  117s
 26748 15124 5932.34519   30  157 6152.00000 5329.24715  13.4%   187  120s
 28967 16365     cutoff   46      6152.00000 5333.13389  13.3%   187  127s
 30176 16970 6116.50739   41  222 6152.00000 5335.06413  13.3%   187  131s
 32711 18210 6133.84339   36   84 6152.00000 5339.26811  13.2%   186  147s
 33969 18907 infeasible   51      6152.00000 5341.92776  13.2%   186  152s
 35352 19664 5433.99616   28  176 6152.00000 5342.81955  13.2%   185  156s
 36741 20455 5955.25923   37  144 6152.00000 5345.34079  13.1%   184  160s
 39328 21743     cutoff   46      6152.00000 5348.46197  13.1%   184  168s
 40562 22430 6050.14352   40  221 6152.00000 5349.76404  13.0%   184  172s
 41881 22943     cutoff   44      6152.00000 5352.68772  13.0%   183  176s
 43163 23482 5582.43334   22  217 6152.00000 5353.92609  13.0%   183  180s
 45529 24718 5937.69129   29  155 6152.00000 5357.67416  12.9%   183  189s
 46698 25372 6003.00520   45  124 6152.00000 5359.14038  12.9%   184  194s
 47873 25998 5472.85684   26  248 6152.00000 5360.29086  12.9%   184  198s
 49084 26612 6094.89524   43  141 6152.00000 5362.53889  12.8%   184  202s
 50280 27145 6091.60916   29  164 6152.00000 5363.69056  12.8%   184  207s
 51553 27798 5901.00166   30  177 6152.00000 5365.46648  12.8%   184  211s
 53876 28973 6041.02068   28  146 6152.00000 5368.35453  12.7%   184  218s
 55119 29601 6047.05121   34  232 6152.00000 5370.36875  12.7%   184  222s
 56374 30232 5839.17083   51   98 6152.00000 5372.26663  12.7%   184  226s
 57631 30625 5592.66276   36  226 6152.00000 5374.55913  12.6%   184  231s
 58496 31191 6026.00000   28   93 6152.00000 5374.62105  12.6%   184  235s
 59841 31841 6024.45000   31  156 6152.00000 5375.81182  12.6%   184  240s
*62010 31282              37    6120.0000000 5378.73609  12.1%   184  244s
 62522 31841 6010.35208   37  206 6120.00000 5378.96977  12.1%   184  248s
H62622 23961                    6016.0000000 5378.96977  10.6%   184  248s
 63808 24193     cutoff   33      6016.00000 5380.37319  10.6%   184  252s
 64913 24692     cutoff   33      6016.00000 5382.56075  10.5%   184  258s
 66151 24834 infeasible   43      6016.00000 5383.66667  10.5%   184  263s
 66757 25280     cutoff   34      6016.00000 5383.97922  10.5%   184  267s
 68063 25633 5945.15254   34  255 6016.00000 5387.60287  10.4%   183  271s
 69382 26018 5829.02009   30  159 6016.00000 5389.42727  10.4%   183  275s
 71913 26760 5991.97807   33   97 6016.00000 5393.62455  10.3%   183  283s
 73264 27132 5946.02503   35  272 6016.00000 5395.98242  10.3%   183  287s
 74466 27552     cutoff   37      6016.00000 5396.63679  10.3%   183  291s
 75827 27963 infeasible   42      6016.00000 5400.35905  10.2%   183  296s
 77212 28338 6002.70323   45  233 6016.00000 5402.00728  10.2%   182  300s
 79733 28947 infeasible   30      6016.00000 5405.68767  10.1%   182  309s
 80857 29151 5971.98625   21  115 6016.00000 5407.07098  10.1%   182  314s
 82059 29491 5944.30270   25   89 6016.00000 5409.52037  10.1%   182  318s
 83338 29773 5910.91500   31  211 6016.00000 5410.52401  10.1%   182  322s
 84651 30117 5943.67650   21  243 6016.00000 5412.00071  10.0%   181  328s
 85836 30347 5594.10000   27  203 6016.00000 5414.30311  10.0%   181  332s
 87066 30762 5995.45951   39  151 6016.00000 5415.74194  10.0%   181  336s
 88319 31091 5479.85000   30  103 6016.00000 5417.40398  10.0%   181  341s
 89497 31511 5833.37540   42  174 6016.00000 5418.63147  9.93%   181  345s
 91971 32137 5973.81120   43  225 6016.00000 5422.06127  9.87%   181  355s
 92936 32520 5996.84023   29  159 6016.00000 5422.85862  9.86%   180  362s
 94669 32899     cutoff   29      6016.00000 5424.78730  9.83%   180  366s
 95856 33288 5533.83318   31  125 6016.00000 5426.35876  9.80%   180  372s
 97208 33609 infeasible   32      6016.00000 5427.57144  9.78%   180  377s
 98557 34000 5639.91156   37  165 6016.00000 5429.13427  9.76%   180  383s
 99791 34272 5962.21429   32   81 6016.00000 5430.77934  9.73%   180  390s
 101179 34702 5812.21417   32  187 6016.00000 5432.43118  9.70%   180  396s
 102225 35147 5980.65858   25  264 6016.00000 5433.12189  9.69%   180  401s
 103499 35455 5644.40922   35  238 6016.00000 5435.02607  9.66%   179  405s
 104790 35855 5916.36196   31  153 6016.00000 5437.20041  9.62%   179  410s
 107208 36491 5830.00879   44  248 6016.00000 5440.00000  9.57%   179  418s
 108517 36762 5943.05349   31  153 6016.00000 5441.13357  9.56%   179  422s
 109791 37066 5895.64056   47  142 6016.00000 5443.11721  9.52%   179  426s
 110984 37525 5781.11610   40  129 6016.00000 5445.30126  9.49%   179  430s
 113547 38301 5628.92232   41  235 6016.00000 5448.09560  9.44%   179  438s
 114830 38602 5932.78131   29  210 6016.00000 5449.87903  9.41%   179  443s
 115993 38940 5978.22385   42   89 6016.00000 5451.28311  9.39%   179  447s
 117224 39248     cutoff   28      6016.00000 5452.91951  9.36%   179  451s
 118569 39625 5940.69068   29  115 6016.00000 5454.60112  9.33%   178  455s
 120932 40397 5750.66252   38  143 6016.00000 5457.36711  9.29%   178  463s
 122184 40730 5952.93330   37  135 6016.00000 5459.50182  9.25%   178  467s
 123381 41120 5643.21935   31  127 6016.00000 5460.57895  9.23%   178  471s
 124742 41435 5959.11027   32  193 6016.00000 5463.38511  9.19%   178  476s
 125883 41783     cutoff   28      6016.00000 5464.48158  9.17%   178  480s
 128268 42399 5830.55909   46  172 6016.00000 5467.99500  9.11%   178  488s
 129469 42725 5956.87583   32  275 6016.00000 5471.02440  9.06%   178  492s
 130668 43117     cutoff   43      6016.00000 5473.36979  9.02%   178  497s
 131993 43484 5583.18468   32  239 6016.00000 5474.79237  9.00%   178  501s
 133138 43788 5547.10000   29  146 6016.00000 5475.50000  8.98%   177  506s
 134374 44305 5693.28587   40  228 6016.00000 5477.43333  8.95%   177  510s
 136954 45027 5788.67100   37  169 6016.00000 5480.21111  8.91%   177  518s
 138120 45333     cutoff   44      6016.00000 5482.33298  8.87%   177  522s
 139341 45736 5979.51011   44  136 6016.00000 5484.01941  8.84%   177  526s
 140687 46030     cutoff   24      6016.00000 5486.52301  8.80%   177  531s
 141742 46472 5911.93076   35  173 6016.00000 5488.60125  8.77%   177  535s
 144172 47173 5623.85161   38  238 6016.00000 5491.93582  8.71%   177  543s
 145370 47500 5643.73761   33  160 6016.00000 5493.31390  8.69%   177  548s
 146527 47947     cutoff   50      6016.00000 5495.24535  8.66%   177  552s
 147650 48288 5662.60207   39  114 6016.00000 5496.71006  8.63%   177  556s
 148923 48757 5774.72370   43  172 6016.00000 5499.36284  8.59%   177  561s
 150251 49222 5962.47704   51  141 6016.00000 5501.20857  8.56%   177  565s
 152549 50074 5911.10251   33  177 6016.00000 5504.69892  8.50%   177  574s
 153831 50431 5572.45902   35  288 6016.00000 5506.05693  8.48%   177  578s
 155110 50909     cutoff   34      6016.00000 5508.05464  8.44%   177  582s
 156359 51343     cutoff   56      6016.00000 5509.10667  8.43%   177  587s
 157740 51715 5529.00000   29  118 6016.00000 5510.57408  8.40%   177  591s
 158871 52204 6002.36965   36  274 6016.00000 5511.84273  8.38%   177  596s
 160073 52679 5545.85786   29  192 6016.00000 5512.63789  8.37%   177  600s
 162586 53781 5550.96595   33  159 6016.00000 5515.45376  8.32%   177  609s
 163887 54239 5770.10936   46  199 6016.00000 5516.71000  8.30%   177  613s
 164943 54824     cutoff   46      6016.00000 5517.22941  8.29%   177  618s
 166200 55343     cutoff   50      6016.00000 5518.10422  8.28%   177  622s
 167485 55820 5535.50932   28  178 6016.00000 5518.90518  8.26%   176  626s
 168595 56335 5535.13982   32  140 6016.00000 5519.44240  8.25%   176  630s
 169650 56977     cutoff   40      6016.00000 5519.89337  8.25%   176  635s
 170965 57432 5599.25702   39  226 6016.00000 5520.56161  8.24%   176  640s
 171945 58043 5557.94344   39  167 6016.00000 5520.98584  8.23%   176  645s
 174541 59162 5637.89692   38  147 6016.00000 5522.29311  8.21%   176  654s
 175882 59761 5683.50000   40   65 6016.00000 5522.89154  8.20%   176  658s
 177133 60248 5996.47619   25  156 6016.00000 5523.54545  8.19%   176  663s
 178355 60709 5689.73385   41  205 6016.00000 5524.17480  8.18%   175  667s
 179537 61317 5996.01160   46  109 6016.00000 5524.94729  8.16%   175  671s
 180888 61964 5828.54184   41  127 6016.00000 5525.60659  8.15%   175  675s
 182170 62542 5610.64356   45  119 6016.00000 5526.00000  8.14%   175  680s
 184348 63770 5815.32834   42  216 6016.00000 5526.78552  8.13%   175  689s
 185733 64485 5932.03707   39  129 6016.00000 5527.33236  8.12%   175  694s
 187151 65205 6009.72199   64  103 6016.00000 5527.55000  8.12%   175  698s
 188515 65751 5799.43719   37  185 6016.00000 5527.95000  8.11%   175  702s
 189884 66145     cutoff   46      6016.00000 5528.05803  8.11%   175  707s
 191072 66749 5535.16199   31  173 6016.00000 5528.67538  8.10%   175  711s
 192308 67427 5767.71197   36  168 6016.00000 5529.00000  8.10%   175  716s
 193560 68072 5629.60115   27  189 6016.00000 5529.00000  8.10%   175  720s
 196131 69035     cutoff   26      6016.00000 5529.57115  8.09%   174  729s
 196690 69639 5555.87872   31  304 6016.00000 5529.57115  8.09%   174  734s
 197938 70287 5646.88989   39  165 6016.00000 5530.19996  8.08%   174  738s
 199247 70889 5870.06981   48  227 6016.00000 5530.53033  8.07%   174  742s
 200472 71553 5630.00000   38  104 6016.00000 5530.86000  8.06%   174  747s
 201776 71996 5763.01916   45  133 6016.00000 5531.41678  8.05%   174  751s
 203016 72584 5640.40000   33  163 6016.00000 5531.87667  8.05%   174  755s
 204180 73162 5801.23474   47  204 6016.00000 5532.16292  8.04%   174  760s
 206382 74131 5819.77136   48  161 6016.00000 5532.79718  8.03%   174  769s
 207587 74746 5918.60172   48  129 6016.00000 5533.18239  8.03%   174  773s
 209011 75460 5756.63155   58  219 6016.00000 5533.50346  8.02%   174  777s
 210427 76033 5662.10338   35  220 6016.00000 5534.00480  8.01%   173  782s
 211633 76625     cutoff   57      6016.00000 5534.34650  8.01%   173  786s
 212872 77217 5755.91986   41  138 6016.00000 5534.85734  8.00%   173  790s
 214149 77668 5783.43661   52  228 6016.00000 5535.25921  7.99%   173  795s
 216376 78694 5859.58679   46  131 6016.00000 5535.90348  7.98%   173  804s
 217735 79311 5633.94790   27  188 6016.00000 5536.31709  7.97%   173  808s
 219040 79821 5635.49654   34  186 6016.00000 5536.57245  7.97%   173  813s
 220205 80391 5975.53438   54  133 6016.00000 5536.77000  7.97%   173  817s
 221462 80999 5833.20520   42  186 6016.00000 5537.45146  7.95%   173  821s
 222646 81604 5842.85714   40  116 6016.00000 5537.68750  7.95%   173  825s
 225175 82796 5757.52691   47  122 6016.00000 5538.41911  7.94%   173  834s
 226464 83341 5596.72966   31  170 6016.00000 5538.80154  7.93%   173  838s
 227628 83928 5564.15720   37  226 6016.00000 5539.21340  7.93%   173  842s
 228866 84419 5845.93688   39  110 6016.00000 5539.53103  7.92%   172  846s
 230225 84783 5919.34938   34  221 6016.00000 5539.64930  7.92%   172  850s
 232359 85876 5618.84112   32  219 6016.00000 5540.50105  7.90%   172  858s
 233542 86376 5991.31492   49   74 6016.00000 5540.85735  7.90%   172  863s
 234847 87012 5767.06433   65   34 6016.00000 5541.12994  7.89%   172  867s
 236134 87583 infeasible   36      6016.00000 5541.55219  7.89%   172  871s
 237336 87972 5835.77891   36  166 6016.00000 5541.93771  7.88%   172  876s
 238108 88496 5626.17384   35  245 6016.00000 5541.99244  7.88%   172  880s
 240531 89590 5910.50875   33  261 6016.00000 5542.74821  7.87%   172  889s
 241796 90147 5583.47661   36  297 6016.00000 5543.20173  7.86%   172  893s
 242982 90680     cutoff   54      6016.00000 5543.29789  7.86%   172  897s
 244299 91278 5567.18451   36  181 6016.00000 5543.78030  7.85%   172  902s
 245503 91764 5738.13814   42  161 6016.00000 5544.00934  7.85%   171  906s
 246751 92406 5711.37845   39  145 6016.00000 5544.31724  7.84%   171  910s
 249279 93427 5947.30645   50  152 6016.00000 5545.04366  7.83%   171  919s
 250139 94131 5767.44840   52  165 6016.00000 5545.21999  7.83%   171  923s
 251392 94713 5920.18739   44  125 6016.00000 5545.49006  7.82%   171  927s
 252710 95395 5777.94808   38  327 6016.00000 5545.80944  7.82%   171  932s
 254034 95918 5776.50942   37  119 6016.00000 5546.10800  7.81%   171  936s
 255258 96446     cutoff   42      6016.00000 5546.56467  7.80%   171  940s
 257605 97598 5988.54528   50  140 6016.00000 5547.09043  7.79%   171  949s
 259045 98157 5930.21820   43  164 6016.00000 5547.38881  7.79%   171  953s
 260312 98690 5828.65762   40  164 6016.00000 5547.83635  7.78%   171  957s
 261479 99107 5872.38602   52  166 6016.00000 5548.12199  7.78%   170  962s
 262514 99615 5832.53360   39  141 6016.00000 5548.31667  7.77%   170  966s
 263682 100103 5734.32484   51  115 6016.00000 5548.63089  7.77%   170  971s
 264995 100572 5676.29698   38  253 6016.00000 5548.99538  7.76%   170  975s
 267648 101682 5756.00847   42  139 6016.00000 5549.65213  7.75%   170  984s
 268887 102134 5867.47147   40  128 6016.00000 5550.02203  7.75%   170  988s
 269932 102671 5758.38324   33  158 6016.00000 5550.17039  7.74%   170  992s
 271177 103115 5716.54302   35  107 6016.00000 5550.48002  7.74%   170  997s
 272313 103708 5591.89551   35  225 6016.00000 5550.93384  7.73%   170 1001s
 273688 104309 5657.70341   43  210 6016.00000 5551.37784  7.72%   170 1006s
 274981 104645 5928.84959   36  182 6016.00000 5551.69983  7.72%   170 1011s
 275791 105491 5891.15382   50  195 6016.00000 5551.69983  7.72%   170 1017s
 277522 106137 5920.57574   42   99 6016.00000 5552.08546  7.71%   170 1022s
 278997 106788 5624.41560   39  162 6016.00000 5552.61875  7.70%   170 1027s
 280447 107307     cutoff   26      6016.00000 5552.84957  7.70%   170 1032s
 281694 107855 5715.33202   43  207 6016.00000 5553.11402  7.69%   170 1036s
 283072 108378 5654.89334   43  170 6016.00000 5553.67134  7.68%   170 1040s
 284210 108963 5704.12620   36  160 6016.00000 5553.96756  7.68%   170 1045s
 286780 110048 5647.05517   28  129 6016.00000 5554.78647  7.67%   169 1053s
 288047 110575 5754.74565   43   69 6016.00000 5555.04290  7.66%   169 1058s
 289204 111147 5822.79586   48  115 6016.00000 5555.39972  7.66%   169 1062s
 290472 111667 infeasible   34      6016.00000 5555.91514  7.65%   169 1067s
 291755 112300 5710.18971   50  217 6016.00000 5556.18843  7.64%   169 1071s
 293031 112563 5855.39655   52  115 6016.00000 5556.57670  7.64%   169 1076s
 293733 113328     cutoff   49      6016.00000 5556.62716  7.64%   169 1083s
 295719 114059 5644.46067   39  179 6016.00000 5557.15643  7.63%   169 1088s
 297232 114559 5845.24735   41  149 6016.00000 5557.79257  7.62%   169 1093s
 298426 115202 5652.76445   50  165 6016.00000 5558.10520  7.61%   169 1098s
 299851 115751     cutoff   49      6016.00000 5558.59125  7.60%   169 1102s
 301185 116306 5692.09782   34  117 6016.00000 5559.01425  7.60%   169 1107s
 302511 116775 5577.08079   40  311 6016.00000 5559.45215  7.59%   169 1111s
 303741 117402     cutoff   52      6016.00000 5559.73783  7.58%   169 1116s
H305096 45282                    5740.0000000 5560.14986  3.13%   169 1121s
 305828 45320     cutoff   45      5740.00000 5560.18499  3.13%   168 1126s
 307162 45461 5722.86546   33  138 5740.00000 5560.84332  3.12%   168 1130s
 308474 45627 5656.79721   37  158 5740.00000 5561.65604  3.11%   168 1135s
 311054 45895 5722.26098   43  149 5740.00000 5562.97439  3.08%   168 1144s
 312254 46091     cutoff   40      5740.00000 5563.68889  3.07%   168 1148s
 313541 46184 5632.20667   49  136 5740.00000 5564.24500  3.06%   168 1152s
 314730 46347     cutoff   39      5740.00000 5564.86974  3.05%   168 1156s
 316043 46450 5635.24003   37  201 5740.00000 5565.51363  3.04%   168 1161s
 317258 46598     cutoff   48      5740.00000 5566.03754  3.03%   168 1166s
 318503 46721 5621.99254   39  184 5740.00000 5566.65038  3.02%   168 1170s
 320932 46998 5702.48131   43  234 5740.00000 5567.70820  3.00%   168 1178s
 322158 47115 5644.17911   47  213 5740.00000 5568.31150  2.99%   168 1182s
 323473 47270 5655.84002   35  211 5740.00000 5568.84993  2.98%   168 1187s
 324770 47402 infeasible   40      5740.00000 5569.47098  2.97%   168 1191s
 325927 47548 5660.91689   35  230 5740.00000 5570.04850  2.96%   167 1196s
 327163 47663 5637.41176   38   92 5740.00000 5570.71774  2.95%   167 1200s
 328402 47808 5712.00000   32  142 5740.00000 5571.18714  2.94%   167 1205s
 330786 48009     cutoff   39      5740.00000 5572.33116  2.92%   167 1213s
 332104 48173     cutoff   40      5740.00000 5572.95148  2.91%   167 1218s
 333360 48312 5683.96181   35  263 5740.00000 5573.72999  2.90%   167 1222s
 334690 48424 5680.60073   38  144 5740.00000 5574.37438  2.89%   167 1227s
 335953 48503 5640.85099   46  142 5740.00000 5575.09263  2.87%   167 1231s
 337155 48578 5607.77189   34  240 5740.00000 5575.56180  2.86%   167 1236s
 338268 48679 5678.04012   36  184 5740.00000 5576.29431  2.85%   167 1240s
 339429 48704 5651.57984   38   69 5740.00000 5576.83285  2.84%   167 1245s
 341882 49008 5729.17469   46  225 5740.00000 5578.27782  2.82%   167 1254s
 343173 49126     cutoff   39      5740.00000 5578.66877  2.81%   167 1259s
 344325 49351     cutoff   36      5740.00000 5579.43554  2.80%   167 1263s
 345612 49452     cutoff   31      5740.00000 5579.93359  2.79%   166 1267s
 346858 49594     cutoff   44      5740.00000 5580.45399  2.78%   166 1272s
 348055 49690 5633.00000   31   92 5740.00000 5581.06417  2.77%   166 1276s
 349220 49762     cutoff   40      5740.00000 5581.57104  2.76%   166 1281s
 350339 49916 5670.24802   37  158 5740.00000 5582.17510  2.75%   166 1286s
 351559 50011 5644.02857   48  134 5740.00000 5582.79448  2.74%   166 1292s
 352911 50092     cutoff   39      5740.00000 5583.48491  2.73%   166 1297s
 354195 50224 5695.68414   36  221 5740.00000 5584.00000  2.72%   166 1302s
 355452 50306 5718.00658   36  178 5740.00000 5584.57798  2.71%   166 1307s
 356761 50400 infeasible   39      5740.00000 5585.24774  2.70%   166 1312s
 357801 50406 5664.97809   40  162 5740.00000 5585.28073  2.70%   166 1320s
 357818 50425 5676.44690   41  155 5740.00000 5585.28073  2.70%   166 1325s
 357996 50513 5679.02169   42  136 5740.00000 5585.28073  2.70%   166 1330s
 358692 50650 5640.88896   39  174 5740.00000 5585.53741  2.69%   166 1337s
 360026 50769 5613.67977   31  303 5740.00000 5586.96017  2.67%   166 1343s
 361456 50872     cutoff   33      5740.00000 5587.45097  2.66%   166 1349s
 362842 50950 5716.20358   29  167 5740.00000 5588.34176  2.64%   166 1355s
 364074 51052 5669.00000   35   85 5740.00000 5589.07625  2.63%   166 1360s
 365400 51120     cutoff   33      5740.00000 5589.74223  2.62%   166 1366s
 366704 51163 5612.43986   45  185 5740.00000 5590.43870  2.61%   166 1371s
 367866 51282 5668.36341   44  244 5740.00000 5591.21753  2.59%   166 1377s
 369071 51335     cutoff   37      5740.00000 5591.68642  2.58%   166 1385s
 369796 51380 5729.72862   38  164 5740.00000 5591.84368  2.58%   166 1391s
 371160 51481 5726.20412   37  167 5740.00000 5592.83300  2.56%   166 1397s
 372580 51577 5646.73962   35  130 5740.00000 5593.70860  2.55%   165 1402s
 373897 51682 5679.87739   35  222 5740.00000 5594.09231  2.54%   165 1409s
 375253 51792 5624.18350   38  243 5740.00000 5594.88207  2.53%   165 1415s
 376508 51911 5704.91386   49  123 5740.00000 5595.58305  2.52%   165 1421s
 377816 52016 5668.92308   35  151 5740.00000 5596.31350  2.50%   165 1427s
 379039 52062     cutoff   35      5740.00000 5596.82660  2.49%   165 1432s
 380413 52127 5653.04712   39  337 5740.00000 5597.36869  2.48%   165 1438s
 381654 52157 5625.64741   36  216 5740.00000 5597.98486  2.47%   165 1444s
 382890 52246 5657.56279   39  154 5740.00000 5598.48941  2.47%   165 1449s
 384195 52354     cutoff   37      5740.00000 5599.21074  2.45%   165 1456s
 385486 52413     cutoff   34      5740.00000 5599.81163  2.44%   165 1461s
 386672 52443 5717.37547   35   68 5740.00000 5600.35553  2.43%   165 1467s
 387913 52473 5715.67098   38  194 5740.00000 5600.89995  2.42%   165 1472s
 389162 52601 5632.40000   34   79 5740.00000 5601.69159  2.41%   165 1477s
 390334 52635 infeasible   44      5740.00000 5602.20389  2.40%   165 1482s
 391591 52650 5698.29508   30  161 5740.00000 5602.82143  2.39%   165 1488s
 392813 52767 5641.94985   36  268 5740.00000 5603.53191  2.38%   165 1492s
 394019 52866 5696.56839   39  189 5740.00000 5603.98933  2.37%   165 1498s
 395197 52908 5645.99956   36  134 5740.00000 5604.34543  2.36%   165 1503s
 396425 52971 5626.11934   38  306 5740.00000 5604.83763  2.35%   165 1508s
 397646 53083     cutoff   37      5740.00000 5605.38116  2.35%   165 1513s
 398906 53117     cutoff   40      5740.00000 5605.90000  2.34%   165 1518s
 400190 53174 5636.92786   36  174 5740.00000 5606.41162  2.33%   165 1523s
 401448 53229 5657.65288   40  107 5740.00000 5607.00000  2.32%   165 1529s
 402591 53331 5699.61936   36  195 5740.00000 5607.15992  2.31%   165 1534s
 403836 53386     cutoff   30      5740.00000 5607.58639  2.31%   165 1539s
 404944 53479 5637.62667   33  107 5740.00000 5608.00000  2.30%   165 1545s
 406261 53523     cutoff   37      5740.00000 5608.50000  2.29%   165 1550s
 407510 53592 5638.95163   37  138 5740.00000 5608.93498  2.28%   165 1557s
 408720 53675 5627.48270   41  164 5740.00000 5609.36138  2.28%   165 1563s
 409891 53754 infeasible   31      5740.00000 5609.71080  2.27%   165 1568s
 411159 53801 5719.36367   40  161 5740.00000 5610.00000  2.26%   165 1575s
 412436 53895 5669.61843   34  222 5740.00000 5610.49234  2.26%   165 1580s
 413840 53926 5713.15939   34   58 5740.00000 5610.93793  2.25%   164 1586s
 415024 53932 5671.44758   44  246 5740.00000 5611.29705  2.24%   164 1591s
 416228 53983 5725.20361   54  295 5740.00000 5611.79459  2.23%   164 1597s
 417468 54038     cutoff   41      5740.00000 5612.15743  2.23%   164 1601s
 418648 54093 infeasible   37      5740.00000 5612.54423  2.22%   164 1607s
 419864 54121     cutoff   41      5740.00000 5612.93806  2.21%   164 1613s
 421184 54180 5738.40474   38  110 5740.00000 5613.50000  2.20%   164 1619s
 422403 54201 5629.50867   44  295 5740.00000 5613.81533  2.20%   164 1623s
 423507 54241     cutoff   37      5740.00000 5614.17833  2.19%   164 1628s
 424688 54251 5681.24415   41  113 5740.00000 5614.73315  2.18%   164 1634s
 425913 54286 5737.00000   36  103 5740.00000 5615.19316  2.17%   164 1640s
 427333 54334     cutoff   39      5740.00000 5615.68086  2.17%   164 1646s
 428661 54341     cutoff   40      5740.00000 5616.16396  2.16%   164 1652s
 429573 54376 5711.00000   37  142 5740.00000 5616.27717  2.16%   164 1657s
 430849 54404     cutoff   38      5740.00000 5617.02900  2.14%   164 1663s
 432123 54451     cutoff   44      5740.00000 5617.40871  2.14%   164 1668s
 433416 54451     cutoff   35      5740.00000 5617.95617  2.13%   164 1673s
 434628 54532 5648.14694   36   91 5740.00000 5618.41275  2.12%   164 1679s
 435820 54485 infeasible   38      5740.00000 5618.79690  2.11%   164 1685s
 437031 54462 5675.09411   35  243 5740.00000 5619.19050  2.10%   164 1690s
 438296 54623 5722.98647   32  235 5740.00000 5619.74132  2.10%   164 1695s
 439555 54899 5625.90779   48   41 5740.00000 5620.00000  2.09%   164 1701s
 441017 54930 infeasible   36      5740.00000 5620.27876  2.09%   164 1706s
 442142 54963 5683.52674   34  290 5740.00000 5620.51261  2.08%   164 1712s
 443368 55090     cutoff   44      5740.00000 5620.83333  2.08%   164 1717s
 444662 55324 5677.79018   50  263 5740.00000 5621.12413  2.07%   164 1722s
 445974 55369     cutoff   41      5740.00000 5621.30902  2.07%   164 1727s
 447206 55356     cutoff   37      5740.00000 5621.62678  2.06%   164 1733s
 448030 55416 infeasible   33      5740.00000 5621.73506  2.06%   164 1739s
 449282 55595     cutoff   36      5740.00000 5622.23750  2.05%   164 1745s
 450692 55721 5723.23034   40  230 5740.00000 5622.46117  2.05%   164 1750s
 452105 55804     cutoff   35      5740.00000 5622.75484  2.04%   163 1756s
 453418 55898 5675.82114   44  156 5740.00000 5623.02740  2.04%   163 1761s
 454640 55998 5685.38036   36  145 5740.00000 5623.27352  2.03%   163 1767s
 455980 56064 5635.55058   39  142 5740.00000 5623.59023  2.03%   163 1772s
 457287 56165     cutoff   38      5740.00000 5623.87714  2.02%   163 1777s
 458547 56317     cutoff   48      5740.00000 5624.13636  2.02%   163 1782s
 459817 56436 5709.00799   34  138 5740.00000 5624.30665  2.02%   163 1788s
 460991 56477     cutoff   34      5740.00000 5624.63272  2.01%   163 1793s
 462188 56516 5666.18278   41  106 5740.00000 5624.92056  2.00%   163 1799s
 463517 56622 5637.90017   40  172 5740.00000 5625.23427  2.00%   163 1805s
 464823 56860 5643.11815   35  217 5740.00000 5625.48833  1.99%   163 1810s
 466346 56950 5654.52548   48  205 5740.00000 5625.64396  1.99%   163 1817s
 467125 57204     cutoff   43      5740.00000 5625.68966  1.99%   163 1821s
 468506 57420 infeasible   35      5740.00000 5625.95683  1.99%   163 1827s
 469902 57624 5684.11000   41  204 5740.00000 5626.05310  1.99%   163 1832s
 471201 57718 5631.66124   51  186 5740.00000 5626.24557  1.98%   162 1837s
 472452 57768 5674.17351   42  154 5740.00000 5626.35555  1.98%   162 1841s
 473664 57841 5686.79861   43  251 5740.00000 5626.63441  1.98%   162 1847s
 474860 57925     cutoff   36      5740.00000 5626.85080  1.97%   162 1852s
 476088 58110 infeasible   35      5740.00000 5627.08680  1.97%   162 1857s
 477410 58176     cutoff   35      5740.00000 5627.30961  1.96%   162 1863s
 478532 58312 5731.19586   37  133 5740.00000 5627.43593  1.96%   162 1868s
 479774 58406     cutoff   41      5740.00000 5627.65307  1.96%   162 1873s
 481009 58501     cutoff   40      5740.00000 5627.92542  1.95%   162 1878s
 482242 58583 5727.07465   38  185 5740.00000 5628.12500  1.95%   162 1884s
 483334 58707 5649.47979   39  196 5740.00000 5628.21697  1.95%   162 1889s
 484587 58786 5696.37499   36   49 5740.00000 5628.40591  1.94%   162 1894s
 485921 58865 5665.70227   32  133 5740.00000 5628.57642  1.94%   162 1899s
 487165 58998 5649.47608   34  275 5740.00000 5628.69964  1.94%   162 1905s
 488465 59106 5637.52959   39  196 5740.00000 5628.93440  1.93%   161 1910s
 489680 59247 5629.44890   49  206 5740.00000 5629.11765  1.93%   161 1915s
 491015 59354     cutoff   39      5740.00000 5629.28500  1.93%   161 1921s
 492275 59398 5734.00000   56   78 5740.00000 5629.45375  1.93%   161 1926s
 493465 59473 5733.56089   48  111 5740.00000 5629.65785  1.92%   161 1930s
 494767 59557     cutoff   41      5740.00000 5629.81250  1.92%   161 1936s
 495973 59630     cutoff   36      5740.00000 5629.98092  1.92%   161 1941s
 497089 59777 5643.57410   37  235 5740.00000 5630.00000  1.92%   161 1947s
 498271 59873     cutoff   35      5740.00000 5630.00000  1.92%   161 1953s
 499209 60040     cutoff   34      5740.00000 5630.00000  1.92%   161 1959s
 500571 60164 5671.01360   56  127 5740.00000 5630.00000  1.92%   161 1965s
 502023 60345 5731.10729   38   77 5740.00000 5630.06005  1.92%   161 1970s
 503346 60501 5638.47826   38  156 5740.00000 5630.13523  1.91%   161 1976s
 504657 60601 5736.10984   45  151 5740.00000 5630.19355  1.91%   161 1982s
 505820 60673     cutoff   36      5740.00000 5630.25645  1.91%   161 1987s
 507084 60719     cutoff   43      5740.00000 5630.32106  1.91%   161 1993s
 508344 60841     cutoff   36      5740.00000 5630.42501  1.91%   161 1999s
 509664 60880     cutoff   44      5740.00000 5630.52041  1.91%   161 2004s
 510907 61011 5640.26133   37  202 5740.00000 5630.64050  1.91%   161 2011s
 512117 61123     cutoff   40      5740.00000 5630.75506  1.90%   161 2017s
 513516 61232 5639.05617   37  185 5740.00000 5630.85609  1.90%   161 2023s
 514861 61316 5722.12888   48   77 5740.00000 5630.99037  1.90%   161 2028s
 516028 61464 5651.07816   42  269 5740.00000 5631.06802  1.90%   161 2034s
*516966 26487              64    5660.0000000 5631.06802  0.51%   161 2035s

Cutting planes:
  Learned: 231
  Gomory: 25
  Lift-and-project: 1
  Cover: 3539
  Implied bound: 380
  Projected implied bound: 8
  MIR: 849
  StrongCG: 102
  Flow cover: 1070
  Inf proof: 17
  Zero half: 25
  Network: 4
  RLT: 2
  Relax-and-lift: 82

Explored 517523 nodes (83109716 simplex iterations) in 2035.13 seconds (1040.96 work units)
Thread count was 12 (of 12 available processors)

Solution count 10: 5660 5660 5740 ... 7095

Optimal solution found (tolerance 5.00e-03)
Best objective 5.660000000000e+03, best bound 5.632000000000e+03, gap 0.4947%
