
Gurobi 12.0.0 (win64) logging started Tue Feb 17 01:48:20 2026

Set parameter LogFile to value "Storage_orig/Logs/log______Sens_C_range_reduced_(100, 100)_2026_02_17_01_48_20.log"
Set parameter MIPGap to value 0.01
Set parameter OutputFlag to value 1
Set parameter TimeLimit to value 600
Gurobi Optimizer version 12.0.0 build v12.0.0rc1 (win64 - Windows 11+.0 (26200.2))

CPU model: Intel(R) Core(TM) i7-9750H CPU @ 2.60GHz, instruction set [SSE2|AVX|AVX2]
Thread count: 6 physical cores, 12 logical processors, using up to 12 threads

Non-default parameters:
TimeLimit  600
MIPGap  0.01
MIPFocus  1

Optimize a model with 3526 rows, 760 columns and 9379 nonzeros
Model fingerprint: 0xbf256010
Variable types: 18 continuous, 742 integer (490 binary)
Coefficient statistics:
  Matrix range     [2e-01, 1e+03]
  Objective range  [1e+01, 2e+03]
  Bounds range     [1e+00, 1e+00]
  RHS range        [1e+00, 1e+03]

User MIP start produced solution with objective 7520 (0.01s)
User MIP start produced solution with objective 6978 (0.01s)
User MIP start produced solution with objective 6307 (0.02s)
User MIP start produced solution with objective 5967 (0.02s)
User MIP start produced solution with objective 5964 (0.03s)
User MIP start produced solution with objective 5884 (0.08s)
Loaded user MIP start with objective 5884

Presolve removed 2451 rows and 172 columns
Presolve time: 0.01s
Presolved: 1075 rows, 588 columns, 5583 nonzeros
Variable types: 18 continuous, 570 integer (390 binary)

Root relaxation: objective 4.145167e+03, 566 iterations, 0.01 seconds (0.01 work units)

    Nodes    |    Current Node    |     Objective Bounds      |     Work
 Expl Unexpl |  Obj  Depth IntInf | Incumbent    BestBd   Gap | It/Node Time

     0     0 4145.16667    0   26 5884.00000 4145.16667  29.6%     -    0s
H    0     0                    5744.0000000 4145.16667  27.8%     -    0s
     0     0 4145.73333    0   73 5744.00000 4145.73333  27.8%     -    0s
     0     0 4182.06426    0   68 5744.00000 4182.06426  27.2%     -    0s
     0     0 4206.49322    0   78 5744.00000 4206.49322  26.8%     -    0s
     0     0 4206.51434    0   80 5744.00000 4206.51434  26.8%     -    0s
     0     0 4269.14252    0  140 5744.00000 4269.14252  25.7%     -    0s
H    0     0                    5544.0000000 4312.03492  22.2%     -    0s
     0     0 4312.03492    0   90 5544.00000 4312.03492  22.2%     -    0s
     0     0 4315.26828    0  110 5544.00000 4315.26828  22.2%     -    0s
     0     0 4331.21942    0  118 5544.00000 4331.21942  21.9%     -    0s
H    0     0                    5404.0000000 4335.39781  19.8%     -    0s
     0     0 4335.39781    0  128 5404.00000 4335.39781  19.8%     -    0s
     0     0 4338.91028    0  127 5404.00000 4338.91028  19.7%     -    0s
     0     0 4338.91028    0  128 5404.00000 4338.91028  19.7%     -    0s
     0     0 4371.29402    0  129 5404.00000 4371.29402  19.1%     -    0s
     0     0 4373.84792    0  157 5404.00000 4373.84792  19.1%     -    0s
     0     0 4374.66501    0  153 5404.00000 4374.66501  19.0%     -    0s
     0     0 4389.40000    0  136 5404.00000 4389.40000  18.8%     -    0s
     0     0 4389.40000    0  136 5404.00000 4389.40000  18.8%     -    0s
H    0     0                    5264.0000000 4389.40000  16.6%     -    0s
     0     0 4389.40000    0  174 5264.00000 4389.40000  16.6%     -    0s
     0     0 4389.40000    0  168 5264.00000 4389.40000  16.6%     -    0s
     0     0 4389.40000    0  113 5264.00000 4389.40000  16.6%     -    0s
H    0     0                    5163.0000000 4389.40000  15.0%     -    1s
     0     2 4389.40000    0   64 5163.00000 4389.40000  15.0%     -    1s
H   95   102                    5059.0000000 4389.40000  13.2%  97.6    1s
H  242   218                    4958.0000000 4389.40000  11.5%  68.3    1s
H  432   334                    4948.0000000 4389.87987  11.3%  62.0    2s
H  443   338                    4880.0000000 4389.87987  10.0%  62.4    2s
H  445   338                    4879.0000000 4389.87987  10.0%  63.0    2s
  1070   699 4756.56319   39   85 4879.00000 4390.86498  10.0%  52.9    5s
  1999  1196 4417.96010   22  152 4879.00000 4392.45954  10.0%  63.7   10s
  3150  1417 infeasible   50      4879.00000 4398.16401  9.86%  63.7   15s
  8866  3494 4867.14751   40   22 4879.00000 4463.65980  8.51%  57.4   20s
 15420  5978 4746.73899   33  185 4879.00000 4481.81414  8.14%  54.2   25s
 21769  8032 4855.20447   35  140 4879.00000 4513.84545  7.48%  55.1   30s
 26611  9288 4844.47496   38   70 4879.00000 4566.29034  6.41%  55.9   35s
 32479 10580 infeasible   32      4879.00000 4649.74286  4.70%  56.9   41s
 38588 12367 4751.25521   27  137 4879.00000 4674.09473  4.20%  55.4   45s
 44421 14161 4768.27273   46   44 4879.00000 4689.12588  3.89%  53.6   50s
 52160 16182 4723.75673   37  132 4879.00000 4709.87877  3.47%  52.1   55s
 58126 17633 4767.80000   35   26 4879.00000 4724.76502  3.16%  51.3   60s
 66156 19985     cutoff   37      4879.00000 4736.38965  2.92%  50.1   65s
 72750 21147 4837.02544   42   45 4879.00000 4736.97783  2.91%  48.9   70s
 74134 23625     cutoff   43      4879.00000 4736.98980  2.91%  48.7   80s
 87312 24376     cutoff   43      4879.00000 4737.01784  2.91%  47.3   85s
 94562 25150 4786.11004   42  100 4879.00000 4737.04869  2.91%  46.7   90s
 101575 27180 4763.20934   47   86 4879.00000 4737.82904  2.89%  46.5   95s
 109799 30092 4745.93790   48   95 4879.00000 4737.84920  2.89%  45.6  100s
 116329 31848 4756.63328   37  108 4879.00000 4737.96648  2.89%  45.4  105s
 123180 33864 4738.30949   45  165 4879.00000 4738.30932  2.88%  45.0  110s
 130724 35891 4760.49253   39   50 4879.00000 4738.36714  2.88%  44.7  115s
 137000 37873 4847.88358   31   90 4879.00000 4738.98267  2.87%  44.6  120s
 143992 40547 4854.68600   55   22 4879.00000 4739.03348  2.87%  44.3  125s
 151267 43457 4855.50037   47   38 4879.00000 4739.05092  2.87%  44.0  130s
 157279 45948 4739.05189   41   50 4879.00000 4739.05139  2.87%  43.7  135s
 164321 48414 infeasible   42      4879.00000 4739.05142  2.87%  43.6  140s
 171698 50837 4739.05149   41   61 4879.00000 4739.05142  2.87%  44.0  145s
 177828 52814 4840.02725   44   73 4879.00000 4739.05142  2.87%  44.3  150s
 185252 54993 4766.82188   46  117 4879.00000 4739.05142  2.87%  44.6  155s
 190826 56384 4855.61086   48  142 4879.00000 4739.05142  2.87%  44.8  160s
 195885 58837 4867.07103   53   17 4879.00000 4739.05144  2.87%  44.8  165s
 203285 62511 infeasible   59      4879.00000 4739.05147  2.87%  44.4  170s
 209491 64559 4819.43878   43  111 4879.00000 4739.05149  2.87%  44.5  175s
 215298 65877 4840.53807   44   87 4879.00000 4739.05150  2.87%  44.7  180s
 221545 68647 4849.88801   51  177 4879.00000 4739.05151  2.87%  44.7  185s
 229350 71181 4753.60000   48   50 4879.00000 4739.05189  2.87%  44.6  190s
 237446 74027 4753.60000   50   51 4879.00000 4739.05189  2.87%  44.1  195s
 246279 76618 4740.80267   50   16 4879.00000 4739.05189  2.87%  43.7  200s
 254730 79167 infeasible   51      4879.00000 4739.05189  2.87%  43.2  205s
 262732 81535     cutoff   49      4879.00000 4739.05189  2.87%  42.9  210s
 271201 84259 4767.50698   63   65 4879.00000 4739.05189  2.87%  42.6  215s
 279159 86525 4854.60000   54   31 4879.00000 4739.05189  2.87%  42.4  220s
 286502 88727 4837.20000   55   79 4879.00000 4739.05189  2.87%  42.2  225s
 294519 91281 4740.80267   47   15 4879.00000 4739.05189  2.87%  42.0  230s
 300820 93290 infeasible   54      4879.00000 4739.05189  2.87%  41.7  235s
 309752 95900     cutoff   55      4879.00000 4739.05189  2.87%  41.5  240s
 318972 98678 4740.80267   48   16 4879.00000 4739.05189  2.87%  41.2  245s
 326676 100975 4847.87029   51   38 4879.00000 4739.05189  2.87%  41.0  250s
 332521 102628 infeasible   50      4879.00000 4739.05192  2.87%  41.1  255s
 338542 104464 4739.05205   41   62 4879.00000 4739.05192  2.87%  41.3  260s
 344815 106228 4856.37517   47   52 4879.00000 4739.05192  2.87%  41.5  265s
 351067 107812 4791.58074   49  135 4879.00000 4739.05192  2.87%  41.7  270s
 357023 109570 4739.46154   54   45 4879.00000 4739.05193  2.87%  41.9  275s
 366422 112227     cutoff   48      4879.00000 4739.05194  2.87%  41.7  280s
 375006 114676     cutoff   55      4879.00000 4739.05194  2.87%  41.6  285s
 382392 116745 4769.42579   50  141 4879.00000 4739.05197  2.87%  41.4  290s
 389386 120489 4739.15301   54  119 4879.00000 4739.05197  2.87%  41.4  295s
 396890 123708 4756.06667   46   67 4879.00000 4739.05197  2.87%  41.3  300s
 401572 126335 4760.03137   51  161 4879.00000 4739.05197  2.87%  41.4  305s
 408018 129168 4740.51370   46  115 4879.00000 4739.05197  2.87%  41.3  310s
 414402 132370 4855.09096   52   99 4879.00000 4739.05197  2.87%  41.3  315s
 422840 135674 infeasible   45      4879.00000 4739.05197  2.87%  41.3  320s
 428273 138757     cutoff   49      4879.00000 4739.05197  2.87%  41.3  325s
 434684 141353 4743.34072   45  128 4879.00000 4739.05197  2.87%  41.3  330s
 441676 144619 4757.27179   57  120 4879.00000 4739.05197  2.87%  41.3  335s
 448193 147176 4843.00000   60   65 4879.00000 4739.05197  2.87%  41.3  340s
 453511 149398 4739.05199   41   62 4879.00000 4739.05197  2.87%  41.4  345s
 460646 152647 4855.51681   55  133 4879.00000 4739.05197  2.87%  41.3  350s
 468229 156379     cutoff   55      4879.00000 4739.05197  2.87%  41.3  355s
 473344 158583 4765.87371   54  119 4879.00000 4739.05197  2.87%  41.3  360s
 481074 161957 infeasible   50      4879.00000 4739.05197  2.87%  41.3  365s
 487342 164865 4840.02750   57   21 4879.00000 4739.05197  2.87%  41.2  370s
 494645 168073 4760.03137   53  162 4879.00000 4739.05197  2.87%  41.3  375s
 496511 168751 4871.38458   45   66 4879.00000 4739.05197  2.87%  41.3  380s
 505336 170448 4740.80267   51   13 4879.00000 4739.05200  2.87%  41.3  385s
 513951 171919 4740.80267   48   27 4879.00000 4739.05200  2.87%  41.2  390s
 519650 172970 4850.86667   55    9 4879.00000 4739.05200  2.87%  41.3  395s
 525076 175080     cutoff   62      4879.00000 4739.05201  2.87%  41.3  400s
 530853 177355     cutoff   51      4879.00000 4739.05201  2.87%  41.4  405s
 536904 179753 4868.23098   56   79 4879.00000 4739.05201  2.87%  41.5  410s
 543787 182996 4739.05247   43   66 4879.00000 4739.05201  2.87%  41.4  415s
 550314 185669 4850.86667   53   12 4879.00000 4739.05201  2.87%  41.5  420s
 557592 188437 4850.86667   55   12 4879.00000 4739.05204  2.87%  41.6  425s
 563366 190481     cutoff   57      4879.00000 4739.05204  2.87%  41.6  430s
 570068 192879 4739.05538   46   50 4879.00000 4739.05227  2.87%  41.6  435s
 577248 195488     cutoff   53      4879.00000 4739.05239  2.87%  41.5  440s
 585119 197840 4739.05239   52   50 4879.00000 4739.05239  2.87%  41.4  445s
 594234 200734     cutoff   51      4879.00000 4739.05239  2.87%  41.3  450s
 601685 203026     cutoff   60      4879.00000 4739.05239  2.87%  41.3  455s
 610886 205796     cutoff   51      4879.00000 4739.05239  2.87%  41.2  460s
 618387 208435 infeasible   52      4879.00000 4739.05239  2.87%  41.1  465s
 625954 210428 4740.82000   49   15 4879.00000 4739.05239  2.87%  41.0  470s
 633378 212544 4840.02775   53   17 4879.00000 4739.05239  2.87%  41.0  475s
 641179 214697 4851.53333   58    5 4879.00000 4739.05239  2.87%  40.9  480s
 648624 216295 4840.28650   54   86 4879.00000 4739.05239  2.87%  40.9  485s
 653396 217775 infeasible   60      4879.00000 4739.05239  2.87%  40.8  490s
 661173 219863     cutoff   52      4879.00000 4739.05239  2.87%  40.8  495s
 669867 221983 4740.82000   56   13 4879.00000 4739.05239  2.87%  40.8  500s
 677660 224221 4740.82000   53   18 4879.00000 4739.05239  2.87%  40.7  505s
 685220 226170     cutoff   55      4879.00000 4739.05239  2.87%  40.7  510s
 694322 228539     cutoff   58      4879.00000 4739.05239  2.87%  40.6  515s
 701609 230548 4739.05239   45   50 4879.00000 4739.05239  2.87%  40.6  520s
 709017 232457 4858.46667   65    2 4879.00000 4739.05239  2.87%  40.6  525s
 716411 234561     cutoff   58      4879.00000 4739.05239  2.87%  40.5  530s
 725502 236937 4740.76750   52   35 4879.00000 4739.05239  2.87%  40.5  535s
 733157 238701 4740.82000   57   15 4879.00000 4739.05239  2.87%  40.5  540s
 740199 240619 4739.05239   53   49 4879.00000 4739.05239  2.87%  40.4  545s
 747721 242643 4855.96410   56   60 4879.00000 4739.05239  2.87%  40.4  550s
 756599 244759     cutoff   58      4879.00000 4739.05239  2.87%  40.4  555s
 763901 246702 4740.82000   54   15 4879.00000 4739.05239  2.87%  40.3  560s
 771623 248720     cutoff   58      4879.00000 4739.05239  2.87%  40.3  565s
 780070 251035 infeasible   58      4879.00000 4739.05239  2.87%  40.2  570s
 788673 253334 4870.08652   55   74 4879.00000 4739.05239  2.87%  40.2  575s
 797622 255721     cutoff   56      4879.00000 4739.05239  2.87%  40.1  580s
 804088 257470 4739.05239   45   50 4879.00000 4739.05239  2.87%  40.1  585s
 809910 259355 4740.82000   48   15 4879.00000 4739.05239  2.87%  40.1  590s
 818493 261438 4855.73333   54   23 4879.00000 4739.05239  2.87%  40.0  595s
 827452 263430 infeasible   59      4879.00000 4739.05239  2.87%  40.0  600s

Cutting planes:
  Learned: 106
  Gomory: 4
  Cover: 244
  MIR: 220
  StrongCG: 14
  Flow cover: 247
  Inf proof: 6
  Network: 5
  RLT: 7
  Relax-and-lift: 17

Explored 828076 nodes (33120869 simplex iterations) in 600.03 seconds (288.24 work units)
Thread count was 12 (of 12 available processors)

Solution count 10: 4879 4880 4948 ... 5744

Time limit reached
Best objective 4.879000000000e+03, best bound 4.740000000000e+03, gap 2.8489%
