
Gurobi 12.0.0 (win64) logging started Sun Jan 25 20:35:03 2026

Set parameter LogFile to value "Storage_orig/Logs/log_____________2026_01_25_20_35_03.log"
Set parameter MIPGap to value 0.01
Set parameter OutputFlag to value 1
Gurobi Optimizer version 12.0.0 build v12.0.0rc1 (win64 - Windows 11.0 (26100.2))

CPU model: Intel(R) Core(TM) i7-9750H CPU @ 2.60GHz, instruction set [SSE2|AVX|AVX2]
Thread count: 6 physical cores, 12 logical processors, using up to 12 threads

Non-default parameters:
MIPGap  0.01
MIPFocus  1

Optimize a model with 16136 rows, 2280 columns and 42876 nonzeros
Model fingerprint: 0x34e107e8
Variable types: 40 continuous, 2240 integer (1360 binary)
Coefficient statistics:
  Matrix range     [2e-01, 1e+03]
  Objective range  [1e+01, 4e+03]
  Bounds range     [1e+00, 1e+00]
  RHS range        [1e+00, 1e+03]
Found heuristic solution: objective 31120.000000
Presolve removed 12932 rows and 356 columns
Presolve time: 0.04s
Presolved: 3204 rows, 1924 columns, 21376 nonzeros
Variable types: 40 continuous, 1884 integer (1160 binary)

Root relaxation: objective 6.229830e+03, 2494 iterations, 0.08 seconds (0.09 work units)

    Nodes    |    Current Node    |     Objective Bounds      |     Work
 Expl Unexpl |  Obj  Depth IntInf | Incumbent    BestBd   Gap | It/Node Time

     0     0 6229.83000    0   41 31120.0000 6229.83000  80.0%     -    0s
H    0     0                    31086.000000 6229.83000  80.0%     -    0s
H    0     0                    30846.000000 6229.83000  79.8%     -    0s
H    0     0                    30286.000000 6229.83000  79.4%     -    0s
H    0     0                    29012.000000 6432.79817  77.8%     -    0s
H    0     0                    27852.000000 6432.79817  76.9%     -    0s
     0     0 6432.79817    0  114 27852.0000 6432.79817  76.9%     -    0s
H    0     0                    27808.000000 6432.79817  76.9%     -    0s
H    0     0                    25168.000000 6432.79817  74.4%     -    0s
H    0     0                    24968.000000 6432.79817  74.2%     -    0s
H    0     0                    22248.000000 6432.79817  71.1%     -    0s
     0     0 6446.26307    0  129 22248.0000 6446.26307  71.0%     -    0s
     0     0 6447.77873    0  131 22248.0000 6447.77873  71.0%     -    0s
     0     0 6666.21220    0  175 22248.0000 6666.21220  70.0%     -    0s
     0     0 6699.90053    0  222 22248.0000 6699.90053  69.9%     -    0s
     0     0 6719.74109    0  238 22248.0000 6719.74109  69.8%     -    0s
     0     0 6722.16534    0  268 22248.0000 6722.16534  69.8%     -    1s
     0     0 6724.66301    0  250 22248.0000 6724.66301  69.8%     -    1s
     0     0 6725.03792    0  261 22248.0000 6725.03792  69.8%     -    1s
     0     0 6725.03889    0  266 22248.0000 6725.03889  69.8%     -    1s
H    0     0                    21503.000000 6725.03889  68.7%     -    1s
H    0     0                    19476.000000 6725.03889  65.5%     -    1s
H    0     0                    19242.000000 6725.03889  65.1%     -    1s
H    0     0                    16162.000000 6725.03889  58.4%     -    1s
H    0     0                    14582.000000 6806.64650  53.3%     -    2s
     0     0 6806.64650    0  284 14582.0000 6806.64650  53.3%     -    2s
H    0     0                    11504.000000 6839.20633  40.5%     -    3s
H    0     0                    10744.000000 6839.20633  36.3%     -    3s
     0     0 6839.20633    0  329 10744.0000 6839.20633  36.3%     -    3s
H    0     0                    8279.0000000 6848.97369  17.3%     -    3s
     0     0 6848.97369    0  361 8279.00000 6848.97369  17.3%     -    3s
H    0     0                    8158.0000000 6857.53741  15.9%     -    3s
H    0     0                    8141.0000000 6857.53741  15.8%     -    3s
     0     0 6857.53741    0  369 8141.00000 6857.53741  15.8%     -    3s
     0     0 6866.65139    0  332 8141.00000 6866.65139  15.7%     -    3s
     0     0 6871.22921    0  336 8141.00000 6871.22921  15.6%     -    3s
     0     0 6886.37234    0  322 8141.00000 6886.37234  15.4%     -    3s
     0     0 6887.07616    0  333 8141.00000 6887.07616  15.4%     -    3s
     0     0 6887.24259    0  374 8141.00000 6887.24259  15.4%     -    3s
     0     0 6887.24259    0  387 8141.00000 6887.24259  15.4%     -    3s
H    0     0                    8117.0000000 6887.24259  15.2%     -    4s
H    0     0                    8057.0000000 6887.24259  14.5%     -    4s
H    0     0                    7930.0000000 6887.24259  13.1%     -    4s
H    0     0                    7848.0000000 6887.24259  12.2%     -    4s
H    0     0                    7730.0000000 6887.24259  10.9%     -    4s
H    0     0                    7590.0000000 6893.11821  9.18%     -    5s
H    0     0                    7450.0000000 6893.11821  7.47%     -    5s
H    0     0                    7437.0000000 6893.11821  7.31%     -    5s
     0     0 6893.11821    0  387 7437.00000 6893.11821  7.31%     -    5s
     0     0 6893.72203    0  386 7437.00000 6893.72203  7.31%     -    5s
     0     0 6893.92402    0  387 7437.00000 6893.92402  7.30%     -    5s
     0     0 6893.96323    0  389 7437.00000 6893.96323  7.30%     -    5s
H    0     0                    7424.0000000 6893.96323  7.14%     -    5s
     0     0 6894.83407    0  375 7424.00000 6894.83407  7.13%     -    5s
     0     2 6894.83601    0  349 7424.00000 6894.83601  7.13%     -    8s
H   42    48                    7418.0000000 6896.83534  7.03%   370    9s
H   47    60                    7317.0000000 6896.83534  5.74%   359    9s
    59    87 6918.37455   14  258 7317.00000 6896.83534  5.74%   328   10s
H   86    93                    7308.0000000 6896.83534  5.63%   261   10s
H  141   142                    7226.0000000 6896.83534  4.56%   205   10s
H  398   350                    7212.0000000 6898.08456  4.35%   106   13s
   581   472 6904.06990   14  292 7212.00000 6902.16089  4.30%  97.2   15s
  1160  1013 7155.33957   84   44 7212.00000 6902.35051  4.29%  72.9   20s
  1564  1238 7075.60315   30  407 7212.00000 6902.35051  4.29%  66.8   25s
  1599  1275 6913.81809   15  231 7212.00000 6913.66667  4.14%  82.0   30s
  2093  1328     cutoff   51      7212.00000 6913.66667  4.14%  89.1   35s
  2439  1398 7122.00000   45   15 7212.00000 6913.81809  4.13%  89.1   40s
  2800  1571 6957.24693   32  135 7212.00000 6913.81809  4.13%  91.6   45s
  3294  1719 6944.53014   39  115 7212.00000 6914.41667  4.13%  89.5   50s
  3498  1829 6926.64575   31  242 7212.00000 6914.41667  4.13%  91.2   55s
  4108  2011 7115.83480   51   98 7212.00000 6914.41667  4.13%  98.6   60s
H 4143  1443                    7124.0000000 6915.26074  2.93%  98.7   62s
  4413  1572 7072.66667   48  106 7124.00000 6915.26527  2.93%   101   65s
H 4437  1412                    7114.0000000 6915.26527  2.79%   101   65s
  5131  1445 6942.04000   39  187 7114.00000 6917.05529  2.77%   108   70s
  5589  1545 6950.20148   24  288 7114.00000 6918.05771  2.75%   113   76s
  5886  1639 6942.70827   26  168 7114.00000 6918.40667  2.75%   116   81s
  6140  1732 6925.01036   23  238 7114.00000 6918.40667  2.75%   119   86s
  6294  1898 6931.61390   26  422 7114.00000 6918.66932  2.75%   121   91s
  6649  2154 6938.33087   21  171 7114.00000 6919.66714  2.73%   123   96s
  7214  2408 6934.96750   27  379 7114.00000 6920.08840  2.73%   131  102s
  7437  2720 6953.88124   36  156 7114.00000 6920.62490  2.72%   132  106s
  8038  3059 7101.36667   45   73 7114.00000 6921.15000  2.71%   135  111s
  8519  3194 6953.79534   26  402 7114.00000 6921.15000  2.71%   136  117s
  8802  3339 6927.75540   22  215 7114.00000 6921.15000  2.71%   137  120s
  9747  3843 6939.57576   47  206 7114.00000 6921.52500  2.71%   137  125s
 10728  4261     cutoff   48      7114.00000 6921.80835  2.70%   138  132s
 11230  4455 7074.00000   46    1 7114.00000 6922.03334  2.70%   139  136s
 11793  4472 6953.64192   33  423 7114.00000 6922.25000  2.70%   139  140s
 12328  5103     cutoff   55      7114.00000 6922.43097  2.69%   139  147s
 12972  5527 7042.20880   47  156 7114.00000 6922.52931  2.69%   140  151s
 14001  5778 6926.47688   31  175 7114.00000 6922.85919  2.69%   141  158s
 14187  5847 6934.19059   37  194 7114.00000 6922.85919  2.69%   141  162s
 14334  5884 6927.92824   32  184 7114.00000 6922.85919  2.69%   141  167s
 14386  6244 6938.57760   42  221 7114.00000 6922.85919  2.69%   142  173s
 14985  6501 6933.71803   22  381 7114.00000 6922.97725  2.69%   141  178s
 15365  6865 7071.74118   44   84 7114.00000 6923.02986  2.68%   142  183s
 16161  7402 7039.40787   45  442 7114.00000 6923.50414  2.68%   143  188s
 17059  7896     cutoff   34      7114.00000 6923.81441  2.67%   145  193s
 17889  8267 6940.79398   31  253 7114.00000 6924.01350  2.67%   147  198s
 18573  8571 6952.25184   22  273 7114.00000 6924.26402  2.67%   149  203s
 19307  8879     cutoff   43      7114.00000 6924.41000  2.67%   149  208s
 20078  9378     cutoff   40      7114.00000 6924.76709  2.66%   149  212s
 20964  9669 6956.50502   35  300 7114.00000 6924.90646  2.66%   149  216s
 21730 10160 6938.55000   37   92 7114.00000 6925.22439  2.65%   150  221s
 22473 10522 6947.52451   46  277 7114.00000 6925.33117  2.65%   151  225s
 23655 11094 7008.18285   47  341 7114.00000 6925.63738  2.65%   153  234s
 24247 11346 6951.66390   31  159 7114.00000 6925.71241  2.65%   154  238s
 24948 11715 6944.54044   27  206 7114.00000 6925.94964  2.64%   154  242s
 25786 12066 6956.75294   40  161 7114.00000 6926.06698  2.64%   154  247s
 26494 12290 7077.20829   40  117 7114.00000 6926.19545  2.64%   155  252s
 26854 12672 6927.73944   33  152 7114.00000 6926.38427  2.64%   155  258s
 27577 13130 7084.66078   53  125 7114.00000 6926.45177  2.64%   156  263s
 28398 13524 6930.13363   24  282 7114.00000 6926.61870  2.63%   156  268s
 29086 13946 6947.39324   48  248 7114.00000 6926.66915  2.63%   156  272s
 29968 14289 6972.66113   27  301 7114.00000 6926.79490  2.63%   156  276s
 30657 14707 6940.65000   47  156 7114.00000 6926.97476  2.63%   156  280s
 31815 15322 6969.79006   49  188 7114.00000 6927.16365  2.63%   156  288s
 32537 15711 6948.74403   35  339 7114.00000 6927.30165  2.62%   156  292s
 33308 16042     cutoff   26      7114.00000 6927.40953  2.62%   155  296s
 34060 16393 6946.10333   18  167 7114.00000 6927.60833  2.62%   155  300s
 35388 16885 6935.05372   32  400 7114.00000 6927.93231  2.62%   155  307s
 35833 17119 7083.94451   54  161 7114.00000 6927.93231  2.62%   155  311s
 37214 17647     cutoff   44      7114.00000 6928.26939  2.61%   155  319s
 37736 17910 6946.20159   37  288 7114.00000 6928.49278  2.61%   155  322s
 38313 18139 7087.21053   46  101 7114.00000 6928.60659  2.61%   156  327s
 38842 18431     cutoff   30      7114.00000 6928.70821  2.60%   156  332s
 39614 18643 6994.70224   47  164 7114.00000 6928.97997  2.60%   156  336s
 40022 18909 6941.59372   36  388 7114.00000 6929.14612  2.60%   156  341s
 40527 19300 7076.67500   54   67 7114.00000 6929.34073  2.60%   157  347s
 41426 19655     cutoff   30      7114.00000 6929.51733  2.59%   157  351s
 42173 19966 6933.29115   31  182 7114.00000 6929.80907  2.59%   157  356s
 42811 20328 6949.48385   45  173 7114.00000 6930.00303  2.59%   158  360s
 43592 20607 7078.27861   48   19 7114.00000 6930.16200  2.58%   158  365s
 44772 20949     cutoff   35      7114.00000 6930.46193  2.58%   158  373s
 45274 21284 6985.06598   36  167 7114.00000 6930.51245  2.58%   159  378s
 46060 21273 6934.78833   23  462 7114.00000 6930.72805  2.58%   159  383s
 46174 21589 6952.98198   33  356 7114.00000 6930.72805  2.58%   159  387s
 46879 22002 6944.33111   43  122 7114.00000 6930.78845  2.58%   159  391s
 47814 22483 7017.55745   33  201 7114.00000 6930.98656  2.57%   159  395s
 49232 23076 6961.61504   41  325 7114.00000 6931.18426  2.57%   159  403s
 49856 23559 6935.65846   27  273 7114.00000 6931.33856  2.57%   159  407s
 50665 23793 6960.57452   44  288 7114.00000 6931.48987  2.57%   159  411s
 51219 24172 6932.97546   34  271 7114.00000 6931.62275  2.56%   159  416s
 52462 24655 6946.21794   35  262 7114.00000 6931.77242  2.56%   159  423s
 52989 24688 6936.55220   25  307 7114.00000 6931.83478  2.56%   160  427s
 53169 24968 6936.73313   26  417 7114.00000 6931.86919  2.56%   160  431s
 53755 25146 6941.29334   33  275 7114.00000 6932.02108  2.56%   160  437s
 54425 25418     cutoff   34      7114.00000 6932.16259  2.56%   161  442s
 55088 25799     cutoff   32      7114.00000 6932.27455  2.55%   161  446s
 55800 26030 6966.19191   40  314 7114.00000 6932.38888  2.55%   161  451s
 56246 26387 6942.31934   45  179 7114.00000 6932.50554  2.55%   162  455s
 57723 26927     cutoff   42      7114.00000 6932.67791  2.55%   162  463s
 58305 26967 6958.40662   43  336 7114.00000 6932.79945  2.55%   162  468s
 58442 27237 6933.62549   27  535 7114.00000 6932.79945  2.55%   162  473s
 59115 27575 6962.14214   35  371 7114.00000 6932.88788  2.55%   162  477s
 59751 27858 7079.12000   52   68 7114.00000 6933.03232  2.54%   163  481s
 60484 28058 6940.88912   37  169 7114.00000 6933.09651  2.54%   163  485s
 60889 28252 6934.13627   23  214 7114.00000 6933.21428  2.54%   163  490s
 62267 28880 6941.84389   29  431 7114.00000 6933.38636  2.54%   163  499s
 62862 29239 6952.18317   22  303 7114.00000 6933.56061  2.54%   164  504s
 63500 29594 6936.87907   30  383 7114.00000 6933.68623  2.53%   164  508s
 64237 30013     cutoff   34      7114.00000 6933.71394  2.53%   164  512s
 65093 30226 6960.19605   27  238 7114.00000 6933.86900  2.53%   164  515s
 66230 30782 6945.54513   24  325 7114.00000 6934.10263  2.53%   164  522s
 66824 31133 6962.94036   48  341 7114.00000 6934.12955  2.53%   164  526s
 67923 31633 6940.75396   41  212 7114.00000 6934.41384  2.52%   164  532s
 68458 31930     cutoff   29      7114.00000 6934.53947  2.52%   164  536s
 69631 32363 6942.41791   34  304 7114.00000 6934.72988  2.52%   165  543s
 70174 32600 6961.74371   35  300 7114.00000 6934.89417  2.52%   165  546s
 71298 33024 6953.95731   27  288 7114.00000 6935.12259  2.51%   165  553s
 71936 33306 6948.81263   37  370 7114.00000 6935.24232  2.51%   165  557s
 72483 33549 7106.25000   47   11 7114.00000 6935.32755  2.51%   165  561s
 72968 33856     cutoff   31      7114.00000 6935.37384  2.51%   166  565s
 74113 34375 6956.45471   33  334 7114.00000 6935.56562  2.51%   166  572s
 74578 34716 6954.64512   38  341 7114.00000 6935.68723  2.51%   166  576s
 75962 35222 7070.09008   51  321 7114.00000 6935.91699  2.50%   166  583s
 76427 35490 6956.38966   42  158 7114.00000 6936.02295  2.50%   167  587s
 76999 35808 6952.57856   31  427 7114.00000 6936.21639  2.50%   167  591s
 77792 35929 6941.69633   26  411 7114.00000 6936.37957  2.50%   167  595s
 78769 36343 6961.59545   32  459 7114.00000 6936.56390  2.49%   167  602s
 79331 36562 6942.33561   38  284 7114.00000 6936.67268  2.49%   167  605s
 80559 36945 7037.75801   46  394 7114.00000 6936.81199  2.49%   167  612s
 81148 37077     cutoff   53      7114.00000 6937.08683  2.49%   168  617s
 81590 37382 6944.01597   26  374 7114.00000 6937.17975  2.49%   168  621s
 82215 37614 6939.25429   21  272 7114.00000 6937.26326  2.48%   168  625s
 83563 38000     cutoff   44      7114.00000 6937.55452  2.48%   168  633s
 84088 38187     cutoff   41      7114.00000 6937.69986  2.48%   169  636s
 84728 38506 6957.62018   34  296 7114.00000 6937.75946  2.48%   169  640s
 86000 38786     cutoff   30      7114.00000 6938.10787  2.47%   169  648s
 86555 38915 6961.58711   37  491 7114.00000 6938.21719  2.47%   169  652s
 87068 39085 6967.08895   34  364 7114.00000 6938.34985  2.47%   169  656s
 87761 39189 6971.87543   39  149 7114.00000 6938.52119  2.47%   169  660s
 89052 39508 6950.54027   32  281 7114.00000 6938.92487  2.46%   169  667s
 89620 39707 6957.92234   25  217 7114.00000 6939.12297  2.46%   169  671s
 90461 39906 6949.14417   29  175 7114.00000 6939.28210  2.46%   169  675s
 91429 40305     cutoff   27      7114.00000 6939.45763  2.45%   169  683s
 92007 40439 6947.80286   23  314 7114.00000 6939.54924  2.45%   169  687s
 92569 40684 6960.01263   38   90 7114.00000 6939.58061  2.45%   169  690s
 93825 41057 6944.00086   24  397 7114.00000 6939.91281  2.45%   169  697s
 94320 41187 6960.24667   27  190 7114.00000 6939.91310  2.45%   169  701s
 94668 41283     cutoff   46      7114.00000 6940.01795  2.45%   169  705s
 95592 41789 6956.45187   24  341 7114.00000 6940.21574  2.44%   170  713s
 96215 42085 6944.10000   27  425 7114.00000 6940.31292  2.44%   170  717s
 96906 42250 6963.33596   46  261 7114.00000 6940.46335  2.44%   170  721s
 97464 42392 6987.87050   41  340 7114.00000 6940.62187  2.44%   170  725s
 98793 42641 6948.90789   32  355 7114.00000 6940.96354  2.43%   170  733s
 99384 42834 7089.74354   40   89 7114.00000 6941.01040  2.43%   170  738s
 100100 43031 6962.45117   32  398 7114.00000 6941.32313  2.43%   170  742s
 100678 43082 6966.12903   48  116 7114.00000 6941.38816  2.43%   170  746s
 101269 43253 6953.70887   31  337 7114.00000 6941.52994  2.42%   170  750s
 102710 43621 6962.23417   48  298 7114.00000 6941.85924  2.42%   170  757s
 103202 43728 6957.35506   51  151 7114.00000 6941.95407  2.42%   170  763s
 103709 43847 6953.06370   38  264 7114.00000 6942.12473  2.42%   170  768s
 104691 44042 7044.05614   46  197 7114.00000 6942.43431  2.41%   170  773s
 105430 44120 7111.22892   43  134 7114.00000 6942.61675  2.41%   170  778s
 106186 44258 6960.58654   38  281 7114.00000 6942.80370  2.41%   170  781s
 106808 44430 6964.33498   34  311 7114.00000 6942.94830  2.40%   170  785s
 108137 44505     cutoff   58      7114.00000 6943.32727  2.40%   170  793s
 108697 44562 6969.39222   40  173 7114.00000 6943.34798  2.40%   170  798s
 109335 44571 6960.01874   27  254 7114.00000 6943.51667  2.40%   170  802s
 110013 44610 7112.22222   59   94 7114.00000 6943.75603  2.39%   170  806s
 110924 44212 6977.74027   42  266 7114.00000 6944.16821  2.39%   170  813s
 111619 44336     cutoff   32      7114.00000 6944.27606  2.39%   170  817s
 112222 44436     cutoff   36      7114.00000 6944.34040  2.38%   170  821s
 112864 44512 6973.99955   31  182 7114.00000 6944.47372  2.38%   170  825s
 114129 44549     cutoff   33      7114.00000 6944.86503  2.38%   170  832s
 114825 44554 7111.29202   46  105 7114.00000 6944.98118  2.38%   170  836s
 115480 44653 6961.24673   30  393 7114.00000 6945.13746  2.37%   170  841s
 116733 44758 6965.69313   40  158 7114.00000 6945.75101  2.37%   170  848s
 117331 44755     cutoff   39      7114.00000 6945.88882  2.36%   170  852s
 117883 44748     cutoff   40      7114.00000 6946.31051  2.36%   170  857s
 118474 44718 7105.14829   42  218 7114.00000 6946.52738  2.35%   170  861s
 119270 44657 6958.62048   37  334 7114.00000 6946.86875  2.35%   170  865s
 120409 44597     cutoff   27      7114.00000 6947.28504  2.34%   170  873s
 120995 44510 6968.02753   48  309 7114.00000 6947.63479  2.34%   170  877s
 121669 44380 7101.37598   51   29 7114.00000 6947.93171  2.33%   170  881s
 122395 44369 6956.93224   33  417 7114.00000 6948.14703  2.33%   169  885s
 123356 44057 6962.64755   31  331 7114.00000 6948.54054  2.33%   169  893s
 124099 43888     cutoff   32      7114.00000 6948.85000  2.32%   169  897s
 124816 43664     cutoff   38      7114.00000 6949.23139  2.32%   169  900s
 125880 43587 6961.73535   27  410 7114.00000 6949.45819  2.31%   169  907s
 126297 43491 6956.34450   40  304 7114.00000 6949.54177  2.31%   169  911s
 126799 43466     cutoff   37      7114.00000 6949.66728  2.31%   169  915s
 127662 43247 7041.23111   37  136 7114.00000 6950.36620  2.30%   169  923s
 128132 43175     cutoff   40      7114.00000 6950.55768  2.30%   169  927s
 128692 42921     cutoff   36      7114.00000 6950.83279  2.29%   170  931s
 129853 42768     cutoff   36      7114.00000 6951.52125  2.28%   170  938s
 130506 42487 infeasible   32      7114.00000 6951.93302  2.28%   170  942s
 131358 42076     cutoff   32      7114.00000 6952.22289  2.27%   169  946s
 132643 41559 6997.64984   42  378 7114.00000 6952.90397  2.26%   169  953s
 133143 41318 6981.82953   32  340 7114.00000 6953.41323  2.26%   169  957s
 133783 41080     cutoff   44      7114.00000 6953.65954  2.25%   169  961s
 135116 40820     cutoff   33      7114.00000 6954.35431  2.24%   169  968s
 135212 40798 7012.59895   35  392 7114.00000 6954.37699  2.24%   169  973s
 135244 40690 7012.91980   36  418 7114.00000 6954.38427  2.24%   169  977s
 135603 40514 7041.44122   50  111 7114.00000 6954.40743  2.24%   169  981s
 136194 40185 6984.97925   51  146 7114.00000 6954.73200  2.24%   169  985s
 137475 39636     cutoff   48      7114.00000 6955.58385  2.23%   169  992s
 138205 39379 7055.23052   52  324 7114.00000 6955.93752  2.22%   169  996s
 138838 38944     cutoff   33      7114.00000 6956.40554  2.22%   169 1000s
 140123 38576 7096.00000   58   63 7114.00000 6957.09717  2.21%   168 1007s
 140415 38392     cutoff   59      7114.00000 6957.12460  2.21%   168 1011s
 140672 38106     cutoff   59      7114.00000 6957.14288  2.20%   168 1015s
 141400 37624 7046.62952   50  200 7114.00000 6957.26579  2.20%   168 1023s
 141953 37248     cutoff   41      7114.00000 6958.50930  2.19%   168 1027s
 142654 36973 7032.12106   37  483 7114.00000 6959.23846  2.18%   168 1031s
 143295 36781     cutoff   44      7114.00000 6959.66831  2.17%   168 1035s
 144795 35926 7041.34960   34  182 7114.00000 6960.71355  2.15%   168 1043s
 145346 35220     cutoff   41      7114.00000 6961.21745  2.15%   168 1048s
 146520 34330     cutoff   40      7114.00000 6961.62260  2.14%   167 1053s
 147447 34063     cutoff   33      7114.00000 6961.68162  2.14%   167 1056s
 147874 33567     cutoff   33      7114.00000 6961.74733  2.14%   167 1060s
 149279 32852     cutoff   40      7114.00000 6963.11867  2.12%   167 1067s
 149809 32458     cutoff   49      7114.00000 6963.52994  2.12%   166 1071s
 151073 31594 7030.91420   53  417 7114.00000 6965.13764  2.09%   166 1078s
 151751 31416     cutoff   38      7114.00000 6965.73716  2.08%   166 1082s
 152311 31132 7044.48529   37  284 7114.00000 6966.32397  2.08%   166 1086s
 153157 30853     cutoff   49      7114.00000 6966.84727  2.07%   166 1093s
 153519 30630 7052.14253   45  237 7114.00000 6966.95211  2.07%   166 1098s
 153912 30423 7053.79123   46  163 7114.00000 6967.00817  2.07%   166 1102s
 154286 30160 7069.28007   47  307 7114.00000 6967.50683  2.06%   166 1106s
 154727 29970     cutoff   40      7114.00000 6968.68806  2.04%   166 1111s
 155231 29797 7067.49151   55  330 7114.00000 6968.94665  2.04%   166 1115s
 155750 29669 7050.72203   43  191 7114.00000 6970.24312  2.02%   166 1120s
 156450 29248     cutoff   34      7114.00000 6970.66024  2.01%   166 1128s
 156921 28943     cutoff   36      7114.00000 6971.36410  2.01%   166 1133s
 157466 28475 7051.05956   48  191 7114.00000 6973.34906  1.98%   166 1138s
 158070 28142     cutoff   47      7114.00000 6974.93726  1.95%   166 1143s
 158780 27985 6986.49480   52  189 7114.00000 6976.84746  1.93%   166 1147s
 159244 27629 infeasible   32      7114.00000 6977.77191  1.91%   166 1151s
 159799 27015 7075.88865   44  357 7114.00000 6979.30283  1.89%   166 1156s
 160575 26461     cutoff   36      7114.00000 6981.78194  1.86%   166 1161s
 161246 25768     cutoff   36      7114.00000 6984.98708  1.81%   166 1165s
 162142 25342     cutoff   53      7114.00000 6989.73904  1.75%   166 1170s
 162712 25148 7045.83075   36  340 7114.00000 6995.24821  1.67%   166 1175s
 163852 24938 7053.69850   47  151 7114.00000 7000.72860  1.59%   166 1183s
 164279 24920 7096.95168   53  399 7114.00000 7006.97082  1.50%   166 1187s
 164747 24962 7023.93967   37  360 7114.00000 7008.35284  1.49%   167 1192s
 165228 24984 7028.90209   28  520 7114.00000 7011.86816  1.44%   167 1196s
 165702 24855 7023.85076   36  331 7114.00000 7012.92296  1.42%   167 1201s
 166322 24962 7039.40545   32  166 7114.00000 7017.06552  1.36%   167 1207s
 166822 25020 7049.84893   40  216 7114.00000 7018.30848  1.35%   167 1212s
 167105 25002 7075.62305   44  341 7114.00000 7019.15918  1.33%   168 1219s
 167802 25070     cutoff   35      7114.00000 7021.20325  1.30%   168 1225s
 168425 25103 7036.45277   26  302 7114.00000 7022.92198  1.28%   168 1232s
 169024 25174 infeasible   45      7114.00000 7023.82385  1.27%   168 1238s
 169619 25225     cutoff   43      7114.00000 7025.60830  1.24%   168 1244s
 170296 25229 7064.96465   36  453 7114.00000 7027.83151  1.21%   169 1250s
 170912 25125 7045.93897   39  465 7114.00000 7029.00246  1.19%   169 1256s
 171576 24977     cutoff   49      7114.00000 7030.45000  1.17%   169 1262s
 172385 24784 7041.84817   41  343 7114.00000 7032.51042  1.15%   169 1268s
 173165 24619     cutoff   42      7114.00000 7035.05237  1.11%   169 1274s
 173847 24393     cutoff   45      7114.00000 7036.33328  1.09%   169 1280s
 174637 23933 7047.12503   33  340 7114.00000 7038.58122  1.06%   170 1285s
 175522 23504     cutoff   42      7114.00000 7040.78283  1.03%   169 1291s

Cutting planes:
  Learned: 29
  Gomory: 14
  Cover: 473
  Implied bound: 1
  MIR: 372
  StrongCG: 19
  Flow cover: 616
  GUB cover: 2
  Inf proof: 2
  Zero half: 8
  Network: 9
  RLT: 18
  Relax-and-lift: 20

Explored 176338 nodes (29889209 simplex iterations) in 1291.31 seconds (1237.59 work units)
Thread count was 12 (of 12 available processors)

Solution count 10: 7114 7114 7124 ... 7437

Optimal solution found (tolerance 1.00e-02)
Best objective 7.114000000000e+03, best bound 7.043000000000e+03, gap 0.9980%
