
Gurobi 12.0.0 (win64) logging started Sat Feb 14 21:26:11 2026

Set parameter LogFile to value "Storage_orig/Logs/log_____________2026_02_14_21_26_11.log"
Set parameter MIPGap to value 0.01
Set parameter OutputFlag to value 1
Gurobi Optimizer version 12.0.0 build v12.0.0rc1 (win64 - Windows 11+.0 (26200.2))

CPU model: Intel(R) Core(TM) i7-9750H CPU @ 2.60GHz, instruction set [SSE2|AVX|AVX2]
Thread count: 6 physical cores, 12 logical processors, using up to 12 threads

Non-default parameters:
MIPGap  0.01
MIPFocus  1

Optimize a model with 6604 rows, 1332 columns and 17992 nonzeros
Model fingerprint: 0x88161e4b
Variable types: 32 continuous, 1300 integer (724 binary)
Coefficient statistics:
  Matrix range     [2e-01, 1e+03]
  Objective range  [1e+01, 4e+03]
  Bounds range     [1e+00, 1e+00]
  RHS range        [1e+00, 1e+03]
Found heuristic solution: objective 15560.000000
Presolve removed 4892 rows and 228 columns
Presolve time: 0.07s
Presolved: 1712 rows, 1104 columns, 10516 nonzeros
Variable types: 32 continuous, 1072 integer (624 binary)

Root relaxation: objective 3.302840e+03, 836 iterations, 0.04 seconds (0.02 work units)

    Nodes    |    Current Node    |     Objective Bounds      |     Work
 Expl Unexpl |  Obj  Depth IntInf | Incumbent    BestBd   Gap | It/Node Time

     0     0 3302.84000    0   16 15560.0000 3302.84000  78.8%     -    0s
     0     0 3741.26469    0   46 15560.0000 3741.26469  76.0%     -    0s
H    0     0                    15480.000000 3741.26469  75.8%     -    0s
H    0     0                    13560.000000 3741.26469  72.4%     -    0s
H    0     0                    13160.000000 3741.26469  71.6%     -    0s
     0     0 3750.84408    0   57 13160.0000 3750.84408  71.5%     -    0s
     0     0 3750.84408    0   61 13160.0000 3750.84408  71.5%     -    0s
H    0     0                    11981.000000 3750.84408  68.7%     -    0s
     0     0 3898.67316    0   99 11981.0000 3898.67316  67.5%     -    0s
H    0     0                    11741.000000 3916.52644  66.6%     -    0s
H    0     0                    11385.000000 3916.52644  65.6%     -    0s
     0     0 3916.52644    0  117 11385.0000 3916.52644  65.6%     -    0s
H    0     0                    10765.000000 3929.97399  63.5%     -    0s
     0     0 3929.97399    0  103 10765.0000 3929.97399  63.5%     -    0s
     0     0 3930.12493    0  111 10765.0000 3930.12493  63.5%     -    0s
     0     0 3930.16669    0  106 10765.0000 3930.16669  63.5%     -    0s
     0     0 3940.18000    0   22 10765.0000 3940.18000  63.4%     -    0s
H    0     0                    10205.000000 3940.18000  61.4%     -    0s
     0     0 3940.32000    0   22 10205.0000 3940.32000  61.4%     -    0s
     0     0 3940.32000    0   22 10205.0000 3940.32000  61.4%     -    0s
     0     0 3942.00000    0   36 10205.0000 3942.00000  61.4%     -    0s
     0     0 3942.00000    0   36 10205.0000 3942.00000  61.4%     -    0s
     0     0 3946.40000    0   16 10205.0000 3946.40000  61.3%     -    1s
     0     2 3946.40000    0   16 10205.0000 3946.40000  61.3%     -    1s
H    1     4                    9964.0000000 3946.40000  60.4%   237    1s
H   44    50                    8608.0000000 3954.40000  54.1%  47.3    1s
H   78    85                    8048.0000000 3954.40000  50.9%  43.7    1s
H   82    85                    7628.0000000 3954.40000  48.2%  43.0    1s
H  183   181                    7368.0000000 3954.40000  46.3%  35.0    2s
H  213   195                    7174.0000000 3954.40000  44.9%  32.6    2s
H  225   203                    6834.0000000 3954.40000  42.1%  31.9    2s
H  225   203                    6655.0000000 3954.40000  40.6%  31.9    2s
H  238   205                    6175.0000000 3954.40000  36.0%  30.9    2s
*  897   527              15    5456.0000000 4258.81363  21.9%  34.2    4s
  1615   972 4753.80544   18   15 5456.00000 4346.64074  20.3%  38.8    5s
  3526  1329 5068.05000   62   33 5456.00000 4359.37094  20.1%  41.8   10s
  8129  2963 4973.11560   50   17 5456.00000 4426.75000  18.9%  42.6   15s
  8141  2989 4973.51945   51   37 5456.00000 4426.75000  18.9%  42.6   21s
H 8456  3135                    5446.0000000 4461.24656  18.1%  42.2   21s
H10344  3849                    5327.0000000 4573.46429  14.1%  40.9   24s
 11342  4564     cutoff   81      5327.00000 4573.46429  14.1%  39.7   25s
H11884  3443                    5028.0000000 4592.30182  8.67%  39.2   25s
 15500  6137 4899.60000   62   16 5028.00000 4620.51939  8.10%  37.3   30s
H17739  3401                    4774.0000000 4631.81429  2.98%  36.4   32s
 17799  4190     cutoff   44      4774.00000 4631.81429  2.98%  36.4   35s
 27923  5383 4773.00000   38   32 4774.00000 4662.67515  2.33%  33.7   40s
 36311  6419 infeasible   45      4774.00000 4668.77000  2.20%  31.3   45s
 43348  6738 4743.96447   43   49 4774.00000 4672.90815  2.12%  29.9   50s
 49930  7056 4696.80094   44   35 4774.00000 4679.00000  1.99%  29.0   55s
 55933  7175     cutoff   49      4774.00000 4682.09602  1.93%  28.2   60s
 62691  7375     cutoff   45      4774.00000 4686.52946  1.83%  27.5   65s
 70604  7178 4696.64286   42   10 4774.00000 4693.17833  1.69%  26.8   70s
 74678  6661 4725.59744   51   35 4774.00000 4696.03805  1.63%  26.6   81s
 87443  6400 4703.98750   47   51 4774.00000 4701.11780  1.53%  25.5   85s
 97201  6104 4746.60000   47    7 4774.00000 4707.58448  1.39%  25.1   90s
 109019  6323     cutoff   65      4774.00000 4712.51801  1.29%  24.1   95s
 119986  6462 4715.92299   57   37 4774.00000 4715.41293  1.23%  23.2  100s
 128518  6342 4722.55168   45   57 4774.00000 4717.65556  1.18%  22.6  105s
 137339  5913     cutoff   53      4774.00000 4722.32823  1.08%  22.1  110s
 149019  6247     cutoff   53      4774.00000 4725.32823  1.02%  21.4  115s
 160731  6811 4737.19091   62   28 4774.00000 4725.95909  1.01%  20.6  120s

Cutting planes:
  Learned: 188
  Gomory: 2
  Cover: 53
  MIR: 48
  StrongCG: 1
  Flow cover: 94
  Inf proof: 4
  Zero half: 1
  Network: 13
  RLT: 12
  Relax-and-lift: 10

Explored 161985 nodes (3328690 simplex iterations) in 120.17 seconds (39.96 work units)
Thread count was 12 (of 12 available processors)

Solution count 10: 4774 4774 5028 ... 7174

Optimal solution found (tolerance 1.00e-02)
Best objective 4.774000000000e+03, best bound 4.727000000000e+03, gap 0.9845%
