
Gurobi 12.0.0 (win64) logging started Sun Feb 15 19:11:38 2026

Set parameter LogFile to value "Storage_orig/Logs/log______Sens_truck_cost_multiplier_0.5_2026_02_15_19_11_38.log"
Set parameter MIPGap to value 0.01
Set parameter OutputFlag to value 1
Set parameter TimeLimit to value 600
Read solution from file Storage_orig/Solutions/solved________2026_02_15_18_35_33.sol
Gurobi Optimizer version 12.0.0 build v12.0.0rc1 (win64 - Windows 11+.0 (26200.2))

CPU model: Intel(R) Core(TM) i7-9750H CPU @ 2.60GHz, instruction set [SSE2|AVX|AVX2]
Thread count: 6 physical cores, 12 logical processors, using up to 12 threads

Non-default parameters:
TimeLimit  600
MIPGap  0.01
MIPFocus  1

Optimize a model with 4170 rows, 840 columns and 11004 nonzeros
Model fingerprint: 0x26846090
Variable types: 18 continuous, 822 integer (570 binary)
Coefficient statistics:
  Matrix range     [2e-01, 1e+03]
  Objective range  [1e+01, 2e+03]
  Bounds range     [1e+00, 1e+00]
  RHS range        [1e+00, 1e+03]

Loaded user MIP start with objective 5182

Presolve removed 2940 rows and 192 columns
Presolve time: 0.04s
Presolved: 1230 rows, 648 columns, 6453 nonzeros
Variable types: 18 continuous, 630 integer (450 binary)

Root relaxation: objective 4.613467e+03, 482 iterations, 0.03 seconds (0.01 work units)

    Nodes    |    Current Node    |     Objective Bounds      |     Work
 Expl Unexpl |  Obj  Depth IntInf | Incumbent    BestBd   Gap | It/Node Time

     0     0 4613.46670    0   33 5182.00000 4613.46670  11.0%     -    0s
     0     0 4670.26675    0   58 5182.00000 4670.26675  9.88%     -    0s
     0     0 4674.96828    0   65 5182.00000 4674.96828  9.78%     -    0s
     0     0 4691.98001    0   59 5182.00000 4691.98001  9.46%     -    0s
     0     0 4692.91482    0   63 5182.00000 4692.91482  9.44%     -    0s
     0     0 4692.91606    0   63 5182.00000 4692.91606  9.44%     -    0s
     0     0 4848.58161    0  114 5182.00000 4848.58161  6.43%     -    0s
     0     0 4900.90069    0   93 5182.00000 4900.90069  5.42%     -    0s
     0     0 4906.52887    0  109 5182.00000 4906.52887  5.32%     -    0s
     0     0 4909.32224    0  111 5182.00000 4909.32224  5.26%     -    0s
     0     0 4909.32224    0  115 5182.00000 4909.32224  5.26%     -    0s
     0     0 4944.12438    0  147 5182.00000 4944.12438  4.59%     -    0s
     0     0 4956.10055    0  134 5182.00000 4956.10055  4.36%     -    0s
     0     0 4956.78026    0  109 5182.00000 4956.78026  4.35%     -    0s
     0     0 4957.52159    0  139 5182.00000 4957.52159  4.33%     -    0s
     0     0 4957.53303    0  165 5182.00000 4957.53303  4.33%     -    0s
     0     0 4957.88522    0  183 5182.00000 4957.88522  4.32%     -    1s
     0     0 4958.25007    0  102 5182.00000 4958.25007  4.32%     -    1s
     0     0 4958.46201    0  173 5182.00000 4958.46201  4.31%     -    1s
     0     0 4958.94711    0  192 5182.00000 4958.94711  4.30%     -    1s
     0     0 4959.13908    0  179 5182.00000 4959.13908  4.30%     -    1s
     0     0 4959.58895    0  172 5182.00000 4959.58895  4.29%     -    1s
     0     0 4959.68344    0  192 5182.00000 4959.68344  4.29%     -    1s
     0     0 4959.72614    0  214 5182.00000 4959.72614  4.29%     -    1s
     0     0 4959.74049    0  230 5182.00000 4959.74049  4.29%     -    1s
     0     0 4959.94362    0  232 5182.00000 4959.94362  4.29%     -    1s
     0     2 4959.94362    0  217 5182.00000 4959.94362  4.29%     -    2s
   237   232 4992.61768   23   56 5182.00000 4961.63420  4.25%  53.6    5s
   407   364 4968.07544    7   91 5182.00000 4963.06420  4.22%  47.3   10s
   976   858 5004.24092   35   59 5182.00000 4968.07544  4.13%  38.2   16s
  1610  1232 4990.26128   16  232 5182.00000 4970.21806  4.09%  35.5   22s
  1623  1241 4990.05815   12  233 5182.00000 4970.21806  4.09%  35.2   25s
  1661  1279 4970.21806   13  226 5182.00000 4970.21806  4.09%  40.5   30s
  2825  1725 5001.19540   19   81 5182.00000 4971.62101  4.06%  46.3   35s
H 3021  1722                    5148.0000000 4972.29080  3.41%  47.0   36s
  4751  2296 4990.22696   21   63 5148.00000 4978.26235  3.30%  49.7   40s
  8491  4265 4998.35138   45   84 5148.00000 4984.19164  3.18%  45.7   45s
 11561  5947     cutoff   58      5148.00000 4984.21285  3.18%  44.3   50s
 16039  8657 4992.91413   31   85 5148.00000 4984.21286  3.18%  40.7   55s
 19616 10718 5048.30019   22  118 5148.00000 4984.31988  3.18%  40.7   60s
 21481 11854 infeasible   54      5148.00000 4984.43604  3.18%  40.6   65s
 23484 12332 5111.53730   39   79 5148.00000 4984.46154  3.18%  40.3   70s
 25084 12918 5015.30907   43  102 5148.00000 4984.46154  3.18%  40.7   77s
 25887 13172     cutoff   25      5148.00000 4984.46154  3.18%  41.0   81s
 26537 13602 5009.42921   41   99 5148.00000 4984.46154  3.18%  41.1   86s
 27490 13963 5098.36319   43   74 5148.00000 4984.46154  3.18%  41.2   92s
 28430 14188 4991.77377   43   55 5148.00000 4984.46154  3.18%  41.7   97s
 29417 14545 5013.70011   45   83 5148.00000 4984.46154  3.18%  42.2  103s
 30493 14887 5014.00866   46   97 5148.00000 4984.46154  3.18%  42.6  109s
 31337 15221 5002.12564   41   72 5148.00000 4984.46154  3.18%  42.7  115s
 32343 15580 4991.22625   40  103 5148.00000 4984.46154  3.18%  43.1  122s
 33603 16061 5003.58330   41  103 5148.00000 4984.46154  3.18%  43.4  128s
 34933 16453 infeasible   46      5148.00000 4984.46154  3.18%  43.6  134s
 36106 16924 4999.54372   47  147 5148.00000 4984.46154  3.18%  43.8  139s
 36392 16924 4984.46154   35   52 5148.00000 4984.46154  3.18%  43.8  140s
 37386 17237 4992.79272   42   71 5148.00000 4984.46154  3.18%  44.0  146s
 38524 17553 5002.73333   39   77 5148.00000 4984.46154  3.18%  44.3  154s
 39113 17553 infeasible   43      5148.00000 4984.46154  3.18%  44.5  155s
 39771 17839 5083.21217   41  162 5148.00000 4984.46154  3.18%  44.6  161s
 40942 18240 5074.74746   45   26 5148.00000 4984.46154  3.18%  45.0  168s
 42221 19015 5002.48954   37   94 5148.00000 4984.46154  3.18%  45.2  175s
 43549 19189 5075.66633   37   26 5148.00000 4984.50704  3.18%  45.0  182s
H43734 18786                    5111.0000000 4984.50704  2.47%  45.0  182s
 43833 19433 4998.38778   35   89 5111.00000 4984.50704  2.47%  45.0  188s
 45221 19883 5065.37782   38   58 5111.00000 4984.52309  2.47%  44.8  190s
 47909 20295     cutoff   31      5111.00000 4984.53327  2.47%  44.8  195s
 48054 20614 5088.00000   30   30 5111.00000 4984.53327  2.47%  44.8  201s
 49067 21211 4993.11314   30   75 5111.00000 4984.53327  2.47%  44.9  207s
 50400 21956 4996.03164   31   76 5111.00000 4984.53327  2.47%  44.8  213s
 51712 22749 4989.85462   39   85 5111.00000 4984.58304  2.47%  44.7  219s
 53077 23552 infeasible   49      5111.00000 4984.58304  2.47%  44.6  224s
 54359 24200 4993.03921   27   68 5111.00000 4984.58304  2.47%  44.4  231s
 55755 24887     cutoff   39      5111.00000 4984.58304  2.47%  44.3  237s
 56872 25438 5000.06868   33  121 5111.00000 4984.58304  2.47%  44.2  244s
 58210 25913     cutoff   38      5111.00000 4984.62124  2.47%  44.1  250s
 59477 26284 5099.16754   43  133 5111.00000 4984.65073  2.47%  44.1  256s
 60673 26383 5049.07186   20  133 5111.00000 4985.03374  2.46%  44.1  262s
 61741 26558     cutoff   39      5111.00000 4985.20000  2.46%  44.4  268s
 62696 26704 5042.73170   39  142 5111.00000 4985.46041  2.46%  44.7  274s
 63451 27198 5089.36000   38   49 5111.00000 4985.46184  2.46%  45.1  282s
 64564 27811 5035.05340   52   87 5111.00000 4985.64696  2.45%  45.1  289s
 65682 28331 4988.97767   39  108 5111.00000 4985.64696  2.45%  45.0  296s
 66776 28790 infeasible   39      5111.00000 4985.64696  2.45%  45.1  303s
 68043 29342 5033.22368   52  106 5111.00000 4985.91554  2.45%  45.1  309s
 69459 29908 4988.76435   34  121 5111.00000 4986.11754  2.44%  45.0  315s
 70409 30631 5002.88325   52  157 5111.00000 4986.16152  2.44%  45.0  322s
 71568 31287 4998.15163   39  155 5111.00000 4986.16152  2.44%  45.1  329s
 72614 31834 4991.60945   51  117 5111.00000 4986.16152  2.44%  45.2  336s
 73893 32481 infeasible   44      5111.00000 4986.16152  2.44%  45.2  343s
 74970 32612     cutoff   52      5111.00000 4986.16152  2.44%  45.2  349s
 75194 33236 infeasible   52      5111.00000 4986.16152  2.44%  45.2  354s
 76413 33861 4987.58367   36   81 5111.00000 4986.17051  2.44%  45.2  359s
 77689 34114     cutoff   42      5111.00000 4986.21316  2.44%  45.3  364s
 78877 34700 5094.76147   30   97 5111.00000 4986.56093  2.43%  45.5  371s
 80231 35186 4990.67558   44   95 5111.00000 4986.71445  2.43%  45.6  378s
 81261 35813 4986.71445   36   79 5111.00000 4986.71445  2.43%  45.7  385s
 82470 36506 4991.85814   45   73 5111.00000 4986.71445  2.43%  45.7  391s
 83903 37412 5000.16451   40  131 5111.00000 4986.71445  2.43%  45.8  398s
 85608 37943 5012.83666   46   97 5111.00000 4986.71445  2.43%  45.9  404s
 86740 38533 5088.25000   40  108 5111.00000 4986.71445  2.43%  46.1  409s
 87917 39371     cutoff   38      5111.00000 4986.71445  2.43%  46.2  412s
 89588 39893 4989.34088   40  132 5111.00000 4986.71445  2.43%  46.2  419s
 90725 40380 4997.77310   40  118 5111.00000 4986.71445  2.43%  46.3  424s
 91844 40890 4991.87052   46   74 5111.00000 4986.71445  2.43%  46.4  431s
 93078 41727 5008.37979   44  106 5111.00000 4986.71445  2.43%  46.6  438s
 94552 42447 5002.78257   39   92 5111.00000 4986.71445  2.43%  46.6  445s
 95805 43044 5010.94945   43   77 5111.00000 4986.71445  2.43%  46.7  451s
 97019 43790 4991.87054   47   72 5111.00000 4986.71445  2.43%  46.8  457s
 98484 44239 4993.75557   47   45 5111.00000 4986.71445  2.43%  46.8  463s
 99534 44718 5010.94995   41   77 5111.00000 4986.71445  2.43%  47.0  468s
 100657 45125 5031.36299   55   64 5111.00000 4986.71445  2.43%  47.1  474s
 101633 45577 5088.25000   40  109 5111.00000 4986.71445  2.43%  47.2  481s
 102682 46072 4989.34088   41  132 5111.00000 4986.71445  2.43%  47.4  487s
 103623 46828 5015.19500   46   80 5111.00000 4986.71445  2.43%  47.5  493s
 105025 47223 5002.80000   39  153 5111.00000 4986.71445  2.43%  47.6  498s
 106057 47823 4987.36519   36   86 5111.00000 4986.71445  2.43%  47.9  504s
 107326 47839 5004.14110   42  156 5111.00000 4986.71445  2.43%  48.0  513s
 107364 47952 5004.16444   43  134 5111.00000 4986.71445  2.43%  48.0  517s
 107670 48371     cutoff   45      5111.00000 4986.71445  2.43%  48.1  522s
 108709 48815     cutoff   37      5111.00000 4986.71445  2.43%  48.3  527s
 109819 49378 5003.00629   42  113 5111.00000 4986.71445  2.43%  48.5  535s
 111279 49969 4986.71445   34   80 5111.00000 4986.71445  2.43%  48.6  541s
 113993 51483     cutoff   54      5111.00000 4986.71445  2.43%  48.9  546s
 116748 52455 5109.86525   48   85 5111.00000 4986.71445  2.43%  49.2  551s
 119173 53333 5034.94920   55   93 5111.00000 4986.71445  2.43%  49.6  555s
 121558 54088 5011.77172   42  120 5111.00000 4986.71445  2.43%  50.0  560s
 124126 55132 4989.14399   39  128 5111.00000 4986.71445  2.43%  50.3  565s
 129265 57572 4993.25687   23   80 5111.00000 4987.11010  2.42%  50.0  571s
 132838 59020 5004.49571   42  123 5111.00000 4987.18839  2.42%  49.6  575s
 136169 60376 5013.55679   41   90 5111.00000 4987.25010  2.42%  49.9  580s
 138886 61419 5012.75140   39   90 5111.00000 4987.25010  2.42%  50.1  585s
 141619 62248 5104.89380   38   37 5111.00000 4987.25475  2.42%  50.6  590s
 144945 63718 4999.21127   39  112 5111.00000 4987.25587  2.42%  50.7  596s
 147654 64832 5095.14931   38   95 5111.00000 4987.26817  2.42%  50.7  600s

Cutting planes:
  Learned: 28
  Gomory: 5
  Cover: 218
  MIR: 177
  StrongCG: 7
  Flow cover: 178
  Zero half: 1
  Network: 2
  RLT: 9
  Relax-and-lift: 8

Explored 148518 nodes (7522724 simplex iterations) in 600.14 seconds (89.75 work units)
Thread count was 12 (of 12 available processors)

Solution count 3: 5111 5148 5182 

Time limit reached
Best objective 5.111000000000e+03, best bound 4.988000000000e+03, gap 2.4066%
