
Gurobi 12.0.0 (win64) logging started Tue Feb 17 01:19:24 2026

Set parameter LogFile to value "Storage_orig/Logs/log______Sens_truck_cost_multiplier_1.25_2026_02_17_01_19_24.log"
Set parameter MIPGap to value 0.01
Set parameter OutputFlag to value 1
Set parameter TimeLimit to value 600
Gurobi Optimizer version 12.0.0 build v12.0.0rc1 (win64 - Windows 11+.0 (26200.2))

CPU model: Intel(R) Core(TM) i7-9750H CPU @ 2.60GHz, instruction set [SSE2|AVX|AVX2]
Thread count: 6 physical cores, 12 logical processors, using up to 12 threads

Non-default parameters:
TimeLimit  600
MIPGap  0.01
MIPFocus  1

Optimize a model with 4170 rows, 840 columns and 11004 nonzeros
Model fingerprint: 0x4311335f
Variable types: 18 continuous, 822 integer (570 binary)
Coefficient statistics:
  Matrix range     [2e-01, 1e+03]
  Objective range  [1e+01, 2e+03]
  Bounds range     [1e+00, 1e+00]
  RHS range        [1e+00, 1e+03]

User MIP start produced solution with objective 6147 (0.00s)
Loaded user MIP start with objective 6147

Presolve removed 2940 rows and 192 columns
Presolve time: 0.02s
Presolved: 1230 rows, 648 columns, 6453 nonzeros
Variable types: 18 continuous, 630 integer (450 binary)

Root relaxation: objective 5.792500e+03, 407 iterations, 0.01 seconds (0.01 work units)

    Nodes    |    Current Node    |     Objective Bounds      |     Work
 Expl Unexpl |  Obj  Depth IntInf | Incumbent    BestBd   Gap | It/Node Time

     0     0 5792.50003    0   31 6147.00000 5792.50003  5.77%     -    0s
     0     0 5793.00013    0   73 6147.00000 5793.00013  5.76%     -    0s
     0     0 5793.14286    0   76 6147.00000 5793.14286  5.76%     -    0s
     0     0 5794.92052    0   69 6147.00000 5794.92052  5.73%     -    0s
     0     0 5799.82262    0   59 6147.00000 5799.82262  5.65%     -    0s
     0     0 5833.92513    0   61 6147.00000 5833.92513  5.09%     -    0s
     0     0 5851.90436    0   87 6147.00000 5851.90436  4.80%     -    0s
     0     0 5883.92875    0   88 6147.00000 5883.92875  4.28%     -    0s
     0     0 5890.61572    0  107 6147.00000 5890.61572  4.17%     -    0s
     0     0 5896.19097    0  120 6147.00000 5896.19097  4.08%     -    0s
     0     0 5896.92300    0  126 6147.00000 5896.92300  4.07%     -    0s
     0     0 5898.50618    0  119 6147.00000 5898.50618  4.04%     -    0s
     0     0 5898.63351    0  131 6147.00000 5898.63351  4.04%     -    0s
     0     0 5898.63351    0  131 6147.00000 5898.63351  4.04%     -    0s
     0     0 5916.70788    0  152 6147.00000 5916.70788  3.75%     -    0s
     0     0 5945.65736    0  160 6147.00000 5945.65736  3.28%     -    0s
     0     0 5960.46981    0  189 6147.00000 5960.46981  3.03%     -    0s
     0     0 5961.87114    0  215 6147.00000 5961.87114  3.01%     -    0s
     0     0 5962.61922    0  222 6147.00000 5962.61922  3.00%     -    0s
     0     0 5965.42822    0  205 6147.00000 5965.42822  2.95%     -    0s
     0     0 5966.12635    0  220 6147.00000 5966.12635  2.94%     -    0s
     0     0 5966.85101    0  210 6147.00000 5966.85101  2.93%     -    0s
     0     0 5967.62626    0  230 6147.00000 5967.62626  2.92%     -    0s
     0     0 5967.66421    0  238 6147.00000 5967.66421  2.92%     -    0s
     0     0 5970.96316    0  217 6147.00000 5970.96316  2.86%     -    0s
     0     0 5970.99495    0  238 6147.00000 5970.99495  2.86%     -    0s
     0     0 5970.99495    0  243 6147.00000 5970.99495  2.86%     -    0s
     0     0 5996.93584    0  163 6147.00000 5996.93584  2.44%     -    0s
     0     0 5998.39343    0  167 6147.00000 5998.39343  2.42%     -    0s
     0     0 5998.39343    0  204 6147.00000 5998.39343  2.42%     -    0s
     0     0 5998.44444    0   47 6147.00000 5998.44444  2.42%     -    0s
     0     2 5998.44444    0   41 6147.00000 5998.44444  2.42%     -    1s
  1679  1091 6030.68485   14  224 6147.00000 6004.42857  2.32%  31.1    5s
  4679  1529 6060.92919   32  103 6147.00000 6048.47955  1.60%  37.6   10s
  9819  2766     cutoff   39      6147.00000 6050.09470  1.58%  36.6   15s
 16797  5796     cutoff   38      6147.00000 6051.30981  1.56%  34.7   20s
 18957  5994 6063.96747   35   78 6147.00000 6051.30981  1.56%  35.6   25s
 23746  5719 6067.33749   43  108 6147.00000 6051.30981  1.56%  35.8   30s
 29557  5693 6053.73084   32   80 6147.00000 6052.97070  1.53%  36.1   35s
 36041  4830 6132.45833   45   53 6147.00000 6053.51387  1.52%  36.4   40s
 43443  6202 6059.73664   34   47 6147.00000 6054.08009  1.51%  36.0   45s
 49603  8065 6059.25816   39   55 6147.00000 6054.45800  1.51%  35.7   50s
 55057  9021 6058.86330   39  103 6147.00000 6054.91497  1.50%  36.0   55s
 62673 10098 6101.68750   50   61 6147.00000 6055.66879  1.49%  36.6   60s
 68902 11630     cutoff   38      6147.00000 6056.50000  1.47%  36.9   65s
 75462 12792     cutoff   43      6147.00000 6056.86263  1.47%  36.9   70s
 82229 14305 6138.33333   55   31 6147.00000 6057.80392  1.45%  36.8   75s
 89547 16306 6080.85197   49   72 6147.00000 6057.90909  1.45%  36.5   80s
 97155 18316 6139.47917   54   45 6147.00000 6058.07843  1.45%  36.1   85s
 104829 19387     cutoff   46      6147.00000 6058.60000  1.44%  35.8   90s
 112316 20127 6064.59598   49   95 6147.00000 6059.06811  1.43%  35.6   95s
 119034 21566 6072.74202   40   94 6147.00000 6059.41987  1.42%  35.8  100s
 125412 21921     cutoff   40      6147.00000 6059.86871  1.42%  35.9  105s
 131995 22163     cutoff   46      6147.00000 6060.50327  1.41%  36.1  110s
 138792 22835 6067.83333   42   50 6147.00000 6061.29167  1.39%  36.1  115s
 145663 23675     cutoff   33      6147.00000 6061.78744  1.39%  35.7  120s
 153429 24258     cutoff   34      6147.00000 6062.19408  1.38%  35.1  125s
 161008 25217 6131.00000   39   49 6147.00000 6062.63636  1.37%  35.0  130s
 168149 25848 6066.46190   44   42 6147.00000 6062.84000  1.37%  35.2  135s
 175599 26419     cutoff   44      6147.00000 6063.29607  1.36%  35.0  140s
 182593 26609 6074.07228   43   76 6147.00000 6063.95374  1.35%  35.0  145s
 186683 26815     cutoff   42      6147.00000 6064.20000  1.35%  34.9  150s
 195109 28484 6069.71023   40   65 6147.00000 6064.66667  1.34%  34.9  155s
 201315 29645 6068.40404   40   69 6147.00000 6064.66667  1.34%  35.0  160s
 206626 30771     cutoff   44      6147.00000 6064.81163  1.34%  35.0  165s
 214580 30783 6070.68686   43   86 6147.00000 6065.85658  1.32%  35.1  170s
 220032 31890 6139.47942   48   50 6147.00000 6066.50758  1.31%  34.9  175s
 228837 32924 6072.94074   42   90 6147.00000 6066.82480  1.30%  34.2  180s
 236036 33495 6069.97222   43   72 6147.00000 6067.42105  1.29%  34.1  185s
 242917 33338 6112.11222   43  108 6147.00000 6068.42484  1.28%  34.2  190s
 250995 33709 6073.63636   44   70 6147.00000 6069.46569  1.26%  33.9  195s
 256854 34184 6097.82727   45   81 6147.00000 6069.71023  1.26%  33.8  200s
 264504 34473 infeasible   50      6147.00000 6070.08854  1.25%  33.5  205s
 271375 34895 6085.06315   52  111 6147.00000 6070.50989  1.24%  33.4  210s
 279497 35743 6093.13609   46   75 6147.00000 6071.59848  1.23%  33.1  215s
 286944 35764 6097.71389   46   86 6147.00000 6072.61559  1.21%  32.9  220s
 296996 36455 6103.61846   46   69 6147.00000 6073.64787  1.19%  32.6  225s
 305426 34697 infeasible   40      6147.00000 6074.25000  1.18%  32.7  230s
 313325 34199 infeasible   44      6147.00000 6074.64595  1.18%  32.7  235s
 322694 34584 6101.89776   43  121 6147.00000 6075.66008  1.16%  32.5  240s
 331439 35067     cutoff   51      6147.00000 6076.45455  1.15%  32.2  245s
 339662 35470     cutoff   43      6147.00000 6076.93642  1.14%  32.0  250s
 345991 35274 6110.55372   44   61 6147.00000 6078.06818  1.12%  31.9  255s
 354915 35755 6121.76667   43   52 6147.00000 6079.08173  1.10%  31.6  260s
 363591 35653 6116.39815   54   57 6147.00000 6080.37101  1.08%  31.4  265s
 370668 35209     cutoff   43      6147.00000 6081.00000  1.07%  31.4  270s
 376658 35454 6082.17277   39  129 6147.00000 6081.61619  1.06%  31.3  275s
 385661 35643 6082.85017   43   88 6147.00000 6082.20908  1.05%  31.2  280s
 394504 35751 infeasible   55      6147.00000 6083.70238  1.03%  30.9  285s
 400527 36016 6104.08333   45   67 6147.00000 6084.20000  1.02%  30.9  290s

Cutting planes:
  Learned: 57
  Gomory: 6
  Cover: 268
  Clique: 11
  MIR: 236
  StrongCG: 12
  Flow cover: 267
  GUB cover: 1
  Inf proof: 14
  Zero half: 8
  Network: 1
  RLT: 3
  Relax-and-lift: 17

Explored 409862 nodes (12566478 simplex iterations) in 294.48 seconds (134.61 work units)
Thread count was 12 (of 12 available processors)

Solution count 2: 6147 6147 

Optimal solution found (tolerance 1.00e-02)
Best objective 6.147000000000e+03, best bound 6.086000000000e+03, gap 0.9924%
