
Gurobi 12.0.0 (win64) logging started Thu Feb 19 00:06:52 2026

Set parameter LogFile to value "Storage_orig/Logs/log______Sens_C_range_reduced_(150, 150)_2026_02_19_00_06_52.log"
Set parameter MIPGap to value 0.005
Set parameter OutputFlag to value 1
Gurobi Optimizer version 12.0.0 build v12.0.0rc1 (win64 - Windows 11+.0 (26200.2))

CPU model: Intel(R) Core(TM) i7-9750H CPU @ 2.60GHz, instruction set [SSE2|AVX|AVX2]
Thread count: 6 physical cores, 12 logical processors, using up to 12 threads

Non-default parameters:
MIPGap  0.005
MIPFocus  2

Optimize a model with 5133 rows, 960 columns and 13434 nonzeros
Model fingerprint: 0x0e8fd905
Variable types: 18 continuous, 942 integer (690 binary)
Coefficient statistics:
  Matrix range     [2e-01, 1e+03]
  Objective range  [1e+01, 2e+03]
  Bounds range     [1e+00, 1e+00]
  RHS range        [1e+00, 1e+03]

User MIP start produced solution with objective 10172 (0.01s)
Loaded user MIP start with objective 10172

Presolve removed 3657 rows and 213 columns
Presolve time: 0.02s
Presolved: 1476 rows, 747 columns, 5832 nonzeros
Variable types: 18 continuous, 729 integer (540 binary)
Root relaxation presolve removed 3 rows and 0 columns
Root relaxation presolved: 1473 rows, 747 columns, 5802 nonzeros


Root relaxation: objective 7.467600e+03, 640 iterations, 0.03 seconds (0.02 work units)

    Nodes    |    Current Node    |     Objective Bounds      |     Work
 Expl Unexpl |  Obj  Depth IntInf | Incumbent    BestBd   Gap | It/Node Time

     0     0 7467.60003    0   33 10172.0000 7467.60003  26.6%     -    0s
H    0     0                    9612.0000000 7467.60003  22.3%     -    0s
H    0     0                    9412.0000000 7467.60003  20.7%     -    0s
     0     0 7470.55282    0   86 9412.00000 7470.55282  20.6%     -    0s
     0     0 7471.24266    0   89 9412.00000 7471.24266  20.6%     -    0s
     0     0 7471.24266    0   92 9412.00000 7471.24266  20.6%     -    0s
H    0     0                    9392.0000000 7582.67478  19.3%     -    0s
H    0     0                    8712.0000000 7582.67478  13.0%     -    0s
H    0     0                    8652.0000000 7582.67478  12.4%     -    0s
     0     0 7582.67478    0  121 8652.00000 7582.67478  12.4%     -    0s
     0     0 7602.75865    0  144 8652.00000 7602.75865  12.1%     -    0s
     0     0 7609.57164    0  159 8652.00000 7609.57164  12.0%     -    0s
     0     0 7609.86510    0  173 8652.00000 7609.86510  12.0%     -    0s
     0     0 7610.01370    0  170 8652.00000 7610.01370  12.0%     -    0s
     0     0 7610.01743    0  171 8652.00000 7610.01743  12.0%     -    0s
H    0     0                    8232.0000000 7610.01743  7.56%     -    0s
H    0     0                    8152.0000000 7610.01743  6.65%     -    0s
     0     0 7678.77419    0  168 8152.00000 7678.77419  5.81%     -    0s
     0     0 7679.40580    0  202 8152.00000 7679.40580  5.80%     -    0s
     0     0 7681.72881    0  202 8152.00000 7681.72881  5.77%     -    0s
     0     0 7681.72881    0  215 8152.00000 7681.72881  5.77%     -    0s
H    0     0                    8060.0000000 7681.72881  4.69%     -    1s
H    0     0                    8012.0000000 7684.42828  4.09%     -    1s
     0     0 7684.42828    0  235 8012.00000 7684.42828  4.09%     -    1s
     0     0 7685.00421    0  266 8012.00000 7685.00421  4.08%     -    1s
     0     0 7687.09042    0  289 8012.00000 7687.09042  4.06%     -    1s
     0     0 7687.10588    0  306 8012.00000 7687.10588  4.06%     -    1s
H    0     0                    7932.0000000 7687.10588  3.09%     -    1s
     0     0 7692.52864    0  375 7932.00000 7692.52864  3.02%     -    1s
     0     0 7693.06201    0  348 7932.00000 7693.06201  3.01%     -    1s
     0     0 7696.44605    0  366 7932.00000 7696.44605  2.97%     -    1s
     0     0 7696.52327    0  357 7932.00000 7696.52327  2.97%     -    1s
     0     0 7696.70128    0  376 7932.00000 7696.70128  2.97%     -    2s
     0     0 7697.46581    0  374 7932.00000 7697.46581  2.96%     -    2s
     0     0 7697.46581    0  319 7932.00000 7697.46581  2.96%     -    2s
     0     0 7697.46581    0  372 7932.00000 7697.46581  2.96%     -    2s
     0     0 7697.46581    0  279 7932.00000 7697.46581  2.96%     -    2s
     0     2 7697.85050    0  207 7932.00000 7697.85050  2.95%     -    2s
H  199   183                    7910.0000000 7715.21847  2.46%   127    3s
   687   539 7825.18845   60   71 7910.00000 7718.51092  2.42%  80.0    5s
  2156  1164 7767.86402   39  279 7910.00000 7730.50936  2.27%  90.0   10s
  2174  1176 7799.81755   19  340 7910.00000 7730.50936  2.27%  89.2   15s
  2714  1292 7833.83333   34  162 7910.00000 7730.50936  2.27%   112   20s
  4567  1345 7840.15894   23   87 7910.00000 7741.36912  2.13%   115   25s
  6571  1538     cutoff   33      7910.00000 7750.24014  2.02%   115   30s
  8794  1960 7845.65881   29  227 7910.00000 7759.44219  1.90%   119   35s
 11336  2264 7826.82292   30  120 7910.00000 7776.84972  1.68%   121   40s
 13369  2527 7811.92510   39  123 7910.00000 7790.80357  1.51%   120   46s
 15499  2507 7815.43767   30  174 7910.00000 7805.56436  1.32%   120   50s
 18326  2406 7856.38292   24  140 7910.00000 7820.86994  1.13%   121   55s
*19445  2364              32    7909.0000000 7824.57473  1.07%   121   56s
 21575  2285 7857.99342   31  222 7909.00000 7831.04530  0.99%   120   61s
 24733  1775     cutoff   36      7909.00000 7840.53370  0.87%   119   66s
 26755   961 7866.18152   34  186 7909.00000 7847.83888  0.77%   118   70s

Cutting planes:
  Learned: 10
  Gomory: 13
  Cover: 451
  Implied bound: 44
  MIR: 274
  StrongCG: 41
  Flow cover: 457
  Inf proof: 1
  Zero half: 29
  Network: 3
  RLT: 15
  Relax-and-lift: 29

Explored 32469 nodes (3361655 simplex iterations) in 72.55 seconds (44.11 work units)
Thread count was 12 (of 12 available processors)

Solution count 10: 7909 7909 7910 ... 8712

Optimal solution found (tolerance 5.00e-03)
Best objective 7.909000000000e+03, best bound 7.870000000000e+03, gap 0.4931%
