
Gurobi 12.0.0 (win64) logging started Sun Feb 15 18:53:17 2026

Set parameter LogFile to value "Storage_orig/Logs/log______Sens_truck_cost_multiplier_1.25_2026_02_15_18_53_17.log"
Set parameter MIPGap to value 0.01
Set parameter OutputFlag to value 1
Gurobi Optimizer version 12.0.0 build v12.0.0rc1 (win64 - Windows 11+.0 (26200.2))

CPU model: Intel(R) Core(TM) i7-9750H CPU @ 2.60GHz, instruction set [SSE2|AVX|AVX2]
Thread count: 6 physical cores, 12 logical processors, using up to 12 threads

Non-default parameters:
MIPGap  0.01
MIPFocus  1

Optimize a model with 4170 rows, 840 columns and 11004 nonzeros
Model fingerprint: 0xca92c26b
Variable types: 18 continuous, 822 integer (570 binary)
Coefficient statistics:
  Matrix range     [2e-01, 1e+03]
  Objective range  [1e+01, 2e+03]
  Bounds range     [1e+00, 1e+00]
  RHS range        [1e+00, 1e+03]

User MIP start produced solution with objective 6097 (0.02s)
Loaded user MIP start with objective 6097

Presolve removed 2940 rows and 192 columns
Presolve time: 0.05s
Presolved: 1230 rows, 648 columns, 6453 nonzeros
Variable types: 18 continuous, 630 integer (450 binary)

Root relaxation: objective 5.742500e+03, 407 iterations, 0.03 seconds (0.01 work units)

    Nodes    |    Current Node    |     Objective Bounds      |     Work
 Expl Unexpl |  Obj  Depth IntInf | Incumbent    BestBd   Gap | It/Node Time

     0     0 5742.50003    0   31 6097.00000 5742.50003  5.81%     -    0s
     0     0 5743.00013    0   73 6097.00000 5743.00013  5.81%     -    0s
     0     0 5745.00013    0   76 6097.00000 5745.00013  5.77%     -    0s
     0     0 5785.42503    0   69 6097.00000 5785.42503  5.11%     -    0s
     0     0 5785.42503    0   59 6097.00000 5785.42503  5.11%     -    0s
     0     0 5785.42503    0   61 6097.00000 5785.42503  5.11%     -    0s
     0     0 5803.83264    0   89 6097.00000 5803.83264  4.81%     -    0s
     0     0 5834.02907    0   93 6097.00000 5834.02907  4.31%     -    0s
     0     0 5839.90906    0   99 6097.00000 5839.90906  4.22%     -    0s
     0     0 5841.26011    0   94 6097.00000 5841.26011  4.19%     -    0s
     0     0 5846.03052    0  125 6097.00000 5846.03052  4.12%     -    0s
     0     0 5848.26065    0  115 6097.00000 5848.26065  4.08%     -    0s
     0     0 5848.56659    0  118 6097.00000 5848.56659  4.07%     -    0s
     0     0 5848.56659    0  126 6097.00000 5848.56659  4.07%     -    0s
     0     0 5899.47586    0  174 6097.00000 5899.47586  3.24%     -    1s
     0     0 5905.73711    0  139 6097.00000 5905.73711  3.14%     -    1s
     0     0 5912.92186    0  163 6097.00000 5912.92186  3.02%     -    1s
     0     0 5916.46743    0  166 6097.00000 5916.46743  2.96%     -    1s
     0     0 5920.55667    0  200 6097.00000 5920.55667  2.89%     -    1s
     0     0 5921.48173    0  215 6097.00000 5921.48173  2.88%     -    1s
     0     0 5924.05185    0  232 6097.00000 5924.05185  2.84%     -    1s
     0     0 5924.91454    0  227 6097.00000 5924.91454  2.82%     -    1s
     0     0 5925.30973    0  231 6097.00000 5925.30973  2.82%     -    1s
     0     0 5926.08419    0  214 6097.00000 5926.08419  2.80%     -    1s
     0     0 5926.11656    0  216 6097.00000 5926.11656  2.80%     -    1s
     0     0 5930.80572    0  225 6097.00000 5930.80572  2.73%     -    1s
     0     0 5930.94268    0  239 6097.00000 5930.94268  2.72%     -    1s
     0     0 5931.01245    0  246 6097.00000 5931.01245  2.72%     -    1s
     0     0 5931.01537    0  250 6097.00000 5931.01537  2.72%     -    1s
     0     0 5947.68747    0  184 6097.00000 5947.68747  2.45%     -    2s
     0     0 5947.72071    0  187 6097.00000 5947.72071  2.45%     -    2s
     0     0 5947.75202    0  192 6097.00000 5947.75202  2.45%     -    2s
     0     0 5947.75202    0  196 6097.00000 5947.75202  2.45%     -    2s
     0     0 5947.76471    0   57 6097.00000 5947.76471  2.45%     -    2s
     0     2 5947.76471    0   57 6097.00000 5947.76471  2.45%     -    2s
   345   258 5966.32344    9   64 6097.00000 5948.84916  2.43%  63.1    5s
  1740  1190 5958.36252   26   68 6097.00000 5951.81250  2.38%  36.8   10s
  1890  1298 5971.50000   16  182 6097.00000 5969.75699  2.09%  49.2   15s
  4132  1373 6010.43478   39   37 6097.00000 5998.37500  1.62%  46.2   20s
  8570  1993     cutoff   27      6097.00000 6002.86466  1.54%  37.1   25s
 11814  2236 6019.89630   32   19 6097.00000 6004.75982  1.51%  39.9   30s
 14163  2312 6014.35417   38   72 6097.00000 6005.91667  1.49%  41.7   35s
 18497  2370 6080.86451   35   95 6097.00000 6010.17952  1.42%  40.5   40s
 20995  2575 infeasible   32      6097.00000 6011.01575  1.41%  39.9   46s
 21359  2623     cutoff   31      6097.00000 6011.06444  1.41%  39.9   50s
 23216  2804     cutoff   25      6097.00000 6012.06667  1.39%  39.6   58s
 24123  2778 infeasible   39      6097.00000 6012.06667  1.39%  39.7   62s
 25068  2795     cutoff   42      6097.00000 6012.19804  1.39%  39.7   68s
 26058  2807 6015.06304   31   42 6097.00000 6013.08718  1.38%  39.8   72s
 27004  2871     cutoff   33      6097.00000 6013.59994  1.37%  39.9   78s
 27824  2880 6077.50000   24  107 6097.00000 6013.59994  1.37%  40.3   82s
 28822  3118 infeasible   31      6097.00000 6014.13333  1.36%  40.5   88s
 30195  3346 6018.40000   32   22 6097.00000 6014.90027  1.35%  40.0   93s
 31518  3411 infeasible   30      6097.00000 6015.00000  1.34%  39.6   99s
 32287  3455 infeasible   35      6097.00000 6015.22686  1.34%  39.5  104s
 33509  3690 6048.45930   39   85 6097.00000 6015.33333  1.34%  39.6  106s
 36052  3822     cutoff   39      6097.00000 6015.61939  1.33%  39.3  114s
 37238  3847 infeasible   32      6097.00000 6015.75000  1.33%  39.2  118s
 39880  4081 6016.55556   31   40 6097.00000 6016.31250  1.32%  39.2  121s
 42347  4228 6025.76661   41   58 6097.00000 6016.93505  1.31%  39.0  126s
 43488  4316     cutoff   34      6097.00000 6017.55375  1.30%  38.9  132s
 44915  4313 6019.00000   33   35 6097.00000 6017.66667  1.30%  38.7  138s
 45950  4463 6019.52962   33   45 6097.00000 6017.66667  1.30%  39.0  145s
 47001  4682 6027.47568   29  144 6097.00000 6018.25000  1.29%  39.0  151s
 47941  5047 6022.66515   34   72 6097.00000 6018.38619  1.29%  38.9  156s
 49468  5415 6053.68750   31   81 6097.00000 6018.60000  1.29%  38.7  162s
 51031  5650 6087.08333   37   54 6097.00000 6018.60000  1.29%  38.6  168s
 52450  5773 6082.23996   35   83 6097.00000 6018.84573  1.28%  38.5  174s
 53060  6031 6041.52144   40   88 6097.00000 6018.96639  1.28%  38.4  179s
 54483  6237 6023.53394   31  144 6097.00000 6019.22222  1.28%  38.4  185s
 55534  6513 6094.41667   48   81 6097.00000 6019.26473  1.27%  38.2  192s
 56878  6885 infeasible   33      6097.00000 6019.26749  1.27%  38.1  198s
 58578  7109 6038.06000   31   82 6097.00000 6019.55643  1.27%  37.7  203s
 59793  7350     cutoff   39      6097.00000 6019.81270  1.27%  37.5  209s
 61142  7465 6024.29323   28   75 6097.00000 6019.83728  1.27%  37.3  214s
 62078  7578 6082.91667   32   62 6097.00000 6020.00000  1.26%  37.3  219s
 63017  7945 infeasible   28      6097.00000 6020.13165  1.26%  37.4  224s
 64580  8137 6021.32157   31   81 6097.00000 6020.41360  1.26%  37.0  231s
 65228  8627 6040.19186   39   70 6097.00000 6020.41615  1.26%  36.9  236s
 66923  9045 6033.79612   35   93 6097.00000 6020.44099  1.26%  36.5  242s
 71597 10250 6030.53846   37   79 6097.00000 6020.91941  1.25%  35.5  246s
 73892 11165 6031.22500   36   61 6097.00000 6021.13406  1.24%  35.3  253s
 75644 11444 6030.95385   41   39 6097.00000 6021.28539  1.24%  35.0  258s
 76792 11626 6073.00962   48  112 6097.00000 6021.32157  1.24%  34.8  262s
 77896 11634 6035.71393   40  120 6097.00000 6021.34642  1.24%  34.7  269s
 77985 11914 6038.22369   41  102 6097.00000 6021.40000  1.24%  34.7  273s
 79150 12193 6081.27307   34   17 6097.00000 6021.54251  1.24%  34.5  277s
 80394 12822 6024.26667   33   79 6097.00000 6021.55999  1.24%  34.4  282s
 82302 13174     cutoff   45      6097.00000 6021.76700  1.23%  34.0  286s
 83687 13454 6053.84615   40   57 6097.00000 6021.79469  1.23%  33.8  291s
 85015 14387 6041.66667   28  116 6097.00000 6021.93878  1.23%  33.6  295s
 90755 15426 6032.50000   24   55 6097.00000 6022.33333  1.22%  32.9  300s
 92949 16079 6030.53846   43   66 6097.00000 6022.36908  1.22%  33.5  305s
 98937 17639 6027.99323   35  102 6097.00000 6022.53543  1.22%  32.8  313s
 99788 17872     cutoff   41      6097.00000 6022.70400  1.22%  32.8  318s
 100718 18109 6027.00000   39   27 6097.00000 6022.70599  1.22%  32.7  321s
 101197 18356     cutoff   36      6097.00000 6022.70889  1.22%  32.7  325s
 104047 19144     cutoff   46      6097.00000 6022.98440  1.21%  32.3  332s
 105287 19348     cutoff   37      6097.00000 6023.05616  1.21%  32.3  336s
 106329 20086 6030.23333   34   62 6097.00000 6023.11225  1.21%  32.2  340s
 109237 20897 6025.27912   33   72 6097.00000 6023.15363  1.21%  31.9  348s
 111094 21173     cutoff   48      6097.00000 6023.28718  1.21%  31.7  353s
 112397 21301 6023.35796   32  131 6097.00000 6023.32189  1.21%  31.6  357s
 113692 21465 6079.98208   39  114 6097.00000 6023.46046  1.21%  31.5  362s
 114376 21776 6028.22939   30   72 6097.00000 6023.58343  1.20%  31.5  367s
 115748 22698 6060.55643   46  126 6097.00000 6023.66421  1.20%  31.4  372s
 118567 22897 6023.99216   36   51 6097.00000 6023.84869  1.20%  31.0  377s
 119816 23600 6030.46605   34   80 6097.00000 6023.86117  1.20%  30.9  380s
 123030 23838 6086.31447   32   62 6097.00000 6023.99768  1.20%  30.6  388s
 124184 24020 6075.53846   43   62 6097.00000 6024.17333  1.19%  30.5  392s
 125273 24260 6065.98827   41  121 6097.00000 6024.22596  1.19%  30.5  396s
 128404 25118 infeasible   32      6097.00000 6024.50873  1.19%  30.2  401s
 132726 26365 6053.12088   58   67 6097.00000 6024.67435  1.19%  29.8  405s
 139634 28071 6025.28571   35   43 6097.00000 6024.88029  1.18%  29.2  410s
 141181 28326 6027.41450   35   97 6097.00000 6024.91620  1.18%  29.2  415s
 145586 28967 6033.82517   49   50 6097.00000 6025.18333  1.18%  29.2  420s
 149623 29580 6034.80984   40  111 6097.00000 6025.44699  1.17%  29.0  426s
 151245 29633 6034.80984   42  109 6097.00000 6025.53333  1.17%  29.0  430s
 158509 30698 6035.54545   33   62 6097.00000 6026.26065  1.16%  28.9  436s
 164532 31993 6082.18710   45   37 6097.00000 6026.41541  1.16%  28.4  440s
 170807 33245 6083.08376   43  121 6097.00000 6026.76471  1.15%  28.2  445s
 177618 34985 6046.76219   30  115 6097.00000 6027.04674  1.15%  27.9  450s
 182701 36013 infeasible   38      6097.00000 6027.33826  1.14%  27.8  455s
 190161 37359     cutoff   40      6097.00000 6027.66667  1.14%  27.5  460s
 196111 38192     cutoff   36      6097.00000 6027.95152  1.13%  27.4  465s
 199950 38406 6090.14380   37   47 6097.00000 6028.29412  1.13%  27.5  470s
 206178 40501 6030.53846   38   80 6097.00000 6028.46667  1.12%  27.2  475s
 211977 40938     cutoff   42      6097.00000 6028.77967  1.12%  27.1  480s
 219028 41927     cutoff   37      6097.00000 6029.12500  1.11%  27.0  485s
 224259 42507     cutoff   39      6097.00000 6029.39581  1.11%  26.9  491s
 229782 43662 6040.06378   44   92 6097.00000 6029.91900  1.10%  26.9  496s
 234206 44045 6044.78205   37  101 6097.00000 6030.19746  1.10%  26.8  500s
 242468 46828 6039.48656   50   46 6097.00000 6030.53846  1.09%  26.4  505s
 253146 50144 infeasible   44      6097.00000 6030.53846  1.09%  25.6  510s
 259474 51982 6046.32308   50   57 6097.00000 6030.53846  1.09%  25.2  526s
 259479 51985 6033.70828   34  170 6097.00000 6030.53846  1.09%  25.2  530s
 259493 51995 6051.25918   50  188 6097.00000 6030.53846  1.09%  25.2  535s
 259499 51999 6040.86364   43  249 6097.00000 6030.53846  1.09%  25.2  540s
 259504 52002 6046.06080   44   89 6097.00000 6030.53846  1.09%  25.2  546s
 259532 52040 6030.53846   29  160 6097.00000 6030.53846  1.09%  25.3  550s
 260172 52116     cutoff   59      6097.00000 6030.53846  1.09%  25.4  555s
 261684 52351 6030.53846   36  142 6097.00000 6030.53846  1.09%  25.5  560s
 262304 52385 6065.66667   41   63 6097.00000 6030.53846  1.09%  25.5  565s
 263463 52387     cutoff   46      6097.00000 6030.53846  1.09%  25.6  570s
 264440 52372 infeasible   47      6097.00000 6030.53846  1.09%  25.6  576s
 265039 52315 6030.53846   49   49 6097.00000 6030.53846  1.09%  25.6  580s
 266300 52232 infeasible   60      6097.00000 6030.53846  1.09%  25.7  586s
 267314 52158     cutoff   58      6097.00000 6030.53846  1.09%  25.7  591s
 268456 52199 6030.53846   49   52 6097.00000 6030.53846  1.09%  25.8  595s
 269823 52109 infeasible   47      6097.00000 6030.53846  1.09%  25.8  601s
 270588 52073 6030.53846   48   77 6097.00000 6030.53846  1.09%  25.8  606s
 271702 52325 6030.53846   46   90 6097.00000 6030.53846  1.09%  25.9  610s
 273508 51913 6030.53846   45   76 6097.00000 6030.53846  1.09%  25.8  615s
 274385 51809 infeasible   48      6097.00000 6030.53846  1.09%  25.9  622s
 275878 51474 6030.53846   54   24 6097.00000 6030.53846  1.09%  25.9  627s
 276964 51132 6030.53846   46   93 6097.00000 6030.53846  1.09%  26.0  632s
 277693 51001     cutoff   40      6097.00000 6030.53846  1.09%  26.0  637s
 278663 50841 6030.53846   46  130 6097.00000 6030.53846  1.09%  26.1  641s
 279472 50654 6030.53846   47   70 6097.00000 6030.53846  1.09%  26.1  645s
 280162 50434     cutoff   53      6097.00000 6030.53846  1.09%  26.1  650s
 281257 50009 6033.72747   60  115 6097.00000 6030.53846  1.09%  26.2  657s
 282103 49704     cutoff   53      6097.00000 6030.53846  1.09%  26.2  663s
 282706 49423 6030.53846   52   63 6097.00000 6030.53846  1.09%  26.2  667s
 283887 49096 6030.53846   48   41 6097.00000 6030.53846  1.09%  26.3  672s
 285067 48801 infeasible   56      6097.00000 6030.53846  1.09%  26.3  677s
 286261 48545 6030.53846   56   44 6097.00000 6030.53846  1.09%  26.4  682s
 286971 48627     cutoff   57      6097.00000 6030.53846  1.09%  26.4  687s
 288107 48442 6030.53846   45   48 6097.00000 6030.53846  1.09%  26.4  692s
 289157 48321 6065.12000   42   57 6097.00000 6030.53846  1.09%  26.5  698s
 290218 48160 6030.53846   40   51 6097.00000 6030.53846  1.09%  26.6  703s
 291078 47957 6073.18908   48  109 6097.00000 6030.53846  1.09%  26.7  711s
 291831 47840 6065.10909   45   69 6097.00000 6030.53846  1.09%  26.8  717s
 293023 47468 6030.53846   46   98 6097.00000 6030.53846  1.09%  26.9  723s
 294098 47143     cutoff   45      6097.00000 6030.53846  1.09%  27.0  729s
 295123 46795     cutoff   50      6097.00000 6030.53846  1.09%  27.1  735s
 296263 46435 6067.31765   40   57 6097.00000 6030.53846  1.09%  27.2  743s
 296946 46566 6030.53846   47   46 6097.00000 6030.53846  1.09%  27.3  752s
 299021 46119 6030.53846   52   78 6097.00000 6030.53846  1.09%  27.4  759s
 300390 45853     cutoff   49      6097.00000 6030.53846  1.09%  27.5  767s
 301326 45733 infeasible   46      6097.00000 6030.53846  1.09%  27.6  775s
 302582 45517 6030.53846   51  109 6097.00000 6030.53846  1.09%  27.7  781s
 303834 45124 6060.45342   51   34 6097.00000 6030.53846  1.09%  27.9  788s
 305038 44725 6079.00000   46   55 6097.00000 6030.53846  1.09%  28.0  797s
 306064 44366 6030.53846   50  113 6097.00000 6030.53846  1.09%  28.2  803s
 307047 44014 6065.76332   46  119 6097.00000 6030.53846  1.09%  28.3  808s
 308039 43676 6079.00000   43   57 6097.00000 6030.53846  1.09%  28.4  810s
 310109 42924 infeasible   48      6097.00000 6030.53846  1.09%  28.8  815s
