
Gurobi 12.0.0 (win64) logging started Sun Feb 15 18:52:32 2026

Set parameter LogFile to value "Storage_orig/Logs/log______Sens_truck_cost_multiplier_0.75_2026_02_15_18_52_32.log"
Set parameter MIPGap to value 0.01
Set parameter OutputFlag to value 1
Gurobi Optimizer version 12.0.0 build v12.0.0rc1 (win64 - Windows 11+.0 (26200.2))

CPU model: Intel(R) Core(TM) i7-9750H CPU @ 2.60GHz, instruction set [SSE2|AVX|AVX2]
Thread count: 6 physical cores, 12 logical processors, using up to 12 threads

Non-default parameters:
MIPGap  0.01
MIPFocus  1

Optimize a model with 4170 rows, 840 columns and 11004 nonzeros
Model fingerprint: 0xde661ff7
Variable types: 18 continuous, 822 integer (570 binary)
Coefficient statistics:
  Matrix range     [2e-01, 1e+03]
  Objective range  [1e+01, 2e+03]
  Bounds range     [1e+00, 1e+00]
  RHS range        [1e+00, 1e+03]
Found heuristic solution: objective 14175.000000
Presolve removed 2940 rows and 192 columns
Presolve time: 0.05s
Presolved: 1230 rows, 648 columns, 6453 nonzeros
Variable types: 18 continuous, 630 integer (450 binary)

Root relaxation: objective 5.192500e+03, 407 iterations, 0.03 seconds (0.01 work units)

    Nodes    |    Current Node    |     Objective Bounds      |     Work
 Expl Unexpl |  Obj  Depth IntInf | Incumbent    BestBd   Gap | It/Node Time

     0     0 5192.50003    0   31 14175.0000 5192.50003  63.4%     -    0s
H    0     0                    14104.000000 5192.50003  63.2%     -    0s
H    0     0                    13384.000000 5192.50003  61.2%     -    0s
H    0     0                    12320.000000 5192.50003  57.9%     -    0s
H    0     0                    11870.000000 5192.50003  56.3%     -    0s
H    0     0                    11614.000000 5193.00012  55.3%     -    0s
H    0     0                    10550.000000 5193.00012  50.8%     -    0s
H    0     0                    10100.000000 5193.00012  48.6%     -    0s
H    0     0                    9995.0000000 5193.00012  48.0%     -    0s
     0     0 5193.00012    0   67 9995.00000 5193.00012  48.0%     -    0s
     0     0 5193.14286    0   78 9995.00000 5193.14286  48.0%     -    0s
     0     0 5199.82262    0   58 9995.00000 5199.82262  48.0%     -    0s
     0     0 5199.82262    0   60 9995.00000 5199.82262  48.0%     -    0s
     0     0 5278.83621    0   98 9995.00000 5278.83621  47.2%     -    0s
H    0     0                    9029.0000000 5278.83621  41.5%     -    0s
H    0     0                    8564.0000000 5278.83621  38.4%     -    0s
     0     0 5293.86126    0  130 8564.00000 5293.86126  38.2%     -    0s
     0     0 5299.49093    0  119 8564.00000 5299.49093  38.1%     -    0s
     0     0 5299.97836    0  119 8564.00000 5299.97836  38.1%     -    0s
     0     0 5300.34615    0  125 8564.00000 5300.34615  38.1%     -    0s
     0     0 5300.34615    0  126 8564.00000 5300.34615  38.1%     -    0s
H    0     0                    8442.0000000 5300.34615  37.2%     -    1s
H    0     0                    6627.0000000 5300.34615  20.0%     -    1s
H    0     0                    5487.0000000 5329.62450  2.87%     -    1s
     0     0 5329.62450    0  173 5487.00000 5329.62450  2.87%     -    1s
     0     0 5344.09857    0  186 5487.00000 5344.09857  2.60%     -    1s
     0     0 5356.43044    0  193 5487.00000 5356.43044  2.38%     -    1s
     0     0 5360.83155    0  210 5487.00000 5360.83155  2.30%     -    1s
     0     0 5363.33297    0  224 5487.00000 5363.33297  2.25%     -    1s
     0     0 5372.23555    0  214 5487.00000 5372.23555  2.09%     -    1s
     0     0 5373.81583    0  214 5487.00000 5373.81583  2.06%     -    1s
     0     0 5382.29185    0  215 5487.00000 5382.29185  1.91%     -    1s
     0     0 5382.29185    0  235 5487.00000 5382.29185  1.91%     -    1s
     0     0 5392.66258    0  225 5487.00000 5392.66258  1.72%     -    1s
     0     0 5396.88171    0  194 5487.00000 5396.88171  1.64%     -    2s
     0     0 5397.69857    0  204 5487.00000 5397.69857  1.63%     -    2s
     0     0 5398.01255    0  204 5487.00000 5398.01255  1.62%     -    2s
     0     0 5398.19697    0  216 5487.00000 5398.19697  1.62%     -    2s
     0     0 5398.30931    0  236 5487.00000 5398.30931  1.62%     -    2s
     0     0 5398.40481    0  217 5487.00000 5398.40481  1.61%     -    2s
     0     0 5398.44444    0  227 5487.00000 5398.44444  1.61%     -    2s
     0     0 5398.44444    0  203 5487.00000 5398.44444  1.61%     -    2s
     0     0 5398.44444    0  153 5487.00000 5398.44444  1.61%     -    2s
     0     0 5398.44444    0   27 5487.00000 5398.44444  1.61%     -    3s
     0     0 5398.44444    0   63 5487.00000 5398.44444  1.61%     -    3s
     0     0 5398.44444    0  104 5487.00000 5398.44444  1.61%     -    3s
     0     0 5398.44444    0  117 5487.00000 5398.44444  1.61%     -    3s
     0     0 5398.44444    0  140 5487.00000 5398.44444  1.61%     -    3s
     0     0 5398.44444    0  145 5487.00000 5398.44444  1.61%     -    3s
     0     0 5398.44444    0  163 5487.00000 5398.44444  1.61%     -    3s
     0     0 5398.44444    0  146 5487.00000 5398.44444  1.61%     -    3s
     0     0 5398.44444    0  157 5487.00000 5398.44444  1.61%     -    3s
     0     0 5398.44444    0  137 5487.00000 5398.44444  1.61%     -    3s
     0     0 5398.44444    0  138 5487.00000 5398.44444  1.61%     -    3s
     0     0 5398.44444    0  126 5487.00000 5398.44444  1.61%     -    3s
     0     0 5398.44444    0  140 5487.00000 5398.44444  1.61%     -    3s
     0     0 5398.44444    0  152 5487.00000 5398.44444  1.61%     -    3s
     0     0 5398.44444    0  157 5487.00000 5398.44444  1.61%     -    3s
     0     0 5398.44444    0  162 5487.00000 5398.44444  1.61%     -    3s
     0     0 5398.44444    0  160 5487.00000 5398.44444  1.61%     -    3s
     0     0 5398.44444    0  168 5487.00000 5398.44444  1.61%     -    3s
     0     0 5398.44444    0  208 5487.00000 5398.44444  1.61%     -    4s
     0     0 5405.56154    0  203 5487.00000 5405.56154  1.48%     -    4s
     0     0 5406.21684    0  216 5487.00000 5406.21684  1.47%     -    4s
     0     0 5406.62016    0  188 5487.00000 5406.62016  1.46%     -    4s
     0     0 5406.62016    0  189 5487.00000 5406.62016  1.46%     -    4s
     0     0 5410.00000    0  190 5487.00000 5410.00000  1.40%     -    4s
     0     0 5410.00000    0  180 5487.00000 5410.00000  1.40%     -    4s
     0     0 5410.00000    0  200 5487.00000 5410.00000  1.40%     -    4s
     0     0 5410.00000    0  192 5487.00000 5410.00000  1.40%     -    4s
     0     0 5410.00000    0  126 5487.00000 5410.00000  1.40%     -    5s
     0     2 5410.00000    0  126 5487.00000 5410.00000  1.40%     -    5s

Cutting planes:
  Learned: 14
  Gomory: 2
  Cover: 162
  Implied bound: 2
  Clique: 35
  MIR: 195
  StrongCG: 13
  Flow cover: 78
  Zero half: 3
  Network: 4
  RLT: 5
  Relax-and-lift: 14

Explored 3594 nodes (101442 simplex iterations) in 10.05 seconds (2.82 work units)
Thread count was 12 (of 12 available processors)

Solution count 10: 5487 6627 8442 ... 11870

Optimal solution found (tolerance 1.00e-02)
Best objective 5.487000000000e+03, best bound 5.433000000000e+03, gap 0.9841%
