
Gurobi 12.0.0 (win64) logging started Tue Feb 17 01:38:14 2026

Set parameter LogFile to value "Storage_orig/Logs/log______Sens_handling_time_1_2026_02_17_01_38_14.log"
Set parameter MIPGap to value 0.01
Set parameter OutputFlag to value 1
Set parameter TimeLimit to value 600
Gurobi Optimizer version 12.0.0 build v12.0.0rc1 (win64 - Windows 11+.0 (26200.2))

CPU model: Intel(R) Core(TM) i7-9750H CPU @ 2.60GHz, instruction set [SSE2|AVX|AVX2]
Thread count: 6 physical cores, 12 logical processors, using up to 12 threads

Non-default parameters:
TimeLimit  600
MIPGap  0.01
MIPFocus  1

Optimize a model with 4170 rows, 840 columns and 11004 nonzeros
Model fingerprint: 0xb6606e74
Variable types: 18 continuous, 822 integer (570 binary)
Coefficient statistics:
  Matrix range     [1e+00, 1e+03]
  Objective range  [1e+01, 2e+03]
  Bounds range     [1e+00, 1e+00]
  RHS range        [1e+00, 1e+03]
Found heuristic solution: objective 18900.000000
Presolve removed 2940 rows and 192 columns
Presolve time: 0.02s
Presolved: 1230 rows, 648 columns, 6453 nonzeros
Variable types: 18 continuous, 630 integer (450 binary)

Root relaxation: objective 5.517500e+03, 407 iterations, 0.01 seconds (0.01 work units)

    Nodes    |    Current Node    |     Objective Bounds      |     Work
 Expl Unexpl |  Obj  Depth IntInf | Incumbent    BestBd   Gap | It/Node Time

     0     0 5517.50003    0   37 18900.0000 5517.50003  70.8%     -    0s
H    0     0                    15074.000000 5517.50003  63.4%     -    0s
H    0     0                    14734.000000 5517.50003  62.6%     -    0s
H    0     0                    13056.000000 5517.50003  57.7%     -    0s
H    0     0                    12976.000000 5518.00013  57.5%     -    0s
     0     0 5518.00013    0   71 12976.0000 5518.00013  57.5%     -    0s
H    0     0                    12881.000000 5518.45458  57.2%     -    0s
H    0     0                    12341.000000 5518.45458  55.3%     -    0s
H    0     0                    12061.000000 5518.45458  54.2%     -    0s
     0     0 5518.45458    0   56 12061.0000 5518.45458  54.2%     -    0s
     0     0 5535.37348    0   38 12061.0000 5535.37348  54.1%     -    0s
     0     0 5535.37348    0   50 12061.0000 5535.37348  54.1%     -    0s
     0     0 5599.41254    0   72 12061.0000 5599.41254  53.6%     -    0s
     0     0 5602.39649    0   98 12061.0000 5602.39649  53.5%     -    0s
H    0     0                    11037.000000 5605.98707  49.2%     -    0s
     0     0 5605.98707    0  109 11037.0000 5605.98707  49.2%     -    0s
     0     0 5606.37024    0  112 11037.0000 5606.37024  49.2%     -    0s
     0     0 5610.58937    0  111 11037.0000 5610.58937  49.2%     -    0s
     0     0 5611.02357    0  104 11037.0000 5611.02357  49.2%     -    0s
     0     0 5611.07124    0  105 11037.0000 5611.07124  49.2%     -    0s
     0     0 5611.07124    0  110 11037.0000 5611.07124  49.2%     -    0s
H    0     0                    10897.000000 5611.07124  48.5%     -    0s
     0     0 5645.15025    0  122 10897.0000 5645.15025  48.2%     -    0s
H    0     0                    10197.000000 5653.49516  44.6%     -    0s
     0     0 5653.49516    0  134 10197.0000 5653.49516  44.6%     -    0s
H    0     0                    10158.000000 5660.73407  44.3%     -    0s
     0     0 5660.73407    0  157 10158.0000 5660.73407  44.3%     -    0s
     0     0 5667.10705    0  193 10158.0000 5667.10705  44.2%     -    0s
     0     0 5669.16743    0  209 10158.0000 5669.16743  44.2%     -    0s
     0     0 5670.48682    0  221 10158.0000 5670.48682  44.2%     -    0s
     0     0 5672.14976    0  208 10158.0000 5672.14976  44.2%     -    0s
     0     0 5676.99311    0  166 10158.0000 5676.99311  44.1%     -    0s
     0     0 5686.10162    0  185 10158.0000 5686.10162  44.0%     -    0s
     0     0 5686.24057    0  202 10158.0000 5686.24057  44.0%     -    0s
     0     0 5686.81825    0  202 10158.0000 5686.81825  44.0%     -    0s
     0     0 5687.32358    0  211 10158.0000 5687.32358  44.0%     -    0s
     0     0 5688.02224    0  220 10158.0000 5688.02224  44.0%     -    0s
     0     0 5688.03181    0  227 10158.0000 5688.03181  44.0%     -    0s
H    0     0                    10098.000000 5688.03181  43.7%     -    0s
H    0     0                    9958.0000000 5688.03181  42.9%     -    0s
     0     0 5698.85253    0  197 9958.00000 5698.85253  42.8%     -    0s
H    0     0                    9358.0000000 5702.85864  39.1%     -    0s
H    0     0                    8902.0000000 5702.85864  35.9%     -    0s
H    0     0                    8702.0000000 5702.85864  34.5%     -    0s
H    0     0                    8402.0000000 5702.85864  32.1%     -    0s
H    0     0                    7562.0000000 5702.85864  24.6%     -    0s
H    0     0                    7502.0000000 5702.85864  24.0%     -    0s
     0     0 5702.85864    0  207 7502.00000 5702.85864  24.0%     -    0s
H    0     0                    7362.0000000 5705.54285  22.5%     -    0s
     0     0 5705.54285    0  223 7362.00000 5705.54285  22.5%     -    0s
     0     0 5706.75269    0  209 7362.00000 5706.75269  22.5%     -    1s
H    0     0                    7162.0000000 5709.67306  20.3%     -    1s
     0     0 5709.67306    0  208 7162.00000 5709.67306  20.3%     -    1s
H    0     0                    7082.0000000 5719.79260  19.2%     -    1s
H    0     0                    6882.0000000 5719.79260  16.9%     -    1s
     0     0 5719.79260    0  200 6882.00000 5719.79260  16.9%     -    1s
     0     0 5724.00000    0  190 6882.00000 5724.00000  16.8%     -    1s
     0     0 5724.33333    0  182 6882.00000 5724.33333  16.8%     -    1s
     0     0 5724.38333    0  200 6882.00000 5724.38333  16.8%     -    1s
     0     0 5726.00000    0  220 6882.00000 5726.00000  16.8%     -    1s
     0     0 5726.04114    0  211 6882.00000 5726.04114  16.8%     -    1s
     0     0 5726.33333    0  181 6882.00000 5726.33333  16.8%     -    1s
     0     0 5726.33333    0  184 6882.00000 5726.33333  16.8%     -    1s
     0     0 5726.33333    0   86 6882.00000 5726.33333  16.8%     -    1s
     0     2 5726.33333    0   52 6882.00000 5726.33333  16.8%     -    1s
H  319   293                    6846.0000000 5728.50000  16.3%  80.5    3s
H  360   324                    6810.0000000 5728.50000  15.9%  78.4    3s
H  483   428                    6670.0000000 5728.50000  14.1%  65.2    3s
   655   549 infeasible   39      6670.00000 5728.50000  14.1%  61.4    5s
  1557  1144 5782.69231   14  186 6670.00000 5728.72055  14.1%  56.2   10s
H 1683  1181                    6610.0000000 5728.72055  13.3%  76.8   12s
H 1740  1161                    6550.0000000 5728.72055  12.5%  77.3   12s
H 1834  1176                    6530.0000000 5728.72055  12.3%  76.7   13s
H 1835  1125                    6470.0000000 5728.72055  11.5%  76.6   13s
  2218  1375 5868.77913   42   83 6470.00000 5728.72055  11.5%  72.0   15s
  2939  1688 6201.64220   64   90 6470.00000 5730.02917  11.4%  73.4   20s
H 4035  2089                    6431.0000000 5731.65238  10.9%  76.5   24s
  4355  2347 infeasible   43      6431.00000 5743.94000  10.7%  76.8   25s
H 4891  2628                    6371.0000000 5749.70393  9.75%  76.6   25s
H 4958  2541                    6291.0000000 5749.70393  8.60%  76.3   25s
  7889  4679 5856.84130   35   88 6291.00000 5766.19983  8.34%  73.3   30s
H 7983  4451                    6211.0000000 5766.19983  7.16%  73.4   30s
 11745  7433 5821.96715   53  189 6211.00000 5768.24944  7.13%  69.0   35s
 15953  9995 infeasible   48      6211.00000 5769.90479  7.10%  67.0   40s
 20491 12967 5984.02636   48  132 6211.00000 5771.04977  7.08%  64.2   45s
 22874 15062 5784.65902   36  154 6211.00000 5771.08480  7.08%  64.5   50s
 26879 17796 5779.19208   39  177 6211.00000 5771.24400  7.08%  63.1   55s
 31609 21258 6062.12062   59  153 6211.00000 5771.55800  7.08%  62.0   60s
H33829 20954                    6172.0000000 5771.56491  6.49%  61.0   61s
 36467 23571 infeasible   66      6172.00000 5771.72203  6.49%  60.8   66s
 40305 26224 6030.20990   66  142 6172.00000 5771.74560  6.49%  60.8   70s
 45173 29349 5989.63981   65  178 6172.00000 5772.36715  6.47%  60.1   75s
 48857 31515 5976.94625   65  146 6172.00000 5772.76458  6.47%  60.1   81s
 52723 34305 6105.54524   65  157 6172.00000 5773.09748  6.46%  60.3   85s
 58567 37565 5868.18675   43  124 6172.00000 5773.49909  6.46%  59.3   91s
 63202 40578 5861.26566   40  173 6172.00000 5773.81514  6.45%  59.6   96s
 66173 42643     cutoff   65      6172.00000 5773.95430  6.45%  59.6  100s
 71286 45659 5815.70031   43  163 6172.00000 5774.27056  6.44%  59.6  105s
 74650 48219 5811.89959   50  153 6172.00000 5774.42316  6.44%  59.7  110s
 80316 51363 5787.99842   37  128 6172.00000 5774.52175  6.44%  58.9  115s
 84759 54437 5805.17010   44  196 6172.00000 5774.79722  6.44%  59.1  120s
 89281 56687 6116.95660   58  156 6172.00000 5774.86415  6.43%  59.3  125s
 93820 59797 5775.14425   37  181 6172.00000 5775.12226  6.43%  59.2  130s
 98864 62779 5798.92118   43  169 6172.00000 5775.31218  6.43%  59.2  135s
 104541 66338 5794.40613   50  171 6172.00000 5775.57761  6.42%  58.7  140s
 110875 70485 6056.67386   53   95 6172.00000 5775.91984  6.42%  58.3  146s
 115833 73399 5788.45416   41   61 6172.00000 5776.03694  6.42%  58.1  150s
 120571 76562     cutoff   45      6172.00000 5776.14946  6.41%  57.9  155s
 126030 80415 6059.68597   80   53 6172.00000 5776.24552  6.41%  57.8  161s
 130223 82950 6003.64446   56   98 6172.00000 5776.29602  6.41%  57.6  165s
 136108 86781 5861.53266   40  176 6172.00000 5776.44958  6.41%  57.3  170s
 138886 88310 5903.99746   40  132 6172.00000 5776.55889  6.41%  57.4  175s
 143127 90972 infeasible   50      6172.00000 5776.75232  6.40%  57.6  180s
 147095 93941 5818.66333   50   86 6172.00000 5776.86192  6.40%  57.5  185s
 153162 96901     cutoff   88      6172.00000 5777.10070  6.40%  57.4  191s
 157387 99520 5966.36475   47  135 6172.00000 5777.25088  6.40%  57.7  196s
 161251 101967 5869.85616   42   59 6172.00000 5777.29300  6.40%  57.7  200s
 165708 104970 5812.51578   50  176 6172.00000 5777.34753  6.39%  57.7  205s
 172254 108689 infeasible   48      6172.00000 5777.36842  6.39%  57.5  210s
 176425 111629 6061.00000   61   46 6172.00000 5777.45328  6.39%  57.5  215s
 181999 114811 5789.95791   54  198 6172.00000 5777.55526  6.39%  57.3  220s
 185708 116719 5856.98172   41   93 6172.00000 5777.61000  6.39%  57.3  225s
 188708 119192 infeasible   51      6172.00000 5777.68594  6.39%  57.4  230s
 193626 121688 infeasible   68      6172.00000 5777.75610  6.39%  57.5  235s
 199542 124815 infeasible   52      6172.00000 5777.90091  6.39%  57.5  241s
 202650 127091 5777.94359   36  111 6172.00000 5777.94359  6.38%  57.5  245s
 208188 130173 5890.73022   52  141 6172.00000 5778.04080  6.38%  57.4  250s
 214205 133560 5898.51555   44  182 6172.00000 5778.23304  6.38%  57.3  256s
 218215 136588 5887.40488   44  169 6172.00000 5778.36117  6.38%  57.3  261s
 223292 138989 5802.36163   35  173 6172.00000 5778.45937  6.38%  57.2  266s
 225573 140415 5794.89653   44  183 6172.00000 5778.48792  6.38%  57.4  270s
 228272 141711 5892.55017   50  192 6172.00000 5778.51501  6.38%  57.5  276s
 230913 143673 5919.86203   36  210 6172.00000 5778.58189  6.37%  57.7  280s
 235178 145994 5861.98649   35  178 6172.00000 5778.70332  6.37%  57.8  285s
 240544 149130 5971.90417   44  118 6172.00000 5778.76286  6.37%  57.6  290s
 244919 152029     cutoff   44      6172.00000 5778.80702  6.37%  57.7  295s
 248656 154256 5894.62596   43  134 6172.00000 5778.86651  6.37%  57.7  300s
 252865 156556 5887.38538   55  144 6172.00000 5778.96604  6.37%  57.7  305s
 257165 159276 5979.04678   40  136 6172.00000 5779.08018  6.37%  57.8  311s
 260459 161063 6022.40836   60  172 6172.00000 5779.14781  6.37%  57.8  316s
 263505 162432     cutoff   61      6172.00000 5779.24921  6.36%  57.8  321s
 266043 164527 6165.06579   61  119 6172.00000 5779.28997  6.36%  57.9  325s
 269818 166636 5863.10556   56  165 6172.00000 5779.31085  6.36%  57.9  330s
 275227 169356 5792.00000   40   65 6172.00000 5779.44606  6.36%  57.9  335s
 279064 172108 5881.76902   32  172 6172.00000 5779.55200  6.36%  58.1  340s
 282943 174590 5911.42734   48  170 6172.00000 5779.64777  6.36%  58.2  345s
 288356 177251 5796.55341   40  138 6172.00000 5779.77046  6.35%  58.2  351s
 291936 179531 5782.78682   34   94 6172.00000 5779.80747  6.35%  58.1  355s
 295409 182413 5847.74851   35  176 6172.00000 5779.87992  6.35%  58.3  360s
 301448 185097 5986.56032   65   79 6172.00000 5780.00254  6.35%  58.2  365s
 303863 186405 5976.70792   45  167 6172.00000 5780.05064  6.35%  58.3  371s
 307156 188255 5832.36099   59  199 6172.00000 5780.09281  6.35%  58.4  375s
 310252 190200 5836.06821   48  201 6172.00000 5780.14821  6.35%  58.5  380s
 314946 193037 5792.95443   43  172 6172.00000 5780.21924  6.35%  58.6  386s
 319369 195468 5907.90193   44  133 6172.00000 5780.28404  6.35%  58.7  391s
 322448 197974 5825.16653   48  106 6172.00000 5780.35658  6.35%  58.8  395s
 326490 199725     cutoff   48      6172.00000 5780.42701  6.34%  58.8  400s
 331281 202665 5848.05231   39  101 6172.00000 5780.57709  6.34%  58.8  406s
 335276 204937 5865.49298   40  129 6172.00000 5780.65862  6.34%  58.8  410s
 339797 207548 5962.81238   43  121 6172.00000 5780.73665  6.34%  58.8  416s
 343014 209254     cutoff   76      6172.00000 5780.79767  6.34%  58.9  420s
 347556 211002 5864.32073   44  105 6172.00000 5780.85673  6.34%  59.0  426s
 347615 217580 5864.64587   45  105 6172.00000 5780.85673  6.34%  59.0  443s
 359615 218734 6105.52159   50  131 6172.00000 5781.00799  6.33%  59.5  445s
 364141 221475 5903.03356   44  152 6172.00000 5781.06429  6.33%  59.5  450s
 368187 223633 5788.20959   39  193 6172.00000 5781.11657  6.33%  59.5  455s
 373181 226102 infeasible   50      6172.00000 5781.20842  6.33%  59.5  461s
 376958 228273 5973.31721   65  141 6172.00000 5781.27883  6.33%  59.6  465s
 381054 231133 6057.21391   77  113 6172.00000 5781.36109  6.33%  59.6  470s
 386279 233092 5992.49338   50  114 6172.00000 5781.46110  6.33%  59.6  476s
 388215 234882 6068.50752   59  188 6172.00000 5781.48629  6.33%  59.6  480s
 391518 237654 6063.43418   60  143 6172.00000 5781.52941  6.33%  59.7  486s
 396501 239409 5974.06089   69  176 6172.00000 5781.59361  6.33%  59.7  491s
 400662 241600 6080.29179   55  141 6172.00000 5781.67424  6.32%  59.7  495s
 404068 244083 5914.50440   40   75 6172.00000 5781.72372  6.32%  59.7  500s
 407518 246339 5877.47237   48  199 6172.00000 5781.77456  6.32%  59.7  505s
 413126 248996 infeasible   62      6172.00000 5781.84209  6.32%  59.7  510s
 418107 251535 6059.29483   59   99 6172.00000 5781.89970  6.32%  59.7  516s
 420642 253408 6052.88000   44   73 6172.00000 5781.94068  6.32%  59.7  521s
 425094 255785 5988.21300   48  152 6172.00000 5782.06868  6.32%  59.8  525s
 428693 257813 5816.45636   68  195 6172.00000 5782.10345  6.32%  59.9  530s
 432368 259632 6077.44718   56   76 6172.00000 5782.17082  6.32%  59.9  536s
 435041 261146 5963.04719   52   96 6172.00000 5782.21679  6.32%  60.0  540s
 439156 263624     cutoff   60      6172.00000 5782.25594  6.31%  60.0  545s
 444255 266782 5871.38678   47  136 6172.00000 5782.35079  6.31%  60.0  550s
 448499 269360 6067.84747   40  114 6172.00000 5782.42274  6.31%  60.0  556s
 452484 271329 infeasible   55      6172.00000 5782.47879  6.31%  59.9  560s
 457238 274313 5938.43679   57  181 6172.00000 5782.49170  6.31%  59.9  566s
 462327 277317 5923.69240   88  100 6172.00000 5782.56985  6.31%  59.9  571s
 465351 278911 6060.08310   66   41 6172.00000 5782.62209  6.31%  59.9  575s
 470445 281540     cutoff   65      6172.00000 5782.69324  6.31%  59.8  580s
 475096 284278 5879.70725   50  167 6172.00000 5782.76183  6.31%  59.9  585s
 479200 286508 5806.98029   42  212 6172.00000 5782.81928  6.31%  59.8  590s
 482957 288154 5962.17287   44  172 6172.00000 5782.88989  6.30%  59.8  595s
 484711 289301     cutoff   80      6172.00000 5782.91568  6.30%  59.8  600s

Cutting planes:
  Learned: 97
  Gomory: 2
  Cover: 315
  MIR: 299
  StrongCG: 18
  Flow cover: 279
  Inf proof: 8
  Zero half: 1
  RLT: 5
  Relax-and-lift: 34

Explored 484961 nodes (29011118 simplex iterations) in 600.02 seconds (297.48 work units)
Thread count was 12 (of 12 available processors)

Solution count 10: 6172 6211 6291 ... 6670

Time limit reached
Best objective 6.172000000000e+03, best bound 5.783000000000e+03, gap 6.3027%
