
Gurobi 12.0.0 (win64) logging started Thu Feb 19 19:03:39 2026

Set parameter LogFile to value "Storage_orig/Logs/log______Sens_handling_time_1_2026_02_19_19_03_36.log"
Set parameter MIPGap to value 0.005
Set parameter OutputFlag to value 1
Gurobi Optimizer version 12.0.0 build v12.0.0rc1 (win64 - Windows 11+.0 (26200.2))

CPU model: Intel(R) Core(TM) i7-9750H CPU @ 2.60GHz, instruction set [SSE2|AVX|AVX2]
Thread count: 6 physical cores, 12 logical processors, using up to 12 threads

Non-default parameters:
MIPGap  0.005
MIPFocus  2

Optimize a model with 4176 rows, 840 columns and 11022 nonzeros
Model fingerprint: 0xace2985b
Variable types: 18 continuous, 822 integer (570 binary)
Coefficient statistics:
  Matrix range     [1e+00, 1e+03]
  Objective range  [1e+01, 2e+03]
  Bounds range     [1e+00, 1e+00]
  RHS range        [1e+00, 1e+03]
Found heuristic solution: objective 18840.000000
Presolve removed 2934 rows and 192 columns
Presolve time: 0.01s
Presolved: 1242 rows, 648 columns, 6477 nonzeros
Variable types: 18 continuous, 630 integer (450 binary)
Root relaxation presolve removed 3 rows and 0 columns
Root relaxation presolved: 1239 rows, 648 columns, 6447 nonzeros


Root relaxation: objective 5.417700e+03, 509 iterations, 0.02 seconds (0.02 work units)

    Nodes    |    Current Node    |     Objective Bounds      |     Work
 Expl Unexpl |  Obj  Depth IntInf | Incumbent    BestBd   Gap | It/Node Time

     0     0 5417.70000    0   16 18840.0000 5417.70000  71.2%     -    0s
H    0     0                    14214.000000 5417.70000  61.9%     -    0s
H    0     0                    13941.000000 5417.70000  61.1%     -    0s
H    0     0                    12961.000000 5417.70000  58.2%     -    0s
H    0     0                    12896.000000 5417.70000  58.0%     -    0s
H    0     0                    12857.000000 5417.70000  57.9%     -    0s
H    0     0                    12657.000000 5417.70000  57.2%     -    0s
H    0     0                    11320.000000 5418.26667  52.1%     -    0s
     0     0 5432.93953    0   49 11320.0000 5432.93953  52.0%     -    0s
     0     0 5432.93953    0   50 11320.0000 5432.93953  52.0%     -    0s
     0     0 5432.93953    0   49 11320.0000 5432.93953  52.0%     -    0s
     0     0 5542.63068    0  124 11320.0000 5542.63068  51.0%     -    0s
H    0     0                    11108.000000 5543.08534  50.1%     -    0s
H    0     0                    10908.000000 5543.08534  49.2%     -    0s
     0     0 5553.95537    0  129 10908.0000 5553.95537  49.1%     -    0s
     0     0 5555.50580    0  133 10908.0000 5555.50580  49.1%     -    0s
     0     0 5555.53398    0  133 10908.0000 5555.53398  49.1%     -    0s
H    0     0                    10362.000000 5555.53398  46.4%     -    0s
H    0     0                    9882.0000000 5555.53398  43.8%     -    0s
H    0     0                    9822.0000000 5555.53398  43.4%     -    0s
H    0     0                    9362.0000000 5555.53398  40.7%     -    0s
     0     0 5592.96062    0  147 9362.00000 5592.96062  40.3%     -    0s
H    0     0                    9282.0000000 5611.54881  39.5%     -    0s
     0     0 5611.54881    0  193 9282.00000 5611.54881  39.5%     -    0s
     0     0 5611.54881    0  205 9282.00000 5611.54881  39.5%     -    0s
H    0     0                    9222.0000000 5611.54881  39.2%     -    1s
H    0     0                    9162.0000000 5611.54881  38.8%     -    1s
H    0     0                    9022.0000000 5611.54881  37.8%     -    1s
H    0     0                    8942.0000000 5611.54881  37.2%     -    1s
H    0     0                    8522.0000000 5611.54881  34.2%     -    1s
H    0     0                    8322.0000000 5611.54881  32.6%     -    1s
H    0     0                    8242.0000000 5611.54881  31.9%     -    1s
H    0     0                    8102.0000000 5629.51741  30.5%     -    1s
H    0     0                    7962.0000000 5629.51741  29.3%     -    1s
     0     0 5629.51741    0  246 7962.00000 5629.51741  29.3%     -    1s
     0     0 5632.49315    0  271 7962.00000 5632.49315  29.3%     -    1s
     0     0 5635.00000    0  252 7962.00000 5635.00000  29.2%     -    1s
     0     0 5635.00000    0  257 7962.00000 5635.00000  29.2%     -    1s
     0     0 5635.00000    0  260 7962.00000 5635.00000  29.2%     -    1s
     0     0 5635.00000    0  288 7962.00000 5635.00000  29.2%     -    1s
     0     0 5635.00000    0  295 7962.00000 5635.00000  29.2%     -    2s
     0     0 5635.00000    0  161 7962.00000 5635.00000  29.2%     -    2s
     0     2 5635.00000    0  139 7962.00000 5635.00000  29.2%     -    3s
   293   302 6182.50967   41  102 7962.00000 5635.00000  29.2%   136    5s
H  463   413                    7882.0000000 5635.00245  28.5%   116    5s
H  488   423                    7862.0000000 5635.00245  28.3%   114    6s
  1454  1194 5781.04736   31  161 7862.00000 5636.29630  28.3%  82.5   10s
  1477  1209 5990.24713   27  344 7862.00000 5636.29630  28.3%  81.2   15s
  1711  1373 5749.36409   22  137 7862.00000 5636.93160  28.3%   102   20s
  2363  1736 5847.21528   41  192 7862.00000 5637.80057  28.3%   118   25s
  3818  2394 5999.44561   36  201 7862.00000 5638.34691  28.3%   105   30s
  5219  3023 6623.36330   54  167 7862.00000 5640.12994  28.3%   104   35s
  6837  4337 7554.66377   64   90 7862.00000 5643.49480  28.2%   105   40s
  8708  5452 5727.86353   18  176 7862.00000 5648.01659  28.2%   104   45s
 10031  6774 6070.60000   50  128 7862.00000 5649.45290  28.1%   104   50s
 12353  8451 6105.91475   40  225 7862.00000 5653.50352  28.1%  99.2   55s
H13090  8664                    7790.0000000 5654.02837  27.4%  98.6   57s
 13233  9030 5980.86455   27  290 7790.00000 5654.33120  27.4%  98.7   60s
 14177  9758 5840.00000   31   98 7790.00000 5654.33120  27.4%  98.7   65s
 17302 12181 5746.87615   31  135 7790.00000 5661.05672  27.3%  97.4   71s
 19951 13841 infeasible   29      7790.00000 5667.33045  27.2%  98.0   76s
 21526 15061 5944.93700   29  171 7790.00000 5671.33335  27.2%   102   81s
 23193 16250 5767.63584   29  224 7790.00000 5675.06660  27.1%   104   85s
 25021 18322 7306.21034   76  101 7790.00000 5679.15510  27.1%   104   90s
 28697 20862 5793.27835   29  160 7790.00000 5686.10925  27.0%   102   96s
 31498 22401     cutoff   31      7790.00000 5691.23877  26.9%   101  101s
 34529 24660 5779.36842   23  147 7790.00000 5695.58289  26.9%  98.5  106s
 37118 26393 6085.68115   38  188 7790.00000 5698.19195  26.9%  98.1  112s
 38359 26452 6023.65014   29   84 7790.00000 5699.95011  26.8%  97.9  115s
 39204 27988 7031.38580   31  114 7790.00000 5699.95011  26.8%  97.7  121s
 41677 29404     cutoff   33      7790.00000 5704.19903  26.8%  98.3  127s
 42896 30124 6167.27912   44  135 7790.00000 5705.50000  26.8%  98.7  130s
 45171 31471     cutoff   31      7790.00000 5710.29085  26.7%   100  135s
 47548 33156 5890.93998   21  283 7790.00000 5713.10881  26.7%   101  142s
 48734 33359 7211.42736   57  161 7790.00000 5714.87089  26.6%   102  145s
 49114 33371 6152.30313   29  131 7790.00000 5714.97009  26.6%   102  150s
H49136 33338                    7750.0000000 5715.45638  26.3%   102  153s
 49142 34138 6151.80003   30  108 7750.00000 5715.45638  26.3%   102  156s
 51463 35801 5959.34991   31  138 7750.00000 5719.02281  26.2%   103  163s
 52847 36700 5982.60332   43  223 7750.00000 5720.53036  26.2%   103  166s
 55729 38395     cutoff   44      7750.00000 5724.26160  26.1%   103  172s
 57993 40247 6193.64846   38  130 7750.00000 5726.56595  26.1%   103  177s
 59329 40838     cutoff   29      7750.00000 5728.16223  26.1%   103  180s
H60407 41490                    7730.0000000 5728.68497  25.9%   103  184s
 61311 42420 5776.23219   27  243 7730.00000 5729.37400  25.9%   104  187s
 62673 43273 5774.69695   22  283 7730.00000 5730.78721  25.9%   103  190s
 66341 45610 7571.83886   70  116 7730.00000 5732.37500  25.8%   102  196s
 68693 47365 5978.30239   42  163 7730.00000 5733.19150  25.8%   101  201s
 71718 49066 6072.84735   60  144 7730.00000 5734.67901  25.8%   100  207s
 72485 49663 6414.28429   30  152 7730.00000 5735.47781  25.8%   101  210s
 75072 51624 6237.72204   34  108 7730.00000 5736.47368  25.8%   101  218s
 76612 52279 6606.35566   28  249 7730.00000 5736.84428  25.8%   101  221s
 78788 54183 6058.26202   36  176 7730.00000 5737.57785  25.8%   101  227s
 80313 54788 infeasible   29      7730.00000 5738.59649  25.8%   101  230s
H80754 54522                    7611.0000000 5738.68608  24.6%   101  230s
 82400 55944     cutoff   25      7611.00000 5739.00000  24.6%   101  237s
 83428 56821     cutoff   21      7611.00000 5739.09479  24.6%   102  240s
 85857 58779 6067.14712   46  195 7611.00000 5739.47246  24.6%   102  246s
 87735 59111 6006.16706   36  227 7611.00000 5739.47246  24.6%   102  250s
 89608 60780 5919.29251   34  128 7611.00000 5740.00596  24.6%   102  256s
 91857 62476 6390.45489   37  204 7611.00000 5740.66322  24.6%   103  263s
 93383 63166 5791.00000   22   72 7611.00000 5740.92492  24.6%   103  266s
 94495 64071 6264.52900   60  109 7611.00000 5741.12778  24.6%   103  270s
 97212 66467 5753.39623   21  125 7611.00000 5742.00000  24.6%   103  276s
 99166 67195 5843.17245   30  150 7611.00000 5742.08450  24.6%   103  280s
 101722 68933 5858.11537   33  286 7611.00000 5742.58299  24.5%   102  286s
 104866 70859     cutoff   44      7611.00000 5743.01553  24.5%   102  292s
 107115 72538 5946.58055   38  106 7611.00000 5743.58030  24.5%   102  297s
 108250 73776 5869.43060   32  165 7611.00000 5743.75000  24.5%   102  300s
 111128 75289 6264.55600   46  106 7611.00000 5744.08785  24.5%   102  307s
 112582 75903     cutoff   64      7611.00000 5744.15692  24.5%   102  310s
 114780 77324     cutoff   39      7611.00000 5744.58754  24.5%   102  317s
 116091 78225 5949.10636   37  191 7611.00000 5744.78517  24.5%   102  321s
 117501 79235 5840.06144   25   87 7611.00000 5744.97504  24.5%   103  325s
 120094 80579 6146.34486   56  191 7611.00000 5745.32373  24.5%   103  332s
 121339 81406 6270.78476   55  223 7611.00000 5745.46247  24.5%   103  335s
 123682 83009 6662.99054   41  160 7611.00000 5745.92562  24.5%   103  342s
 125113 83702 5964.00290   27  155 7611.00000 5746.04653  24.5%   103  346s
 127434 85425 6117.96171   58  116 7611.00000 5746.35714  24.5%   103  353s
 128840 86247 5951.98936   26  205 7611.00000 5746.49643  24.5%   103  356s
 130051 87089 6150.04982   41  255 7611.00000 5746.76017  24.5%   103  360s
 132396 88653 6671.86711   46   97 7611.00000 5747.12412  24.5%   103  367s
 133712 89285 5965.28585   28  196 7611.00000 5747.18257  24.5%   103  370s
 136139 91100     cutoff   53      7611.00000 5747.70466  24.5%   103  377s
 137457 91924 6126.63327   43  106 7611.00000 5748.00000  24.5%   103  380s
 139571 93148 6169.66163   23  158 7611.00000 5748.44366  24.5%   104  387s
 140608 93909 6504.80476   39  155 7611.00000 5748.61431  24.5%   104  390s
 143133 95409 6847.24335   27  224 7611.00000 5749.19750  24.5%   104  397s
 144160 96143 6935.51819   30   89 7611.00000 5749.41638  24.5%   104  401s
 146482 97693 5958.06095   24  245 7611.00000 5749.73367  24.5%   104  408s
 147807 98167 5801.25421   33  201 7611.00000 5749.94885  24.5%   104  411s
 148595 98946 6133.60807   35  171 7611.00000 5750.22705  24.4%   104  416s
 149934 99310 5964.85113   31  269 7611.00000 5750.31520  24.4%   105  421s
 150556 100267 6187.29769   33  211 7611.00000 5750.31520  24.4%   105  426s
 152259 101272 6804.81717   51   88 7611.00000 5750.57432  24.4%   105  431s
 153846 102142 infeasible   30      7611.00000 5750.87357  24.4%   105  435s
 155268 103043 6075.65291   32  210 7611.00000 5751.24441  24.4%   105  440s
 158296 104654 6520.84899   35  147 7611.00000 5751.93098  24.4%   105  448s
 159404 105653 6309.73225   53  193 7611.00000 5752.00581  24.4%   106  452s
 160881 106647 6103.21639   52  170 7611.00000 5752.28279  24.4%   106  456s
 162397 107679 5897.00000   31  127 7611.00000 5752.74037  24.4%   105  460s
 165157 109461 6499.03804   31  125 7611.00000 5753.33560  24.4%   105  468s
 166753 110244     cutoff   85      7611.00000 5753.78605  24.4%   105  471s
 167948 111053 infeasible   54      7611.00000 5753.87426  24.4%   105  475s
 170420 113107 infeasible   65      7611.00000 5754.42891  24.4%   105  482s
 172086 113800 5846.40244   23  215 7611.00000 5754.73660  24.4%   105  485s
 174197 115063 6490.37995   40   89 7611.00000 5755.17601  24.4%   105  492s
 175064 115742 infeasible   28      7611.00000 5755.55640  24.4%   105  495s
 177434 117282 infeasible   69      7611.00000 5755.93628  24.4%   105  502s
 178436 117943 5946.07506   30  206 7611.00000 5756.18828  24.4%   105  505s
 180882 119348 6849.82502   40  167 7611.00000 5756.58536  24.4%   105  513s
 181819 120271 6646.88861   38   48 7611.00000 5756.78707  24.4%   105  516s
 183216 121101     cutoff   70      7611.00000 5757.12615  24.4%   105  520s
 185701 122407     cutoff   53      7611.00000 5757.52883  24.4%   105  527s
 186679 123033     cutoff   31      7611.00000 5757.80811  24.3%   105  530s
 189014 124559 6020.66153   26  183 7611.00000 5758.22764  24.3%   105  538s
 190378 125241 7534.23119   90   68 7611.00000 5758.57143  24.3%   105  542s
 191397 126074 7177.67095   93  110 7611.00000 5758.76033  24.3%   105  546s
 192703 126968 5793.71744   29  147 7611.00000 5758.95042  24.3%   105  550s
 195352 128627 6152.99997   48   84 7611.00000 5759.38428  24.3%   105  558s
 196522 129662 6781.35309   40  167 7611.00000 5759.73288  24.3%   105  562s
 198052 130578 5848.67277   34  232 7611.00000 5759.98190  24.3%   105  566s
 199543 131584 5849.56626   26  293 7611.00000 5760.21390  24.3%   105  570s
 202310 133005     cutoff   46      7611.00000 5760.67388  24.3%   104  577s
 203315 134007 7113.47017   50   86 7611.00000 5760.88692  24.3%   105  581s
 204726 134755 5947.00000   42   99 7611.00000 5761.03098  24.3%   104  585s
 207187 136267 5841.56286   32  123 7611.00000 5761.41995  24.3%   105  592s
 208317 136807 6421.83351   68  150 7611.00000 5761.49179  24.3%   105  596s
 209290 137587 7305.28562   38  135 7611.00000 5761.70888  24.3%   105  601s
 212107 139684 5850.40607   25  213 7611.00000 5762.11327  24.3%   105  608s
 213563 140892     cutoff  100      7611.00000 5762.29475  24.3%   105  612s
 215338 141451 infeasible   77      7611.00000 5762.54876  24.3%   104  616s
 216179 142359 6576.35423   49  129 7611.00000 5762.54876  24.3%   104  620s
 218742 143714 5894.46820   30  164 7611.00000 5762.98976  24.3%   104  628s
 219709 144429 5856.66487   27  162 7611.00000 5763.07129  24.3%   104  632s
 221014 144619 5841.96935   28  264 7611.00000 5763.16869  24.3%   104  636s
 221260 147710 5844.78095   29  260 7611.00000 5763.25617  24.3%   104  652s
 226124 147719 6303.81132   37  144 7611.00000 5763.71670  24.3%   104  657s
 226139 148030 6470.85947   38   77 7611.00000 5763.71670  24.3%   104  662s
 226556 148684 6766.62601   39  179 7611.00000 5763.71670  24.3%   104  667s
 227575 149968     cutoff   25      7611.00000 5764.20255  24.3%   105  673s
 229460 151097     cutoff   39      7611.00000 5764.41463  24.3%   104  677s
 231220 151930 7262.60538   31  137 7611.00000 5764.68242  24.3%   104  682s
 232544 152594 5942.25716   35  136 7611.00000 5764.82635  24.3%   104  686s
 233787 153361     cutoff   43      7611.00000 5765.07224  24.3%   105  691s
 235099 154392 6086.03142   31  219 7611.00000 5765.30673  24.3%   105  695s
 238172 156278 5862.47462   35  148 7611.00000 5765.79173  24.2%   105  704s
 239578 156828 5887.32600   24  239 7611.00000 5766.00000  24.2%   104  707s
 240479 157630 infeasible   84      7611.00000 5766.08671  24.2%   105  712s
 241765 158563 5881.56847   27  210 7611.00000 5766.27381  24.2%   105  716s
 243205 159229 6367.26311   44  106 7611.00000 5766.36304  24.2%   105  721s
 244358 160035 7564.91574   43  123 7611.00000 5766.71630  24.2%   105  725s
 245778 160933 6164.52285   46  165 7611.00000 5766.81865  24.2%   105  730s
 248605 162666 6133.72357   34  253 7611.00000 5767.26667  24.2%   105  738s
 249937 163677 6068.01631   29  109 7611.00000 5767.31800  24.2%   105  742s
 251394 164473 6166.00737   34  188 7611.00000 5767.65997  24.2%   105  746s
 252646 165298 5843.72355   33  223 7611.00000 5767.79278  24.2%   105  750s
 254951 167008     cutoff   50      7611.00000 5768.11310  24.2%   105  758s
 256314 167942 6757.37338   62  129 7611.00000 5768.24481  24.2%   105  763s
 257847 168759 infeasible   29      7611.00000 5768.52021  24.2%   105  767s
 259093 169590 5886.53060   30  145 7611.00000 5768.74443  24.2%   105  770s
 261581 171304 5774.50915   24  239 7611.00000 5768.98892  24.2%   104  777s
 262913 172117     cutoff   39      7611.00000 5769.04358  24.2%   104  781s
 264231 172776 5987.67271   27  237 7611.00000 5769.33982  24.2%   104  785s
 266296 174088 6280.37420   41  111 7611.00000 5769.77292  24.2%   104  792s
 267361 174809 6068.84394   28  194 7611.00000 5769.96554  24.2%   104  796s
 268491 175440 5962.42836   28  226 7611.00000 5769.98727  24.2%   104  800s
 270820 177031 5906.28942   34  167 7611.00000 5770.49043  24.2%   104  808s
 272004 177353 6431.69400   60  142 7611.00000 5770.66667  24.2%   104  812s
 272489 178045 5857.04821   29  249 7611.00000 5770.66667  24.2%   104  816s
 273532 178692 6082.17897   39  106 7611.00000 5770.82089  24.2%   104  821s
 274642 179233 5981.15916   30  201 7611.00000 5771.18791  24.2%   104  825s
 276632 180585 6558.15784   72  151 7611.00000 5771.43885  24.2%   105  833s
 277792 181478 5840.00000   24  166 7611.00000 5771.55450  24.2%   105  837s
 279223 182317 6199.45982   55  187 7611.00000 5771.80633  24.2%   105  842s
 280570 182972 infeasible   41      7611.00000 5772.01725  24.2%   105  846s
 281814 183728 5863.94248   24  116 7611.00000 5772.30982  24.2%   105  850s
 283022 184485 7444.94871   37  111 7611.00000 5772.51128  24.2%   105  855s
 285263 186240 5992.70813   40  203 7611.00000 5772.98994  24.1%   105  864s
 286945 187013 5852.21118   32  213 7611.00000 5773.30000  24.1%   105  868s
 288150 187999 6103.64349   60  119 7611.00000 5773.30000  24.1%   105  872s
 289616 188840 5859.60762   31  192 7611.00000 5773.62062  24.1%   105  877s
 290853 189568 5885.18644   41  233 7611.00000 5773.84120  24.1%   105  881s
 292061 190185 6595.35743   54  126 7611.00000 5773.98673  24.1%   105  885s
 294329 191734 5965.10356   39  143 7611.00000 5774.13583  24.1%   105  893s
 295507 192648 6443.88553   52  203 7611.00000 5774.41380  24.1%   105  896s
 296828 193507 7264.61910   49  130 7611.00000 5774.54125  24.1%   105  901s
 299368 194743 6256.82331   34  113 7611.00000 5774.93437  24.1%   105  908s
 300552 195466 5976.85944   30  114 7611.00000 5775.08242  24.1%   105  912s
 301695 196298 infeasible   24      7611.00000 5775.25972  24.1%   105  916s
 302952 196841 5817.68304   26  273 7611.00000 5775.52186  24.1%   105  920s
 304505 197879     cutoff   59      7611.00000 5775.65554  24.1%   105  928s
 305606 198548 5933.26572   36  185 7611.00000 5775.68263  24.1%   105  933s
 306668 199468 5961.33190   22  204 7611.00000 5775.95958  24.1%   105  937s
 308083 200058 5854.15640   27  195 7611.00000 5776.12367  24.1%   105  942s
 309185 201004 6974.77681   68  141 7611.00000 5776.20238  24.1%   105  946s
 310644 201775 infeasible   51      7611.00000 5776.64967  24.1%   105  950s
 313297 203451 6057.37188   35   81 7611.00000 5777.05351  24.1%   105  958s
 314494 204148 7184.66753   47   97 7611.00000 5777.21907  24.1%   105  962s
 315575 204875 5883.76744   24  129 7611.00000 5777.43407  24.1%   105  966s
 316912 205590 6528.33705   45  133 7611.00000 5777.65608  24.1%   105  970s
 319492 207298 5961.08113   30  204 7611.00000 5778.11765  24.1%   105  978s
 320786 208070 7472.95115   25  180 7611.00000 5778.28109  24.1%   105  982s
 322035 208877 5951.86182   33  202 7611.00000 5778.66000  24.1%   105  986s
 323198 209577 6260.02739   64  159 7611.00000 5778.80499  24.1%   105  990s
 325661 210929 6365.82917   43  191 7611.00000 5779.20448  24.1%   105  998s
 326587 211697 infeasible   58      7611.00000 5779.41753  24.1%   105 1002s
 327748 212477 6097.48533   32  140 7611.00000 5779.51593  24.1%   105 1006s
 329114 213523 6093.33481   31  173 7611.00000 5779.80952  24.1%   105 1011s
 330795 214164 5815.12486   30  207 7611.00000 5779.99739  24.1%   105 1015s
 332843 215843 6014.27109   37  142 7611.00000 5780.35400  24.1%   105 1024s
 334412 216598 6055.09728   27   54 7611.00000 5780.51497  24.1%   105 1027s
 335603 217197 5897.19531   36  232 7611.00000 5780.75008  24.0%   105 1031s
 336685 217949 5899.79197   29  223 7611.00000 5780.84774  24.0%   105 1036s
 337829 218766 6110.32518   37  158 7611.00000 5780.95365  24.0%   105 1040s
 340513 220537 6089.84756   64  212 7611.00000 5781.45689  24.0%   104 1048s
 341675 220985 infeasible   62      7611.00000 5781.63120  24.0%   104 1052s
 342603 221694 6614.00098   56   95 7611.00000 5781.74915  24.0%   105 1057s
 343721 222606 6265.93472   56  176 7611.00000 5781.95755  24.0%   105 1061s
 345092 223588 5952.11605   24  247 7611.00000 5782.10160  24.0%   105 1065s
 348130 225347 5900.60532   24  225 7611.00000 5782.39442  24.0%   104 1073s
 349405 226055 7119.08077   73   89 7611.00000 5782.51542  24.0%   104 1077s
 350659 226128 5966.53860   27  234 7611.00000 5782.66667  24.0%   104 1082s
 350762 233526 6018.56131   28  242 7611.00000 5782.66667  24.0%   104 1121s
 362479 234504 6109.77536   29  229 7611.00000 5783.85213  24.0%   104 1125s
 364014 235040 5949.87050   29  173 7611.00000 5784.21664  24.0%   104 1130s
 366086 236483 6103.50000   39  157 7611.00000 5784.42033  24.0%   104 1138s
 367180 237123     cutoff   37      7611.00000 5784.57895  24.0%   104 1143s
 368319 238050 6611.64553   56  145 7611.00000 5784.70530  24.0%   104 1147s
 369730 238871 6985.85154   77  175 7611.00000 5784.92900  24.0%   104 1151s
 370941 239814 6006.62324   39  185 7611.00000 5785.05046  24.0%   104 1155s
 373741 241220 5926.92936   37  203 7611.00000 5785.40767  24.0%   104 1163s
 374494 241748     cutoff   31      7611.00000 5785.41621  24.0%   104 1167s
 375398 242328 7017.36548   60   57 7611.00000 5785.64384  24.0%   104 1172s
 376565 243218 6148.28823   35  202 7611.00000 5785.71785  24.0%   104 1176s
 377963 244144 5864.23036   32  176 7611.00000 5785.91304  24.0%   104 1180s
 379369 244817 6020.31219   25  147 7611.00000 5786.11708  24.0%   104 1185s
 381829 246287 5930.69647   29  181 7611.00000 5786.38258  24.0%   104 1193s
 382889 247236 5954.70590   28  262 7611.00000 5786.42911  24.0%   104 1197s
 384269 247849 5947.38392   30  225 7611.00000 5786.61178  24.0%   104 1201s
 385218 248570 6230.08666   38  139 7611.00000 5786.72291  24.0%   104 1206s
 386726 249339 6426.13135   45  204 7611.00000 5786.73959  24.0%   104 1210s
 389085 250759 5963.17141   34  194 7611.00000 5787.09974  24.0%   104 1218s
 390089 250766 infeasible   26      7611.00000 5787.15977  24.0%   104 1223s
 390106 250778 5844.89721   25  169 7611.00000 5787.16445  24.0%   104 1228s
 390118 250937 5885.75896   26  155 7611.00000 5787.16445  24.0%   104 1233s
 390395 251902 5910.66057   27  145 7611.00000 5787.16445  24.0%   104 1239s
 392031 252908 6986.70477   31  226 7611.00000 5787.32143  24.0%   104 1244s
 393568 254047 6150.56268   30  249 7611.00000 5787.48786  24.0%   104 1249s
 395221 255122 5995.56098   38  154 7611.00000 5787.59637  24.0%   104 1253s
 396791 255809 6351.00816   56  101 7611.00000 5787.78536  24.0%   104 1258s
 397992 256518     cutoff   87      7611.00000 5787.88835  24.0%   104 1263s
 399231 257265 5968.38390   30  180 7611.00000 5788.01905  24.0%   104 1268s
 400328 258388 infeasible   44      7611.00000 5788.11111  24.0%   104 1272s
 401936 258927 7246.87459   72   64 7611.00000 5788.30066  23.9%   104 1276s
 402856 259823 5959.35171   28  198 7611.00000 5788.47643  23.9%   104 1281s
 404303 260583 5968.94444   43  292 7611.00000 5788.60851  23.9%   104 1285s
 405502 261427 6350.56082   53  124 7611.00000 5788.71794  23.9%   104 1290s
 406786 262035 6195.09401   39  205 7611.00000 5788.91778  23.9%   104 1295s
 407742 262860 5869.77827   31  188 7611.00000 5788.99919  23.9%   104 1300s
 409106 263679 7069.10161   97  108 7611.00000 5789.02353  23.9%   104 1305s
 411638 265253 5949.76110   29  116 7611.00000 5789.45113  23.9%   104 1314s
 412936 266011 7175.24977   66  103 7611.00000 5789.59302  23.9%   104 1319s
 414032 266701 6050.42173   59  224 7611.00000 5789.62757  23.9%   104 1324s
 415137 267509     cutoff   44      7611.00000 5789.86454  23.9%   104 1328s
 416360 268421 6524.42587   66  172 7611.00000 5789.92666  23.9%   104 1333s
 417779 269410 5831.80741   33  215 7611.00000 5790.23000  23.9%   104 1337s
 419199 269981     cutoff   64      7611.00000 5790.40758  23.9%   104 1342s
 420038 270548 5843.14414   23  243 7611.00000 5790.40758  23.9%   104 1347s
 421097 271398 5844.85714   24  107 7611.00000 5790.44810  23.9%   104 1354s
 422558 272271 6044.43541   25  268 7611.00000 5790.74961  23.9%   104 1360s
 423887 273082 6121.25000   62  172 7611.00000 5790.85813  23.9%   104 1365s
 425144 273196 5892.62103   34  216 7611.00000 5790.97279  23.9%   104 1372s
 425341 277281 5895.69321   35  198 7611.00000 5790.97279  23.9%   104 1400s
 431643 278219 5797.11575   38  242 7611.00000 5791.27201  23.9%   104 1408s
 433145 278868 5901.35340   27  206 7611.00000 5791.79980  23.9%   104 1414s
 434109 279793 6852.95150   51   93 7611.00000 5791.86265  23.9%   104 1419s
 435618 280628 7186.97214   74   91 7611.00000 5791.94010  23.9%   104 1423s
 436905 281200 6295.64621   57  115 7611.00000 5792.13525  23.9%   104 1428s
 437975 282065 5884.52677   32  170 7611.00000 5792.21212  23.9%   104 1433s
 439336 282991 5830.23864   36  179 7611.00000 5792.38183  23.9%   104 1438s
 440674 283681 6902.92602   35  120 7611.00000 5792.47429  23.9%   104 1443s
 441738 284620 6192.88434   34  154 7611.00000 5792.62500  23.9%   104 1448s
 443163 285531 5941.08667   26  229 7611.00000 5792.77923  23.9%   104 1452s
 444530 286234 6088.54833   48  116 7611.00000 5792.96842  23.9%   104 1456s
 445604 286454     cutoff   33      7611.00000 5793.04589  23.9%   104 1461s
 446006 287157 6528.78473   26  172 7611.00000 5793.04589  23.9%   104 1465s
 447031 288059 7095.64933   95  138 7611.00000 5793.04589  23.9%   104 1471s
 448443 289055 5951.70588   26  109 7611.00000 5793.34721  23.9%   104 1476s
 449851 289986 6957.16417   66  110 7611.00000 5793.49340  23.9%   104 1481s
 451252 291068 5925.74118   34  145 7611.00000 5793.65372  23.9%   104 1485s
 453843 292509 6295.35372   49  134 7611.00000 5793.94078  23.9%   104 1494s
 455039 293243 6173.37481   27  235 7611.00000 5794.07809  23.9%   104 1498s
 456418 293967 5808.10337   27  180 7611.00000 5794.23529  23.9%   104 1503s
 457593 294806 5903.19798   32  205 7611.00000 5794.33563  23.9%   104 1508s
 458870 295532 6043.46665   26  183 7611.00000 5794.54943  23.9%   104 1512s
 460033 296338 6233.47035   54  177 7611.00000 5794.74808  23.9%   104 1516s
 461289 296899 5951.02211   26   99 7611.00000 5794.85000  23.9%   104 1520s
 462272 297696 7038.90344   52  147 7611.00000 5794.85809  23.9%   104 1525s
 463585 298482 6303.62589   46  167 7611.00000 5794.96369  23.9%   104 1531s
 464836 299233 5847.24783   25  176 7611.00000 5795.13743  23.9%   104 1536s
 466043 300118 5922.52284   33  284 7611.00000 5795.32307  23.9%   104 1541s
 467440 300821 5934.09981   29  292 7611.00000 5795.48493  23.9%   104 1546s
 468713 301699 5874.21552   28  178 7611.00000 5795.60764  23.9%   104 1551s
 470083 302429 6265.98305   33  136 7611.00000 5795.73618  23.9%   104 1556s
 471257 303067     cutoff   58      7611.00000 5795.90305  23.8%   104 1561s
 472305 303993     cutoff   36      7611.00000 5795.97743  23.8%   104 1566s
 473683 304849 6340.57139   75  123 7611.00000 5796.12186  23.8%   104 1571s
 474991 305727 5945.50897   30  282 7611.00000 5796.28693  23.8%   104 1576s
 476369 306743 5918.06109   42  214 7611.00000 5796.42919  23.8%   104 1581s
 477864 306917 6148.07384   43  107 7611.00000 5796.60083  23.8%   104 1586s
 478160 307793 7049.31999   28  170 7611.00000 5796.61111  23.8%   104 1591s
 479388 308511 6121.13130   46  196 7611.00000 5796.66318  23.8%   104 1596s
 480583 309237 7070.98390  102  140 7611.00000 5796.79223  23.8%   104 1600s
 483068 310868 6136.20702   40   90 7611.00000 5797.01933  23.8%   104 1609s
 484399 311452     cutoff   40      7611.00000 5797.18337  23.8%   104 1613s
 485358 312179 5921.19062   40  205 7611.00000 5797.25461  23.8%   104 1617s
 486524 312816 infeasible   35      7611.00000 5797.47970  23.8%   104 1622s
 487594 313729 6045.95755   53  127 7611.00000 5797.57793  23.8%   104 1627s
 489003 314738 6243.28923   44  169 7611.00000 5797.72355  23.8%   104 1632s
 490622 315674 6142.26368   44   74 7611.00000 5797.87179  23.8%   104 1636s
 491937 316455 5880.05287   23  206 7611.00000 5798.00310  23.8%   104 1640s
 493206 317040 6274.67403   49  169 7611.00000 5798.06366  23.8%   104 1645s
 495376 318259 6125.19417   28  233 7611.00000 5798.35538  23.8%   104 1653s
 496245 319073 6085.48749   39  157 7611.00000 5798.43942  23.8%   104 1658s
 497547 319745     cutoff  102      7611.00000 5798.47020  23.8%   104 1662s
 498599 320614 6065.69399   41  193 7611.00000 5798.47020  23.8%   104 1667s
 499968 321266 infeasible   32      7611.00000 5798.72097  23.8%   104 1671s
 501002 322142 6066.29119   42  116 7611.00000 5798.82235  23.8%   104 1676s
 502420 322893 6204.34825   40  183 7611.00000 5798.96868  23.8%   104 1681s
 503591 323707 6062.00000   38  133 7611.00000 5799.08504  23.8%   104 1685s
 504812 324511 6317.47242   45  172 7611.00000 5799.23946  23.8%   104 1690s
 506033 325468 6408.97167   69  147 7611.00000 5799.32151  23.8%   104 1695s
 508706 326974 6662.83035   49  128 7611.00000 5799.65225  23.8%   104 1704s
 509885 327699 5864.98775   32  196 7611.00000 5799.70860  23.8%   104 1709s
 511110 328563 7404.14069   44  189 7611.00000 5799.89223  23.8%   104 1714s
 512382 329346 6004.51173   39  153 7611.00000 5800.00217  23.8%   104 1719s
 513721 330253 5813.09414   24  290 7611.00000 5800.23078  23.8%   104 1723s
 515034 330423 5841.15260   23  325 7611.00000 5800.36754  23.8%   104 1729s
 515317 330898 5850.46753   24  287 7611.00000 5800.36754  23.8%   104 1733s
 516012 332110 5855.75408   25  283 7611.00000 5800.40193  23.8%   104 1741s
 517919 332972 5862.01204   26  276 7611.00000 5800.46473  23.8%   104 1746s
 519335 334005 5990.72684   32  165 7611.00000 5800.66057  23.8%   104 1752s
 520865 335033 6001.81116   35  206 7611.00000 5800.91376  23.8%   104 1757s
 522355 335648 infeasible   40      7611.00000 5801.05454  23.8%   104 1761s
 523450 336544 5845.09477   32  266 7611.00000 5801.17078  23.8%   104 1766s
 524902 337118 infeasible   59      7611.00000 5801.30487  23.8%   104 1771s
 526165 337902 6039.69450   34  184 7611.00000 5801.36489  23.8%   104 1776s
 527471 338679 6167.26237   33  227 7611.00000 5801.50031  23.8%   104 1780s
 528589 339467 5971.07191   35  158 7611.00000 5801.72083  23.8%   104 1785s
 529919 340340 5902.41157   35  190 7611.00000 5801.82782  23.8%   104 1790s
 532450 341831 5944.01558   31  193 7611.00000 5802.05556  23.8%   104 1799s
 533575 342318 6900.12381   34   85 7611.00000 5802.15496  23.8%   104 1803s
 534420 343353 6114.09214   34  119 7611.00000 5802.27793  23.8%   104 1809s
 536187 344261 6070.41391   27  214 7611.00000 5802.50628  23.8%   104 1813s
 537599 345018 6954.30441   80  119 7611.00000 5802.56942  23.8%   104 1818s
 538808 345653 5946.87802   28  209 7611.00000 5802.73911  23.8%   104 1823s
 540142 346432 infeasible   70      7611.00000 5802.89680  23.8%   104 1827s
 541507 347279     cutoff   31      7611.00000 5803.04503  23.8%   104 1832s
 542839 348072 infeasible   31      7611.00000 5803.20608  23.8%   104 1837s
 544102 348720 infeasible   37      7611.00000 5803.33927  23.8%   104 1841s
 545257 349292 5886.00000   22   98 7611.00000 5803.47594  23.7%   104 1846s
 546256 350065     cutoff   53      7611.00000 5803.49949  23.7%   104 1850s
 547575 350959 6341.39140   39  138 7611.00000 5803.70814  23.7%   104 1855s
 550048 352392 6026.60646   34  120 7611.00000 5804.05408  23.7%   104 1864s
 551272 352948 5974.59614   46  240 7611.00000 5804.10759  23.7%   104 1868s
 552253 353739 6040.35284   37  230 7611.00000 5804.21377  23.7%   104 1873s
 553838 354278     cutoff   66      7611.00000 5804.24671  23.7%   104 1877s
 554826 355035 6051.59127   39  250 7611.00000 5804.29549  23.7%   104 1882s
 556278 355738 5969.51433   25  159 7611.00000 5804.37788  23.7%   104 1887s
 557301 356669 6454.08281   49  117 7611.00000 5804.54125  23.7%   104 1892s
 558644 356844 5885.04721   43  211 7611.00000 5804.65306  23.7%   104 1898s
 559000 357368 5893.13771   44  207 7611.00000 5804.65306  23.7%   104 1903s
 559766 358207 5986.04643   36  266 7611.00000 5804.65677  23.7%   104 1908s
 561125 359048 6535.54824   69  159 7611.00000 5804.88550  23.7%   104 1913s
 562544 359928 6634.62844   51  148 7611.00000 5805.08359  23.7%   104 1918s
 563878 360850 5964.35981   38  111 7611.00000 5805.25792  23.7%   104 1923s
 565311 361552 5886.38662   23  201 7611.00000 5805.35993  23.7%   104 1928s
 566519 362623 6166.00269   34  118 7611.00000 5805.48707  23.7%   104 1934s
 568146 363436 5953.73688   37  172 7611.00000 5805.59158  23.7%   104 1938s
 569521 364084 6241.78781   31  223 7611.00000 5805.76861  23.7%   104 1943s
 570667 365063 6780.82824   26  188 7611.00000 5805.86612  23.7%   104 1948s
 572100 365921 6279.99264   31  162 7611.00000 5806.04466  23.7%   103 1953s
 573303 366795 5918.14096   28  241 7611.00000 5806.14765  23.7%   103 1958s
 574602 367660 6239.07862   51  111 7611.00000 5806.26998  23.7%   103 1962s
 575904 368280 5890.82692   36  186 7611.00000 5806.33333  23.7%   103 1968s
 576856 369118 6267.58258   57  154 7611.00000 5806.38900  23.7%   103 1973s
 578162 369735 6053.30353   43  177 7611.00000 5806.56014  23.7%   103 1977s
 579115 370529 6995.83638   83  171 7611.00000 5806.64256  23.7%   103 1982s
 580370 371267 5974.66212   36  220 7611.00000 5806.71894  23.7%   103 1987s
 581618 371985 6547.31899   36  175 7611.00000 5806.91649  23.7%   103 1992s
 582768 372848 infeasible   68      7611.00000 5806.91649  23.7%   103 1997s
 584103 373424 5989.31582   37  262 7611.00000 5807.13490  23.7%   103 2002s
 585162 373993 6070.03034   38  100 7611.00000 5807.21207  23.7%   104 2007s
 586176 374646 6078.57868   27  244 7611.00000 5807.37425  23.7%   104 2013s
 587365 375323 infeasible   37      7611.00000 5807.53055  23.7%   104 2017s
 588581 376064 5943.76087   29  154 7611.00000 5807.66754  23.7%   104 2021s
 589764 377064 5887.66667   35  233 7611.00000 5807.84310  23.7%   104 2026s
 591260 377940 6057.61851   27  110 7611.00000 5807.94076  23.7%   104 2030s
 592519 378514 6022.21283   32  242 7611.00000 5808.03050  23.7%   103 2035s
 594552 380039 6287.77072   54  177 7611.00000 5808.20452  23.7%   104 2043s
 595895 380866 7134.08371   58  149 7611.00000 5808.34701  23.7%   104 2048s
 597181 381484 6082.13476   47  106 7611.00000 5808.48025  23.7%   103 2053s
 598108 382228 5984.23568   29  219 7611.00000 5808.64365  23.7%   103 2057s
 599247 382909     cutoff   38      7611.00000 5808.73692  23.7%   103 2062s
 600341 383499 5904.05493   27  225 7611.00000 5808.87633  23.7%   103 2066s
 601342 384244 6106.15238   44  202 7611.00000 5808.96728  23.7%   104 2071s
 602604 385393 5834.61435   43  256 7611.00000 5809.07803  23.7%   103 2076s
 604276 386301 5895.97115   32  265 7611.00000 5809.25350  23.7%   103 2080s
 605673 386734 5892.46179   37  224 7611.00000 5809.34787  23.7%   103 2085s
 606416 388008 5910.77455   31  213 7611.00000 5809.47004  23.7%   103 2092s
 608460 389035 6947.75981   40  153 7611.00000 5809.67892  23.7%   103 2097s
 609974 389741 6111.83090   44  180 7611.00000 5809.88095  23.7%   103 2102s
 611241 390589 5856.96905   25  311 7611.00000 5809.94171  23.7%   103 2106s
 612577 391360 6923.57670   59  134 7611.00000 5810.07639  23.7%   103 2111s
 613756 392290 6166.27146   39  144 7611.00000 5810.25000  23.7%   103 2116s
 615102 392902 6042.56458   31  214 7611.00000 5810.38209  23.7%   103 2121s
 616166 393559 5864.02744   33  192 7611.00000 5810.45341  23.7%   103 2125s
 617190 394101 6421.41333   36  187 7611.00000 5810.59889  23.7%   103 2130s
 618232 394814 6001.07599   30  210 7611.00000 5810.78582  23.7%   103 2135s
 619382 395654 6049.48600   27  133 7611.00000 5810.88323  23.7%   103 2141s
 620665 396564 5972.23477   37  126 7611.00000 5810.98485  23.7%   103 2146s
 622060 397220 6056.85485   33  193 7611.00000 5811.10168  23.6%   103 2151s
 623148 397895 6522.26687   27  223 7611.00000 5811.30728  23.6%   103 2156s
 624289 397903 6102.29495   61  156 7611.00000 5811.36132  23.6%   103 2162s
 624305 405327     cutoff   63      7611.00000 5811.36132  23.6%   103 2215s
 636305 406327 5983.62998   39  194 7611.00000 5812.39426  23.6%   103 2221s
 637867 406934 6065.70404   36  175 7611.00000 5812.59771  23.6%   103 2228s
 638748 407633 7117.80178   50  147 7611.00000 5812.70415  23.6%   103 2234s
 640099 408607     cutoff   36      7611.00000 5812.75000  23.6%   103 2239s
 641747 409298 6024.80920   30  218 7611.00000 5812.93927  23.6%   103 2245s
 642945 409887     cutoff   71      7611.00000 5813.02008  23.6%   103 2250s
 643980 410857     cutoff   27      7611.00000 5813.17417  23.6%   103 2255s
 645462 411575 7386.93712   42   95 7611.00000 5813.27844  23.6%   103 2260s
 646607 412378 6765.54403   38  151 7611.00000 5813.31126  23.6%   103 2265s
 647957 413136 6045.92044   31  164 7611.00000 5813.46288  23.6%   103 2270s
 649143 413773 6806.50043   40  137 7611.00000 5813.62975  23.6%   103 2275s
 650366 414584 6281.01456   80  139 7611.00000 5813.75183  23.6%   103 2280s
 652949 416073 6077.79571   46  147 7611.00000 5813.97708  23.6%   103 2289s
 654079 416989 6146.05490   31  147 7611.00000 5814.00691  23.6%   103 2294s
 655441 417579 6596.84881   30  179 7611.00000 5814.17612  23.6%   103 2299s
 656450 418585 5852.06093   30  204 7611.00000 5814.28139  23.6%   103 2304s
 657946 419264 5872.64500   34  178 7611.00000 5814.40869  23.6%   103 2309s
 659124 420144 6068.67236   31  153 7611.00000 5814.53567  23.6%   103 2314s
 660547 420850 7365.57792   46  103 7611.00000 5814.62944  23.6%   103 2319s
 661653 421488 6084.80878   28  195 7611.00000 5814.74974  23.6%   103 2324s
 662762 422363 6435.31739   70  138 7611.00000 5814.86112  23.6%   103 2329s
 664140 423162 infeasible   39      7611.00000 5815.05373  23.6%   103 2334s
 665473 423882     cutoff   47      7611.00000 5815.15442  23.6%   103 2340s
 666653 424874 6322.24417   44  197 7611.00000 5815.29312  23.6%   103 2345s
 668311 425558 6960.23153   71  130 7611.00000 5815.36779  23.6%   103 2350s
 670761 427294 5902.10673   31  292 7611.00000 5815.67332  23.6%   103 2359s
 672097 428151 5996.46154   45  135 7611.00000 5815.82680  23.6%   103 2363s
 673514 428690 7188.51428   41  101 7611.00000 5815.96000  23.6%   103 2368s
 674556 429157 6395.36006   44  118 7611.00000 5816.07797  23.6%   103 2373s
 675560 429992 6061.98058   29  214 7611.00000 5816.16433  23.6%   103 2378s
 676869 430555 5932.84728   34  163 7611.00000 5816.29114  23.6%   103 2382s
 677856 431399 5848.10487   31  107 7611.00000 5816.37605  23.6%   103 2387s
 679107 432264     cutoff   43      7611.00000 5816.52984  23.6%   103 2391s
 680491 433182 6285.07515   61  118 7611.00000 5816.57400  23.6%   103 2396s
 681949 433979 6469.37336   60  148 7611.00000 5816.68297  23.6%   103 2400s
 684238 435388 6013.30539   36  232 7611.00000 5816.93069  23.6%   103 2408s
 685254 436216 6099.87167   36  151 7611.00000 5817.07297  23.6%   103 2412s
 686494 436715 6275.09521   32  169 7611.00000 5817.16310  23.6%   103 2417s
 687489 436850 5913.42492   30  147 7611.00000 5817.25000  23.6%   103 2422s
 687722 437331 5961.70895   31  135 7611.00000 5817.25000  23.6%   103 2427s
 688590 438110 6241.01377   40  118 7611.00000 5817.26242  23.6%   103 2431s
 689832 438661 7145.32987   75   16 7611.00000 5817.44444  23.6%   103 2436s
 691018 439413 6055.74527   32  205 7611.00000 5817.58528  23.6%   103 2441s
 692239 440242 6815.12867   47  122 7611.00000 5817.71421  23.6%   103 2446s
 693624 440502 6020.29391   35  235 7611.00000 5817.71565  23.6%   103 2452s
 694013 441228 6020.56750   36  207 7611.00000 5817.77690  23.6%   103 2456s
 695072 442101 5850.36619   37  171 7611.00000 5817.87514  23.6%   103 2462s
 696385 442933 6030.74897   33  100 7611.00000 5818.08235  23.6%   103 2467s
 697608 443950 6500.16174   54  126 7611.00000 5818.17304  23.6%   103 2473s
 699089 444843 6564.56583   45  123 7611.00000 5818.34007  23.6%   103 2477s
 700477 445503 5935.73361   41  204 7611.00000 5818.47821  23.6%   103 2481s
 701471 446156 6138.46252   35  156 7611.00000 5818.59427  23.6%   103 2485s
 702543 446852 infeasible   39      7611.00000 5818.66667  23.5%   103 2490s
 703666 447692 6009.84459   39  233 7611.00000 5818.71896  23.5%   103 2495s
 704886 448607 6304.75318   46   96 7611.00000 5818.95382  23.5%   103 2500s
 706238 449460 5862.05792   27  172 7611.00000 5819.03592  23.5%   103 2505s
 708635 450846 7326.32155   59   86 7611.00000 5819.26904  23.5%   103 2514s
 709797 451845 6071.86515   36  224 7611.00000 5819.26904  23.5%   103 2518s
 711271 452648 5881.05691   31  102 7611.00000 5819.45727  23.5%   102 2523s
 712557 453430 5932.44855   46  247 7611.00000 5819.58703  23.5%   102 2528s
 713805 454213 6297.40152   62  130 7611.00000 5819.71478  23.5%   102 2532s
 714973 454922 6689.92400   41  155 7611.00000 5819.80005  23.5%   102 2537s
 716134 455710     cutoff   29      7611.00000 5819.88718  23.5%   102 2542s
 717367 456342 5934.04500   30  212 7611.00000 5820.00452  23.5%   102 2546s
 718498 456937 6487.54688   40  209 7611.00000 5820.12340  23.5%   102 2552s
 719583 457859 6627.83429   29  199 7611.00000 5820.23714  23.5%   102 2557s
 720987 458630 6094.78434   36  182 7611.00000 5820.37567  23.5%   102 2562s
 722219 459314 infeasible   34      7611.00000 5820.47641  23.5%   102 2567s
 723357 460296 6340.63577   53  135 7611.00000 5820.62823  23.5%   102 2572s
 724835 461286 6076.37417   46  128 7611.00000 5820.86303  23.5%   102 2576s
 726296 461918 6627.31740   93  124 7611.00000 5820.98611  23.5%   102 2582s
 727480 462812 5888.23376   31  229 7611.00000 5821.08847  23.5%   102 2587s
 728776 463610 5907.08087   27  157 7611.00000 5821.18015  23.5%   102 2592s
 730049 464435 6028.03900   30  173 7611.00000 5821.34263  23.5%   102 2597s
 731306 465351 5892.76748   41  159 7611.00000 5821.41584  23.5%   102 2601s
 732696 466220     cutoff   50      7611.00000 5821.60277  23.5%   102 2606s
 733988 466904 6108.39043   35  191 7611.00000 5821.73429  23.5%   102 2611s
 735128 467655 5966.12482   40  201 7611.00000 5821.81803  23.5%   102 2616s
 736359 468454 5977.68409   34  194 7611.00000 5821.98754  23.5%   102 2621s
 737590 469264     cutoff   39      7611.00000 5822.08596  23.5%   102 2626s
 738978 469889 6522.62861   34  214 7611.00000 5822.18430  23.5%   102 2630s
 740014 470457 5879.66743   26  219 7611.00000 5822.29529  23.5%   102 2636s
 740858 471012 5899.02732   44  205 7611.00000 5822.38105  23.5%   102 2641s
 741739 471664 5901.88983   45   66 7611.00000 5822.38105  23.5%   102 2646s
 742800 472685 6076.03539   59  124 7611.00000 5822.50915  23.5%   102 2651s
 744317 473498 5992.91667   31  191 7611.00000 5822.68597  23.5%   102 2656s
 745666 474390 6186.85712   37  155 7611.00000 5822.86742  23.5%   102 2661s
 747004 475402 6169.33934   38  163 7611.00000 5822.97115  23.5%   102 2666s
 748546 476272 6627.51616   78  149 7611.00000 5823.08092  23.5%   102 2672s
 749953 477100 5963.63300   45  243 7611.00000 5823.17577  23.5%   102 2676s
 751279 477295 6276.44595   48  166 7611.00000 5823.22725  23.5%   102 2682s
 751560 478028 6279.21562   53  153 7611.00000 5823.22725  23.5%   102 2686s
 752612 478748 6061.09184   35  168 7611.00000 5823.33966  23.5%   102 2691s
 753698 479323 5881.41097   23  255 7611.00000 5823.47947  23.5%   102 2696s
 754629 480303     cutoff   36      7611.00000 5823.57780  23.5%   102 2702s
 756131 481471 5893.83717   39  216 7611.00000 5823.79692  23.5%   102 2707s
 757875 482274 6102.24791   52  166 7611.00000 5823.93333  23.5%   102 2713s
 759099 483040 6292.22752   43  153 7611.00000 5824.08545  23.5%   102 2718s
 760331 483764 6005.95498   50  159 7611.00000 5824.17739  23.5%   102 2722s
 761781 484697 infeasible   40      7611.00000 5824.32021  23.5%   102 2727s
 763289 485490 6705.52522   38  145 7611.00000 5824.45023  23.5%   102 2732s
 764547 486141 6673.30466   63   68 7611.00000 5824.58996  23.5%   102 2736s
 765571 487019 6172.12729   59  163 7611.00000 5824.72781  23.5%   102 2741s
 766944 487999 5884.35650   28  256 7611.00000 5824.82264  23.5%   102 2745s
 768366 488803 6013.86571   37  116 7611.00000 5824.92762  23.5%   102 2750s
 770756 490004 5893.20662   28  300 7611.00000 5825.17401  23.5%   102 2759s
 771733 490615 5972.74314   32  166 7611.00000 5825.25670  23.5%   102 2764s
 772793 491650 6184.02108   62  128 7611.00000 5825.27174  23.5%   102 2769s
 774384 492393 5961.19585   34  252 7611.00000 5825.57143  23.5%   102 2773s
 775502 493073 5949.88750   46  145 7611.00000 5825.68091  23.5%   102 2778s
 776741 493814 5931.83177   29  246 7611.00000 5825.76567  23.5%   102 2783s
 777954 494707 6214.97383   31  182 7611.00000 5825.97255  23.5%   102 2788s
 779290 495700 5899.02117   42  257 7611.00000 5826.12368  23.5%   102 2793s
 780798 496438 infeasible   25      7611.00000 5826.24046  23.4%   102 2798s
 782101 496950 6331.99642   37  162 7611.00000 5826.37322  23.4%   102 2803s
 783123 497757 infeasible   35      7611.00000 5826.48097  23.4%   102 2808s
 784367 498362 6000.40580   29  180 7611.00000 5826.55773  23.4%   102 2813s
 785486 499241 7023.47489   51  142 7611.00000 5826.65818  23.4%   102 2817s
 786864 499890 6016.07166   33  247 7611.00000 5826.79666  23.4%   102 2822s
 787963 500505 6586.82066   39  178 7611.00000 5826.87500  23.4%   102 2828s
 789065 501322 6289.08515   37  222 7611.00000 5826.98023  23.4%   102 2833s
 790417 502248 6086.98509   46  161 7611.00000 5827.10106  23.4%   102 2837s
 791820 502634 5988.27136   33  170 7611.00000 5827.24183  23.4%   102 2841s
 792529 503356 5932.56214   39  160 7611.00000 5827.33333  23.4%   102 2846s
 793690 504194 6385.98847   48  155 7611.00000 5827.45396  23.4%   102 2851s
 795002 504930 5874.02227   29  258 7611.00000 5827.65547  23.4%   102 2856s
 796189 505669 6405.64495   32  242 7611.00000 5827.79104  23.4%   102 2861s
 797462 506482 5841.95277   46  265 7611.00000 5827.86625  23.4%   102 2866s
 798803 507195 infeasible   29      7611.00000 5827.99202  23.4%   102 2871s
 799952 508046 infeasible   32      7611.00000 5828.09724  23.4%   102 2876s
 801378 508848 6200.84611   31  139 7611.00000 5828.16903  23.4%   102 2881s
 802647 509678 6690.21217   61  115 7611.00000 5828.25105  23.4%   102 2886s
 803913 510408 6205.64432   41  129 7611.00000 5828.43655  23.4%   102 2892s
 805092 511229 5959.66667   39  195 7611.00000 5828.56116  23.4%   102 2897s
 806376 512040 6336.66910   39  161 7611.00000 5828.73258  23.4%   102 2901s
 807655 512713 5888.89458   25  126 7611.00000 5828.89211  23.4%   102 2906s
 808758 513662 6082.52408   39  181 7611.00000 5829.02792  23.4%   102 2911s
 810169 513851 5944.00000   28  156 7611.00000 5829.20942  23.4%   102 2915s
 810400 514697 5944.00000   29  154 7611.00000 5829.20942  23.4%   102 2920s
 811623 515450 5831.26432   32  202 7611.00000 5829.29163  23.4%   102 2925s
 812923 516323 6181.67088   55  142 7611.00000 5829.37922  23.4%   102 2930s
 814291 517354 6167.45537   39  130 7611.00000 5829.48710  23.4%   102 2935s
 815774 518243 6707.96945   73  120 7611.00000 5829.60991  23.4%   102 2940s
 817098 519090 6140.48727   42   99 7611.00000 5829.71914  23.4%   102 2945s
 819737 520763 6446.53718   45  118 7611.00000 5829.93660  23.4%   102 2954s
 821031 521343 7387.76341   95   93 7611.00000 5830.04318  23.4%   102 2958s
 822079 522148 5944.05436   22  140 7611.00000 5830.14889  23.4%   102 2963s
 823345 522828 6055.57382   36  147 7611.00000 5830.23171  23.4%   102 2967s
 824562 523592 infeasible   25      7611.00000 5830.33846  23.4%   102 2972s
 825794 524229 6297.75006   37  197 7611.00000 5830.41465  23.4%   102 2978s
 826758 525010 6212.99771   45  196 7611.00000 5830.47803  23.4%   102 2982s
 827879 525918 6626.87889   66  112 7611.00000 5830.57058  23.4%   102 2987s
 829277 526744 5869.89080   40  144 7611.00000 5830.66611  23.4%   102 2992s
 830645 527547 7071.54570   81   95 7611.00000 5830.76392  23.4%   102 2997s
 831895 528046 6792.96976   63  115 7611.00000 5830.84154  23.4%   102 3002s
 832924 528760     cutoff   29      7611.00000 5830.96494  23.4%   102 3006s
 834131 529423 6002.97791   37  167 7611.00000 5831.02998  23.4%   102 3011s
 835252 530355 5932.59651   28  186 7611.00000 5831.14546  23.4%   102 3016s
 836740 531090 7329.17975   97   99 7611.00000 5831.20003  23.4%   102 3021s
 838024 531936 6806.85947   43  140 7611.00000 5831.37236  23.4%   102 3025s
 839518 532749 6611.37777   39  174 7611.00000 5831.44786  23.4%   102 3030s
 840833 533246 5937.25120   24  233 7611.00000 5831.55145  23.4%   102 3035s
 841850 533879 5854.41097   33  212 7611.00000 5831.64686  23.4%   102 3040s
 844251 535477 6781.75095   35  189 7611.00000 5831.71163  23.4%   102 3049s
 845588 536375 5880.35294   26   53 7611.00000 5831.80363  23.4%   102 3054s
 847037 537171 5968.00584   31  185 7611.00000 5831.90625  23.4%   102 3058s
 848283 537703 5955.28943   26  142 7611.00000 5831.96171  23.4%   102 3062s
 849137 538381 6037.67954   37  130 7611.00000 5832.02410  23.4%   102 3067s
 850254 539284 6412.41483   72  128 7611.00000 5832.10447  23.4%   102 3072s
 851602 539993 5866.61445   34  181 7611.00000 5832.17394  23.4%   102 3077s
 852705 540633 6427.98119   46  176 7611.00000 5832.21934  23.4%   102 3081s
 853905 541172 5843.92992   25  269 7611.00000 5832.34604  23.4%   102 3086s
 854700 541800 5939.96151   31  291 7611.00000 5832.36914  23.4%   102 3091s
 855815 542667 5953.75593   38  138 7611.00000 5832.42175  23.4%   102 3096s
 857263 543659 5869.60711   36  264 7611.00000 5832.54848  23.4%   102 3101s
 858720 544465 5873.09053   33  256 7611.00000 5832.66667  23.4%   101 3106s
 860013 545191 6043.74922   34  126 7611.00000 5832.75684  23.4%   101 3111s
 861120 546092 5999.26140   36  110 7611.00000 5832.82828  23.4%   101 3115s
 862480 546715 5944.00000   29  140 7611.00000 5832.92235  23.4%   101 3120s
 863496 547643 7186.11453   69  145 7611.00000 5832.93361  23.4%   101 3125s
 864872 548524 6048.44082   43  144 7611.00000 5833.10431  23.4%   101 3130s
 866941 549900 5989.20671   31  127 7611.00000 5833.21008  23.4%   101 3139s
 868156 550848 5959.69231   34  123 7611.00000 5833.32153  23.4%   101 3144s
 869562 551618 6194.79530   71  174 7611.00000 5833.34955  23.4%   101 3148s
 870859 552396 6169.52044   36  222 7611.00000 5833.39007  23.4%   101 3153s
 872042 553040 6374.71128   37  113 7611.00000 5833.43217  23.4%   101 3158s
 873164 554001 5882.46667   33   92 7611.00000 5833.55932  23.4%   101 3162s
 874678 554666 5908.45256   41  236 7611.00000 5833.67297  23.4%   101 3167s
 875894 555415 5994.37500   30  145 7611.00000 5833.72917  23.4%   101 3172s
 877189 556166 6670.25143   50  132 7611.00000 5833.83756  23.3%   101 3176s
 878446 557134 5849.27430   29  191 7611.00000 5833.93309  23.3%   101 3180s
 879907 557992 7450.04380   66   99 7611.00000 5833.99003  23.3%   101 3185s
 882513 559632     cutoff   77      7611.00000 5834.11700  23.3%   101 3193s
 883826 560363 infeasible   34      7611.00000 5834.23102  23.3%   101 3198s
 885151 561263 6084.68204   47  242 7611.00000 5834.27500  23.3%   101 3202s
 886543 562282 6484.17952   54  141 7611.00000 5834.32059  23.3%   101 3206s
 887992 563102 6086.66667   30  150 7611.00000 5834.45892  23.3%   101 3210s
 889144 563823 7504.47396   74  151 7611.00000 5834.50984  23.3%   101 3215s
 891459 565260 7276.80185   61  136 7611.00000 5834.67970  23.3%   101 3223s
 892497 566143 5979.81250   31  145 7611.00000 5834.75000  23.3%   101 3227s
 893851 567182 5873.26906   31  237 7611.00000 5834.80270  23.3%   101 3231s
 895383 568100 6165.27112   34   86 7611.00000 5834.90322  23.3%   101 3235s
 896770 568619 5962.12220   33  218 7611.00000 5834.96832  23.3%   101 3240s
 898879 570424 6498.10735   53  150 7611.00000 5835.02621  23.3%   101 3249s
 900334 571129 6077.67365   32  213 7611.00000 5835.18233  23.3%   101 3253s
 901338 572070 infeasible   45      7611.00000 5835.25066  23.3%   101 3258s
 902770 572777 6393.17416   48  195 7611.00000 5835.35556  23.3%   101 3262s
 903819 573304 5940.74134   50  171 7611.00000 5835.41641  23.3%   101 3267s
 904577 574325 6556.39686   70  131 7611.00000 5835.44838  23.3%   101 3272s
 906069 575065 5965.06592   39  193 7611.00000 5835.52627  23.3%   101 3276s
 907183 575888 6393.74439   70  102 7611.00000 5835.60941  23.3%   101 3281s
 908439 576722 5871.67035   31  228 7611.00000 5835.69231  23.3%   101 3285s
 909774 577292 6204.42020   40  126 7611.00000 5835.78908  23.3%   101 3290s
 910804 577939 7098.09636   35  169 7611.00000 5835.90031  23.3%   101 3295s
 911806 578721 5937.78117   36  305 7611.00000 5835.93892  23.3%   101 3300s
 912999 579593 6150.51377   30  100 7611.00000 5836.00000  23.3%   101 3305s
 915468 581074 6174.45733   56  137 7611.00000 5836.21545  23.3%   101 3314s
 916631 582012 5838.08114   34  187 7611.00000 5836.28058  23.3%   101 3319s
 918133 582666 5927.85647   36  156 7611.00000 5836.39246  23.3%   101 3323s
 919177 583381 6686.53094   52  143 7611.00000 5836.47679  23.3%   101 3328s
 920276 584187     cutoff   42      7611.00000 5836.60834  23.3%   101 3334s
 921562 584870 5879.38932   31  240 7611.00000 5836.66667  23.3%   101 3338s
 922870 585803     cutoff   88      7611.00000 5836.71662  23.3%   101 3342s
 924257 586594 6346.73115   57  139 7611.00000 5836.80197  23.3%   101 3347s
 925519 587153 6068.08806   31  112 7611.00000 5836.88418  23.3%   101 3351s
 926478 587883 6274.00737   54  122 7611.00000 5836.97862  23.3%   101 3356s
 927752 588610 5907.99232   30  282 7611.00000 5837.04061  23.3%   101 3361s
 928885 589466 5909.12431   38  215 7611.00000 5837.16724  23.3%   101 3366s
 930183 590047 5955.40411   33  240 7611.00000 5837.28431  23.3%   101 3370s
 931189 590584 6267.46682   30  157 7611.00000 5837.29283  23.3%   101 3375s
 932145 591404 6105.36646   34  240 7611.00000 5837.32321  23.3%   101 3380s
 933424 592608 7149.62141   75  182 7611.00000 5837.41031  23.3%   101 3385s
 936950 594325 7538.45987   85   57 7611.00000 5837.62236  23.3%   101 3394s
 937936 595085 6848.65632   37  245 7611.00000 5837.67555  23.3%   101 3398s
 939219 595498 7452.29494   76  108 7611.00000 5837.72772  23.3%   101 3401s
 940122 595878     cutoff   39      7611.00000 5837.84343  23.3%   101 3405s
 941041 596662 6164.50819   43  134 7611.00000 5837.86667  23.3%   101 3410s
 943561 598212 5923.46518   36  223 7611.00000 5838.02234  23.3%   100 3418s
 944706 599120     cutoff   49      7611.00000 5838.09376  23.3%   100 3422s
 946029 599862 6014.56522   32  174 7611.00000 5838.18439  23.3%   100 3426s
 947161 600435 6070.72218   41  136 7611.00000 5838.25289  23.3%   100 3430s
 948177 601152 5845.49567   33  209 7611.00000 5838.32488  23.3%   100 3435s
 950317 602703 5968.41998   40  203 7611.00000 5838.54689  23.3%   100 3443s
 951566 603422 6169.19592   38  219 7611.00000 5838.55738  23.3%   100 3448s
 952765 604076 7095.66850   95  124 7611.00000 5838.71676  23.3%   100 3452s
 953995 604732 7387.85586   63  145 7611.00000 5838.77579  23.3%   100 3457s
 955091 605687 6368.00000   35  121 7611.00000 5838.89419  23.3%   100 3462s
 956838 606381 6176.04718   41  146 7611.00000 5838.99526  23.3%   100 3466s
 957842 607190 7036.06176   58  115 7611.00000 5839.04704  23.3%   100 3471s
 959187 607866 6106.07111   34  103 7611.00000 5839.11613  23.3%   100 3476s
 960469 608770 7227.63012   64  111 7611.00000 5839.21198  23.3%   100 3480s
 961867 609425 6029.82519   36  271 7611.00000 5839.29680  23.3%   100 3485s
 962899 610156 7354.21558   31  177 7611.00000 5839.38528  23.3%   100 3490s
 965234 611743 5964.81710   38  154 7611.00000 5839.49243  23.3%   100 3499s
 966591 612442 6079.83667   60  158 7611.00000 5839.58182  23.3%   100 3504s
 967692 613215 6208.46689   37  214 7611.00000 5839.63836  23.3%   100 3509s
 969006 613930     cutoff   67      7611.00000 5839.71111  23.3%   100 3514s
 970151 614795 6207.32709   57  112 7611.00000 5839.77405  23.3%   100 3519s
 971496 615710 5867.48553   23  255 7611.00000 5839.85381  23.3%   100 3524s
 972818 616470     cutoff   86      7611.00000 5839.89225  23.3%   100 3528s
 973941 617404 6702.89553   78  114 7611.00000 5839.99317  23.3%   100 3534s
 975244 618322 5860.98234   37  257 7611.00000 5840.00000  23.3%   100 3539s
 976580 619108 6150.20994   24   65 7611.00000 5840.00000  23.3%   100 3544s
 977782 619948 6303.33058   54  195 7611.00000 5840.00000  23.3%   100 3549s
 979040 620611 6955.24363   50  155 7611.00000 5840.00000  23.3%   100 3554s
 980040 621335 6437.69706   28  236 7611.00000 5840.01701  23.3%   100 3560s
 981167 622022 6067.25680   33  184 7611.00000 5840.03706  23.3%   100 3565s
 982508 622461 6167.18621   31   97 7611.00000 5840.05400  23.3%   100 3570s
 983597 623452 5877.66667   34  161 7611.00000 5840.05517  23.3%   100 3575s
 985011 624293 5946.81056   26  184 7611.00000 5840.07243  23.3%   100 3580s
 986270 625317 5981.16028   34  237 7611.00000 5840.09099  23.3%   100 3585s
 987717 626254 6455.47784   81  162 7611.00000 5840.11039  23.3%   100 3590s
 989156 627137 6131.43000   38  177 7611.00000 5840.13660  23.3%   100 3595s
 990494 627887 5960.83042   32  246 7611.00000 5840.17305  23.3%   100 3600s
 991669 628622 6389.13045   49  149 7611.00000 5840.20650  23.3%   100 3605s
 992830 629628 6496.82112   64  120 7611.00000 5840.24743  23.3%   100 3610s
 995452 630938 6459.88820   38  145 7611.00000 5840.35085  23.3%   100 3619s
 996654 631664 6491.01085   39   88 7611.00000 5840.40288  23.3%   100 3624s
 997788 632693 6096.14436   46  215 7611.00000 5840.45310  23.3%   100 3629s
 999253 633312 5997.00000   39  197 7611.00000 5840.53440  23.3%   100 3635s
 1001598 635072 6000.58289   35  214 7611.00000 5840.60432  23.3%   100 3644s
 1003021 635926 6457.66923   45  194 7611.00000 5840.62655  23.3%   100 3649s
 1004388 636639 5884.97203   33  155 7611.00000 5840.69020  23.3%   100 3654s
 1005572 637474 6129.69131   57  171 7611.00000 5840.71778  23.3%   100 3659s
 1006793 638420 5961.85291   36  274 7611.00000 5840.77976  23.3%   100 3664s
 1008226 639556 5847.36157   35  185 7611.00000 5840.81833  23.3%   100 3668s
 1009907 640107 5901.80287   34  256 7611.00000 5840.83192  23.3%   100 3672s
 1010715 640818 6043.65206   31  251 7611.00000 5840.85007  23.3%   100 3676s
 1011790 641405 6095.39226   39  224 7611.00000 5840.91111  23.3%   100 3680s
 1012722 642112 6053.90913   28  124 7611.00000 5840.93976  23.3%   100 3685s
 1014754 643474 6123.95672   33  136 7611.00000 5841.00000  23.3%   100 3694s
 1016141 643973 7263.39154   97   98 7611.00000 5841.02396  23.3%   100 3699s
 1017046 644868 5872.39158   29  276 7611.00000 5841.07397  23.3%   100 3703s
 1018568 645635 6524.53002   46  175 7611.00000 5841.07397  23.3%   100 3708s
 1019944 646276 5925.59556   24  192 7611.00000 5841.12857  23.3%   100 3712s
 1021004 646993 6110.59114   42  196 7611.00000 5841.16030  23.3%   100 3717s
 1022061 647818 5954.00000   30  144 7611.00000 5841.19599  23.3%   100 3722s
 1023343 648547 5881.22941   29  178 7611.00000 5841.24528  23.3%   100 3727s
 1024450 649350 6278.36977   27  213 7611.00000 5841.29274  23.3%   100 3732s
 1025665 650295 5894.74252   27  118 7611.00000 5841.31983  23.3%   100 3736s
 1027050 651095 6304.71972   43  164 7611.00000 5841.37730  23.3%   100 3741s
 1028386 651889 5854.84363   28  262 7611.00000 5841.40272  23.3%   100 3746s
 1029669 652598 6896.88913   94  124 7611.00000 5841.46689  23.2%   100 3751s
 1030682 653504 5944.00000   33  102 7611.00000 5841.50195  23.2%   100 3756s
 1031973 654197 5873.44444   27  138 7611.00000 5841.52677  23.2%   100 3760s
 1034271 655487 6280.79164   43  153 7611.00000 5841.61181  23.2%   100 3769s
 1035436 656205     cutoff   35      7611.00000 5841.65137  23.2%   100 3774s
 1036583 656714 7197.98480   34  179 7611.00000 5841.67966  23.2%   100 3779s
 1037540 657428 6101.21476   44  140 7611.00000 5841.74946  23.2%   100 3784s
 1038710 658195 6113.86440   44   95 7611.00000 5841.79013  23.2%   101 3789s
 1039946 658998 6967.08597   60  107 7611.00000 5841.85086  23.2%   101 3794s
 1041227 659864 6052.83363   35  172 7611.00000 5841.90327  23.2%   101 3799s
 1042451 660702 5847.50939   34  296 7611.00000 5841.95836  23.2%   101 3803s
 1043755 661491 6145.78094   38  166 7611.00000 5842.00000  23.2%   101 3808s
 1045000 662124 5948.13085   32  194 7611.00000 5842.04841  23.2%   101 3813s
 1046021 663002 6236.76640   42  197 7611.00000 5842.09936  23.2%   101 3819s
 1047464 663947     cutoff   31      7611.00000 5842.14900  23.2%   101 3824s
 1048910 664757 infeasible   36      7611.00000 5842.20000  23.2%   101 3829s
 1050174 665591 6065.10887   46  173 7611.00000 5842.23776  23.2%   101 3834s
 1051511 666465 6382.22886   79  125 7611.00000 5842.27940  23.2%   101 3839s
 1052888 667529 6163.14420   34  140 7611.00000 5842.33626  23.2%   101 3844s
 1054403 668343 6038.25326   39  204 7611.00000 5842.38132  23.2%   100 3848s
 1055688 669189 5935.36310   42  190 7611.00000 5842.41790  23.2%   100 3853s
 1056865 670119 6031.53846   37  196 7611.00000 5842.46412  23.2%   100 3858s
 1058174 670938 6193.31331   55  143 7611.00000 5842.48611  23.2%   100 3862s
 1059496 671346 7277.37585   47   89 7611.00000 5842.53342  23.2%   100 3867s
 1060336 672363 5999.56409   27  131 7611.00000 5842.56570  23.2%   101 3872s
 1061796 673234 5929.31600   37  139 7611.00000 5842.63284  23.2%   100 3877s
 1063078 674121 6240.57860   50  177 7611.00000 5842.66332  23.2%   100 3882s
 1064425 674610 6895.46672   72  170 7611.00000 5842.70000  23.2%   100 3885s
 1065359 675399     cutoff   51      7611.00000 5842.74288  23.2%   100 3890s
 1066783 676002 7289.07290   34  140 7611.00000 5842.81829  23.2%   100 3895s
 1067691 676859 6502.81872   58   83 7611.00000 5842.83563  23.2%   100 3900s
 1070321 678367 6240.32692   32  171 7611.00000 5842.91429  23.2%   100 3909s
 1071618 679024 5885.74385   27   57 7611.00000 5842.92385  23.2%   100 3914s
 1072761 679484 6023.44444   26  153 7611.00000 5842.99675  23.2%   100 3918s
 1073538 680037 infeasible   38      7611.00000 5842.99992  23.2%   100 3923s
 1074504 680923 6933.81509   32  141 7611.00000 5843.00000  23.2%   101 3928s
 1075760 681609 6335.28707   40  147 7611.00000 5843.00000  23.2%   101 3934s
 1076784 682207 6659.35526   36  183 7611.00000 5843.00000  23.2%   101 3939s
 1077733 682916 5948.86780   24  179 7611.00000 5843.00000  23.2%   101 3944s
 1078757 683648 5906.98365   31  203 7611.00000 5843.00000  23.2%   101 3950s
 1079806 684424 5844.56401   25  287 7611.00000 5843.00000  23.2%   101 3956s
 1080982 685041 infeasible   40      7611.00000 5843.00000  23.2%   101 3961s
 1081920 685998 6837.53092   52  158 7611.00000 5843.00000  23.2%   101 3966s
 1083384 686963 5888.50066   27  184 7611.00000 5843.00000  23.2%   101 3972s
 1084898 687867 6026.34893   38  172 7611.00000 5843.01187  23.2%   101 3977s
 1086285 688510 6972.65543   87  118 7611.00000 5843.04108  23.2%   101 3982s
 1087365 689207 6208.70127   42  166 7611.00000 5843.05420  23.2%   101 3987s
 1088532 690003     cutoff   39      7611.00000 5843.07247  23.2%   101 3992s
 1089804 690721     cutoff   67      7611.00000 5843.09226  23.2%   101 3998s
 1090924 691434 6127.64675   35  172 7611.00000 5843.10984  23.2%   101 4002s
 1092158 692243 6142.71633   42  173 7611.00000 5843.14753  23.2%   101 4008s
 1093418 692997 7221.17377   64  123 7611.00000 5843.18223  23.2%   101 4013s
 1094758 693760 infeasible   49      7611.00000 5843.20513  23.2%   101 4018s
 1096025 694825 6016.44548   32  216 7611.00000 5843.23505  23.2%   101 4024s
 1097530 695471 5887.33631   35  317 7611.00000 5843.28627  23.2%   101 4029s
 1098618 696209 6103.48769   41  168 7611.00000 5843.31185  23.2%   101 4034s
 1099816 697027 5878.73798   24  304 7611.00000 5843.33889  23.2%   101 4039s
 1101069 697820 6195.50548   40  191 7611.00000 5843.36911  23.2%   101 4043s
 1102389 698395 5957.92150   24  165 7611.00000 5843.42036  23.2%   101 4048s
 1103356 699183 6989.00218   81  142 7611.00000 5843.43135  23.2%   101 4053s
 1104712 700020 6129.01566   30  164 7611.00000 5843.47242  23.2%   101 4057s
 1106000 700667 6073.89896   51  161 7611.00000 5843.50756  23.2%   101 4062s
 1107076 701441 6438.27109   56  167 7611.00000 5843.52907  23.2%   101 4066s
 1108311 702349 6750.45161   53  160 7611.00000 5843.56148  23.2%   101 4071s
 1109644 703106 6166.15977   41  130 7611.00000 5843.60852  23.2%   101 4076s
 1110764 703858 6061.00000   33   52 7611.00000 5843.64665  23.2%   101 4081s
 1112003 704839 7273.17614   42   58 7611.00000 5843.66074  23.2%   101 4086s
 1113505 705694 5961.03957   34  265 7611.00000 5843.68762  23.2%   101 4091s
 1114770 706647 infeasible   28      7611.00000 5843.73099  23.2%   101 4095s
 1116180 707204 5854.07624   29  310 7611.00000 5843.75927  23.2%   101 4100s
 1118422 708678 6334.53700   45  172 7611.00000 5843.82381  23.2%   101 4109s
 1119454 709610 5949.75327   29  257 7611.00000 5843.87121  23.2%   101 4115s
 1120940 710728 6053.45594   32  173 7611.00000 5843.90461  23.2%   101 4120s
 1122552 711606 5952.53030   32  220 7611.00000 5843.93653  23.2%   101 4125s
 1123844 712130 6295.21633   68  128 7611.00000 5843.96154  23.2%   101 4130s
 1126157 713594 6185.95576   56  111 7611.00000 5844.00420  23.2%   101 4140s
 1127279 714336 7079.18922   58  148 7611.00000 5844.02234  23.2%   101 4145s
 1129590 715501 7565.26967   53  109 7611.00000 5844.08069  23.2%   101 4154s
 1130507 716159 6720.74095   39  162 7611.00000 5844.08069  23.2%   101 4159s
 1131744 717090 5858.51792   28  195 7611.00000 5844.11455  23.2%   101 4164s
 1133228 717707     cutoff   68      7611.00000 5844.11455  23.2%   101 4169s
 1134455 718338 infeasible   41      7611.00000 5844.18009  23.2%   101 4174s
 1135710 719117 5916.10365   28  178 7611.00000 5844.22248  23.2%   101 4179s
 1137085 719756 6166.58810   46  110 7611.00000 5844.24178  23.2%   101 4184s
 1138274 720873 6422.65503   44  171 7611.00000 5844.27945  23.2%   101 4189s
 1139831 721628 6491.90626   32  156 7611.00000 5844.30769  23.2%   101 4193s
 1141007 722293 6254.05602   38  186 7611.00000 5844.33466  23.2%   101 4198s
 1142133 722836 5891.25000   35  123 7611.00000 5844.37569  23.2%   101 4203s
 1143236 723538 6257.08531   72  108 7611.00000 5844.41024  23.2%   101 4207s
 1144359 724245 6777.03412   68  126 7611.00000 5844.42964  23.2%   101 4212s
 1145470 725042 6512.13001   49  126 7611.00000 5844.46226  23.2%   101 4217s
 1146723 725871 infeasible   45      7611.00000 5844.48810  23.2%   101 4222s
 1147966 726854 7445.68342   86  104 7611.00000 5844.51080  23.2%   101 4227s
 1149411 727668 5949.61055   41  217 7611.00000 5844.55026  23.2%   101 4231s
 1150766 728508 5914.49871   28  186 7611.00000 5844.56667  23.2%   101 4236s
 1152148 729358 6504.12264   44  127 7611.00000 5844.59960  23.2%   101 4242s
 1153596 730156 6113.45589   36  192 7611.00000 5844.61828  23.2%   101 4246s
 1154808 730871 infeasible   39      7611.00000 5844.64220  23.2%   101 4251s
 1156016 731710 5891.17883   30  253 7611.00000 5844.68639  23.2%   101 4257s
 1157564 732571 6573.82534   37  141 7611.00000 5844.70431  23.2%   101 4261s
 1158912 733459 5899.08021   32  172 7611.00000 5844.74630  23.2%   101 4266s
 1160196 734158 7563.91749   29  188 7611.00000 5844.75000  23.2%   101 4270s
 1162453 735689 5845.02829   31  174 7611.00000 5844.78744  23.2%   101 4279s
 1163590 736213 5945.08012   30  195 7611.00000 5844.80445  23.2%   101 4283s
 1164648 736929 6183.22668   29  280 7611.00000 5844.82294  23.2%   101 4288s
 1165737 737651 5933.12500   31  138 7611.00000 5844.85526  23.2%   101 4293s
 1166852 738689 5947.56687   31  165 7611.00000 5844.88044  23.2%   101 4298s
 1168327 739447 6108.14488   45  205 7611.00000 5844.91373  23.2%   101 4302s
 1169529 740298 5893.17650   37  273 7611.00000 5844.93426  23.2%   101 4307s
 1170863 741056 6150.02026   29   95 7611.00000 5844.94511  23.2%   101 4311s
 1172054 741942 6105.40647   36   85 7611.00000 5844.97846  23.2%   101 4316s
 1173331 742562 5856.53437   33  152 7611.00000 5845.00000  23.2%   101 4322s
 1174357 743582 6319.02131   27  174 7611.00000 5845.03164  23.2%   101 4327s
 1175859 744468 5963.50000   26  131 7611.00000 5845.05888  23.2%   101 4332s
 1177280 745277 5929.37364   38  161 7611.00000 5845.08360  23.2%   101 4337s
 1178568 746111 7086.64999   86  111 7611.00000 5845.10526  23.2%   101 4342s
 1179898 746940 7427.10446   62   89 7611.00000 5845.14706  23.2%   101 4347s
 1181247 747692 6125.21253   35  249 7611.00000 5845.17496  23.2%   101 4352s
 1182500 748446 6780.55309   25  245 7611.00000 5845.20923  23.2%   101 4357s
 1183674 749343 5845.42795   36  150 7611.00000 5845.22504  23.2%   101 4362s
 1185027 750392 5983.75980   31  211 7611.00000 5845.24683  23.2%   101 4366s
 1186570 751137     cutoff   40      7611.00000 5845.27462  23.2%   101 4371s
 1187859 752086 6257.43509   73  137 7611.00000 5845.29476  23.2%   101 4376s
 1189266 753116 infeasible   45      7611.00000 5845.33964  23.2%   101 4381s
 1190734 753863 6680.72940   59  118 7611.00000 5845.36257  23.2%   101 4385s
 1191884 754513 infeasible   32      7611.00000 5845.36503  23.2%   101 4390s
 1192867 755634 6693.12388   33  204 7611.00000 5845.39542  23.2%   101 4396s
 1194579 756566 5983.94771   43  184 7611.00000 5845.40665  23.2%   101 4401s
 1196141 757317 5851.64426   28  182 7611.00000 5845.44868  23.2%   101 4405s
 1197361 757917 5856.04289   43  223 7611.00000 5845.47004  23.2%   101 4410s
 1199717 759719 6690.39466   82  157 7611.00000 5845.51023  23.2%   101 4419s
 1201234 760583 5994.50000   34  129 7611.00000 5845.53732  23.2%   100 4423s
 1202497 761517 7324.43628   49   87 7611.00000 5845.55875  23.2%   100 4427s
 1203862 762239 7360.17467   75   86 7611.00000 5845.59315  23.2%   100 4431s
 1205056 762884 6102.40907   35  162 7611.00000 5845.61551  23.2%   100 4436s
 1206295 763366 5849.08358   32  172 7611.00000 5845.64422  23.2%   100 4440s
 1207441 764216 6374.00000   43   68 7611.00000 5845.65825  23.2%   100 4445s
 1210159 766180 7516.46684   55  111 7611.00000 5845.69779  23.2%   100 4454s
 1211672 766732 6394.48317   44  182 7611.00000 5845.73333  23.2%   100 4457s
 1212626 767516 6315.93191   29  200 7611.00000 5845.75059  23.2%   100 4462s
 1213751 768254 7105.55161   88  155 7611.00000 5845.76976  23.2%   100 4466s
 1214944 769044 6044.24398   51  129 7611.00000 5845.82000  23.2%   100 4471s
 1216165 769661 6283.30571   36  125 7611.00000 5845.83107  23.2%   100 4476s
 1217291 770440 6144.10355   34  169 7611.00000 5845.85920  23.2%   100 4480s
 1218420 770988 6463.36318   55  134 7611.00000 5845.87873  23.2%   100 4485s
 1219314 771667     cutoff   72      7611.00000 5845.88897  23.2%   100 4490s
 1220507 772442 5944.05560   35  107 7611.00000 5845.90655  23.2%   100 4495s
 1221697 773381 6267.22477   48  116 7611.00000 5845.93546  23.2%   100 4500s
 1223131 774116 5958.61458   30  273 7611.00000 5845.96438  23.2%   100 4505s
 1224358 774864 6032.08710   29  231 7611.00000 5845.98627  23.2%   100 4510s
 1225444 775707 6774.31078   31  249 7611.00000 5846.00000  23.2%   100 4515s
 1228047 777186 6016.57704   29  247 7611.00000 5846.00000  23.2%   100 4524s
 1229094 778225 5948.11996   28  145 7611.00000 5846.00515  23.2%   100 4530s
 1230702 779136 6551.15871   86  151 7611.00000 5846.02697  23.2%   100 4535s
 1233161 780543 5847.00317   30  139 7611.00000 5846.08251  23.2%   100 4544s
 1234510 781196 5990.53404   31  265 7611.00000 5846.09448  23.2%   100 4549s
 1235646 781916 6065.08247   31  171 7611.00000 5846.11949  23.2%   100 4553s
 1236815 782912 6562.17608   40  187 7611.00000 5846.13598  23.2%   100 4558s
 1238248 783757     cutoff   32      7611.00000 5846.14253  23.2%   100 4563s
 1239585 784715 5938.71630   42  151 7611.00000 5846.17513  23.2%   100 4568s
 1240953 785878 7455.74817   30  213 7611.00000 5846.20357  23.2%   100 4573s
 1242514 786768 6169.63635   29  157 7611.00000 5846.22246  23.2%   100 4577s
 1243891 787328 7049.41812   78  139 7611.00000 5846.24032  23.2%   100 4581s
 1244905 787996 5869.97750   28  174 7611.00000 5846.26044  23.2%   100 4586s
 1246093 788620 6174.95663   43  190 7611.00000 5846.28484  23.2%   100 4591s
 1247215 789454 6131.99461   45  281 7611.00000 5846.30552  23.2%   100 4596s
 1248538 790352 7121.82142   91  113 7611.00000 5846.33146  23.2%   100 4601s
 1249908 791280 6473.38476   57  115 7611.00000 5846.35209  23.2%   100 4606s
 1251314 792034 infeasible   33      7611.00000 5846.37500  23.2%   100 4611s
 1252480 792852 5947.46743   29  255 7611.00000 5846.39627  23.2%   100 4616s
 1253698 793554 5860.09431   38  278 7611.00000 5846.41030  23.2%   100 4621s
 1254809 794223 6430.85450   40  180 7611.00000 5846.42491  23.2%   100 4625s
 1256106 795024 5886.09885   34  130 7611.00000 5846.44988  23.2%   100 4630s
 1257366 796035 6034.93907   30  246 7611.00000 5846.45589  23.2%   100 4635s
 1260014 797499 5930.15569   26  234 7611.00000 5846.49569  23.2%   100 4644s
 1261183 798528 6277.00292   46  189 7611.00000 5846.50601  23.2%   100 4649s
 1262615 799290 6271.95566   67  197 7611.00000 5846.51799  23.2%   100 4653s
 1263864 799992 6100.78633   38  186 7611.00000 5846.53085  23.2%   100 4658s
 1265130 800799 5898.32240   32  147 7611.00000 5846.54511  23.2%   100 4662s
 1266525 801409 5873.50261   43  202 7611.00000 5846.55450  23.2%   100 4666s
 1267567 802281 6106.62332   35  189 7611.00000 5846.58971  23.2%   100 4671s
 1268912 803142     cutoff   78      7611.00000 5846.60160  23.2%   100 4675s
 1270214 804200     cutoff  108      7611.00000 5846.63802  23.2%   100 4680s
 1272931 805663 6051.66306   31  174 7611.00000 5846.68890  23.2%   100 4688s
 1274052 806519 6978.25811   28  157 7611.00000 5846.70916  23.2%   100 4693s
 1275310 807320 5886.23077   31  255 7611.00000 5846.73314  23.2%   100 4697s
 1276552 807949 7288.07111   60  130 7611.00000 5846.76988  23.2%   100 4701s
 1277475 808585     cutoff   30      7611.00000 5846.78146  23.2%   100 4705s
 1278700 809088 6779.81083   50  140 7611.00000 5846.78460  23.2%   100 4710s
 1281111 810473 5954.08363   37  143 7611.00000 5846.82871  23.2%   100 4719s
 1282066 811117 6308.01786   54  192 7611.00000 5846.84419  23.2%   100 4723s
 1283173 812171 7126.19520   58   85 7611.00000 5846.85241  23.2%   100 4729s
 1284794 812972 infeasible   41      7611.00000 5846.88024  23.2%   100 4733s
 1286038 813760 5962.48915   34  202 7611.00000 5846.90784  23.2%   100 4738s
 1287236 814611 6224.58436   53  138 7611.00000 5846.92657  23.2%   100 4742s
 1288533 815544     cutoff   90      7611.00000 5846.94325  23.2%   100 4747s
 1289945 816056 6261.24736   48  185 7611.00000 5846.96642  23.2%   100 4752s
 1290845 816823 5856.10420   28  238 7611.00000 5846.96717  23.2%   100 4756s
 1292082 817403     cutoff   39      7611.00000 5847.00000  23.2%   100 4760s
 1293187 818146     cutoff   59      7611.00000 5847.00000  23.2%   100 4765s
 1294434 819026 infeasible   46      7611.00000 5847.00278  23.2%   100 4770s
 1295798 819771 6381.45989   41  172 7611.00000 5847.02167  23.2%   100 4775s
 1298296 821286 6035.34763   43   74 7611.00000 5847.02272  23.2%   100 4784s
 1299589 822191 6078.75387   37  192 7611.00000 5847.06750  23.2%   100 4788s
 1300925 822928     cutoff   36      7611.00000 5847.11217  23.2%   100 4792s
 1302122 823699     cutoff   57      7611.00000 5847.12820  23.2%   100 4797s
 1303327 824632 5966.90161   39  190 7611.00000 5847.14706  23.2%   100 4802s
 1304923 825601 5951.35972   36  182 7611.00000 5847.16263  23.2%   100 4807s
 1306356 826542 5951.53819   30   87 7611.00000 5847.18460  23.2%   100 4811s
 1307754 827673 6703.74977   48  130 7611.00000 5847.19474  23.2%   100 4815s
 1310452 829230 infeasible   40      7611.00000 5847.24075  23.2%   100 4824s
 1311754 829968 5967.54588   30  270 7611.00000 5847.26415  23.2%   100 4828s
 1312879 830599 7008.30275   32  161 7611.00000 5847.29317  23.2%   100 4832s
 1313902 831416 6230.66845   63  139 7611.00000 5847.31629  23.2%   100 4836s
 1315146 832325 6031.18435   37  214 7611.00000 5847.32481  23.2%   100 4840s
 1317761 834046 6842.57439   32  190 7611.00000 5847.37004  23.2%   100 4849s
 1319101 834885     cutoff   28      7611.00000 5847.38095  23.2%   100 4854s
 1320388 835866 7099.03091   59  114 7611.00000 5847.38627  23.2%   100 4858s
 1321824 836921 6176.00000   34  113 7611.00000 5847.38627  23.2%   100 4863s
 1323321 837610 6182.47530   34  209 7611.00000 5847.43713  23.2%   100 4867s
 1324377 838322 5984.05222   48  226 7611.00000 5847.45520  23.2%   100 4871s
 1325780 839047 6147.90363   55  143 7611.00000 5847.46667  23.2%   100 4875s
 1328085 840700 6057.83974   37  193 7611.00000 5847.49919  23.2%   100 4883s
 1329288 841465 5848.08458   29  149 7611.00000 5847.52821  23.2%   100 4888s
 1330440 842000 6163.00000   32   82 7611.00000 5847.56067  23.2%   100 4892s
 1331498 842931 6330.92671   45  130 7611.00000 5847.57325  23.2%   100 4897s
 1332836 843709 6840.12824   79  162 7611.00000 5847.60500  23.2%   100 4901s
 1334118 844579 6288.35511   56  185 7611.00000 5847.62277  23.2%   100 4905s
 1336771 846353     cutoff   31      7611.00000 5847.65200  23.2%   100 4914s
 1338418 846994 6066.55556   30  115 7611.00000 5847.66667  23.2%   100 4917s
 1339544 847678 7161.95734   73   73 7611.00000 5847.67995  23.2%   100 4921s
 1340647 848329 6881.95520   60  108 7611.00000 5847.69893  23.2%   100 4925s
 1343211 849875 5872.48861   41  183 7611.00000 5847.74430  23.2%   100 4932s
 1344321 850591 5863.04712   34  238 7611.00000 5847.75000  23.2%   100 4936s
 1345417 851105 6084.84782   39  170 7611.00000 5847.75486  23.2%   100 4940s
 1347582 852573 5955.72860   27  195 7611.00000 5847.78438  23.2%   100 4947s
 1348703 853284     cutoff   26      7611.00000 5847.80488  23.2%   100 4952s
 1349862 854041 6114.05429   45  193 7611.00000 5847.81332  23.2%   100 4956s
 1351021 854766 7148.78280   50  117 7611.00000 5847.82519  23.2%   100 4960s
 1353188 856261 7446.95001   37  175 7611.00000 5847.84818  23.2%   100 4969s
 1354404 857127     cutoff   71      7611.00000 5847.85589  23.2%   100 4973s
 1355709 857813 5967.94892   46  223 7611.00000 5847.87495  23.2%   100 4979s
 1356780 858489 6472.19521   40  153 7611.00000 5847.88791  23.2%   100 4985s
 1358020 859622 6042.95624   32   79 7611.00000 5847.90050  23.2%   100 4991s
 1359726 860745 7383.21486   75  109 7611.00000 5847.91777  23.2%   100 4996s
 1361401 861889 5974.95853   49  135 7611.00000 5847.92902  23.2%   100 5001s
 1362952 862773 6000.07946   29  160 7611.00000 5847.92903  23.2%  99.5 5006s
 1364346 863420 6206.24875   46  142 7611.00000 5847.93329  23.2%  99.4 5010s
 1365299 863991 5998.97078   26  247 7611.00000 5847.95701  23.2%  99.5 5015s
 1366407 864873 6681.37415   72   95 7611.00000 5847.95701  23.2%  99.5 5020s
 1367716 865868 7422.46221   69  109 7611.00000 5847.97195  23.2%  99.4 5025s
 1370401 867311 6850.35299   58  116 7611.00000 5848.01535  23.2%  99.4 5034s
 1371501 867939 7303.51498   35  190 7611.00000 5848.03343  23.2%  99.4 5038s
 1372540 868909 6551.75683   47   78 7611.00000 5848.03607  23.2%  99.4 5042s
 1374050 869533 5946.49735   35  198 7611.00000 5848.05882  23.2%  99.4 5047s
 1375172 870565 5886.75696   38  149 7611.00000 5848.06999  23.2%  99.4 5052s
 1376726 871293 5897.55814   28  232 7611.00000 5848.09161  23.2%  99.4 5057s
 1377989 872046 5987.11692   37  278 7611.00000 5848.10562  23.2%  99.4 5061s
 1379167 873007 6322.72639   27  181 7611.00000 5848.10742  23.2%  99.4 5066s
 1380583 873955 7010.51074   63  138 7611.00000 5848.13168  23.2%  99.4 5071s
 1381995 874906 7262.24487   84  101 7611.00000 5848.14622  23.2%  99.4 5075s
 1384814 876720 6125.59479   43  247 7611.00000 5848.17109  23.2%  99.3 5084s
 1386070 877637 7480.19284   32  182 7611.00000 5848.19086  23.2%  99.3 5089s
 1387446 878683 6094.17039   42  123 7611.00000 5848.20708  23.2%  99.3 5093s
 1389077 879399 6378.15894   60  153 7611.00000 5848.22530  23.2%  99.2 5097s
 1390302 880211 5930.74444   36  169 7611.00000 5848.23349  23.2%  99.2 5102s
 1391639 881006 6061.16851   37  267 7611.00000 5848.25318  23.2%  99.2 5106s
 1392857 882006 6053.88687   32  144 7611.00000 5848.26098  23.2%  99.2 5110s
 1395570 883579 6246.93444   30  193 7611.00000 5848.29095  23.2%  99.2 5118s
 1396725 884155 5902.75529   28  279 7611.00000 5848.31056  23.2%  99.2 5122s
 1397676 884827 6438.38103   38  159 7611.00000 5848.32592  23.2%  99.2 5127s
 1398887 885623 5949.33013   39  114 7611.00000 5848.33824  23.2%  99.1 5132s
 1400091 886582 5998.16859   37  233 7611.00000 5848.35358  23.2%  99.1 5136s
 1401482 887456     cutoff   92      7611.00000 5848.36020  23.2%  99.1 5140s
 1403712 888761 7012.32255   83  127 7611.00000 5848.40671  23.2%  99.1 5149s
 1405007 889588 6005.66079   33  180 7611.00000 5848.42188  23.2%  99.1 5153s
 1406242 890222 5967.75000   30  129 7611.00000 5848.43380  23.2%  99.1 5158s
 1407241 891005 6203.25373   51  118 7611.00000 5848.44846  23.2%  99.1 5162s
 1408570 891715 infeasible   39      7611.00000 5848.47480  23.2%  99.1 5167s
 1409644 892485 6873.67188   67  140 7611.00000 5848.48965  23.2%  99.1 5172s
 1410792 893610 6291.03523   44  147 7611.00000 5848.51121  23.2%  99.1 5176s
 1412371 894144 6997.94878  109  118 7611.00000 5848.52866  23.2%  99.1 5180s
 1414577 895827 6099.28571   39  164 7611.00000 5848.56449  23.2%  99.1 5188s
 1415765 896560 7390.67179   49  118 7611.00000 5848.58622  23.2%  99.1 5193s
 1416935 897320 6306.77256   35  184 7611.00000 5848.60188  23.2%  99.1 5197s
 1418138 897852     cutoff   55      7611.00000 5848.61924  23.2%  99.0 5202s
 1419368 898604 6241.55877   33  149 7611.00000 5848.64462  23.2%  99.0 5206s
 1420571 899424 7026.49991   81  120 7611.00000 5848.67052  23.2%  99.0 5210s
 1423007 901162 5972.68828   44  201 7611.00000 5848.70432  23.2%  99.0 5219s
 1424442 902079 7306.28479   77   54 7611.00000 5848.72144  23.2%  99.0 5223s
 1425804 902928 5909.08341   37  229 7611.00000 5848.74489  23.2%  99.0 5227s
 1427024 903606 6985.39236   89  127 7611.00000 5848.75457  23.2%  99.0 5231s
 1428178 904489 5924.35393   36  201 7611.00000 5848.75749  23.2%  99.0 5236s
 1429515 905406 7128.54382   49  128 7611.00000 5848.77611  23.2%  98.9 5241s
 1430922 906161 6192.32865   37  214 7611.00000 5848.79788  23.2%  98.9 5245s
 1433112 907637 6180.11996   45  138 7611.00000 5848.82389  23.2%  98.9 5254s
 1434654 908388 6166.14610   44  115 7611.00000 5848.86089  23.2%  98.9 5258s
 1435761 909328 7329.89108   46  133 7611.00000 5848.86319  23.2%  98.9 5263s
 1437080 910089 6152.51604   41  116 7611.00000 5848.89307  23.2%  98.9 5267s
 1438514 910897 6308.00144   42  151 7611.00000 5848.91109  23.2%  98.9 5272s
 1439812 911567 6537.40457   55   77 7611.00000 5848.93122  23.2%  98.9 5277s
 1440878 912333 6119.88414   61  118 7611.00000 5848.94518  23.2%  98.9 5281s
 1442326 913085 6055.53499   31  128 7611.00000 5848.95466  23.2%  98.8 5286s
 1443523 913891 6380.15766   44  128 7611.00000 5848.98065  23.2%  98.8 5290s
 1445859 915288 6044.00237   38  179 7611.00000 5849.00000  23.2%  98.8 5298s
 1447090 916135 5953.31111   28   99 7611.00000 5849.00825  23.2%  98.8 5303s
 1448370 917023 6023.32026   34  135 7611.00000 5849.03161  23.2%  98.8 5307s
 1449742 917718 6682.87019   47  124 7611.00000 5849.05264  23.2%  98.8 5312s
 1450849 918368 6057.38565   29  258 7611.00000 5849.06536  23.1%  98.8 5316s
 1451918 919154 6357.00000   41  101 7611.00000 5849.07888  23.1%  98.8 5321s
 1453252 920080 7381.58023   52   83 7611.00000 5849.08617  23.1%  98.8 5326s
 1454612 920700 7193.34532   45  111 7611.00000 5849.09001  23.1%  98.8 5330s
 1455623 921411 5863.94078   35  223 7611.00000 5849.09051  23.1%  98.8 5335s
 1456720 922219 5947.48964   37  188 7611.00000 5849.14549  23.1%  98.8 5340s
 1458021 923007 6061.30600   35  109 7611.00000 5849.15132  23.1%  98.8 5345s
 1460328 924347 6067.72000   32  121 7611.00000 5849.20022  23.1%  98.8 5354s
 1461712 925110 5899.74886   31  165 7611.00000 5849.21610  23.1%  98.8 5358s
 1462961 926099 6007.31875   58  204 7611.00000 5849.24097  23.1%  98.8 5363s
 1464407 926896 6463.60360   49  124 7611.00000 5849.26581  23.1%  98.8 5367s
 1465642 927789 5972.46091   29  166 7611.00000 5849.28483  23.1%  98.8 5373s
 1467005 928680 6159.07855   38  111 7611.00000 5849.28483  23.1%  98.7 5377s
 1468367 929386 7012.36110   48  119 7611.00000 5849.30264  23.1%  98.7 5381s
 1469648 930124 6590.52445   58  107 7611.00000 5849.33088  23.1%  98.7 5385s
 1471999 931631 5960.80536   25  235 7611.00000 5849.38114  23.1%  98.7 5394s
 1473158 932339     cutoff   52      7611.00000 5849.39170  23.1%  98.7 5398s
 1474423 932994 6304.41426   42  132 7611.00000 5849.41040  23.1%  98.7 5402s
 1475417 933673 6329.48617   39  202 7611.00000 5849.41040  23.1%  98.7 5406s
 1476677 934500     cutoff   51      7611.00000 5849.43798  23.1%  98.7 5410s
 1477889 935366 infeasible   42      7611.00000 5849.45877  23.1%  98.7 5415s
 1479174 936237 6930.00880   34  163 7611.00000 5849.49280  23.1%  98.7 5420s
 1480474 936717 6174.89213   30  183 7611.00000 5849.49575  23.1%  98.7 5426s
 1481394 937619 5982.89743   32  225 7611.00000 5849.51963  23.1%  98.7 5431s
 1482687 938328 6167.04404   58  211 7611.00000 5849.53661  23.1%  98.7 5436s
 1483770 939119 6049.37045   32  114 7611.00000 5849.55556  23.1%  98.7 5441s
 1485044 940033 6360.79918   77  159 7611.00000 5849.56261  23.1%  98.7 5446s
 1486440 940944 5952.39652   30  181 7611.00000 5849.59037  23.1%  98.7 5451s
 1487727 941681 6774.19376   57  158 7611.00000 5849.60764  23.1%  98.7 5455s
 1490178 943326 6149.27924   37  240 7611.00000 5849.63947  23.1%  98.7 5464s
 1491324 944020 5962.31170   33  203 7611.00000 5849.65425  23.1%  98.7 5469s
 1492447 944737 5863.73452   35  202 7611.00000 5849.68030  23.1%  98.7 5475s
 1493547 945427 6073.47059   43   97 7611.00000 5849.70235  23.1%  98.7 5480s
 1494734 946255 5944.84324   30  138 7611.00000 5849.71666  23.1%  98.7 5485s
 1495989 946822 7232.32307   89   85 7611.00000 5849.72844  23.1%  98.6 5491s
 1496891 947646 5853.47495   42  175 7611.00000 5849.74269  23.1%  98.6 5496s
 1498100 948598 6312.77240   51  136 7611.00000 5849.76225  23.1%  98.6 5501s
 1499551 949555 5850.20808   33  197 7611.00000 5849.79132  23.1%  98.6 5506s
 1501195 950440 6281.00572   64  126 7611.00000 5849.81237  23.1%  98.6 5510s
 1503503 952013     cutoff   65      7611.00000 5849.84060  23.1%  98.6 5519s
 1505044 952522 5912.89417   46  148 7611.00000 5849.86142  23.1%  98.6 5523s
 1505949 953304 6055.81207   35  180 7611.00000 5849.88235  23.1%  98.6 5528s
 1507106 954004 5905.51351   34  184 7611.00000 5849.89570  23.1%  98.6 5532s
 1508301 954627     cutoff   40      7611.00000 5849.90359  23.1%  98.6 5537s
 1509456 955164 5991.69477   27  282 7611.00000 5849.92199  23.1%  98.6 5542s
 1510332 955939     cutoff   35      7611.00000 5849.92199  23.1%  98.6 5546s
 1511575 956898 5959.97766   33  200 7611.00000 5849.95476  23.1%  98.6 5552s
 1512972 957798 6279.00956   36  167 7611.00000 5849.97650  23.1%  98.6 5557s
 1514331 958462 6367.85877   66  136 7611.00000 5849.98846  23.1%  98.6 5561s
 1515446 959566 5853.80910   37   94 7611.00000 5850.00000  23.1%  98.6 5566s
 1517047 960314 6141.98542   65  183 7611.00000 5850.01545  23.1%  98.6 5571s
 1518321 960887 5886.33325   31  191 7611.00000 5850.02656  23.1%  98.6 5576s
 1519419 961656     cutoff   35      7611.00000 5850.04007  23.1%  98.6 5581s
 1520610 962413 5949.73745   41  131 7611.00000 5850.06202  23.1%  98.6 5585s
 1521988 963291 6078.72123   32  199 7611.00000 5850.08151  23.1%  98.6 5590s
 1524331 964762 6558.92199   49  154 7611.00000 5850.10448  23.1%  98.5 5599s
 1525590 965499 5948.60043   26   98 7611.00000 5850.10594  23.1%  98.5 5603s
 1526807 966376 6077.97013   45  193 7611.00000 5850.12312  23.1%  98.5 5608s
 1528120 966906 6457.82776   26  228 7611.00000 5850.14589  23.1%  98.5 5613s
 1529299 967642 6010.04993   28   79 7611.00000 5850.16530  23.1%  98.5 5617s
 1530473 968574 6975.68576   48  137 7611.00000 5850.17576  23.1%  98.5 5621s
 1531813 969339 6889.05235   65  129 7611.00000 5850.19009  23.1%  98.5 5626s
 1533129 970179 6069.50964   42  169 7611.00000 5850.20000  23.1%  98.5 5630s
 1534478 971116 5958.88889   31  170 7611.00000 5850.22893  23.1%  98.5 5635s
 1537390 972653     cutoff   31      7611.00000 5850.25617  23.1%  98.5 5644s
 1538547 973542 6001.46365   30  260 7611.00000 5850.26327  23.1%  98.5 5648s
 1539978 974375 5958.42317   45  133 7611.00000 5850.28612  23.1%  98.5 5653s
 1541301 975159 6406.03447   59  115 7611.00000 5850.29858  23.1%  98.5 5658s
 1542493 976074 7310.87464   60   84 7611.00000 5850.32113  23.1%  98.4 5662s
 1543837 977153 7150.14926   55  125 7611.00000 5850.32223  23.1%  98.4 5667s
 1545512 977831 6911.21540   70  108 7611.00000 5850.34932  23.1%  98.4 5671s
 1546555 978381 6062.48845   54  134 7611.00000 5850.36460  23.1%  98.4 5676s
 1547547 979358 6075.44335   69  196 7611.00000 5850.37500  23.1%  98.4 5680s
 1548959 980227 5977.17421   52  185 7611.00000 5850.37500  23.1%  98.4 5685s
 1551465 981700     cutoff   61      7611.00000 5850.41500  23.1%  98.4 5693s
 1552582 982511 6248.34000   27  183 7611.00000 5850.43566  23.1%  98.4 5697s
 1553840 983236 6764.96647   68  109 7611.00000 5850.45288  23.1%  98.4 5702s
 1555050 983864 5999.59736   32  119 7611.00000 5850.46480  23.1%  98.4 5707s
 1556165 984461 5860.24536   33  181 7611.00000 5850.48184  23.1%  98.4 5711s
 1557227 985239 6067.19754   43  113 7611.00000 5850.49855  23.1%  98.4 5715s
 1558420 986194 6211.22515   39  196 7611.00000 5850.53022  23.1%  98.4 5720s
 1561018 987861     cutoff   49      7611.00000 5850.57626  23.1%  98.4 5728s
 1562501 988717     cutoff   56      7611.00000 5850.58280  23.1%  98.4 5732s
 1563750 989160 6068.08025   30  117 7611.00000 5850.59426  23.1%  98.3 5737s
 1564595 989641 6049.44802   35   96 7611.00000 5850.61012  23.1%  98.4 5741s
 1565497 990420 6072.82291   33  161 7611.00000 5850.62843  23.1%  98.4 5746s
 1566642 991339 6203.30440   31  168 7611.00000 5850.62939  23.1%  98.4 5750s
 1569132 992985 6069.12427   36  143 7611.00000 5850.67733  23.1%  98.4 5759s
 1570357 993689 5961.73665   37  124 7611.00000 5850.68971  23.1%  98.3 5763s
 1571404 994352 5963.93295   36  251 7611.00000 5850.69961  23.1%  98.4 5767s
 1572721 995153     cutoff   42      7611.00000 5850.69980  23.1%  98.4 5772s
 1574167 995984 infeasible   61      7611.00000 5850.71074  23.1%  98.4 5776s
 1575508 996588 5967.07617   49  113 7611.00000 5850.73470  23.1%  98.3 5780s
 1577882 998494 7225.43418   68   86 7611.00000 5850.76435  23.1%  98.3 5788s
 1579329 998996 6161.54045   57   97 7611.00000 5850.77841  23.1%  98.3 5793s
 1580319 999688 5993.67752   30  187 7611.00000 5850.79187  23.1%  98.3 5797s
 1581520 1000369 6159.29292   32   64 7611.00000 5850.80259  23.1%  98.3 5801s
 1582559 1000799     cutoff   25      7611.00000 5850.81576  23.1%  98.3 5806s
 1583466 1001507 infeasible   28      7611.00000 5850.83267  23.1%  98.3 5811s
 1584741 1002331 infeasible   34      7611.00000 5850.85324  23.1%  98.3 5816s
 1586053 1003147 5885.17647   36  116 7611.00000 5850.85734  23.1%  98.3 5820s
 1588858 1005007 6790.16066   57   89 7611.00000 5850.88463  23.1%  98.3 5829s
 1590413 1005626 6163.06598   32  104 7611.00000 5850.90670  23.1%  98.3 5833s
 1591451 1006338     cutoff   41      7611.00000 5850.90971  23.1%  98.3 5837s
 1592721 1007382     cutoff   48      7611.00000 5850.92551  23.1%  98.3 5841s
 1594213 1008252 5964.65671   35  125 7611.00000 5850.95471  23.1%  98.3 5846s
 1595634 1009006 6749.53589   41  190 7611.00000 5850.97240  23.1%  98.3 5850s
 1598107 1010513 6150.28524   40  161 7611.00000 5851.00000  23.1%  98.2 5858s
 1599176 1010996 5914.73487   32  128 7611.00000 5851.01004  23.1%  98.2 5862s
 1599926 1011740 5852.90466   37  191 7611.00000 5851.01004  23.1%  98.3 5867s
 1601368 1012505 6232.80118   49  135 7611.00000 5851.01582  23.1%  98.3 5872s
 1602614 1013247 6034.08293   31  225 7611.00000 5851.02507  23.1%  98.3 5876s
 1603732 1014035 6134.31460   46  165 7611.00000 5851.02626  23.1%  98.3 5881s
 1605007 1015043 7238.88617   51  112 7611.00000 5851.04676  23.1%  98.3 5885s
 1606509 1015979 5904.49914   36  157 7611.00000 5851.06505  23.1%  98.2 5890s
 1607908 1016894 6139.53419   36  156 7611.00000 5851.09198  23.1%  98.2 5895s
 1610696 1018692 6270.02912   40  107 7611.00000 5851.11755  23.1%  98.2 5904s
 1612028 1019623 5866.58515   45  178 7611.00000 5851.12881  23.1%  98.2 5908s
 1613409 1020391 6207.44530   47  132 7611.00000 5851.14543  23.1%  98.2 5913s
 1614712 1021231 5963.38099   49  217 7611.00000 5851.15806  23.1%  98.2 5917s
 1616030 1021950 5851.19850   30  223 7611.00000 5851.17972  23.1%  98.2 5921s
 1617120 1022715 5950.04762   33  153 7611.00000 5851.19025  23.1%  98.2 5925s
 1619702 1024393 5950.20420   34  195 7611.00000 5851.21500  23.1%  98.1 5933s
 1620995 1025214 6151.49201   55  225 7611.00000 5851.22394  23.1%  98.1 5938s
 1622264 1025911     cutoff   32      7611.00000 5851.23657  23.1%  98.1 5943s
 1623429 1026766 6266.61545   31  185 7611.00000 5851.25105  23.1%  98.1 5949s
 1624669 1027622 5851.30401   30  202 7611.00000 5851.26383  23.1%  98.1 5953s
 1625968 1028409 6534.07549   56  149 7611.00000 5851.28069  23.1%  98.1 5958s
 1627174 1029293 6285.01598   70  158 7611.00000 5851.29118  23.1%  98.0 5963s
 1628621 1029992 6592.86374   57  115 7611.00000 5851.30359  23.1%  98.0 5968s
 1629752 1030886 6200.45202   49  167 7611.00000 5851.30808  23.1%  98.0 5974s
 1631277 1031457 5967.68348   40  198 7611.00000 5851.32669  23.1%  98.0 5978s
 1632401 1032019 6419.39213   46   99 7611.00000 5851.34823  23.1%  98.0 5982s
 1633433 1032687 6137.35919   34  165 7611.00000 5851.36056  23.1%  98.0 5987s
 1634560 1033492 6063.16320   37  139 7611.00000 5851.37355  23.1%  98.0 5991s
 1635821 1034509 6036.22100   30  112 7611.00000 5851.38064  23.1%  98.0 5996s
 1637386 1035221 6356.93617   35  153 7611.00000 5851.41250  23.1%  98.0 6000s
 1638572 1036161 7109.05130   66  186 7611.00000 5851.43142  23.1%  98.0 6005s
 1640995 1037424 6054.64686   53  166 7611.00000 5851.46064  23.1%  98.0 6013s
 1642116 1038342 6176.25321   42  189 7611.00000 5851.46065  23.1%  98.0 6018s
 1643523 1038851 6282.36482   36  128 7611.00000 5851.47260  23.1%  97.9 6023s
 1644524 1039470 6062.11535   32  206 7611.00000 5851.47922  23.1%  97.9 6027s
 1645471 1039932     cutoff   58      7611.00000 5851.49353  23.1%  98.0 6032s
 1646319 1040750 6571.07309   50  178 7611.00000 5851.50105  23.1%  98.0 6037s
 1647551 1041679 6804.94606   89  122 7611.00000 5851.51906  23.1%  98.0 6042s
 1649026 1042330 5862.00010   34  287 7611.00000 5851.52941  23.1%  98.0 6047s
 1650008 1043193 6780.01333   85  115 7611.00000 5851.54428  23.1%  98.0 6052s
 1651273 1044131 5988.33382   37  148 7611.00000 5851.56583  23.1%  98.0 6056s
 1652661 1044779 6042.34661   26  193 7611.00000 5851.58868  23.1%  97.9 6061s
 1653811 1045511 5955.22666   52  176 7611.00000 5851.60291  23.1%  97.9 6066s
 1655037 1046396 6062.34063   41  158 7611.00000 5851.61709  23.1%  97.9 6071s
 1656519 1047268 6144.28944   43  144 7611.00000 5851.62459  23.1%  97.9 6075s
 1658094 1047985 6169.96928   35  187 7611.00000 5851.63814  23.1%  97.9 6080s
 1660415 1049627 6769.99217   65  134 7611.00000 5851.66914  23.1%  97.9 6089s
 1661733 1050387 5856.40089   36  137 7611.00000 5851.69321  23.1%  97.9 6094s
 1662970 1051227 5965.69214   39  174 7611.00000 5851.70318  23.1%  97.9 6098s
 1664177 1052105 7251.72294   74   96 7611.00000 5851.71875  23.1%  97.8 6103s
 1665421 1052887 6230.28183   29  232 7611.00000 5851.74051  23.1%  97.8 6107s
 1666652 1053696 6170.79825   41  196 7611.00000 5851.75631  23.1%  97.8 6112s
 1668036 1054449 6524.73751   56  120 7611.00000 5851.76004  23.1%  97.8 6117s
 1669415 1055160 5950.92911   33  218 7611.00000 5851.79218  23.1%  97.8 6121s
 1670588 1055902 6534.89821   40  193 7611.00000 5851.81285  23.1%  97.8 6126s
 1671844 1056425 6106.56829   48  178 7611.00000 5851.83034  23.1%  97.8 6131s
 1672760 1057037 5911.39603   30  214 7611.00000 5851.83034  23.1%  97.8 6135s
 1673846 1057800 infeasible   36      7611.00000 5851.84730  23.1%  97.8 6140s
 1675300 1058354 6377.84099   63  113 7611.00000 5851.85714  23.1%  97.8 6145s
 1677759 1060061     cutoff   68      7611.00000 5851.89584  23.1%  97.8 6154s
 1679239 1060801     cutoff   72      7611.00000 5851.91239  23.1%  97.8 6159s
 1680462 1061444 6196.94221   31  159 7611.00000 5851.93243  23.1%  97.8 6164s
 1680551 1061444 5857.60363   37  224 7611.00000 5851.93243  23.1%  97.8 6165s
 1681660 1061997 5973.45728   49  198 7611.00000 5851.93615  23.1%  97.8 6170s
 1682858 1062732 5963.36762   37  133 7611.00000 5851.94356  23.1%  97.8 6176s
 1684042 1063520 6492.68533   70  157 7611.00000 5851.96204  23.1%  97.8 6181s
 1685148 1064358 6289.48870   60  138 7611.00000 5851.98062  23.1%  97.8 6187s
 1686617 1064983 6611.31901   62  130 7611.00000 5851.98909  23.1%  97.8 6192s
