
Gurobi 12.0.0 (win64) logging started Thu Feb 19 00:06:03 2026

Set parameter LogFile to value "Storage_orig/Logs/log______Sens_C_range_reduced_(100, 100)_2026_02_19_00_06_03.log"
Set parameter MIPGap to value 0.005
Set parameter OutputFlag to value 1
Gurobi Optimizer version 12.0.0 build v12.0.0rc1 (win64 - Windows 11+.0 (26200.2))

CPU model: Intel(R) Core(TM) i7-9750H CPU @ 2.60GHz, instruction set [SSE2|AVX|AVX2]
Thread count: 6 physical cores, 12 logical processors, using up to 12 threads

Non-default parameters:
MIPGap  0.005
MIPFocus  2

Optimize a model with 3526 rows, 760 columns and 9379 nonzeros
Model fingerprint: 0x209a3972
Variable types: 18 continuous, 742 integer (490 binary)
Coefficient statistics:
  Matrix range     [2e-01, 1e+03]
  Objective range  [1e+01, 2e+03]
  Bounds range     [1e+00, 1e+00]
  RHS range        [1e+00, 1e+03]

User MIP start produced solution with objective 7728 (0.00s)
User MIP start produced solution with objective 7610 (0.00s)
User MIP start produced solution with objective 6928 (0.00s)
Loaded user MIP start with objective 6928

Presolve removed 2451 rows and 172 columns
Presolve time: 0.01s
Presolved: 1075 rows, 588 columns, 5583 nonzeros
Variable types: 18 continuous, 570 integer (390 binary)
Root relaxation presolve removed 3 rows and 0 columns
Root relaxation presolved: 1072 rows, 588 columns, 5553 nonzeros


Root relaxation: objective 4.095167e+03, 381 iterations, 0.01 seconds (0.01 work units)

    Nodes    |    Current Node    |     Objective Bounds      |     Work
 Expl Unexpl |  Obj  Depth IntInf | Incumbent    BestBd   Gap | It/Node Time

     0     0 4095.16667    0   22 6928.00000 4095.16667  40.9%     -    0s
H    0     0                    6768.0000000 4095.16667  39.5%     -    0s
H    0     0                    6148.0000000 4095.16667  33.4%     -    0s
     0     0 4124.48333    0   64 6148.00000 4124.48333  32.9%     -    0s
     0     0 4143.21667    0   50 6148.00000 4143.21667  32.6%     -    0s
     0     0 4264.22540    0  110 6148.00000 4264.22540  30.6%     -    0s
H    0     0                    6008.0000000 4264.22540  29.0%     -    0s
     0     0 4272.74297    0  105 6008.00000 4272.74297  28.9%     -    0s
H    0     0                    5248.0000000 4273.07409  18.6%     -    0s
     0     0 4273.07409    0  113 5248.00000 4273.07409  18.6%     -    0s
     0     0 4273.88165    0  111 5248.00000 4273.88165  18.6%     -    0s
     0     0 4273.88165    0  110 5248.00000 4273.88165  18.6%     -    0s
     0     0 4333.82032    0  166 5248.00000 4333.82032  17.4%     -    0s
     0     0 4333.82032    0  178 5248.00000 4333.82032  17.4%     -    0s
H    0     0                    5213.0000000 4333.82032  16.9%     -    0s
H    0     0                    5073.0000000 4333.82032  14.6%     -    0s
H    0     0                    4933.0000000 4333.82032  12.1%     -    0s
     0     0 4339.40000    0  182 4933.00000 4339.40000  12.0%     -    0s
     0     0 4339.40000    0  171 4933.00000 4339.40000  12.0%     -    0s
     0     0 4339.40000    0  214 4933.00000 4339.40000  12.0%     -    0s
     0     0 4339.40000    0   45 4933.00000 4339.40000  12.0%     -    1s
     0     2 4339.40000    0   40 4933.00000 4339.40000  12.0%     -    1s
H   71    78                    4829.0000000 4339.40000  10.1%   168    1s
  1968  1090     cutoff   31      4829.00000 4405.55466  8.77%   101    5s
  2248  1233 4690.50584   26  110 4829.00000 4405.55466  8.77%   108   10s
  5079  1346 4525.93952   32  257 4829.00000 4448.60215  7.88%   102   15s
  8398  1731 4774.96052   38  172 4829.00000 4519.76625  6.40%   102   20s
 12201  1885 infeasible   30      4829.00000 4600.02222  4.74%   101   25s
 16047  2160     cutoff   25      4829.00000 4677.47603  3.14%  97.4   30s
 20614  2015 4761.42384   27  160 4829.00000 4705.89545  2.55%  95.2   35s
 25419   850 4811.04776   31  151 4829.00000 4746.25183  1.71%  91.5   40s

Cutting planes:
  Learned: 63
  Gomory: 4
  Lift-and-project: 1
  Cover: 391
  Implied bound: 13
  MIR: 175
  StrongCG: 8
  Flow cover: 363
  Inf proof: 1
  Zero half: 13
  Network: 3
  RLT: 8
  Relax-and-lift: 9

Explored 28669 nodes (2502353 simplex iterations) in 41.62 seconds (25.26 work units)
Thread count was 12 (of 12 available processors)

Solution count 10: 4829 4933 5073 ... 7610

Optimal solution found (tolerance 5.00e-03)
Best objective 4.829000000000e+03, best bound 4.829000000000e+03, gap 0.0000%
