
Gurobi 12.0.0 (win64) logging started Wed Feb  4 00:32:30 2026

Set parameter LogFile to value "Storage_orig/Logs/log_____________2026_02_04_00_32_30.log"
Set parameter MIPGap to value 0.01
Set parameter OutputFlag to value 1
Gurobi Optimizer version 12.0.0 build v12.0.0rc1 (win64 - Windows 11+.0 (26200.2))

CPU model: Intel(R) Core(TM) i7-9750H CPU @ 2.60GHz, instruction set [SSE2|AVX|AVX2]
Thread count: 6 physical cores, 12 logical processors, using up to 12 threads

Non-default parameters:
MIPGap  0.01
MIPFocus  1

Optimize a model with 9312 rows, 1560 columns and 25089 nonzeros
Model fingerprint: 0x9e52be77
Variable types: 30 continuous, 1530 integer (870 binary)
Coefficient statistics:
  Matrix range     [2e-01, 2e+02]
  Objective range  [1e+01, 4e+03]
  Bounds range     [1e+00, 1e+00]
  RHS range        [1e+00, 3e+02]
Found heuristic solution: objective 23220.000000
Presolve removed 7305 rows and 270 columns
Presolve time: 0.02s
Presolved: 2007 rows, 1290 columns, 13935 nonzeros
Variable types: 30 continuous, 1260 integer (720 binary)

Root relaxation: objective 4.902203e+03, 1107 iterations, 0.02 seconds (0.03 work units)

    Nodes    |    Current Node    |     Objective Bounds      |     Work
 Expl Unexpl |  Obj  Depth IntInf | Incumbent    BestBd   Gap | It/Node Time

     0     0 4902.20333    0   29 23220.0000 4902.20333  78.9%     -    0s
     0     0 5451.95057    0   62 23220.0000 5451.95057  76.5%     -    0s
H    0     0                    17108.000000 5451.95057  68.1%     -    0s
     0     0 5469.37161    0   71 17108.0000 5469.37161  68.0%     -    0s
     0     0 5469.37161    0   75 17108.0000 5469.37161  68.0%     -    0s
     0     0 5522.07153    0   38 17108.0000 5522.07153  67.7%     -    0s
H    0     0                    16862.000000 5526.60153  67.2%     -    0s
H    0     0                    16802.000000 5526.60153  67.1%     -    0s
H    0     0                    16264.000000 5526.60153  66.0%     -    0s
     0     0 5526.60153    0   49 16264.0000 5526.60153  66.0%     -    0s
H    0     0                    14145.000000 5526.60153  60.9%     -    0s
     0     0 5526.60153    0   42 14145.0000 5526.60153  60.9%     -    0s
     0     0 5556.97261    0  114 14145.0000 5556.97261  60.7%     -    0s
     0     0 5563.54635    0  125 14145.0000 5563.54635  60.7%     -    0s
     0     0 5571.77146    0  148 14145.0000 5571.77146  60.6%     -    0s
H    0     0                    12186.000000 5583.53049  54.2%     -    0s
H    0     0                    12046.000000 5583.53049  53.6%     -    0s
     0     0 5583.53049    0  114 12046.0000 5583.53049  53.6%     -    0s
     0     0 5587.71347    0  140 12046.0000 5587.71347  53.6%     -    0s
     0     0 5587.76289    0  139 12046.0000 5587.76289  53.6%     -    0s
H    0     0                    11906.000000 5587.76289  53.1%     -    0s
H    0     0                    10706.000000 5587.76289  47.8%     -    0s
H    0     0                    10687.000000 5587.76289  47.7%     -    0s
H    0     0                    10007.000000 5587.76289  44.2%     -    0s
H    0     0                    9587.0000000 5603.11074  41.6%     -    0s
     0     0 5603.11074    0  178 9587.00000 5603.11074  41.6%     -    0s
     0     0 5606.69456    0  185 9587.00000 5606.69456  41.5%     -    0s
     0     0 5617.00060    0  203 9587.00000 5617.00060  41.4%     -    0s
     0     0 5621.88208    0  212 9587.00000 5621.88208  41.4%     -    0s
     0     0 5624.28508    0  149 9587.00000 5624.28508  41.3%     -    1s
     0     0 5624.39628    0  220 9587.00000 5624.39628  41.3%     -    1s
     0     0 5624.51518    0  225 9587.00000 5624.51518  41.3%     -    1s
     0     0 5624.70101    0  221 9587.00000 5624.70101  41.3%     -    1s
     0     0 5624.70101    0  224 9587.00000 5624.70101  41.3%     -    1s
     0     0 5628.93570    0  201 9587.00000 5628.93570  41.3%     -    1s
H    0     0                    9551.0000000 5628.98472  41.1%     -    1s
H    0     0                    9411.0000000 5628.98472  40.2%     -    1s
     0     2 5628.98472    0  192 9411.00000 5628.98472  40.2%     -    1s
H    7    14                    9271.0000000 5629.12112  39.3%   114    2s
H   41    46                    8728.0000000 5629.97551  35.5%   198    2s
H   43    46                    8648.0000000 5629.97551  34.9%   203    2s
H   71    78                    8272.0000000 5629.97551  31.9%   193    2s
H  109   111                    7766.0000000 5629.97551  27.5%   155    2s
H  159   159                    7652.0000000 5629.97551  26.4%   123    3s
   214   208 infeasible   30      7652.00000 5629.97551  26.4%   103    5s
H  215   208                    7430.0000000 5629.97551  24.2%   102    5s
H  259   235                    7370.0000000 5629.97551  23.6%  92.2    6s
H  307   289                    7230.0000000 5629.97551  22.1%  86.6    8s
   411   333 5642.54060    7   64 7230.00000 5630.42556  22.1%  78.5   10s
H  620   488                    6911.0000000 5633.16640  18.5%  81.6   12s
H  661   516                    6797.0000000 5633.16640  17.1%  81.7   12s
H  887   660                    6758.0000000 5633.33521  16.6%  76.3   13s
H  947   595                    6478.0000000 5633.33521  13.0%  76.5   14s
H  948   583                    6278.0000000 5633.33521  10.3%  76.5   14s
  1292   814 6053.90000   20   10 6278.00000 5633.33521  10.3%  72.8   15s
  1653  1011 5991.15072   27   93 6278.00000 5661.17328  9.83%  80.2   20s
  1951  1214 5986.01000   44   14 6278.00000 5661.73405  9.82%  88.8   25s
  2534  1311     cutoff   60      6278.00000 5662.58796  9.80%  84.7   30s
  3299  1556 5970.43730   48  109 6278.00000 5662.66323  9.80%  79.9   35s
  4436  2036 6073.90000   68   40 6278.00000 5663.14444  9.79%  75.2   40s
  5423  2547     cutoff   59      6278.00000 5663.35894  9.79%  73.3   45s
  5943  2774 5971.98750   50   19 6278.00000 5663.35894  9.79%  72.8   50s
  6259  3132 5971.00000   39   55 6278.00000 5663.35894  9.79%  72.6   59s
  6490  3281 5987.70936   52  134 6278.00000 5663.35894  9.79%  71.6   60s
  7644  4022 6048.93794   48  209 6278.00000 5664.58034  9.77%  71.2   65s
  8664  4811 6071.00000   71   17 6278.00000 5664.73159  9.77%  69.6   70s
  9979  5698 6080.10596   58  147 6278.00000 5665.01136  9.76%  68.6   75s
 11920  6799 6212.74613   73  124 6278.00000 5667.50000  9.72%  67.4   81s
 12580  7529 6215.86558   52   86 6278.00000 5667.79184  9.72%  67.7   85s
 15796  9487 5981.00000   45   12 6278.00000 5673.18508  9.63%  66.6   91s
 18500 11675     cutoff   77      6278.00000 5674.87624  9.61%  65.9   98s
 19835 12167     cutoff   59      6278.00000 5676.81381  9.58%  65.5  100s
 22283 13780 5982.92405   43  147 6278.00000 5679.51610  9.53%  64.9  106s
 23626 14719 5985.32250   51   16 6278.00000 5684.72370  9.45%  65.1  111s
 24518 15244 6107.47733   62   30 6278.00000 5687.88188  9.40%  65.6  116s
 25396 15707 5711.32539   56  186 6278.00000 5691.32370  9.34%  65.9  121s
 26452 15926 5998.00000   46   48 6278.00000 5698.99524  9.22%  65.8  127s
 27507 16967 6076.62500   74   16 6278.00000 5705.02912  9.13%  66.0  136s
 29115 17871 6079.12670   78  122 6278.00000 5738.14116  8.60%  65.1  143s
 30676 18291 5812.21489   50  212 6278.00000 5772.10746  8.06%  64.6  148s
 31452 19105 6170.89851   51  148 6278.00000 5772.10746  8.06%  64.9  152s
 32751 19923 5977.48083   74    6 6278.00000 5806.17847  7.52%  64.7  155s
 35436 21686 6201.41526   59  170 6278.00000 5969.32119  4.92%  64.5  160s
 38779 23802 6102.08417   57   28 6278.00000 5969.88660  4.91%  64.0  166s
 41447 25480     cutoff   80      6278.00000 5970.45070  4.90%  63.4  170s
 44717 27809 6096.19360   84  174 6278.00000 5970.83641  4.89%  62.9  176s
 47699 29224 6105.00000   53   20 6278.00000 5971.00000  4.89%  62.3  180s
 49786 30609 6004.03719   52  102 6278.00000 5971.00000  4.89%  62.2  185s
 53335 33239 6095.68350   56  210 6278.00000 5971.00000  4.89%  61.8  191s
 56721 34988 6051.70220   65  173 6278.00000 5971.00000  4.89%  61.2  199s
 57737 35938 5977.12245   48   53 6278.00000 5971.00000  4.89%  61.1  203s
 59230 36637 5971.73125   52   10 6278.00000 5971.00000  4.89%  60.8  207s
 60370 37275 5973.95847   62   85 6278.00000 5971.00000  4.89%  60.6  211s
 63012 39337 5973.78819   67  122 6278.00000 5971.00000  4.89%  60.2  216s
 65778 40850 6111.37874   59   50 6278.00000 5971.00000  4.89%  59.8  220s
 69473 43528 6168.04253   82  163 6278.00000 5971.00000  4.89%  59.5  225s
 73261 45921 infeasible   60      6278.00000 5971.00000  4.89%  58.8  231s
 76487 47496 6058.48579   73  218 6278.00000 5971.00000  4.89%  58.6  235s
 79711 49777 6075.05500   50   27 6278.00000 5971.00000  4.89%  58.6  240s
 83487 52040     cutoff   74      6278.00000 5971.00000  4.89%  58.4  247s
 85981 53534 5972.50000   45   17 6278.00000 5971.00000  4.89%  58.4  250s
 89389 55437 5998.85041   62  136 6278.00000 5971.00000  4.89%  58.4  257s
 91379 57117 5974.31944   55   96 6278.00000 5971.00000  4.89%  58.3  261s
 94436 58886 6037.07719   75  191 6278.00000 5971.00000  4.89%  58.2  265s
 98682 60938 6052.26508  114  164 6278.00000 5971.04500  4.89%  57.8  270s
 100821 62472 6152.27870   85  157 6278.00000 5971.06250  4.89%  57.7  275s
