
Gurobi 12.0.0 (win64) logging started Sun Feb 15 17:19:28 2026

Set parameter LogFile to value "Storage_orig/Logs/log_____________2026_02_15_17_19_28.log"
Set parameter MIPGap to value 0.01
Set parameter OutputFlag to value 1
Gurobi Optimizer version 12.0.0 build v12.0.0rc1 (win64 - Windows 11+.0 (26200.2))

CPU model: Intel(R) Core(TM) i7-9750H CPU @ 2.60GHz, instruction set [SSE2|AVX|AVX2]
Thread count: 6 physical cores, 12 logical processors, using up to 12 threads

Non-default parameters:
MIPGap  0.01
MIPFocus  1

Optimize a model with 3876 rows, 843 columns and 10464 nonzeros
Model fingerprint: 0x6a611e0f
Variable types: 21 continuous, 822 integer (486 binary)
Coefficient statistics:
  Matrix range     [2e-01, 1e+03]
  Objective range  [1e+01, 2e+03]
  Bounds range     [1e+00, 1e+00]
  RHS range        [1e+00, 1e+03]
Found heuristic solution: objective 13800.000000
Presolve removed 2754 rows and 174 columns
Presolve time: 0.07s
Presolved: 1122 rows, 669 columns, 6228 nonzeros
Variable types: 21 continuous, 648 integer (396 binary)

Root relaxation: objective 2.958142e+03, 659 iterations, 0.05 seconds (0.01 work units)

    Nodes    |    Current Node    |     Objective Bounds      |     Work
 Expl Unexpl |  Obj  Depth IntInf | Incumbent    BestBd   Gap | It/Node Time

     0     0 2958.14167    0   20 13800.0000 2958.14167  78.6%     -    1s
H    0     0                    13602.000000 2958.14167  78.3%     -    1s
H    0     0                    13586.000000 2958.14167  78.2%     -    1s
H    0     0                    13352.000000 3005.69482  77.5%     -    1s
H    0     0                    13154.000000 3005.69482  77.1%     -    1s
H    0     0                    12394.000000 3005.69482  75.7%     -    1s
     0     0 3005.69482    0   69 12394.0000 3005.69482  75.7%     -    1s
H    0     0                    12163.000000 3047.16420  74.9%     -    1s
     0     0 3047.16420    0   62 12163.0000 3047.16420  74.9%     -    1s
     0     0 3047.83942    0   72 12163.0000 3047.83942  74.9%     -    1s
H    0     0                    11499.000000 3047.83942  73.5%     -    1s
     0     0 3047.83942    0   74 11499.0000 3047.83942  73.5%     -    1s
H    0     0                    10620.000000 3265.76808  69.2%     -    1s
H    0     0                    10000.000000 3265.76808  67.3%     -    1s
     0     0 3265.76808    0  108 10000.0000 3265.76808  67.3%     -    1s
H    0     0                    9720.0000000 3265.76808  66.4%     -    1s
     0     0 3280.32585    0  116 9720.00000 3280.32585  66.3%     -    1s
     0     0 3288.25794    0  135 9720.00000 3288.25794  66.2%     -    1s
     0     0 3295.15508    0  147 9720.00000 3295.15508  66.1%     -    1s
     0     0 3298.82610    0  146 9720.00000 3298.82610  66.1%     -    2s
     0     0 3298.82610    0  147 9720.00000 3298.82610  66.1%     -    2s
H    0     0                    9660.0000000 3298.82610  65.9%     -    2s
H    0     0                    9632.0000000 3363.24798  65.1%     -    2s
H    0     0                    9352.0000000 3363.24798  64.0%     -    2s
     0     0 3363.24798    0  106 9352.00000 3363.24798  64.0%     -    2s
H    0     0                    7961.0000000 3363.24798  57.8%     -    2s
     0     0 3380.00000    0   94 7961.00000 3380.00000  57.5%     -    2s
     0     0 3380.66667    0   68 7961.00000 3380.66667  57.5%     -    2s
     0     0 3380.66667    0   94 7961.00000 3380.66667  57.5%     -    2s
H    0     0                    6882.0000000 3380.66667  50.9%     -    2s
H    0     0                    6742.0000000 3380.66667  49.9%     -    2s
     0     0 3380.93056    0  136 6742.00000 3380.93056  49.9%     -    2s
     0     0 3380.98670    0  171 6742.00000 3380.98670  49.9%     -    2s
     0     0 3381.25000    0  157 6742.00000 3381.25000  49.8%     -    2s
     0     0 3382.05000    0  164 6742.00000 3382.05000  49.8%     -    2s
     0     0 3382.05000    0  132 6742.00000 3382.05000  49.8%     -    2s
H    0     0                    6149.0000000 3382.05000  45.0%     -    2s
     0     0 3382.05000    0  146 6149.00000 3382.05000  45.0%     -    2s
H    0     0                    5902.0000000 3382.05000  42.7%     -    3s
H    0     0                    5702.0000000 3382.05000  40.7%     -    3s
H    0     0                    5675.0000000 3382.05000  40.4%     -    3s
H    0     0                    5562.0000000 3382.05000  39.2%     -    3s
H    0     0                    5554.0000000 3382.05000  39.1%     -    3s
     0     2 3382.05000    0   89 5554.00000 3382.05000  39.1%     -    3s
H    2     4                    5414.0000000 3382.05000  37.5%   126    3s
H   28    38                    5395.0000000 3383.72677  37.3%   128    4s
H   35    38                    5313.0000000 3383.72677  36.3%   127    4s
H   72    71                    5299.0000000 3383.72677  36.1%   103    4s
H  113   121                    5019.0000000 3383.72677  32.6%  77.6    4s
H  135   131                    4959.0000000 3383.72677  31.8%  68.4    4s
H  151   140                    4819.0000000 3383.72677  29.8%  62.6    4s
H  198   170                    4619.0000000 3383.72677  26.7%  54.3    4s
   199   179 3750.42550   27   22 4619.00000 3383.72677  26.7%  54.1    5s
H  262   220                    4479.0000000 3383.72677  24.5%  48.4    5s
   865   695 3812.91077   18   89 4479.00000 3384.50000  24.4%  38.0   10s
  1580  1150 4185.53669   40  225 4479.00000 3387.29121  24.4%  33.9   15s
  1983  1380 3832.66618   30   54 4479.00000 3387.29121  24.4%  43.3   20s
  2567  1603 3837.79648   45   94 4479.00000 3387.29121  24.4%  44.7   25s
H 2724  1565                    4440.0000000 3387.29121  23.7%  44.8   26s
  3292  1791 4042.18692   64   48 4440.00000 3387.29121  23.7%  46.0   30s
  5808  3094 4143.02374   62   65 4440.00000 3612.99677  18.6%  46.7   35s
  9503  5397 3830.69057   37   79 4440.00000 3618.00000  18.5%  44.9   40s
 13111  7868 3947.08194   55   89 4440.00000 3620.67390  18.5%  43.9   45s
 17451 10363 4205.70840   60   96 4440.00000 3624.37500  18.4%  41.7   50s
 21385 12407 4083.74879   58  103 4440.00000 3626.58824  18.3%  40.2   55s
 25011 14327     cutoff   53      4440.00000 3630.43745  18.2%  39.7   60s
 28820 16972 3741.37788   31  120 4440.00000 3633.15583  18.2%  39.6   65s
 33097 18646 4149.17747   53   62 4440.00000 3635.23532  18.1%  39.4   71s
 36907 20956 infeasible   40      4440.00000 3636.63928  18.1%  39.0   76s
 41673 23412 3899.12500   28   72 4440.00000 3638.24132  18.1%  38.1   80s
 45316 25214 3721.97174   26  109 4440.00000 3640.32841  18.0%  38.5   85s
 48451 26852     cutoff   32      4440.00000 3641.15243  18.0%  38.6   96s
 49235 27191 4409.45154   57  101 4440.00000 3641.51088  18.0%  38.7  101s
 50107 27774 3855.13138   48  129 4440.00000 3642.10829  18.0%  38.9  107s
 51282 28318 3734.39306   36  130 4440.00000 3642.53502  18.0%  38.9  114s
 52281 29410 3675.61260   35  164 4440.00000 3642.97090  18.0%  39.0  120s
 54034 29834 infeasible   76      4440.00000 3643.59010  17.9%  38.6  126s
 54868 30404 3872.65327   50   86 4440.00000 3643.70685  17.9%  38.8  133s
 55944 31306 4098.94849   45   50 4440.00000 3644.42721  17.9%  38.8  140s
 60260 33421 infeasible   46      4440.00000 3645.72688  17.9%  38.5  149s
 61067 34020 4085.64117   50   53 4440.00000 3646.31027  17.9%  38.5  155s
 62186 34918 3699.68789   46  130 4440.00000 3646.75293  17.9%  38.5  161s
 63866 35363 4062.24428   43   67 4440.00000 3647.03425  17.9%  38.3  166s
 64806 35437 3767.83541   30  117 4440.00000 3647.03425  17.9%  38.3  174s
 64941 35659 3788.16994   31  153 4440.00000 3647.03425  17.9%  38.4  180s
H64978 35445                    4383.0000000 3647.03425  16.8%  38.4  180s
 65332 35646 3928.31126   43  106 4383.00000 3647.71268  16.8%  38.4  188s
 65774 36247 3843.98481   37   84 4383.00000 3647.99869  16.8%  38.5  194s
 66938 36914     cutoff   41      4383.00000 3648.34841  16.8%  38.5  200s
 68235 37429 infeasible   66      4383.00000 3648.98061  16.7%  38.6  207s
 69332 38030 3956.51763   41   55 4383.00000 3649.41654  16.7%  38.7  214s
 70630 38659 3877.80000   50   89 4383.00000 3649.72801  16.7%  38.7  216s
 73732 40252 3814.98072   48  108 4383.00000 3651.28701  16.7%  38.5  220s
 77267 42863 3823.35264   59   58 4383.00000 3652.91998  16.7%  38.7  226s
 81773 44369 3823.13167   33   49 4383.00000 3654.78193  16.6%  38.5  231s
 85655 46331 4146.16649   73   95 4383.00000 3655.77553  16.6%  38.3  235s
 88443 47802 4128.56665   47   80 4383.00000 3657.04945  16.6%  38.5  241s
 91912 49795 3793.61120   51  127 4383.00000 3658.00280  16.5%  38.5  246s
 94176 51562 4039.88955   45  139 4383.00000 3658.94050  16.5%  38.7  250s
 97246 52663 4082.68648   48  119 4383.00000 3659.48248  16.5%  38.5  256s
 99469 53859 3919.74927   41   55 4383.00000 3660.50551  16.5%  38.5  260s
 101738 55318 3727.73618   30   82 4383.00000 3661.11261  16.5%  38.6  267s
 103610 55865 infeasible   58      4383.00000 3661.22687  16.5%  38.3  271s
 107737 57999 3844.55016   43  143 4383.00000 3662.57447  16.4%  38.2  276s
 108732 58503 3681.75556   33   60 4383.00000 3662.79455  16.4%  38.3  283s
 109650 58992 3841.03171   38  150 4383.00000 3663.27149  16.4%  38.3  290s
 110683 59766 3981.13442   36  114 4383.00000 3663.65022  16.4%  38.4  297s
 114416 61623 3889.13312   37   73 4383.00000 3664.82417  16.4%  38.1  304s
 115303 62092 4014.41926   64   89 4383.00000 3665.27903  16.4%  38.2  309s
 116265 62917 infeasible   66      4383.00000 3665.39542  16.4%  38.2  311s

Cutting planes:
  Learned: 561
  Gomory: 8
  Cover: 163
  MIR: 118
  StrongCG: 4
  Flow cover: 171
  Inf proof: 5
  Zero half: 2
  Network: 2
  RLT: 14
  Relax-and-lift: 3

Explored 118707 nodes (4537337 simplex iterations) in 313.85 seconds (61.36 work units)
Thread count was 12 (of 12 available processors)

Solution count 10: 4383 4440 4479 ... 5395

Solve interrupted
Best objective 4.383000000000e+03, best bound 3.667000000000e+03, gap 16.3358%
