
Gurobi 12.0.0 (win64) logging started Thu Feb 19 08:39:18 2026

Set parameter LogFile to value "Storage_orig/Logs/log______Sens_handling_time_0.1_2026_02_19_08_39_18.log"
Set parameter MIPGap to value 0.005
Set parameter OutputFlag to value 1
Read solution from file Storage_orig/Solutions/solved________2026_02_19_08_28_55.sol
Gurobi Optimizer version 12.0.0 build v12.0.0rc1 (win64 - Windows 11+.0 (26200.2))

CPU model: Intel(R) Core(TM) i7-9750H CPU @ 2.60GHz, instruction set [SSE2|AVX|AVX2]
Thread count: 6 physical cores, 12 logical processors, using up to 12 threads

Non-default parameters:
MIPGap  0.005
MIPFocus  2

Optimize a model with 4176 rows, 840 columns and 11022 nonzeros
Model fingerprint: 0x704d0da1
Variable types: 18 continuous, 822 integer (570 binary)
Coefficient statistics:
  Matrix range     [1e-01, 1e+03]
  Objective range  [1e+01, 2e+03]
  Bounds range     [1e+00, 1e+00]
  RHS range        [1e+00, 1e+03]

User MIP start did not produce a new incumbent solution
User MIP start violates constraint Time_UB_1_2_0 by 0.600000000

Found heuristic solution: objective 18840.000000
Presolve removed 2934 rows and 192 columns
Presolve time: 0.01s
Presolved: 1242 rows, 648 columns, 6477 nonzeros
Variable types: 18 continuous, 630 integer (450 binary)
Root relaxation presolve removed 3 rows and 0 columns
Root relaxation presolved: 1239 rows, 648 columns, 6447 nonzeros


Root relaxation: objective 5.417700e+03, 509 iterations, 0.02 seconds (0.02 work units)
Another try with MIP start

    Nodes    |    Current Node    |     Objective Bounds      |     Work
 Expl Unexpl |  Obj  Depth IntInf | Incumbent    BestBd   Gap | It/Node Time

H    0     0                    5840.0000000 5417.70000  7.23%     -    0s
     0     0 5417.70000    0   16 5840.00000 5417.70000  7.23%     -    0s
     0     0 5432.93953    0   55 5840.00000 5432.93953  6.97%     -    0s
     0     0 5432.93953    0   47 5840.00000 5432.93953  6.97%     -    0s
     0     0 5544.47464    0  128 5840.00000 5544.47464  5.06%     -    0s
     0     0 5569.00812    0  112 5840.00000 5569.00812  4.64%     -    0s
     0     0 5569.05473    0  114 5840.00000 5569.05473  4.64%     -    0s
     0     0 5569.10416    0  115 5840.00000 5569.10416  4.64%     -    0s
     0     0 5569.16462    0  129 5840.00000 5569.16462  4.64%     -    0s
     0     0 5569.16462    0  133 5840.00000 5569.16462  4.64%     -    0s
     0     0 5591.01501    0  183 5840.00000 5591.01501  4.26%     -    0s
     0     0 5612.72313    0  202 5840.00000 5612.72313  3.89%     -    0s
     0     0 5635.00000    0  201 5840.00000 5635.00000  3.51%     -    0s
     0     0 5635.00000    0  181 5840.00000 5635.00000  3.51%     -    0s
     0     0 5635.00000    0  265 5840.00000 5635.00000  3.51%     -    0s
     0     0 5635.00000    0  250 5840.00000 5635.00000  3.51%     -    0s
     0     0 5635.00000    0  260 5840.00000 5635.00000  3.51%     -    1s
     0     0 5635.00000    0  262 5840.00000 5635.00000  3.51%     -    1s
     0     0 5635.00000    0  186 5840.00000 5635.00000  3.51%     -    1s
     0     0 5635.00000    0  208 5840.00000 5635.00000  3.51%     -    1s
     0     0 5635.00000    0  315 5840.00000 5635.00000  3.51%     -    2s
     0     0 5635.00000    0  315 5840.00000 5635.00000  3.51%     -    2s
     0     2 5635.00000    0  308 5840.00000 5635.00000  3.51%     -    2s
H  101   105                    5819.0000000 5635.00000  3.16%   211    3s
   526   317 5695.60375   13  170 5819.00000 5636.16805  3.14%   132    5s
  3131   767 5814.95238   11   68 5819.00000 5669.37500  2.57%   116   10s
  5420   876     cutoff   15      5819.00000 5715.59551  1.78%   114   15s
  7497   955 5757.22969   15  126 5819.00000 5740.00000  1.36%   104   20s
  7819   995 5754.71429   21   34 5819.00000 5740.00000  1.36%   108   25s
  9445   854 5784.94737   25   92 5819.00000 5740.00000  1.36%   110   30s
 12441   961 5746.17457   25   75 5819.00000 5740.00000  1.36%   110   35s
 15251  1015 5784.68750   24  112 5819.00000 5740.00000  1.36%   111   40s
 19593  1172     cutoff   25      5819.00000 5742.28396  1.32%   102   45s
 24835   216     cutoff   34      5819.00000 5779.59567  0.68%  93.3   50s

Cutting planes:
  Learned: 27
  Gomory: 9
  Lift-and-project: 1
  Cover: 431
  Implied bound: 27
  MIR: 252
  StrongCG: 25
  Flow cover: 471
  Inf proof: 2
  Zero half: 28
  Network: 1
  RLT: 9
  Relax-and-lift: 26

Explored 27574 nodes (2405039 simplex iterations) in 51.38 seconds (37.94 work units)
Thread count was 12 (of 12 available processors)

Solution count 3: 5819 5840 18840 

Optimal solution found (tolerance 5.00e-03)
Best objective 5.819000000000e+03, best bound 5.819000000000e+03, gap 0.0000%
