
Gurobi 12.0.0 (win64) logging started Tue Feb 24 22:58:21 2026

Set parameter LogFile to value "Storage_orig/Logs/log______Sens_gamma_750_2026_02_24_22_58_21.log"
Set parameter MIPGap to value 0.005
Set parameter OutputFlag to value 1
Gurobi Optimizer version 12.0.0 build v12.0.0rc1 (win64 - Windows 11+.0 (26200.2))

CPU model: Intel(R) Core(TM) i7-9750H CPU @ 2.60GHz, instruction set [SSE2|AVX|AVX2]
Thread count: 6 physical cores, 12 logical processors, using up to 12 threads

Non-default parameters:
MIPGap  0.005
MIPFocus  2

Optimize a model with 5520 rows, 1080 columns and 14632 nonzeros
Model fingerprint: 0x2f8df287
Variable types: 24 continuous, 1056 integer (720 binary)
Coefficient statistics:
  Matrix range     [2e-01, 1e+03]
  Objective range  [1e+01, 2e+03]
  Bounds range     [1e+00, 1e+00]
  RHS range        [1e+00, 1e+03]

User MIP start produced solution with objective 8782 (0.00s)
Loaded user MIP start with objective 8782

Presolve removed 3920 rows and 216 columns
Presolve time: 0.02s
Presolved: 1600 rows, 864 columns, 8604 nonzeros
Variable types: 24 continuous, 840 integer (600 binary)
Root relaxation presolve removed 4 rows and 0 columns
Root relaxation presolved: 1596 rows, 864 columns, 8564 nonzeros


Root relaxation: objective 7.117600e+03, 733 iterations, 0.02 seconds (0.02 work units)

    Nodes    |    Current Node    |     Objective Bounds      |     Work
 Expl Unexpl |  Obj  Depth IntInf | Incumbent    BestBd   Gap | It/Node Time

     0     0 7117.60003    0   30 8782.00000 7117.60003  19.0%     -    0s
     0     0 7287.78340    0   50 8782.00000 7287.78340  17.0%     -    0s
     0     0 7287.78340    0   33 8782.00000 7287.78340  17.0%     -    0s
     0     0 7606.33611    0  107 8782.00000 7606.33611  13.4%     -    0s
     0     0 7710.04855    0  119 8782.00000 7710.04855  12.2%     -    0s
     0     0 7732.87144    0  134 8782.00000 7732.87144  11.9%     -    0s
     0     0 7739.36263    0  134 8782.00000 7739.36263  11.9%     -    0s
     0     0 7745.74333    0  138 8782.00000 7745.74333  11.8%     -    0s
     0     0 7746.20647    0  141 8782.00000 7746.20647  11.8%     -    0s
     0     0 8246.13463    0  176 8782.00000 8246.13463  6.10%     -    0s
     0     0 8246.13463    0  176 8782.00000 8246.13463  6.10%     -    0s
     0     0 8343.01867    0  195 8782.00000 8343.01867  5.00%     -    0s
     0     0 8361.23397    0  262 8782.00000 8361.23397  4.79%     -    0s
     0     0 8368.85396    0  204 8782.00000 8368.85396  4.70%     -    0s
     0     0 8369.25431    0  244 8782.00000 8369.25431  4.70%     -    0s
     0     0 8492.16378    0  125 8782.00000 8492.16378  3.30%     -    1s
     0     0 8502.85629    0  226 8782.00000 8502.85629  3.18%     -    1s
     0     0 8516.10579    0  183 8782.00000 8516.10579  3.03%     -    1s
     0     0 8516.40925    0  192 8782.00000 8516.40925  3.02%     -    1s
     0     0 8551.79708    0  264 8782.00000 8551.79708  2.62%     -    1s
     0     0 8551.79708    0  264 8782.00000 8551.79708  2.62%     -    1s
     0     0 8572.07784    0  222 8782.00000 8572.07784  2.39%     -    1s
     0     0 8572.07784    0  222 8782.00000 8572.07784  2.39%     -    1s
     0     0 8574.08248    0  298 8782.00000 8574.08248  2.37%     -    1s
     0     0 8579.42429    0  242 8782.00000 8579.42429  2.31%     -    1s
     0     0 8580.53420    0  319 8782.00000 8580.53420  2.29%     -    1s
     0     0 8581.08063    0  328 8782.00000 8581.08063  2.29%     -    1s
     0     0 8639.13441    0  268 8782.00000 8639.13441  1.63%     -    2s
     0     0 8639.86428    0  340 8782.00000 8639.86428  1.62%     -    2s
     0     0 8640.25310    0  364 8782.00000 8640.25310  1.61%     -    2s
     0     0 8640.25310    0   28 8782.00000 8640.25310  1.61%     -    2s
     0     0 8640.25310    0  168 8782.00000 8640.25310  1.61%     -    2s
     0     0 8640.25310    0  169 8782.00000 8640.25310  1.61%     -    2s
     0     0 8640.25310    0  210 8782.00000 8640.25310  1.61%     -    2s
     0     0 8640.25310    0  192 8782.00000 8640.25310  1.61%     -    3s
     0     0 8641.16988    0  263 8782.00000 8641.16988  1.60%     -    3s
     0     0 8641.33993    0  270 8782.00000 8641.33993  1.60%     -    3s
     0     0 8649.36667    0  286 8782.00000 8649.36667  1.51%     -    3s
     0     0 8649.36667    0  272 8782.00000 8649.36667  1.51%     -    3s
     0     0 8662.00000    0  166 8782.00000 8662.00000  1.37%     -    3s
     0     0 8662.34320    0  287 8782.00000 8662.34320  1.36%     -    3s
     0     0 8662.89043    0  263 8782.00000 8662.89043  1.36%     -    3s
     0     0 8662.89043    0  226 8782.00000 8662.89043  1.36%     -    3s
     0     2 8664.35729    0  223 8782.00000 8664.35729  1.34%     -    3s

Cutting planes:
  Learned: 47
  Gomory: 23
  Cover: 180
  Implied bound: 31
  Clique: 45
  MIR: 121
  StrongCG: 23
  Flow cover: 244
  Zero half: 80
  Network: 2
  RLT: 6
  Relax-and-lift: 20

Explored 426 nodes (35500 simplex iterations) in 4.52 seconds (2.70 work units)
Thread count was 12 (of 12 available processors)

Solution count 1: 8782 

Optimal solution found (tolerance 5.00e-03)
Best objective 8.782000000000e+03, best bound 8.782000000000e+03, gap 0.0000%
