
Gurobi 12.0.0 (win64) logging started Tue Feb 17 00:21:43 2026

Set parameter LogFile to value "Storage_orig/Logs/log______Sens_gamma_500_2026_02_17_00_21_43.log"
Set parameter MIPGap to value 0.01
Set parameter OutputFlag to value 1
Set parameter TimeLimit to value 600
Gurobi Optimizer version 12.0.0 build v12.0.0rc1 (win64 - Windows 11+.0 (26200.2))

CPU model: Intel(R) Core(TM) i7-9750H CPU @ 2.60GHz, instruction set [SSE2|AVX|AVX2]
Thread count: 6 physical cores, 12 logical processors, using up to 12 threads

Non-default parameters:
TimeLimit  600
MIPGap  0.01
MIPFocus  1

Optimize a model with 4170 rows, 840 columns and 11004 nonzeros
Model fingerprint: 0x8bb30c57
Variable types: 18 continuous, 822 integer (570 binary)
Coefficient statistics:
  Matrix range     [2e-01, 1e+03]
  Objective range  [1e+01, 2e+03]
  Bounds range     [1e+00, 1e+00]
  RHS range        [1e+00, 1e+03]

User MIP start produced solution with objective 7792 (0.01s)
Loaded user MIP start with objective 7792

Presolve removed 2940 rows and 192 columns
Presolve time: 0.03s
Presolved: 1230 rows, 648 columns, 6453 nonzeros
Variable types: 18 continuous, 630 integer (450 binary)

Root relaxation: objective 6.667500e+03, 407 iterations, 0.01 seconds (0.01 work units)

    Nodes    |    Current Node    |     Objective Bounds      |     Work
 Expl Unexpl |  Obj  Depth IntInf | Incumbent    BestBd   Gap | It/Node Time

     0     0 6667.50003    0   31 7792.00000 6667.50003  14.4%     -    0s
     0     0 6668.00013    0   72 7792.00000 6668.00013  14.4%     -    0s
     0     0 6668.14286    0   69 7792.00000 6668.14286  14.4%     -    0s
     0     0 6697.87528    0   65 7792.00000 6697.87528  14.0%     -    0s
     0     0 6697.87528    0   65 7792.00000 6697.87528  14.0%     -    0s
     0     0 6926.24096    0   88 7792.00000 6926.24096  11.1%     -    0s
     0     0 7124.19678    0  119 7792.00000 7124.19678  8.57%     -    0s
     0     0 7129.59486    0  133 7792.00000 7129.59486  8.50%     -    0s
     0     0 7135.00676    0  133 7792.00000 7135.00676  8.43%     -    0s
     0     0 7135.20837    0  135 7792.00000 7135.20837  8.43%     -    0s
     0     0 7135.48091    0  142 7792.00000 7135.48091  8.43%     -    0s
     0     0 7135.48091    0  144 7792.00000 7135.48091  8.43%     -    0s
     0     0 7313.56643    0  179 7792.00000 7313.56643  6.14%     -    0s
     0     0 7385.29443    0  188 7792.00000 7385.29443  5.22%     -    0s
     0     0 7415.71457    0  197 7792.00000 7415.71457  4.83%     -    0s
     0     0 7421.56511    0  217 7792.00000 7421.56511  4.75%     -    0s
     0     0 7457.19283    0  223 7792.00000 7457.19283  4.30%     -    0s
     0     0 7473.25465    0  225 7792.00000 7473.25465  4.09%     -    0s
     0     0 7495.68656    0  209 7792.00000 7495.68656  3.80%     -    0s
     0     0 7504.48885    0  230 7792.00000 7504.48885  3.69%     -    0s
     0     0 7506.26804    0  239 7792.00000 7506.26804  3.67%     -    0s
     0     0 7507.66238    0  239 7792.00000 7507.66238  3.65%     -    0s
     0     0 7516.42825    0  245 7792.00000 7516.42825  3.54%     -    0s
     0     0 7517.12231    0  251 7792.00000 7517.12231  3.53%     -    0s
     0     0 7517.13390    0  256 7792.00000 7517.13390  3.53%     -    0s
     0     0 7605.16929    0  242 7792.00000 7605.16929  2.40%     -    1s
     0     0 7605.16929    0  242 7792.00000 7605.16929  2.40%     -    1s
     0     0 7644.08086    0  220 7792.00000 7644.08086  1.90%     -    1s
     0     0 7664.43751    0  214 7792.00000 7664.43751  1.64%     -    1s
     0     0 7670.04909    0  246 7792.00000 7670.04909  1.57%     -    1s
     0     0 7678.93503    0  201 7792.00000 7678.93503  1.45%     -    1s
     0     0 7678.93503    0  183 7792.00000 7678.93503  1.45%     -    1s
     0     0 7679.84645    0  191 7792.00000 7679.84645  1.44%     -    1s
     0     0 7679.84645    0   38 7792.00000 7679.84645  1.44%     -    1s
     0     0 7679.84645    0   91 7792.00000 7679.84645  1.44%     -    1s
     0     0 7679.84645    0  111 7792.00000 7679.84645  1.44%     -    1s
     0     0 7679.84645    0  130 7792.00000 7679.84645  1.44%     -    1s
     0     0 7679.84645    0  128 7792.00000 7679.84645  1.44%     -    1s
     0     0 7679.84645    0  120 7792.00000 7679.84645  1.44%     -    1s
     0     0 7679.84645    0  142 7792.00000 7679.84645  1.44%     -    1s
     0     0 7679.84645    0  149 7792.00000 7679.84645  1.44%     -    1s
     0     0 7679.84645    0  137 7792.00000 7679.84645  1.44%     -    1s
     0     0 7679.84645    0  124 7792.00000 7679.84645  1.44%     -    1s
     0     0 7679.84645    0  146 7792.00000 7679.84645  1.44%     -    1s
     0     0 7679.84645    0  128 7792.00000 7679.84645  1.44%     -    1s
     0     0 7679.84645    0  130 7792.00000 7679.84645  1.44%     -    1s
     0     0 7680.34167    0  151 7792.00000 7680.34167  1.43%     -    1s
     0     0 7680.34167    0  159 7792.00000 7680.34167  1.43%     -    1s
     0     0 7682.06415    0  190 7792.00000 7682.06415  1.41%     -    2s
     0     0 7682.06677    0  185 7792.00000 7682.06677  1.41%     -    2s
     0     0 7686.40000    0  180 7792.00000 7686.40000  1.36%     -    2s
     0     0 7692.70000    0  174 7792.00000 7692.70000  1.27%     -    2s
     0     0 7693.13333    0  188 7792.00000 7693.13333  1.27%     -    2s
     0     0 7693.13333    0  193 7792.00000 7693.13333  1.27%     -    2s
     0     0 7694.00000    0  237 7792.00000 7694.00000  1.26%     -    2s
     0     0 7698.50000    0  197 7792.00000 7698.50000  1.20%     -    2s
     0     0 7698.50000    0  211 7792.00000 7698.50000  1.20%     -    2s
     0     0 7698.50000    0  218 7792.00000 7698.50000  1.20%     -    2s
     0     0 7698.50000    0  192 7792.00000 7698.50000  1.20%     -    2s
     0     0 7698.50000    0  112 7792.00000 7698.50000  1.20%     -    2s
     0     2 7698.50000    0   69 7792.00000 7698.50000  1.20%     -    2s

Cutting planes:
  Learned: 3
  Gomory: 4
  Cover: 149
  Implied bound: 9
  Clique: 140
  MIR: 152
  StrongCG: 14
  Flow cover: 53
  GUB cover: 1
  Zero half: 2
  Network: 2
  RLT: 17
  Relax-and-lift: 17

Explored 1012 nodes (60502 simplex iterations) in 3.93 seconds (1.87 work units)
Thread count was 12 (of 12 available processors)

Solution count 1: 7792 

Optimal solution found (tolerance 1.00e-02)
Best objective 7.792000000000e+03, best bound 7.717000000000e+03, gap 0.9625%
