
Gurobi 12.0.0 (win64) logging started Sun Feb 15 17:26:44 2026

Set parameter LogFile to value "Storage_orig/Logs/log_____________2026_02_15_17_26_44.log"
Set parameter MIPGap to value 0.01
Set parameter OutputFlag to value 1
Gurobi Optimizer version 12.0.0 build v12.0.0rc1 (win64 - Windows 11+.0 (26200.2))

CPU model: Intel(R) Core(TM) i7-9750H CPU @ 2.60GHz, instruction set [SSE2|AVX|AVX2]
Thread count: 6 physical cores, 12 logical processors, using up to 12 threads

Non-default parameters:
MIPGap  0.01
MIPFocus  1

Optimize a model with 3870 rows, 843 columns and 10452 nonzeros
Model fingerprint: 0xddb9fc7f
Variable types: 21 continuous, 822 integer (486 binary)
Coefficient statistics:
  Matrix range     [2e-01, 1e+03]
  Objective range  [1e+01, 2e+03]
  Bounds range     [1e+00, 1e+00]
  RHS range        [1e+00, 1e+03]
Found heuristic solution: objective 13740.000000
Presolve removed 2754 rows and 174 columns
Presolve time: 0.07s
Presolved: 1116 rows, 669 columns, 6216 nonzeros
Variable types: 21 continuous, 648 integer (396 binary)

Root relaxation: objective 3.058600e+03, 612 iterations, 0.05 seconds (0.01 work units)

    Nodes    |    Current Node    |     Objective Bounds      |     Work
 Expl Unexpl |  Obj  Depth IntInf | Incumbent    BestBd   Gap | It/Node Time

     0     0 3058.60033    0   36 13740.0000 3058.60033  77.7%     -    0s
H    0     0                    13731.000000 3058.60033  77.7%     -    0s
H    0     0                    12791.000000 3058.60033  76.1%     -    0s
H    0     0                    12651.000000 3058.60033  75.8%     -    0s
H    0     0                    12451.000000 3085.32658  75.2%     -    0s
H    0     0                    12171.000000 3085.32658  74.7%     -    0s
H    0     0                    12132.000000 3085.32658  74.6%     -    0s
     0     0 3085.32658    0   86 12132.0000 3085.32658  74.6%     -    0s
H    0     0                    11772.000000 3085.32658  73.8%     -    0s
H    0     0                    11033.000000 3179.84720  71.2%     -    0s
     0     0 3179.84720    0   85 11033.0000 3179.84720  71.2%     -    0s
H    0     0                    10911.000000 3189.33520  70.8%     -    0s
     0     0 3189.33520    0   86 10911.0000 3189.33520  70.8%     -    0s
     0     0 3195.61977    0   59 10911.0000 3195.61977  70.7%     -    0s
H    0     0                    10314.000000 3196.44246  69.0%     -    0s
     0     0 3196.44246    0   57 10314.0000 3196.44246  69.0%     -    0s
     0     0 3196.44477    0   73 10314.0000 3196.44477  69.0%     -    0s
     0     0 3410.73452    0   93 10314.0000 3410.73452  66.9%     -    0s
H    0     0                    8785.0000000 3437.26988  60.9%     -    0s
     0     0 3437.26988    0  116 8785.00000 3437.26988  60.9%     -    0s
     0     0 3441.88539    0  152 8785.00000 3441.88539  60.8%     -    0s
     0     0 3442.76225    0  158 8785.00000 3442.76225  60.8%     -    0s
     0     0 3446.96858    0  164 8785.00000 3446.96858  60.8%     -    0s
     0     0 3447.05612    0  161 8785.00000 3447.05612  60.8%     -    0s
H    0     0                    8645.0000000 3447.05612  60.1%     -    0s
H    0     0                    8617.0000000 3447.05612  60.0%     -    0s
     0     0 3472.04233    0  151 8617.00000 3472.04233  59.7%     -    1s
     0     0 3472.83960    0  154 8617.00000 3472.83960  59.7%     -    1s
     0     0 3473.20000    0  143 8617.00000 3473.20000  59.7%     -    1s
     0     0 3473.20000    0  172 8617.00000 3473.20000  59.7%     -    1s
H    0     0                    6798.0000000 3473.20000  48.9%     -    1s
     0     0 3473.24167    0  189 6798.00000 3473.24167  48.9%     -    1s
H    0     0                    6458.0000000 3473.24167  46.2%     -    1s
     0     0 3473.24167    0  196 6458.00000 3473.24167  46.2%     -    1s
     0     0 3473.26341    0  166 6458.00000 3473.26341  46.2%     -    1s
H    0     0                    6395.0000000 3473.26341  45.7%     -    1s
H    0     0                    5615.0000000 3473.26341  38.1%     -    1s
H    0     2                    5475.0000000 3473.26341  36.6%     -    1s
     0     2 3473.26341    0  135 5475.00000 3473.26341  36.6%     -    1s
H   10    14                    5379.0000000 3473.26341  35.4%   182    2s
H   26    40                    5357.0000000 3473.43548  35.2%   189    2s
H   27    40                    5060.0000000 3473.43548  31.4%   184    2s
H  113   115                    4959.0000000 3473.43548  30.0%  75.7    2s
   429   377 4701.30025   79   45 4959.00000 3473.43548  30.0%  38.0    5s
H  901   730                    4937.0000000 3478.68235  29.5%  35.6    8s
  1289   948 3729.37976    6   81 4937.00000 3478.68235  29.5%  33.9   10s
  1561  1166 4249.37444   34  253 4937.00000 3507.11719  29.0%  34.2   15s
H 1721  1223                    4920.0000000 3515.00339  28.6%  47.4   19s
  1812  1285 4678.19643   23  129 4920.00000 3515.00339  28.6%  51.7   20s
  2076  1404 3810.66667   24  133 4920.00000 3515.99340  28.5%  54.0   25s
H 2087  1344                    4780.0000000 3515.99340  26.4%  54.1   25s
  2299  1390 3941.74769   34   92 4780.00000 3518.05908  26.4%  55.5   30s
  2407  1424 3943.70051   37   77 4780.00000 3518.64866  26.4%  55.7   35s
  2499  1437 4144.28952   45   49 4780.00000 3519.87987  26.4%  56.9   41s
  2577  1464     cutoff   49      4780.00000 3519.87987  26.4%  58.5   46s
  2636  1502 4589.88235   22  128 4780.00000 3519.87987  26.4%  59.8   50s
  2803  1551 infeasible   25      4780.00000 3519.87987  26.4%  61.0   56s
  3125  1720 3786.85792   30  123 4780.00000 3529.46452  26.2%  63.4   60s
  3801  1923     cutoff   50      4780.00000 3547.40362  25.8%  61.6   66s
  4814  2153 4088.28775   60   71 4780.00000 3570.33906  25.3%  60.4   70s
  7039  3555 4129.34470   49  126 4780.00000 3617.56552  24.3%  62.2   75s
 10257  5299 4192.86223   44  150 4780.00000 3729.25417  22.0%  61.2   80s
 13567  7055     cutoff   38      4780.00000 3745.18178  21.6%  57.5   85s
 15556  8102 4658.42462   27  140 4780.00000 3762.25492  21.3%  57.8   90s
 18611  9519 4397.68305   41   68 4780.00000 3781.60217  20.9%  60.1   96s
 21353 10751 3839.09145   31   75 4780.00000 3786.02150  20.8%  60.1  101s
 22247 11598 4683.57586   26  100 4780.00000 3787.76579  20.8%  60.0  106s
 23758 12035 infeasible   67      4780.00000 3790.05301  20.7%  58.7  111s
 24652 12398 3806.58002   33  136 4780.00000 3791.04449  20.7%  58.5  116s
 25422 12955 4413.99437   65   57 4780.00000 3793.35467  20.6%  58.3  121s
 26613 13394 3870.25759   46  169 4780.00000 3794.59252  20.6%  57.8  127s
 27470 13833 4691.17268   32  164 4780.00000 3796.37869  20.6%  57.8  134s
 28428 14238 4759.73900   32  103 4780.00000 3798.37869  20.5%  57.9  140s
 29349 14772 4211.42105   42   79 4780.00000 3801.36606  20.5%  58.1  145s
 30588 15074     cutoff   28      4780.00000 3803.21776  20.4%  57.9  152s
 31567 15326 4661.30152   28  131 4780.00000 3807.81667  20.3%  58.5  159s
 32487 15833     cutoff   48      4780.00000 3811.19067  20.3%  59.0  167s
 33595 16402 infeasible   66      4780.00000 3814.42332  20.2%  59.1  176s
 34731 16986 4480.43537   51   45 4780.00000 3817.43155  20.1%  59.0  183s
 36050 17983 4276.93206   51   92 4780.00000 3821.01369  20.1%  58.9  192s
 37931 18426 3912.87250   32  124 4780.00000 3821.39651  20.1%  58.1  197s
 38816 18828 4552.12594   62   73 4780.00000 3823.46447  20.0%  58.2  204s
 39773 19210 4457.60484   51   83 4780.00000 3829.20870  19.9%  58.4  210s
 40720 19774 3883.31954   38  159 4780.00000 3831.54904  19.8%  58.6  217s
 41938 21259 4094.73724   35  151 4780.00000 3834.70448  19.8%  58.7  225s
 44561 21811 4079.94963   39  143 4780.00000 3835.99089  19.7%  56.9  232s
 45658 22335 4554.66263   53   97 4780.00000 3836.43750  19.7%  56.8  238s
 46690 22902 3847.34415   38  169 4780.00000 3836.97195  19.7%  56.7  244s
 47714 24157 4751.42649   37  163 4780.00000 3837.00000  19.7%  56.6  250s
 49711 24558 infeasible   51      4780.00000 3837.36721  19.7%  55.5  257s
 50576 25145 4213.90750   44  102 4780.00000 3837.54506  19.7%  55.6  263s
 51753 26419 4550.60777   55  123 4780.00000 3837.96152  19.7%  55.3  268s
 53997 27147 infeasible   53      4780.00000 3838.49444  19.7%  54.1  276s
 55395 28451 4638.88422   61   29 4780.00000 3839.07936  19.7%  53.8  282s
 57715 28846 4080.97027   36  119 4780.00000 3839.45212  19.7%  52.8  286s
 58475 29215     cutoff   44      4780.00000 3839.81522  19.7%  52.8  290s
 60599 30336 4040.10320   41   45 4780.00000 3840.34256  19.7%  52.6  299s
 61427 30776 4660.85199   32  155 4780.00000 3840.34256  19.7%  52.5  305s
 62464 31250 3940.27000   35   47 4780.00000 3840.92697  19.6%  52.4  311s
 63414 31892 3944.35762   35  146 4780.00000 3841.00000  19.6%  52.4  318s
 64477 32253 4456.19142   69  102 4780.00000 3841.44455  19.6%  52.1  325s
 65296 32685 4069.73196   47   62 4780.00000 3841.45305  19.6%  52.1  332s
 66167 33366 4396.24100   60   45 4780.00000 3841.56358  19.6%  52.1  337s
 67424 33814     cutoff   53      4780.00000 3842.07164  19.6%  51.8  343s
 68445 34445 4450.24415   45  117 4780.00000 3842.15374  19.6%  51.8  350s
 69709 34793 3945.83720   39   60 4780.00000 3842.79967  19.6%  51.6  358s
 70395 35441 3956.72742   34  174 4780.00000 3842.79967  19.6%  51.5  364s
 71575 36698 4605.95878   51   66 4780.00000 3843.25264  19.6%  51.5  369s
 73312 36698 4080.20245   43   95 4780.00000 3843.30598  19.6%  51.0  370s
 73735 37299 4292.53758   48   83 4780.00000 3843.54404  19.6%  50.9  378s
 74965 38039 infeasible   38      4780.00000 3843.80942  19.6%  50.8  384s
 76354 38039 4284.97859   53   82 4780.00000 3844.10106  19.6%  50.6  385s
 76490 39128 4430.55992   51  101 4780.00000 3844.10106  19.6%  50.6  390s
 78500 39544 4055.23975   36  113 4780.00000 3844.26021  19.6%  50.0  395s
 79381 39906 infeasible   58      4780.00000 3844.50142  19.6%  50.1  400s
 80341 40873 4242.10695   37   45 4780.00000 3844.60342  19.6%  50.1  406s
 82341 41301 3947.42852   45  128 4780.00000 3844.80028  19.6%  49.6  412s
 83291 41714 3892.65827   35  166 4780.00000 3845.09032  19.6%  49.6  416s
 84448 42125 4447.08469   42   51 4780.00000 3845.35725  19.6%  49.4  421s
 85441 43356 4035.12395   34  121 4780.00000 3845.55263  19.5%  49.4  426s
 87537 43845 3956.21315   38   89 4780.00000 3845.64924  19.5%  48.9  431s
 88476 44240 3849.25637   37  177 4780.00000 3845.75183  19.5%  48.9  437s
 89299 44861 3958.44614   46  128 4780.00000 3845.95902  19.5%  48.8  444s
 90374 45262 4426.46802   31  122 4780.00000 3846.04331  19.5%  48.5  449s
 91312 45787 4308.63075   34  107 4780.00000 3846.30588  19.5%  48.5  459s
 92303 46548 4289.90225   47  115 4780.00000 3846.46705  19.5%  48.5  467s
 93803 47735 4540.77219   53   49 4780.00000 3846.67437  19.5%  48.3  474s
 95775 47756 3846.92000   40  107 4780.00000 3846.80379  19.5%  47.9  477s
 96579 48440 4043.01425   49  110 4780.00000 3846.84612  19.5%  47.9  481s
 98294 49202 4226.43845   53   78 4780.00000 3847.22246  19.5%  47.9  485s
 101678 51491     cutoff   37      4780.00000 3847.76364  19.5%  47.7  491s
 104498 53224 4542.74930   66   52 4780.00000 3847.94188  19.5%  47.4  495s
 108591 54304     cutoff   63      4780.00000 3848.48309  19.5%  46.9  503s
 109007 54751 4400.94174   49   64 4780.00000 3848.52662  19.5%  46.9  505s
 111244 56632 4377.22029   45   74 4780.00000 3848.58288  19.5%  46.9  514s
 113780 56981 3999.19799   47  118 4780.00000 3849.23620  19.5%  46.5  515s
 116019 58096     cutoff   51      4780.00000 3849.58926  19.5%  46.5  520s

Cutting planes:
  Learned: 493
  Gomory: 10
  Cover: 180
  MIR: 176
  StrongCG: 12
  Flow cover: 222
  Inf proof: 2
  Network: 6
  RLT: 15
  Relax-and-lift: 7

Explored 121958 nodes (5615574 simplex iterations) in 524.93 seconds (58.97 work units)
Thread count was 12 (of 12 available processors)

Solution count 10: 4780 4920 4937 ... 6395

Solve interrupted
Best objective 4.780000000000e+03, best bound 3.851000000000e+03, gap 19.4351%
