
Gurobi 12.0.0 (win64) logging started Thu Feb 19 20:50:11 2026

Set parameter LogFile to value "Storage_orig/Logs/log______Sens_handling_time_0.3_2026_02_19_20_50_11.log"
Set parameter MIPGap to value 0.005
Set parameter OutputFlag to value 1
Gurobi Optimizer version 12.0.0 build v12.0.0rc1 (win64 - Windows 11+.0 (26200.2))

CPU model: Intel(R) Core(TM) i7-9750H CPU @ 2.60GHz, instruction set [SSE2|AVX|AVX2]
Thread count: 6 physical cores, 12 logical processors, using up to 12 threads

Non-default parameters:
MIPGap  0.005

Optimize a model with 4176 rows, 840 columns and 11022 nonzeros
Model fingerprint: 0x8c3faaa3
Variable types: 18 continuous, 822 integer (570 binary)
Coefficient statistics:
  Matrix range     [3e-01, 1e+03]
  Objective range  [1e+01, 2e+03]
  Bounds range     [1e+00, 1e+00]
  RHS range        [1e+00, 1e+03]

User MIP start did not produce a new incumbent solution
User MIP start violates constraint Time_LB_1_4_0 by 2.300000000

Found heuristic solution: objective 18840.000000
Presolve removed 2934 rows and 192 columns
Presolve time: 0.02s
Presolved: 1242 rows, 648 columns, 6477 nonzeros
Variable types: 18 continuous, 630 integer (450 binary)

Root relaxation: objective 5.417700e+03, 537 iterations, 0.01 seconds (0.01 work units)

    Nodes    |    Current Node    |     Objective Bounds      |     Work
 Expl Unexpl |  Obj  Depth IntInf | Incumbent    BestBd   Gap | It/Node Time

     0     0 5417.70000    0   10 18840.0000 5417.70000  71.2%     -    0s
H    0     0                    12256.000000 5417.70000  55.8%     -    0s
H    0     0                    12056.000000 5417.70000  55.1%     -    0s
H    0     0                    11480.000000 5418.26667  52.8%     -    0s
H    0     0                    11280.000000 5418.26667  52.0%     -    0s
     0     0 5418.26667    0   36 11280.0000 5418.26667  52.0%     -    0s
     0     0 5420.18841    0   33 11280.0000 5420.18841  51.9%     -    0s
     0     0 5531.48904    0   79 11280.0000 5531.48904  51.0%     -    0s
     0     0 5533.62933    0   87 11280.0000 5533.62933  50.9%     -    0s
     0     0 5533.92294    0   83 11280.0000 5533.92294  50.9%     -    0s
     0     0 5533.92294    0   83 11280.0000 5533.92294  50.9%     -    0s
H    0     0                    9001.0000000 5570.18419  38.1%     -    0s
H    0     0                    8521.0000000 5570.18419  34.6%     -    0s
     0     0 5570.18419    0  131 8521.00000 5570.18419  34.6%     -    0s
     0     0 5570.68641    0  128 8521.00000 5570.68641  34.6%     -    0s
     0     0 5572.45054    0  133 8521.00000 5572.45054  34.6%     -    0s
     0     0 5573.41014    0  139 8521.00000 5573.41014  34.6%     -    0s
     0     0 5573.47162    0  147 8521.00000 5573.47162  34.6%     -    0s
     0     0 5576.24685    0  103 8521.00000 5576.24685  34.6%     -    0s
     0     0 5577.33033    0  118 8521.00000 5577.33033  34.5%     -    0s
     0     0 5577.40048    0  129 8521.00000 5577.40048  34.5%     -    0s
     0     0 5577.41434    0  144 8521.00000 5577.41434  34.5%     -    0s
     0     0 5605.43094    0  136 8521.00000 5605.43094  34.2%     -    0s
H    0     0                    8455.0000000 5605.82431  33.7%     -    0s
H    0     0                    8395.0000000 5605.82431  33.2%     -    0s
H    0     0                    8315.0000000 5605.82431  32.6%     -    0s
     0     0 5608.83288    0  155 8315.00000 5608.83288  32.5%     -    0s
H    0     0                    7708.0000000 5614.22021  27.2%     -    0s
H    0     0                    7308.0000000 5614.22021  23.2%     -    0s
H    0     0                    7108.0000000 5614.22021  21.0%     -    0s
     0     0 5614.22021    0  134 7108.00000 5614.22021  21.0%     -    0s
     0     0 5615.00566    0  184 7108.00000 5615.00566  21.0%     -    0s
     0     0 5615.68091    0  180 7108.00000 5615.68091  21.0%     -    0s
     0     0 5623.62449    0  161 7108.00000 5623.62449  20.9%     -    0s
     0     0 5635.00000    0  165 7108.00000 5635.00000  20.7%     -    0s
H    0     0                    7052.0000000 5635.00008  20.1%     -    0s
     0     0 5635.00008    0  138 7052.00000 5635.00008  20.1%     -    0s
     0     0 5635.00561    0  149 7052.00000 5635.00561  20.1%     -    0s
     0     0 5635.00705    0  170 7052.00000 5635.00705  20.1%     -    0s
     0     0 5635.01579    0  180 7052.00000 5635.01579  20.1%     -    0s
H    0     0                    6652.0000000 5635.01579  15.3%     -    0s
H    0     0                    6592.0000000 5635.01579  14.5%     -    0s
H    0     0                    6452.0000000 5635.01579  12.7%     -    0s
     0     0 5635.01828    0  195 6452.00000 5635.01828  12.7%     -    0s
     0     0 5635.02118    0  211 6452.00000 5635.02118  12.7%     -    1s
     0     0 5635.02118    0  166 6452.00000 5635.02118  12.7%     -    1s
     0     2 5635.02118    0  147 6452.00000 5635.02118  12.7%     -    1s
H   57    81                    6369.0000000 5635.38172  11.5%   184    1s
H  105   122                    6309.0000000 5635.38172  10.7%   137    1s
H  146   153                    6102.0000000 5635.38172  7.65%   117    1s
H  368   316                    6066.0000000 5635.49592  7.10%   106    2s
H  829   667                    6006.0000000 5635.49592  6.17%   100    3s
  1298   986 5649.45892   15  173 6006.00000 5637.41176  6.14%   107    5s
  1761  1187 5899.94834   32  270 6006.00000 5641.03336  6.08%   103   10s
  2171  1421 5957.10705   31  159 6006.00000 5641.03336  6.08%   127   15s
  3703  1735 5844.18548   27  127 6006.00000 5641.03336  6.08%   126   20s
  5054  1999 5694.12527   26  149 6006.00000 5647.58273  5.97%   125   25s
  6500  2530 5732.47235   29  170 6006.00000 5657.41279  5.80%   126   30s
  8235  3334 5739.97278   20  288 6006.00000 5665.98912  5.66%   125   35s
  9603  3805 5753.86115   24  154 6006.00000 5672.43861  5.55%   126   40s
 11892  4787 5981.12896   28  129 6006.00000 5684.83062  5.35%   125   45s
 13854  5405 5876.63129   37  171 6006.00000 5700.43718  5.09%   124   51s
 15568  6123 5972.25208   32  114 6006.00000 5710.05167  4.93%   125   56s
 17526  6959 5773.92897   26  121 6006.00000 5721.02234  4.74%   124   60s
 19667  7703 5872.52796   31  165 6006.00000 5732.17647  4.56%   122   65s
 21883  8679 5867.94585   43  108 6006.00000 5737.42352  4.47%   122   70s
 24288  9569     cutoff   24      6006.00000 5739.00000  4.45%   123   76s
 26016 10298     cutoff   27      6006.00000 5740.00000  4.43%   124   82s
 27058 10614 5979.68851   30   68 6006.00000 5740.54758  4.42%   124   85s
 29034 11362 5845.99117   26  115 6006.00000 5741.22150  4.41%   124   91s
 31380 12092 5866.31655   23  129 6006.00000 5742.72335  4.38%   124   97s
 32489 12315 5843.95256   29  113 6006.00000 5743.30023  4.37%   125  100s
 34609 13063     cutoff   31      6006.00000 5744.45254  4.35%   125  107s
 35784 13464     cutoff   28      6006.00000 5745.26636  4.34%   125  110s
 37035 13465 5843.13561   26  166 6006.00000 5745.99585  4.33%   125  121s
 37063 13484 5853.00000   23  239 6006.00000 5745.99585  4.33%   125  125s
 37087 13500 5877.69060   42  307 6006.00000 5745.99585  4.33%   125  130s
 37101 13509 5867.06698   32  320 6006.00000 5745.99585  4.33%   125  135s
 37115 13518 5969.28283   33  367 6006.00000 5745.99585  4.33%   125  140s
 37130 13528 5757.98824   27  298 6006.00000 5745.99585  4.33%   125  145s
 37142 13536 5883.18557   32  280 6006.00000 5745.99585  4.33%   125  150s
 37152 13543 5794.22594   30  329 6006.00000 5745.99585  4.33%   125  155s
 37164 13551 5845.59052   33  297 6006.00000 5745.99585  4.33%   125  160s
 37178 13560 5792.21895   27  315 6006.00000 5745.99585  4.33%   125  165s
 37190 13568 5825.91726   35  304 6006.00000 5745.99585  4.33%   125  170s
 37202 13576 5777.41446   23  275 6006.00000 5745.99585  4.33%   125  175s
 37214 13584 5777.77273   28  285 6006.00000 5745.99585  4.33%   125  180s
 37227 13593 5903.23651   36  358 6006.00000 5745.99585  4.33%   124  185s
 37242 13603 5883.18557   32   31 6006.00000 5745.99585  4.33%   124  190s
 37258 13614 5974.00000   37  421 6006.00000 5745.99585  4.33%   124  195s
 37273 13627 5745.99585   24  356 6006.00000 5745.99585  4.33%   127  200s
 37914 13851 5751.63306   32  180 6006.00000 5745.99585  4.33%   129  205s
 38872 14097 infeasible   35      6006.00000 5745.99585  4.33%   129  210s
 40519 14350     cutoff   44      6006.00000 5745.99585  4.33%   131  215s
 42547 14612 5845.41176   42   54 6006.00000 5745.99585  4.33%   133  220s
 44599 14650 5766.26799   39  276 6006.00000 5745.99585  4.33%   133  225s
 46570 14859 5745.99585   36  206 6006.00000 5745.99585  4.33%   134  230s
 48522 14994 5988.55178   49  144 6006.00000 5745.99585  4.33%   135  236s
 50145 14991 5976.80447   37  132 6006.00000 5745.99585  4.33%   136  240s
 52829 15115 5750.33323   36  171 6006.00000 5745.99585  4.33%   136  246s
H53022 13592                    5934.0000000 5745.99585  3.17%   136  246s
 53960 13600 5758.77398   45  214 5934.00000 5745.99585  3.17%   136  250s
 56277 13681 5854.48289   48  158 5934.00000 5745.99585  3.17%   137  255s
 58589 13530 5779.94264   49  206 5934.00000 5745.99585  3.17%   137  261s
 60220 13392 5791.02126   39  244 5934.00000 5745.99585  3.17%   138  265s
 61891 13236 5852.00000   37  144 5934.00000 5745.99585  3.17%   138  271s
 64082 12920 5858.76318   43  142 5934.00000 5745.99585  3.17%   139  276s
 66532 12508 5905.33333   44   88 5934.00000 5747.66667  3.14%   139  283s
 67834 12151     cutoff   42      5934.00000 5748.68389  3.12%   139  287s
 68625 12057 5930.59574   39  154 5934.00000 5749.36465  3.11%   139  290s
 71088 11591 5853.21413   40   97 5934.00000 5751.95593  3.07%   140  296s
 73627 11000     cutoff   41      5934.00000 5754.76850  3.02%   140  303s
 74650 10842 5884.56132   37  194 5934.00000 5755.73642  3.00%   140  307s
 76175 10539 5858.18333   40  223 5934.00000 5757.88841  2.97%   140  310s
 78817 10844     cutoff   52      5934.00000 5761.12350  2.91%   141  316s
 81352 11183 5831.99164   34  216 5934.00000 5764.22509  2.86%   141  322s
 82639 11326 5866.81576   52  154 5934.00000 5765.56510  2.84%   141  325s
 85117 11503 5886.45055   40  250 5934.00000 5768.58318  2.79%   141  331s
 87456 11774     cutoff   52      5934.00000 5771.90813  2.73%   141  337s
 88739 11872 5819.81922   42  243 5934.00000 5774.03612  2.70%   141  340s
 91156 12085     cutoff   40      5934.00000 5777.45821  2.64%   141  346s
 93586 12391 5806.20877   58  236 5934.00000 5780.61605  2.58%   141  353s
 94848 12549     cutoff   41      5934.00000 5782.37995  2.56%   141  356s
 97527 12893 5869.38217   47  109 5934.00000 5785.83128  2.50%   141  362s
 98850 13033 5924.41860   56  231 5934.00000 5787.23052  2.47%   141  365s
 101218 13130 5890.96183   43  167 5934.00000 5789.75785  2.43%   141  372s
 102459 13275     cutoff   35      5934.00000 5791.47581  2.40%   141  375s
 104982 13401 5831.71195   54  270 5934.00000 5794.01277  2.36%   141  382s
 106026 13421     cutoff   54      5934.00000 5794.76059  2.35%   141  388s
 107135 13466 5920.95414   56  241 5934.00000 5795.81380  2.33%   141  391s
 108344 13571 5914.50000   59   75 5934.00000 5797.88617  2.29%   141  395s
 110991 13679 5846.63951   36  140 5934.00000 5800.59410  2.25%   141  401s
 113450 13674 5887.24742   47   34 5934.00000 5803.35712  2.20%   141  407s
 114569 13703 5905.00225   43  209 5934.00000 5804.65063  2.18%   141  410s
 117059 13917     cutoff   47      5934.00000 5807.68649  2.13%   140  416s
 119516 13949 5918.78111   48  130 5934.00000 5810.16761  2.09%   140  423s
 120604 13971 5895.23199   42  195 5934.00000 5811.58999  2.06%   140  426s
 123162 14035 5859.85833   44  167 5934.00000 5814.70197  2.01%   140  432s
 124447 14059 5871.31429   44  123 5934.00000 5816.03478  1.99%   140  436s
 126964 14093     cutoff   52      5934.00000 5819.62994  1.93%   139  442s
 128246 14085 infeasible   44      5934.00000 5821.21436  1.90%   139  445s
 130691 14076     cutoff   55      5934.00000 5824.69051  1.84%   139  452s
 132086 14010 5880.35771   43  175 5934.00000 5826.40358  1.81%   139  455s
 133798 13873 5862.59740   53  236 5934.00000 5828.71429  1.77%   139  462s
 134992 13865 5871.96044   47  237 5934.00000 5828.96194  1.77%   139  466s
 137750 13767 5880.25804   48  180 5934.00000 5834.25138  1.68%   138  473s
 139102 13782     cutoff   45      5934.00000 5836.06530  1.65%   138  477s
 140024 13729 5855.75215   45  157 5934.00000 5836.58165  1.64%   138  481s
 142801 13987     cutoff   51      5934.00000 5840.00000  1.58%   138  488s
 144259 14021     cutoff   45      5934.00000 5840.09234  1.58%   137  492s
 145639 14064 5851.38222   53  204 5934.00000 5840.37331  1.58%   137  495s
 148300 14039     cutoff   47      5934.00000 5841.25522  1.56%   137  502s
 149481 13992 5867.48120   54  210 5934.00000 5841.94356  1.55%   137  505s
 152081 14186 5843.94928   39  213 5934.00000 5843.00560  1.53%   137  512s
 153474 14243     cutoff   36      5934.00000 5843.10792  1.53%   136  515s
 156117 14241 5891.38101   50  219 5934.00000 5843.79315  1.52%   136  522s
 157314 14180 5848.80183   44  174 5934.00000 5844.03520  1.52%   136  525s
 159831 14005 5845.72904   42  277 5934.00000 5845.00706  1.50%   136  531s
 161062 14009 5846.57133   45  287 5934.00000 5845.64409  1.49%   136  535s
 163375 13909 5873.09677   42  230 5934.00000 5846.40896  1.48%   135  542s
 164680 13844     cutoff   56      5934.00000 5847.02305  1.47%   135  545s
 167325 13727 5898.37302   50  176 5934.00000 5848.04463  1.45%   135  552s
 168732 13646 5865.21782   38  160 5934.00000 5848.58176  1.44%   135  555s
 171242 13583     cutoff   47      5934.00000 5849.46397  1.42%   134  563s
 172075 13323 5909.94658   43  110 5934.00000 5849.49582  1.42%   134  568s
 173769 13176     cutoff   52      5934.00000 5850.87698  1.40%   134  572s
 175247 12965     cutoff   46      5934.00000 5851.83077  1.38%   134  576s
 176671 12755 infeasible   47      5934.00000 5852.79387  1.37%   134  580s
 179358 12349 5890.00000   37  121 5934.00000 5854.23353  1.34%   134  588s
 180651 12101 5873.18127   42  171 5934.00000 5855.23001  1.33%   134  592s
 181913 11862 5895.01819   42  149 5934.00000 5856.17061  1.31%   133  595s
 184386 11414     cutoff   50      5934.00000 5857.71782  1.29%   133  603s
 185591 11111     cutoff   51      5934.00000 5858.38571  1.27%   133  607s
 186928 10913 5908.78924   38  180 5934.00000 5859.41214  1.26%   133  611s
 188207 10591 5914.25876   60  151 5934.00000 5860.38886  1.24%   133  615s
 191016  9952     cutoff   57      5934.00000 5862.85214  1.20%   133  622s
 192248  9621     cutoff   44      5934.00000 5864.18069  1.18%   132  626s
 193570  9161     cutoff   47      5934.00000 5865.41667  1.16%   132  630s
 196181  8245     cutoff   46      5934.00000 5868.63288  1.10%   132  637s
 197405  7838 5902.87380   35  162 5934.00000 5870.78602  1.07%   132  640s
 200043  6841 5919.55896   52  197 5934.00000 5874.91222  1.00%   131  647s
 201530  6512 5888.58039   42  196 5934.00000 5877.80048  0.95%   131  650s
 204240  5970 5900.13801   49  236 5934.00000 5881.59790  0.88%   130  657s
 205564  5662 5887.75617   52  227 5934.00000 5883.16587  0.86%   130  660s
 208327  5063 infeasible   48      5934.00000 5886.04378  0.81%   130  667s
 209285  4707     cutoff   39      5934.00000 5886.36132  0.80%   130  670s
 212113  4083 5902.26062   47  200 5934.00000 5891.30791  0.72%   129  677s
 215726  4490 5894.00000   76    7 5934.00000 5894.00000  0.67%   127  680s
 221416  4543 5894.00000   67    5 5934.00000 5894.00000  0.67%   124  685s
 230675  4700 5894.00000   72   10 5934.00000 5894.00000  0.67%   120  690s
 236325  4479 5894.00000   75    1 5934.00000 5894.00000  0.67%   118  695s
 239712  4246 infeasible   74      5934.00000 5894.00000  0.67%   116  700s
 247431  3567 5932.44993   56   79 5934.00000 5896.34219  0.63%   113  705s
 249521  2443     cutoff   42      5934.00000 5901.40000  0.55%   113  710s

Cutting planes:
  Gomory: 16
  Cover: 1776
  Implied bound: 13
  Projected implied bound: 2
  MIR: 885
  Mixing: 1
  StrongCG: 56
  Flow cover: 1138
  GUB cover: 5
  Inf proof: 22
  Zero half: 16
  RLT: 2
  Relax-and-lift: 100

Explored 250801 nodes (28241505 simplex iterations) in 711.50 seconds (368.60 work units)
Thread count was 12 (of 12 available processors)

Solution count 10: 5934 5934 6006 ... 6652

Optimal solution found (tolerance 5.00e-03)
Best objective 5.934000000000e+03, best bound 5.906000000000e+03, gap 0.4719%
