
Gurobi 12.0.0 (win64) logging started Sun Feb 15 16:41:36 2026

Set parameter LogFile to value "Storage_orig/Logs/log______Sens_gamma_1000_2026_02_15_16_41_35.log"
Set parameter MIPGap to value 0.01
Set parameter OutputFlag to value 1
Gurobi Optimizer version 12.0.0 build v12.0.0rc1 (win64 - Windows 11+.0 (26200.2))

CPU model: Intel(R) Core(TM) i7-9750H CPU @ 2.60GHz, instruction set [SSE2|AVX|AVX2]
Thread count: 6 physical cores, 12 logical processors, using up to 12 threads

Non-default parameters:
MIPGap  0.01
MIPFocus  1

Optimize a model with 4258 rows, 883 columns and 11431 nonzeros
Model fingerprint: 0xfa521a09
Variable types: 21 continuous, 862 integer (526 binary)
Coefficient statistics:
  Matrix range     [2e-01, 1e+03]
  Objective range  [1e+01, 3e+03]
  Bounds range     [1e+00, 1e+00]
  RHS range        [1e+00, 1e+03]

User MIP start produced solution with objective 9418 (0.01s)
Loaded user MIP start with objective 9418

Presolve removed 3066 rows and 184 columns
Presolve time: 0.05s
Presolved: 1192 rows, 699 columns, 6708 nonzeros
Variable types: 21 continuous, 678 integer (426 binary)

Root relaxation: objective 4.863033e+03, 600 iterations, 0.04 seconds (0.01 work units)

    Nodes    |    Current Node    |     Objective Bounds      |     Work
 Expl Unexpl |  Obj  Depth IntInf | Incumbent    BestBd   Gap | It/Node Time

     0     0 4863.03333    0   20 9418.00000 4863.03333  48.4%     -    0s
     0     0 5826.12331    0   77 9418.00000 5826.12331  38.1%     -    0s
     0     0 6442.75332    0   68 9418.00000 6442.75332  31.6%     -    0s
     0     0 6491.70762    0   74 9418.00000 6491.70762  31.1%     -    0s
     0     0 6550.57561    0   65 9418.00000 6550.57561  30.4%     -    0s
     0     0 6550.57561    0   70 9418.00000 6550.57561  30.4%     -    0s
     0     0 7975.67552    0  105 9418.00000 7975.67552  15.3%     -    0s
     0     0 8044.81019    0  135 9418.00000 8044.81019  14.6%     -    2s
     0     0 8182.97540    0  136 9418.00000 8182.97540  13.1%     -    2s
     0     0 8201.08331    0  160 9418.00000 8201.08331  12.9%     -    2s
     0     0 8219.15797    0  163 9418.00000 8219.15797  12.7%     -    2s
     0     0 8220.77744    0  163 9418.00000 8220.77744  12.7%     -    3s
     0     0 8221.00389    0  165 9418.00000 8221.00389  12.7%     -    3s
     0     0 8411.51694    0  154 9418.00000 8411.51694  10.7%     -    4s
     0     0 8411.51694    0  154 9418.00000 8411.51694  10.7%     -    4s
     0     0 8634.00104    0  151 9418.00000 8634.00104  8.32%     -    5s
     0     0 8634.00104    0  151 9418.00000 8634.00104  8.32%     -    5s
     0     0 8679.18281    0  157 9418.00000 8679.18281  7.84%     -    5s
     0     0 8679.18281    0  157 9418.00000 8679.18281  7.84%     -    5s
     0     0 8717.37681    0  167 9418.00000 8717.37681  7.44%     -    5s
     0     0 8784.29624    0  175 9418.00000 8784.29624  6.73%     -    5s
     0     0 8784.29624    0  175 9418.00000 8784.29624  6.73%     -    5s
     0     0 8796.04519    0  182 9418.00000 8796.04519  6.60%     -    5s
     0     0 8810.13265    0  186 9418.00000 8810.13265  6.45%     -    5s
     0     0 9022.40542    0  146 9418.00000 9022.40542  4.20%     -    5s
     0     0 9022.40542    0  146 9418.00000 9022.40542  4.20%     -    5s
     0     0 9024.66573    0  126 9418.00000 9024.66573  4.18%     -    5s
     0     0 9024.66573    0  139 9418.00000 9024.66573  4.18%     -    5s
     0     0 9085.46286    0   81 9418.00000 9085.46286  3.53%     -    5s
     0     0 9087.05423    0   81 9418.00000 9087.05423  3.51%     -    5s
     0     0 9087.19892    0   86 9418.00000 9087.19892  3.51%     -    5s
     0     0 9087.52822    0  129 9418.00000 9087.52822  3.51%     -    5s
     0     0 9087.56097    0   21 9418.00000 9087.56097  3.51%     -    6s
     0     0 9087.56097    0   81 9418.00000 9087.56097  3.51%     -    6s
     0     0 9087.56097    0  127 9418.00000 9087.56097  3.51%     -    6s
     0     0 9087.56097    0  145 9418.00000 9087.56097  3.51%     -    6s
     0     0 9087.56097    0  164 9418.00000 9087.56097  3.51%     -    6s
     0     0 9087.56097    0  137 9418.00000 9087.56097  3.51%     -    6s
     0     0 9087.56097    0  172 9418.00000 9087.56097  3.51%     -    6s
     0     0 9087.56097    0  163 9418.00000 9087.56097  3.51%     -    6s
     0     0 9087.56097    0  148 9418.00000 9087.56097  3.51%     -    7s
     0     0 9087.56097    0  120 9418.00000 9087.56097  3.51%     -    7s
     0     0 9087.56097    0  119 9418.00000 9087.56097  3.51%     -    7s
     0     0 9087.56097    0  172 9418.00000 9087.56097  3.51%     -    7s
     0     0 9087.56097    0  193 9418.00000 9087.56097  3.51%     -    7s
     0     0 9087.56097    0  188 9418.00000 9087.56097  3.51%     -    7s
     0     0 9087.56097    0  200 9418.00000 9087.56097  3.51%     -    7s
     0     0 9087.56097    0  211 9418.00000 9087.56097  3.51%     -    7s
     0     0 9087.56097    0  214 9418.00000 9087.56097  3.51%     -    7s
     0     0 9087.56097    0   83 9418.00000 9087.56097  3.51%     -    7s
     0     0 9087.56097    0   91 9418.00000 9087.56097  3.51%     -    7s
     0     0 9087.58686    0  163 9418.00000 9087.58686  3.51%     -    7s
     0     0 9087.62764    0  162 9418.00000 9087.62764  3.51%     -    7s
     0     0 9087.62941    0  143 9418.00000 9087.62941  3.51%     -    7s
     0     0 9087.62941    0  143 9418.00000 9087.62941  3.51%     -    7s
     0     2 9089.94180    0  138 9418.00000 9089.94180  3.48%     -    8s
   271     6 infeasible   10      9418.00000 9095.18576  3.43%  35.1   10s

Cutting planes:
  Learned: 7
  Gomory: 1
  Cover: 124
  Clique: 3
  MIR: 98
  StrongCG: 4
  Flow cover: 48
  Network: 2
  RLT: 15
  Relax-and-lift: 5

Explored 312 nodes (19480 simplex iterations) in 10.14 seconds (1.23 work units)
Thread count was 12 (of 12 available processors)

Solution count 1: 9418 

Optimal solution found (tolerance 1.00e-02)
Best objective 9.418000000000e+03, best bound 9.415000000000e+03, gap 0.0319%
