
Gurobi 12.0.0 (win64) logging started Wed Feb 18 23:45:41 2026

Set parameter LogFile to value "Storage_orig/Logs/log______Sens_handling_time_0.1_2026_02_18_23_45_41.log"
Set parameter MIPGap to value 0.005
Set parameter OutputFlag to value 1
Read solution from file Storage_orig/Solutions/solved________2026_02_15_18_35_33.sol
Gurobi Optimizer version 12.0.0 build v12.0.0rc1 (win64 - Windows 11+.0 (26200.2))

CPU model: Intel(R) Core(TM) i7-9750H CPU @ 2.60GHz, instruction set [SSE2|AVX|AVX2]
Thread count: 6 physical cores, 12 logical processors, using up to 12 threads

Non-default parameters:
MIPGap  0.005
MIPFocus  2

Optimize a model with 4170 rows, 840 columns and 11004 nonzeros
Model fingerprint: 0xe171e4e5
Variable types: 18 continuous, 822 integer (570 binary)
Coefficient statistics:
  Matrix range     [1e-01, 1e+03]
  Objective range  [1e+01, 2e+03]
  Bounds range     [1e+00, 1e+00]
  RHS range        [1e+00, 1e+03]

User MIP start did not produce a new incumbent solution
User MIP start violates constraint Time_UB_2_5_1 by 1.533333333

Found heuristic solution: objective 18900.000000
Presolve removed 2940 rows and 192 columns
Presolve time: 0.01s
Presolved: 1230 rows, 648 columns, 6453 nonzeros
Variable types: 18 continuous, 630 integer (450 binary)
Root relaxation presolve removed 3 rows and 0 columns
Root relaxation presolved: 1227 rows, 648 columns, 6423 nonzeros


Root relaxation: objective 5.467500e+03, 475 iterations, 0.02 seconds (0.02 work units)
Another try with MIP start

    Nodes    |    Current Node    |     Objective Bounds      |     Work
 Expl Unexpl |  Obj  Depth IntInf | Incumbent    BestBd   Gap | It/Node Time

H    0     0                    5792.0000000 5467.50003  5.60%     -    0s
     0     0 5467.50003    0   29 5792.00000 5467.50003  5.60%     -    0s
     0     0 5511.78714    0   68 5792.00000 5511.78714  4.84%     -    0s
     0     0 5512.92526    0   66 5792.00000 5512.92526  4.82%     -    0s
     0     0 5512.92526    0   63 5792.00000 5512.92526  4.82%     -    0s
     0     0 5521.30594    0  146 5792.00000 5521.30594  4.67%     -    0s
     0     0 5540.42411    0  157 5792.00000 5540.42411  4.34%     -    0s
     0     0 5548.27052    0  165 5792.00000 5548.27052  4.21%     -    0s
     0     0 5548.80144    0  168 5792.00000 5548.80144  4.20%     -    0s
     0     0 5548.87327    0  167 5792.00000 5548.87327  4.20%     -    0s
     0     0 5548.87327    0  170 5792.00000 5548.87327  4.20%     -    0s
     0     0 5672.00648    0  160 5792.00000 5672.00648  2.07%     -    0s
     0     0 5675.25000    0  188 5792.00000 5675.25000  2.02%     -    0s
     0     0 5675.25000    0  189 5792.00000 5675.25000  2.02%     -    0s
     0     0 5677.59770    0  286 5792.00000 5677.59770  1.98%     -    1s
     0     0 5679.00589    0  265 5792.00000 5679.00589  1.95%     -    1s
     0     0 5681.54809    0  265 5792.00000 5681.54809  1.91%     -    1s
     0     0 5683.48303    0  322 5792.00000 5683.48303  1.87%     -    1s
     0     0 5683.69856    0  340 5792.00000 5683.69856  1.87%     -    1s
     0     0 5684.06626    0  352 5792.00000 5684.06626  1.86%     -    1s
     0     0 5684.18809    0  337 5792.00000 5684.18809  1.86%     -    1s
     0     0 5684.19647    0  358 5792.00000 5684.19647  1.86%     -    1s
     0     0 5690.11457    0  316 5792.00000 5690.11457  1.76%     -    1s
     0     0 5694.97015    0  260 5792.00000 5694.97015  1.68%     -    1s
     0     0 5695.02829    0  252 5792.00000 5695.02829  1.67%     -    1s
     0     0 5698.50000    0  335 5792.00000 5698.50000  1.61%     -    2s
     0     0 5698.50000    0  345 5792.00000 5698.50000  1.61%     -    2s
     0     0 5699.84915    0  357 5792.00000 5699.84915  1.59%     -    2s
     0     0 5699.84915    0  261 5792.00000 5699.84915  1.59%     -    2s
     0     0 5712.00000    0   13 5792.00000 5712.00000  1.38%     -    2s
     0     0 5712.00000    0   90 5792.00000 5712.00000  1.38%     -    3s
     0     0 5712.00000    0   23 5792.00000 5712.00000  1.38%     -    3s
     0     0 5712.00000    0   13 5792.00000 5712.00000  1.38%     -    3s
     0     0 5712.07810    0  191 5792.00000 5712.07810  1.38%     -    3s
     0     0 5712.12819    0  180 5792.00000 5712.12819  1.38%     -    3s
     0     0 5712.23674    0  182 5792.00000 5712.23674  1.38%     -    3s
     0     0 5712.27534    0  215 5792.00000 5712.27534  1.38%     -    3s
     0     0 5712.28249    0  217 5792.00000 5712.28249  1.38%     -    3s
     0     0 5712.28833    0  203 5792.00000 5712.28833  1.38%     -    3s
     0     0 5712.34328    0  238 5792.00000 5712.34328  1.38%     -    3s
     0     0 5712.34328    0   15 5792.00000 5712.34328  1.38%     -    3s
     0     0 5712.34328    0   68 5792.00000 5712.34328  1.38%     -    3s
     0     0 5712.34328    0   84 5792.00000 5712.34328  1.38%     -    3s
     0     0 5712.34328    0   13 5792.00000 5712.34328  1.38%     -    3s
     0     0 5712.46460    0   93 5792.00000 5712.46460  1.37%     -    3s
     0     0 5712.49810    0  154 5792.00000 5712.49810  1.37%     -    3s
     0     0 5712.50000    0  154 5792.00000 5712.50000  1.37%     -    3s
     0     0 5712.50000    0  154 5792.00000 5712.50000  1.37%     -    3s
     0     0 5718.86740    0  207 5792.00000 5718.86740  1.26%     -    4s
     0     0 5718.86740    0  166 5792.00000 5718.86740  1.26%     -    4s
     0     0 5718.86740    0  194 5792.00000 5718.86740  1.26%     -    4s
     0     0 5718.86740    0  190 5792.00000 5718.86740  1.26%     -    4s
     0     0 5728.12994    0  221 5792.00000 5728.12994  1.10%     -    4s
     0     0 5728.12994    0  211 5792.00000 5728.12994  1.10%     -    4s
     0     0 5752.00000    0  156 5792.00000 5752.00000  0.69%     -    4s
     0     0 5752.00000    0   33 5792.00000 5752.00000  0.69%     -    4s
     0     0 5752.00000    0  156 5792.00000 5752.00000  0.69%     -    4s
     0     0 5752.00000    0  122 5792.00000 5752.00000  0.69%     -    4s
     0     0 5752.00000    0  102 5792.00000 5752.00000  0.69%     -    4s
     0     0 5752.00000    0   83 5792.00000 5752.00000  0.69%     -    4s
     0     0 5752.00000    0   15 5792.00000 5752.00000  0.69%     -    4s
     0     0 5752.00000    0  126 5792.00000 5752.00000  0.69%     -    4s
     0     0 5752.00000    0   90 5792.00000 5752.00000  0.69%     -    4s
     0     0 5752.00000    0  148 5792.00000 5752.00000  0.69%     -    4s
     0     0 5752.00000    0  122 5792.00000 5752.00000  0.69%     -    4s
     0     0 5752.00000    0  153 5792.00000 5752.00000  0.69%     -    4s
     0     0 5752.00000    0  150 5792.00000 5752.00000  0.69%     -    4s
     0     0 5752.00000    0  160 5792.00000 5752.00000  0.69%     -    4s
     0     0 5752.00000    0  125 5792.00000 5752.00000  0.69%     -    4s
     0     0 5752.00000    0  129 5792.00000 5752.00000  0.69%     -    4s
     0     0 5752.00000    0  144 5792.00000 5752.00000  0.69%     -    5s
     0     0 5752.00000    0  188 5792.00000 5752.00000  0.69%     -    5s
     0     0 5752.00000    0  199 5792.00000 5752.00000  0.69%     -    5s
     0     0 5752.00000    0  199 5792.00000 5752.00000  0.69%     -    5s
     0     0 5752.00000    0  199 5792.00000 5752.00000  0.69%     -    5s
     0     0 5752.00000    0  200 5792.00000 5752.00000  0.69%     -    5s
     0     0 5752.00000    0  205 5792.00000 5752.00000  0.69%     -    5s
     0     0 5752.00000    0  205 5792.00000 5752.00000  0.69%     -    5s
     0     0 5752.00000    0  141 5792.00000 5752.00000  0.69%     -    5s
     0     0 5752.00000    0  145 5792.00000 5752.00000  0.69%     -    5s
     0     0 5752.00000    0   24 5792.00000 5752.00000  0.69%     -    5s
     0     0 5752.00000    0    3 5792.00000 5752.00000  0.69%     -    5s
     0     0 infeasible    0      5792.00000 5792.00000  0.00%     -    5s

Cutting planes:
  Gomory: 1
  Implied bound: 6
  MIR: 4
  StrongCG: 1
  Flow cover: 1

Explored 1 nodes (21819 simplex iterations) in 5.35 seconds (2.89 work units)
Thread count was 12 (of 12 available processors)

Solution count 3: 5792 5792 18900 

Optimal solution found (tolerance 5.00e-03)
Best objective 5.792000000000e+03, best bound 5.792000000000e+03, gap 0.0000%
