
Gurobi 12.0.0 (win64) logging started Thu Feb 26 00:12:36 2026

Set parameter LogFile to value "Storage_orig/Logs/log______Sens_truck_cost_multiplier_0.5_2026_02_26_00_12_36.log"
Set parameter MIPGap to value 0.01
Set parameter OutputFlag to value 1
Set parameter TimeLimit to value 1000
Unknown variable 'y_ijk[0,0,0]' in MIP start 0 - ignored
Unknown variable 'y_ijk[0,0,1]' in MIP start 0 - ignored
Unknown variable 'y_ijk[0,0,2]' in MIP start 0 - ignored
Unknown variable 'y_ijk[0,0,3]' in MIP start 0 - ignored
Unknown variable 'y_ijk[1,1,0]' in MIP start 0 - ignored
Unknown variable 'y_ijk[1,1,1]' in MIP start 0 - ignored
Unknown variable 'y_ijk[1,1,2]' in MIP start 0 - ignored
Unknown variable 'y_ijk[1,1,3]' in MIP start 0 - ignored
Unknown variable 'y_ijk[2,2,0]' in MIP start 0 - ignored
Unknown variable 'y_ijk[2,2,1]' in MIP start 0 - ignored
Unknown variable 'y_ijk[2,2,2]' in MIP start 0 - ignored
Unknown variable 'y_ijk[2,2,3]' in MIP start 0 - ignored
Unknown variable 'y_ijk[3,3,0]' in MIP start 0 - ignored
Unknown variable 'y_ijk[3,3,1]' in MIP start 0 - ignored
Unknown variable 'y_ijk[3,3,2]' in MIP start 0 - ignored
Unknown variable 'y_ijk[3,3,3]' in MIP start 0 - ignored
Unknown variable 'y_ijk[4,4,0]' in MIP start 0 - ignored
Unknown variable 'y_ijk[4,4,1]' in MIP start 0 - ignored
Unknown variable 'y_ijk[4,4,2]' in MIP start 0 - ignored
Unknown variable 'y_ijk[4,4,3]' in MIP start 0 - ignored
Unknown variable 'y_ijk[5,5,0]' in MIP start 0 - ignored
Unknown variable 'y_ijk[5,5,1]' in MIP start 0 - ignored
Unknown variable 'y_ijk[5,5,2]' in MIP start 0 - ignored
Unknown variable 'y_ijk[5,5,3]' in MIP start 0 - ignored
Unknown variable 'z_ijk[0,0,0]' in MIP start 0 - ignored
Unknown variable 'z_ijk[0,0,1]' in MIP start 0 - ignored
Unknown variable 'z_ijk[0,0,2]' in MIP start 0 - ignored
Unknown variable 'z_ijk[0,0,3]' in MIP start 0 - ignored
Unknown variable 'z_ijk[1,1,0]' in MIP start 0 - ignored
Unknown variable 'z_ijk[1,1,1]' in MIP start 0 - ignored
Unknown variable 'z_ijk[1,1,2]' in MIP start 0 - ignored
Unknown variable 'z_ijk[1,1,3]' in MIP start 0 - ignored
Unknown variable 'z_ijk[2,2,0]' in MIP start 0 - ignored
Unknown variable 'z_ijk[2,2,1]' in MIP start 0 - ignored
Unknown variable 'z_ijk[2,2,2]' in MIP start 0 - ignored
Unknown variable 'z_ijk[2,2,3]' in MIP start 0 - ignored
Unknown variable 'z_ijk[3,3,0]' in MIP start 0 - ignored
Unknown variable 'z_ijk[3,3,1]' in MIP start 0 - ignored
Unknown variable 'z_ijk[3,3,2]' in MIP start 0 - ignored
Unknown variable 'z_ijk[3,3,3]' in MIP start 0 - ignored
Unknown variable 'z_ijk[4,4,0]' in MIP start 0 - ignored
Unknown variable 'z_ijk[4,4,1]' in MIP start 0 - ignored
Unknown variable 'z_ijk[4,4,2]' in MIP start 0 - ignored
Unknown variable 'z_ijk[4,4,3]' in MIP start 0 - ignored
Unknown variable 'z_ijk[5,5,0]' in MIP start 0 - ignored
Unknown variable 'z_ijk[5,5,1]' in MIP start 0 - ignored
Unknown variable 'z_ijk[5,5,2]' in MIP start 0 - ignored
Unknown variable 'z_ijk[5,5,3]' in MIP start 0 - ignored
Read solution from file Storage_orig/Solutions/solved________2026_02_24_22_53_13.sol
Gurobi Optimizer version 12.0.0 build v12.0.0rc1 (win64 - Windows 11+.0 (26200.2))

CPU model: Intel(R) Core(TM) i7-9750H CPU @ 2.60GHz, instruction set [SSE2|AVX|AVX2]
Thread count: 6 physical cores, 12 logical processors, using up to 12 threads

Non-default parameters:
TimeLimit  1000
MIPGap  0.01
MIPFocus  2

Optimize a model with 5540 rows, 1032 columns and 14852 nonzeros
Model fingerprint: 0xac01ba94
Variable types: 24 continuous, 1008 integer (720 binary)
Coefficient statistics:
  Matrix range     [2e-01, 1e+02]
  Objective range  [1e+01, 2e+03]
  Bounds range     [1e+00, 1e+00]
  RHS range        [1e+00, 2e+02]

Loaded user MIP start with objective 5152

Presolve removed 3940 rows and 168 columns
Presolve time: 0.02s
Presolved: 1600 rows, 864 columns, 8604 nonzeros
Variable types: 24 continuous, 840 integer (600 binary)
Root relaxation presolve removed 4 rows and 0 columns
Root relaxation presolved: 1596 rows, 864 columns, 8564 nonzeros


Root relaxation: objective 4.613467e+03, 890 iterations, 0.03 seconds (0.03 work units)

    Nodes    |    Current Node    |     Objective Bounds      |     Work
 Expl Unexpl |  Obj  Depth IntInf | Incumbent    BestBd   Gap | It/Node Time

     0     0 4613.46693    0   36 5152.00000 4613.46693  10.5%     -    0s
     0     0 4695.76652    0   78 5152.00000 4695.76652  8.86%     -    0s
     0     0 4770.75123    0   78 5152.00000 4770.75123  7.40%     -    0s
     0     0 4774.15279    0   82 5152.00000 4774.15279  7.33%     -    0s
     0     0 4774.18225    0   84 5152.00000 4774.18225  7.33%     -    0s
     0     0 4774.18225    0   87 5152.00000 4774.18225  7.33%     -    0s
     0     0 4880.11161    0  157 5152.00000 4880.11161  5.28%     -    0s
     0     0 4911.18981    0  146 5152.00000 4911.18981  4.67%     -    0s
     0     0 4915.78597    0  175 5152.00000 4915.78597  4.58%     -    0s
     0     0 4917.13188    0  183 5152.00000 4917.13188  4.56%     -    0s
     0     0 4917.83330    0  197 5152.00000 4917.83330  4.55%     -    0s
     0     0 4917.87745    0  202 5152.00000 4917.87745  4.54%     -    0s
     0     0 4955.99147    0  234 5152.00000 4955.99147  3.80%     -    0s
     0     0 4957.25831    0   93 5152.00000 4957.25831  3.78%     -    0s
     0     0 4957.33034    0  114 5152.00000 4957.33034  3.78%     -    0s
     0     0 4960.62886    0  185 5152.00000 4960.62886  3.71%     -    0s
     0     0 4964.37198    0  185 5152.00000 4964.37198  3.64%     -    1s
     0     0 4964.71742    0  213 5152.00000 4964.71742  3.64%     -    1s
     0     0 4964.71742    0  231 5152.00000 4964.71742  3.64%     -    1s
     0     0 4968.27489    0  163 5152.00000 4968.27489  3.57%     -    1s
     0     0 4969.54054    0  241 5152.00000 4969.54054  3.54%     -    1s
     0     0 4970.89588    0  178 5152.00000 4970.89588  3.52%     -    1s
     0     0 4971.30145    0  165 5152.00000 4971.30145  3.51%     -    1s
     0     0 4971.30145    0  172 5152.00000 4971.30145  3.51%     -    1s
     0     0 4972.10873    0  191 5152.00000 4972.10873  3.49%     -    1s
     0     0 4972.10873    0  199 5152.00000 4972.10873  3.49%     -    1s
     0     0 4977.01523    0  159 5152.00000 4977.01523  3.40%     -    2s
     0     0 4977.23558    0  199 5152.00000 4977.23558  3.39%     -    2s
     0     0 4977.40000    0  270 5152.00000 4977.40000  3.39%     -    2s
     0     0 4977.40000    0  141 5152.00000 4977.40000  3.39%     -    2s
     0     2 4977.40000    0  141 5152.00000 4977.40000  3.39%     -    2s
   530   400 5033.16707   24   41 5152.00000 4979.90556  3.34%  83.2    5s
  1824  1021 5005.65099    6  205 5152.00000 4988.52854  3.17%  94.3   10s
  2140  1131 5086.40509   35  201 5152.00000 4989.66947  3.15%  95.4   15s
  2323  1205 4995.53380   23  152 5152.00000 4989.66947  3.15%   101   20s
* 2607  1166              54    5148.0000000 4989.66947  3.08%   102   22s
  3371  1242 5006.40257   29  216 5148.00000 4989.66947  3.08%   101   25s
  5008  1261     cutoff   26      5148.00000 4995.95412  2.95%  96.0   30s
  7123  1559 5018.53517   26  249 5148.00000 5012.75487  2.63%  96.5   35s
  8475  1712 infeasible   29      5148.00000 5025.67551  2.38%  97.6   40s
 10290  1684 infeasible   34      5148.00000 5045.86155  1.98%  99.3   45s
 12906  1184 5119.13828   30  152 5148.00000 5076.65842  1.39%  99.4   51s
*13820   713              35    5108.0000000 5085.15574  0.45%  97.9   53s

Cutting planes:
  Learned: 6
  Gomory: 5
  Lift-and-project: 3
  Cover: 330
  Implied bound: 4
  MIR: 208
  StrongCG: 22
  Flow cover: 408
  Inf proof: 1
  Zero half: 29
  Mod-K: 4
  Network: 5
  RLT: 22
  Relax-and-lift: 8

Explored 14471 nodes (1397859 simplex iterations) in 53.47 seconds (32.82 work units)
Thread count was 12 (of 12 available processors)

Solution count 3: 5108 5148 5152 

Optimal solution found (tolerance 1.00e-02)
Best objective 5.108000000000e+03, best bound 5.088000000000e+03, gap 0.3915%
