
Gurobi 12.0.0 (win64) logging started Sun Feb 15 18:37:56 2026

Set parameter LogFile to value "Storage_orig/Logs/log______Sens_gamma_50_2026_02_15_18_37_56.log"
Set parameter MIPGap to value 0.01
Set parameter OutputFlag to value 1
Gurobi Optimizer version 12.0.0 build v12.0.0rc1 (win64 - Windows 11+.0 (26200.2))

CPU model: Intel(R) Core(TM) i7-9750H CPU @ 2.60GHz, instruction set [SSE2|AVX|AVX2]
Thread count: 6 physical cores, 12 logical processors, using up to 12 threads

Non-default parameters:
MIPGap  0.01
MIPFocus  1

Optimize a model with 4170 rows, 840 columns and 11004 nonzeros
Model fingerprint: 0xed793e7f
Variable types: 18 continuous, 822 integer (570 binary)
Coefficient statistics:
  Matrix range     [2e-01, 1e+03]
  Objective range  [1e+01, 2e+03]
  Bounds range     [1e+00, 1e+00]
  RHS range        [1e+00, 1e+03]

User MIP start produced solution with objective 5519 (0.08s)
Loaded user MIP start with objective 5519

Presolve removed 2940 rows and 192 columns
Presolve time: 0.13s
Presolved: 1230 rows, 648 columns, 6453 nonzeros
Variable types: 18 continuous, 630 integer (450 binary)

Root relaxation: objective 5.317500e+03, 407 iterations, 0.07 seconds (0.01 work units)

    Nodes    |    Current Node    |     Objective Bounds      |     Work
 Expl Unexpl |  Obj  Depth IntInf | Incumbent    BestBd   Gap | It/Node Time

     0     0 5317.50003    0   31 5519.00000 5317.50003  3.65%     -    3s
     0     0 5318.00013    0   73 5519.00000 5318.00013  3.64%     -    4s
     0     0 5318.14286    0   72 5519.00000 5318.14286  3.64%     -    5s
     0     0 5321.95444    0   62 5519.00000 5321.95444  3.57%     -    5s
     0     0 5321.95444    0   64 5519.00000 5321.95444  3.57%     -    5s
     0     0 5353.06869    0   71 5519.00000 5353.06869  3.01%     -    5s
     0     0 5370.67904    0   91 5519.00000 5370.67904  2.69%     -    5s
     0     0 5370.67904    0   75 5519.00000 5370.67904  2.69%     -    6s
     0     0 5370.67904    0  110 5519.00000 5370.67904  2.69%     -    6s
     0     0 5370.67904    0  127 5519.00000 5370.67904  2.69%     -    6s
     0     0 5370.67904    0  128 5519.00000 5370.67904  2.69%     -    6s
     0     0 5370.67904    0  134 5519.00000 5370.67904  2.69%     -    6s
     0     0 5370.67904    0  137 5519.00000 5370.67904  2.69%     -    6s
     0     0 5384.30191    0  144 5519.00000 5384.30191  2.44%     -    7s
     0     0 5397.05580    0  165 5519.00000 5397.05580  2.21%     -    7s
     0     0 5398.30712    0  169 5519.00000 5398.30712  2.19%     -    8s
     0     0 5402.88814    0  160 5519.00000 5402.88814  2.10%     -    8s
     0     0 5404.20636    0  171 5519.00000 5404.20636  2.08%     -    8s
     0     0 5405.57628    0  186 5519.00000 5405.57628  2.06%     -    8s
     0     0 5405.62285    0  202 5519.00000 5405.62285  2.05%     -    8s
     0     0 5411.39692    0  200 5519.00000 5411.39692  1.95%     -    8s
     0     0 5417.26076    0  187 5519.00000 5417.26076  1.84%     -    8s
     0     0 5417.67247    0  192 5519.00000 5417.67247  1.84%     -    8s
     0     0 5418.12133    0  193 5519.00000 5418.12133  1.83%     -    9s
     0     0 5418.25241    0  189 5519.00000 5418.25241  1.83%     -    9s
     0     0 5418.45305    0  203 5519.00000 5418.45305  1.82%     -    9s
     0     0 5418.45305    0  216 5519.00000 5418.45305  1.82%     -    9s
     0     0 5422.97205    0  162 5519.00000 5422.97205  1.74%     -   10s
     0     0 5423.03558    0  175 5519.00000 5423.03558  1.74%     -   10s
     0     0 5423.03558    0  177 5519.00000 5423.03558  1.74%     -   10s
     0     0 5425.43704    0  164 5519.00000 5425.43704  1.70%     -   11s
     0     2 5425.43704    0  156 5519.00000 5425.43704  1.70%     -   12s
    36    57 5440.92931    7   70 5519.00000 5427.06643  1.67%   184   15s
H   79    79                    5516.0000000 5427.06643  1.61%   105   15s
   374   321 5465.58205   22   17 5516.00000 5428.02827  1.59%  48.1   20s
   539   422 5436.66786    8   48 5516.00000 5428.09524  1.59%  40.6   25s
   806   607 5452.00400   11   36 5516.00000 5432.46883  1.51%  37.3   30s
  1718  1115 5470.64286   20  164 5516.00000 5435.08273  1.47%  32.7   37s
  1720  1116 5435.49590   13   27 5516.00000 5435.08273  1.47%  32.6   41s
  1727  1121 5465.29994   34  197 5516.00000 5435.08273  1.47%  32.5   45s
  1732  1124 5457.67066   15  249 5516.00000 5435.08273  1.47%  32.4   50s
  1735  1126 5454.61818   30  227 5516.00000 5435.08273  1.47%  32.3   55s
  1738  1130 5480.16878   30  164 5516.00000 5435.08273  1.47%  40.1   61s
  1741  1132 5505.87900   23   63 5516.00000 5435.08273  1.47%  40.0   65s
  1749  1137 5472.03417    9  118 5516.00000 5435.08273  1.47%  39.8   71s
  1753  1143 5435.08273   25   79 5516.00000 5435.08273  1.47%  45.1   76s
  1875  1188 5435.08273   31  114 5516.00000 5435.08273  1.47%  52.4   80s
  2059  1162     cutoff   35      5516.00000 5435.62215  1.46%  55.1   85s
  2246  1141 infeasible   41      5516.00000 5438.00000  1.41%  56.9   90s
  2548  1153 5463.91976   42   68 5516.00000 5447.75000  1.24%  56.9   95s

Cutting planes:
  Learned: 5
  Gomory: 3
  Cover: 151
  Clique: 19
  MIR: 76
  StrongCG: 5
  Flow cover: 120
  GUB cover: 1
  Zero half: 3
  RLT: 7
  Relax-and-lift: 8

Explored 3339 nodes (182531 simplex iterations) in 98.24 seconds (5.75 work units)
Thread count was 12 (of 12 available processors)

Solution count 2: 5516 5519 

Optimal solution found (tolerance 1.00e-02)
Best objective 5.516000000000e+03, best bound 5.464000000000e+03, gap 0.9427%
