
Gurobi 12.0.0 (win64) logging started Mon Feb 16 00:28:23 2026

Set parameter LogFile to value "Storage_orig/Logs/log______Sens_truck_cost_multiplier_1.5_2026_02_16_00_28_23.log"
Set parameter MIPGap to value 0.01
Set parameter OutputFlag to value 1
Set parameter TimeLimit to value 600
Gurobi Optimizer version 12.0.0 build v12.0.0rc1 (win64 - Windows 11+.0 (26200.2))

CPU model: Intel(R) Core(TM) i7-9750H CPU @ 2.60GHz, instruction set [SSE2|AVX|AVX2]
Thread count: 6 physical cores, 12 logical processors, using up to 12 threads

Non-default parameters:
TimeLimit  600
MIPGap  0.01
MIPFocus  1

Optimize a model with 4170 rows, 840 columns and 11004 nonzeros
Model fingerprint: 0x19de7f1a
Variable types: 18 continuous, 822 integer (570 binary)
Coefficient statistics:
  Matrix range     [2e-01, 1e+03]
  Objective range  [1e+01, 2e+03]
  Bounds range     [1e+00, 1e+00]
  RHS range        [1e+00, 1e+03]

User MIP start produced solution with objective 6402 (0.03s)
Loaded user MIP start with objective 6402

Presolve removed 2940 rows and 192 columns
Presolve time: 0.05s
Presolved: 1230 rows, 648 columns, 6453 nonzeros
Variable types: 18 continuous, 630 integer (450 binary)

Root relaxation: objective 6.017500e+03, 407 iterations, 0.02 seconds (0.01 work units)

    Nodes    |    Current Node    |     Objective Bounds      |     Work
 Expl Unexpl |  Obj  Depth IntInf | Incumbent    BestBd   Gap | It/Node Time

     0     0 6017.50003    0   31 6402.00000 6017.50003  6.01%     -    0s
     0     0 6018.00013    0   73 6402.00000 6018.00013  6.00%     -    0s
     0     0 6018.14286    0   73 6402.00000 6018.14286  6.00%     -    0s
     0     0 6024.82262    0   51 6402.00000 6024.82262  5.89%     -    0s
     0     0 6024.82262    0   56 6402.00000 6024.82262  5.89%     -    0s
     0     0 6080.79902    0   86 6402.00000 6080.79902  5.02%     -    0s
     0     0 6111.36392    0  109 6402.00000 6111.36392  4.54%     -    0s
     0     0 6112.15533    0  108 6402.00000 6112.15533  4.53%     -    0s
     0     0 6113.42719    0  112 6402.00000 6113.42719  4.51%     -    0s
     0     0 6113.55187    0  118 6402.00000 6113.55187  4.51%     -    0s
     0     0 6113.55303    0  124 6402.00000 6113.55303  4.51%     -    0s
     0     0 6166.87472    0  205 6402.00000 6166.87472  3.67%     -    1s
     0     0 6179.84578    0  218 6402.00000 6179.84578  3.47%     -    1s
     0     0 6185.67349    0  215 6402.00000 6185.67349  3.38%     -    1s
H    0     0                    6389.0000000 6194.38504  3.05%     -    1s
     0     0 6194.38504    0  213 6389.00000 6194.38504  3.05%     -    1s
     0     0 6196.55884    0  208 6389.00000 6196.55884  3.01%     -    1s
     0     0 6200.20750    0  229 6389.00000 6200.20750  2.95%     -    1s
     0     0 6217.64923    0  202 6389.00000 6217.64923  2.68%     -    1s
     0     0 6222.00062    0   64 6389.00000 6222.00062  2.61%     -    1s
     0     0 6222.00063    0   58 6389.00000 6222.00063  2.61%     -    1s
H    0     0                    6386.0000000 6223.34438  2.55%     -    1s
     0     0 6223.34438    0  160 6386.00000 6223.34438  2.55%     -    1s
     0     0 6224.79233    0  155 6386.00000 6224.79233  2.52%     -    1s
     0     0 6224.81351    0  198 6386.00000 6224.81351  2.52%     -    1s
     0     0 6224.88889    0  156 6386.00000 6224.88889  2.52%     -    1s
     0     0 6224.88889    0  153 6386.00000 6224.88889  2.52%     -    1s
     0     0 6224.88889    0   69 6386.00000 6224.88889  2.52%     -    2s
     0     2 6224.88889    0   58 6386.00000 6224.88889  2.52%     -    2s
   476   401 6317.16478   17   53 6386.00000 6232.21514  2.41%  52.9    5s
  1705  1134 6319.31503   21  247 6386.00000 6235.01569  2.36%  36.3   10s
  2964  1288 6320.25873   44   76 6386.00000 6281.00000  1.64%  46.1   15s
  8839  4240 6283.68750   26   56 6386.00000 6283.09491  1.61%  33.7   20s
 16079  7296 6314.15200   38   72 6386.00000 6283.23750  1.61%  33.1   25s
 21490  9638     cutoff   38      6386.00000 6283.38125  1.61%  32.6   30s
 27136 11618 6356.28571   42   54 6386.00000 6283.51905  1.60%  33.5   35s
 31038 13058     cutoff   45      6386.00000 6283.57143  1.60%  34.9   40s
 36903 15952 6286.15854   30   57 6386.00000 6283.65000  1.60%  35.7   46s
 41163 17022 6284.18182   35   45 6386.00000 6283.71858  1.60%  35.7   50s
 46761 19122     cutoff   36      6386.00000 6283.79683  1.60%  36.3   55s
 51680 20993     cutoff   41      6386.00000 6283.83333  1.60%  36.5   60s
 57025 22784 6284.61905   30   69 6386.00000 6283.90385  1.60%  36.9   65s
 61441 24414 6341.11538   34  102 6386.00000 6283.91667  1.60%  37.5   70s
 67753 26638 6290.40040   31  152 6386.00000 6284.00000  1.60%  37.3   76s
 72173 28159 infeasible   39      6386.00000 6284.08333  1.60%  37.7   80s
 79023 29876 6287.85263   26   67 6386.00000 6284.11538  1.60%  37.4   85s
 84919 31807     cutoff   49      6386.00000 6284.20000  1.59%  37.3   90s
 89475 32974 6311.00000   42   17 6386.00000 6284.20000  1.59%  37.6   95s
 94126 34319 6300.81312   29   42 6386.00000 6284.25000  1.59%  37.9  100s
 98878 35603     cutoff   54      6386.00000 6284.30000  1.59%  38.1  106s
 102232 36364 infeasible   46      6386.00000 6284.30476  1.59%  38.4  110s
 106692 37334 6338.55000   40   66 6386.00000 6284.36364  1.59%  38.7  115s
 110285 37982     cutoff   37      6386.00000 6284.40725  1.59%  39.0  120s
 115256 38992 infeasible   42      6386.00000 6284.44444  1.59%  39.6  126s
 119591 39866 infeasible   43      6386.00000 6284.44444  1.59%  39.8  130s
 123546 40843     cutoff   32      6386.00000 6284.48039  1.59%  40.4  135s
 128356 42496     cutoff   41      6386.00000 6284.55866  1.59%  40.4  140s
 133365 43657 infeasible   38      6386.00000 6284.56667  1.59%  40.4  145s
 137932 45169     cutoff   37      6386.00000 6284.61905  1.59%  40.5  150s
 141724 46229 6357.09091   40  139 6386.00000 6284.61905  1.59%  40.9  156s
 146126 47606 6285.92857   32   66 6386.00000 6284.67451  1.59%  41.0  160s
 150692 48933     cutoff   46      6386.00000 6284.75000  1.59%  41.0  165s
 154472 49968     cutoff   38      6386.00000 6284.75000  1.59%  41.2  170s
 159067 50568     cutoff   38      6386.00000 6284.75000  1.59%  41.8  175s
 160847 51048 infeasible   38      6386.00000 6284.75000  1.59%  42.0  180s
 164253 51663 6366.14646   40  128 6386.00000 6284.75000  1.59%  42.3  185s
 169176 52923     cutoff   34      6386.00000 6284.82857  1.58%  42.5  190s
 173654 53945 6347.60396   29   95 6386.00000 6284.83333  1.58%  42.7  196s
 177916 54795     cutoff   45      6386.00000 6284.85784  1.58%  42.8  200s
 182737 55841 6286.40000   32   59 6386.00000 6284.93333  1.58%  43.0  206s
 185883 56735     cutoff   42      6386.00000 6284.93333  1.58%  43.2  210s
 189640 57510 6303.91962   38  122 6386.00000 6284.93333  1.58%  43.4  215s
 193454 58229 6290.87153   38   65 6386.00000 6284.94118  1.58%  43.6  220s
 197538 58892 6317.50000   37   53 6386.00000 6284.98571  1.58%  43.8  225s
 201685 59930     cutoff   37      6386.00000 6285.03731  1.58%  43.9  231s
 205534 60849 6305.67644   37   22 6386.00000 6285.05556  1.58%  44.0  235s
 209039 61552 6291.75751   34   65 6386.00000 6285.10000  1.58%  44.2  240s
 214187 62510     cutoff   43      6386.00000 6285.12994  1.58%  44.3  246s
 218046 63234 6289.45000   34   81 6386.00000 6285.15338  1.58%  44.4  250s
 222182 64146 6289.53863   38   70 6386.00000 6285.20000  1.58%  44.6  256s
 226633 64875 6317.50000   42   43 6386.00000 6285.25926  1.58%  44.7  261s
 230292 65424 infeasible   41      6386.00000 6285.30000  1.58%  44.9  265s
 234356 66084 6362.72727   34   62 6386.00000 6285.30000  1.58%  45.0  270s
 238915 66854 6355.34483   36   77 6386.00000 6285.35714  1.58%  45.2  276s
 242234 67529     cutoff   29      6386.00000 6285.40476  1.58%  45.3  281s
 246286 68111     cutoff   34      6386.00000 6285.45513  1.57%  45.5  286s
 250018 68977     cutoff   36      6386.00000 6285.46296  1.57%  45.7  290s
 253229 70148 6286.69674   31  125 6386.00000 6285.48333  1.57%  45.6  295s
 257387 71260 6308.10445   39  108 6386.00000 6285.48333  1.57%  45.6  300s
 263326 73141 6290.08156   30  135 6386.00000 6285.50000  1.57%  45.5  305s
 266512 73935     cutoff   40      6386.00000 6285.53571  1.57%  45.5  310s
 271173 75082 6355.59091   40   60 6386.00000 6285.53571  1.57%  45.6  316s
 274004 75547 6338.00000   39   99 6386.00000 6285.55208  1.57%  45.6  320s
 278884 76409 6290.28747   33  109 6386.00000 6285.62000  1.57%  45.7  325s
 282068 76683 6285.66667   39   47 6386.00000 6285.63846  1.57%  45.9  330s
 286665 77255     cutoff   42      6386.00000 6285.66667  1.57%  46.1  336s
 290304 77720     cutoff   44      6386.00000 6285.66667  1.57%  46.3  341s
 294194 78302 6318.83880   47  122 6386.00000 6285.66667  1.57%  46.4  346s
 298147 78900 6318.12521   42   69 6386.00000 6285.66667  1.57%  46.5  351s
 301773 79454     cutoff   39      6386.00000 6285.72778  1.57%  46.6  356s
 302893 79607 6291.32143   35   95 6386.00000 6285.72989  1.57%  46.7  361s
 306591 80320     cutoff   39      6386.00000 6285.75000  1.57%  46.8  366s
 310585 81431 6289.35475   33  149 6386.00000 6285.75000  1.57%  46.9  371s
 314394 82411 6287.04311   37   99 6386.00000 6285.75000  1.57%  46.9  375s
 317965 82906 6301.14336   38   70 6386.00000 6285.77086  1.57%  47.0  380s
 322625 83790     cutoff   38      6386.00000 6285.79762  1.57%  47.2  386s
 326157 84405 infeasible   46      6386.00000 6285.81944  1.57%  47.2  391s
 329806 84956     cutoff   39      6386.00000 6285.83333  1.57%  47.2  395s
 333324 85443 infeasible   43      6386.00000 6285.85000  1.57%  47.4  400s
 337560 86317 6292.40068   34  105 6386.00000 6285.85000  1.57%  47.4  405s
 341093 86836     cutoff   43      6386.00000 6285.87821  1.57%  47.5  410s
 344709 87403 6286.95000   34   64 6386.00000 6285.89583  1.57%  47.6  415s
 349605 87908 6289.52927   37  101 6386.00000 6285.92857  1.57%  47.8  421s
 351562 88244 6286.43333   40   64 6386.00000 6285.92857  1.57%  47.9  425s
 356346 89195 6286.00000   30   61 6386.00000 6285.97222  1.57%  48.0  430s
 360264 89802     cutoff   34      6386.00000 6286.00000  1.57%  48.0  435s
 364291 90473     cutoff   40      6386.00000 6286.00000  1.57%  48.1  440s
 369079 91223     cutoff   35      6386.00000 6286.03333  1.57%  48.2  445s
 372298 91635     cutoff   39      6386.00000 6286.03333  1.57%  48.2  451s
 376147 92236 6343.85326   35   31 6386.00000 6286.07786  1.56%  48.3  455s
 379465 92716 6341.00000   32   54 6386.00000 6286.08333  1.56%  48.4  460s
 384796 93575 6299.00000   63   18 6386.00000 6286.11852  1.56%  48.4  466s
 388087 93887 6286.14615   37   71 6386.00000 6286.12500  1.56%  48.5  471s
 390664 94068     cutoff   40      6386.00000 6286.12740  1.56%  48.6  475s
 394336 94788     cutoff   41      6386.00000 6286.14693  1.56%  48.7  481s
 398701 95290 6287.50000   34   43 6386.00000 6286.19048  1.56%  48.7  485s
 402098 95652     cutoff   40      6386.00000 6286.19048  1.56%  48.8  491s
 405248 96229 infeasible   40      6386.00000 6286.20000  1.56%  48.9  496s
 409804 96823 6314.25000   44   51 6386.00000 6286.23077  1.56%  48.9  501s
 413557 97644 6307.13333   37   12 6386.00000 6286.25000  1.56%  48.9  506s
 417960 98207 6303.84314   40   76 6386.00000 6286.27778  1.56%  48.9  511s
 420859 98457 6287.16667   37   57 6386.00000 6286.30000  1.56%  49.0  515s
 422193 98973 6286.88826   34   95 6386.00000 6286.30050  1.56%  49.0  520s
 428227 99751 6312.46167   40   37 6386.00000 6286.37179  1.56%  49.1  525s
 432131 100318 infeasible   44      6386.00000 6286.38718  1.56%  49.1  530s
 436949 101032     cutoff   41      6386.00000 6286.40000  1.56%  49.2  536s
 440426 101497 6305.29827   42  116 6386.00000 6286.40000  1.56%  49.2  540s
 444554 102255     cutoff   49      6386.00000 6286.40000  1.56%  49.2  545s
 447737 102826 6314.11578   41   64 6386.00000 6286.40000  1.56%  49.3  550s
 449877 103009 6287.36905   36   55 6386.00000 6286.40000  1.56%  49.3  555s
 455305 104009 6318.59384   39   55 6386.00000 6286.45238  1.56%  49.3  561s
 458520 104886 6289.83149   34  113 6386.00000 6286.45238  1.56%  49.4  565s
 462218 105400 infeasible   31      6386.00000 6286.45238  1.56%  49.4  570s
 465760 105883 6293.66648   41   73 6386.00000 6286.51282  1.56%  49.5  575s
 470726 106300 6291.08234   38  107 6386.00000 6286.55714  1.56%  49.6  581s
 473713 107213 infeasible   40      6386.00000 6286.58333  1.56%  49.6  586s
 477571 108096 6287.10444   37   48 6386.00000 6286.58333  1.56%  49.6  590s
 481052 109003 6287.28846   34   53 6386.00000 6286.58333  1.56%  49.7  595s
 484880 110048 6359.77383   40   82 6386.00000 6286.58333  1.56%  49.7  600s

Cutting planes:
  Learned: 8
  Gomory: 4
  Cover: 221
  Implied bound: 4
  Clique: 14
  MIR: 196
  StrongCG: 14
  Flow cover: 207
  Inf proof: 7
  Zero half: 6
  Network: 5
  RLT: 4
  Relax-and-lift: 21

Explored 485987 nodes (24156357 simplex iterations) in 600.31 seconds (200.75 work units)
Thread count was 12 (of 12 available processors)

Solution count 3: 6386 6389 6402 

Time limit reached
Best objective 6.386000000000e+03, best bound 6.287000000000e+03, gap 1.5503%
