
Gurobi 12.0.0 (win64) logging started Mon Feb 16 07:33:38 2026

Set parameter LogFile to value "Storage_orig/Logs/log______Sens_C_range_reduced_(100, 100)_2026_02_16_07_33_38.log"
Set parameter MIPGap to value 0.01
Set parameter OutputFlag to value 1
Set parameter TimeLimit to value 600
Gurobi Optimizer version 12.0.0 build v12.0.0rc1 (win64 - Windows 11+.0 (26200.2))

CPU model: Intel(R) Core(TM) i7-9750H CPU @ 2.60GHz, instruction set [SSE2|AVX|AVX2]
Thread count: 6 physical cores, 12 logical processors, using up to 12 threads

Non-default parameters:
TimeLimit  600
MIPGap  0.01
MIPFocus  1

Optimize a model with 3526 rows, 760 columns and 9379 nonzeros
Model fingerprint: 0xdae4f63b
Variable types: 18 continuous, 742 integer (490 binary)
Coefficient statistics:
  Matrix range     [2e-01, 1e+03]
  Objective range  [1e+01, 2e+03]
  Bounds range     [1e+00, 1e+00]
  RHS range        [1e+00, 1e+03]

User MIP start produced solution with objective 6928 (0.01s)
Loaded user MIP start with objective 6928

Presolve removed 2451 rows and 172 columns
Presolve time: 0.04s
Presolved: 1075 rows, 588 columns, 5583 nonzeros
Variable types: 18 continuous, 570 integer (390 binary)

Root relaxation: objective 4.095167e+03, 566 iterations, 0.03 seconds (0.01 work units)

    Nodes    |    Current Node    |     Objective Bounds      |     Work
 Expl Unexpl |  Obj  Depth IntInf | Incumbent    BestBd   Gap | It/Node Time

     0     0 4095.16667    0   26 6928.00000 4095.16667  40.9%     -    0s
H    0     0                    6728.0000000 4095.16667  39.1%     -    0s
H    0     0                    6248.0000000 4095.16667  34.5%     -    0s
H    0     0                    6108.0000000 4095.73333  32.9%     -    0s
H    0     0                    6048.0000000 4095.73333  32.3%     -    0s
H    0     0                    5848.0000000 4095.73333  30.0%     -    0s
     0     0 4095.73333    0   82 5848.00000 4095.73333  30.0%     -    0s
H    0     0                    5768.0000000 4103.98598  28.8%     -    0s
     0     0 4103.98598    0   66 5768.00000 4103.98598  28.8%     -    0s
     0     0 4145.73013    0   67 5768.00000 4145.73013  28.1%     -    0s
     0     0 4156.51434    0   74 5768.00000 4156.51434  27.9%     -    0s
     0     0 4156.51434    0   84 5768.00000 4156.51434  27.9%     -    0s
     0     0 4250.18797    0  101 5768.00000 4250.18797  26.3%     -    0s
     0     0 4251.53614    0  116 5768.00000 4251.53614  26.3%     -    0s
     0     0 4275.40901    0  100 5768.00000 4275.40901  25.9%     -    0s
H    0     0                    5628.0000000 4275.70233  24.0%     -    0s
     0     0 4275.70233    0  123 5628.00000 4275.70233  24.0%     -    0s
     0     0 4279.98187    0  109 5628.00000 4279.98187  24.0%     -    0s
     0     0 4283.36027    0  115 5628.00000 4283.36027  23.9%     -    0s
H    0     0                    5608.0000000 4283.36027  23.6%     -    0s
     0     0 4283.36027    0  122 5608.00000 4283.36027  23.6%     -    0s
     0     0 4318.68579    0  141 5608.00000 4318.68579  23.0%     -    0s
     0     0 4329.57974    0  126 5608.00000 4329.57974  22.8%     -    1s
H    0     0                    5532.0000000 4329.65130  21.7%     -    1s
H    0     0                    4912.0000000 4329.65130  11.9%     -    1s
     0     0 4329.65130    0  145 4912.00000 4329.65130  11.9%     -    1s
     0     0 4334.40139    0  141 4912.00000 4334.40139  11.8%     -    1s
     0     0 4334.86432    0  156 4912.00000 4334.86432  11.7%     -    1s
     0     0 4334.95223    0  166 4912.00000 4334.95223  11.7%     -    1s
     0     0 4335.93452    0  145 4912.00000 4335.93452  11.7%     -    1s
     0     0 4336.26198    0  171 4912.00000 4336.26198  11.7%     -    1s
     0     0 4336.43527    0  165 4912.00000 4336.43527  11.7%     -    1s
     0     0 4337.66394    0  177 4912.00000 4337.66394  11.7%     -    1s
     0     0 4338.80592    0  185 4912.00000 4338.80592  11.7%     -    1s
     0     0 4338.81234    0  191 4912.00000 4338.81234  11.7%     -    1s
H    0     0                    4852.0000000 4338.81234  10.6%     -    1s
     0     0 4339.40000    0  174 4852.00000 4339.40000  10.6%     -    1s
     0     0 4339.40000    0  175 4852.00000 4339.40000  10.6%     -    1s
     0     0 4339.40000    0  144 4852.00000 4339.40000  10.6%     -    1s
     0     2 4339.40000    0   59 4852.00000 4339.40000  10.6%     -    1s
H  127   115                    4830.0000000 4339.40000  10.2%  69.8    2s
   597   355 4610.31431    7   77 4830.00000 4340.24988  10.1%  71.9    5s
H  768   438                    4829.0000000 4340.48996  10.1%  64.1    5s
  1567   900 4709.29040   31   65 4829.00000 4342.44911  10.1%  62.3   10s
  1803  1005 4682.20667   10  191 4829.00000 4343.08541  10.1%  60.5   15s
  2335  1140 4627.12963   36   79 4829.00000 4343.08541  10.1%  70.8   20s
  2767  1230 4594.83754   21  114 4829.00000 4343.08541  10.1%  71.5   25s
  5611  1851     cutoff   35      4829.00000 4371.33420  9.48%  63.8   30s
  9821  3654     cutoff   38      4829.00000 4413.92348  8.60%  57.6   35s
 14161  5227     cutoff   31      4829.00000 4420.97300  8.45%  54.3   40s
 17722  6635 4771.68182   31   59 4829.00000 4437.11499  8.12%  53.0   45s
 21388  7652 4702.39354   29  157 4829.00000 4456.61087  7.71%  53.1   50s
 25629  8624 4792.26914   29  174 4829.00000 4508.62949  6.63%  53.5   55s
 29820  9279 4794.14029   39   83 4829.00000 4552.32078  5.73%  53.7   61s
 33958 10355 4800.95248   32   42 4829.00000 4617.39669  4.38%  52.7   65s
 39705 12081 4689.06403   27   45 4829.00000 4636.80760  3.98%  50.7   71s
 44189 13437 4756.00000   43   33 4829.00000 4646.40181  3.78%  49.6   76s
 49072 14613 infeasible   32      4829.00000 4659.63783  3.51%  49.0   80s
 54305 15520 4797.69333   33   87 4829.00000 4670.86077  3.27%  48.0   87s
 54352 18764 infeasible   35      4829.00000 4671.32353  3.27%  48.0   98s
 66352 19068 4688.79786   37   47 4829.00000 4686.06569  2.96%  46.0  100s
 70023 20342 4720.79458   48   83 4829.00000 4688.49114  2.91%  45.5  105s
 76133 22121     cutoff   49      4829.00000 4688.69968  2.91%  44.1  110s
 81697 23756 4689.05100   38   51 4829.00000 4689.05087  2.90%  43.0  115s
 86514 25151 infeasible   47      4829.00000 4689.05137  2.90%  43.0  120s
 91103 26568     cutoff   52      4829.00000 4689.05137  2.90%  43.4  126s
 94627 27634     cutoff   49      4829.00000 4689.05137  2.90%  43.6  130s
 99879 29466 4689.30111   41  108 4829.00000 4689.05137  2.90%  43.8  136s
 104385 31173 4689.30852   43  108 4829.00000 4689.05139  2.90%  43.7  140s
 108802 32646 4703.60000   44   69 4829.00000 4689.05139  2.90%  43.5  145s
 115100 34248 4703.60000   43   69 4829.00000 4689.05139  2.90%  43.2  150s
 119663 35850 4711.23000   49   66 4829.00000 4689.05139  2.90%  43.0  155s
 123844 37326 4689.68602   49   97 4829.00000 4689.05144  2.90%  43.2  160s
 128508 39056 infeasible   44      4829.00000 4689.05144  2.90%  43.0  165s
 131857 39248 4787.14350   45  134 4829.00000 4689.05150  2.90%  43.0  170s
 135468 39203 4793.64225   42  113 4829.00000 4689.05150  2.90%  43.8  175s
 140570 41109 4689.05189   48   53 4829.00000 4689.05174  2.90%  44.1  180s
 144744 42456 infeasible   49      4829.00000 4689.05187  2.90%  44.0  185s
 149851 44063 4703.92195   53  103 4829.00000 4689.05187  2.90%  43.9  190s
 154093 45468 4764.96825   48  163 4829.00000 4689.05187  2.90%  43.9  195s
 159468 47085 infeasible   45      4829.00000 4689.05187  2.90%  43.8  200s
 163221 48246 4689.05194   38   61 4829.00000 4689.05187  2.90%  43.8  205s
 169622 50163 4730.20000   50   44 4829.00000 4689.05187  2.90%  43.7  211s
 173119 51198 4749.20783   60   77 4829.00000 4689.05187  2.90%  43.7  215s
 177499 52632 4711.20000   47   44 4829.00000 4689.05187  2.90%  43.6  220s
 181540 57125 infeasible   57      4829.00000 4689.05187  2.90%  43.6  237s
 194798 57576 4703.60000   46   45 4829.00000 4689.05187  2.90%  43.4  241s
 197772 58830 4720.62500   42  100 4829.00000 4689.05187  2.90%  43.2  245s
 203243 60731     cutoff   45      4829.00000 4689.05189  2.90%  43.0  250s
 209229 62989     cutoff   48      4829.00000 4689.05189  2.90%  42.8  255s
 215539 65108     cutoff   50      4829.00000 4689.05189  2.90%  42.6  260s
 220720 66534 4689.05189   38   50 4829.00000 4689.05189  2.90%  42.4  266s
 225636 68054 infeasible   45      4829.00000 4689.05189  2.90%  42.3  270s
 230786 69354 4731.83117   58   87 4829.00000 4689.05189  2.90%  42.2  275s
 233779 70490 4790.02900   53   21 4829.00000 4689.05189  2.90%  42.1  280s
 240115 72035 infeasible   51      4829.00000 4689.05189  2.90%  41.8  285s
 247733 74896 4689.05200   43   50 4829.00000 4689.05189  2.90%  41.4  290s
 254275 77398 4705.00000   45   38 4829.00000 4689.05189  2.90%  41.0  295s
 261773 79852     cutoff   54      4829.00000 4689.05189  2.90%  40.5  300s
 267349 81390 4689.20000   42   57 4829.00000 4689.05194  2.90%  40.4  305s
 271331 82452 4689.72184   50   99 4829.00000 4689.05194  2.90%  40.4  310s
 276294 84189 4793.00000   45   50 4829.00000 4689.05194  2.90%  40.3  315s
 283012 86438 4820.84667   51   68 4829.00000 4689.05194  2.90%  40.0  320s
 289098 87205 4787.33333   46   85 4829.00000 4689.05200  2.90%  40.0  325s
 292947 87687     cutoff   49      4829.00000 4689.05200  2.90%  40.1  330s
 297287 87917 4796.43243   44  127 4829.00000 4689.05200  2.90%  40.3  335s
 301796 88173 4773.13658   44  142 4829.00000 4689.05200  2.90%  40.5  341s
 305490 88612 infeasible   46      4829.00000 4689.05200  2.90%  40.7  345s
 310189 88750 4794.44550   45   79 4829.00000 4689.05200  2.90%  40.8  351s
 314187 90139 4777.16923   46   92 4829.00000 4689.05224  2.90%  40.8  355s
 320168 92832 4756.40625   46   98 4829.00000 4689.05224  2.90%  40.7  360s
 325041 95278 4689.05274   42   64 4829.00000 4689.05224  2.90%  40.7  365s
 330001 97508 4689.31319   48   59 4829.00000 4689.05224  2.90%  40.6  370s
 335308 99924 4700.44444   50   97 4829.00000 4689.05227  2.90%  40.4  375s
 342944 102963 4711.20000   50   39 4829.00000 4689.05227  2.90%  40.1  380s
 348990 106526 4711.20000   48   44 4829.00000 4689.05227  2.90%  39.8  388s
 353867 107181 4793.23077   48   92 4829.00000 4689.05230  2.90%  39.8  390s
 359108 109598 4703.60000   45   45 4829.00000 4689.05237  2.90%  39.7  395s
 363918 111302 4711.20000   48   44 4829.00000 4689.05237  2.90%  39.6  400s
 369091 113217 4817.06825   54   33 4829.00000 4689.05237  2.90%  39.5  405s
 375801 115549 infeasible   59      4829.00000 4689.05237  2.90%  39.4  410s
 380892 117165 infeasible   53      4829.00000 4689.05237  2.90%  39.3  415s
 385775 118898 4689.05250   47   61 4829.00000 4689.05237  2.90%  39.2  420s
 391925 121075     cutoff   57      4829.00000 4689.05237  2.90%  39.2  425s
 396432 122654 4689.05237   44   64 4829.00000 4689.05237  2.90%  39.2  430s
 402926 124587 4793.76009   51  104 4829.00000 4689.05237  2.90%  39.1  436s
 406128 125940 4703.60000   51   45 4829.00000 4689.05237  2.90%  39.1  440s
 411960 127662 4798.66758   56   63 4829.00000 4689.05237  2.90%  39.1  446s
 416048 128811 infeasible   55      4829.00000 4689.05237  2.90%  39.1  450s
 421103 130442 4703.60000   46   43 4829.00000 4689.05237  2.90%  39.2  455s
 426468 132280 4689.36765   51   59 4829.00000 4689.05237  2.90%  39.2  460s
 430928 133833 4703.60000   51   45 4829.00000 4689.05237  2.90%  39.2  465s
 435893 135258 4798.00596   55  117 4829.00000 4689.05237  2.90%  39.2  470s
 440862 136803 4689.05250   47   61 4829.00000 4689.05237  2.90%  39.2  476s
 444948 138244 4817.07167   55   98 4829.00000 4689.05237  2.90%  39.2  480s
 450303 139520 4711.20000   52   42 4829.00000 4689.05237  2.90%  39.2  485s
 455110 141106 4703.60000   50   45 4829.00000 4689.05237  2.90%  39.2  491s
 458660 142336 4742.79310   53  112 4829.00000 4689.05237  2.90%  39.2  495s
 464927 144164 infeasible   52      4829.00000 4689.05237  2.90%  39.2  500s
 469270 145395 4689.05237   48   64 4829.00000 4689.05237  2.90%  39.2  506s
 474275 146714 4817.10766   57  105 4829.00000 4689.05237  2.90%  39.2  511s
 478809 148243     cutoff   62      4829.00000 4689.05237  2.90%  39.3  515s
 482771 149421 infeasible   48      4829.00000 4689.05237  2.90%  39.3  520s
 488122 150878 infeasible   49      4829.00000 4689.05237  2.90%  39.3  525s
 493097 152271 4689.20000   49   57 4829.00000 4689.05237  2.90%  39.3  530s
 498109 153720 infeasible   49      4829.00000 4689.05237  2.90%  39.3  535s
 501697 154801 4817.10874   55  102 4829.00000 4689.05237  2.90%  39.3  540s
 507301 156202 4703.60000   52   45 4829.00000 4689.05237  2.90%  39.3  545s
 512062 157748 infeasible   53      4829.00000 4689.05237  2.90%  39.3  550s
 516996 159228     cutoff   56      4829.00000 4689.05237  2.90%  39.3  555s
 522289 160642 4703.60000   51   45 4829.00000 4689.05237  2.90%  39.3  560s
 528400 162380 infeasible   51      4829.00000 4689.05237  2.90%  39.3  566s
 532434 163625 infeasible   50      4829.00000 4689.05237  2.90%  39.4  571s
 537033 165267 infeasible   52      4829.00000 4689.05237  2.90%  39.4  576s
 542694 166951 4689.05250   44   62 4829.00000 4689.05237  2.90%  39.3  580s
 547737 168523 4737.60000   51  117 4829.00000 4689.05237  2.90%  39.3  585s
 552667 169914 infeasible   48      4829.00000 4689.05237  2.90%  39.3  591s
 556843 171675 infeasible   48      4829.00000 4689.05239  2.90%  39.3  595s
 560988 172835 4710.33333   47   45 4829.00000 4689.05239  2.90%  39.2  600s

Cutting planes:
  Learned: 94
  Gomory: 3
  Cover: 263
  MIR: 207
  StrongCG: 14
  Flow cover: 254
  Zero half: 5
  Network: 3
  RLT: 6
  Relax-and-lift: 16

Explored 561856 nodes (22008251 simplex iterations) in 600.14 seconds (226.43 work units)
Thread count was 12 (of 12 available processors)

Solution count 10: 4829 4830 4852 ... 6048

Time limit reached
Best objective 4.829000000000e+03, best bound 4.690000000000e+03, gap 2.8784%
