
Gurobi 12.0.0 (win64) logging started Wed Feb 18 23:45:47 2026

Set parameter LogFile to value "Storage_orig/Logs/log______Sens_handling_time_0.2_2026_02_18_23_45_47.log"
Set parameter MIPGap to value 0.005
Set parameter OutputFlag to value 1
Gurobi Optimizer version 12.0.0 build v12.0.0rc1 (win64 - Windows 11+.0 (26200.2))

CPU model: Intel(R) Core(TM) i7-9750H CPU @ 2.60GHz, instruction set [SSE2|AVX|AVX2]
Thread count: 6 physical cores, 12 logical processors, using up to 12 threads

Non-default parameters:
MIPGap  0.005
MIPFocus  2

Optimize a model with 4170 rows, 840 columns and 11004 nonzeros
Model fingerprint: 0xf4d4eb83
Variable types: 18 continuous, 822 integer (570 binary)
Coefficient statistics:
  Matrix range     [2e-01, 1e+03]
  Objective range  [1e+01, 2e+03]
  Bounds range     [1e+00, 1e+00]
  RHS range        [1e+00, 1e+03]

User MIP start did not produce a new incumbent solution
User MIP start violates constraint Time_LB_2_5_1 by 2.300000000

Found heuristic solution: objective 18900.000000
Presolve removed 2940 rows and 192 columns
Presolve time: 0.01s
Presolved: 1230 rows, 648 columns, 6453 nonzeros
Variable types: 18 continuous, 630 integer (450 binary)
Root relaxation presolve removed 3 rows and 0 columns
Root relaxation presolved: 1227 rows, 648 columns, 6423 nonzeros


Root relaxation: objective 5.467500e+03, 475 iterations, 0.01 seconds (0.02 work units)

    Nodes    |    Current Node    |     Objective Bounds      |     Work
 Expl Unexpl |  Obj  Depth IntInf | Incumbent    BestBd   Gap | It/Node Time

     0     0 5467.50003    0   29 18900.0000 5467.50003  71.1%     -    0s
H    0     0                    15224.000000 5467.50003  64.1%     -    0s
H    0     0                    14315.000000 5467.50003  61.8%     -    0s
H    0     0                    11915.000000 5467.50003  54.1%     -    0s
H    0     0                    10175.000000 5467.50003  46.3%     -    0s
     0     0 5468.00013    0   76 10175.0000 5468.00013  46.3%     -    0s
     0     0 5512.92526    0   64 10175.0000 5512.92526  45.8%     -    0s
     0     0 5512.92526    0   59 10175.0000 5512.92526  45.8%     -    0s
     0     0 5521.30594    0  157 10175.0000 5521.30594  45.7%     -    0s
     0     0 5536.18199    0  168 10175.0000 5536.18199  45.6%     -    0s
     0     0 5544.83614    0  166 10175.0000 5544.83614  45.5%     -    0s
     0     0 5545.69601    0  172 10175.0000 5545.69601  45.5%     -    0s
     0     0 5545.69601    0  177 10175.0000 5545.69601  45.5%     -    0s
H    0     0                    9749.0000000 5545.69601  43.1%     -    0s
H    0     0                    9728.0000000 5654.25359  41.9%     -    0s
H    0     0                    9448.0000000 5654.25359  40.2%     -    0s
H    0     0                    8089.0000000 5654.25359  30.1%     -    0s
H    0     0                    8050.0000000 5654.25359  29.8%     -    0s
H    0     0                    6369.0000000 5654.25359  11.2%     -    0s
H    0     0                    6309.0000000 5654.25359  10.4%     -    0s
H    0     0                    6293.0000000 5654.25359  10.2%     -    0s
     0     0 5654.25359    0  230 6293.00000 5654.25359  10.2%     -    0s
     0     0 5679.33771    0  208 6293.00000 5679.33771  9.75%     -    0s
     0     0 5679.57297    0  230 6293.00000 5679.57297  9.75%     -    0s
     0     0 5679.80683    0  199 6293.00000 5679.80683  9.74%     -    0s
     0     0 5679.81234    0  247 6293.00000 5679.81234  9.74%     -    0s
H    0     0                    6256.0000000 5679.81234  9.21%     -    1s
H    0     0                    6116.0000000 5679.81234  7.13%     -    1s
H    0     0                    5976.0000000 5679.81234  4.96%     -    1s
     0     0 5682.15354    0  263 5976.00000 5682.15354  4.92%     -    1s
     0     0 5682.29593    0  304 5976.00000 5682.29593  4.91%     -    1s
     0     0 5682.40468    0  299 5976.00000 5682.40468  4.91%     -    1s
     0     0 5682.41184    0  311 5976.00000 5682.41184  4.91%     -    1s
H    0     0                    5937.0000000 5685.06010  4.24%     -    1s
     0     0 5685.06010    0  273 5937.00000 5685.06010  4.24%     -    1s
     0     0 5685.98683    0  249 5937.00000 5685.98683  4.23%     -    1s
     0     0 5691.76464    0  250 5937.00000 5691.76464  4.13%     -    1s
     0     0 5693.25000    0  257 5937.00000 5693.25000  4.11%     -    1s
     0     0 5693.25000    0  281 5937.00000 5693.25000  4.11%     -    1s
     0     0 5698.50000    0  304 5937.00000 5698.50000  4.02%     -    1s
     0     0 5698.50000    0  276 5937.00000 5698.50000  4.02%     -    1s
     0     0 5698.92857    0  355 5937.00000 5698.92857  4.01%     -    2s
     0     0 5698.92857    0  232 5937.00000 5698.92857  4.01%     -    2s
     0     2 5712.00000    0   93 5937.00000 5712.00000  3.79%     -    2s
H   33    40                    5792.0000000 5712.00000  1.38%   245    2s
   898   245 5746.25714   13  172 5792.00000 5725.04576  1.16%  77.8    5s

Cutting planes:
  Gomory: 8
  Lift-and-project: 6
  Cover: 261
  Implied bound: 123
  MIR: 346
  StrongCG: 59
  Flow cover: 586
  Zero half: 287
  Network: 2
  RLT: 15
  Relax-and-lift: 30

Explored 1934 nodes (150378 simplex iterations) in 6.77 seconds (5.87 work units)
Thread count was 12 (of 12 available processors)

Solution count 10: 5792 5937 5976 ... 8089

Optimal solution found (tolerance 5.00e-03)
Best objective 5.792000000000e+03, best bound 5.792000000000e+03, gap 0.0000%
