
Gurobi 12.0.0 (win64) logging started Sun Feb 15 16:28:36 2026

Set parameter LogFile to value "Storage_orig/Logs/log_____________2026_02_15_16_28_36.log"
Set parameter MIPGap to value 0.01
Set parameter OutputFlag to value 1
Gurobi Optimizer version 12.0.0 build v12.0.0rc1 (win64 - Windows 11+.0 (26200.2))

CPU model: Intel(R) Core(TM) i7-9750H CPU @ 2.60GHz, instruction set [SSE2|AVX|AVX2]
Thread count: 6 physical cores, 12 logical processors, using up to 12 threads

Non-default parameters:
MIPGap  0.01
MIPFocus  1

Optimize a model with 5644 rows, 1144 columns and 15208 nonzeros
Model fingerprint: 0x5c411d51
Variable types: 28 continuous, 1116 integer (668 binary)
Coefficient statistics:
  Matrix range     [2e-01, 1e+03]
  Objective range  [1e+01, 2e+03]
  Bounds range     [1e+00, 1e+00]
  RHS range        [1e+00, 1e+03]
Found heuristic solution: objective 15440.000000
Presolve removed 4088 rows and 212 columns
Presolve time: 0.12s
Presolved: 1556 rows, 932 columns, 8944 nonzeros
Variable types: 28 continuous, 904 integer (568 binary)

Root relaxation: objective 3.255033e+03, 941 iterations, 0.13 seconds (0.02 work units)

    Nodes    |    Current Node    |     Objective Bounds      |     Work
 Expl Unexpl |  Obj  Depth IntInf | Incumbent    BestBd   Gap | It/Node Time

     0     0 3255.03333    0   20 15440.0000 3255.03333  78.9%     -    2s
H    0     0                    15396.000000 3255.03333  78.9%     -    2s
H    0     0                    13876.000000 3255.03333  76.5%     -    2s
H    0     0                    13676.000000 3255.03333  76.2%     -    2s
H    0     0                    13476.000000 3255.03333  75.8%     -    2s
H    0     0                    13202.000000 3363.57245  74.5%     -    3s
H    0     0                    12922.000000 3363.57245  74.0%     -    3s
     0     0 3363.57245    0   53 12922.0000 3363.57245  74.0%     -    3s
H    0     0                    11547.000000 3363.57245  70.9%     -    3s
     0     0 3390.14420    0   60 11547.0000 3390.14420  70.6%     -    3s
H    0     0                    8891.0000000 3416.35699  61.6%     -    3s
     0     0 3416.35699    0   69 8891.00000 3416.35699  61.6%     -    3s
     0     0 3445.53267    0   68 8891.00000 3445.53267  61.2%     -    3s
     0     0 3445.53267    0   70 8891.00000 3445.53267  61.2%     -    3s
     0     0 3557.97237    0  118 8891.00000 3557.97237  60.0%     -    3s
H    0     0                    8131.0000000 3590.37148  55.8%     -    3s
H    0     0                    8051.0000000 3590.37148  55.4%     -    3s
H    0     0                    7911.0000000 3590.37148  54.6%     -    3s
H    0     0                    7711.0000000 3590.37148  53.4%     -    3s
     0     0 3590.37148    0  148 7711.00000 3590.37148  53.4%     -    3s
     0     0 3596.93487    0  134 7711.00000 3596.93487  53.4%     -    3s
     0     0 3610.71092    0  151 7711.00000 3610.71092  53.2%     -    3s
     0     0 3610.93597    0  145 7711.00000 3610.93597  53.2%     -    3s
     0     0 3610.93597    0  151 7711.00000 3610.93597  53.2%     -    3s
H    0     0                    7631.0000000 3610.93597  52.7%     -    4s
H    0     0                    4148.0000000 3610.93597  12.9%     -    4s
     0     0 3646.27718    0  169 4148.00000 3646.27718  12.1%     -    4s
     0     0 3654.48801    0  136 4148.00000 3654.48801  11.9%     -    4s
     0     0 3658.39703    0  214 4148.00000 3658.39703  11.8%     -    4s
     0     0 3683.66300    0  207 4148.00000 3683.66300  11.2%     -    4s
     0     0 3686.25265    0  151 4148.00000 3686.25265  11.1%     -    4s
H    0     0                    4126.0000000 3686.56187  10.7%     -    4s
     0     0 3686.56187    0  143 4126.00000 3686.56187  10.7%     -    4s
     0     0 3686.56187    0  154 4126.00000 3686.56187  10.7%     -    4s
     0     0 3687.34647    0  124 4126.00000 3687.34647  10.6%     -    5s
     0     0 3687.35390    0  147 4126.00000 3687.35390  10.6%     -    5s
H    0     0                    4035.0000000 3687.35390  8.62%     -    5s
     0     0 3687.35989    0  130 4035.00000 3687.35989  8.62%     -    5s
     0     2 3687.37069    0  114 4035.00000 3687.37069  8.62%     -    7s
*   41    51               8    4021.0000000 3688.97399  8.26%  78.6    8s
   165    86 4020.00000   10   38 4021.00000 3689.00595  8.26%  46.5   10s
*  320   104               9    4018.0000000 3691.00000  8.14%  46.6   12s
   699   250     cutoff   21      4018.00000 3695.23604  8.03%  64.8   15s
H 1150   323                    4005.0000000 3698.55536  7.65%  67.2   18s
  1294   358 3995.10000   31   24 4005.00000 3699.07381  7.64%  69.2   20s
  2208   717 3980.18182   23   20 4005.00000 3801.28118  5.09%  70.0   25s
  2230   732 3867.52619   17  256 4005.00000 3801.28118  5.09%  69.3   32s
  2494   745     cutoff   23      4005.00000 3801.28118  5.09%  77.8   35s
  3028   704 3968.06000   32   45 4005.00000 3801.28118  5.09%  76.6   48s
  3074   708 3822.15164   24   84 4005.00000 3801.28118  5.09%  76.9   52s
  3205   693 3921.87141   27  154 4005.00000 3801.28118  5.09%  77.0   56s
  3850   753     cutoff   32      4005.00000 3801.28118  5.09%  74.2   60s
  6025  1311 3867.15271   29  104 4005.00000 3847.93333  3.92%  62.9   65s
  6688  1455     cutoff   32      4005.00000 3860.66923  3.60%  61.5   71s
  7843  1579 infeasible   37      4005.00000 3867.60000  3.43%  57.7   75s
 11826   950 3947.57437   26  148 4005.00000 3928.43000  1.91%  50.5   80s

Cutting planes:
  Learned: 15
  Gomory: 2
  Cover: 194
  MIR: 96
  StrongCG: 9
  Flow cover: 139
  Inf proof: 1
  Zero half: 7
  Network: 2
  RLT: 6
  Relax-and-lift: 7

Explored 13538 nodes (639332 simplex iterations) in 81.59 seconds (12.67 work units)
Thread count was 12 (of 12 available processors)

Solution count 10: 4005 4018 4021 ... 8051

Optimal solution found (tolerance 1.00e-02)
Best objective 4.005000000000e+03, best bound 3.965000000000e+03, gap 0.9988%
