
Gurobi 12.0.0 (win64) logging started Thu Feb 26 00:12:26 2026

Set parameter LogFile to value "Storage_orig/Logs/log______Sens_gamma_1000_2026_02_26_00_12_26.log"
Set parameter MIPGap to value 0.01
Set parameter OutputFlag to value 1
Set parameter TimeLimit to value 1000
Gurobi Optimizer version 12.0.0 build v12.0.0rc1 (win64 - Windows 11+.0 (26200.2))

CPU model: Intel(R) Core(TM) i7-9750H CPU @ 2.60GHz, instruction set [SSE2|AVX|AVX2]
Thread count: 6 physical cores, 12 logical processors, using up to 12 threads

Non-default parameters:
TimeLimit  1000
MIPGap  0.01
MIPFocus  2

Optimize a model with 5540 rows, 1032 columns and 14852 nonzeros
Model fingerprint: 0x4a642e14
Variable types: 24 continuous, 1008 integer (720 binary)
Coefficient statistics:
  Matrix range     [2e-01, 1e+02]
  Objective range  [1e+01, 3e+03]
  Bounds range     [1e+00, 1e+00]
  RHS range        [1e+00, 2e+02]

User MIP start produced solution with objective 10032 (0.00s)
Loaded user MIP start with objective 10032

Presolve removed 3940 rows and 168 columns
Presolve time: 0.03s
Presolved: 1600 rows, 864 columns, 8604 nonzeros
Variable types: 24 continuous, 840 integer (600 binary)
Root relaxation presolve removed 4 rows and 0 columns
Root relaxation presolved: 1596 rows, 864 columns, 8564 nonzeros


Root relaxation: objective 7.745500e+03, 837 iterations, 0.05 seconds (0.03 work units)

    Nodes    |    Current Node    |     Objective Bounds      |     Work
 Expl Unexpl |  Obj  Depth IntInf | Incumbent    BestBd   Gap | It/Node Time

     0     0 7745.50027    0   34 10032.0000 7745.50027  22.8%     -    0s
     0     0 7757.01154    0   65 10032.0000 7757.01154  22.7%     -    0s
     0     0 7818.80027    0   57 10032.0000 7818.80027  22.1%     -    0s
     0     0 7818.80027    0   59 10032.0000 7818.80027  22.1%     -    0s
     0     0 8448.61848    0  167 10032.0000 8448.61848  15.8%     -    0s
     0     0 8505.37837    0  152 10032.0000 8505.37837  15.2%     -    0s
     0     0 8575.69639    0  150 10032.0000 8575.69639  14.5%     -    0s
     0     0 8579.61757    0  158 10032.0000 8579.61757  14.5%     -    0s
     0     0 8579.87189    0  152 10032.0000 8579.87189  14.5%     -    0s
     0     0 8579.87189    0  154 10032.0000 8579.87189  14.5%     -    0s
     0     0 9058.97043    0  246 10032.0000 9058.97043  9.70%     -    1s
     0     0 9159.42510    0  235 10032.0000 9159.42510  8.70%     -    1s
     0     0 9185.15947    0  266 10032.0000 9185.15947  8.44%     -    1s
     0     0 9200.31804    0  270 10032.0000 9200.31804  8.29%     -    2s
     0     0 9209.61697    0  277 10032.0000 9209.61697  8.20%     -    2s
     0     0 9216.14900    0  282 10032.0000 9216.14900  8.13%     -    2s
     0     0 9216.20608    0  304 10032.0000 9216.20608  8.13%     -    2s
     0     0 9542.47423    0  320 10032.0000 9542.47423  4.88%     -    2s
     0     0 9542.47423    0  320 10032.0000 9542.47423  4.88%     -    2s
     0     0 9599.04954    0  324 10032.0000 9599.04954  4.32%     -    3s
     0     0 9621.81825    0  324 10032.0000 9621.81825  4.09%     -    3s
     0     0 9621.81825    0  324 10032.0000 9621.81825  4.09%     -    3s
     0     0 9628.35377    0  324 10032.0000 9628.35377  4.02%     -    3s
     0     0 9630.93502    0  393 10032.0000 9630.93502  4.00%     -    3s
     0     0 9637.14016    0  384 10032.0000 9637.14016  3.94%     -    3s
     0     0 9638.91322    0  414 10032.0000 9638.91322  3.92%     -    3s
     0     0 9640.60536    0  360 10032.0000 9640.60536  3.90%     -    3s
     0     0 9640.94676    0  371 10032.0000 9640.94676  3.90%     -    3s
     0     0 9740.55548    0  350 10032.0000 9740.55548  2.91%     -    3s
     0     0 9751.94335    0  342 10032.0000 9751.94335  2.79%     -    3s
     0     0 9756.11062    0  374 10032.0000 9756.11062  2.75%     -    3s
     0     0 9756.45582    0  376 10032.0000 9756.45582  2.75%     -    3s
     0     0 9872.05965    0  256 10032.0000 9872.05965  1.59%     -    4s
     0     0 9872.05965    0  255 10032.0000 9872.05965  1.59%     -    4s
     0     0 9872.11778    0  271 10032.0000 9872.11778  1.59%     -    4s
     0     0 9887.96115    0  320 10032.0000 9887.96115  1.44%     -    4s
     0     0 9888.77001    0  307 10032.0000 9888.77001  1.43%     -    4s
     0     0 9888.77001    0   26 10032.0000 9888.77001  1.43%     -    5s
     0     0 9888.77001    0  107 10032.0000 9888.77001  1.43%     -    5s
     0     0 9888.77001    0  205 10032.0000 9888.77001  1.43%     -    5s
     0     0 9888.77001    0  205 10032.0000 9888.77001  1.43%     -    5s
     0     0 9888.77001    0  242 10032.0000 9888.77001  1.43%     -    5s
     0     0 9888.77001    0  242 10032.0000 9888.77001  1.43%     -    5s
     0     0 9888.77001    0  254 10032.0000 9888.77001  1.43%     -    5s
     0     0 9888.77001    0  267 10032.0000 9888.77001  1.43%     -    5s
     0     0 9888.77001    0  292 10032.0000 9888.77001  1.43%     -    5s
     0     0 9888.77001    0  302 10032.0000 9888.77001  1.43%     -    5s
     0     0 9891.06205    0  328 10032.0000 9891.06205  1.40%     -    6s
     0     0 9891.06205    0  328 10032.0000 9891.06205  1.40%     -    6s
     0     0 9896.92165    0  312 10032.0000 9896.92165  1.35%     -    6s
     0     0 9896.92165    0  309 10032.0000 9896.92165  1.35%     -    6s
     0     0 9897.73369    0  305 10032.0000 9897.73369  1.34%     -    6s
     0     0 9905.00000    0  262 10032.0000 9905.00000  1.27%     -    6s
     0     0 9905.00000    0   26 10032.0000 9905.00000  1.27%     -    6s
     0     0 9905.00000    0  129 10032.0000 9905.00000  1.27%     -    6s
     0     0 9905.00000    0  178 10032.0000 9905.00000  1.27%     -    6s
     0     0 9905.00000    0  233 10032.0000 9905.00000  1.27%     -    6s
     0     0 9905.00000    0  208 10032.0000 9905.00000  1.27%     -    6s
     0     0 9905.00000    0  229 10032.0000 9905.00000  1.27%     -    6s
     0     0 9912.00000    0    3 10032.0000 9912.00000  1.20%     -    7s
     0     0 9912.81067    0  203 10032.0000 9912.81067  1.19%     -    7s
     0     0 9912.83051    0  238 10032.0000 9912.83051  1.19%     -    7s
     0     0 9916.47073    0  248 10032.0000 9916.47073  1.15%     -    7s
     0     0 9917.94286    0  275 10032.0000 9917.94286  1.14%     -    7s
     0     0 9917.94286    0  295 10032.0000 9917.94286  1.14%     -    7s

Cutting planes:
  Gomory: 20
  Lift-and-project: 1
  Cover: 106
  Implied bound: 80
  Projected implied bound: 8
  Clique: 115
  MIR: 85
  StrongCG: 18
  Flow cover: 172
  Zero half: 36
  RLT: 7
  Relax-and-lift: 7
  BQP: 17

Explored 1 nodes (24700 simplex iterations) in 7.71 seconds (3.26 work units)
Thread count was 12 (of 12 available processors)

Solution count 1: 10032 

Optimal solution found (tolerance 1.00e-02)
Best objective 1.003200000000e+04, best bound 9.952000000000e+03, gap 0.7974%
