
Gurobi 12.0.0 (win64) logging started Wed Feb 25 08:27:28 2026

Set parameter LogFile to value "Storage_orig/Logs/log______Sens_handling_time_0.75_2026_02_25_08_27_28.log"
Set parameter MIPGap to value 0
Set parameter OutputFlag to value 1
Gurobi Optimizer version 12.0.0 build v12.0.0rc1 (win64 - Windows 11+.0 (26200.2))

CPU model: Intel(R) Core(TM) i7-9750H CPU @ 2.60GHz, instruction set [SSE2|AVX|AVX2]
Thread count: 6 physical cores, 12 logical processors, using up to 12 threads

Non-default parameters:
MIPGap  0
MIPFocus  2

Optimize a model with 5540 rows, 1032 columns and 14852 nonzeros
Model fingerprint: 0x7aa8016d
Variable types: 24 continuous, 1008 integer (720 binary)
Coefficient statistics:
  Matrix range     [8e-01, 1e+02]
  Objective range  [1e+01, 2e+03]
  Bounds range     [1e+00, 1e+00]
  RHS range        [1e+00, 2e+02]

User MIP start did not produce a new incumbent solution
User MIP start violates constraint R574 by 5.500000000

Found heuristic solution: objective 18900.000000
Presolve removed 3940 rows and 168 columns
Presolve time: 0.02s
Presolved: 1600 rows, 864 columns, 8604 nonzeros
Variable types: 24 continuous, 840 integer (600 binary)
Root relaxation presolve removed 4 rows and 0 columns
Root relaxation presolved: 1596 rows, 864 columns, 8564 nonzeros


Root relaxation: objective 4.977000e+03, 1066 iterations, 0.05 seconds (0.04 work units)

    Nodes    |    Current Node    |     Objective Bounds      |     Work
 Expl Unexpl |  Obj  Depth IntInf | Incumbent    BestBd   Gap | It/Node Time

     0     0 4977.00027    0   40 18900.0000 4977.00027  73.7%     -    0s
H    0     0                    11950.000000 4977.00027  58.4%     -    0s
H    0     0                    11470.000000 4977.00027  56.6%     -    0s
H    0     0                    10892.000000 4977.00027  54.3%     -    0s
H    0     0                    10356.000000 4977.00027  51.9%     -    0s
H    0     0                    9876.0000000 4977.00027  49.6%     -    0s
H    0     0                    9092.0000000 4977.00027  45.3%     -    0s
     0     0 4978.80107    0   92 9092.00000 4978.80107  45.2%     -    0s
     0     0 5021.93387    0   77 9092.00000 5021.93387  44.8%     -    0s
     0     0 5029.73387    0   67 9092.00000 5029.73387  44.7%     -    0s
     0     0 5077.48389    0  120 9092.00000 5077.48389  44.2%     -    0s
     0     0 5085.64095    0  108 9092.00000 5085.64095  44.1%     -    0s
     0     0 5085.87128    0  121 9092.00000 5085.87128  44.1%     -    0s
     0     0 5085.87128    0  127 9092.00000 5085.87128  44.1%     -    0s
H    0     0                    9006.0000000 5085.87128  43.5%     -    0s
H    0     0                    8866.0000000 5085.87128  42.6%     -    0s
H    0     0                    8554.0000000 5085.87128  40.5%     -    0s
H    0     0                    7394.0000000 5085.87128  31.2%     -    0s
     0     0 5134.47306    0  189 7394.00000 5134.47306  30.6%     -    0s
H    0     0                    7334.0000000 5134.96116  30.0%     -    0s
H    0     0                    6953.0000000 5140.32370  26.1%     -    0s
     0     0 5140.32370    0  190 6953.00000 5140.32370  26.1%     -    0s
     0     0 5140.36673    0  227 6953.00000 5140.36673  26.1%     -    0s
H    0     0                    6914.0000000 5140.36673  25.7%     -    1s
H    0     0                    6912.0000000 5140.36673  25.6%     -    1s
H    0     0                    6772.0000000 5140.36673  24.1%     -    1s
H    0     0                    6632.0000000 5140.36673  22.5%     -    1s
H    0     0                    6536.0000000 5166.18333  21.0%     -    1s
H    0     0                    6396.0000000 5166.18333  19.2%     -    1s
     0     0 5166.18333    0   47 6396.00000 5166.18333  19.2%     -    1s
     0     0 5166.18333    0   60 6396.00000 5166.18333  19.2%     -    1s
H    0     0                    6232.0000000 5166.18333  17.1%     -    1s
H    0     0                    6152.0000000 5166.18333  16.0%     -    1s
H    0     0                    6092.0000000 5166.18333  15.2%     -    1s
H    0     0                    6052.0000000 5173.52235  14.5%     -    1s
     0     0 5173.52235    0  187 6052.00000 5173.52235  14.5%     -    1s
     0     0 5174.39905    0  209 6052.00000 5174.39905  14.5%     -    1s
     0     0 5174.52781    0  215 6052.00000 5174.52781  14.5%     -    1s
     0     0 5174.52781    0  215 6052.00000 5174.52781  14.5%     -    1s
     0     0 5182.86000    0  265 6052.00000 5182.86000  14.4%     -    2s
H    0     0                    6032.0000000 5184.10000  14.1%     -    2s
     0     0 5184.10000    0  259 6032.00000 5184.10000  14.1%     -    2s
     0     0 5185.38000    0  288 6032.00000 5185.38000  14.0%     -    2s
     0     0 5185.56474    0  265 6032.00000 5185.56474  14.0%     -    2s
     0     0 5185.66765    0  284 6032.00000 5185.66765  14.0%     -    2s
     0     0 5186.19529    0  229 6032.00000 5186.19529  14.0%     -    2s
     0     0 5187.62353    0  266 6032.00000 5187.62353  14.0%     -    2s
     0     0 5187.62353    0  301 6032.00000 5187.62353  14.0%     -    2s
     0     0 5188.11907    0  309 6032.00000 5188.11907  14.0%     -    3s
     0     0 5188.64780    0  339 6032.00000 5188.64780  14.0%     -    3s
     0     0 5188.78378    0  351 6032.00000 5188.78378  14.0%     -    3s
     0     0 5189.98391    0  353 6032.00000 5189.98391  14.0%     -    3s
     0     0 5189.98421    0  376 6032.00000 5189.98421  14.0%     -    3s
     0     0 5191.18328    0  344 6032.00000 5191.18328  13.9%     -    4s
     0     0 5191.18660    0  189 6032.00000 5191.18660  13.9%     -    4s
     0     2 5191.20771    0  171 6032.00000 5191.20771  13.9%     -    4s
    13    25 5195.66107    4  384 6032.00000 5193.80000  13.9%   596    5s
H   77    85                    5776.0000000 5193.80000  10.1%   392    5s
H  129   134                    5740.0000000 5193.80000  9.52%   305    5s
   824   670 5325.28668   11  259 5740.00000 5197.00389  9.46%   179   10s
  1774  1166 5424.16102   14   32 5740.00000 5213.52371  9.17%   184   15s
  1789  1176 5589.38268   35  429 5740.00000 5236.54694  8.77%   182   20s
  1807  1188 5702.08506   30  359 5740.00000 5247.84846  8.57%   180   25s
H 1938  1214                    5660.0000000 5249.19650  7.26%   202   28s
  2062  1266 5268.37248   21  249 5660.00000 5249.19650  7.26%   206   30s
  2824  1453 5422.29227   44  157 5660.00000 5258.10517  7.10%   204   35s
  4199  1386 5555.17718   30  197 5660.00000 5289.31100  6.55%   195   40s
  5822  1285 5401.54298   21  233 5660.00000 5359.50222  5.31%   189   45s
  7084  1455 5631.78251   45   69 5660.00000 5418.94916  4.26%   185   50s
  8913  2003 5567.58858   32  176 5660.00000 5441.54573  3.86%   180   55s
*10124  2201              53    5639.0000000 5447.59658  3.39%   176   59s
 10528  2253     cutoff   28      5639.00000 5451.87599  3.32%   176   60s
 12996  2559     cutoff   35      5639.00000 5478.08305  2.85%   171   66s
 14495  2905 5563.15441   30  193 5639.00000 5495.40000  2.55%   170   70s
 16502  3218     cutoff   29      5639.00000 5506.00000  2.36%   169   75s
 18932  3565     cutoff   31      5639.00000 5514.37736  2.21%   167   80s
 21032  3813 5611.12513   46  168 5639.00000 5521.63569  2.08%   166   86s
 22793  4018 5611.87897   29  182 5639.00000 5524.55531  2.03%   165   90s
 23877  4160     cutoff   41      5639.00000 5526.57630  1.99%   164   95s
*24587  4124              61    5636.0000000 5526.86413  1.94%   163   95s
 25254  4184 5546.27463   39  278 5636.00000 5528.02878  1.92%   163  101s
 27519  4050     cutoff   34      5636.00000 5531.40492  1.86%   162  106s
 29869  3827     cutoff   41      5636.00000 5535.99747  1.77%   161  112s
 31121  3663 5622.84078   29  146 5636.00000 5538.00983  1.74%   160  115s
 33666  3180 infeasible   26      5636.00000 5544.41379  1.63%   159  121s
 36250  2504     cutoff   33      5636.00000 5551.73040  1.50%   158  127s
 37490  2145 5624.56972   35  194 5636.00000 5556.46641  1.41%   158  130s
 40243  1130     cutoff   29      5636.00000 5571.16471  1.15%   157  136s
 43186   784 infeasible   38      5636.00000 5587.58127  0.86%   154  140s
 49490   378 5630.00000   52    1 5636.00000 5602.52174  0.59%   137  145s
 58246   510     cutoff   54      5636.00000 5630.00000  0.11%   118  151s
 71978   483 5630.00000   57    6 5636.00000 5630.00000  0.11%  97.5  155s
 77316    57     cutoff   63      5636.00000 5630.00000  0.11%  91.6  160s

Cutting planes:
  Learned: 4
  Gomory: 8
  Cover: 819
  Implied bound: 80
  Projected implied bound: 7
  MIR: 520
  StrongCG: 54
  Flow cover: 794
  Inf proof: 3
  Zero half: 32
  Network: 3
  RLT: 1
  Relax-and-lift: 64

Explored 82849 nodes (7134409 simplex iterations) in 160.86 seconds (94.01 work units)
Thread count was 12 (of 12 available processors)

Solution count 10: 5636 5636 5639 ... 6152

Optimal solution found (tolerance 0.00e+00)
Best objective 5.636000000000e+03, best bound 5.636000000000e+03, gap 0.0000%
