
Gurobi 12.0.0 (win64) logging started Tue Feb 24 22:58:26 2026

Set parameter LogFile to value "Storage_orig/Logs/log______Sens_gamma_1000_2026_02_24_22_58_26.log"
Set parameter MIPGap to value 0.005
Set parameter OutputFlag to value 1
Gurobi Optimizer version 12.0.0 build v12.0.0rc1 (win64 - Windows 11+.0 (26200.2))

CPU model: Intel(R) Core(TM) i7-9750H CPU @ 2.60GHz, instruction set [SSE2|AVX|AVX2]
Thread count: 6 physical cores, 12 logical processors, using up to 12 threads

Non-default parameters:
MIPGap  0.005
MIPFocus  2

Optimize a model with 5520 rows, 1080 columns and 14632 nonzeros
Model fingerprint: 0x58ba853f
Variable types: 24 continuous, 1056 integer (720 binary)
Coefficient statistics:
  Matrix range     [2e-01, 1e+03]
  Objective range  [1e+01, 3e+03]
  Bounds range     [1e+00, 1e+00]
  RHS range        [1e+00, 1e+03]

User MIP start produced solution with objective 10032 (0.00s)
Loaded user MIP start with objective 10032

Presolve removed 3920 rows and 216 columns
Presolve time: 0.02s
Presolved: 1600 rows, 864 columns, 8604 nonzeros
Variable types: 24 continuous, 840 integer (600 binary)
Root relaxation presolve removed 4 rows and 0 columns
Root relaxation presolved: 1596 rows, 864 columns, 8564 nonzeros


Root relaxation: objective 7.745500e+03, 764 iterations, 0.02 seconds (0.02 work units)

    Nodes    |    Current Node    |     Objective Bounds      |     Work
 Expl Unexpl |  Obj  Depth IntInf | Incumbent    BestBd   Gap | It/Node Time

     0     0 7745.50003    0   31 10032.0000 7745.50003  22.8%     -    0s
     0     0 7767.11685    0   87 10032.0000 7767.11685  22.6%     -    0s
     0     0 7813.72507    0   73 10032.0000 7813.72507  22.1%     -    0s
     0     0 7813.72507    0   75 10032.0000 7813.72507  22.1%     -    0s
     0     0 8281.00000    0  152 10032.0000 8281.00000  17.5%     -    0s
     0     0 8451.02543    0  162 10032.0000 8451.02543  15.8%     -    0s
     0     0 8534.67706    0  152 10032.0000 8534.67706  14.9%     -    0s
     0     0 8597.12500    0  151 10032.0000 8597.12500  14.3%     -    0s
     0     0 8654.92500    0  170 10032.0000 8654.92500  13.7%     -    0s
     0     0 8657.70000    0  179 10032.0000 8657.70000  13.7%     -    0s
     0     0 8657.70000    0  178 10032.0000 8657.70000  13.7%     -    0s
     0     0 9109.99557    0  213 10032.0000 9109.99557  9.19%     -    0s
     0     0 9215.93110    0  238 10032.0000 9215.93110  8.13%     -    0s
     0     0 9252.57137    0  263 10032.0000 9252.57137  7.77%     -    0s
     0     0 9253.15550    0  274 10032.0000 9253.15550  7.76%     -    0s
     0     0 9253.24645    0  261 10032.0000 9253.24645  7.76%     -    0s
     0     0 9618.93999    0  266 10032.0000 9618.93999  4.12%     -    1s
     0     0 9637.94373    0  268 10032.0000 9637.94373  3.93%     -    1s
     0     0 9639.38890    0  293 10032.0000 9639.38890  3.91%     -    1s
     0     0 9639.53929    0  298 10032.0000 9639.53929  3.91%     -    1s
     0     0 9782.92990    0  298 10032.0000 9782.92990  2.48%     -    1s
     0     0 9782.92990    0  298 10032.0000 9782.92990  2.48%     -    1s
     0     0 9829.74931    0  259 10032.0000 9829.74931  2.02%     -    1s
     0     0 9834.66667    0  163 10032.0000 9834.66667  1.97%     -    1s
     0     0 9834.66667    0  173 10032.0000 9834.66667  1.97%     -    1s
     0     0 9872.01362    0  256 10032.0000 9872.01362  1.59%     -    2s
     0     0 9872.01362    0  254 10032.0000 9872.01362  1.59%     -    2s
     0     0 9886.67821    0  281 10032.0000 9886.67821  1.45%     -    2s
     0     0 9886.90281    0  244 10032.0000 9886.90281  1.45%     -    2s
     0     0 9886.90281    0   26 10032.0000 9886.90281  1.45%     -    2s
     0     0 9886.90281    0  111 10032.0000 9886.90281  1.45%     -    3s
     0     0 9886.90281    0  165 10032.0000 9886.90281  1.45%     -    3s
     0     0 9886.90281    0  156 10032.0000 9886.90281  1.45%     -    3s
     0     0 9886.90281    0  228 10032.0000 9886.90281  1.45%     -    3s
     0     0 9887.12553    0  231 10032.0000 9887.12553  1.44%     -    3s
     0     0 9887.12553    0  244 10032.0000 9887.12553  1.44%     -    3s
     0     0 9912.00000    0   30 10032.0000 9912.00000  1.20%     -    3s
     0     0 9912.47860    0  193 10032.0000 9912.47860  1.19%     -    3s
     0     0 9912.48995    0  260 10032.0000 9912.48995  1.19%     -    3s
     0     0 9912.49032    0  226 10032.0000 9912.49032  1.19%     -    3s
     0     0 9912.86233    0   18 10032.0000 9912.86233  1.19%     -    3s
     0     0 9912.86233    0  159 10032.0000 9912.86233  1.19%     -    4s
     0     0 9912.86233    0  255 10032.0000 9912.86233  1.19%     -    4s
     0     0 9912.86233    0  255 10032.0000 9912.86233  1.19%     -    4s
     0     0 9912.86233    0    3 10032.0000 9912.86233  1.19%     -    4s
     0     0 9912.86233    0  193 10032.0000 9912.86233  1.19%     -    4s
     0     0 9912.86233    0  243 10032.0000 9912.86233  1.19%     -    4s
     0     0 9912.97957    0  280 10032.0000 9912.97957  1.19%     -    4s
     0     0 9912.99868    0  294 10032.0000 9912.99868  1.19%     -    4s
     0     0 9913.11119    0  323 10032.0000 9913.11119  1.19%     -    4s
     0     0 9913.78187    0  275 10032.0000 9913.78187  1.18%     -    4s
     0     0 9913.78187    0   13 10032.0000 9913.78187  1.18%     -    5s
     0     0 9913.78187    0  136 10032.0000 9913.78187  1.18%     -    5s
     0     0 9913.78187    0  144 10032.0000 9913.78187  1.18%     -    5s
     0     0 9913.78187    0  142 10032.0000 9913.78187  1.18%     -    5s
     0     0 9952.00000    0   15 10032.0000 9952.00000  0.80%     -    5s
     0     0 9952.00000    0    2 10032.0000 9952.00000  0.80%     -    5s
     0     0 9952.09058    0  140 10032.0000 9952.09058  0.80%     -    5s
     0     0 9952.09058    0  167 10032.0000 9952.09058  0.80%     -    5s
     0     0 9952.09058    0  187 10032.0000 9952.09058  0.80%     -    5s
     0     0 9952.09058    0  151 10032.0000 9952.09058  0.80%     -    5s
     0     0 9952.09058    0   15 10032.0000 9952.09058  0.80%     -    5s
     0     0 9952.09058    0  117 10032.0000 9952.09058  0.80%     -    6s
     0     0 9952.09058    0  169 10032.0000 9952.09058  0.80%     -    6s
     0     0 9952.09058    0  168 10032.0000 9952.09058  0.80%     -    6s
     0     0 9952.09058    0  138 10032.0000 9952.09058  0.80%     -    6s
     0     0 9952.09058    0  163 10032.0000 9952.09058  0.80%     -    6s
     0     0 9952.09058    0  160 10032.0000 9952.09058  0.80%     -    6s
     0     0 9952.09058    0   14 10032.0000 9952.09058  0.80%     -    6s
     0     0 9952.09058    0  113 10032.0000 9952.09058  0.80%     -    6s
     0     0 9952.09058    0  140 10032.0000 9952.09058  0.80%     -    6s
     0     0 9952.09462    0  161 10032.0000 9952.09462  0.80%     -    6s
     0     0 9952.09697    0  181 10032.0000 9952.09697  0.80%     -    6s
     0     0 9952.10951    0  190 10032.0000 9952.10951  0.80%     -    6s
     0     0 9952.10951    0  162 10032.0000 9952.10951  0.80%     -    6s
     0     0 9952.10951    0   15 10032.0000 9952.10951  0.80%     -    6s
     0     0 9952.10951    0   99 10032.0000 9952.10951  0.80%     -    6s
     0     0 9952.10951    0  161 10032.0000 9952.10951  0.80%     -    7s
     0     0 9952.10951    0    2 10032.0000 9952.10951  0.80%     -    7s
     0     0 9952.10951    0   94 10032.0000 9952.10951  0.80%     -    7s
     0     0 9952.12516    0  178 10032.0000 9952.12516  0.80%     -    7s
     0     0 9952.12933    0  201 10032.0000 9952.12933  0.80%     -    7s
     0     0 9952.13516    0  175 10032.0000 9952.13516  0.80%     -    7s
     0     0 9952.13516    0  151 10032.0000 9952.13516  0.80%     -    7s
     0     2 9952.13748    0  151 10032.0000 9952.13748  0.80%     -    7s

Cutting planes:
  Learned: 5
  Gomory: 3
  Cover: 60
  Implied bound: 37
  Projected implied bound: 2
  Clique: 124
  MIR: 49
  StrongCG: 8
  Flow cover: 96
  Zero half: 27
  Network: 1
  RLT: 1
  Relax-and-lift: 6
  BQP: 12

Explored 41 nodes (31745 simplex iterations) in 7.57 seconds (3.77 work units)
Thread count was 12 (of 12 available processors)

Solution count 1: 10032 

Optimal solution found (tolerance 5.00e-03)
Best objective 1.003200000000e+04, best bound 1.003200000000e+04, gap 0.0000%
