
Gurobi 12.0.0 (win64) logging started Mon Feb 16 00:10:56 2026

Set parameter LogFile to value "Storage_orig/Logs/log______Sens_truck_cost_multiplier_0.5_2026_02_16_00_10_56.log"
Set parameter MIPGap to value 0.01
Set parameter OutputFlag to value 1
Set parameter TimeLimit to value 600
Read solution from file Storage_orig/Solutions/solved________2026_02_15_18_35_33.sol
Gurobi Optimizer version 12.0.0 build v12.0.0rc1 (win64 - Windows 11+.0 (26200.2))

CPU model: Intel(R) Core(TM) i7-9750H CPU @ 2.60GHz, instruction set [SSE2|AVX|AVX2]
Thread count: 6 physical cores, 12 logical processors, using up to 12 threads

Non-default parameters:
TimeLimit  600
MIPGap  0.01
MIPFocus  1

Optimize a model with 4170 rows, 840 columns and 11004 nonzeros
Model fingerprint: 0x26846090
Variable types: 18 continuous, 822 integer (570 binary)
Coefficient statistics:
  Matrix range     [2e-01, 1e+03]
  Objective range  [1e+01, 2e+03]
  Bounds range     [1e+00, 1e+00]
  RHS range        [1e+00, 1e+03]

Loaded user MIP start with objective 5182

Presolve removed 2940 rows and 192 columns
Presolve time: 0.05s
Presolved: 1230 rows, 648 columns, 6453 nonzeros
Variable types: 18 continuous, 630 integer (450 binary)

Root relaxation: objective 4.613467e+03, 482 iterations, 0.03 seconds (0.01 work units)

    Nodes    |    Current Node    |     Objective Bounds      |     Work
 Expl Unexpl |  Obj  Depth IntInf | Incumbent    BestBd   Gap | It/Node Time

     0     0 4613.46670    0   33 5182.00000 4613.46670  11.0%     -    0s
     0     0 4670.26675    0   58 5182.00000 4670.26675  9.88%     -    0s
     0     0 4674.96828    0   65 5182.00000 4674.96828  9.78%     -    0s
     0     0 4691.98001    0   59 5182.00000 4691.98001  9.46%     -    0s
     0     0 4692.91482    0   63 5182.00000 4692.91482  9.44%     -    0s
     0     0 4692.91606    0   63 5182.00000 4692.91606  9.44%     -    0s
     0     0 4848.58161    0  114 5182.00000 4848.58161  6.43%     -    0s
     0     0 4900.90069    0   93 5182.00000 4900.90069  5.42%     -    0s
     0     0 4906.52887    0  109 5182.00000 4906.52887  5.32%     -    0s
     0     0 4909.32224    0  111 5182.00000 4909.32224  5.26%     -    0s
     0     0 4909.32224    0  115 5182.00000 4909.32224  5.26%     -    0s
     0     0 4944.12438    0  147 5182.00000 4944.12438  4.59%     -    0s
     0     0 4956.10055    0  134 5182.00000 4956.10055  4.36%     -    1s
     0     0 4956.78026    0  109 5182.00000 4956.78026  4.35%     -    1s
     0     0 4957.52159    0  139 5182.00000 4957.52159  4.33%     -    1s
     0     0 4957.53303    0  165 5182.00000 4957.53303  4.33%     -    1s
     0     0 4957.88522    0  183 5182.00000 4957.88522  4.32%     -    1s
     0     0 4958.25007    0  102 5182.00000 4958.25007  4.32%     -    1s
     0     0 4958.46201    0  173 5182.00000 4958.46201  4.31%     -    1s
     0     0 4958.94711    0  192 5182.00000 4958.94711  4.30%     -    1s
     0     0 4959.13908    0  179 5182.00000 4959.13908  4.30%     -    1s
     0     0 4959.58895    0  172 5182.00000 4959.58895  4.29%     -    1s
     0     0 4959.68344    0  192 5182.00000 4959.68344  4.29%     -    1s
     0     0 4959.72614    0  214 5182.00000 4959.72614  4.29%     -    1s
     0     0 4959.74049    0  230 5182.00000 4959.74049  4.29%     -    1s
     0     0 4959.94362    0  232 5182.00000 4959.94362  4.29%     -    1s
     0     2 4959.94362    0  217 5182.00000 4959.94362  4.29%     -    2s
   364   355 5024.95394   34   46 5182.00000 4961.72853  4.25%  49.1    5s
  1618  1237 4994.53333   20  201 5182.00000 4970.21806  4.09%  35.3   10s
  1786  1341 4975.07045   17  103 5182.00000 4970.21806  4.09%  45.9   15s
  2972  1770 5007.83333   25   66 5182.00000 4972.29080  4.05%  47.1   20s
H 3021  1722                    5148.0000000 4972.29080  3.41%  47.0   20s
  5469  2583 4990.63540   30   26 5148.00000 4984.05729  3.18%  47.8   25s
  9434  4975 5007.16001   53   70 5148.00000 4984.19164  3.18%  45.9   30s
 12945  7017 infeasible   58      5148.00000 4984.21286  3.18%  43.2   35s
 18198  9823 5003.21667   31   43 5148.00000 4984.31988  3.18%  40.2   40s
 21481 11854 infeasible   54      5148.00000 4984.43604  3.18%  40.6   45s
 25887 13172     cutoff   25      5148.00000 4984.46154  3.18%  41.0   50s
 29417 14545 5013.70011   45   83 5148.00000 4984.46154  3.18%  42.2   56s
 32343 15580 4991.22625   40  103 5148.00000 4984.46154  3.18%  43.1   61s
 36106 16924 4999.54372   47  147 5148.00000 4984.46154  3.18%  43.8   66s
 38524 17553 5002.73333   39   77 5148.00000 4984.46154  3.18%  44.3   70s
 42221 19015 5002.48954   37   94 5148.00000 4984.46154  3.18%  45.2   75s
H43734 18786                    5111.0000000 4984.50704  2.47%  45.0   77s
 45221 19883 5065.37782   38   58 5111.00000 4984.52309  2.47%  44.8   80s
 48054 20614 5088.00000   30   30 5111.00000 4984.53327  2.47%  44.8   85s
 51712 22749 4989.85462   39   85 5111.00000 4984.58304  2.47%  44.7   91s
 55755 24887     cutoff   39      5111.00000 4984.58304  2.47%  44.3   96s
 59477 26284 5099.16754   43  133 5111.00000 4984.65073  2.47%  44.1  100s
 62696 26704 5042.73170   39  142 5111.00000 4985.46041  2.46%  44.7  105s
 65682 28331 4988.97767   39  108 5111.00000 4985.64696  2.45%  45.0  111s
 69459 29908 4988.76435   34  121 5111.00000 4986.11754  2.44%  45.0  116s
 72614 31834 4991.60945   51  117 5111.00000 4986.16152  2.44%  45.2  121s
 74970 32612     cutoff   52      5111.00000 4986.16152  2.44%  45.2  125s
 77689 34114     cutoff   42      5111.00000 4986.21316  2.44%  45.3  131s
 80231 35186 4990.67558   44   95 5111.00000 4986.71445  2.43%  45.6  135s
 83903 37412 5000.16451   40  131 5111.00000 4986.71445  2.43%  45.8  141s
 86740 38533 5088.25000   40  108 5111.00000 4986.71445  2.43%  46.1  145s
 90725 40380 4997.77310   40  118 5111.00000 4986.71445  2.43%  46.3  151s
 93078 41727 5008.37979   44  106 5111.00000 4986.71445  2.43%  46.6  155s
 97019 43790 4991.87054   47   72 5111.00000 4986.71445  2.43%  46.8  160s
 100657 45125 5031.36299   55   64 5111.00000 4986.71445  2.43%  47.1  166s
 102682 46072 4989.34088   41  132 5111.00000 4986.71445  2.43%  47.4  170s
 106057 47823 4987.36519   36   86 5111.00000 4986.71445  2.43%  47.9  175s
 107364 47952 5004.16444   43  134 5111.00000 4986.71445  2.43%  48.0  180s
 109819 49378 5003.00629   42  113 5111.00000 4986.71445  2.43%  48.5  186s
 111279 49969 4986.71445   34   80 5111.00000 4986.71445  2.43%  48.6  190s
 113993 51483     cutoff   54      5111.00000 4986.71445  2.43%  48.9  195s
 116748 52455 5109.86525   48   85 5111.00000 4986.71445  2.43%  49.2  200s
 120309 53800 5005.21220   38   81 5111.00000 4986.71445  2.43%  49.8  206s
 122883 54383     cutoff   45      5111.00000 4986.71445  2.43%  50.1  210s
 126001 55852 5001.04626   29   48 5111.00000 4986.99291  2.43%  50.2  215s
 131827 58719 5098.32256   41   77 5111.00000 4987.13755  2.42%  49.7  221s
 134870 59656     cutoff   41      5111.00000 4987.25010  2.42%  49.8  225s
 137957 61076 4997.60169   41  117 5111.00000 4987.25010  2.42%  50.1  231s
 140730 61862 5004.93752   41  103 5111.00000 4987.25475  2.42%  50.4  236s
 143495 63246 4994.39583   27   65 5111.00000 4987.25475  2.42%  50.8  241s
 146114 64500 5016.52132   53   37 5111.00000 4987.26090  2.42%  50.8  245s
 149481 65834 4991.28145   41  133 5111.00000 4987.32764  2.42%  50.6  250s
 152493 67199 5015.77665   41  131 5111.00000 4987.36519  2.42%  50.7  256s
 154468 67962 5003.13773   42  114 5111.00000 4987.36519  2.42%  50.9  260s
 158136 69545 5002.66906   33  145 5111.00000 4987.36519  2.42%  51.0  266s
 160804 70236 5021.76240   51   64 5111.00000 4987.36519  2.42%  51.1  270s
 161882 71171 5060.89250   51  102 5111.00000 4987.36519  2.42%  51.2  275s
 165048 72443     cutoff   43      5111.00000 4987.36519  2.42%  51.4  281s
 167589 73401 4989.22398   41  124 5111.00000 4987.36519  2.42%  51.6  285s
 170090 74501 4987.36519   35   84 5111.00000 4987.36519  2.42%  51.7  290s
 173754 76076     cutoff   49      5111.00000 4987.36519  2.42%  51.9  296s
 176193 76854 4991.00271   41  141 5111.00000 4987.36519  2.42%  52.1  300s
 179780 78199 5002.80000   35  143 5111.00000 4987.36519  2.42%  52.3  306s
 182303 79081 5003.71911   44  124 5111.00000 4987.36519  2.42%  52.5  311s
 184633 79919 4992.33182   46   54 5111.00000 4987.36519  2.42%  52.7  315s
 188245 81243 5094.00000   49   69 5111.00000 4987.36519  2.42%  52.9  322s
 190585 81858 infeasible   41      5111.00000 4987.36519  2.42%  53.2  326s
 192614 82799 infeasible   49      5111.00000 4987.36519  2.42%  53.3  331s
 195039 83745 4989.88785   44   96 5111.00000 4987.36519  2.42%  53.5  335s
 198721 85053 5003.04638   38   94 5111.00000 4987.36519  2.42%  53.8  342s
 201418 86234 infeasible   48      5111.00000 4987.39645  2.42%  53.7  346s
 203798 87235     cutoff   37      5111.00000 4987.45504  2.42%  53.6  350s
 207788 89083 5012.02455   45   83 5111.00000 4987.51622  2.42%  53.4  355s
 211104 90386 infeasible   50      5111.00000 4987.51722  2.42%  53.2  360s
 215214 92573 4995.65714   48   39 5111.00000 4987.51722  2.42%  53.1  365s
 220248 94667 5063.26516   35   95 5111.00000 4987.51722  2.42%  52.7  370s
 224604 96535 5007.48343   37  110 5111.00000 4987.51937  2.42%  52.5  376s
 227403 97252     cutoff   39      5111.00000 4987.51937  2.42%  52.3  380s
 227712 97342 4996.82255   36  117 5111.00000 4987.51937  2.42%  52.3  385s
 230739 98622 4998.75270   39  167 5111.00000 4987.56667  2.42%  52.2  390s
 233212 99822 5059.33333   40   46 5111.00000 4987.58367  2.41%  52.2  395s
 236245 101090 5072.49603   44   78 5111.00000 4987.58367  2.41%  52.2  401s
 238562 102135 4991.84848   38   92 5111.00000 4987.58367  2.41%  52.2  405s
 241112 103185 4997.89923   36  102 5111.00000 4987.58367  2.41%  52.3  410s
 245063 104753 4987.58367   36   81 5111.00000 4987.58367  2.41%  52.3  417s
 247519 106105 4999.76913   41  191 5111.00000 4987.58367  2.41%  52.4  421s
 250461 106944 5013.09787   44  149 5111.00000 4987.58367  2.41%  52.3  426s
 252404 107863 5013.99037   46  158 5111.00000 4987.58367  2.41%  52.4  430s
 255977 109283 infeasible   50      5111.00000 4987.58367  2.41%  52.4  436s
 258403 110064 5034.96128   59  116 5111.00000 4987.58367  2.41%  52.5  440s
 260751 110740     cutoff   39      5111.00000 4987.58367  2.41%  52.6  445s
 264480 112043 5070.28260   43   83 5111.00000 4987.58367  2.41%  52.7  452s
 266142 112777 5035.02333   41   41 5111.00000 4987.58367  2.41%  52.7  456s
 268759 114371 4992.55895   30   94 5111.00000 4987.60496  2.41%  52.7  461s
 271748 115251 4991.48887   35  143 5111.00000 4987.60592  2.41%  52.7  465s
 274001 116112 infeasible   34      5111.00000 4987.61191  2.41%  52.8  470s
 276790 117324 4997.65366   52   93 5111.00000 4987.63368  2.41%  52.8  475s
 280964 119199 5018.05966   45   86 5111.00000 4987.63368  2.41%  52.8  481s
 283369 120116 infeasible   39      5111.00000 4987.67195  2.41%  52.9  485s
 286993 121468 5015.36755   46  150 5111.00000 4987.67199  2.41%  52.9  491s
 289256 122156 5017.88341   46   95 5111.00000 4987.67199  2.41%  53.1  495s
 291331 122917     cutoff   50      5111.00000 4987.67199  2.41%  53.2  500s
 293718 123942 5008.57996   50  141 5111.00000 4987.67199  2.41%  53.3  505s
 297872 125561 infeasible   32      5111.00000 4987.67575  2.41%  53.4  511s
 300968 126652     cutoff   37      5111.00000 4987.69166  2.41%  53.3  515s
 303099 127612 5002.54242   34  139 5111.00000 4987.69843  2.41%  53.3  520s
 308134 129827 infeasible   43      5111.00000 4987.71591  2.41%  53.1  525s
 311081 131145 4993.68774   47  108 5111.00000 4987.71591  2.41%  52.9  530s
 316497 133426 5008.10562   43  123 5111.00000 4987.72155  2.41%  52.7  535s
 318892 134570 5007.37515   36  141 5111.00000 4987.76404  2.41%  52.7  540s
 321678 136052 5023.15202   39   66 5111.00000 4987.76432  2.41%  52.7  545s
 324712 137668 4994.65362   39   98 5111.00000 4987.76432  2.41%  52.7  550s
 328114 139178 4995.55396   38  137 5111.00000 4987.82105  2.41%  52.7  556s
 330689 139992     cutoff   41      5111.00000 4987.84077  2.41%  52.7  560s
 333387 141339 4992.20405   44   47 5111.00000 4987.90512  2.41%  52.7  566s
 335585 142503 4990.98403   43  131 5111.00000 4987.90512  2.41%  52.7  571s
 338420 143863     cutoff   52      5111.00000 4987.90512  2.41%  52.7  575s
 343354 146337 4990.19153   39  136 5111.00000 4987.90764  2.41%  52.6  581s
 345692 146639 4990.20418   32  148 5111.00000 4987.90839  2.41%  52.5  585s
 349365 148613 5016.04734   48  152 5111.00000 4987.90839  2.41%  52.3  591s
 353706 150462 4990.06847   37   97 5111.00000 4987.92427  2.41%  52.1  595s
 357197 151828 4990.97910   46  128 5111.00000 4987.92427  2.41%  52.0  600s

Cutting planes:
  Learned: 34
  Gomory: 6
  Cover: 222
  MIR: 199
  StrongCG: 9
  Flow cover: 207
  Inf proof: 1
  Zero half: 1
  Network: 2
  RLT: 10
  Relax-and-lift: 8

Explored 357764 nodes (18619045 simplex iterations) in 600.16 seconds (218.61 work units)
Thread count was 12 (of 12 available processors)

Solution count 3: 5111 5148 5182 

Time limit reached
Best objective 5.111000000000e+03, best bound 4.988000000000e+03, gap 2.4066%
