
Gurobi 12.0.0 (win64) logging started Tue Feb 17 01:08:49 2026

Set parameter LogFile to value "Storage_orig/Logs/log______Sens_gamma_750_2026_02_17_01_08_49.log"
Set parameter MIPGap to value 0.01
Set parameter OutputFlag to value 1
Set parameter TimeLimit to value 600
Gurobi Optimizer version 12.0.0 build v12.0.0rc1 (win64 - Windows 11+.0 (26200.2))

CPU model: Intel(R) Core(TM) i7-9750H CPU @ 2.60GHz, instruction set [SSE2|AVX|AVX2]
Thread count: 6 physical cores, 12 logical processors, using up to 12 threads

Non-default parameters:
TimeLimit  600
MIPGap  0.01
MIPFocus  1

Optimize a model with 4170 rows, 840 columns and 11004 nonzeros
Model fingerprint: 0x4fbe7fdc
Variable types: 18 continuous, 822 integer (570 binary)
Coefficient statistics:
  Matrix range     [2e-01, 1e+03]
  Objective range  [1e+01, 2e+03]
  Bounds range     [1e+00, 1e+00]
  RHS range        [1e+00, 1e+03]

User MIP start produced solution with objective 9092 (0.01s)
Loaded user MIP start with objective 9092

Presolve removed 2940 rows and 192 columns
Presolve time: 0.02s
Presolved: 1230 rows, 648 columns, 6453 nonzeros
Variable types: 18 continuous, 630 integer (450 binary)

Root relaxation: objective 7.295500e+03, 410 iterations, 0.01 seconds (0.01 work units)

    Nodes    |    Current Node    |     Objective Bounds      |     Work
 Expl Unexpl |  Obj  Depth IntInf | Incumbent    BestBd   Gap | It/Node Time

     0     0 7295.50003    0   29 9092.00000 7295.50003  19.8%     -    0s
     0     0 7308.28876    0   52 9092.00000 7308.28876  19.6%     -    0s
     0     0 7380.55989    0   53 9092.00000 7380.55989  18.8%     -    0s
     0     0 7388.66253    0   64 9092.00000 7388.66253  18.7%     -    0s
     0     0 7388.66253    0   71 9092.00000 7388.66253  18.7%     -    0s
     0     0 7924.29442    0  118 9092.00000 7924.29442  12.8%     -    0s
     0     0 8056.87870    0  124 9092.00000 8056.87870  11.4%     -    0s
     0     0 8060.87470    0  136 9092.00000 8060.87470  11.3%     -    0s
     0     0 8081.68174    0  144 9092.00000 8081.68174  11.1%     -    0s
     0     0 8128.57890    0  133 9092.00000 8128.57890  10.6%     -    0s
     0     0 8131.96810    0  152 9092.00000 8131.96810  10.6%     -    0s
     0     0 8140.88025    0  151 9092.00000 8140.88025  10.5%     -    0s
     0     0 8145.52786    0  131 9092.00000 8145.52786  10.4%     -    0s
     0     0 8145.53256    0  132 9092.00000 8145.53256  10.4%     -    0s
     0     0 8536.45135    0  173 9092.00000 8536.45135  6.11%     -    0s
     0     0 8683.58512    0  161 9092.00000 8683.58512  4.49%     -    0s
     0     0 8727.21223    0  199 9092.00000 8727.21223  4.01%     -    0s
     0     0 8767.77166    0  210 9092.00000 8767.77166  3.57%     -    0s
     0     0 8840.38107    0  177 9092.00000 8840.38107  2.77%     -    0s
     0     0 8840.38107    0  177 9092.00000 8840.38107  2.77%     -    0s
     0     0 8893.81277    0  163 9092.00000 8893.81277  2.18%     -    0s
     0     0 8895.08981    0  193 9092.00000 8895.08981  2.17%     -    0s
     0     0 8906.94186    0  183 9092.00000 8906.94186  2.04%     -    0s
     0     0 8906.94186    0  210 9092.00000 8906.94186  2.04%     -    0s
     0     0 8945.46284    0  221 9092.00000 8945.46284  1.61%     -    0s
     0     0 8957.41507    0  196 9092.00000 8957.41507  1.48%     -    0s
     0     0 8968.21621    0  164 9092.00000 8968.21621  1.36%     -    0s
     0     0 8968.47357    0  200 9092.00000 8968.47357  1.36%     -    0s
     0     0 8972.10484    0  174 9092.00000 8972.10484  1.32%     -    0s
     0     0 8972.10484    0  167 9092.00000 8972.10484  1.32%     -    0s
     0     0 8972.48148    0  140 9092.00000 8972.48148  1.31%     -    0s
     0     0 8972.48148    0   27 9092.00000 8972.48148  1.31%     -    1s
     0     0 8972.48148    0   56 9092.00000 8972.48148  1.31%     -    1s
     0     0 8972.48148    0  119 9092.00000 8972.48148  1.31%     -    1s
     0     0 8972.48148    0  124 9092.00000 8972.48148  1.31%     -    1s
     0     0 8972.48148    0  124 9092.00000 8972.48148  1.31%     -    1s
     0     0 8972.48148    0  139 9092.00000 8972.48148  1.31%     -    1s
     0     0 8972.48148    0  149 9092.00000 8972.48148  1.31%     -    1s
     0     0 8972.48148    0  142 9092.00000 8972.48148  1.31%     -    1s
     0     0 8972.48148    0  136 9092.00000 8972.48148  1.31%     -    1s
     0     0 8972.48148    0  154 9092.00000 8972.48148  1.31%     -    1s
     0     0 8972.48148    0  169 9092.00000 8972.48148  1.31%     -    1s
     0     0 8972.48148    0  120 9092.00000 8972.48148  1.31%     -    1s
     0     0 8973.11368    0  140 9092.00000 8973.11368  1.31%     -    1s
     0     0 8973.29522    0  143 9092.00000 8973.29522  1.31%     -    1s
     0     0 8973.34006    0  160 9092.00000 8973.34006  1.31%     -    1s
     0     0 8973.34006    0  138 9092.00000 8973.34006  1.31%     -    1s
     0     0 8976.73125    0  169 9092.00000 8976.73125  1.27%     -    1s
     0     0 8976.73125    0  164 9092.00000 8976.73125  1.27%     -    1s
     0     0 8976.73125    0  185 9092.00000 8976.73125  1.27%     -    1s
     0     0 8983.25038    0  231 9092.00000 8983.25038  1.20%     -    1s
     0     0 8985.00000    0  179 9092.00000 8985.00000  1.18%     -    1s
     0     0 8985.00000    0  169 9092.00000 8985.00000  1.18%     -    1s
     0     0 8985.00000    0  165 9092.00000 8985.00000  1.18%     -    1s
     0     0 8985.00000    0  216 9092.00000 8985.00000  1.18%     -    1s
     0     0 8985.00000    0  212 9092.00000 8985.00000  1.18%     -    1s
     0     0 8985.00000    0   43 9092.00000 8985.00000  1.18%     -    1s
     0     2 8985.00000    0   31 9092.00000 8985.00000  1.18%     -    2s

Cutting planes:
  Learned: 2
  Gomory: 3
  Cover: 133
  Implied bound: 9
  Clique: 97
  MIR: 143
  StrongCG: 13
  Flow cover: 62
  Zero half: 4
  Network: 1
  RLT: 4
  Relax-and-lift: 16
  BQP: 1

Explored 277 nodes (39946 simplex iterations) in 2.97 seconds (1.72 work units)
Thread count was 12 (of 12 available processors)

Solution count 1: 9092 

Optimal solution found (tolerance 1.00e-02)
Best objective 9.092000000000e+03, best bound 9.012000000000e+03, gap 0.8799%
