
Gurobi 12.0.0 (win64) logging started Sun Feb 15 18:32:45 2026

Set parameter LogFile to value "Storage_orig/Logs/log_____________2026_02_15_18_32_45.log"
Set parameter MIPGap to value 0.01
Set parameter OutputFlag to value 1
Gurobi Optimizer version 12.0.0 build v12.0.0rc1 (win64 - Windows 11+.0 (26200.2))

CPU model: Intel(R) Core(TM) i7-9750H CPU @ 2.60GHz, instruction set [SSE2|AVX|AVX2]
Thread count: 6 physical cores, 12 logical processors, using up to 12 threads

Non-default parameters:
MIPGap  0.01
MIPFocus  1

Optimize a model with 4170 rows, 840 columns and 11004 nonzeros
Model fingerprint: 0x263f6e53
Variable types: 18 continuous, 822 integer (570 binary)
Coefficient statistics:
  Matrix range     [2e-01, 1e+03]
  Objective range  [1e+01, 2e+03]
  Bounds range     [1e+00, 1e+00]
  RHS range        [1e+00, 1e+03]
Found heuristic solution: objective 18900.000000
Presolve removed 2940 rows and 192 columns
Presolve time: 0.07s
Presolved: 1230 rows, 648 columns, 6453 nonzeros
Variable types: 18 continuous, 630 integer (450 binary)

Root relaxation: objective 5.317500e+03, 407 iterations, 0.02 seconds (0.01 work units)

    Nodes    |    Current Node    |     Objective Bounds      |     Work
 Expl Unexpl |  Obj  Depth IntInf | Incumbent    BestBd   Gap | It/Node Time

     0     0 5317.50003    0   31 18900.0000 5317.50003  71.9%     -    0s
H    0     0                    17914.000000 5317.50003  70.3%     -    0s
H    0     0                    16814.000000 5317.50003  68.4%     -    0s
H    0     0                    14820.000000 5317.50003  64.1%     -    0s
H    0     0                    14220.000000 5317.50003  62.6%     -    0s
H    0     0                    12460.000000 5318.00012  57.3%     -    0s
H    0     0                    11860.000000 5318.00012  55.2%     -    0s
H    0     0                    11720.000000 5318.00012  54.6%     -    0s
     0     0 5318.00012    0   73 11720.0000 5318.00012  54.6%     -    0s
H    0     0                    11700.000000 5318.14286  54.5%     -    0s
H    0     0                    10820.000000 5318.14286  50.8%     -    0s
     0     0 5318.14286    0   63 10820.0000 5318.14286  50.8%     -    0s
     0     0 5324.82262    0   62 10820.0000 5324.82262  50.8%     -    0s
     0     0 5324.83453    0   70 10820.0000 5324.83453  50.8%     -    0s
     0     0 5324.83453    0   70 10820.0000 5324.83453  50.8%     -    0s
H    0     0                    10501.000000 5408.58104  48.5%     -    0s
     0     0 5412.20322    0  104 10501.0000 5412.20322  48.5%     -    0s
H    0     0                    9222.0000000 5412.20322  41.3%     -    0s
H    0     0                    9218.0000000 5412.20322  41.3%     -    0s
H    0     0                    9018.0000000 5412.20322  40.0%     -    0s
H    0     0                    8338.0000000 5412.20322  35.1%     -    0s
     0     0 5426.30778    0  107 8338.00000 5426.30778  34.9%     -    0s
     0     0 5427.11105    0  120 8338.00000 5427.11105  34.9%     -    0s
     0     0 5427.32588    0  130 8338.00000 5427.32588  34.9%     -    0s
     0     0 5427.32588    0  131 8338.00000 5427.32588  34.9%     -    0s
H    0     0                    7275.0000000 5427.32588  25.4%     -    0s
H    0     0                    7135.0000000 5427.32588  23.9%     -    0s
H    0     0                    6995.0000000 5427.32588  22.4%     -    0s
H    0     0                    6935.0000000 5427.32588  21.7%     -    0s
H    0     0                    6155.0000000 5427.32588  11.8%     -    0s
H    0     0                    6095.0000000 5458.49555  10.4%     -    1s
     0     0 5458.49555    0  147 6095.00000 5458.49555  10.4%     -    1s
     0     0 5463.84938    0  165 6095.00000 5463.84938  10.4%     -    1s
     0     0 5473.53913    0  157 6095.00000 5473.53913  10.2%     -    1s
     0     0 5480.89779    0  169 6095.00000 5480.89779  10.1%     -    1s
     0     0 5481.59441    0  184 6095.00000 5481.59441  10.1%     -    1s
     0     0 5484.69472    0  175 6095.00000 5484.69472  10.0%     -    1s
     0     0 5484.84902    0  198 6095.00000 5484.84902  10.0%     -    1s
     0     0 5484.96899    0  212 6095.00000 5484.96899  10.0%     -    1s
     0     0 5486.91627    0  203 6095.00000 5486.91627  10.0%     -    1s
     0     0 5487.07726    0  214 6095.00000 5487.07726  10.0%     -    1s
     0     0 5487.07726    0  225 6095.00000 5487.07726  10.0%     -    1s
H    0     0                    5702.0000000 5505.30419  3.45%     -    2s
H    0     0                    5642.0000000 5505.30419  2.42%     -    2s
     0     0 5505.30419    0  217 5642.00000 5505.30419  2.42%     -    2s
     0     0 5511.72567    0  215 5642.00000 5511.72567  2.31%     -    2s
     0     0 5518.63429    0  203 5642.00000 5518.63429  2.19%     -    2s
     0     0 5518.81626    0  210 5642.00000 5518.81626  2.18%     -    2s
     0     0 5518.81626    0  202 5642.00000 5518.81626  2.18%     -    2s
     0     0 5519.74346    0  166 5642.00000 5519.74346  2.17%     -    3s
     0     2 5519.74346    0  153 5642.00000 5519.74346  2.17%     -    4s
    83    94 5541.33214   16   74 5642.00000 5522.00120  2.13%  80.0    5s
  1305   822 5630.27778   11   39 5642.00000 5524.86498  2.08%  35.9   10s
  1858  1086 5535.00000   18  168 5642.00000 5535.00000  1.90%  35.6   15s
  2277  1118 5570.38726   22  144 5642.00000 5536.50000  1.87%  49.7   20s
  4303   512 5588.90909   21   57 5642.00000 5576.59375  1.16%  50.3   25s

Cutting planes:
  Learned: 19
  Gomory: 3
  Cover: 255
  Implied bound: 10
  Clique: 22
  MIR: 157
  StrongCG: 13
  Flow cover: 185
  GUB cover: 1
  Inf proof: 2
  Zero half: 7
  Network: 3
  RLT: 4
  Relax-and-lift: 15
  BQP: 1

Explored 5178 nodes (260565 simplex iterations) in 26.54 seconds (6.22 work units)
Thread count was 12 (of 12 available processors)

Solution count 10: 5642 5702 6095 ... 9018

Optimal solution found (tolerance 1.00e-02)
Best objective 5.642000000000e+03, best bound 5.588000000000e+03, gap 0.9571%
