
Gurobi 12.0.0 (win64) logging started Mon Feb 16 00:21:39 2026

Set parameter LogFile to value "Storage_orig/Logs/log______Sens_truck_cost_multiplier_1.25_2026_02_16_00_21_39.log"
Set parameter MIPGap to value 0.01
Set parameter OutputFlag to value 1
Set parameter TimeLimit to value 600
Gurobi Optimizer version 12.0.0 build v12.0.0rc1 (win64 - Windows 11+.0 (26200.2))

CPU model: Intel(R) Core(TM) i7-9750H CPU @ 2.60GHz, instruction set [SSE2|AVX|AVX2]
Thread count: 6 physical cores, 12 logical processors, using up to 12 threads

Non-default parameters:
TimeLimit  600
MIPGap  0.01
MIPFocus  1

Optimize a model with 4170 rows, 840 columns and 11004 nonzeros
Model fingerprint: 0xca92c26b
Variable types: 18 continuous, 822 integer (570 binary)
Coefficient statistics:
  Matrix range     [2e-01, 1e+03]
  Objective range  [1e+01, 2e+03]
  Bounds range     [1e+00, 1e+00]
  RHS range        [1e+00, 1e+03]

User MIP start produced solution with objective 6097 (0.01s)
Loaded user MIP start with objective 6097

Presolve removed 2940 rows and 192 columns
Presolve time: 0.05s
Presolved: 1230 rows, 648 columns, 6453 nonzeros
Variable types: 18 continuous, 630 integer (450 binary)

Root relaxation: objective 5.742500e+03, 407 iterations, 0.02 seconds (0.01 work units)

    Nodes    |    Current Node    |     Objective Bounds      |     Work
 Expl Unexpl |  Obj  Depth IntInf | Incumbent    BestBd   Gap | It/Node Time

     0     0 5742.50003    0   31 6097.00000 5742.50003  5.81%     -    0s
     0     0 5743.00013    0   73 6097.00000 5743.00013  5.81%     -    0s
     0     0 5745.00013    0   76 6097.00000 5745.00013  5.77%     -    0s
     0     0 5785.42503    0   69 6097.00000 5785.42503  5.11%     -    0s
     0     0 5785.42503    0   59 6097.00000 5785.42503  5.11%     -    0s
     0     0 5785.42503    0   61 6097.00000 5785.42503  5.11%     -    0s
     0     0 5803.83264    0   89 6097.00000 5803.83264  4.81%     -    0s
     0     0 5834.02907    0   93 6097.00000 5834.02907  4.31%     -    0s
     0     0 5839.90906    0   99 6097.00000 5839.90906  4.22%     -    0s
     0     0 5841.26011    0   94 6097.00000 5841.26011  4.19%     -    0s
     0     0 5846.03052    0  125 6097.00000 5846.03052  4.12%     -    0s
     0     0 5848.26065    0  115 6097.00000 5848.26065  4.08%     -    0s
     0     0 5848.56659    0  118 6097.00000 5848.56659  4.07%     -    0s
     0     0 5848.56659    0  126 6097.00000 5848.56659  4.07%     -    0s
     0     0 5899.47586    0  174 6097.00000 5899.47586  3.24%     -    1s
     0     0 5905.73711    0  139 6097.00000 5905.73711  3.14%     -    1s
     0     0 5912.92186    0  163 6097.00000 5912.92186  3.02%     -    1s
     0     0 5916.46743    0  166 6097.00000 5916.46743  2.96%     -    1s
     0     0 5920.55667    0  200 6097.00000 5920.55667  2.89%     -    1s
     0     0 5921.48173    0  215 6097.00000 5921.48173  2.88%     -    1s
     0     0 5924.05185    0  232 6097.00000 5924.05185  2.84%     -    1s
     0     0 5924.91454    0  227 6097.00000 5924.91454  2.82%     -    1s
     0     0 5925.30973    0  231 6097.00000 5925.30973  2.82%     -    1s
     0     0 5926.08419    0  214 6097.00000 5926.08419  2.80%     -    1s
     0     0 5926.11656    0  216 6097.00000 5926.11656  2.80%     -    1s
     0     0 5930.80572    0  225 6097.00000 5930.80572  2.73%     -    1s
     0     0 5930.94268    0  239 6097.00000 5930.94268  2.72%     -    1s
     0     0 5931.01245    0  246 6097.00000 5931.01245  2.72%     -    1s
     0     0 5931.01537    0  250 6097.00000 5931.01537  2.72%     -    1s
     0     0 5947.68747    0  184 6097.00000 5947.68747  2.45%     -    1s
     0     0 5947.72071    0  187 6097.00000 5947.72071  2.45%     -    1s
     0     0 5947.75202    0  192 6097.00000 5947.75202  2.45%     -    1s
     0     0 5947.75202    0  196 6097.00000 5947.75202  2.45%     -    2s
     0     0 5947.76471    0   57 6097.00000 5947.76471  2.45%     -    2s
     0     2 5947.76471    0   57 6097.00000 5947.76471  2.45%     -    2s
   430   340 5971.02341   18   79 6097.00000 5948.84916  2.43%  58.1    5s
  1752  1198 5963.05185   24  234 6097.00000 5955.50000  2.32%  36.5   10s
  2522  1300     cutoff   21      6097.00000 5973.88400  2.02%  49.8   15s
  6913  1753 6009.37027   40   44 6097.00000 5999.61364  1.60%  38.5   20s
 11549  2242 6021.03279   33   67 6097.00000 6004.62092  1.52%  39.7   25s
 14163  2312 6014.35417   38   72 6097.00000 6005.91667  1.49%  41.7   30s
 19398  2498 6082.66667   35   55 6097.00000 6010.54637  1.42%  40.3   35s
 24123  2778 infeasible   39      6097.00000 6012.06667  1.39%  39.7   40s
 28822  3118 infeasible   31      6097.00000 6014.13333  1.36%  40.5   45s
 33509  3690 6048.45930   39   85 6097.00000 6015.33333  1.34%  39.6   50s
 39430  4037 infeasible   32      6097.00000 6015.97386  1.33%  39.2   55s
 44915  4313 6019.00000   33   35 6097.00000 6017.66667  1.30%  38.7   61s
 47941  5047 6022.66515   34   72 6097.00000 6018.38619  1.29%  38.9   65s
 53060  6031 6041.52144   40   88 6097.00000 6018.96639  1.28%  38.4   70s
 58578  7109 6038.06000   31   82 6097.00000 6019.55643  1.27%  37.7   75s
 63017  7945 infeasible   28      6097.00000 6020.13165  1.26%  37.4   80s
 70222  9932     cutoff   33      6097.00000 6020.87101  1.25%  35.7   85s
 76792 11626 6073.00962   48  112 6097.00000 6021.32157  1.24%  34.8   90s
 80394 12822 6024.26667   33   79 6097.00000 6021.55999  1.24%  34.4   95s
 88687 15266 6032.83333   50   57 6097.00000 6022.31222  1.22%  32.9  100s
 92949 16079 6030.53846   43   66 6097.00000 6022.36908  1.22%  33.5  105s
 100718 18109 6027.00000   39   27 6097.00000 6022.70599  1.22%  32.7  110s
 106329 20086 6030.23333   34   62 6097.00000 6023.11225  1.21%  32.2  115s
 113692 21465 6079.98208   39  114 6097.00000 6023.46046  1.21%  31.5  120s
 119816 23600 6030.46605   34   80 6097.00000 6023.86117  1.20%  30.9  125s
 126563 24873     cutoff   42      6097.00000 6024.41709  1.19%  30.4  130s
 135017 26756     cutoff   39      6097.00000 6024.73848  1.19%  29.6  135s
 139972 28167 6024.91307   32  129 6097.00000 6024.90961  1.18%  29.2  140s
 143441 28609 6027.70115   36   65 6097.00000 6025.11494  1.18%  29.2  145s
 149309 29462 6034.80984   39  113 6097.00000 6025.37435  1.17%  29.0  150s
 151245 29633 6034.80984   42  109 6097.00000 6025.53333  1.17%  29.0  155s
 156853 30333 infeasible   48      6097.00000 6026.06087  1.16%  28.9  160s
 165681 32798 infeasible   39      6097.00000 6026.49402  1.16%  28.4  165s
 172054 33413 6040.82986   39  107 6097.00000 6026.90923  1.15%  28.1  170s
 180361 35149 6092.06667   45  121 6097.00000 6027.27170  1.14%  27.8  175s
 186892 37106 6030.94972   34  117 6097.00000 6027.48276  1.14%  27.6  180s
 194040 38156 6044.39016   37  102 6097.00000 6027.95152  1.13%  27.5  185s
 199950 38406 6090.14380   37   47 6097.00000 6028.29412  1.13%  27.5  190s
 208137 40549 6046.00000   38   70 6097.00000 6028.53688  1.12%  27.1  195s
 214912 41546 infeasible   30      6097.00000 6028.93193  1.12%  27.0  200s
 220108 42062 infeasible   32      6097.00000 6029.17481  1.11%  27.0  205s
 226710 42573     cutoff   35      6097.00000 6029.63520  1.10%  27.0  210s
 233112 43814 6037.00364   48   58 6097.00000 6030.11380  1.10%  26.8  215s
 240794 45836 6074.05000   55   63 6097.00000 6030.53506  1.09%  26.5  220s
 251764 49763 6037.44444   42   49 6097.00000 6030.53846  1.09%  25.7  225s
 259474 51982 6046.32308   50   57 6097.00000 6030.53846  1.09%  25.2  233s
 259483 51988 6042.33292   35  240 6097.00000 6030.53846  1.09%  25.2  235s
 260149 52115 6030.53846   59   44 6097.00000 6030.53846  1.09%  25.4  240s
 263018 52384 6030.53846   49   33 6097.00000 6030.53846  1.09%  25.6  245s
 266938 52177 6030.53846   41   40 6097.00000 6030.53846  1.09%  25.7  250s
 271125 52022 6030.53846   47   82 6097.00000 6030.53846  1.09%  25.8  255s
 276363 51280     cutoff   40      6097.00000 6030.53846  1.09%  25.9  260s
 280482 50345     cutoff   49      6097.00000 6030.53846  1.09%  26.1  265s
 284993 48728 6030.53846   50   71 6097.00000 6030.53846  1.09%  26.3  270s
 288107 48442 6030.53846   45   48 6097.00000 6030.53846  1.09%  26.4  275s
 291831 47840 6065.10909   45   69 6097.00000 6030.53846  1.09%  26.8  280s
 295123 46795     cutoff   50      6097.00000 6030.53846  1.09%  27.1  285s
 299021 46119 6030.53846   52   78 6097.00000 6030.53846  1.09%  27.4  291s
 301326 45733 infeasible   46      6097.00000 6030.53846  1.09%  27.6  295s
 305038 44725 6079.00000   46   55 6097.00000 6030.53846  1.09%  28.0  300s
 308039 43676 6079.00000   43   57 6097.00000 6030.53846  1.09%  28.4  306s
 310800 42592     cutoff   44      6097.00000 6030.53846  1.09%  28.9  312s
 313485 41727 6030.53846   46   37 6097.00000 6030.53846  1.09%  29.2  316s
 315578 41314     cutoff   48      6097.00000 6030.53846  1.09%  29.3  320s
 320530 39869 6065.11881   44  108 6097.00000 6030.53846  1.09%  29.4  325s
 324365 38376 6065.85714   49   58 6097.00000 6030.53846  1.09%  29.6  330s
 327990 37107 6038.09107   52   90 6097.00000 6030.53846  1.09%  29.8  335s
 331477 36252 6064.00000   48   22 6097.00000 6030.53846  1.09%  29.9  340s
 335565 34963     cutoff   50      6097.00000 6030.53846  1.09%  30.0  345s
 340220 33248 6030.53846   50   27 6097.00000 6030.53846  1.09%  30.2  350s
 346585 32302 6030.53846   40   89 6097.00000 6030.53846  1.09%  30.1  356s
 351251 31533 6032.27819   47  111 6097.00000 6030.53846  1.09%  30.1  361s
 355222 30558     cutoff   51      6097.00000 6030.53846  1.09%  30.0  365s
 358911 29696 6063.99194   48   89 6097.00000 6030.53846  1.09%  30.0  370s
 365043 28107 6054.76667   46   42 6097.00000 6030.53846  1.09%  29.9  375s
 370860 26548 6046.00000   50   60 6097.00000 6030.53846  1.09%  29.8  380s
 374261 25588 6045.25000   50   64 6097.00000 6030.53846  1.09%  29.9  385s
 381435 23600 6090.18182   49   56 6097.00000 6030.53846  1.09%  29.7  390s
 386413 22009     cutoff   59      6097.00000 6032.33003  1.06%  29.7  395s
 392689 19409     cutoff   47      6097.00000 6033.88576  1.04%  29.7  401s

Cutting planes:
  Learned: 79
  Gomory: 5
  Cover: 290
  Implied bound: 3
  Clique: 26
  MIR: 267
  StrongCG: 13
  Flow cover: 270
  GUB cover: 1
  Inf proof: 8
  Zero half: 7
  RLT: 5
  Relax-and-lift: 18

Explored 396603 nodes (11756054 simplex iterations) in 403.65 seconds (134.75 work units)
Thread count was 12 (of 12 available processors)

Solution count 2: 6097 6097 

Optimal solution found (tolerance 1.00e-02)
Best objective 6.097000000000e+03, best bound 6.037000000000e+03, gap 0.9841%
