
Gurobi 12.0.0 (win64) logging started Sun Feb 15 19:29:04 2026

Set parameter LogFile to value "Storage_orig/Logs/log______Sens_truck_cost_multiplier_1.5_2026_02_15_19_29_04.log"
Set parameter MIPGap to value 0.01
Set parameter OutputFlag to value 1
Set parameter TimeLimit to value 600
Gurobi Optimizer version 12.0.0 build v12.0.0rc1 (win64 - Windows 11+.0 (26200.2))

CPU model: Intel(R) Core(TM) i7-9750H CPU @ 2.60GHz, instruction set [SSE2|AVX|AVX2]
Thread count: 6 physical cores, 12 logical processors, using up to 12 threads

Non-default parameters:
TimeLimit  600
MIPGap  0.01
MIPFocus  1

Optimize a model with 4170 rows, 840 columns and 11004 nonzeros
Model fingerprint: 0x19de7f1a
Variable types: 18 continuous, 822 integer (570 binary)
Coefficient statistics:
  Matrix range     [2e-01, 1e+03]
  Objective range  [1e+01, 2e+03]
  Bounds range     [1e+00, 1e+00]
  RHS range        [1e+00, 1e+03]

User MIP start produced solution with objective 6402 (0.03s)
Loaded user MIP start with objective 6402

Presolve removed 2940 rows and 192 columns
Presolve time: 0.04s
Presolved: 1230 rows, 648 columns, 6453 nonzeros
Variable types: 18 continuous, 630 integer (450 binary)

Root relaxation: objective 6.017500e+03, 407 iterations, 0.02 seconds (0.01 work units)

    Nodes    |    Current Node    |     Objective Bounds      |     Work
 Expl Unexpl |  Obj  Depth IntInf | Incumbent    BestBd   Gap | It/Node Time

     0     0 6017.50003    0   31 6402.00000 6017.50003  6.01%     -    0s
     0     0 6018.00013    0   73 6402.00000 6018.00013  6.00%     -    0s
     0     0 6018.14286    0   73 6402.00000 6018.14286  6.00%     -    0s
     0     0 6024.82262    0   51 6402.00000 6024.82262  5.89%     -    0s
     0     0 6024.82262    0   56 6402.00000 6024.82262  5.89%     -    0s
     0     0 6080.79902    0   86 6402.00000 6080.79902  5.02%     -    0s
     0     0 6111.36392    0  109 6402.00000 6111.36392  4.54%     -    0s
     0     0 6112.15533    0  108 6402.00000 6112.15533  4.53%     -    0s
     0     0 6113.42719    0  112 6402.00000 6113.42719  4.51%     -    0s
     0     0 6113.55187    0  118 6402.00000 6113.55187  4.51%     -    0s
     0     0 6113.55303    0  124 6402.00000 6113.55303  4.51%     -    0s
     0     0 6166.87472    0  205 6402.00000 6166.87472  3.67%     -    1s
     0     0 6179.84578    0  218 6402.00000 6179.84578  3.47%     -    1s
     0     0 6185.67349    0  215 6402.00000 6185.67349  3.38%     -    1s
H    0     0                    6389.0000000 6194.38504  3.05%     -    1s
     0     0 6194.38504    0  213 6389.00000 6194.38504  3.05%     -    1s
     0     0 6196.55884    0  208 6389.00000 6196.55884  3.01%     -    1s
     0     0 6200.20750    0  229 6389.00000 6200.20750  2.95%     -    1s
     0     0 6217.64923    0  202 6389.00000 6217.64923  2.68%     -    1s
     0     0 6222.00062    0   64 6389.00000 6222.00062  2.61%     -    1s
     0     0 6222.00063    0   58 6389.00000 6222.00063  2.61%     -    1s
H    0     0                    6386.0000000 6223.34438  2.55%     -    1s
     0     0 6223.34438    0  160 6386.00000 6223.34438  2.55%     -    1s
     0     0 6224.79233    0  155 6386.00000 6224.79233  2.52%     -    1s
     0     0 6224.81351    0  198 6386.00000 6224.81351  2.52%     -    1s
     0     0 6224.88889    0  156 6386.00000 6224.88889  2.52%     -    1s
     0     0 6224.88889    0  153 6386.00000 6224.88889  2.52%     -    1s
     0     0 6224.88889    0   69 6386.00000 6224.88889  2.52%     -    2s
     0     2 6224.88889    0   58 6386.00000 6224.88889  2.52%     -    2s
   476   401 6317.16478   17   53 6386.00000 6232.21514  2.41%  52.9    5s
  1706  1134 6264.41511    7  210 6386.00000 6235.01569  2.36%  36.3   10s
  3255  1352     cutoff   27      6386.00000 6282.00000  1.63%  45.3   15s
  9739  4432 infeasible   29      6386.00000 6283.09699  1.61%  32.5   20s
 17063  7412 6285.48333   26   46 6386.00000 6283.23750  1.61%  32.4   25s
 23183 10020 6286.38158   34   83 6386.00000 6283.42083  1.61%  32.6   30s
 28544 12082     cutoff   40      6386.00000 6283.51905  1.60%  34.2   35s
 32808 14184 6283.83333   24   55 6386.00000 6283.60417  1.60%  35.5   40s
 39733 16309 6288.36728   33   73 6386.00000 6283.68750  1.60%  35.4   45s
 44674 18505 6312.75351   36   89 6386.00000 6283.77222  1.60%  35.9   50s
 49543 20594 infeasible   26      6386.00000 6283.83333  1.60%  36.8   56s
 54730 22536 6320.02500   34   51 6386.00000 6283.89444  1.60%  37.2   61s
 59375 23610     cutoff   34      6386.00000 6283.91667  1.60%  37.2   65s
 65789 26233 infeasible   41      6386.00000 6283.97573  1.60%  37.4   70s
 69686 27217 6285.18552   32   52 6386.00000 6284.01667  1.60%  37.4   75s
 75840 29243     cutoff   47      6386.00000 6284.08333  1.60%  37.5   80s
 82205 31095     cutoff   41      6386.00000 6284.16667  1.59%  37.4   85s
 87755 32576 6325.66667   44   30 6386.00000 6284.20000  1.59%  37.6   90s
 91600 33643 6284.75000   32   60 6386.00000 6284.22222  1.59%  37.8   95s
 96429 35002 6359.64196   41  147 6386.00000 6284.25000  1.59%  37.9  101s
 100135 35836     cutoff   40      6386.00000 6284.30000  1.59%  38.2  105s
 104176 36639 6314.23104   41   66 6386.00000 6284.34259  1.59%  38.4  110s
 109155 37898     cutoff   40      6386.00000 6284.38333  1.59%  39.0  115s
 112524 38514 6312.75000   43   63 6386.00000 6284.44444  1.59%  39.3  120s
 117505 39820     cutoff   45      6386.00000 6284.44444  1.59%  39.8  126s
 121442 40171 infeasible   44      6386.00000 6284.44444  1.59%  40.1  130s
 126146 41312 6347.50000   46   35 6386.00000 6284.52719  1.59%  40.5  135s
 130951 43007 6289.83276   29  124 6386.00000 6284.56667  1.59%  40.2  140s
 135306 44221 6287.04165   37  125 6386.00000 6284.58417  1.59%  40.6  145s
 139813 45740 6304.23311   36   67 6386.00000 6284.61905  1.59%  40.7  151s
 142759 46557 6362.13122   45   74 6386.00000 6284.61905  1.59%  41.1  155s
 148547 48754 6285.79762   30   43 6386.00000 6284.73333  1.59%  41.1  160s
 152336 49510 6327.63327   44   57 6386.00000 6284.75000  1.59%  41.1  165s
 156657 50377 6286.40000   37   47 6386.00000 6284.75000  1.59%  41.5  170s
 159236 50720     cutoff   47      6386.00000 6284.75000  1.59%  41.8  175s
 163383 51460     cutoff   37      6386.00000 6284.75000  1.59%  42.2  181s
 166632 52368 6285.92857   34   65 6386.00000 6284.78571  1.58%  42.4  185s
 171625 53356 6292.91071   37   60 6386.00000 6284.83333  1.58%  42.6  191s
 175073 54351 infeasible   42      6386.00000 6284.83333  1.58%  42.8  195s
 180253 55278 infeasible   27      6386.00000 6284.90278  1.58%  42.9  201s
 183256 56537     cutoff   33      6386.00000 6284.93333  1.58%  43.1  207s
 186735 56987 6312.49418   41  106 6386.00000 6284.93333  1.58%  43.2  210s
 190990 57750     cutoff   31      6386.00000 6284.93333  1.58%  43.5  215s
 196306 58677     cutoff   38      6386.00000 6284.98571  1.58%  43.7  221s
 199869 59370 6342.53472   38   33 6386.00000 6285.00000  1.58%  43.9  226s
 202648 60213 6308.89724   42  123 6386.00000 6285.05556  1.58%  43.9  230s
 207965 61403     cutoff   41      6386.00000 6285.09048  1.58%  44.1  236s
 211394 62180 6285.66667   38   51 6386.00000 6285.11667  1.58%  44.3  240s
 215396 62765     cutoff   44      6386.00000 6285.14286  1.58%  44.4  245s
 220314 63708 infeasible   37      6386.00000 6285.16667  1.58%  44.5  250s
 223798 64368 6316.11804   39  109 6386.00000 6285.20000  1.58%  44.7  255s
 227945 64969     cutoff   36      6386.00000 6285.27381  1.58%  44.8  260s
 233024 65915     cutoff   43      6386.00000 6285.30000  1.58%  45.0  266s
 236355 66380 6346.20000   33   58 6386.00000 6285.32418  1.58%  45.1  270s
 239880 67142     cutoff   43      6386.00000 6285.38462  1.58%  45.3  276s
 243598 67709 6305.59945   42  102 6386.00000 6285.43333  1.57%  45.4  280s
 247418 68304     cutoff   35      6386.00000 6285.45513  1.57%  45.6  285s
 251424 69250 6296.87665   33   57 6386.00000 6285.48333  1.57%  45.7  290s
 255824 70982     cutoff   50      6386.00000 6285.48333  1.57%  45.6  296s
 260049 72662 infeasible   39      6386.00000 6285.48333  1.57%  45.6  301s
 264487 73242 6301.21795   40   71 6386.00000 6285.52502  1.57%  45.5  305s
 267532 74169     cutoff   44      6386.00000 6285.53571  1.57%  45.5  310s
 272298 75222 6303.19208   34   75 6386.00000 6285.53846  1.57%  45.5  315s
 276468 75994     cutoff   23      6386.00000 6285.58221  1.57%  45.6  321s
 279946 76463 infeasible   36      6386.00000 6285.62500  1.57%  45.8  325s
 283913 76825 infeasible   40      6386.00000 6285.66667  1.57%  46.0  330s
 287948 77404     cutoff   39      6386.00000 6285.66667  1.57%  46.2  336s
 291730 77896     cutoff   40      6386.00000 6285.66667  1.57%  46.3  340s
 295059 78570 6300.95353   42  125 6386.00000 6285.66667  1.57%  46.4  345s
 299189 79093 6325.66667   42   44 6386.00000 6285.70118  1.57%  46.5  350s
 302517 79491 infeasible   28      6386.00000 6285.72778  1.57%  46.6  355s
 303746 79786 6356.28571   38   78 6386.00000 6285.73333  1.57%  46.7  360s
 308127 80569 6286.82545   35   87 6386.00000 6285.75000  1.57%  46.8  365s
 312059 81788 6286.70000   32   70 6386.00000 6285.75000  1.57%  46.9  370s
 315716 82558 6358.40000   44   32 6386.00000 6285.75000  1.57%  46.9  375s
 320439 83228 infeasible   34      6386.00000 6285.78571  1.57%  47.1  380s
 324082 83902 6287.68326   26   76 6386.00000 6285.80948  1.57%  47.1  385s
 327464 84659 6345.33333   41   99 6386.00000 6285.83333  1.57%  47.2  390s
 330787 85152 6287.23308   32  124 6386.00000 6285.85000  1.57%  47.3  395s
 334708 85756 6326.52500   37   56 6386.00000 6285.85000  1.57%  47.4  400s
 340141 86743 6318.50506   44   93 6386.00000 6285.87037  1.57%  47.5  406s
 343601 87349     cutoff   37      6386.00000 6285.89583  1.57%  47.6  411s
 347226 87693 infeasible   39      6386.00000 6285.92707  1.57%  47.7  415s
 350706 87993 6317.50000   33   47 6386.00000 6285.92857  1.57%  47.9  420s
 352962 88693     cutoff   40      6386.00000 6285.93000  1.57%  47.9  425s
 358744 89604 6307.18984   34   84 6386.00000 6285.97692  1.57%  48.0  431s
 363000 90184     cutoff   41      6386.00000 6286.00000  1.57%  48.1  436s
 366669 90824 6357.86364   38   72 6386.00000 6286.01923  1.57%  48.1  440s
 371671 91484 6319.40235   41  101 6386.00000 6286.03333  1.57%  48.2  446s
 374735 92088     cutoff   39      6386.00000 6286.05682  1.57%  48.3  450s
 378134 92574 6287.92712   35   70 6386.00000 6286.08333  1.56%  48.3  455s
 381874 93090 infeasible   37      6386.00000 6286.08571  1.56%  48.4  460s
 386925 93736 6290.18142   31   65 6386.00000 6286.12500  1.56%  48.5  466s
 389225 94023 6293.81250   39   64 6386.00000 6286.12500  1.56%  48.5  470s
 392886 94525 6307.92667   42   39 6386.00000 6286.14615  1.56%  48.6  476s
 397166 95100 6297.35536   28  122 6386.00000 6286.18182  1.56%  48.7  480s
 400942 95531     cutoff   35      6386.00000 6286.19048  1.56%  48.7  486s
 404462 96008 6317.50000   24   48 6386.00000 6286.20000  1.56%  48.9  491s
 406785 96452 6358.90849   37  136 6386.00000 6286.20000  1.56%  48.9  495s
 410364 97048 6329.48387   40   81 6386.00000 6286.24204  1.56%  48.9  500s
 416582 98094 6294.63333   37   57 6386.00000 6286.26169  1.56%  48.9  506s
 420602 98319 6307.60635   34   23 6386.00000 6286.30000  1.56%  49.0  510s
 422193 98973 6286.88826   34   95 6386.00000 6286.30050  1.56%  49.0  517s
 426816 99399 6295.96289   31  100 6386.00000 6286.35714  1.56%  49.0  521s
 430817 100093     cutoff   38      6386.00000 6286.37179  1.56%  49.1  525s
 435454 100884 6322.97500   38   52 6386.00000 6286.40000  1.56%  49.2  531s
 439573 101497 6313.95972   35  113 6386.00000 6286.40000  1.56%  49.2  536s
 443319 102032 6364.46429   33   58 6386.00000 6286.40000  1.56%  49.2  540s
 447107 102582 6325.66667   41   47 6386.00000 6286.40000  1.56%  49.2  545s
 449877 103009 6287.36905   36   55 6386.00000 6286.40000  1.56%  49.3  551s
 453901 103841     cutoff   35      6386.00000 6286.44766  1.56%  49.3  555s
 457323 104608 6293.18421   39   77 6386.00000 6286.45238  1.56%  49.3  560s
 462218 105400 infeasible   31      6386.00000 6286.45238  1.56%  49.4  566s
 465760 105883 6293.66648   41   73 6386.00000 6286.51282  1.56%  49.5  570s
 469433 106264     cutoff   45      6386.00000 6286.54545  1.56%  49.6  575s
 472144 106863 6378.53125   37  104 6386.00000 6286.58287  1.56%  49.6  580s
 476313 107810     cutoff   42      6386.00000 6286.58333  1.56%  49.6  585s
 481052 109003 6287.28846   34   53 6386.00000 6286.58333  1.56%  49.7  591s
 484880 110091 6359.77383   40   82 6386.00000 6286.58333  1.56%  49.7  595s
 488508 111014 infeasible   37      6386.00000 6286.58333  1.56%  49.7  600s

Cutting planes:
  Learned: 8
  Gomory: 4
  Cover: 221
  Implied bound: 4
  Clique: 14
  MIR: 196
  StrongCG: 14
  Flow cover: 207
  Inf proof: 7
  Zero half: 6
  Network: 5
  RLT: 4
  Relax-and-lift: 21

Explored 489748 nodes (24361708 simplex iterations) in 600.24 seconds (202.34 work units)
Thread count was 12 (of 12 available processors)

Solution count 3: 6386 6389 6402 

Time limit reached
Best objective 6.386000000000e+03, best bound 6.287000000000e+03, gap 1.5503%
