
Gurobi 12.0.0 (win64) logging started Sun Feb 15 11:34:16 2026

Set parameter LogFile to value "Storage_orig/Logs/log______Sens_handling_time_0.3_2026_02_15_11_34_16.log"
Set parameter MIPGap to value 0.01
Set parameter OutputFlag to value 1
Gurobi Optimizer version 12.0.0 build v12.0.0rc1 (win64 - Windows 11+.0 (26200.2))

CPU model: Intel(R) Core(TM) i7-9750H CPU @ 2.60GHz, instruction set [SSE2|AVX|AVX2]
Thread count: 6 physical cores, 12 logical processors, using up to 12 threads

Non-default parameters:
MIPGap  0.01
MIPFocus  1

Optimize a model with 6604 rows, 1332 columns and 17992 nonzeros
Model fingerprint: 0x47cb165e
Variable types: 32 continuous, 1300 integer (724 binary)
Coefficient statistics:
  Matrix range     [3e-01, 1e+03]
  Objective range  [1e+01, 4e+03]
  Bounds range     [1e+00, 1e+00]
  RHS range        [1e+00, 1e+03]

User MIP start did not produce a new incumbent solution
User MIP start violates constraint Time_LB_1_4_1 by 1.300000000

Found heuristic solution: objective 15560.000000
Presolve removed 4892 rows and 228 columns
Presolve time: 0.03s
Presolved: 1712 rows, 1104 columns, 10516 nonzeros
Variable types: 32 continuous, 1072 integer (624 binary)

Root relaxation: objective 3.302840e+03, 836 iterations, 0.02 seconds (0.02 work units)

    Nodes    |    Current Node    |     Objective Bounds      |     Work
 Expl Unexpl |  Obj  Depth IntInf | Incumbent    BestBd   Gap | It/Node Time

     0     0 3302.84000    0   15 15560.0000 3302.84000  78.8%     -    0s
     0     0 3741.26469    0   46 15560.0000 3741.26469  76.0%     -    0s
H    0     0                    12323.000000 3741.26469  69.6%     -    0s
H    0     0                    12183.000000 3741.26469  69.3%     -    0s
H    0     0                    12043.000000 3741.26469  68.9%     -    0s
H    0     0                    11903.000000 3741.26469  68.6%     -    0s
H    0     0                    11023.000000 3741.26469  66.1%     -    0s
H    0     0                    10683.000000 3741.26469  65.0%     -    0s
H    0     0                    10003.000000 3741.26469  62.6%     -    0s
     0     0 3750.84408    0   51 10003.0000 3750.84408  62.5%     -    0s
     0     0 3750.84408    0   58 10003.0000 3750.84408  62.5%     -    0s
     0     0 3921.05157    0   91 10003.0000 3921.05157  60.8%     -    0s
     0     0 3932.40266    0   80 10003.0000 3932.40266  60.7%     -    0s
     0     0 3933.39193    0  112 10003.0000 3933.39193  60.7%     -    0s
     0     0 3933.70578    0   84 10003.0000 3933.70578  60.7%     -    0s
     0     0 3934.50368    0   94 10003.0000 3934.50368  60.7%     -    0s
     0     0 3934.50368    0   96 10003.0000 3934.50368  60.7%     -    0s
     0     0 3944.30000    0   28 10003.0000 3944.30000  60.6%     -    0s
H    0     0                    9663.0000000 3944.30000  59.2%     -    0s
     0     0 3946.40000    0   19 9663.00000 3946.40000  59.2%     -    0s
     0     0 3946.40000    0   21 9663.00000 3946.40000  59.2%     -    0s
     0     0 4239.08791    0   82 9663.00000 4239.08791  56.1%     -    0s
     0     0 4299.60822    0   28 9663.00000 4299.60822  55.5%     -    0s
     0     0 4302.85833    0   39 9663.00000 4302.85833  55.5%     -    0s
     0     0 4302.85833    0   41 9663.00000 4302.85833  55.5%     -    0s
     0     0 4353.25199    0   44 9663.00000 4353.25199  54.9%     -    0s
     0     2 4353.32581    0   37 9663.00000 4353.32581  54.9%     -    1s
H    8    14                    9559.0000000 4382.11692  54.2%   230    1s
H   33    37                    9551.0000000 4385.09677  54.1%   140    1s
H   36    48                    9131.0000000 4385.09677  52.0%   135    1s
H   59    76                    7435.0000000 4385.09677  41.0%   116    1s
H   64    76                    6369.0000000 4385.09677  31.1%   110    1s
H  103   109                    6190.0000000 4385.09677  29.2%  84.1    1s
H  136   149                    5993.0000000 4385.09677  26.8%  72.0    1s
H  136   149                    5811.0000000 4385.09677  24.5%  72.0    1s
H  283   268                    5674.0000000 4385.09677  22.7%  51.4    2s
H  390   329                    5671.0000000 4385.52314  22.7%  51.6    2s
  1595  1116 5414.50300   15   15 5671.00000 4391.00841  22.6%  39.1    5s
H 1762  1173                    5656.0000000 4449.89130  21.3%  45.8    9s
  1841  1212 4885.71297   27  176 5656.00000 4449.89130  21.3%  46.7   10s
H 1979  1161                    5570.0000000 4449.89130  20.1%  46.7   10s
H 2288  1118                    5456.0000000 4450.37350  18.4%  47.2   13s
  2582  1168 4821.88760   33  109 5456.00000 4455.62879  18.3%  54.7   15s
  3252  1435 4456.50000   28  102 5456.00000 4456.50000  18.3%  57.0   20s
  5025  2055 infeasible   40      5456.00000 4457.00000  18.3%  54.9   25s
  7001  3810 4677.25160   35   24 5456.00000 4463.74014  18.2%  54.3   30s
 12970  7963 infeasible   50      5456.00000 4621.37937  15.3%  46.8   35s
 21367 13499 infeasible   87      5456.00000 4639.71429  15.0%  42.1   40s
 27627 18185 5196.31207   76   53 5456.00000 4649.37117  14.8%  39.8   45s
 35633 24118 4724.29950   49   15 5456.00000 4655.11142  14.7%  37.4   50s
 45953 30538 5189.48868   72   91 5456.00000 4661.31500  14.6%  35.8   55s
 54977 37315 4821.88490   61   40 5456.00000 4664.60098  14.5%  34.5   60s
 62675 42445     cutoff   96      5456.00000 4666.20045  14.5%  33.9   65s
 72907 49513 5126.11605   68   19 5456.00000 4667.18469  14.5%  33.1   70s
 79280 53005 4803.86173   66  123 5456.00000 4668.15129  14.4%  32.9   75s
 86475 58226 5059.44054   57   57 5456.00000 4669.03061  14.4%  32.9   80s
 93612 61596 5007.33891   64   66 5456.00000 4669.45000  14.4%  32.6   85s
 99853 66504 5223.95255   91   43 5456.00000 4669.92705  14.4%  32.2   90s
 107701 70945 4721.64492   46  134 5456.00000 4670.76043  14.4%  31.6   95s
