
Gurobi 12.0.0 (win64) logging started Tue Feb 17 00:47:06 2026

Set parameter LogFile to value "Storage_orig/Logs/log______Sens_truck_cost_multiplier_2_2026_02_17_00_47_06.log"
Set parameter MIPGap to value 0.01
Set parameter OutputFlag to value 1
Set parameter TimeLimit to value 600
Gurobi Optimizer version 12.0.0 build v12.0.0rc1 (win64 - Windows 11+.0 (26200.2))

CPU model: Intel(R) Core(TM) i7-9750H CPU @ 2.60GHz, instruction set [SSE2|AVX|AVX2]
Thread count: 6 physical cores, 12 logical processors, using up to 12 threads

Non-default parameters:
TimeLimit  600
MIPGap  0.01
MIPFocus  1

Optimize a model with 4170 rows, 840 columns and 11004 nonzeros
Model fingerprint: 0xa87eb220
Variable types: 18 continuous, 822 integer (570 binary)
Coefficient statistics:
  Matrix range     [2e-01, 1e+03]
  Objective range  [1e+01, 2e+03]
  Bounds range     [1e+00, 1e+00]
  RHS range        [1e+00, 1e+03]
Found heuristic solution: objective 37800.000000
Presolve removed 2940 rows and 192 columns
Presolve time: 0.02s
Presolved: 1230 rows, 648 columns, 6453 nonzeros
Variable types: 18 continuous, 630 integer (450 binary)

Root relaxation: objective 6.567500e+03, 407 iterations, 0.01 seconds (0.01 work units)

    Nodes    |    Current Node    |     Objective Bounds      |     Work
 Expl Unexpl |  Obj  Depth IntInf | Incumbent    BestBd   Gap | It/Node Time

     0     0 6567.50003    0   31 37800.0000 6567.50003  82.6%     -    0s
H    0     0                    33484.000000 6567.50003  80.4%     -    0s
H    0     0                    31284.000000 6567.50003  79.0%     -    0s
H    0     0                    25570.000000 6567.50003  74.3%     -    0s
H    0     0                    24370.000000 6567.50003  73.1%     -    0s
H    0     0                    20850.000000 6568.00012  68.5%     -    0s
H    0     0                    19650.000000 6568.00012  66.6%     -    0s
H    0     0                    19370.000000 6568.00012  66.1%     -    0s
     0     0 6568.00012    0   76 19370.0000 6568.00012  66.1%     -    0s
H    0     0                    17964.000000 6568.14286  63.4%     -    0s
H    0     0                    17804.000000 6568.14286  63.1%     -    0s
H    0     0                    17524.000000 6568.14286  62.5%     -    0s
     0     0 6568.14286    0   87 17524.0000 6568.14286  62.5%     -    0s
     0     0 6574.00033    0   60 17524.0000 6574.00033  62.5%     -    0s
     0     0 6574.82262    0   57 17524.0000 6574.82262  62.5%     -    0s
     0     0 6574.82262    0   57 17524.0000 6574.82262  62.5%     -    0s
H    0     0                    13074.000000 6654.20019  49.1%     -    0s
H    0     0                    11994.000000 6654.20019  44.5%     -    0s
     0     0 6654.20019    0   90 11994.0000 6654.20019  44.5%     -    0s
     0     0 6667.81883    0  120 11994.0000 6667.81883  44.4%     -    0s
H    0     0                    10975.000000 6668.48542  39.2%     -    0s
     0     0 6668.48542    0  128 10975.0000 6668.48542  39.2%     -    0s
     0     0 6674.29282    0  111 10975.0000 6674.29282  39.2%     -    0s
H    0     0                    9495.0000000 6675.00927  29.7%     -    0s
     0     0 6675.00927    0  120 9495.00000 6675.00927  29.7%     -    0s
     0     0 6675.19427    0  120 9495.00000 6675.19427  29.7%     -    0s
     0     0 6675.24484    0  115 9495.00000 6675.24484  29.7%     -    0s
     0     0 6675.24484    0  115 9495.00000 6675.24484  29.7%     -    0s
H    0     0                    7012.0000000 6675.24484  4.80%     -    0s
     0     0 6702.03320    0  157 7012.00000 6702.03320  4.42%     -    0s
     0     0 6725.01716    0  160 7012.00000 6725.01716  4.09%     -    0s
     0     0 6726.20917    0  179 7012.00000 6726.20917  4.08%     -    0s
     0     0 6727.64370    0  176 7012.00000 6727.64370  4.06%     -    0s
     0     0 6728.72051    0  175 7012.00000 6728.72051  4.04%     -    0s
     0     0 6730.92280    0  195 7012.00000 6730.92280  4.01%     -    0s
     0     0 6732.08454    0  208 7012.00000 6732.08454  3.99%     -    0s
     0     0 6734.36050    0  195 7012.00000 6734.36050  3.96%     -    0s
     0     0 6737.80452    0  197 7012.00000 6737.80452  3.91%     -    0s
     0     0 6737.92561    0  215 7012.00000 6737.92561  3.91%     -    0s
     0     0 6737.93347    0  223 7012.00000 6737.93347  3.91%     -    0s
     0     0 6756.22912    0  136 7012.00000 6756.22912  3.65%     -    0s
     0     0 6758.89111    0  145 7012.00000 6758.89111  3.61%     -    0s
     0     0 6765.01659    0  170 7012.00000 6765.01659  3.52%     -    0s
     0     0 6767.30163    0  171 7012.00000 6767.30163  3.49%     -    0s
     0     0 6772.30329    0  141 7012.00000 6772.30329  3.42%     -    0s
     0     0 6772.49178    0  154 7012.00000 6772.49178  3.42%     -    0s
     0     0 6773.09593    0  164 7012.00000 6773.09593  3.41%     -    1s
     0     0 6773.24265    0  139 7012.00000 6773.24265  3.40%     -    1s
     0     0 6773.24265    0   96 7012.00000 6773.24265  3.40%     -    1s
     0     0 6778.50000    0  104 7012.00000 6778.50000  3.33%     -    1s
     0     2 6778.50000    0   74 7012.00000 6778.50000  3.33%     -    1s
H   40    45                    6956.0000000 6778.50000  2.55%   190    1s
  1043   726 6790.70506   14   48 6956.00000 6779.31459  2.54%  42.6    5s
  1874  1209 6852.08571   37  157 6956.00000 6852.08571  1.49%  51.3   10s
  4008  1453 infeasible   49      6956.00000 6854.89443  1.45%  40.9   15s
  7792  1657 infeasible   65      6956.00000 6856.48255  1.43%  34.3   20s
 14404  1877 infeasible   49      6956.00000 6860.40179  1.37%  31.7   25s
 21993  3133 6870.12943   55   65 6956.00000 6864.00000  1.32%  30.5   30s
 28701  3926 6876.33979   61  105 6956.00000 6867.18182  1.28%  30.6   35s
 35629  5401     cutoff   69      6956.00000 6868.07692  1.26%  30.2   40s
 44253  6500 infeasible   62      6956.00000 6868.90086  1.25%  28.5   45s
 53624  8101 6871.10909   53   38 6956.00000 6869.36364  1.25%  27.3   50s
 62345  7967 6915.18182   52   29 6956.00000 6870.26165  1.23%  26.5   55s
 70971  8955 6872.33190   63   37 6956.00000 6871.28268  1.22%  25.9   60s
 77335  9699 6876.22590   62   99 6956.00000 6871.76364  1.21%  25.7   65s
 86395  9906 6883.17657   67   53 6956.00000 6872.77618  1.20%  25.2   70s
 94309 10597     cutoff   61      6956.00000 6873.68399  1.18%  25.0   75s
 101561 11389 6877.08203   69   31 6956.00000 6874.22486  1.18%  24.7   80s
 112583 11910 6876.14167   54   59 6956.00000 6874.79754  1.17%  24.1   85s
 120288 12685 6928.44444   70   35 6956.00000 6875.21830  1.16%  24.0   90s
 127709 13107 6906.02283   74   59 6956.00000 6875.58182  1.16%  23.8   95s
 136923 13745 6910.60976   50   78 6956.00000 6876.60684  1.14%  23.7  100s
 145694 13967     cutoff   51      6956.00000 6877.42099  1.13%  23.6  105s
 148606 13933 6947.11947   68   74 6956.00000 6877.77158  1.12%  23.6  110s
 157708 14471 6882.30963   59   60 6956.00000 6878.49034  1.11%  23.6  115s
 164554 15230 infeasible   75      6956.00000 6879.08704  1.11%  23.6  120s
 172200 15724     cutoff   63      6956.00000 6879.54454  1.10%  23.4  125s
 179726 16584 6900.99361   63  124 6956.00000 6879.85589  1.09%  23.3  130s
 186861 16889     cutoff   66      6956.00000 6880.20588  1.09%  23.2  135s
 195049 16690     cutoff   62      6956.00000 6880.87000  1.08%  23.1  140s
 204594 17399     cutoff   64      6956.00000 6881.38451  1.07%  23.0  145s
 212946 17376 infeasible   66      6956.00000 6881.95105  1.06%  22.9  150s
 221755 17456 6883.02434   59   70 6956.00000 6882.53472  1.06%  22.9  155s
 230058 17302 6892.93007   67   84 6956.00000 6883.39556  1.04%  22.8  160s
 240430 17206     cutoff   70      6956.00000 6884.36667  1.03%  22.5  165s
 250918 16988 6895.37303   72   95 6956.00000 6885.20518  1.02%  22.2  170s
 260593 17138     cutoff   66      6956.00000 6885.70582  1.01%  21.9  175s

Cutting planes:
  Learned: 85
  Gomory: 1
  Cover: 197
  Clique: 9
  MIR: 134
  StrongCG: 11
  Flow cover: 165
  Inf proof: 17
  Zero half: 17
  Network: 1
  RLT: 9
  Relax-and-lift: 14

Explored 264623 nodes (5787065 simplex iterations) in 177.12 seconds (79.87 work units)
Thread count was 12 (of 12 available processors)

Solution count 10: 6956 6956 7012 ... 17964

Optimal solution found (tolerance 1.00e-02)
Best objective 6.956000000000e+03, best bound 6.887000000000e+03, gap 0.9919%
