
Gurobi 12.0.0 (win64) logging started Wed Feb 25 22:32:35 2026

Set parameter LogFile to value "Storage_orig/Logs/log_____________2026_02_25_22_32_35.log"
Set parameter MIPGap to value 0
Set parameter OutputFlag to value 1
Gurobi Optimizer version 12.0.0 build v12.0.0rc1 (win64 - Windows 11+.0 (26200.2))

CPU model: Intel(R) Core(TM) i7-9750H CPU @ 2.60GHz, instruction set [SSE2|AVX|AVX2]
Thread count: 6 physical cores, 12 logical processors, using up to 12 threads

Non-default parameters:
MIPGap  0
MIPFocus  2

Optimize a model with 5540 rows, 1032 columns and 14852 nonzeros
Model fingerprint: 0x782258e6
Variable types: 24 continuous, 1008 integer (720 binary)
Coefficient statistics:
  Matrix range     [2e-01, 1e+02]
  Objective range  [1e+01, 2e+03]
  Bounds range     [1e+00, 1e+00]
  RHS range        [1e+00, 2e+02]
Found heuristic solution: objective 18900.000000
Presolve removed 3940 rows and 168 columns
Presolve time: 0.03s
Presolved: 1600 rows, 864 columns, 8604 nonzeros
Variable types: 24 continuous, 840 integer (600 binary)
Root relaxation presolve removed 4 rows and 0 columns
Root relaxation presolved: 1596 rows, 864 columns, 8564 nonzeros


Root relaxation: objective 4.977000e+03, 839 iterations, 0.05 seconds (0.03 work units)

    Nodes    |    Current Node    |     Objective Bounds      |     Work
 Expl Unexpl |  Obj  Depth IntInf | Incumbent    BestBd   Gap | It/Node Time

     0     0 4977.00027    0   28 18900.0000 4977.00027  73.7%     -    0s
H    0     0                    12310.000000 4977.00027  59.6%     -    0s
H    0     0                    11332.000000 4977.00027  56.1%     -    0s
H    0     0                    10452.000000 4977.00027  52.4%     -    0s
H    0     0                    10212.000000 4977.77143  51.3%     -    0s
H    0     0                    9172.0000000 4977.77143  45.7%     -    0s
     0     0 4977.77143    0   76 9172.00000 4977.77143  45.7%     -    0s
     0     0 4978.80107    0   66 9172.00000 4978.80107  45.7%     -    0s
     0     0 5040.04150    0  135 9172.00000 5040.04150  45.0%     -    0s
     0     0 5043.80000    0  136 9172.00000 5043.80000  45.0%     -    0s
     0     0 5049.81794    0  142 9172.00000 5049.81794  44.9%     -    0s
     0     0 5049.81794    0  146 9172.00000 5049.81794  44.9%     -    0s
H    0     0                    8991.0000000 5049.81794  43.8%     -    0s
H    0     0                    8851.0000000 5049.81794  42.9%     -    0s
H    0     0                    8311.0000000 5126.02854  38.3%     -    1s
H    0     0                    7073.0000000 5126.02854  27.5%     -    1s
H    0     0                    6453.0000000 5126.02854  20.6%     -    1s
     0     0 5126.02854    0  208 6453.00000 5126.02854  20.6%     -    1s
     0     0 5130.06184    0  221 6453.00000 5130.06184  20.5%     -    1s
     0     0 5135.87200    0  209 6453.00000 5135.87200  20.4%     -    1s
H    0     0                    6357.0000000 5136.29036  19.2%     -    1s
     0     0 5136.29036    0  222 6357.00000 5136.29036  19.2%     -    1s
     0     0 5136.88801    0  238 6357.00000 5136.88801  19.2%     -    1s
     0     0 5140.92226    0  235 6357.00000 5140.92226  19.1%     -    1s
     0     0 5140.92226    0  251 6357.00000 5140.92226  19.1%     -    1s
H    0     0                    6217.0000000 5140.92226  17.3%     -    1s
     0     0 5169.03646    0   51 6217.00000 5169.03646  16.9%     -    1s
     0     0 5169.13257    0   69 6217.00000 5169.13257  16.9%     -    1s
H    0     0                    5652.0000000 5169.13257  8.54%     -    2s
H    0     0                    5592.0000000 5169.13257  7.56%     -    2s
H    0     0                    5532.0000000 5169.13257  6.56%     -    2s
     0     0 5181.41395    0  135 5532.00000 5181.41395  6.34%     -    2s
     0     0 5182.34545    0   71 5532.00000 5182.34545  6.32%     -    2s
     0     0 5182.34545    0  194 5532.00000 5182.34545  6.32%     -    2s
     0     0 5182.34545    0  223 5532.00000 5182.34545  6.32%     -    2s
     0     0 5182.34545    0  236 5532.00000 5182.34545  6.32%     -    2s
     0     0 5182.34545    0  174 5532.00000 5182.34545  6.32%     -    2s
     0     2 5182.34545    0  162 5532.00000 5182.34545  6.32%     -    2s
   376   309 5279.78000   12   66 5532.00000 5191.80000  6.15%   119    5s
  1429   803 5270.77212   14  261 5532.00000 5208.72241  5.84%   129   10s
  2513  1122 5429.60806   13   36 5532.00000 5258.63946  4.94%   133   15s
  2526  1134 5258.63946   10  255 5532.00000 5258.63946  4.94%   136   20s
  3543  1038 5441.99663   33  131 5532.00000 5416.49264  2.09%   136   25s
  6506   525 5527.65431   30  264 5532.00000 5452.67609  1.43%   114   30s
 11581   491 5529.00000   40    1 5532.00000 5526.29730  0.10%  83.5   35s
 22015   442 5529.00000   42    1 5532.00000 5529.00000  0.05%  45.8   40s
 36109   889 5529.00000   46    1 5532.00000 5529.00000  0.05%  29.9   45s
 47558   991 5529.00000   54    1 5532.00000 5529.00000  0.05%  23.5   50s
 57717  1249 5529.00000   55    8 5532.00000 5529.00000  0.05%  20.0   55s
 69678  1453     cutoff   39      5532.00000 5529.00000  0.05%  17.1   60s
 78179  1603     cutoff   41      5532.00000 5529.00000  0.05%  15.6   65s
 89291  1594 5529.00000   54    1 5532.00000 5529.00000  0.05%  14.0   70s
 103379  1406 5529.00000   54    1 5532.00000 5529.00000  0.05%  12.5   75s
 117511  1716 5529.00000   55    1 5532.00000 5529.00000  0.05%  11.5   80s
 129636  1883 5529.00000   57    1 5532.00000 5529.00000  0.05%  10.7   85s
 142775  1856 5529.00000   53    1 5532.00000 5529.00000  0.05%  10.0   90s
 157205  1985     cutoff   35      5532.00000 5529.00000  0.05%   9.4   95s
 170752  2059 5529.00000   47    7 5532.00000 5529.00000  0.05%   9.0  100s
 182218  2041 5529.00000   53    8 5532.00000 5529.00000  0.05%   8.7  105s
 195046  1621 5529.00000   51   10 5532.00000 5529.00000  0.05%   8.4  110s

Cutting planes:
  Learned: 7
  Gomory: 9
  Cover: 360
  Implied bound: 10
  MIR: 207
  StrongCG: 39
  Flow cover: 339
  Inf proof: 2
  Zero half: 17
  Network: 5
  RLT: 1
  Relax-and-lift: 21

Explored 200692 nodes (1670738 simplex iterations) in 111.84 seconds (38.40 work units)
Thread count was 12 (of 12 available processors)

Solution count 10: 5532 5532 5592 ... 8851

Optimal solution found (tolerance 0.00e+00)
Best objective 5.532000000000e+03, best bound 5.532000000000e+03, gap 0.0000%
