
Gurobi 12.0.0 (win64) logging started Sun Feb 15 23:01:21 2026

Set parameter LogFile to value "Storage_orig/Logs/log______Sens_truck_cost_multiplier_1.25_2026_02_15_23_01_21.log"
Set parameter MIPGap to value 0.01
Set parameter OutputFlag to value 1
Set parameter TimeLimit to value 600
Gurobi Optimizer version 12.0.0 build v12.0.0rc1 (win64 - Windows 11+.0 (26200.2))

CPU model: Intel(R) Core(TM) i7-9750H CPU @ 2.60GHz, instruction set [SSE2|AVX|AVX2]
Thread count: 6 physical cores, 12 logical processors, using up to 12 threads

Non-default parameters:
TimeLimit  600
MIPGap  0.01
MIPFocus  1

Optimize a model with 4170 rows, 840 columns and 11004 nonzeros
Model fingerprint: 0xca92c26b
Variable types: 18 continuous, 822 integer (570 binary)
Coefficient statistics:
  Matrix range     [2e-01, 1e+03]
  Objective range  [1e+01, 2e+03]
  Bounds range     [1e+00, 1e+00]
  RHS range        [1e+00, 1e+03]

User MIP start produced solution with objective 6097 (0.03s)
Loaded user MIP start with objective 6097

Presolve removed 2940 rows and 192 columns
Presolve time: 0.12s
Presolved: 1230 rows, 648 columns, 6453 nonzeros
Variable types: 18 continuous, 630 integer (450 binary)

Root relaxation: objective 5.742500e+03, 407 iterations, 0.11 seconds (0.01 work units)

    Nodes    |    Current Node    |     Objective Bounds      |     Work
 Expl Unexpl |  Obj  Depth IntInf | Incumbent    BestBd   Gap | It/Node Time

     0     0 5742.50003    0   31 6097.00000 5742.50003  5.81%     -    2s
     0     0 5743.00013    0   73 6097.00000 5743.00013  5.81%     -    2s
     0     0 5745.00013    0   76 6097.00000 5745.00013  5.77%     -    3s
     0     0 5785.42503    0   69 6097.00000 5785.42503  5.11%     -    3s
     0     0 5785.42503    0   59 6097.00000 5785.42503  5.11%     -    3s
     0     0 5785.42503    0   61 6097.00000 5785.42503  5.11%     -    3s
     0     0 5803.83264    0   89 6097.00000 5803.83264  4.81%     -    3s
     0     0 5834.02907    0   93 6097.00000 5834.02907  4.31%     -    3s
     0     0 5839.90906    0   99 6097.00000 5839.90906  4.22%     -    3s
     0     0 5841.26011    0   94 6097.00000 5841.26011  4.19%     -    3s
     0     0 5846.03052    0  125 6097.00000 5846.03052  4.12%     -    3s
     0     0 5848.26065    0  115 6097.00000 5848.26065  4.08%     -    3s
     0     0 5848.56659    0  118 6097.00000 5848.56659  4.07%     -    3s
     0     0 5848.56659    0  126 6097.00000 5848.56659  4.07%     -    3s
     0     0 5899.47586    0  174 6097.00000 5899.47586  3.24%     -    4s
     0     0 5905.73711    0  139 6097.00000 5905.73711  3.14%     -    5s
     0     0 5912.92186    0  163 6097.00000 5912.92186  3.02%     -    5s
     0     0 5916.46743    0  166 6097.00000 5916.46743  2.96%     -    5s
     0     0 5920.55667    0  200 6097.00000 5920.55667  2.89%     -    5s
     0     0 5921.48173    0  215 6097.00000 5921.48173  2.88%     -    5s
     0     0 5924.05185    0  232 6097.00000 5924.05185  2.84%     -    5s
     0     0 5924.91454    0  227 6097.00000 5924.91454  2.82%     -    5s
     0     0 5925.30973    0  231 6097.00000 5925.30973  2.82%     -    5s
     0     0 5926.08419    0  214 6097.00000 5926.08419  2.80%     -    5s
     0     0 5926.11656    0  216 6097.00000 5926.11656  2.80%     -    6s
     0     0 5930.80572    0  225 6097.00000 5930.80572  2.73%     -    6s
     0     0 5930.94268    0  239 6097.00000 5930.94268  2.72%     -    6s
     0     0 5931.01245    0  246 6097.00000 5931.01245  2.72%     -    6s
     0     0 5931.01537    0  250 6097.00000 5931.01537  2.72%     -    6s
     0     0 5947.68747    0  184 6097.00000 5947.68747  2.45%     -    7s
     0     0 5947.72071    0  187 6097.00000 5947.72071  2.45%     -    7s
     0     0 5947.75202    0  192 6097.00000 5947.75202  2.45%     -    7s
     0     0 5947.75202    0  196 6097.00000 5947.75202  2.45%     -    7s
     0     0 5947.76471    0   57 6097.00000 5947.76471  2.45%     -    8s
     0     2 5947.76471    0   57 6097.00000 5947.76471  2.45%     -    9s
    13    26 5949.27778    4   82 6097.00000 5948.52941  2.44%   166   10s
   280   232 6000.46667   23   33 6097.00000 5948.52941  2.44%  64.6   15s
   482   406 5974.82714   33   65 6097.00000 5948.84916  2.43%  55.5   20s
   887   692 5957.60476   10   36 6097.00000 5950.62087  2.40%  49.0   25s
  1739  1189 5957.86721    9   29 6097.00000 5951.81250  2.38%  36.8   31s
  1753  1199 5958.60946   15  244 6097.00000 5955.60634  2.32%  36.5   35s
  1770  1210 5973.10679   34  241 6097.00000 5960.00000  2.25%  36.2   40s
  1789  1236 5969.25000   13  172 6097.00000 5962.52599  2.21%  46.2   45s
  2103  1309 6011.40909   25   38 6097.00000 5971.09615  2.07%  50.1   50s
  3032  1288 5997.83333   19  118 6097.00000 5988.67094  1.78%  49.7   55s
  3932  1369 6010.43478   37   37 6097.00000 5998.33750  1.62%  47.2   60s
  5173  1342 6005.77325   44   53 6097.00000 5998.59000  1.61%  42.0   65s
  7210  1776 6014.33333   38    9 6097.00000 6000.44038  1.58%  38.2   70s
  8834  1991 6038.64706   30   80 6097.00000 6003.12614  1.54%  37.5   75s
 10196  2127 6082.15711   38   71 6097.00000 6004.30789  1.52%  38.7   80s
 11549  2242 6021.03279   33   67 6097.00000 6004.62092  1.52%  39.7   85s
 12067  2248 6010.16408   30  120 6097.00000 6004.79109  1.51%  40.2   91s
 12771  2290 6011.48553   27   81 6097.00000 6005.00691  1.51%  40.7   95s
 13636  2310 6010.12358   14  140 6097.00000 6005.88986  1.49%  41.6  100s
 15457  2293 6089.30435   42   88 6097.00000 6007.70588  1.46%  41.5  106s
 16969  2229     cutoff   34      6097.00000 6008.57982  1.45%  41.0  110s
 20995  2575 infeasible   32      6097.00000 6011.01575  1.41%  39.9  115s
 25068  2795     cutoff   42      6097.00000 6012.19804  1.39%  39.7  120s
 28822  3118 infeasible   31      6097.00000 6014.13333  1.36%  40.5  125s
 33509  3690 6048.45930   39   85 6097.00000 6015.33333  1.34%  39.6  130s
 37238  3847 infeasible   32      6097.00000 6015.75000  1.33%  39.2  136s
 38523  4037     cutoff   35      6097.00000 6015.93055  1.33%  39.2  141s
 39880  4081 6016.55556   31   40 6097.00000 6016.31250  1.32%  39.2  145s
 42347  4228 6025.76661   41   58 6097.00000 6016.93505  1.31%  39.0  154s
 43488  4316     cutoff   34      6097.00000 6017.55375  1.30%  38.9  158s
 44915  4313 6019.00000   33   35 6097.00000 6017.66667  1.30%  38.7  162s
 45950  4463 6019.52962   33   45 6097.00000 6017.66667  1.30%  39.0  166s
 47001  4682 6027.47568   29  144 6097.00000 6018.25000  1.29%  39.0  171s
 47941  5047 6022.66515   34   72 6097.00000 6018.38619  1.29%  38.9  175s
 51031  5650 6087.08333   37   54 6097.00000 6018.60000  1.29%  38.6  183s
 52450  5773 6082.23996   35   83 6097.00000 6018.84573  1.28%  38.5  188s
 53060  6031 6041.52144   40   88 6097.00000 6018.96639  1.28%  38.4  192s
 54483  6237 6023.53394   31  144 6097.00000 6019.22222  1.28%  38.4  196s
 55534  6513 6094.41667   48   81 6097.00000 6019.26473  1.27%  38.2  201s
 56878  6885 infeasible   33      6097.00000 6019.26749  1.27%  38.1  205s
 59793  7350     cutoff   39      6097.00000 6019.81270  1.27%  37.5  211s
 61142  7465 6024.29323   28   75 6097.00000 6019.83728  1.27%  37.3  215s
 63017  7945 infeasible   28      6097.00000 6020.13165  1.26%  37.4  222s
 64580  8137 6021.32157   31   81 6097.00000 6020.41360  1.26%  37.0  226s
 65228  8627 6040.19186   39   70 6097.00000 6020.41615  1.26%  36.9  230s
 68547  9528 6040.14286   36   71 6097.00000 6020.45590  1.26%  36.1  237s
 70222  9932     cutoff   33      6097.00000 6020.87101  1.25%  35.7  241s
 72608 10471 infeasible   38      6097.00000 6021.00000  1.25%  35.5  247s
 73892 11165 6031.22500   36   61 6097.00000 6021.13406  1.24%  35.3  253s
 75644 11444 6030.95385   41   39 6097.00000 6021.28539  1.24%  35.0  256s
 77896 11634 6035.71393   40  120 6097.00000 6021.34642  1.24%  34.7  263s
 77985 11914 6038.22369   41  102 6097.00000 6021.40000  1.24%  34.7  265s
 80394 12822 6024.26667   33   79 6097.00000 6021.55999  1.24%  34.4  272s
 82302 13174     cutoff   45      6097.00000 6021.76700  1.23%  34.0  276s
 87392 14823 6030.53846   32   70 6097.00000 6022.26928  1.23%  33.1  280s
 92034 15695 6027.21506   37   88 6097.00000 6022.33333  1.22%  33.3  285s
 97922 17519 6024.90909   31   89 6097.00000 6022.50000  1.22%  32.9  290s
 102168 18985 6035.64238   33  104 6097.00000 6022.73098  1.22%  32.6  295s
 109237 20897 6025.27912   33   72 6097.00000 6023.15363  1.21%  31.9  300s
 114376 21776 6028.22939   30   72 6097.00000 6023.58343  1.20%  31.5  305s
 122019 23710     cutoff   34      6097.00000 6023.99271  1.20%  30.6  310s
 128404 25118 infeasible   32      6097.00000 6024.50873  1.19%  30.2  315s
 135017 26756     cutoff   39      6097.00000 6024.73848  1.19%  29.6  320s
 139972 28167 6024.91307   32  129 6097.00000 6024.90961  1.18%  29.2  325s
 143441 28609 6027.70115   36   65 6097.00000 6025.11494  1.18%  29.2  330s
 148043 29329 6028.56350   43   65 6097.00000 6025.30999  1.18%  29.1  335s
 151245 29633 6034.80984   42  109 6097.00000 6025.53333  1.17%  29.0  341s
 155052 30171 infeasible   43      6097.00000 6025.94922  1.17%  29.0  345s
 164532 31993 6082.18710   45   37 6097.00000 6026.41541  1.16%  28.4  351s
 169046 33122 6039.59740   34   58 6097.00000 6026.66856  1.15%  28.2  355s
 176695 34477 infeasible   41      6097.00000 6027.02222  1.15%  27.9  360s
 182701 36013 infeasible   38      6097.00000 6027.33826  1.14%  27.8  365s
 190161 37359     cutoff   40      6097.00000 6027.66667  1.14%  27.5  370s
 196111 38192     cutoff   36      6097.00000 6027.95152  1.13%  27.4  375s
 201218 38641 6069.43893   50  103 6097.00000 6028.37143  1.13%  27.4  380s
 208978 40540     cutoff   41      6097.00000 6028.56616  1.12%  27.1  385s
 214912 41546 infeasible   30      6097.00000 6028.93193  1.12%  27.0  390s
 220108 42062 infeasible   32      6097.00000 6029.17481  1.11%  27.0  395s
 225419 42549     cutoff   37      6097.00000 6029.50893  1.11%  27.0  400s
 233112 43814 6037.00364   48   58 6097.00000 6030.11380  1.10%  26.8  405s
 240794 45836 6074.05000   55   63 6097.00000 6030.53506  1.09%  26.5  411s
 249114 48537 6041.40000   48   86 6097.00000 6030.53846  1.09%  25.9  415s
 259474 51982 6046.32308   50   57 6097.00000 6030.53846  1.09%  25.2  425s
 259508 52010 6030.53846   26  123 6097.00000 6030.53846  1.09%  25.3  430s
 261918 52373 6083.20000   48   33 6097.00000 6030.53846  1.09%  25.5  435s
 265356 52342 6030.53846   40   48 6097.00000 6030.53846  1.09%  25.7  440s
 269510 52113 6030.53846   44   83 6097.00000 6030.53846  1.09%  25.8  445s
 274055 51795     cutoff   46      6097.00000 6030.53846  1.09%  25.9  450s
 277693 51001     cutoff   40      6097.00000 6030.53846  1.09%  26.0  455s
 282103 49704     cutoff   53      6097.00000 6030.53846  1.09%  26.2  460s
 286261 48545 6030.53846   56   44 6097.00000 6030.53846  1.09%  26.4  465s
 289157 48321 6065.12000   42   57 6097.00000 6030.53846  1.09%  26.5  470s
 293023 47468 6030.53846   46   98 6097.00000 6030.53846  1.09%  26.9  476s
 296263 46435 6067.31765   40   57 6097.00000 6030.53846  1.09%  27.2  481s
 299021 46119 6030.53846   52   78 6097.00000 6030.53846  1.09%  27.4  486s
 302582 45517 6030.53846   51  109 6097.00000 6030.53846  1.09%  27.7  491s
 305038 44725 6079.00000   46   55 6097.00000 6030.53846  1.09%  28.0  495s
 308039 43676 6079.00000   43   57 6097.00000 6030.53846  1.09%  28.4  501s
 310109 42924 infeasible   48      6097.00000 6030.53846  1.09%  28.8  506s
 312187 42188 6031.95254   52   90 6097.00000 6030.53846  1.09%  29.0  510s
 315578 41314     cutoff   48      6097.00000 6030.53846  1.09%  29.3  516s
 320530 39869 6065.11881   44  108 6097.00000 6030.53846  1.09%  29.4  521s
 323160 38846     cutoff   45      6097.00000 6030.53846  1.09%  29.5  526s
 326738 37588 6046.11538   48   66 6097.00000 6030.53846  1.09%  29.7  531s
 330515 36476 infeasible   40      6097.00000 6030.53846  1.09%  29.9  536s
 332896 35742 6034.23915   50  148 6097.00000 6030.53846  1.09%  29.9  540s
 337281 34473 6030.53846   48  121 6097.00000 6030.53846  1.09%  30.0  545s
 341536 32979     cutoff   49      6097.00000 6030.53846  1.09%  30.2  551s
 346585 32302 6030.53846   40   89 6097.00000 6030.53846  1.09%  30.1  556s
 349870 31758 6037.74595   51   54 6097.00000 6030.53846  1.09%  30.1  560s
 354045 30768     cutoff   50      6097.00000 6030.53846  1.09%  30.0  565s
 358911 29696 6063.99194   48   89 6097.00000 6030.53846  1.09%  30.0  571s
 363596 28479 6034.87273   50   70 6097.00000 6030.53846  1.09%  30.0  575s
 369380 26959     cutoff   51      6097.00000 6030.53846  1.09%  29.9  580s
 374005 25608 infeasible   47      6097.00000 6030.53846  1.09%  29.9  585s
 378552 24521 6051.01768   56   95 6097.00000 6030.53846  1.09%  29.8  591s
 384074 22741 6042.73095   52  102 6097.00000 6030.84211  1.09%  29.7  596s
 388848 20995 6052.62500   54   64 6097.00000 6032.95434  1.05%  29.6  600s

Cutting planes:
  Learned: 77
  Gomory: 5
  Cover: 289
  Implied bound: 3
  Clique: 26
  MIR: 261
  StrongCG: 13
  Flow cover: 269
  GUB cover: 1
  Inf proof: 8
  Zero half: 7
  RLT: 5
  Relax-and-lift: 18

Explored 389855 nodes (11567183 simplex iterations) in 600.26 seconds (132.65 work units)
Thread count was 12 (of 12 available processors)

Solution count 1: 6097 

Time limit reached
Best objective 6.097000000000e+03, best bound 6.034000000000e+03, gap 1.0333%
