
Gurobi 12.0.0 (win64) logging started Sun Feb 15 16:52:52 2026

Set parameter LogFile to value "Storage_orig/Logs/log______Sens_gamma_500_2026_02_15_16_52_52.log"
Set parameter MIPGap to value 0.01
Set parameter OutputFlag to value 1
Gurobi Optimizer version 12.0.0 build v12.0.0rc1 (win64 - Windows 11+.0 (26200.2))

CPU model: Intel(R) Core(TM) i7-9750H CPU @ 2.60GHz, instruction set [SSE2|AVX|AVX2]
Thread count: 6 physical cores, 12 logical processors, using up to 12 threads

Non-default parameters:
MIPGap  0.01
MIPFocus  1

Optimize a model with 3870 rows, 843 columns and 10455 nonzeros
Model fingerprint: 0xb747db3d
Variable types: 21 continuous, 822 integer (486 binary)
Coefficient statistics:
  Matrix range     [2e-01, 1e+03]
  Objective range  [1e+01, 2e+03]
  Bounds range     [1e+00, 1e+00]
  RHS range        [1e+00, 1e+03]

User MIP start produced solution with objective 6519 (0.01s)
Loaded user MIP start with objective 6519

Presolve removed 2760 rows and 174 columns
Presolve time: 0.04s
Presolved: 1110 rows, 669 columns, 6204 nonzeros
Variable types: 21 continuous, 648 integer (396 binary)

Root relaxation: objective 3.934100e+03, 509 iterations, 0.03 seconds (0.01 work units)

    Nodes    |    Current Node    |     Objective Bounds      |     Work
 Expl Unexpl |  Obj  Depth IntInf | Incumbent    BestBd   Gap | It/Node Time

     0     0 3934.10000    0   14 6519.00000 3934.10000  39.7%     -    0s
     0     0 4032.65515    0   41 6519.00000 4032.65515  38.1%     -    0s
     0     0 4195.96439    0   40 6519.00000 4195.96439  35.6%     -    0s
     0     0 4195.96439    0   42 6519.00000 4195.96439  35.6%     -    0s
     0     0 5650.41212    0   87 6519.00000 5650.41212  13.3%     -    0s
     0     0 5653.32681    0  115 6519.00000 5653.32681  13.3%     -    0s
     0     0 5674.04694    0  110 6519.00000 5674.04694  13.0%     -    0s
     0     0 5686.28098    0  118 6519.00000 5686.28098  12.8%     -    0s
     0     0 5708.18432    0  117 6519.00000 5708.18432  12.4%     -    0s
     0     0 5708.33186    0  123 6519.00000 5708.33186  12.4%     -    0s
     0     0 5786.02854    0  115 6519.00000 5786.02854  11.2%     -    0s
     0     0 5805.14500    0   81 6519.00000 5805.14500  11.0%     -    0s
     0     0 5867.83666    0  135 6519.00000 5867.83666  10.0%     -    0s
     0     0 5894.36306    0   95 6519.00000 5894.36306  9.58%     -    0s
     0     0 5932.08622    0  119 6519.00000 5932.08622  9.00%     -    0s
     0     0 5955.31111    0   79 6519.00000 5955.31111  8.65%     -    0s
     0     0 5955.31111    0   89 6519.00000 5955.31111  8.65%     -    0s
     0     0 5957.51667    0   96 6519.00000 5957.51667  8.61%     -    1s
     0     0 5959.70730    0  141 6519.00000 5959.70730  8.58%     -    1s
     0     0 5960.74049    0  103 6519.00000 5960.74049  8.56%     -    1s
     0     0 5960.95513    0  115 6519.00000 5960.95513  8.56%     -    1s
     0     0 5960.95513    0  123 6519.00000 5960.95513  8.56%     -    1s
     0     0 5960.96035    0  114 6519.00000 5960.96035  8.56%     -    1s
H    0     0                    6405.0000000 5960.96035  6.93%     -    1s
     0     2 5960.96035    0  108 6405.00000 5960.96035  6.93%     -    1s
   394   215 6181.84669   14   75 6405.00000 5963.62343  6.89%  39.0    5s
  2203   926 6100.58389   11   20 6405.00000 6011.56000  6.14%  43.5   10s
  3349  1005 6159.02885   32  145 6405.00000 6011.56000  6.14%  48.9   15s
  6115  1130     cutoff   30      6405.00000 6021.08333  5.99%  50.9   20s
  9012  1427 6272.05152   33  119 6405.00000 6035.20150  5.77%  53.3   25s
 10292  1360     cutoff   27      6405.00000 6045.00000  5.62%  54.4   31s
 10896  1304     cutoff   32      6405.00000 6055.89651  5.45%  55.0   35s

Cutting planes:
  Learned: 159
  Gomory: 2
  Cover: 141
  MIR: 118
  StrongCG: 5
  Flow cover: 145
  GUB cover: 2
  Network: 4
  RLT: 9
  Relax-and-lift: 1

Explored 14031 nodes (722851 simplex iterations) in 39.21 seconds (9.22 work units)
Thread count was 12 (of 12 available processors)

Solution count 2: 6405 6519 

Optimal solution found (tolerance 1.00e-02)
Best objective 6.405000000000e+03, best bound 6.405000000000e+03, gap 0.0000%
