
Gurobi 12.0.0 (win64) logging started Mon Feb 16 00:44:59 2026

Set parameter LogFile to value "Storage_orig/Logs/log______Sens_handling_time_0.75_2026_02_16_00_44_59.log"
Set parameter MIPGap to value 0.01
Set parameter OutputFlag to value 1
Set parameter TimeLimit to value 600
Gurobi Optimizer version 12.0.0 build v12.0.0rc1 (win64 - Windows 11+.0 (26200.2))

CPU model: Intel(R) Core(TM) i7-9750H CPU @ 2.60GHz, instruction set [SSE2|AVX|AVX2]
Thread count: 6 physical cores, 12 logical processors, using up to 12 threads

Non-default parameters:
TimeLimit  600
MIPGap  0.01
MIPFocus  1

Optimize a model with 4170 rows, 840 columns and 11004 nonzeros
Model fingerprint: 0x6cdc4f56
Variable types: 18 continuous, 822 integer (570 binary)
Coefficient statistics:
  Matrix range     [8e-01, 1e+03]
  Objective range  [1e+01, 2e+03]
  Bounds range     [1e+00, 1e+00]
  RHS range        [1e+00, 1e+03]

User MIP start did not produce a new incumbent solution
User MIP start violates constraint Time_LB_4_1_0 by 5.000000000

Found heuristic solution: objective 18900.000000
Presolve removed 2940 rows and 192 columns
Presolve time: 0.05s
Presolved: 1230 rows, 648 columns, 6453 nonzeros
Variable types: 18 continuous, 630 integer (450 binary)

Root relaxation: objective 5.467500e+03, 407 iterations, 0.02 seconds (0.01 work units)

    Nodes    |    Current Node    |     Objective Bounds      |     Work
 Expl Unexpl |  Obj  Depth IntInf | Incumbent    BestBd   Gap | It/Node Time

     0     0 5467.50003    0   37 18900.0000 5467.50003  71.1%     -    0s
H    0     0                    15024.000000 5467.50003  63.6%     -    0s
H    0     0                    14684.000000 5467.50003  62.8%     -    0s
H    0     0                    13006.000000 5467.50003  58.0%     -    0s
H    0     0                    12926.000000 5468.00013  57.7%     -    0s
     0     0 5468.00013    0   71 12926.0000 5468.00013  57.7%     -    0s
H    0     0                    12551.000000 5468.45458  56.4%     -    0s
H    0     0                    12011.000000 5468.45458  54.5%     -    0s
H    0     0                    11871.000000 5468.45458  53.9%     -    0s
     0     0 5468.45458    0   56 11871.0000 5468.45458  53.9%     -    0s
H    0     0                    10574.000000 5485.37348  48.1%     -    0s
H    0     0                    10174.000000 5485.37348  46.1%     -    0s
     0     0 5485.37348    0   38 10174.0000 5485.37348  46.1%     -    0s
     0     0 5485.37348    0   50 10174.0000 5485.37348  46.1%     -    0s
     0     0 5549.41254    0   72 10174.0000 5549.41254  45.5%     -    0s
     0     0 5552.39649    0   94 10174.0000 5552.39649  45.4%     -    0s
H    0     0                    9894.0000000 5556.11539  43.8%     -    0s
     0     0 5556.11539    0   91 9894.00000 5556.11539  43.8%     -    0s
     0     0 5556.20949    0  101 9894.00000 5556.20949  43.8%     -    0s
     0     0 5560.58549    0  104 9894.00000 5560.58549  43.8%     -    0s
     0     0 5561.03505    0  119 9894.00000 5561.03505  43.8%     -    0s
     0     0 5561.07124    0  115 9894.00000 5561.07124  43.8%     -    0s
     0     0 5561.07124    0  118 9894.00000 5561.07124  43.8%     -    0s
H    0     0                    9878.0000000 5561.07124  43.7%     -    0s
H    0     0                    9478.0000000 5561.07124  41.3%     -    0s
H    0     0                    9198.0000000 5561.07124  39.5%     -    0s
H    0     0                    9138.0000000 5561.07124  39.1%     -    0s
H    0     0                    9058.0000000 5561.07124  38.6%     -    0s
H    0     0                    8918.0000000 5561.07124  37.6%     -    0s
H    0     0                    8778.0000000 5561.07124  36.6%     -    0s
H    0     0                    8498.0000000 5593.10358  34.2%     -    1s
H    0     0                    8278.0000000 5593.10358  32.4%     -    1s
     0     0 5593.10358    0  142 8278.00000 5593.10358  32.4%     -    1s
H    0     0                    8218.0000000 5593.10358  31.9%     -    1s
H    0     0                    8078.0000000 5593.10358  30.8%     -    1s
     0     0 5601.23304    0  145 8078.00000 5601.23304  30.7%     -    1s
     0     0 5611.49518    0  131 8078.00000 5611.49518  30.5%     -    1s
     0     0 5618.05069    0  178 8078.00000 5618.05069  30.5%     -    1s
     0     0 5620.80007    0  176 8078.00000 5620.80007  30.4%     -    1s
H    0     0                    8058.0000000 5623.62561  30.2%     -    1s
     0     0 5623.62561    0  178 8058.00000 5623.62561  30.2%     -    1s
H    0     0                    7998.0000000 5631.84614  29.6%     -    1s
     0     0 5631.84614    0  156 7998.00000 5631.84614  29.6%     -    1s
     0     0 5632.42158    0  183 7998.00000 5632.42158  29.6%     -    1s
     0     0 5632.46768    0  189 7998.00000 5632.46768  29.6%     -    1s
     0     0 5636.29566    0  204 7998.00000 5636.29566  29.5%     -    1s
     0     0 5636.74310    0  204 7998.00000 5636.74310  29.5%     -    1s
     0     0 5636.82193    0  213 7998.00000 5636.82193  29.5%     -    1s
     0     0 5637.02169    0  213 7998.00000 5637.02169  29.5%     -    1s
     0     0 5640.66669    0  181 7998.00000 5640.66669  29.5%     -    1s
     0     0 5641.32865    0  207 7998.00000 5641.32865  29.5%     -    1s
     0     0 5644.27512    0  199 7998.00000 5644.27512  29.4%     -    1s
H    0     0                    7875.0000000 5645.93514  28.3%     -    1s
H    0     0                    7735.0000000 5645.93514  27.0%     -    1s
     0     0 5645.93514    0  168 7735.00000 5645.93514  27.0%     -    1s
     0     0 5645.95230    0  202 7735.00000 5645.95230  27.0%     -    1s
     0     0 5645.98058    0  211 7735.00000 5645.98058  27.0%     -    1s
     0     0 5645.98058    0  216 7735.00000 5645.98058  27.0%     -    1s
     0     0 5650.57078    0  231 7735.00000 5650.57078  26.9%     -    2s
H    0     0                    7156.0000000 5658.32667  20.9%     -    2s
     0     0 5658.32667    0  242 7156.00000 5658.32667  20.9%     -    2s
     0     0 5663.22975    0  238 7156.00000 5663.22975  20.9%     -    2s
     0     0 5664.32907    0  240 7156.00000 5664.32907  20.8%     -    2s
     0     0 5670.66684    0  245 7156.00000 5670.66684  20.8%     -    2s
H    0     0                    7136.0000000 5671.12418  20.5%     -    2s
H    0     0                    6996.0000000 5671.12418  18.9%     -    2s
     0     0 5671.12418    0  245 6996.00000 5671.12418  18.9%     -    2s
     0     0 5671.81784    0  232 6996.00000 5671.81784  18.9%     -    2s
H    0     0                    6916.0000000 5672.00108  18.0%     -    2s
     0     0 5672.00108    0  166 6916.00000 5672.00108  18.0%     -    2s
     0     0 5672.19146    0  132 6916.00000 5672.19146  18.0%     -    2s
     0     0 5672.20635    0   88 6916.00000 5672.20635  18.0%     -    2s
     0     0 5672.46429    0  156 6916.00000 5672.46429  18.0%     -    3s
H    0     0                    6716.0000000 5672.46429  15.5%     -    3s
H    0     0                    6656.0000000 5672.54250  14.8%     -    3s
     0     2 5672.54250    0  136 6656.00000 5672.54250  14.8%     -    3s
H   11    14                    6412.0000000 5672.92857  11.5%   253    4s
H   31    39                    6292.0000000 5674.00496  9.82%   256    4s
H   65    83                    6176.0000000 5674.00496  8.13%   148    4s
H   94    99                    6140.0000000 5674.00496  7.59%   115    4s
   159   176 5711.47531   18   78 6140.00000 5674.00496  7.59%  85.0    5s
H  160   176                    6000.0000000 5674.00496  5.43%  84.5    5s
H  377   325                    5920.0000000 5674.84643  4.14%  71.8    6s
  1189   878     cutoff   46      5920.00000 5679.79824  4.06%  59.2   10s
  1658  1169 5726.80648   15  269 5920.00000 5682.16938  4.02%  54.1   15s
  2001  1366 5883.68295   26   84 5920.00000 5682.16938  4.02%  73.0   20s
  3231  1817 5795.50000   23  119 5920.00000 5692.34057  3.85%  72.4   25s
  7888  4105 5884.47927   59   68 5920.00000 5720.40725  3.37%  59.6   30s
 12632  6743 5729.89916   36   59 5920.00000 5723.00535  3.33%  55.3   35s
 15526  8336 5844.17690   42  149 5920.00000 5723.49020  3.32%  54.9   40s
 20321 11035 5815.67907   33  120 5920.00000 5724.25210  3.31%  54.5   45s
 24264 12916 5749.55772   45  148 5920.00000 5724.63041  3.30%  53.9   50s
 28766 15091     cutoff   49      5920.00000 5724.81766  3.30%  52.9   56s
 31991 16198 5820.34436   41  108 5920.00000 5725.41320  3.29%  53.3   60s
 35716 18291 infeasible   75      5920.00000 5726.00000  3.28%  54.4   66s
 39818 20003 5818.08765   34   79 5920.00000 5726.44544  3.27%  54.5   71s
 42247 21310     cutoff   55      5920.00000 5726.93344  3.26%  54.6   75s
 46255 22596 5751.66565   35   93 5920.00000 5727.32298  3.25%  54.8   80s
 49987 24501 5748.24608   32   74 5920.00000 5727.51348  3.25%  55.0   85s
 51922 25516 5832.67158   37   66 5920.00000 5727.85685  3.25%  55.1   91s
 56372 27527 5817.00000   44   93 5920.00000 5728.24660  3.24%  55.2   96s
 58592 29154     cutoff   47      5920.00000 5728.35673  3.24%  55.7  100s
 62032 30391 5742.85602   35  148 5920.00000 5728.57859  3.23%  55.9  106s
 64613 31921 5745.99991   37   93 5920.00000 5728.82078  3.23%  56.1  110s
 68302 33796     cutoff   51      5920.00000 5728.95226  3.23%  56.5  115s
 72401 35530 5769.48337   23  102 5920.00000 5729.16217  3.22%  56.7  121s
 75766 36797 5799.09095   43  134 5920.00000 5729.32905  3.22%  57.0  126s
 77732 38570 5772.78913   40  141 5920.00000 5729.52218  3.22%  57.1  131s
 82227 40556     cutoff   43      5920.00000 5729.73373  3.21%  57.0  136s
 84816 41550     cutoff   38      5920.00000 5729.82405  3.21%  56.9  140s
 88791 43392 5754.25662   43  210 5920.00000 5729.98051  3.21%  56.9  145s
 92338 45143     cutoff   53      5920.00000 5730.07037  3.21%  56.9  151s
 94022 46204 5741.56663   35  106 5920.00000 5730.14539  3.21%  57.3  156s
 97280 47619 5757.19079   37   68 5920.00000 5730.27600  3.20%  57.5  161s
 100865 49512 5824.36570   45  139 5920.00000 5730.30863  3.20%  57.1  166s
 104202 50948 5767.99818   36  177 5920.00000 5730.42353  3.20%  57.4  171s
 105755 51576 5735.69947   27  131 5920.00000 5730.47796  3.20%  57.4  177s
 107920 52526 infeasible   43      5920.00000 5730.51449  3.20%  57.7  181s
 111768 53653 5736.55735   25   68 5920.00000 5730.61505  3.20%  57.9  185s
 115366 55885 5794.76425   29  123 5920.00000 5730.72962  3.20%  57.8  191s
 119030 57531 5766.35835   42  177 5920.00000 5730.86832  3.19%  57.7  196s
 121861 59042 5739.18286   37  132 5920.00000 5730.95878  3.19%  57.7  200s
 125157 60147 5833.02056   38   83 5920.00000 5731.08802  3.19%  57.8  206s
 129032 61762 5776.03243   39  138 5920.00000 5731.19681  3.19%  57.7  211s
 131479 62819 5775.82200   37   84 5920.00000 5731.24908  3.19%  57.9  215s
 135223 64426 5731.73042   37  179 5920.00000 5731.34074  3.19%  57.9  221s
 138837 66390 5760.52915   40  158 5920.00000 5731.42834  3.19%  58.1  226s
 140604 66958 5778.73737   55   39 5920.00000 5731.46368  3.18%  58.1  230s
 142180 67533 5745.70694   31  149 5920.00000 5731.51112  3.18%  58.1  235s
 145977 69296 5747.54251   38  133 5920.00000 5731.60823  3.18%  58.2  241s
 149664 70873     cutoff   43      5920.00000 5731.72997  3.18%  58.2  245s
 153173 72484     cutoff   32      5920.00000 5731.79833  3.18%  58.2  250s
 156853 74449 5745.16541   39   94 5920.00000 5731.86629  3.18%  58.1  255s
 160435 75652 5745.76074   40  159 5920.00000 5731.91879  3.18%  58.2  260s
 163760 77253 5820.90534   37   84 5920.00000 5732.01829  3.18%  58.3  265s
 167769 79260 5811.34194   52  152 5920.00000 5732.10523  3.17%  58.2  270s
 170161 80028 5829.64159   45  190 5920.00000 5732.14705  3.17%  58.1  276s
 170820 80595 5741.11608   53  129 5920.00000 5732.14705  3.17%  58.2  280s
 173844 81737 5769.05267   32   92 5920.00000 5732.29063  3.17%  58.3  285s
 177317 83654 5859.85666   47  176 5920.00000 5732.35645  3.17%  58.3  292s
 180101 85200 5821.86700   41  150 5920.00000 5732.39249  3.17%  58.3  295s
 184339 86721     cutoff   36      5920.00000 5732.45917  3.17%  58.2  301s
 186776 88105 5744.08657   56  213 5920.00000 5732.49847  3.17%  58.3  305s
 190870 89487 infeasible   47      5920.00000 5732.58471  3.17%  58.2  310s
 193835 91007 5892.89822   51   74 5920.00000 5732.65389  3.16%  58.3  315s
 197258 92135 infeasible   55      5920.00000 5732.72104  3.16%  58.4  320s
 200347 93456     cutoff   44      5920.00000 5732.78805  3.16%  58.4  326s
 202542 95033     cutoff   50      5920.00000 5732.82688  3.16%  58.4  330s
 206434 96677     cutoff   49      5920.00000 5732.91002  3.16%  58.4  335s
 209521 97642 5829.40789   30   89 5920.00000 5732.95655  3.16%  58.5  340s
 213114 99258 infeasible   45      5920.00000 5733.01374  3.16%  58.5  345s
 216600 100668 infeasible   24      5920.00000 5733.07250  3.16%  58.5  350s
 218839 101470 5737.88974   41  102 5920.00000 5733.12120  3.16%  58.6  356s
 220970 102236 5827.06760   37  102 5920.00000 5733.19103  3.16%  58.7  360s
 224986 103789 5736.78052   38  184 5920.00000 5733.24602  3.15%  58.8  366s
 227553 104705 5831.32448   32   83 5920.00000 5733.29566  3.15%  58.8  370s
 231943 106065 5808.94692   34  165 5920.00000 5733.39125  3.15%  58.7  376s
 233210 106911     cutoff   47      5920.00000 5733.40111  3.15%  58.8  380s
 237113 108567 5759.77414   60  166 5920.00000 5733.46391  3.15%  58.8  386s
 239512 109897 infeasible   56      5920.00000 5733.50987  3.15%  58.9  390s
 243086 110773 infeasible   46      5920.00000 5733.58266  3.15%  58.8  395s
 246272 111894 5736.38586   39  195 5920.00000 5733.62861  3.15%  59.0  401s
 249151 112816     cutoff   36      5920.00000 5733.67288  3.15%  58.9  405s
 251814 113959 5745.89075   43   91 5920.00000 5733.73182  3.15%  59.0  411s
 254036 114721     cutoff   48      5920.00000 5733.77108  3.15%  59.1  415s
 257344 116035 5781.02421   33  157 5920.00000 5733.86259  3.14%  59.3  421s
 259875 116664 5736.43517   42  238 5920.00000 5733.88992  3.14%  59.3  425s
 263182 117803 5785.83573   48  107 5920.00000 5733.95385  3.14%  59.5  431s
 265864 118625 5810.80952   34   83 5920.00000 5734.00000  3.14%  59.5  435s
 269588 119627     cutoff   44      5920.00000 5734.04120  3.14%  59.6  440s
 270899 120131 5743.08180   37  123 5920.00000 5734.08287  3.14%  59.7  445s
 274706 121963 infeasible   47      5920.00000 5734.12976  3.14%  59.7  451s
 278291 123230 5858.69980   42  132 5920.00000 5734.15746  3.14%  59.7  456s
 280466 123884 5829.06887   35   62 5920.00000 5734.20485  3.14%  59.8  460s
 283772 124875     cutoff   36      5920.00000 5734.25067  3.14%  59.9  466s
 286164 125567 5819.68246   37   24 5920.00000 5734.31050  3.14%  60.0  470s
 289824 126921     cutoff   45      5920.00000 5734.38743  3.14%  60.0  476s
 292472 127513 5779.57777   47  100 5920.00000 5734.42937  3.13%  60.0  480s
 294782 128690 5735.13262   32  142 5920.00000 5734.47227  3.13%  60.2  485s
 298387 129926 5764.60869   39  160 5920.00000 5734.55298  3.13%  60.1  491s
 299955 130457 5758.42702   38  103 5920.00000 5734.55947  3.13%  60.1  496s
 302581 131180 5749.46606   38  157 5920.00000 5734.59561  3.13%  60.0  500s
 306059 132347 infeasible   46      5920.00000 5734.64862  3.13%  60.1  506s
 308422 133174 5743.08046   38  121 5920.00000 5734.67683  3.13%  60.2  510s
 311835 134683     cutoff   32      5920.00000 5734.70920  3.13%  60.2  517s
 313814 135200 5834.22406   31  138 5920.00000 5734.74528  3.13%  60.2  520s
 317906 136536 5748.92743   37  118 5920.00000 5734.78759  3.13%  60.2  526s
 320098 137231 infeasible   43      5920.00000 5734.82340  3.13%  60.3  530s
 323957 138310 5736.45151   41  239 5920.00000 5734.87377  3.13%  60.4  536s
 326624 139028 5870.62754   39   86 5920.00000 5734.91108  3.13%  60.4  540s
 330189 140318 infeasible   47      5920.00000 5734.96153  3.13%  60.4  546s
 333101 141053 infeasible   48      5920.00000 5734.99367  3.13%  60.5  550s
 334787 141782 5840.88538   35  167 5920.00000 5735.04270  3.12%  60.5  556s
 337157 142801 5829.62304   35  116 5920.00000 5735.07901  3.12%  60.5  560s
 341207 144208 5824.92709   39  119 5920.00000 5735.11036  3.12%  60.5  566s
 343987 144794     cutoff   47      5920.00000 5735.12767  3.12%  60.5  570s
 347164 145583 5737.24713   32  157 5920.00000 5735.18058  3.12%  60.6  576s
 349573 146359 5749.89215   39  148 5920.00000 5735.22938  3.12%  60.6  581s
 351826 147168 5805.19366   40  125 5920.00000 5735.26644  3.12%  60.7  585s
 354251 148090 5841.12652   35  204 5920.00000 5735.26988  3.12%  60.7  590s
 356963 148846 infeasible   40      5920.00000 5735.31203  3.12%  60.7  595s
 359393 149159 5780.38023   51  164 5920.00000 5735.35338  3.12%  60.8  600s

Cutting planes:
  Learned: 99
  Gomory: 5
  Cover: 328
  MIR: 327
  StrongCG: 17
  Flow cover: 280
  Inf proof: 18
  Zero half: 2
  Network: 2
  RLT: 8
  Relax-and-lift: 30

Explored 359409 nodes (21860446 simplex iterations) in 600.12 seconds (216.25 work units)
Thread count was 12 (of 12 available processors)

Solution count 10: 5920 6000 6140 ... 6996

Time limit reached
Best objective 5.920000000000e+03, best bound 5.736000000000e+03, gap 3.1081%
