
Gurobi 12.0.0 (win64) logging started Sat Feb  7 01:42:43 2026

Set parameter LogFile to value "Storage_orig/Logs/log_____________2026_02_07_01_42_43.log"
Set parameter MIPGap to value 0.01
Set parameter OutputFlag to value 1
Gurobi Optimizer version 12.0.0 build v12.0.0rc1 (win64 - Windows 11+.0 (26200.2))

CPU model: Intel(R) Core(TM) i7-9750H CPU @ 2.60GHz, instruction set [SSE2|AVX|AVX2]
Thread count: 6 physical cores, 12 logical processors, using up to 12 threads

Non-default parameters:
MIPGap  0.01
MIPFocus  1

Optimize a model with 7776 rows, 1432 columns and 20956 nonzeros
Model fingerprint: 0x277422c6
Variable types: 32 continuous, 1400 integer (824 binary)
Coefficient statistics:
  Matrix range     [2e-01, 1e+03]
  Objective range  [1e+01, 4e+03]
  Bounds range     [1e+00, 1e+00]
  RHS range        [1e+00, 1e+03]
Found heuristic solution: objective 18540.000000
Presolve removed 5852 rows and 248 columns
Presolve time: 0.08s
Presolved: 1924 rows, 1184 columns, 12020 nonzeros
Variable types: 32 continuous, 1152 integer (704 binary)

Root relaxation: objective 3.881250e+03, 794 iterations, 0.03 seconds (0.02 work units)

    Nodes    |    Current Node    |     Objective Bounds      |     Work
 Expl Unexpl |  Obj  Depth IntInf | Incumbent    BestBd   Gap | It/Node Time

     0     0 3881.25000    0   15 18540.0000 3881.25000  79.1%     -    0s
     0     0 4339.02784    0   35 18540.0000 4339.02784  76.6%     -    0s
H    0     0                    16087.000000 4339.02784  73.0%     -    0s
     0     0 4361.54117    0   44 16087.0000 4361.54117  72.9%     -    0s
     0     0 4361.54117    0   45 16087.0000 4361.54117  72.9%     -    0s
H    0     0                    15661.000000 4361.54117  72.2%     -    0s
     0     0 4495.59972    0   94 15661.0000 4495.59972  71.3%     -    0s
     0     0 4501.44000    0   33 15661.0000 4501.44000  71.3%     -    0s
     0     0 4501.44000    0   36 15661.0000 4501.44000  71.3%     -    0s
H    0     0                    15521.000000 4501.44000  71.0%     -    0s
H    0     0                    15241.000000 4501.44000  70.5%     -    0s
H    0     0                    14421.000000 4501.44000  68.8%     -    0s
H    0     0                    14281.000000 4501.44000  68.5%     -    0s
     0     0 4503.12000    0   36 14281.0000 4503.12000  68.5%     -    0s
     0     0 4503.34800    0   35 14281.0000 4503.34800  68.5%     -    0s
     0     0 4503.34800    0   43 14281.0000 4503.34800  68.5%     -    0s
H    0     0                    11263.000000 4503.34800  60.0%     -    1s
H    0     0                    10323.000000 4503.34800  56.4%     -    1s
H    0     0                    9783.0000000 4503.34800  54.0%     -    1s
     0     0 4507.52000    0   29 9783.00000 4507.52000  53.9%     -    1s
     0     0 4507.52000    0   37 9783.00000 4507.52000  53.9%     -    1s
     0     0 4643.37602    0   81 9783.00000 4643.37602  52.5%     -    1s
     0     2 4645.14839    0   78 9783.00000 4645.14839  52.5%     -    1s
H   32    39                    9327.0000000 4660.36672  50.0%  57.2    2s
H   36    39                    8528.0000000 4660.36672  45.4%  53.3    2s
H  117   123                    7995.0000000 4660.36672  41.7%  45.1    3s
H  126   128                    7315.0000000 4660.36672  36.3%  45.0    3s
H  198   195                    7229.0000000 4665.77887  35.5%  44.7    4s
H  214   204                    6975.0000000 4665.77887  33.1%  44.9    4s
   344   300 6013.10446   57   46 6975.00000 4683.46448  32.9%  40.9    5s
H  389   329                    6874.0000000 4683.46448  31.9%  38.2    5s
  1851  1309 4751.00000   20   10 6874.00000 4748.00000  30.9%  36.4   10s
H 2004  1280                    6756.0000000 4748.00000  29.7%  40.0   11s
  2503  1359 6072.96549   45  106 6756.00000 4748.00000  29.7%  46.2   15s
  2719  1411 5206.17580   51   51 6756.00000 4748.00000  29.7%  46.5   20s
  2940  1461 6332.05501   57   39 6756.00000 4748.00000  29.7%  46.4   25s
  3296  1535 4778.37583   21   25 6756.00000 4748.00000  29.7%  47.9   30s
H 3338  1523                    6515.0000000 4748.00000  27.1%  48.1   31s
  3544  1558 4748.11333   22   24 6515.00000 4748.00000  27.1%  48.5   36s
H 3676  1469                    6489.0000000 4748.00000  26.8%  48.0   37s
H 3890  1475                    6390.0000000 4748.00000  25.7%  48.0   38s
  3967  1507 4757.59775   49   97 6390.00000 4748.00000  25.7%  47.9   40s
  4214  1555 4771.59991   54   28 6390.00000 4748.00000  25.7%  48.0   45s
  4476  1697 4748.18700   22   18 6390.00000 4748.00000  25.7%  48.5   51s
  4746  1697     cutoff   33      6390.00000 4748.00000  25.7%  48.7   55s
  5520  2220 4756.97127   38   75 6390.00000 4748.00000  25.7%  49.5   61s
  6116  2559 4753.82753   27   62 6390.00000 4748.00000  25.7%  50.8   65s
  6880  2878 4748.03950   23   12 6390.00000 4748.00000  25.7%  50.1   72s
  7121  3140 4751.03647   26   17 6390.00000 4748.00000  25.7%  49.7   75s
  7698  3462 6091.76875   43   58 6390.00000 4748.04528  25.7%  50.1   80s
  8030  3478 5644.58881   28  241 6390.00000 4748.04528  25.7%  50.8   85s
  8337  3901 6362.91736   51  153 6390.00000 4748.04528  25.7%  50.5   92s
  8741  4009 6077.55800   41   50 6390.00000 4748.07500  25.7%  50.3   95s
  9288  4339     cutoff   30      6390.00000 4748.10566  25.7%  51.0  101s
 10314  4987 4780.78596   35  175 6390.00000 4748.15101  25.7%  51.7  107s
 10756  5126 4790.42469   49  111 6390.00000 4748.31485  25.7%  51.4  111s
 11044  5294     cutoff   58      6390.00000 4748.35870  25.7%  51.4  115s
 11324  5432 infeasible   44      6390.00000 4748.39391  25.7%  51.4  126s
 11531  5712 infeasible   44      6390.00000 4748.39391  25.7%  51.6 20726s
 12820  6760 infeasible   24      6390.00000 4748.69000  25.7%  50.8 20731s
 14435  7482 5268.53419   28  128 6390.00000 4748.94937  25.7%  50.4 20736s
 15203  7676 4753.38120   45   39 6390.00000 4749.52830  25.7%  49.8 20740s
 17986  9649     cutoff   24      6390.00000 4750.63199  25.7%  50.1 20748s
 18867 10119 5122.36715   33   48 6390.00000 4750.98440  25.6%  50.4 20751s
 19689 10267 4753.16560   27   78 6390.00000 4751.00000  25.6%  50.6 20755s
 22820 12452 4769.02499   37   35 6390.00000 4751.00000  25.6%  51.8 20763s
 24001 13487 5970.13021   50   84 6390.00000 4751.11881  25.6%  51.3 20766s
 25886 13620     cutoff   48      6390.00000 4751.29922  25.6%  50.4 20770s
 28165 14762 6219.31522   66   71 6390.00000 4751.83814  25.6%  51.2 20776s
 28915 15825 4785.77086   30  120 6390.00000 4752.04696  25.6%  51.1 20781s
 31191 17011 4843.85000   24    6 6390.00000 4752.50908  25.6%  51.2 20786s
 33436 17578 6266.18976   45  165 6390.00000 4753.20445  25.6%  51.8 20791s
 34259 18978 5350.85519   37  185 6390.00000 4753.57047  25.6%  52.0 20796s
 35950 20653 6205.89476   49  136 6390.00000 4753.63292  25.6%  51.8 20802s
 38816 20671 4756.33187   25   31 6390.00000 4754.05000  25.6%  51.0 20805s
 39746 21820 6076.93835   36  100 6390.00000 4754.11894  25.6%  50.8 20811s
 42369 22554     cutoff   31      6390.00000 4754.78645  25.6%  51.2 20816s
 42409 22749     cutoff   32      6390.00000 4754.80934  25.6%  51.2 20820s
 43765 23642 4803.05353   51   71 6390.00000 4755.01338  25.6%  51.7 20826s
 46174 24328 infeasible   29      6390.00000 4755.38570  25.6%  51.4 20830s
 46816 25082 4756.43863   43   23 6390.00000 4755.40843  25.6%  51.5 20836s
 48070 25409 6307.65071   43   49 6390.00000 4755.91562  25.6%  51.9 20840s
 49048 25636 infeasible   20      6390.00000 4756.31114  25.6%  52.1 20845s
 51010 26903 4966.42085   32  170 6390.00000 4757.00593  25.6%  52.6 20852s
 52639 26905 4852.14200   24   17 6390.00000 4757.61288  25.5%  52.8 20855s
 54296 27782 4760.77500   28   20 6390.00000 4757.77271  25.5%  52.9 20860s
 57026 29225 4932.28770   25  164 6390.00000 4758.13505  25.5%  53.2 20867s
 57785 29229 infeasible   31      6390.00000 4758.13505  25.5%  53.3 20870s
 58569 29603 infeasible   55      6390.00000 4758.13505  25.5%  53.4 20876s
 58684 30255 4758.88597   35   45 6390.00000 4758.50725  25.5%  53.4 20882s
 60073 30832 4883.08788   31   29 6390.00000 4758.82301  25.5%  53.5 20886s
 61566 31313 6197.29925   40   43 6390.00000 4758.91883  25.5%  53.6 20891s
 62555 32061     cutoff   24      6390.00000 4759.06443  25.5%  53.8 20896s
 64228 32816 4826.12787   49   47 6390.00000 4759.68008  25.5%  54.1 20901s
 65780 33294 5215.26939   59   64 6390.00000 4760.04706  25.5%  54.3 20906s
 66646 33916 4783.97860   26   20 6390.00000 4760.21642  25.5%  54.4 20910s
 68106 34785 5585.63178   37  117 6390.00000 4760.77500  25.5%  54.6 20917s
 69526 35615 4763.37925   50   64 6390.00000 4760.77500  25.5%  54.7 20920s
 72022 36693 4885.82437   27  167 6390.00000 4761.00000  25.5%  55.3 20928s
 73072 36790     cutoff   53      6390.00000 4761.00000  25.5%  55.4 20932s
 73286 42983     cutoff   54      6390.00000 4761.00000  25.5%  55.4 20951s
 86082 43386     cutoff   22      6390.00000 4761.79572  25.5%  56.4 20958s
 86118 43562 5001.82070   23  111 6390.00000 4761.93781  25.5%  56.5 20961s
 88472 44576 4779.93940   39   76 6390.00000 4762.54340  25.5%  56.5 20966s
 88823 44992 4817.06761   45   93 6390.00000 4762.61526  25.5%  56.5 20973s
 89306 45627 4966.64267   46  102 6390.00000 4762.64705  25.5%  56.5 20976s
 90686 45811 5075.13825   44   38 6390.00000 4762.83117  25.5%  56.4 20981s
 90946 46298 4778.70117   36   45 6390.00000 4762.83117  25.5%  56.4 20986s
 92030 46497 4793.06090   29  123 6390.00000 4763.01841  25.5%  56.5 20991s
 92484 47576 4793.06373   30  119 6390.00000 4763.04420  25.5%  56.6 20995s
 96157 48777 5117.14874   27  190 6390.00000 4763.31716  25.5%  56.9 21000s
 97366 49143 4787.06759   41  158 6390.00000 4763.81321  25.4%  56.9 21007s
 98012 49606 4826.28008   26  103 6390.00000 4763.84564  25.4%  56.9 21010s
 100255 50366 infeasible   56      6390.00000 4764.00000  25.4%  57.1 21017s
 100269 50980 infeasible   57      6390.00000 4764.00000  25.4%  57.1 21021s
 102741 51793 infeasible   48      6390.00000 4764.00000  25.4%  57.1 21028s
 102756 52546 6328.02569   49  122 6390.00000 4764.00000  25.4%  57.1 21034s
 103998 53314 5961.09091   30   36 6390.00000 4764.00025  25.4%  57.1 21038s
 105522 53315 6226.17632   59  157 6390.00000 4764.03713  25.4%  57.2 21040s
 106042 54033 6231.16426   58  160 6390.00000 4764.16677  25.4%  57.1 21049s
 107248 54175     cutoff   32      6390.00000 4764.31577  25.4%  57.2 21053s
 107567 54518 6290.83670   46   62 6390.00000 4764.34127  25.4%  57.3 21056s
 108384 55468 6202.25469   47   40 6390.00000 4764.45000  25.4%  57.4 21060s
 110332 57058     cutoff   61      6390.00000 4764.73971  25.4%  57.5 21065s
 115546 58683 4814.50000   23   11 6390.00000 4765.29629  25.4%  57.7 21070s
 119154 60384 4793.87956   41  144 6390.00000 4765.77537  25.4%  57.9 21076s
 121689 61379     cutoff   48      6390.00000 4766.03428  25.4%  58.1 21081s
 125168 63023 infeasible   30      6390.00000 4766.54430  25.4%  58.2 21085s
 128663 65213     cutoff   51      6390.00000 4767.00000  25.4%  58.5 21094s
 131440 65678 6219.01251   56   93 6390.00000 4767.31231  25.4%  58.6 21096s
 135500 68014 5021.86034   30  122 6390.00000 4767.92237  25.4%  58.5 21100s
 138988 69957 4929.22304   33  111 6390.00000 4768.04925  25.4%  58.5 21105s
 143135 71877     cutoff   40      6390.00000 4768.74239  25.4%  58.2 21111s
 145746 72496     cutoff   29      6390.00000 4769.07692  25.4%  58.1 21115s
 147008 73762 4823.63492   35  152 6390.00000 4769.18710  25.4%  58.1 21121s
 151284 75433 4799.03590   24  132 6390.00000 4769.71810  25.4%  58.1 21126s
 154772 76588 6189.01225   50   95 6390.00000 4770.72241  25.3%  58.1 21130s
 160061 78879     cutoff   35      6390.00000 4771.50386  25.3%  58.0 21136s
 162961 80124     cutoff   41      6390.00000 4772.08496  25.3%  57.9 21140s
 164877 81536 infeasible   27      6390.00000 4772.55648  25.3%  58.0 21145s
 171390 83206     cutoff   47      6390.00000 4774.20616  25.3%  57.7 21150s
 173554 84284 6215.20131   46   40 6390.00000 4774.88616  25.3%  57.6 21155s
 178109 85679 4885.00000   22   21 6390.00000 4776.00831  25.3%  57.6 21160s
 181657 87603 4812.65764   26  124 6390.00000 4776.84491  25.2%  57.6 21165s
 185505 89086 4780.91920   24  109 6390.00000 4777.76996  25.2%  57.5 21172s
 189028 90653 infeasible   54      6390.00000 4778.00000  25.2%  57.4 21175s
 193655 92875     cutoff   40      6390.00000 4778.63305  25.2%  57.4 21181s
 196253 93599 5689.18282   34  201 6390.00000 4778.90900  25.2%  57.3 21185s
 201281 95933 5062.18511   24   81 6390.00000 4779.65050  25.2%  57.2 21191s
 205000 97652     cutoff   39      6390.00000 4780.36445  25.2%  57.2 21195s
 207844 98522 4786.71581   41  178 6390.00000 4780.54462  25.2%  57.0 21200s
 211227 100524 4792.20279   21  131 6390.00000 4781.00000  25.2%  57.0 21205s
 216545 102736 infeasible   45      6390.00000 4781.31683  25.2%  56.9 21212s
 219140 103791 4835.89049   47  140 6390.00000 4781.90799  25.2%  56.8 21217s
 223012 104937 6088.02425   45  110 6390.00000 4782.54266  25.2%  56.8 21220s
 226979 106328 6036.73853   30   35 6390.00000 4783.10001  25.1%  56.6 21226s
 227145 106559 6059.20519   32   33 6390.00000 4783.12500  25.1%  56.6 21231s
 228371 107008 5528.53154   30   93 6390.00000 4783.23999  25.1%  56.7 21235s
 231142 108144     cutoff   29      6390.00000 4784.01189  25.1%  56.9 21242s
 232254 108589 4968.09233   30   53 6390.00000 4784.11873  25.1%  56.9 21246s
 236546 109810 5981.18761   39  107 6390.00000 4784.91008  25.1%  56.9 21251s
 237000 110167 6071.61677   40   80 6390.00000 4785.01529  25.1%  56.9 21255s
 239880 110628 6135.90903   64  170 6390.00000 4785.41237  25.1%  57.0 21263s
 240165 110771 6135.90903   65  170 6390.00000 4785.45069  25.1%  57.0 21265s
 242063 111534 6135.90903   67  170 6390.00000 4785.62746  25.1%  57.0 21272s
 243660 111818 6168.23027   32  160 6390.00000 4786.58623  25.1%  57.1 21276s
 246377 112508 4787.14566   42  128 6390.00000 4787.04665  25.1%  57.1 21281s
 248747 113496     cutoff   43      6390.00000 4787.64992  25.1%  57.2 21288s
 250400 113736 4854.69469   29   21 6390.00000 4788.03160  25.1%  57.2 21291s
 251403 113873 infeasible   49      6390.00000 4788.09117  25.1%  57.2 21295s
 253839 114479     cutoff   35      6390.00000 4788.39570  25.1%  57.3 21301s
 255271 114632 5017.18258   37  138 6390.00000 4789.38920  25.0%  57.4 21306s
 255975 115088 5843.40000   42   18 6390.00000 4789.61348  25.0%  57.4 21311s
 259879 115587 5335.72444   32  186 6390.00000 4790.19465  25.0%  57.5 21318s
 260334 116077 6136.09930   49  153 6390.00000 4790.43972  25.0%  57.6 21322s
 263485 117153 4992.74970   36  180 6390.00000 4791.05935  25.0%  57.6 21326s
 265980 117781 6208.81911   45  121 6390.00000 4791.52921  25.0%  57.7 21333s
 267455 117875     cutoff   34      6390.00000 4791.89013  25.0%  57.8 21342s
 268162 118170     cutoff   20      6390.00000 4792.04442  25.0%  57.8 21346s
 271200 118752 4898.13577   30   30 6390.00000 4793.05856  25.0%  57.9 21353s
 271766 119175     cutoff   26      6390.00000 4793.11144  25.0%  57.9 21357s
 273285 119392 5132.32953   39  147 6390.00000 4793.39874  25.0%  57.9 21362s
 274070 120003 6135.89412   49  184 6390.00000 4793.54463  25.0%  58.0 21368s
 276443 120144 4809.43058   36  160 6390.00000 4794.33675  25.0%  58.1 21371s
 279308 120795 infeasible   36      6390.00000 4795.04572  25.0%  58.2 21378s
 280218 121003 infeasible   48      6390.00000 4795.35127  25.0%  58.2 21381s
 282612 121491 6143.07822   50  115 6390.00000 4795.90109  24.9%  58.2 21387s
 284450 121719     cutoff   59      6390.00000 4796.44533  24.9%  58.2 21390s
 286892 121909 5005.65001   26   42 6390.00000 4797.30686  24.9%  58.3 21398s
 287562 122077     cutoff   50      6390.00000 4797.49193  24.9%  58.3 21400s
 289375 122519 6122.47262   40  188 6390.00000 4797.98770  24.9%  58.3 21406s
 290697 122742 4884.03876   36  112 6390.00000 4798.40133  24.9%  58.3 21410s
 293850 123120 5120.71616   34  136 6390.00000 4799.86112  24.9%  58.4 21416s
 295534 123308 infeasible   26      6390.00000 4800.26908  24.9%  58.4 21423s
 296256 123613 5208.60510   42  223 6390.00000 4800.71862  24.9%  58.5 21428s
 297893 123833 6273.27620   59   83 6390.00000 4801.50468  24.9%  58.5 21430s
 300669 123729 infeasible   49      6390.00000 4802.80764  24.8%  58.5 21436s
 303203 124094 5792.66173   45   67 6390.00000 4803.90985  24.8%  58.5 21443s
 304032 124145     cutoff   40      6390.00000 4804.39174  24.8%  58.5 21445s
 306317 124406 6230.16198   58  133 6390.00000 4805.05491  24.8%  58.6 21451s
 308027 124434 infeasible   41      6390.00000 4806.07582  24.8%  58.6 21456s
 310035 124932     cutoff   32      6390.00000 4806.69899  24.8%  58.6 21462s
 311652 125028 4913.42977   45  139 6390.00000 4807.18322  24.8%  58.6 21465s
 313395 125613 6154.47818   64  137 6390.00000 4808.52274  24.7%  58.7 21472s
 315124 125927 infeasible   30      6390.00000 4809.28000  24.7%  58.7 21475s
 317106 126083 4819.99063   47  139 6390.00000 4810.12287  24.7%  58.7 21480s
 317385 126319 4845.13142   49   60 6390.00000 4810.35351  24.7%  58.7 21488s
 318678 126675 5106.05000   32   12 6390.00000 4810.86424  24.7%  58.8 21491s
 320360 126925 4892.20660   27  191 6390.00000 4811.60749  24.7%  58.8 21497s
 321168 127440 4894.49228   38  173 6390.00000 4811.65155  24.7%  58.9 21502s
 322772 127544 infeasible   52      6390.00000 4812.82509  24.7%  58.9 21505s
 325077 128405 4820.05380   30   23 6390.00000 4813.73714  24.7%  58.9 21511s
 326748 128561 infeasible   42      6390.00000 4814.50904  24.7%  59.0 21515s
 327411 128647 4918.96957   51  162 6390.00000 4814.72145  24.7%  59.0 21522s
 327822 128855 4959.96729   52   45 6390.00000 4814.88356  24.6%  59.0 21525s
 330563 129316 5032.53886   30   28 6390.00000 4815.99331  24.6%  59.1 21532s
 331191 129555 5353.69832   42  100 6390.00000 4816.56908  24.6%  59.1 21536s
 334239 130245     cutoff   29      6390.00000 4818.56475  24.6%  59.2 21542s
 334797 130619 4919.24705   45   71 6390.00000 4818.76000  24.6%  59.3 21546s
 335994 130703 6338.03014   54  150 6390.00000 4819.03576  24.6%  59.3 21550s
 336760 130944 4941.52078   47   60 6390.00000 4819.42960  24.6%  59.4 21557s
 337949 131271 5385.39268   54   72 6390.00000 4820.44567  24.6%  59.4 21561s
 339058 131618 infeasible   42      6390.00000 4820.86633  24.6%  59.4 21565s
 341647 132192 infeasible   34      6390.00000 4822.61000  24.5%  59.5 21573s
 343146 132461 infeasible   36      6390.00000 4823.56181  24.5%  59.6 21578s
 344296 132931 4870.02294   39   36 6390.00000 4823.77181  24.5%  59.6 21580s
 346063 135091 infeasible   48      6390.00000 4825.01430  24.5%  59.6 21613s
 358063 135623 4900.95230   34  159 6390.00000 4828.20897  24.4%  59.9 21616s
 359571 135718 4883.79747   28   25 6390.00000 4828.64000  24.4%  59.9 21620s
 361394 136256 4939.09950   47  147 6390.00000 4829.35294  24.4%  59.9 21627s
 361909 136606 4873.97350   28   23 6390.00000 4829.39748  24.4%  59.9 21632s
 363945 137446 4882.59048   48   53 6390.00000 4830.41414  24.4%  59.9 21637s
 366891 138150 5107.35122   33   64 6390.00000 4832.72018  24.4%  60.0 21640s
 368694 138661 5152.79134   30   58 6390.00000 4833.43464  24.4%  60.0 21645s
 372564 139816 6159.02869   49  122 6390.00000 4835.16519  24.3%  60.1 21651s
 376595 140999 5944.02340   47   99 6390.00000 4837.65437  24.3%  60.3 21656s
 379122 141725 4901.44995   29   92 6390.00000 4839.09686  24.3%  60.3 21660s
 383676 143035 infeasible   30      6390.00000 4842.11245  24.2%  60.4 21665s
 387554 144251 6314.57930   51   32 6390.00000 4844.16939  24.2%  60.4 21670s
 391144 145417 4899.70110   38  137 6390.00000 4846.31977  24.2%  60.5 21675s
 394705 146700 6292.31345   53   46 6390.00000 4849.06300  24.1%  60.6 21680s
 399728 148663     cutoff   42      6390.00000 4851.59795  24.1%  60.6 21686s
 402743 149553 4884.37892   29  176 6390.00000 4852.27225  24.1%  60.6 21690s
 407606 151133     cutoff   36      6390.00000 4854.22194  24.0%  60.6 21696s
 411264 152704 4863.30845   38  109 6390.00000 4855.07678  24.0%  60.7 21701s
 414876 153864 infeasible   32      6390.00000 4855.82734  24.0%  60.8 21705s
 418613 154970 infeasible   27      6390.00000 4857.01797  24.0%  60.8 21711s
 422799 156457 5067.25897   39   34 6390.00000 4858.03924  24.0%  60.9 21715s
 424656 157072 6290.35044   47   26 6390.00000 4858.37902  24.0%  60.9 21721s
 429194 158418 6119.64293   56  162 6390.00000 4859.65883  23.9%  60.9 21726s
 432990 159512 infeasible   26      6390.00000 4860.66987  23.9%  60.9 21731s
 436499 161077 4866.90865   35   84 6390.00000 4861.40259  23.9%  61.0 21737s
 439408 162129 infeasible   30      6390.00000 4861.64285  23.9%  61.0 21740s
 444406 163844 4872.88265   36   58 6390.00000 4862.31713  23.9%  61.1 21746s
 447883 164782 4867.91625   29   97 6390.00000 4862.92723  23.9%  61.2 21751s
 451578 165673 5640.06942   29   68 6390.00000 4863.98626  23.9%  61.3 21756s
 455269 167228 infeasible   23      6390.00000 4864.85402  23.9%  61.3 21761s
 459375 168851 4977.34611   50   80 6390.00000 4865.00000  23.9%  61.4 21766s
 463205 170690 4868.00000   34   18 6390.00000 4865.00719  23.9%  61.5 21771s
 466881 171977 6194.42813   43   95 6390.00000 4865.19531  23.9%  61.6 21776s
 470128 172935 5261.03350   45   78 6390.00000 4865.57029  23.9%  61.7 21781s
 472700 173966     cutoff   72      6390.00000 4866.06637  23.8%  61.8 21785s
 478328 176638 6243.20101   61  135 6390.00000 4866.06637  23.8%  61.7 21791s
 482207 178254 6229.61154   39   84 6390.00000 4866.06637  23.8%  61.6 21795s
 487457 180634 6268.48274   44   30 6390.00000 4866.06637  23.8%  61.5 21800s
 492579 182841 6188.27398   55   46 6390.00000 4866.06637  23.8%  61.3 21807s
 497228 184404 infeasible   31      6390.00000 4866.06637  23.8%  61.2 21810s
 501795 186432 6090.49466   46  140 6390.00000 4866.06637  23.8%  61.2 21816s
 505240 187933 infeasible   53      6390.00000 4866.06637  23.8%  61.1 21820s
 510284 190588 6264.87486   49  150 6390.00000 4866.06637  23.8%  61.0 21826s
 514689 191784 6098.62657   43  139 6390.00000 4866.06637  23.8%  60.9 21830s
 518963 193692     cutoff   50      6390.00000 4866.06637  23.8%  60.8 21835s
 524400 196099 6194.70131   46  119 6390.00000 4866.06637  23.8%  60.7 21840s
 528585 198139 6148.90017   44   28 6390.00000 4866.06637  23.8%  60.7 21846s
 531494 198580     cutoff   41      6390.00000 4866.06637  23.8%  60.7 21851s
 531541 198750 6051.38671   44  120 6390.00000 4866.06637  23.8%  60.7 21855s
 534919 200675 6096.86718   27  135 6390.00000 4866.06637  23.8%  60.7 21861s
 539475 202547 6190.52240   45   59 6390.00000 4866.06637  23.8%  60.6 21866s
 542265 203772 6182.28333   49   17 6390.00000 4866.06637  23.8%  60.6 21870s
 546048 205100 6040.03533   40  158 6390.00000 4866.06637  23.8%  60.5 21876s
 549049 206704 6083.64377   53   61 6390.00000 4866.06637  23.8%  60.5 21880s
 554324 209020 6074.93548   34   34 6390.00000 4866.06637  23.8%  60.4 21885s
 559510 211282 infeasible   65      6390.00000 4866.06637  23.8%  60.2 21890s
 564441 213565 6087.28489   39  138 6390.00000 4866.06637  23.8%  60.1 21895s
 569251 215568     cutoff   48      6390.00000 4866.06637  23.8%  60.0 21900s
 573937 217693 5965.27908   40  125 6390.00000 4866.06637  23.8%  59.9 21906s
 577593 219345 infeasible   50      6390.00000 4866.06637  23.8%  59.8 21910s
 581789 221016     cutoff   57      6390.00000 4866.06637  23.8%  59.7 21915s
 585320 222202 6097.98559   42   90 6390.00000 4866.25341  23.8%  59.7 21922s
 588073 223028 5472.45327   42  122 6390.00000 4866.60987  23.8%  59.7 21925s
 591686 223875 5084.51193   48   34 6390.00000 4867.05652  23.8%  59.7 21930s
 595258 224947 6193.24732   30  150 6390.00000 4867.46737  23.8%  59.8 21935s
 598890 226113 4870.63327   33   37 6390.00000 4868.00000  23.8%  59.8 21940s
 602483 228489 4874.57371   31   36 6390.00000 4868.00000  23.8%  59.8 21945s
 607961 230131 6342.04424   51   36 6390.00000 4868.08877  23.8%  59.8 21950s
 612374 231451 4882.97926   46  139 6390.00000 4868.52364  23.8%  59.8 21955s
 616460 232935 infeasible   33      6390.00000 4869.00000  23.8%  59.8 21961s
 620100 234166 4897.83427   26  140 6390.00000 4869.21139  23.8%  59.8 21966s
 624412 235097 6134.25975   25  109 6390.00000 4869.78251  23.8%  59.8 21971s
 628066 235803 4880.71163   36  154 6390.00000 4870.27378  23.8%  59.8 21975s
 631882 236529 6092.66986   41  112 6390.00000 4870.79372  23.8%  59.8 21980s
 636767 237952 4889.31769   40  171 6390.00000 4871.29735  23.8%  59.9 21986s
 640972 238924 5724.57293   48   35 6390.00000 4871.86282  23.8%  59.8 21991s
 644795 240017 5022.07496   25  104 6390.00000 4872.10720  23.8%  59.8 21996s
 648643 240706 5093.71906   27  183 6390.00000 4872.72317  23.7%  59.8 22000s
 652755 241763     cutoff   51      6390.00000 4873.19391  23.7%  59.8 22005s
 657634 242545 infeasible   46      6390.00000 4873.89266  23.7%  59.7 22011s
 661847 243234     cutoff   47      6390.00000 4874.66140  23.7%  59.7 22016s
 665723 243689 6226.44088   49   39 6390.00000 4875.37715  23.7%  59.7 22020s
 669383 244228 infeasible   43      6390.00000 4876.02400  23.7%  59.7 22025s
 674440 244569 6189.39015   46   98 6390.00000 4876.94859  23.7%  59.7 22031s
 677313 244872 infeasible   39      6390.00000 4877.57406  23.7%  59.7 22035s
 680699 245270 4924.90811   34  136 6390.00000 4878.11238  23.7%  59.7 22040s
 684447 246283     cutoff   36      6390.00000 4879.00000  23.6%  59.8 22045s
 687868 247371 4977.19950   31   16 6390.00000 4879.06467  23.6%  59.8 22050s
 691661 248058 6205.80279   51   31 6390.00000 4879.60238  23.6%  59.8 22055s
 695749 248877 4895.41367   33   20 6390.00000 4880.04880  23.6%  59.9 22060s
 699470 249711 5003.30292   33  124 6390.00000 4881.00425  23.6%  59.8 22065s
 703455 250467 4883.02150   27   12 6390.00000 4881.41382  23.6%  59.8 22070s
 707000 252174 6140.74108   44  102 6390.00000 4882.00000  23.6%  59.9 22075s
 710886 253325 infeasible   43      6390.00000 4882.07690  23.6%  59.9 22080s
 715412 254671     cutoff   38      6390.00000 4882.48597  23.6%  59.9 22085s
 719869 255753 infeasible   24      6390.00000 4882.98423  23.6%  59.8 22090s
 723717 256465 6245.37523   63  128 6390.00000 4883.80133  23.6%  59.9 22096s
 727138 256892 6194.12448   62  166 6390.00000 4884.37517  23.6%  59.9 22100s
 730626 258045     cutoff   24      6390.00000 4885.00000  23.6%  59.9 22105s
 734553 258827 6208.13032   41  223 6390.00000 4885.45691  23.5%  60.0 22111s
 737230 259309 5544.33264   42   94 6390.00000 4885.80513  23.5%  60.0 22115s
 741184 259829 6171.52580   55   83 6390.00000 4886.49861  23.5%  60.0 22120s
 745355 260235     cutoff   37      6390.00000 4887.23425  23.5%  60.0 22125s
 749170 260773 4896.96617   52  158 6390.00000 4888.00866  23.5%  60.0 22130s
 753307 261394 6191.39090   42  155 6390.00000 4888.74369  23.5%  60.0 22135s
 757003 261944 6194.74664   42   90 6390.00000 4889.32002  23.5%  60.1 22140s
 760569 262150     cutoff   43      6390.00000 4890.08420  23.5%  60.1 22145s
 764146 262567 infeasible   46      6390.00000 4890.72340  23.5%  60.1 22150s
H765167 259660                    6330.0000000 4890.78100  22.7%  60.1 22150s
 766957 259762 4919.05678   36  130 6330.00000 4891.41315  22.7%  60.1 22156s
 769227 260753 6217.84831   75   36 6330.00000 4891.83015  22.7%  60.1 22160s
H769803 253608                    6291.0000000 4891.83015  22.2%  60.1 22160s
 771716 254239 infeasible   49      6291.00000 4892.06196  22.2%  60.1 22165s
H774363 247057                    6252.0000000 4892.34762  21.7%  60.1 22169s
H774365 130771                    5772.0000000 4892.36017  15.2%  60.1 22170s
 776692 130532 5412.14207   42   63 5772.00000 4893.02017  15.2%  60.1 22176s
 779214 130289 5146.33453   27   49 5772.00000 4893.80704  15.2%  60.1 22181s
 781707 130722 5672.54867   34   28 5772.00000 4894.72815  15.2%  60.1 22185s
 785356 130804 infeasible   35      5772.00000 4895.13998  15.2%  60.1 22192s
 787738 130711 5007.63112   46   89 5772.00000 4896.00000  15.2%  60.1 22196s
 790674 130147     cutoff   28      5772.00000 4896.87751  15.2%  60.1 22200s
 794388 129290 4904.34336   38   34 5772.00000 4898.21571  15.1%  60.1 22206s
 796973 128704 5182.14571   49   57 5772.00000 4899.07122  15.1%  60.1 22210s
 800983 127829     cutoff   42      5772.00000 4900.76214  15.1%  60.1 22216s
 804700 126260 4980.93377   49   61 5772.00000 4902.88631  15.1%  60.0 22221s
 807124 125244 5285.62816   50   39 5772.00000 4903.67382  15.0%  60.0 22225s
 810834 123413     cutoff   25      5772.00000 4906.45632  15.0%  59.9 22231s
 813904 122086     cutoff   55      5772.00000 4908.23040  15.0%  59.9 22235s
 818088 119848     cutoff   30      5772.00000 4911.66469  14.9%  59.8 22240s
 821768 117876 5029.45716   41   84 5772.00000 4915.21288  14.8%  59.7 22245s
 825431 116095     cutoff   35      5772.00000 4918.00440  14.8%  59.7 22251s
 829298 114568 infeasible   36      5772.00000 4925.20572  14.7%  59.6 22256s
 833144 112976 4973.53455   45   26 5772.00000 4931.17330  14.6%  59.5 22261s
 837765 107791     cutoff   46      5772.00000 4935.04008  14.5%  59.5 22266s
 841981 103765     cutoff   39      5772.00000 4935.04709  14.5%  59.4 22270s
 847659 98462 infeasible   29      5772.00000 4938.92226  14.4%  59.4 22276s
 852589 93948     cutoff   51      5772.00000 4939.04008  14.4%  59.3 22283s
 855875 92944 5015.78869   37  133 5772.00000 4939.04008  14.4%  59.3 22286s
 859319 91488 infeasible   38      5772.00000 4943.56180  14.4%  59.2 22290s
 862605 90487 infeasible   47      5772.00000 4952.03878  14.2%  59.2 22296s
 866016 89891 4967.83313   42  121 5772.00000 4958.56446  14.1%  59.1 22301s
 868774 89264     cutoff   43      5772.00000 4962.42102  14.0%  59.1 22305s
 872161 88970     cutoff   45      5772.00000 4966.43679  14.0%  59.1 22310s
 874333 85163 5041.58669   44   36 5772.00000 4969.03696  13.9%  59.1 22315s
 880644 82474 infeasible   48      5772.00000 4970.00175  13.9%  59.0 22321s
 884306 81053     cutoff   44      5772.00000 4973.69685  13.8%  59.0 22326s
 887549 79866     cutoff   55      5772.00000 4979.03574  13.7%  59.0 22331s
 889336 79537 4995.38776   30  143 5772.00000 4979.73809  13.7%  59.0 22335s
 891884 79232 5003.28370   27  128 5772.00000 4983.13950  13.7%  59.0 22341s
 891913 79225 5003.37739   28  135 5772.00000 4983.13950  13.7%  59.0 22345s
 891955 79246 5003.42924   30  134 5772.00000 4983.13950  13.7%  59.0 22350s
H891975 75578                    5671.0000000 4983.13950  12.1%  59.0 22351s
 893288 74859     cutoff   49      5671.00000 4983.79158  12.1%  58.9 22356s
 895479 73912 5074.73129   33   64 5671.00000 4987.40445  12.1%  58.9 22360s
 899696 72530     cutoff   26      5671.00000 4992.92228  12.0%  58.9 22366s
 901762 71516     cutoff   47      5671.00000 4995.85740  11.9%  58.9 22370s
 905751 69523     cutoff   37      5671.00000 5000.51933  11.8%  58.9 22376s
 909322 67717 infeasible   43      5671.00000 5002.60175  11.8%  58.8 22380s
 915169 63720 5034.77806   34  171 5671.00000 5017.46682  11.5%  58.7 22386s
 919548 62364 5090.07353   50   99 5671.00000 5027.34493  11.3%  58.6 22390s
 923366 60857 5212.12988   40  166 5671.00000 5033.06239  11.2%  58.5 22395s
 928989 58980     cutoff   34      5671.00000 5048.42054  11.0%  58.4 22401s
 933114 57554     cutoff   38      5671.00000 5060.32394  10.8%  58.3 22405s
 938272 55333     cutoff   46      5671.00000 5074.00149  10.5%  58.2 22410s
 943692 53211 5204.83511   38  111 5671.00000 5090.13338  10.2%  58.0 22416s
 948890 50647     cutoff   36      5671.00000 5103.61843  10.0%  57.9 22421s
 954505 48105     cutoff   60      5671.00000 5115.33933  9.80%  57.8 22425s
 959464 45493 5384.93621   56   67 5671.00000 5138.57654  9.39%  57.7 22430s
*964521 29900              60    5456.0000000 5156.34413  5.49%  57.5 22433s
 964620 28506     cutoff   43      5456.00000 5160.02355  5.42%  57.5 22435s
 972048 23066     cutoff   40      5456.00000 5198.26562  4.72%  57.3 22440s
 979337 17230     cutoff   31      5456.00000 5243.25761  3.90%  57.0 22445s
 988011 10091     cutoff   52      5456.00000 5314.47121  2.59%  56.7 22450s
 996235  4066     cutoff   49      5456.00000 5393.33110  1.15%  56.5 22455s

Cutting planes:
  Learned: 463
  Gomory: 8
  Cover: 141
  MIR: 147
  StrongCG: 9
  Flow cover: 248
  Zero half: 2
  Network: 24
  RLT: 9
  Relax-and-lift: 22

Explored 997764 nodes (56325409 simplex iterations) in 22455.96 seconds (912.17 work units)
Thread count was 12 (of 12 available processors)

Solution count 10: 5456 5456 5671 ... 6515

Optimal solution found (tolerance 1.00e-02)
Best objective 5.456000000000e+03, best bound 5.402000000000e+03, gap 0.9897%
