
Gurobi 12.0.0 (win64) logging started Sat Feb 14 21:36:51 2026

Set parameter LogFile to value "Storage_orig/Logs/log______Sens_gamma_750_2026_02_14_21_36_51.log"
Set parameter MIPGap to value 0.01
Set parameter OutputFlag to value 1
Gurobi Optimizer version 12.0.0 build v12.0.0rc1 (win64 - Windows 11+.0 (26200.2))

CPU model: Intel(R) Core(TM) i7-9750H CPU @ 2.60GHz, instruction set [SSE2|AVX|AVX2]
Thread count: 6 physical cores, 12 logical processors, using up to 12 threads

Non-default parameters:
MIPGap  0.01
MIPFocus  1

Optimize a model with 6604 rows, 1332 columns and 17992 nonzeros
Model fingerprint: 0x355fbe75
Variable types: 32 continuous, 1300 integer (724 binary)
Coefficient statistics:
  Matrix range     [2e-01, 1e+03]
  Objective range  [1e+01, 5e+03]
  Bounds range     [1e+00, 1e+00]
  RHS range        [1e+00, 1e+03]

User MIP start produced solution with objective 9974 (0.01s)
Loaded user MIP start with objective 9974

Presolve removed 4892 rows and 228 columns
Presolve time: 0.02s
Presolved: 1712 rows, 1104 columns, 10516 nonzeros
Variable types: 32 continuous, 1072 integer (624 binary)

Root relaxation: objective 3.848840e+03, 836 iterations, 0.02 seconds (0.02 work units)

    Nodes    |    Current Node    |     Objective Bounds      |     Work
 Expl Unexpl |  Obj  Depth IntInf | Incumbent    BestBd   Gap | It/Node Time

     0     0 3848.84000    0   16 9974.00000 3848.84000  61.4%     -    0s
     0     0 4872.27346    0   47 9974.00000 4872.27346  51.2%     -    0s
     0     0 4884.29305    0   53 9974.00000 4884.29305  51.0%     -    0s
     0     0 5726.44719    0  102 9974.00000 5726.44719  42.6%     -    0s
     0     0 5945.91121    0   97 9974.00000 5945.91121  40.4%     -    0s
     0     0 5990.28626    0  107 9974.00000 5990.28626  39.9%     -    0s
     0     0 6003.87268    0   94 9974.00000 6003.87268  39.8%     -    0s
     0     0 6004.31249    0  101 9974.00000 6004.31249  39.8%     -    0s
     0     0 6004.31249    0  103 9974.00000 6004.31249  39.8%     -    0s
     0     0 7202.14048    0  164 9974.00000 7202.14048  27.8%     -    0s
     0     0 7594.25085    0  142 9974.00000 7594.25085  23.9%     -    0s
     0     0 7962.44489    0  134 9974.00000 7962.44489  20.2%     -    0s
     0     0 7963.44830    0  144 9974.00000 7963.44830  20.2%     -    0s
     0     0 7963.76583    0  150 9974.00000 7963.76583  20.2%     -    0s
     0     0 8374.34916    0  197 9974.00000 8374.34916  16.0%     -    0s
     0     0 8432.15192    0  146 9974.00000 8432.15192  15.5%     -    0s
     0     0 8433.72859    0  165 9974.00000 8433.72859  15.4%     -    0s
     0     0 8438.26196    0  200 9974.00000 8438.26196  15.4%     -    0s
     0     0 8452.94134    0  158 9974.00000 8452.94134  15.3%     -    0s
     0     0 8452.94134    0  161 9974.00000 8452.94134  15.3%     -    0s
     0     0 8483.66442    0  171 9974.00000 8483.66442  14.9%     -    0s
     0     2 8483.76442    0  167 9974.00000 8483.76442  14.9%     -    1s
  1423   848 9005.70442   21  133 9974.00000 8927.52435  10.5%  74.0    5s
  3348  1345 9357.18743   49   40 9974.00000 8977.12176  10.0%  64.8   10s
  6761  1736 9388.71429   42   32 9974.00000 9057.15477  9.19%  69.8   15s
 11842  3783 9216.27000   37   12 9974.00000 9173.83807  8.02%  63.6   20s
 17868  6096 9526.85714   43   21 9974.00000 9203.61089  7.72%  58.9   25s
 22572  7559 9490.21429   39   37 9974.00000 9217.64176  7.58%  57.7   30s
 27512  9303 infeasible   42      9974.00000 9224.51244  7.51%  56.9   35s
 34519 11253 9259.51875   45   11 9974.00000 9229.20605  7.47%  54.4   40s
 39880 12330 9527.75000   39   10 9974.00000 9235.41530  7.41%  54.3   45s
 45691 13407     cutoff   56      9974.00000 9241.21302  7.35%  54.7   50s
 50378 14270 9497.76028   39   98 9974.00000 9247.77727  7.28%  55.3   55s
 56112 14848     cutoff   46      9974.00000 9262.74660  7.13%  55.3   61s
 61279 15614 9628.48549   48   77 9974.00000 9283.71111  6.92%  55.2   65s
 66283 16760 9373.83731   36  132 9974.00000 9298.00000  6.78%  55.4   70s
 68904 17749     cutoff   44      9974.00000 9298.27649  6.77%  56.3   75s
 72412 19034     cutoff   25      9974.00000 9301.00000  6.75%  57.8   81s
 74994 20110 9332.82609   28  168 9974.00000 9301.04533  6.75%  59.2   87s
 77946 21049 9665.16822   32  157 9974.00000 9303.13809  6.73%  60.4   91s
 80376 21825 9304.14389   24   26 9974.00000 9304.05989  6.72%  61.6   96s
 81665 22347 9332.34083   25   34 9974.00000 9304.41333  6.71%  62.3  101s
 84121 23138 9312.01131   27   80 9974.00000 9306.05133  6.70%  63.7  105s
 86558 23667 9327.64252   27   66 9974.00000 9307.86824  6.68%  65.1  110s
 88865 24141 9610.70347   28  173 9974.00000 9309.49559  6.66%  66.3  115s
 91985 25003 9333.43052   28   60 9974.00000 9311.00000  6.65%  68.0  122s
 93294 25364 9832.82990   31  206 9974.00000 9311.25423  6.64%  68.7  125s
 95958 25923 9343.27639   28  100 9974.00000 9313.05569  6.63%  69.7  130s
 98241 26391     cutoff   46      9974.00000 9314.01205  6.62%  70.8  135s
 99887 26891 9331.29201   32  223 9974.00000 9315.05850  6.61%  71.7  141s
 102670 27292     cutoff   25      9974.00000 9317.00000  6.59%  72.8  146s
 105108 27770 9400.60913   26  310 9974.00000 9318.00912  6.58%  74.1  152s
 107819 28083 9799.81055   31  144 9974.00000 9320.64146  6.55%  74.9  157s
 108466 28274 9365.76711   32  198 9974.00000 9321.00000  6.55%  75.2  160s
 111933 28445 9597.83839   31  166 9974.00000 9324.32723  6.51%  75.9  167s
 114917 28501 9342.07956   26  124 9974.00000 9326.85171  6.49%  76.5  172s
 116073 28456 infeasible   22      9974.00000 9328.00000  6.48%  76.9  175s
 118603 28554 9587.81060   32  173 9974.00000 9329.79089  6.46%  77.5  180s
 121353 28470 9693.47567   34  151 9974.00000 9332.97146  6.43%  77.9  185s
 123750 28303     cutoff   29      9974.00000 9335.87500  6.40%  78.2  190s
 127703 27689 9400.93900   30  142 9974.00000 9341.00000  6.35%  78.9  197s
 130822 27026     cutoff   28      9974.00000 9346.25838  6.29%  78.9  201s
 134009 25636     cutoff   53      9974.00000 9353.46037  6.22%  78.4  205s
 138365 23990 9739.12011   39   49 9974.00000 9366.14057  6.09%  77.6  211s
 144693 22566 infeasible   41      9974.00000 9389.56054  5.86%  76.0  216s
 149026 21775     cutoff   48      9974.00000 9406.13973  5.69%  75.0  220s
 155624 20597     cutoff   41      9974.00000 9437.59057  5.38%  73.7  225s
 161035 19671 9462.71429   46   31 9974.00000 9460.27450  5.15%  72.8  230s
 165059 18210 9590.68750   45   14 9974.00000 9477.14598  4.98%  72.1  235s
 172588 16271 9530.75000   49   24 9974.00000 9512.62231  4.63%  70.7  240s
 178484 14742     cutoff   43      9974.00000 9540.93685  4.34%  69.6  245s
 184704 12174     cutoff   38      9974.00000 9577.68750  3.97%  68.4  250s
 192491 10379 infeasible   32      9974.00000 9623.30295  3.52%  66.7  255s
 200170  8919     cutoff   37      9974.00000 9649.70680  3.25%  64.9  260s
 207075  6240     cutoff   48      9974.00000 9703.56928  2.71%  63.6  265s
 218899  6577 9825.11867   63   12 9974.00000 9725.03286  2.50%  61.0  270s
 226330  5945     cutoff   57      9974.00000 9736.01483  2.39%  59.5  275s
 233252  3228 infeasible   47      9974.00000 9771.89667  2.03%  58.3  280s
 239572   740 9932.03590   45   50 9974.00000 9852.00000  1.22%  57.4  285s

Cutting planes:
  Learned: 906
  Gomory: 4
  Cover: 136
  MIR: 108
  StrongCG: 2
  Flow cover: 227
  Inf proof: 10
  Zero half: 1
  Network: 13
  RLT: 12
  Relax-and-lift: 12

Explored 240690 nodes (13787653 simplex iterations) in 286.11 seconds (161.43 work units)
Thread count was 12 (of 12 available processors)

Solution count 1: 9974 

Optimal solution found (tolerance 1.00e-02)
Best objective 9.974000000000e+03, best bound 9.901000000000e+03, gap 0.7319%
