
Gurobi 12.0.0 (win64) logging started Tue Feb 24 23:15:24 2026

Set parameter LogFile to value "Storage_orig/Logs/log______Sens_handling_time_0.2_2026_02_24_23_15_24.log"
Set parameter MIPGap to value 0.005
Set parameter OutputFlag to value 1
Gurobi Optimizer version 12.0.0 build v12.0.0rc1 (win64 - Windows 11+.0 (26200.2))

CPU model: Intel(R) Core(TM) i7-9750H CPU @ 2.60GHz, instruction set [SSE2|AVX|AVX2]
Thread count: 6 physical cores, 12 logical processors, using up to 12 threads

Non-default parameters:
MIPGap  0.005
MIPFocus  2

Optimize a model with 5520 rows, 1080 columns and 14632 nonzeros
Model fingerprint: 0x13783dad
Variable types: 24 continuous, 1056 integer (720 binary)
Coefficient statistics:
  Matrix range     [2e-01, 1e+03]
  Objective range  [1e+01, 2e+03]
  Bounds range     [1e+00, 1e+00]
  RHS range        [1e+00, 1e+03]

User MIP start did not produce a new incumbent solution
User MIP start violates constraint Time_LB_2_5_1 by 2.200000000

Found heuristic solution: objective 18900.000000
Presolve removed 3920 rows and 216 columns
Presolve time: 0.02s
Presolved: 1600 rows, 864 columns, 8604 nonzeros
Variable types: 24 continuous, 840 integer (600 binary)
Root relaxation presolve removed 4 rows and 0 columns
Root relaxation presolved: 1596 rows, 864 columns, 8564 nonzeros


Root relaxation: objective 4.977000e+03, 820 iterations, 0.03 seconds (0.03 work units)

    Nodes    |    Current Node    |     Objective Bounds      |     Work
 Expl Unexpl |  Obj  Depth IntInf | Incumbent    BestBd   Gap | It/Node Time

     0     0 4977.00003    0   42 18900.0000 4977.00003  73.7%     -    0s
H    0     0                    15008.000000 4977.00003  66.8%     -    0s
H    0     0                    14576.000000 4977.00003  65.9%     -    0s
H    0     0                    12856.000000 4977.00003  61.3%     -    0s
H    0     0                    11416.000000 4977.00003  56.4%     -    0s
H    0     0                    11356.000000 4977.00003  56.2%     -    0s
H    0     0                    11296.000000 4977.00003  55.9%     -    0s
H    0     0                    10632.000000 4983.45332  53.1%     -    0s
H    0     0                    9412.0000000 4983.45332  47.1%     -    0s
     0     0 4983.45332    0  102 9412.00000 4983.45332  47.1%     -    0s
H    0     0                    9272.0000000 4983.66166  46.3%     -    0s
     0     0 4985.27571    0   72 9272.00000 4985.27571  46.2%     -    0s
     0     0 4985.27571    0   75 9272.00000 4985.27571  46.2%     -    0s
     0     0 5043.25250    0  137 9272.00000 5043.25250  45.6%     -    0s
     0     0 5071.61544    0  110 9272.00000 5071.61544  45.3%     -    0s
     0     0 5072.38926    0  139 9272.00000 5072.38926  45.3%     -    0s
     0     0 5072.55207    0  150 9272.00000 5072.55207  45.3%     -    0s
     0     0 5072.64005    0  140 9272.00000 5072.64005  45.3%     -    0s
     0     0 5072.70640    0  154 9272.00000 5072.70640  45.3%     -    0s
     0     0 5072.70640    0  163 9272.00000 5072.70640  45.3%     -    0s
H    0     0                    7173.0000000 5079.40840  29.2%     -    0s
H    0     0                    6887.0000000 5079.40840  26.2%     -    0s
H    0     0                    6827.0000000 5142.51871  24.7%     -    0s
H    0     0                    6805.0000000 5142.51871  24.4%     -    0s
     0     0 5142.51871    0  213 6805.00000 5142.51871  24.4%     -    0s
     0     0 5143.62333    0  251 6805.00000 5143.62333  24.4%     -    0s
     0     0 5147.90051    0  206 6805.00000 5147.90051  24.4%     -    0s
H    0     0                    6777.0000000 5148.16420  24.0%     -    0s
     0     0 5148.16420    0  282 6777.00000 5148.16420  24.0%     -    0s
     0     0 5148.34389    0  260 6777.00000 5148.34389  24.0%     -    0s
H    0     0                    6477.0000000 5148.41615  20.5%     -    0s
     0     0 5148.41615    0  278 6477.00000 5148.41615  20.5%     -    0s
H    0     0                    6417.0000000 5148.41615  19.8%     -    1s
H    0     0                    6313.0000000 5148.41615  18.4%     -    1s
H    0     0                    6277.0000000 5153.74919  17.9%     -    1s
     0     0 5153.74919    0  216 6277.00000 5153.74919  17.9%     -    1s
H    0     0                    6178.0000000 5153.76776  16.6%     -    1s
H    0     0                    6176.0000000 5156.85309  16.5%     -    1s
H    0     0                    6137.0000000 5156.85309  16.0%     -    1s
H    0     0                    5937.0000000 5156.85309  13.1%     -    1s
     0     0 5156.85309    0  231 5937.00000 5156.85309  13.1%     -    1s
     0     0 5170.08171    0  231 5937.00000 5170.08171  12.9%     -    1s
     0     0 5170.15559    0  246 5937.00000 5170.15559  12.9%     -    1s
H    0     0                    5838.0000000 5170.15559  11.4%     -    1s
H    0     0                    5778.0000000 5170.15559  10.5%     -    1s
H    0     0                    5699.0000000 5170.15559  9.28%     -    1s
     0     0 5182.32000    0  206 5699.00000 5182.32000  9.07%     -    1s
H    0     0                    5677.0000000 5183.60000  8.69%     -    2s
H    0     0                    5559.0000000 5183.60000  6.75%     -    2s
     0     0 5183.60000    0  242 5559.00000 5183.60000  6.75%     -    2s
     0     0 5184.12000    0  249 5559.00000 5184.12000  6.74%     -    2s
H    0     0                    5556.0000000 5184.12000  6.69%     -    2s
     0     0 5184.12000    0  254 5556.00000 5184.12000  6.69%     -    2s
     0     0 5185.38000    0  256 5556.00000 5185.38000  6.67%     -    2s
     0     0 5185.38000    0  158 5556.00000 5185.38000  6.67%     -    2s
H    0     0                    5532.0000000 5185.38000  6.27%     -    2s
     0     2 5185.58000    0  107 5532.00000 5185.58000  6.26%     -    2s
   352   280 5298.23043    7  106 5532.00000 5187.75313  6.22%   167    5s
  1693   840 5404.84793    9  239 5532.00000 5220.01488  5.64%   145   10s
  2911  1079 5481.85036   15  232 5532.00000 5270.58333  4.73%   158   15s
  4000  1155 5396.17593   16  166 5532.00000 5310.00107  4.01%   159   20s
  5049  1105 5362.92118   12  109 5532.00000 5334.62836  3.57%   162   25s
  6209  1016 5493.28941   18  199 5532.00000 5367.84663  2.97%   161   30s
  7467   881     cutoff   34      5532.00000 5405.77763  2.28%   161   35s
  8433   859 5521.58654   13  171 5532.00000 5423.24167  1.97%   155   40s
 10444   543 infeasible   17      5532.00000 5455.79723  1.38%   145   45s

Cutting planes:
  Learned: 1
  Gomory: 42
  Lift-and-project: 4
  Cover: 425
  Implied bound: 202
  MIR: 569
  StrongCG: 111
  Flow cover: 912
  Zero half: 323
  Network: 4
  RLT: 10
  Relax-and-lift: 86

Explored 13598 nodes (1776373 simplex iterations) in 49.77 seconds (38.48 work units)
Thread count was 12 (of 12 available processors)

Solution count 10: 5532 5556 5559 ... 6176

Optimal solution found (tolerance 5.00e-03)
Best objective 5.532000000000e+03, best bound 5.508000000000e+03, gap 0.4338%
