
Gurobi 12.0.0 (win64) logging started Sun Feb 15 11:33:25 2026

Set parameter LogFile to value "Storage_orig/Logs/log______Sens_handling_time_0.2_2026_02_15_11_33_25.log"
Set parameter MIPGap to value 0.01
Set parameter OutputFlag to value 1
Gurobi Optimizer version 12.0.0 build v12.0.0rc1 (win64 - Windows 11+.0 (26200.2))

CPU model: Intel(R) Core(TM) i7-9750H CPU @ 2.60GHz, instruction set [SSE2|AVX|AVX2]
Thread count: 6 physical cores, 12 logical processors, using up to 12 threads

Non-default parameters:
MIPGap  0.01
MIPFocus  1

Optimize a model with 6604 rows, 1332 columns and 17992 nonzeros
Model fingerprint: 0xef02b794
Variable types: 32 continuous, 1300 integer (724 binary)
Coefficient statistics:
  Matrix range     [2e-01, 1e+03]
  Objective range  [1e+01, 4e+03]
  Bounds range     [1e+00, 1e+00]
  RHS range        [1e+00, 1e+03]

User MIP start did not produce a new incumbent solution
User MIP start violates constraint Time_LB_1_7_1 by 1.300000000

Found heuristic solution: objective 15560.000000
Presolve removed 4892 rows and 228 columns
Presolve time: 0.02s
Presolved: 1712 rows, 1104 columns, 10516 nonzeros
Variable types: 32 continuous, 1072 integer (624 binary)

Root relaxation: objective 3.302840e+03, 836 iterations, 0.01 seconds (0.02 work units)

    Nodes    |    Current Node    |     Objective Bounds      |     Work
 Expl Unexpl |  Obj  Depth IntInf | Incumbent    BestBd   Gap | It/Node Time

     0     0 3302.84000    0   16 15560.0000 3302.84000  78.8%     -    0s
     0     0 3741.26469    0   46 15560.0000 3741.26469  76.0%     -    0s
     0     0 3750.84408    0   57 15560.0000 3750.84408  75.9%     -    0s
H    0     0                    15121.000000 3750.84408  75.2%     -    0s
     0     0 3750.84408    0   61 15121.0000 3750.84408  75.2%     -    0s
H    0     0                    13961.000000 3750.84408  73.1%     -    0s
H    0     0                    13361.000000 3750.84408  71.9%     -    0s
H    0     0                    12321.000000 3750.84408  69.6%     -    0s
     0     0 3898.67316    0   99 12321.0000 3898.67316  68.4%     -    0s
H    0     0                    11981.000000 3916.52644  67.3%     -    0s
     0     0 3916.52644    0  120 11981.0000 3916.52644  67.3%     -    0s
H    0     0                    10941.000000 3929.97399  64.1%     -    0s
H    0     0                    10905.000000 3929.97399  64.0%     -    0s
H    0     0                    10765.000000 3929.97399  63.5%     -    0s
     0     0 3929.97399    0  104 10765.0000 3929.97399  63.5%     -    0s
     0     0 3930.12493    0  113 10765.0000 3930.12493  63.5%     -    0s
     0     0 3930.16669    0  109 10765.0000 3930.16669  63.5%     -    0s
     0     0 3940.32000    0   24 10765.0000 3940.32000  63.4%     -    0s
     0     0 3940.32000    0   28 10765.0000 3940.32000  63.4%     -    0s
H    0     0                    10685.000000 3940.32000  63.1%     -    0s
H    0     0                    10398.000000 4320.14399  58.5%     -    0s
H    0     0                    10138.000000 4320.14399  57.4%     -    0s
H    0     0                    9998.0000000 4320.14399  56.8%     -    0s
     0     0 4320.14399    0   83 9998.00000 4320.14399  56.8%     -    0s
H    0     0                    9062.0000000 4320.14399  52.3%     -    0s
H    0     0                    8942.0000000 4320.14399  51.7%     -    0s
H    0     0                    8242.0000000 4320.14399  47.6%     -    0s
H    0     0                    8066.0000000 4320.14399  46.4%     -    0s
H    0     0                    8063.0000000 4320.14399  46.4%     -    0s
H    0     0                    7932.0000000 4325.82769  45.5%     -    0s
     0     0 4325.82769    0   98 7932.00000 4325.82769  45.5%     -    0s
     0     0 4333.87143    0   42 7932.00000 4333.87143  45.4%     -    0s
     0     0 4352.82792    0   49 7932.00000 4352.82792  45.1%     -    0s
     0     0 4354.09718    0   98 7932.00000 4354.09718  45.1%     -    0s
     0     0 4354.09718    0  111 7932.00000 4354.09718  45.1%     -    0s
H    0     0                    7906.0000000 4354.09718  44.9%     -    0s
     0     0 4355.48136    0  119 7906.00000 4355.48136  44.9%     -    0s
H    0     0                    7766.0000000 4355.48136  43.9%     -    0s
H    0     0                    7540.0000000 4355.98712  42.2%     -    0s
H    0     0                    7400.0000000 4355.98712  41.1%     -    0s
     0     2 4355.98712    0  114 7400.00000 4355.98712  41.1%     -    0s
H   30    37                    7340.0000000 4366.04365  40.5%   115    1s
H   35    37                    6767.0000000 4366.04365  35.5%   106    1s
H   46    53                    6627.0000000 4366.04365  34.1%   104    1s
H   69    76                    6274.0000000 4366.04365  30.4%  92.2    1s
H   75    92                    5574.0000000 4366.04365  21.7%  94.5    1s
H  118   114                    5456.0000000 4366.04365  20.0%  77.9    1s
  1671   970 4409.74375   11   40 5456.00000 4395.55843  19.4%  51.3    5s
  2292  1220 4879.15660   26    9 5456.00000 4452.00000  18.4%  58.3   10s
  3008  1391 4991.20103   57   34 5456.00000 4452.00000  18.4%  58.7   15s
  4098  1734     cutoff   29      5456.00000 4452.57925  18.4%  56.6   20s
H 4150   998                    4774.0000000 4452.57925  6.73%  56.7   20s
  9482  1984 4682.00000   44   14 4774.00000 4629.63571  3.02%  50.5   25s
 18475  3374 4689.72403   35   69 4774.00000 4665.27807  2.28%  41.7   30s
 26519  3432 4690.53562   43   92 4774.00000 4676.80519  2.04%  38.6   35s
 35574  3542     cutoff   45      4774.00000 4691.42963  1.73%  35.9   40s
 44709  3411 4711.08172   46   44 4774.00000 4706.27958  1.42%  33.9   45s
 55859  2569     cutoff   50      4774.00000 4724.85714  1.03%  31.9   50s

Cutting planes:
  Learned: 45
  Gomory: 1
  Cover: 127
  MIR: 78
  StrongCG: 2
  Flow cover: 156
  GUB cover: 1
  Inf proof: 1
  Zero half: 1
  Network: 20
  RLT: 16
  Relax-and-lift: 10

Explored 57268 nodes (1819540 simplex iterations) in 50.77 seconds (25.90 work units)
Thread count was 12 (of 12 available processors)

Solution count 10: 4774 4774 5456 ... 7540

Optimal solution found (tolerance 1.00e-02)
Best objective 4.774000000000e+03, best bound 4.727000000000e+03, gap 0.9845%
