
Gurobi 12.0.0 (win64) logging started Sun Feb 15 16:54:36 2026

Set parameter LogFile to value "Storage_orig/Logs/log______Sens_gamma_1000_2026_02_15_16_54_36.log"
Set parameter MIPGap to value 0.01
Set parameter OutputFlag to value 1
Gurobi Optimizer version 12.0.0 build v12.0.0rc1 (win64 - Windows 11+.0 (26200.2))

CPU model: Intel(R) Core(TM) i7-9750H CPU @ 2.60GHz, instruction set [SSE2|AVX|AVX2]
Thread count: 6 physical cores, 12 logical processors, using up to 12 threads

Non-default parameters:
MIPGap  0.01
MIPFocus  1

Optimize a model with 3870 rows, 843 columns and 10455 nonzeros
Model fingerprint: 0xb489c264
Variable types: 21 continuous, 822 integer (486 binary)
Coefficient statistics:
  Matrix range     [2e-01, 1e+03]
  Objective range  [1e+01, 3e+03]
  Bounds range     [1e+00, 1e+00]
  RHS range        [1e+00, 1e+03]

User MIP start produced solution with objective 9405 (0.04s)
Loaded user MIP start with objective 9405

Presolve removed 2760 rows and 174 columns
Presolve time: 0.06s
Presolved: 1110 rows, 669 columns, 6204 nonzeros
Variable types: 21 continuous, 648 integer (396 binary)

Root relaxation: objective 4.917433e+03, 455 iterations, 0.06 seconds (0.01 work units)

    Nodes    |    Current Node    |     Objective Bounds      |     Work
 Expl Unexpl |  Obj  Depth IntInf | Incumbent    BestBd   Gap | It/Node Time

     0     0 4917.43333    0   14 9405.00000 4917.43333  47.7%     -    0s
     0     0 5105.65406    0   39 9405.00000 5105.65406  45.7%     -    0s
     0     0 5305.13246    0   22 9405.00000 5305.13246  43.6%     -    0s
     0     0 7823.02588    0   76 9405.00000 7823.02588  16.8%     -    0s
     0     0 7844.50365    0   85 9405.00000 7844.50365  16.6%     -    0s
     0     0 7874.21623    0  111 9405.00000 7874.21623  16.3%     -    0s
     0     0 7920.25974    0   84 9405.00000 7920.25974  15.8%     -    0s
     0     0 7951.14459    0  103 9405.00000 7951.14459  15.5%     -    0s
     0     0 7951.42593    0  106 9405.00000 7951.42593  15.5%     -    0s
     0     0 8394.70661    0  120 9405.00000 8394.70661  10.7%     -    0s
     0     0 8532.32949    0  156 9405.00000 8532.32949  9.28%     -    0s
     0     0 8685.88611    0  129 9405.00000 8685.88611  7.65%     -    1s
     0     0 8712.22657    0  151 9405.00000 8712.22657  7.37%     -    1s
     0     0 8722.08964    0  146 9405.00000 8722.08964  7.26%     -    1s
     0     0 8728.40144    0  153 9405.00000 8728.40144  7.19%     -    1s
     0     0 8747.14781    0  108 9405.00000 8747.14781  6.99%     -    1s
     0     0 8747.14781    0  108 9405.00000 8747.14781  6.99%     -    1s
     0     0 8748.07456    0  128 9405.00000 8748.07456  6.98%     -    1s
     0     0 8755.68255    0  118 9405.00000 8755.68255  6.90%     -    1s
     0     0 8757.08395    0  139 9405.00000 8757.08395  6.89%     -    1s
     0     0 8757.96702    0  151 9405.00000 8757.96702  6.88%     -    1s
     0     0 8757.96702    0  156 9405.00000 8757.96702  6.88%     -    1s
     0     0 8860.10043    0  180 9405.00000 8860.10043  5.79%     -    1s
     0     0 8942.70453    0   85 9405.00000 8942.70453  4.92%     -    1s
     0     0 8949.21614    0  152 9405.00000 8949.21614  4.85%     -    1s
     0     0 8952.69062    0  102 9405.00000 8952.69062  4.81%     -    1s
     0     0 8959.38939    0   75 9405.00000 8959.38939  4.74%     -    1s
     0     0 8960.06070    0  114 9405.00000 8960.06070  4.73%     -    1s
     0     0 8960.06075    0  172 9405.00000 8960.06075  4.73%     -    1s
     0     0 8960.74066    0  125 9405.00000 8960.74066  4.72%     -    1s
     0     0 8960.74066    0  125 9405.00000 8960.74066  4.72%     -    1s
     0     0 8960.74066    0   18 9405.00000 8960.74066  4.72%     -    2s
     0     0 8960.74066    0   61 9405.00000 8960.74066  4.72%     -    2s
     0     0 8960.74066    0   93 9405.00000 8960.74066  4.72%     -    2s
     0     0 8960.74066    0  107 9405.00000 8960.74066  4.72%     -    2s
     0     0 8960.74066    0  134 9405.00000 8960.74066  4.72%     -    3s
     0     0 8960.74066    0  143 9405.00000 8960.74066  4.72%     -    3s
     0     0 8960.74066    0  168 9405.00000 8960.74066  4.72%     -    3s
     0     0 8960.74066    0  162 9405.00000 8960.74066  4.72%     -    3s
     0     0 8960.74066    0  175 9405.00000 8960.74066  4.72%     -    3s
     0     0 8960.74066    0  191 9405.00000 8960.74066  4.72%     -    3s
     0     0 8960.74066    0  143 9405.00000 8960.74066  4.72%     -    3s
     0     0 8960.74066    0  197 9405.00000 8960.74066  4.72%     -    3s
     0     0 8960.74066    0  211 9405.00000 8960.74066  4.72%     -    3s
     0     0 8960.74066    0  207 9405.00000 8960.74066  4.72%     -    3s
     0     0 8960.74066    0  212 9405.00000 8960.74066  4.72%     -    3s
     0     0 8960.74066    0  152 9405.00000 8960.74066  4.72%     -    3s
     0     0 8960.74066    0  209 9405.00000 8960.74066  4.72%     -    3s
     0     0 8961.06667    0  114 9405.00000 8961.06667  4.72%     -    3s
     0     0 8961.06667    0  114 9405.00000 8961.06667  4.72%     -    3s
     0     0 8961.13611    0  177 9405.00000 8961.13611  4.72%     -    3s
     0     0 8961.13611    0  183 9405.00000 8961.13611  4.72%     -    3s
     0     0 8961.13611    0  142 9405.00000 8961.13611  4.72%     -    3s
     0     0 8961.13611    0  187 9405.00000 8961.13611  4.72%     -    3s
     0     0 8961.13611    0  187 9405.00000 8961.13611  4.72%     -    3s
     0     0 8961.25738    0  175 9405.00000 8961.25738  4.72%     -    4s
     0     2 8961.27500    0  175 9405.00000 8961.27500  4.72%     -    4s
    13    37 8963.33521    4  100 9405.00000 8963.33521  4.70%   117    5s
   877   311 9023.19086    6  118 9405.00000 8972.35709  4.60%  49.7   10s
  2629   546     cutoff   20      9405.00000 9003.06250  4.27%  51.3   15s
  3587   734 9177.43323   11  232 9405.00000 9017.66667  4.12%  49.3   20s
  4671   641     cutoff   23      9405.00000 9017.66667  4.12%  53.8   25s
  6898   448     cutoff   26      9405.00000 9021.05463  4.08%  54.7   30s

Cutting planes:
  Learned: 127
  Gomory: 4
  Cover: 175
  Implied bound: 1
  MIR: 114
  StrongCG: 1
  Flow cover: 121
  Zero half: 1
  RLT: 12
  Relax-and-lift: 1

Explored 8713 nodes (481415 simplex iterations) in 33.86 seconds (7.76 work units)
Thread count was 12 (of 12 available processors)

Solution count 1: 9405 

Optimal solution found (tolerance 1.00e-02)
Best objective 9.405000000000e+03, best bound 9.405000000000e+03, gap 0.0000%
