
Gurobi 12.0.0 (win64) logging started Mon Feb 16 00:43:23 2026

Set parameter LogFile to value "Storage_orig/Logs/log______Sens_handling_time_0.2_2026_02_16_00_43_23.log"
Set parameter MIPGap to value 0.01
Set parameter OutputFlag to value 1
Set parameter TimeLimit to value 600
Gurobi Optimizer version 12.0.0 build v12.0.0rc1 (win64 - Windows 11+.0 (26200.2))

CPU model: Intel(R) Core(TM) i7-9750H CPU @ 2.60GHz, instruction set [SSE2|AVX|AVX2]
Thread count: 6 physical cores, 12 logical processors, using up to 12 threads

Non-default parameters:
TimeLimit  600
MIPGap  0.01
MIPFocus  1

Optimize a model with 4170 rows, 840 columns and 11004 nonzeros
Model fingerprint: 0xf4d4eb83
Variable types: 18 continuous, 822 integer (570 binary)
Coefficient statistics:
  Matrix range     [2e-01, 1e+03]
  Objective range  [1e+01, 2e+03]
  Bounds range     [1e+00, 1e+00]
  RHS range        [1e+00, 1e+03]

User MIP start did not produce a new incumbent solution
User MIP start violates constraint Time_LB_2_5_1 by 2.300000000

Found heuristic solution: objective 18900.000000
Presolve removed 2940 rows and 192 columns
Presolve time: 0.05s
Presolved: 1230 rows, 648 columns, 6453 nonzeros
Variable types: 18 continuous, 630 integer (450 binary)

Root relaxation: objective 5.467500e+03, 407 iterations, 0.02 seconds (0.01 work units)

    Nodes    |    Current Node    |     Objective Bounds      |     Work
 Expl Unexpl |  Obj  Depth IntInf | Incumbent    BestBd   Gap | It/Node Time

     0     0 5467.50003    0   31 18900.0000 5467.50003  71.1%     -    0s
H    0     0                    18064.000000 5467.50003  69.7%     -    0s
H    0     0                    16964.000000 5467.50003  67.8%     -    0s
H    0     0                    14970.000000 5467.50003  63.5%     -    0s
H    0     0                    14370.000000 5467.50003  62.0%     -    0s
H    0     0                    12610.000000 5468.00012  56.6%     -    0s
H    0     0                    12010.000000 5468.00012  54.5%     -    0s
H    0     0                    11870.000000 5468.00012  53.9%     -    0s
     0     0 5468.00012    0   73 11870.0000 5468.00012  53.9%     -    0s
H    0     0                    11850.000000 5468.14286  53.9%     -    0s
H    0     0                    10970.000000 5468.14286  50.2%     -    0s
     0     0 5468.14286    0   63 10970.0000 5468.14286  50.2%     -    0s
     0     0 5474.82262    0   62 10970.0000 5474.82262  50.1%     -    0s
     0     0 5474.83453    0   70 10970.0000 5474.83453  50.1%     -    0s
     0     0 5474.83453    0   70 10970.0000 5474.83453  50.1%     -    0s
H    0     0                    10651.000000 5558.58104  47.8%     -    0s
     0     0 5558.58104    0   99 10651.0000 5558.58104  47.8%     -    0s
H    0     0                    9995.0000000 5572.09317  44.3%     -    0s
     0     0 5572.09317    0  111 9995.00000 5572.09317  44.3%     -    0s
     0     0 5576.71794    0  115 9995.00000 5576.71794  44.2%     -    0s
     0     0 5576.71794    0  130 9995.00000 5576.71794  44.2%     -    0s
H    0     0                    9896.0000000 5576.71794  43.6%     -    0s
H    0     0                    7756.0000000 5602.46663  27.8%     -    0s
     0     0 5602.46663    0  155 7756.00000 5602.46663  27.8%     -    0s
     0     0 5622.06963    0  117 7756.00000 5622.06963  27.5%     -    0s
     0     0 5633.68869    0  115 7756.00000 5633.68869  27.4%     -    1s
     0     0 5634.10588    0  160 7756.00000 5634.10588  27.4%     -    1s
     0     0 5635.44783    0  164 7756.00000 5635.44783  27.3%     -    1s
     0     0 5635.72691    0  201 7756.00000 5635.72691  27.3%     -    1s
     0     0 5635.76012    0  201 7756.00000 5635.76012  27.3%     -    1s
     0     0 5642.10476    0  197 7756.00000 5642.10476  27.3%     -    1s
     0     0 5647.34026    0  194 7756.00000 5647.34026  27.2%     -    1s
     0     0 5647.65311    0  192 7756.00000 5647.65311  27.2%     -    1s
     0     0 5647.89129    0  221 7756.00000 5647.89129  27.2%     -    1s
     0     0 5648.75066    0  206 7756.00000 5648.75066  27.2%     -    1s
     0     0 5648.77069    0  180 7756.00000 5648.77069  27.2%     -    1s
     0     0 5648.82150    0  227 7756.00000 5648.82150  27.2%     -    1s
     0     0 5648.85524    0  226 7756.00000 5648.85524  27.2%     -    1s
     0     0 5648.87201    0  235 7756.00000 5648.87201  27.2%     -    1s
H    0     0                    5792.0000000 5648.98607  2.47%     -    1s
     0     0 5648.98607    0  233 5792.00000 5648.98607  2.47%     -    1s
     0     0 5649.92835    0  192 5792.00000 5649.92835  2.45%     -    1s
     0     0 5649.95140    0  201 5792.00000 5649.95140  2.45%     -    1s
     0     0 5650.88811    0  226 5792.00000 5650.88811  2.44%     -    1s
     0     0 5654.18914    0  198 5792.00000 5654.18914  2.38%     -    1s
     0     0 5654.18914    0  225 5792.00000 5654.18914  2.38%     -    1s
     0     0 5668.58416    0  191 5792.00000 5668.58416  2.13%     -    1s
     0     0 5670.54796    0  208 5792.00000 5670.54796  2.10%     -    1s
     0     0 5671.36850    0  208 5792.00000 5671.36850  2.08%     -    1s
     0     0 5672.00087    0  168 5792.00000 5672.00087  2.07%     -    2s
     0     0 5672.00090    0  158 5792.00000 5672.00090  2.07%     -    2s
     0     0 5672.76471    0   50 5792.00000 5672.76471  2.06%     -    2s
     0     2 5672.76471    0   49 5792.00000 5672.76471  2.06%     -    2s
   715   475 5706.02936   11  122 5792.00000 5680.25625  1.93%  45.3    5s
  2517  1068 5730.52500   24  249 5792.00000 5688.51702  1.79%  34.4   10s
  3981   949 5713.71422   18   66 5792.00000 5713.71422  1.35%  41.9   15s
  7497   845     cutoff   33      5792.00000 5723.47826  1.18%  39.3   20s
 12613  1645 5768.34965   31   63 5792.00000 5728.18718  1.10%  35.7   25s
 19461  3322 5730.35374   27   92 5792.00000 5730.25359  1.07%  31.7   30s
 25787  4253 infeasible   33      5792.00000 5731.06088  1.05%  29.7   35s
 32187  5066     cutoff   35      5792.00000 5732.56904  1.03%  28.0   40s
 35805  4720 5768.43366   28   84 5792.00000 5733.95502  1.00%  28.0   45s

Cutting planes:
  Learned: 24
  Gomory: 1
  Cover: 231
  Implied bound: 3
  Clique: 12
  MIR: 137
  StrongCG: 9
  Flow cover: 222
  Zero half: 9
  Network: 3
  RLT: 11
  Relax-and-lift: 11

Explored 36828 nodes (1039685 simplex iterations) in 45.59 seconds (14.49 work units)
Thread count was 12 (of 12 available processors)

Solution count 10: 5792 5792 7756 ... 12010

Optimal solution found (tolerance 1.00e-02)
Best objective 5.792000000000e+03, best bound 5.735000000000e+03, gap 0.9841%
