
Gurobi 12.0.0 (win64) logging started Wed Feb  4 00:29:16 2026

Set parameter LogFile to value "Storage_orig/Logs/log_____________2026_02_04_00_29_16.log"
Set parameter MIPGap to value 0.01
Set parameter OutputFlag to value 1
Gurobi Optimizer version 12.0.0 build v12.0.0rc1 (win64 - Windows 11+.0 (26200.2))

CPU model: Intel(R) Core(TM) i7-9750H CPU @ 2.60GHz, instruction set [SSE2|AVX|AVX2]
Thread count: 6 physical cores, 12 logical processors, using up to 12 threads

Non-default parameters:
MIPGap  0.01
MIPFocus  1

Optimize a model with 12366 rows, 2030 columns and 33402 nonzeros
Model fingerprint: 0xc24a909d
Variable types: 40 continuous, 1990 integer (1110 binary)
Coefficient statistics:
  Matrix range     [2e-01, 2e+02]
  Objective range  [1e+01, 4e+03]
  Bounds range     [1e+00, 1e+00]
  RHS range        [1e+00, 3e+02]
Found heuristic solution: objective 23220.000000
Presolve removed 9740 rows and 310 columns
Presolve time: 0.07s
Presolved: 2626 rows, 1720 columns, 18580 nonzeros
Variable types: 40 continuous, 1680 integer (960 binary)

Root relaxation: objective 4.799770e+03, 1530 iterations, 0.05 seconds (0.04 work units)

    Nodes    |    Current Node    |     Objective Bounds      |     Work
 Expl Unexpl |  Obj  Depth IntInf | Incumbent    BestBd   Gap | It/Node Time

     0     0 4799.77000    0   27 23220.0000 4799.77000  79.3%     -    0s
H    0     0                    19364.000000 4799.77000  75.2%     -    0s
     0     0 5250.04157    0   64 19364.0000 5250.04157  72.9%     -    0s
H    0     0                    16312.000000 5250.04157  67.8%     -    0s
H    0     0                    16112.000000 5250.04157  67.4%     -    0s
H    0     0                    15912.000000 5250.04157  67.0%     -    0s
H    0     0                    15712.000000 5250.04157  66.6%     -    0s
     0     0 5281.25408    0   77 15712.0000 5281.25408  66.4%     -    0s
     0     0 5281.25408    0   81 15712.0000 5281.25408  66.4%     -    0s
     0     0 5486.14984    0  117 15712.0000 5486.14984  65.1%     -    0s
     0     0 5497.99115    0  140 15712.0000 5497.99115  65.0%     -    0s
H    0     0                    12807.000000 5499.56075  57.1%     -    0s
H    0     0                    12628.000000 5499.56075  56.4%     -    0s
     0     0 5499.56075    0  126 12628.0000 5499.56075  56.4%     -    0s
H    0     0                    12288.000000 5499.56075  55.2%     -    0s
     0     0 5499.56075    0  132 12288.0000 5499.56075  55.2%     -    0s
     0     0 5513.09944    0   57 12288.0000 5513.09944  55.1%     -    0s
H    0     0                    12148.000000 5513.09944  54.6%     -    0s
H    0     0                    11108.000000 5517.30400  50.3%     -    0s
H    0     0                    10968.000000 5517.30400  49.7%     -    0s
     0     0 5517.30400    0   59 10968.0000 5517.30400  49.7%     -    0s
     0     0 5521.94368    0  142 10968.0000 5521.94368  49.7%     -    0s
     0     0 5522.03777    0  151 10968.0000 5522.03777  49.7%     -    1s
     0     0 5522.14571    0  157 10968.0000 5522.14571  49.7%     -    1s
     0     0 5522.14571    0  161 10968.0000 5522.14571  49.7%     -    1s
H    0     0                    10915.000000 5533.53147  49.3%     -    1s
H    0     0                    10695.000000 5533.53147  48.3%     -    1s
H    0     0                    10674.000000 5533.53147  48.2%     -    1s
H    0     0                    10254.000000 5533.53147  46.0%     -    1s
H    0     0                    10155.000000 5533.53147  45.5%     -    1s
     0     0 5533.53147    0  204 10155.0000 5533.53147  45.5%     -    1s
H    0     0                    9975.0000000 5533.53147  44.5%     -    1s
     0     0 5535.82241    0  205 9975.00000 5535.82241  44.5%     -    1s
     0     0 5536.43976    0  197 9975.00000 5536.43976  44.5%     -    1s
     0     0 5539.27628    0  201 9975.00000 5539.27628  44.5%     -    1s
     0     0 5540.28802    0  189 9975.00000 5540.28802  44.5%     -    1s
     0     0 5540.50110    0  227 9975.00000 5540.50110  44.5%     -    1s
H    0     0                    9880.0000000 5542.32942  43.9%     -    1s
H    0     0                    9820.0000000 5542.32942  43.6%     -    1s
     0     0 5542.32942    0  160 9820.00000 5542.32942  43.6%     -    1s
H    0     0                    9501.0000000 5542.34523  41.7%     -    1s
     0     0 5542.34523    0  157 9501.00000 5542.34523  41.7%     -    1s
H    0     0                    9012.0000000 5542.34523  38.5%     -    1s
H    0     0                    8937.0000000 5542.34523  38.0%     -    1s
     0     0 5549.07655    0  232 8937.00000 5549.07655  37.9%     -    2s
H    0     2                    8376.0000000 5549.13736  33.7%     -    3s
     0     2 5549.13736    0  220 8376.00000 5549.13736  33.7%     -    3s
H    2     4                    7956.0000000 5549.13736  30.3%  89.5    3s
H    8    14                    7756.0000000 5549.48364  28.4%   235    3s
H   11    14                    7717.0000000 5549.48364  28.1%   293    3s
H   32    38                    7657.0000000 5551.85905  27.5%   309    4s
H   69    76                    7517.0000000 5551.85905  26.1%   230    5s
H  128   132                    7317.0000000 5551.85905  24.1%   193    5s
H  166   166                    7251.0000000 5551.85905  23.4%   160    6s
   464   395 5975.81922   27   55 7251.00000 5554.17993  23.4%   113   10s
H  468   394                    7221.0000000 5554.17993  23.1%   113   10s
H  469   391                    7212.0000000 5554.17993  23.0%   113   10s
H  544   442                    7152.0000000 5554.17993  22.3%   112   11s
   590   497 6022.33001   44   90 7152.00000 5554.17993  22.3%   108   15s
H  622   495                    7012.0000000 5554.17993  20.8%   106   17s
   751   597 6905.40599   65   83 7012.00000 5554.60780  20.8%  96.6   20s
H  804   636                    6986.0000000 5554.60780  20.5%  96.7   21s
H  904   607                    6872.0000000 5554.60780  19.2%  94.5   23s
   989   701 6775.03400   21   22 6872.00000 5554.60780  19.2%  95.5   25s
  1147   798 infeasible   27      6872.00000 5558.25997  19.1%  96.9   30s
  1375   927 6776.00000   10   16 6872.00000 5558.25997  19.1%  91.0   35s
  1660  1102 6775.27028   12  232 6872.00000 5569.62870  19.0%  82.6   40s
  1680  1115 6806.52000   17  300 6872.00000 5569.62870  19.0%  81.6   45s
  1697  1127 6786.73333   19  131 6872.00000 5582.99259  18.8%  80.8   50s
  1701  1129 6495.28187   76  203 6872.00000 5583.67303  18.7%  80.6   57s
  1771  1189 5586.18333   19  122 6872.00000 5583.70633  18.7%  93.1   60s
  1851  1246 6768.09000   22   40 6872.00000 5583.70633  18.7%  94.5   66s
  1934  1287 6768.01500   25   58 6872.00000 5583.70633  18.7%  93.6   71s
  2062  1329 6774.00000   29    8 6872.00000 5583.70633  18.7%  91.0   75s
  2188  1353     cutoff   34      6872.00000 5584.08333  18.7%  89.1   80s
  2291  1404     cutoff   42      6872.00000 5584.08333  18.7%  88.7   85s
  2549  1429 5588.75000   26   80 6872.00000 5584.08333  18.7%  85.1   90s
  2737  1445 5974.00000   39   19 6872.00000 5584.08333  18.7%  85.3   95s
  3032  1568 infeasible   81      6872.00000 5584.38538  18.7%  83.9  100s
  3297  1649 5654.80630   37   56 6872.00000 5584.52037  18.7%  82.0  105s
  3648  1873 6768.02489   20   55 6872.00000 5586.18333  18.7%  81.3  110s
  4164  2084 6805.05630   35   66 6872.00000 5586.18333  18.7%  81.4  115s
  4802  2085 6775.93525   49   69 6872.00000 5586.18333  18.7%  77.8  122s
  4830  2093     cutoff   50      6872.00000 5586.18333  18.7%  77.8  125s
  4933  2194 6775.93525   52   71 6872.00000 5586.18333  18.7%  77.4  131s
  5290  2364 5618.40559   31  261 6872.00000 5586.18333  18.7%  76.5  135s
  5580  2643 5972.13500   52   17 6872.00000 5586.18333  18.7%  76.3  140s
  5848  2734 6768.55708   34   50 6872.00000 5586.19299  18.7%  76.4  145s
  6020  2937 6770.06500   36   72 6872.00000 5586.50373  18.7%  76.1  152s
  6263  3113 6770.29250   37   29 6872.00000 5586.50373  18.7%  75.5  156s
  6849  3561 6869.00000   37    8 6872.00000 5586.54351  18.7%  73.8  163s
  7271  3735     cutoff   38      6872.00000 5586.58133  18.7%  72.6  165s

Cutting planes:
  Learned: 5
  Cover: 178
  MIR: 81
  StrongCG: 2
  Flow cover: 138
  Zero half: 1
  Network: 20
  RLT: 10
  Relax-and-lift: 10

Explored 8677 nodes (635499 simplex iterations) in 169.71 seconds (39.83 work units)
Thread count was 12 (of 12 available processors)

Solution count 10: 6872 6986 7012 ... 7657

Solve interrupted
Best objective 6.872000000000e+03, best bound 5.588000000000e+03, gap 18.6845%
