
Gurobi 12.0.0 (win64) logging started Thu Feb 19 20:49:09 2026

Set parameter LogFile to value "Storage_orig/Logs/log______Sens_handling_time_0.2_2026_02_19_20_49_09.log"
Set parameter MIPGap to value 0.005
Set parameter OutputFlag to value 1
Gurobi Optimizer version 12.0.0 build v12.0.0rc1 (win64 - Windows 11+.0 (26200.2))

CPU model: Intel(R) Core(TM) i7-9750H CPU @ 2.60GHz, instruction set [SSE2|AVX|AVX2]
Thread count: 6 physical cores, 12 logical processors, using up to 12 threads

Non-default parameters:
MIPGap  0.005

Optimize a model with 4176 rows, 840 columns and 11022 nonzeros
Model fingerprint: 0x61b18aff
Variable types: 18 continuous, 822 integer (570 binary)
Coefficient statistics:
  Matrix range     [2e-01, 1e+03]
  Objective range  [1e+01, 2e+03]
  Bounds range     [1e+00, 1e+00]
  RHS range        [1e+00, 1e+03]

User MIP start did not produce a new incumbent solution
User MIP start violates constraint Time_LB_1_2_0 by 0.800000000

Found heuristic solution: objective 18840.000000
Presolve removed 2934 rows and 192 columns
Presolve time: 0.01s
Presolved: 1242 rows, 648 columns, 6477 nonzeros
Variable types: 18 continuous, 630 integer (450 binary)

Root relaxation: objective 5.417700e+03, 537 iterations, 0.01 seconds (0.01 work units)

    Nodes    |    Current Node    |     Objective Bounds      |     Work
 Expl Unexpl |  Obj  Depth IntInf | Incumbent    BestBd   Gap | It/Node Time

     0     0 5417.70000    0   10 18840.0000 5417.70000  71.2%     -    0s
H    0     0                    12256.000000 5417.70000  55.8%     -    0s
H    0     0                    12056.000000 5417.70000  55.1%     -    0s
H    0     0                    11480.000000 5418.26667  52.8%     -    0s
H    0     0                    11280.000000 5418.26667  52.0%     -    0s
     0     0 5418.26667    0   36 11280.0000 5418.26667  52.0%     -    0s
     0     0 5420.18841    0   33 11280.0000 5420.18841  51.9%     -    0s
     0     0 5531.48904    0   79 11280.0000 5531.48904  51.0%     -    0s
     0     0 5533.62933    0   87 11280.0000 5533.62933  50.9%     -    0s
     0     0 5533.92294    0   83 11280.0000 5533.92294  50.9%     -    0s
     0     0 5533.92294    0   83 11280.0000 5533.92294  50.9%     -    0s
H    0     0                    8861.0000000 5570.18429  37.1%     -    0s
H    0     0                    8381.0000000 5570.18429  33.5%     -    0s
     0     0 5570.18429    0  123 8381.00000 5570.18429  33.5%     -    0s
     0     0 5573.89352    0  126 8381.00000 5573.89352  33.5%     -    0s
     0     0 5574.73297    0  140 8381.00000 5574.73297  33.5%     -    0s
H    0     0                    8304.0000000 5575.94261  32.9%     -    0s
     0     0 5575.94261    0  147 8304.00000 5575.94261  32.9%     -    0s
     0     0 5578.09776    0  106 8304.00000 5578.09776  32.8%     -    0s
     0     0 5579.90471    0  119 8304.00000 5579.90471  32.8%     -    0s
     0     0 5579.93709    0  134 8304.00000 5579.93709  32.8%     -    0s
     0     0 5593.07549    0  177 8304.00000 5593.07549  32.6%     -    0s
H    0     0                    8165.0000000 5614.68598  31.2%     -    0s
H    0     0                    7685.0000000 5614.68598  26.9%     -    0s
H    0     0                    7545.0000000 5614.68598  25.6%     -    0s
     0     0 5614.68598    0  113 7545.00000 5614.68598  25.6%     -    0s
     0     0 5617.63877    0  157 7545.00000 5617.63877  25.5%     -    0s
     0     0 5620.58437    0  146 7545.00000 5620.58437  25.5%     -    0s
     0     0 5621.56871    0  133 7545.00000 5621.56871  25.5%     -    0s
     0     0 5621.57146    0  162 7545.00000 5621.57146  25.5%     -    0s
     0     0 5622.94369    0  120 7545.00000 5622.94369  25.5%     -    0s
H    0     0                    6546.0000000 5622.94369  14.1%     -    0s
     0     0 5622.94369    0  137 6546.00000 5622.94369  14.1%     -    0s
     0     0 5626.50122    0  179 6546.00000 5626.50122  14.0%     -    0s
H    0     0                    6406.0000000 5626.51998  12.2%     -    0s
H    0     0                    6346.0000000 5626.51998  11.3%     -    0s
     0     0 5630.77771    0  176 6346.00000 5630.77771  11.3%     -    0s
H    0     0                    6264.0000000 5631.16639  10.1%     -    0s
     0     0 5631.16639    0  188 6264.00000 5631.16639  10.1%     -    0s
     0     0 5631.16639    0  223 6264.00000 5631.16639  10.1%     -    0s
     0     0 5631.82738    0  224 6264.00000 5631.82738  10.1%     -    0s
     0     0 5631.91563    0  196 6264.00000 5631.91563  10.1%     -    1s
     0     0 5632.00217    0  222 6264.00000 5632.00217  10.1%     -    1s
     0     0 5632.00397    0  238 6264.00000 5632.00397  10.1%     -    1s
     0     0 5632.06669    0  226 6264.00000 5632.06669  10.1%     -    1s
     0     0 5632.12865    0  249 6264.00000 5632.12865  10.1%     -    1s
     0     0 5632.12865    0  240 6264.00000 5632.12865  10.1%     -    1s
     0     0 5632.12865    0  177 6264.00000 5632.12865  10.1%     -    1s
     0     2 5632.12865    0  164 6264.00000 5632.12865  10.1%     -    1s
H   30    41                    6162.0000000 5632.27077  8.60%   213    1s
H   70    85                    6102.0000000 5632.27077  7.70%   177    1s
H   79    85                    5962.0000000 5632.27077  5.53%   168    1s
H  211   194                    5926.0000000 5633.35219  4.94%  98.1    1s
* 1496   842              26    5854.0000000 5637.99694  3.69%  93.5    4s
  1698   915 5655.16176   17  154 5854.00000 5639.73940  3.66%  93.5    5s
  2128  1088 5739.00000   15  265 5854.00000 5641.87794  3.62%  96.2   10s
  2549  1225     cutoff   25      5854.00000 5641.87794  3.62%   122   15s
  3755  1289 5727.93298   31  179 5854.00000 5641.87794  3.62%   135   20s
* 4247  1141              29    5844.0000000 5642.61335  3.45%   138   21s
  5217   934 5659.49367   28  247 5844.00000 5653.86926  3.25%   142   25s
  7020  1127 infeasible   30      5844.00000 5680.94502  2.79%   146   30s
  9151  1291 5773.71396   35  223 5844.00000 5730.18611  1.95%   146   35s
 10681  1368 5754.99555   20  162 5844.00000 5739.00000  1.80%   147   40s
 13019  1406 5809.74257   30  205 5844.00000 5742.17491  1.74%   144   45s
 14707  1154 infeasible   27      5844.00000 5749.51172  1.62%   143   50s
 16535   492 5790.24459   33  124 5844.00000 5769.73507  1.27%   142   56s
 18377     3     cutoff   22      5844.00000 5807.50928  0.62%   137   60s

Cutting planes:
  Learned: 13
  Gomory: 2
  Cover: 432
  MIR: 377
  Mixing: 1
  StrongCG: 30
  Flow cover: 557
  Inf proof: 1
  Zero half: 2
  RLT: 4
  Relax-and-lift: 28

Explored 18446 nodes (2534419 simplex iterations) in 61.00 seconds (29.69 work units)
Thread count was 12 (of 12 available processors)

Solution count 10: 5844 5854 5926 ... 6546

Optimal solution found (tolerance 5.00e-03)
Best objective 5.844000000000e+03, best bound 5.833000000000e+03, gap 0.1882%
