
Gurobi 12.0.0 (win64) logging started Wed Feb 18 23:44:27 2026

Set parameter LogFile to value "Storage_orig/Logs/log______Sens_gamma_750_2026_02_18_23_44_27.log"
Set parameter MIPGap to value 0.005
Set parameter OutputFlag to value 1
Gurobi Optimizer version 12.0.0 build v12.0.0rc1 (win64 - Windows 11+.0 (26200.2))

CPU model: Intel(R) Core(TM) i7-9750H CPU @ 2.60GHz, instruction set [SSE2|AVX|AVX2]
Thread count: 6 physical cores, 12 logical processors, using up to 12 threads

Non-default parameters:
MIPGap  0.005
MIPFocus  2

Optimize a model with 4170 rows, 840 columns and 11004 nonzeros
Model fingerprint: 0xf1059fc6
Variable types: 18 continuous, 822 integer (570 binary)
Coefficient statistics:
  Matrix range     [2e-01, 1e+03]
  Objective range  [1e+01, 2e+03]
  Bounds range     [1e+00, 1e+00]
  RHS range        [1e+00, 1e+03]

User MIP start produced solution with objective 9042 (0.01s)
Loaded user MIP start with objective 9042

Presolve removed 2940 rows and 192 columns
Presolve time: 0.01s
Presolved: 1230 rows, 648 columns, 6453 nonzeros
Variable types: 18 continuous, 630 integer (450 binary)
Root relaxation presolve removed 3 rows and 0 columns
Root relaxation presolved: 1227 rows, 648 columns, 6423 nonzeros


Root relaxation: objective 7.245500e+03, 519 iterations, 0.01 seconds (0.02 work units)

    Nodes    |    Current Node    |     Objective Bounds      |     Work
 Expl Unexpl |  Obj  Depth IntInf | Incumbent    BestBd   Gap | It/Node Time

     0     0 7245.50003    0   33 9042.00000 7245.50003  19.9%     -    0s
     0     0 7284.11351    0   74 9042.00000 7284.11351  19.4%     -    0s
     0     0 7412.83347    0   73 9042.00000 7412.83347  18.0%     -    0s
     0     0 7412.83347    0   79 9042.00000 7412.83347  18.0%     -    0s
     0     0 7774.23415    0  136 9042.00000 7774.23415  14.0%     -    0s
     0     0 7935.16447    0  146 9042.00000 7935.16447  12.2%     -    0s
     0     0 8032.56702    0  147 9042.00000 8032.56702  11.2%     -    0s
     0     0 8062.53449    0  152 9042.00000 8062.53449  10.8%     -    0s
     0     0 8070.69589    0  166 9042.00000 8070.69589  10.7%     -    0s
     0     0 8073.74507    0  170 9042.00000 8073.74507  10.7%     -    0s
     0     0 8075.19284    0  171 9042.00000 8075.19284  10.7%     -    0s
     0     0 8075.19284    0  173 9042.00000 8075.19284  10.7%     -    0s
     0     0 8747.15272    0  187 9042.00000 8747.15272  3.26%     -    0s
     0     0 8747.15272    0  187 9042.00000 8747.15272  3.26%     -    0s
     0     0 8834.79966    0  218 9042.00000 8834.79966  2.29%     -    0s
     0     0 8847.92623    0  217 9042.00000 8847.92623  2.15%     -    0s
     0     0 8850.67856    0  241 9042.00000 8850.67856  2.12%     -    0s
     0     0 8851.17727    0  245 9042.00000 8851.17727  2.11%     -    0s
     0     0 8921.10388    0  243 9042.00000 8921.10388  1.34%     -    1s
     0     0 8922.00185    0  200 9042.00000 8922.00185  1.33%     -    1s
     0     0 8926.78158    0  243 9042.00000 8926.78158  1.27%     -    1s
     0     0 8930.33796    0  159 9042.00000 8930.33796  1.23%     -    1s
     0     0 8930.33796    0  159 9042.00000 8930.33796  1.23%     -    1s
     0     0 8930.33796    0   31 9042.00000 8930.33796  1.23%     -    1s
     0     0 8930.33796    0  107 9042.00000 8930.33796  1.23%     -    1s
     0     0 8930.33796    0  178 9042.00000 8930.33796  1.23%     -    1s
     0     0 8930.33796    0  163 9042.00000 8930.33796  1.23%     -    1s
     0     0 8932.83333    0  156 9042.00000 8932.83333  1.21%     -    1s
     0     0 8932.83333    0  151 9042.00000 8932.83333  1.21%     -    1s
     0     0 8940.29599    0  207 9042.00000 8940.29599  1.12%     -    1s
     0     0 8943.92812    0  196 9042.00000 8943.92812  1.08%     -    1s
     0     0 8948.11972    0  236 9042.00000 8948.11972  1.04%     -    1s
     0     0 8948.21597    0  210 9042.00000 8948.21597  1.04%     -    1s
     0     0 8961.05759    0  258 9042.00000 8961.05759  0.90%     -    2s
     0     0 8961.05759    0  257 9042.00000 8961.05759  0.90%     -    2s
     0     0 8961.25348    0  237 9042.00000 8961.25348  0.89%     -    2s
     0     0 8961.74746    0  291 9042.00000 8961.74746  0.89%     -    2s
     0     0 8961.74746    0  232 9042.00000 8961.74746  0.89%     -    2s
     0     0 8961.83404    0   21 9042.00000 8961.83404  0.89%     -    2s
     0     0 8961.83404    0  146 9042.00000 8961.83404  0.89%     -    3s
     0     0 8961.83404    0   29 9042.00000 8961.83404  0.89%     -    3s
     0     0 8962.00000    0    9 9042.00000 8962.00000  0.88%     -    3s
     0     0 8962.00000    0    9 9042.00000 8962.00000  0.88%     -    3s
     0     0 8962.00000    0   13 9042.00000 8962.00000  0.88%     -    3s
     0     0 8962.10000    0   32 9042.00000 8962.10000  0.88%     -    3s
     0     0 8962.10000    0   11 9042.00000 8962.10000  0.88%     -    3s
     0     0 8962.10000    0    9 9042.00000 8962.10000  0.88%     -    3s
     0     0          -    0      9042.00000 9002.00000  0.44%     -    3s

Cutting planes:
  Learned: 2
  Gomory: 5
  Cover: 16
  Implied bound: 15
  Clique: 1
  MIR: 6
  StrongCG: 5
  Flow cover: 18
  Zero half: 1
  RLT: 3
  Relax-and-lift: 7

Explored 1 nodes (18412 simplex iterations) in 3.18 seconds (2.00 work units)
Thread count was 12 (of 12 available processors)

Solution count 2: 9042 9042 

Optimal solution found (tolerance 5.00e-03)
Best objective 9.042000000000e+03, best bound 9.002000000000e+03, gap 0.4424%
