
Gurobi 12.0.0 (win64) logging started Tue Feb 17 00:32:16 2026

Set parameter LogFile to value "Storage_orig/Logs/log______Sens_truck_cost_multiplier_1.25_2026_02_17_00_32_16.log"
Set parameter MIPGap to value 0.01
Set parameter OutputFlag to value 1
Set parameter TimeLimit to value 600
Gurobi Optimizer version 12.0.0 build v12.0.0rc1 (win64 - Windows 11+.0 (26200.2))

CPU model: Intel(R) Core(TM) i7-9750H CPU @ 2.60GHz, instruction set [SSE2|AVX|AVX2]
Thread count: 6 physical cores, 12 logical processors, using up to 12 threads

Non-default parameters:
TimeLimit  600
MIPGap  0.01
MIPFocus  1

Optimize a model with 4170 rows, 840 columns and 11004 nonzeros
Model fingerprint: 0xca92c26b
Variable types: 18 continuous, 822 integer (570 binary)
Coefficient statistics:
  Matrix range     [2e-01, 1e+03]
  Objective range  [1e+01, 2e+03]
  Bounds range     [1e+00, 1e+00]
  RHS range        [1e+00, 1e+03]

User MIP start produced solution with objective 6097 (0.00s)
Loaded user MIP start with objective 6097

Presolve removed 2940 rows and 192 columns
Presolve time: 0.01s
Presolved: 1230 rows, 648 columns, 6453 nonzeros
Variable types: 18 continuous, 630 integer (450 binary)

Root relaxation: objective 5.742500e+03, 407 iterations, 0.01 seconds (0.01 work units)

    Nodes    |    Current Node    |     Objective Bounds      |     Work
 Expl Unexpl |  Obj  Depth IntInf | Incumbent    BestBd   Gap | It/Node Time

     0     0 5742.50003    0   31 6097.00000 5742.50003  5.81%     -    0s
     0     0 5743.00013    0   73 6097.00000 5743.00013  5.81%     -    0s
     0     0 5745.00013    0   76 6097.00000 5745.00013  5.77%     -    0s
     0     0 5785.42503    0   69 6097.00000 5785.42503  5.11%     -    0s
     0     0 5785.42503    0   59 6097.00000 5785.42503  5.11%     -    0s
     0     0 5785.42503    0   61 6097.00000 5785.42503  5.11%     -    0s
     0     0 5803.83264    0   89 6097.00000 5803.83264  4.81%     -    0s
     0     0 5834.02907    0   93 6097.00000 5834.02907  4.31%     -    0s
     0     0 5839.90906    0   99 6097.00000 5839.90906  4.22%     -    0s
     0     0 5841.26011    0   94 6097.00000 5841.26011  4.19%     -    0s
     0     0 5846.03052    0  125 6097.00000 5846.03052  4.12%     -    0s
     0     0 5848.26065    0  115 6097.00000 5848.26065  4.08%     -    0s
     0     0 5848.56659    0  118 6097.00000 5848.56659  4.07%     -    0s
     0     0 5848.56659    0  126 6097.00000 5848.56659  4.07%     -    0s
     0     0 5899.47586    0  174 6097.00000 5899.47586  3.24%     -    0s
     0     0 5905.73711    0  139 6097.00000 5905.73711  3.14%     -    0s
     0     0 5912.92186    0  163 6097.00000 5912.92186  3.02%     -    0s
     0     0 5916.46743    0  166 6097.00000 5916.46743  2.96%     -    0s
     0     0 5920.55667    0  200 6097.00000 5920.55667  2.89%     -    0s
     0     0 5921.48173    0  215 6097.00000 5921.48173  2.88%     -    0s
     0     0 5924.05185    0  232 6097.00000 5924.05185  2.84%     -    0s
     0     0 5924.91454    0  227 6097.00000 5924.91454  2.82%     -    0s
     0     0 5925.30973    0  231 6097.00000 5925.30973  2.82%     -    0s
     0     0 5926.08419    0  214 6097.00000 5926.08419  2.80%     -    0s
     0     0 5926.11656    0  216 6097.00000 5926.11656  2.80%     -    0s
     0     0 5930.80572    0  225 6097.00000 5930.80572  2.73%     -    0s
     0     0 5930.94268    0  239 6097.00000 5930.94268  2.72%     -    0s
     0     0 5931.01245    0  246 6097.00000 5931.01245  2.72%     -    0s
     0     0 5931.01537    0  250 6097.00000 5931.01537  2.72%     -    0s
     0     0 5947.68747    0  184 6097.00000 5947.68747  2.45%     -    0s
     0     0 5947.72071    0  187 6097.00000 5947.72071  2.45%     -    0s
     0     0 5947.75202    0  192 6097.00000 5947.75202  2.45%     -    0s
     0     0 5947.75202    0  196 6097.00000 5947.75202  2.45%     -    0s
     0     0 5947.76471    0   57 6097.00000 5947.76471  2.45%     -    0s
     0     2 5947.76471    0   57 6097.00000 5947.76471  2.45%     -    1s
  1749  1196 5958.63822    6  253 6097.00000 5953.50000  2.35%  36.6    5s
  4132  1373 6010.43478   39   37 6097.00000 5998.37500  1.62%  46.2   10s
 11210  2245     cutoff   34      6097.00000 6004.54248  1.52%  39.2   15s
 15457  2293 6089.30435   42   88 6097.00000 6007.70588  1.46%  41.5   20s
 22173  2734 6015.31692   31   97 6097.00000 6011.23715  1.41%  39.9   25s
 28822  3118 infeasible   31      6097.00000 6014.13333  1.36%  40.5   30s
 36052  3822     cutoff   39      6097.00000 6015.61939  1.33%  39.3   35s
 42347  4228 6025.76661   41   58 6097.00000 6016.93505  1.31%  39.0   40s
 49468  5415 6053.68750   31   81 6097.00000 6018.60000  1.29%  38.7   45s
 55534  6513 6094.41667   48   81 6097.00000 6019.26473  1.27%  38.2   50s
 63017  7945 infeasible   28      6097.00000 6020.13165  1.26%  37.4   55s
 71597 10250 6030.53846   37   79 6097.00000 6020.91941  1.25%  35.5   60s
 77985 11914 6038.22369   41  102 6097.00000 6021.40000  1.24%  34.7   65s
 88687 15266 6032.83333   50   57 6097.00000 6022.31222  1.22%  32.9   70s
 94738 17347 6082.91667   29   51 6097.00000 6022.46074  1.22%  33.4   75s
 104047 19144     cutoff   46      6097.00000 6022.98440  1.21%  32.3   80s
 113692 21465 6079.98208   39  114 6097.00000 6023.46046  1.21%  31.5   85s
 123030 23838 6086.31447   32   62 6097.00000 6023.99768  1.20%  30.6   90s
 134384 26529     cutoff   53      6097.00000 6024.70441  1.19%  29.6   95s
 140769 28252 6026.05681   34   86 6097.00000 6024.91620  1.18%  29.2  100s
 146918 29182 6066.62222   46   71 6097.00000 6025.30999  1.18%  29.1  105s
 151245 29633 6034.80984   42  109 6097.00000 6025.53333  1.17%  29.0  110s
 160398 31605 6032.34767   45   34 6097.00000 6026.34190  1.16%  28.7  115s
 170807 33245 6083.08376   43  121 6097.00000 6026.76471  1.15%  28.2  120s
 181402 35404 6058.22132   42  107 6097.00000 6027.31718  1.14%  27.8  125s
 191173 37387 6081.28135   30   62 6097.00000 6027.78091  1.14%  27.5  130s
 199950 38406 6090.14380   37   47 6097.00000 6028.29412  1.13%  27.5  135s
 209759 40652 infeasible   36      6097.00000 6028.66667  1.12%  27.1  140s
 219028 41927     cutoff   37      6097.00000 6029.12500  1.11%  27.0  145s
 226710 42573     cutoff   35      6097.00000 6029.63520  1.10%  27.0  150s
 237468 44860 6041.18519   44   92 6097.00000 6030.34620  1.09%  26.6  155s
 251764 49763 6037.44444   42   49 6097.00000 6030.53846  1.09%  25.7  160s
 259474 51982 6046.32308   50   57 6097.00000 6030.53846  1.09%  25.2  165s
 261094 52272     cutoff   41      6097.00000 6030.53846  1.09%  25.4  170s
 265928 52286     cutoff   57      6097.00000 6030.53846  1.09%  25.7  175s
 271702 52325 6030.53846   46   90 6097.00000 6030.53846  1.09%  25.9  180s
 278663 50841 6030.53846   46  130 6097.00000 6030.53846  1.09%  26.1  185s
 283887 49096 6030.53846   48   41 6097.00000 6030.53846  1.09%  26.3  190s
 289157 48321 6065.12000   42   57 6097.00000 6030.53846  1.09%  26.5  195s
 294098 47143     cutoff   45      6097.00000 6030.53846  1.09%  27.0  200s
 299021 46119 6030.53846   52   78 6097.00000 6030.53846  1.09%  27.4  206s
 302582 45517 6030.53846   51  109 6097.00000 6030.53846  1.09%  27.7  210s
 307047 44014 6065.76332   46  119 6097.00000 6030.53846  1.09%  28.3  215s
 310109 42924 infeasible   48      6097.00000 6030.53846  1.09%  28.8  220s
 314440 41406 infeasible   49      6097.00000 6030.53846  1.09%  29.3  226s
 319631 40157     cutoff   43      6097.00000 6030.53846  1.09%  29.3  230s
 324365 38376 6065.85714   49   58 6097.00000 6030.53846  1.09%  29.6  235s
 329141 36785 6065.12000   41   71 6097.00000 6030.53846  1.09%  29.8  240s
 333824 35521     cutoff   49      6097.00000 6030.53846  1.09%  30.0  245s
 340220 33248 6030.53846   50   27 6097.00000 6030.53846  1.09%  30.2  250s
 347160 32294 infeasible   52      6097.00000 6030.53846  1.09%  30.1  255s
 354045 30768     cutoff   50      6097.00000 6030.53846  1.09%  30.0  260s
 358911 29696 6063.99194   48   89 6097.00000 6030.53846  1.09%  30.0  265s
 366560 27753 infeasible   51      6097.00000 6030.53846  1.09%  29.9  270s
 374005 25608 infeasible   47      6097.00000 6030.53846  1.09%  29.9  275s
 381435 23600 6090.18182   49   56 6097.00000 6030.53846  1.09%  29.7  280s
 388848 20957 6052.62500   54   64 6097.00000 6032.95434  1.05%  29.6  285s

Cutting planes:
  Learned: 79
  Gomory: 5
  Cover: 290
  Implied bound: 3
  Clique: 26
  MIR: 267
  StrongCG: 13
  Flow cover: 270
  GUB cover: 1
  Inf proof: 8
  Zero half: 7
  RLT: 5
  Relax-and-lift: 18

Explored 396603 nodes (11756054 simplex iterations) in 290.02 seconds (134.75 work units)
Thread count was 12 (of 12 available processors)

Solution count 2: 6097 6097 

Optimal solution found (tolerance 1.00e-02)
Best objective 6.097000000000e+03, best bound 6.037000000000e+03, gap 0.9841%
