
Gurobi 12.0.0 (win64) logging started Tue Feb 10 23:18:38 2026

Set parameter LogFile to value "Storage_orig/Logs/log_____________2026_02_10_23_18_38.log"
Set parameter MIPGap to value 0.01
Set parameter OutputFlag to value 1
Gurobi Optimizer version 12.0.0 build v12.0.0rc1 (win64 - Windows 11+.0 (26200.2))

CPU model: Intel(R) Core(TM) i7-9750H CPU @ 2.60GHz, instruction set [SSE2|AVX|AVX2]
Thread count: 6 physical cores, 12 logical processors, using up to 12 threads

Non-default parameters:
MIPGap  0.01
MIPFocus  1

Optimize a model with 7776 rows, 1432 columns and 20956 nonzeros
Model fingerprint: 0x277422c6
Variable types: 32 continuous, 1400 integer (824 binary)
Coefficient statistics:
  Matrix range     [2e-01, 1e+03]
  Objective range  [1e+01, 4e+03]
  Bounds range     [1e+00, 1e+00]
  RHS range        [1e+00, 1e+03]
Found heuristic solution: objective 18540.000000
Presolve removed 5852 rows and 248 columns
Presolve time: 0.04s
Presolved: 1924 rows, 1184 columns, 12020 nonzeros
Variable types: 32 continuous, 1152 integer (704 binary)

Root relaxation: objective 3.881250e+03, 794 iterations, 0.02 seconds (0.02 work units)

    Nodes    |    Current Node    |     Objective Bounds      |     Work
 Expl Unexpl |  Obj  Depth IntInf | Incumbent    BestBd   Gap | It/Node Time

     0     0 3881.25000    0   15 18540.0000 3881.25000  79.1%     -    0s
     0     0 4339.02784    0   35 18540.0000 4339.02784  76.6%     -    0s
H    0     0                    16087.000000 4339.02784  73.0%     -    0s
     0     0 4361.54117    0   44 16087.0000 4361.54117  72.9%     -    0s
     0     0 4361.54117    0   45 16087.0000 4361.54117  72.9%     -    0s
H    0     0                    15661.000000 4361.54117  72.2%     -    0s
     0     0 4495.59972    0   94 15661.0000 4495.59972  71.3%     -    0s
     0     0 4501.44000    0   33 15661.0000 4501.44000  71.3%     -    0s
     0     0 4501.44000    0   36 15661.0000 4501.44000  71.3%     -    0s
H    0     0                    15521.000000 4501.44000  71.0%     -    0s
H    0     0                    15241.000000 4501.44000  70.5%     -    0s
H    0     0                    14421.000000 4501.44000  68.8%     -    0s
H    0     0                    14281.000000 4501.44000  68.5%     -    0s
     0     0 4503.12000    0   36 14281.0000 4503.12000  68.5%     -    0s
     0     0 4503.34800    0   35 14281.0000 4503.34800  68.5%     -    0s
     0     0 4503.34800    0   43 14281.0000 4503.34800  68.5%     -    0s
H    0     0                    11263.000000 4503.34800  60.0%     -    0s
H    0     0                    10323.000000 4503.34800  56.4%     -    0s
H    0     0                    9783.0000000 4503.34800  54.0%     -    0s
     0     0 4507.52000    0   29 9783.00000 4507.52000  53.9%     -    0s
     0     0 4507.52000    0   37 9783.00000 4507.52000  53.9%     -    0s
     0     0 4643.37602    0   81 9783.00000 4643.37602  52.5%     -    0s
     0     2 4645.14839    0   78 9783.00000 4645.14839  52.5%     -    0s
H   32    39                    9327.0000000 4660.36672  50.0%  57.2    0s
H   36    39                    8528.0000000 4660.36672  45.4%  53.3    0s
H  117   123                    7995.0000000 4660.36672  41.7%  45.1    0s
H  126   128                    7315.0000000 4660.36672  36.3%  45.0    1s
H  198   195                    7229.0000000 4665.77887  35.5%  44.7    1s
H  214   204                    6975.0000000 4665.77887  33.1%  44.9    1s
H  389   329                    6874.0000000 4683.46448  31.9%  38.2    1s
  1775  1251 4748.00000   17   21 6874.00000 4748.00000  30.9%  33.8    5s
H 2004  1280                    6756.0000000 4748.00000  29.7%  40.0    6s
  2569  1355 6072.99885   46  106 6756.00000 4748.00000  29.7%  46.0   10s
  3205  1521 4838.53995   46   59 6756.00000 4748.00000  29.7%  48.1   15s
H 3338  1523                    6515.0000000 4748.00000  27.1%  48.1   17s
  3528  1514 4748.00000   21   23 6515.00000 4748.00000  27.1%  48.6   20s
H 3676  1469                    6489.0000000 4748.00000  26.8%  48.0   23s
  3679  1636 4748.15500   24   24 6489.00000 4748.00000  26.8%  48.0   25s
H 3890  1475                    6390.0000000 4748.00000  25.7%  48.0   25s
  4073  1508 4757.66210   51   56 6390.00000 4748.00000  25.7%  47.7   31s
  4190  1537 4757.74110   53   58 6390.00000 4748.00000  25.7%  47.8   35s
  4346  1604 5619.06802   56   26 6390.00000 4748.00000  25.7%  48.1   41s
  4714  1682     cutoff   32      6390.00000 4748.00000  25.7%  48.8   45s
  4997  1963 4793.40933   45   57 6390.00000 4748.00000  25.7%  49.2   50s
  5730  2379 4885.30417   45   35 6390.00000 4748.00000  25.7%  50.8   55s
  6880  2878 4748.03950   23   12 6390.00000 4748.00000  25.7%  50.1   61s
  7121  3140 4751.03647   26   17 6390.00000 4748.00000  25.7%  49.7   67s
  7401  3270 6101.70889   62   83 6390.00000 4748.03350  25.7%  49.6   71s
  8011  3467 4781.04683   27   13 6390.00000 4748.04528  25.7%  50.6   75s
  8043  3504 5661.94290   29  213 6390.00000 4748.04528  25.7%  50.8   80s
  8741  4009 6077.55800   41   50 6390.00000 4748.07500  25.7%  50.3   87s
  9288  4339     cutoff   30      6390.00000 4748.10566  25.7%  51.0   90s
 10314  4987 4780.78596   35  175 6390.00000 4748.15101  25.7%  51.7   97s
 10756  5126 4790.42469   49  111 6390.00000 4748.31485  25.7%  51.4  100s
 11306  5300 6205.14650   43   16 6390.00000 4748.39391  25.7%  51.5  109s
 11324  5432 infeasible   44      6390.00000 4748.39391  25.7%  51.4  117s
 11531  5712 infeasible   44      6390.00000 4748.39391  25.7%  51.6  123s
 11970  6250 4888.61836   43   59 6390.00000 4748.42721  25.7%  51.2  128s
 12820  6760 infeasible   24      6390.00000 4748.69000  25.7%  50.8  131s
 14435  7482 5268.53419   28  128 6390.00000 4748.94937  25.7%  50.4  137s
 15008  7578 5992.13458   25  146 6390.00000 4748.94937  25.7%  49.8  142s
 15165  7602 4752.77067   42   12 6390.00000 4749.51537  25.7%  49.8  146s
 15338  8218 4753.38528   46   36 6390.00000 4749.52830  25.7%  49.8  152s
 16332  8697 4900.17030   25   75 6390.00000 4749.80987  25.7%  49.9  156s
 17258  9107 4891.06045   61   25 6390.00000 4750.41965  25.7%  50.1  160s
 18867 10119 5122.36715   33   48 6390.00000 4750.98440  25.6%  50.4  167s
 19648 10142 4753.16560   26   80 6390.00000 4751.00000  25.6%  50.6  172s
 19689 10267 4753.16560   27   78 6390.00000 4751.00000  25.6%  50.6  177s
 19883 10609 6170.30644   49   57 6390.00000 4751.00000  25.6%  50.5  181s
 20845 11306 4897.71217   28   19 6390.00000 4751.00000  25.6%  51.6  187s
 22067 11731 5151.36454   29   32 6390.00000 4751.00000  25.6%  51.7  191s
 24001 13487 5970.13021   50   84 6390.00000 4751.11881  25.6%  51.3  200s
 25869 13493 5355.65559   47   77 6390.00000 4751.29922  25.6%  50.4  205s
 26182 14255     cutoff   49      6390.00000 4751.34793  25.6%  50.6  213s
 27343 14755 5106.90814   23   57 6390.00000 4751.61367  25.6%  50.7  217s
 28165 14762 6219.31522   66   71 6390.00000 4751.83814  25.6%  51.2  221s
 28915 15825 4785.77086   30  120 6390.00000 4752.04696  25.6%  51.1  229s
 30209 16397 4752.68841   31   73 6390.00000 4752.20133  25.6%  51.2  235s
 32219 17573 4762.82423   20  122 6390.00000 4752.71972  25.6%  51.4  242s
 33436 17578 6266.18976   45  165 6390.00000 4753.20445  25.6%  51.8  249s
 33454 18035     cutoff   46      6390.00000 4753.33227  25.6%  51.8  254s
 34259 18978 5350.85519   37  185 6390.00000 4753.57047  25.6%  52.0  259s
 35950 20653 6205.89476   49  136 6390.00000 4753.63292  25.6%  51.8  268s
 38799 20659 4756.32169   24   32 6390.00000 4754.02616  25.6%  51.0  271s
 38816 20671 4756.33187   25   31 6390.00000 4754.05000  25.6%  51.0  276s
 38830 20767 4756.33561   26   31 6390.00000 4754.05000  25.6%  51.0  281s
 38963 21270 4756.33561   27   31 6390.00000 4754.05000  25.6%  51.0  285s
 39746 21820 6076.93835   36  100 6390.00000 4754.11894  25.6%  50.8  290s
 41850 22528     cutoff   55      6390.00000 4754.75736  25.6%  51.0  298s
 42369 22554     cutoff   31      6390.00000 4754.78645  25.6%  51.2  302s
 42409 22749     cutoff   32      6390.00000 4754.80934  25.6%  51.2  308s
 42909 23175 4789.64479   45  167 6390.00000 4754.87890  25.6%  51.5  313s
 43765 23642 4803.05353   51   71 6390.00000 4755.01338  25.6%  51.7  318s
 44801 24329 4778.07780   41  172 6390.00000 4755.11982  25.6%  51.5  324s
 46174 24328 infeasible   29      6390.00000 4755.38570  25.6%  51.4  328s
 46199 24582     cutoff   29      6390.00000 4755.40843  25.6%  51.5  332s
 46816 25082 4756.43863   43   23 6390.00000 4755.40843  25.6%  51.5  338s
 48070 25409 6307.65071   43   49 6390.00000 4755.91562  25.6%  51.9  343s
 49030 25415 4855.45000   19   25 6390.00000 4756.17405  25.6%  52.1  347s
 49048 25636 infeasible   20      6390.00000 4756.31114  25.6%  52.1  352s
 49668 26238 4851.26832   45   49 6390.00000 4756.44397  25.6%  52.3  357s
 51010 26903 4966.42085   32  170 6390.00000 4757.00593  25.6%  52.6  362s
 52639 26905 4852.14200   24   17 6390.00000 4757.61288  25.5%  52.8  367s
 52660 27077 4852.32249   25   32 6390.00000 4757.61288  25.5%  52.8  372s
 53237 27782 6223.68368   44   78 6390.00000 4757.69526  25.5%  52.9  377s
 54930 28896 4829.64298   40  152 6390.00000 4758.00000  25.5%  53.0  385s
 57785 29229 infeasible   31      6390.00000 4758.13505  25.5%  53.3  394s
 57805 29395 4955.00963   30  122 6390.00000 4758.13505  25.5%  53.3  398s
 58271 29564 6279.78338   54   75 6390.00000 4758.13505  25.5%  53.4  404s
 58569 29603 infeasible   55      6390.00000 4758.13505  25.5%  53.4  410s
 58684 30255 4758.88597   35   45 6390.00000 4758.50725  25.5%  53.4  418s
 60073 30832 4883.08788   31   29 6390.00000 4758.82301  25.5%  53.5  424s
 61543 30832 6280.99658   41   29 6390.00000 4758.91883  25.5%  53.6  431s
 61566 31313 6197.29925   40   43 6390.00000 4758.91883  25.5%  53.6  435s
 62555 32061     cutoff   24      6390.00000 4759.06443  25.5%  53.8  443s
 64228 32816 4826.12787   49   47 6390.00000 4759.68008  25.5%  54.1  449s
 65753 32826 5085.11976   58   61 6390.00000 4760.04706  25.5%  54.3  454s
 65780 33294 5215.26939   59   64 6390.00000 4760.04706  25.5%  54.3  461s
 66646 33916 4783.97860   26   20 6390.00000 4760.21642  25.5%  54.4  466s
 68061 33935 5583.74429   34  125 6390.00000 4760.72748  25.5%  54.6  474s
 68106 34785 5585.63178   37  117 6390.00000 4760.77500  25.5%  54.6  479s
 69526 35615 4763.37925   50   64 6390.00000 4760.77500  25.5%  54.7  485s
 71051 36114 4791.87261   29   63 6390.00000 4761.00000  25.5%  55.0  492s
 72022 36693 4885.82437   27  167 6390.00000 4761.00000  25.5%  55.3  495s
 73072 36790     cutoff   53      6390.00000 4761.00000  25.5%  55.4  503s
 73286 42983     cutoff   54      6390.00000 4761.00000  25.5%  55.4  544s
 85179 43362 5178.01804   39   51 6390.00000 4761.75428  25.5%  56.4  547s
 86082 43386     cutoff   22      6390.00000 4761.79572  25.5%  56.4  550s
 86527 44112 6056.56044   38   26 6390.00000 4762.18714  25.5%  56.5  555s
 88472 44576 4779.93940   39   76 6390.00000 4762.54340  25.5%  56.5  560s
 88823 44992 4817.06761   45   93 6390.00000 4762.61526  25.5%  56.5  566s
 90673 45637 5072.12287   43   44 6390.00000 4762.83117  25.5%  56.4  572s
 90686 45811 5075.13825   44   38 6390.00000 4762.83117  25.5%  56.4  575s
 92030 46497 4793.06090   29  123 6390.00000 4763.01841  25.5%  56.5  584s
 92484 47576 4793.06373   30  119 6390.00000 4763.04420  25.5%  56.6  590s
 97343 48778 4787.05328   40  162 6390.00000 4763.80426  25.4%  56.9  598s
 97366 49143 4787.06759   41  158 6390.00000 4763.81321  25.4%  56.9  601s
 98012 49606 4826.28008   26  103 6390.00000 4763.84564  25.4%  56.9  605s
 100255 50366 infeasible   56      6390.00000 4764.00000  25.4%  57.1  611s
 100269 50980 infeasible   57      6390.00000 4764.00000  25.4%  57.1  615s
 102741 51793 infeasible   48      6390.00000 4764.00000  25.4%  57.1  622s
 102756 52546 6328.02569   49  122 6390.00000 4764.00000  25.4%  57.1  626s
 103998 53314 5961.09091   30   36 6390.00000 4764.00025  25.4%  57.1  630s
 105545 53557 6225.95150   60  143 6390.00000 4764.03713  25.4%  57.2  637s
 106042 54033 6231.16426   58  160 6390.00000 4764.16677  25.4%  57.1  641s
 107567 54518 6290.83670   46   62 6390.00000 4764.34127  25.4%  57.3  648s
 108384 55468 6202.25469   47   40 6390.00000 4764.45000  25.4%  57.4  652s
 110332 57058     cutoff   61      6390.00000 4764.73971  25.4%  57.5  656s
 114393 58167 6104.78739   44  131 6390.00000 4765.06050  25.4%  57.6  660s
 117906 59792 infeasible   35      6390.00000 4765.57524  25.4%  57.9  666s
 120491 60868 5057.53876   41   40 6390.00000 4765.85194  25.4%  57.9  670s
 124009 62459 infeasible   48      6390.00000 4766.39154  25.4%  58.2  675s
 127553 64081     cutoff   33      6390.00000 4766.89716  25.4%  58.4  680s
 131440 65678 6219.01251   56   93 6390.00000 4767.31231  25.4%  58.6  686s
 135500 68014 5021.86034   30  122 6390.00000 4767.92237  25.4%  58.5  690s
 140369 70396 5212.30503   26  207 6390.00000 4768.19451  25.4%  58.4  696s
 144705 72241 6307.73116   71  131 6390.00000 4768.90550  25.4%  58.1  700s
 147008 73762 4823.63492   35  152 6390.00000 4769.18710  25.4%  58.1  708s
 151284 75433 4799.03590   24  132 6390.00000 4769.71810  25.4%  58.1  711s
 154772 76588 6189.01225   50   95 6390.00000 4770.72241  25.3%  58.1  715s
 158309 78538 6212.25892   34  150 6390.00000 4771.18520  25.3%  58.2  720s
 163883 80423 infeasible   34      6390.00000 4772.25798  25.3%  57.9  725s
 168876 82039 4829.87818   38   51 6390.00000 4773.38843  25.3%  57.8  731s
 173554 84284 6215.20131   46   40 6390.00000 4774.88616  25.3%  57.6  736s
 177123 85371 4882.04743   21   25 6390.00000 4775.62603  25.3%  57.5  740s
 180762 86736 4871.32970   44  118 6390.00000 4776.57781  25.2%  57.5  746s
 183493 88251 4778.02833   45  116 6390.00000 4777.19208  25.2%  57.4  751s
 186921 90292     cutoff   49      6390.00000 4778.00000  25.2%  57.5  756s
 190011 91491 4790.38058   52   17 6390.00000 4778.11059  25.2%  57.4  760s
 193655 92875     cutoff   40      6390.00000 4778.63305  25.2%  57.4  767s
 196253 93599 5689.18282   34  201 6390.00000 4778.90900  25.2%  57.3  772s
 199086 94661 4866.99627   38  154 6390.00000 4779.33008  25.2%  57.2  777s
 199950 95221 6224.81636   47   91 6390.00000 4779.49601  25.2%  57.2  780s
 201281 95933 5062.18511   24   81 6390.00000 4779.65050  25.2%  57.2  785s
 205000 97652     cutoff   39      6390.00000 4780.36445  25.2%  57.2  792s
 207844 98522 4786.71581   41  178 6390.00000 4780.54462  25.2%  57.0  796s
 210211 99712 infeasible   58      6390.00000 4781.00000  25.2%  57.0  802s
 211227 100524 4792.20279   21  131 6390.00000 4781.00000  25.2%  57.0  805s
 213908 101454 infeasible   48      6390.00000 4781.03367  25.2%  57.0  810s
 216545 102736 infeasible   45      6390.00000 4781.31683  25.2%  56.9  815s
 219140 103791 4835.89049   47  140 6390.00000 4781.90799  25.2%  56.8  823s
 220991 104620 4788.59767   35   85 6390.00000 4782.20710  25.2%  56.9  826s
 223994 105284 5861.13499   61  110 6390.00000 4782.65513  25.2%  56.8  831s
 226979 106328 6036.73853   30   35 6390.00000 4783.10001  25.1%  56.6  837s
 227145 106559 6059.20519   32   33 6390.00000 4783.12500  25.1%  56.6  842s
 228371 107008 5528.53154   30   93 6390.00000 4783.23999  25.1%  56.7  847s
 229176 107368 5813.66298   37  183 6390.00000 4783.51977  25.1%  56.8  850s
 231142 108144     cutoff   29      6390.00000 4784.01189  25.1%  56.9  856s
 233444 109412 4937.76332   26   30 6390.00000 4784.21707  25.1%  56.9  862s
 236546 109810 5981.18761   39  107 6390.00000 4784.91008  25.1%  56.9  867s
 237000 110167 6071.61677   40   80 6390.00000 4785.01529  25.1%  56.9  870s
 239880 110628 6135.90903   64  170 6390.00000 4785.41237  25.1%  57.0  875s
 240590 111151 6135.90903   66  170 6390.00000 4785.48233  25.1%  57.0  880s
 243660 111818 6168.23027   32  160 6390.00000 4786.58623  25.1%  57.1  886s
 246377 112508 4787.14566   42  128 6390.00000 4787.04665  25.1%  57.1  890s
 248747 113496     cutoff   43      6390.00000 4787.64992  25.1%  57.2  896s
 251403 113873 infeasible   49      6390.00000 4788.09117  25.1%  57.2  901s
 253839 114479     cutoff   35      6390.00000 4788.39570  25.1%  57.3  905s
 255975 115088 5843.40000   42   18 6390.00000 4789.61348  25.0%  57.4  912s
 258656 115482 4881.16634   28  124 6390.00000 4790.16456  25.0%  57.5  915s
 260334 116077 6136.09930   49  153 6390.00000 4790.43972  25.0%  57.6  920s
 263485 117153 4992.74970   36  180 6390.00000 4791.05935  25.0%  57.6  925s
 265980 117781 6208.81911   45  121 6390.00000 4791.52921  25.0%  57.7  930s
 268162 118170     cutoff   20      6390.00000 4792.04442  25.0%  57.8  935s
 271200 118752 4898.13577   30   30 6390.00000 4793.05856  25.0%  57.9  940s
 273285 119392 5132.32953   39  147 6390.00000 4793.39874  25.0%  57.9  945s
 274070 120003 6135.89412   49  184 6390.00000 4793.54463  25.0%  58.0  950s
 277533 120624 4903.63218   25  195 6390.00000 4794.44047  25.0%  58.1  955s
 280218 121003 infeasible   48      6390.00000 4795.35127  25.0%  58.2  960s
 282612 121491 6143.07822   50  115 6390.00000 4795.90109  24.9%  58.2  965s
 285387 121881 4833.38243   43   50 6390.00000 4796.57340  24.9%  58.2  970s
 287562 122077     cutoff   50      6390.00000 4797.49193  24.9%  58.3  975s
 289375 122519 6122.47262   40  188 6390.00000 4797.98770  24.9%  58.3  980s
 292155 122987 6184.79539   51  197 6390.00000 4799.52351  24.9%  58.4  985s
 295534 123308 infeasible   26      6390.00000 4800.26908  24.9%  58.4  992s
 297893 123833 6273.27620   59   83 6390.00000 4801.50468  24.9%  58.5  997s
 300669 123729 infeasible   49      6390.00000 4802.80764  24.8%  58.5 1001s
 303203 124094 5792.66173   45   67 6390.00000 4803.90985  24.8%  58.5 1006s
 305453 124368 4868.19789   29   24 6390.00000 4804.82943  24.8%  58.5 1011s
 308027 124434 infeasible   41      6390.00000 4806.07582  24.8%  58.6 1016s
 310035 124932     cutoff   32      6390.00000 4806.69899  24.8%  58.6 1021s
 312162 125246 4913.67354   46  141 6390.00000 4807.57765  24.8%  58.6 1025s
 315124 125927 infeasible   30      6390.00000 4809.28000  24.7%  58.7 1030s
 317106 126083 4819.99063   47  139 6390.00000 4810.12287  24.7%  58.7 1035s
 317385 126319 4845.13142   49   60 6390.00000 4810.35351  24.7%  58.7 1040s
 320031 126785 4870.98141   32  110 6390.00000 4811.47000  24.7%  58.8 1045s
 321168 127440 4894.49228   38  173 6390.00000 4811.65155  24.7%  58.9 1050s
 323512 127946 6197.32109   49   58 6390.00000 4812.88000  24.7%  58.9 1057s
 326748 128561 infeasible   42      6390.00000 4814.50904  24.7%  59.0 1063s
 327382 128556 4918.96957   50  164 6390.00000 4814.59870  24.7%  59.0 1066s
 327822 128855 4959.96729   52   45 6390.00000 4814.88356  24.6%  59.0 1072s
 329196 129167 6188.06017   39   66 6390.00000 4815.76563  24.6%  59.1 1075s
 331191 129555 5353.69832   42  100 6390.00000 4816.56908  24.6%  59.1 1081s
 334239 130245     cutoff   29      6390.00000 4818.56475  24.6%  59.2 1086s
 335994 130703 6338.03014   54  150 6390.00000 4819.03576  24.6%  59.3 1092s
 336592 130740 infeasible   55      6390.00000 4819.03576  24.6%  59.4 1096s
 337949 131271 5385.39268   54   72 6390.00000 4820.44567  24.6%  59.4 1102s
 339058 131618 infeasible   42      6390.00000 4820.86633  24.6%  59.4 1106s
 341647 132192 infeasible   34      6390.00000 4822.61000  24.5%  59.5 1112s
 343146 132461 infeasible   36      6390.00000 4823.56181  24.5%  59.6 1115s
 346045 132937     cutoff   40      6390.00000 4824.96275  24.5%  59.6 1121s
 346063 135091 infeasible   48      6390.00000 4825.01430  24.5%  59.6 1143s
 358063 135623 4900.95230   34  159 6390.00000 4828.20897  24.4%  59.9 1146s
 359571 135718 4883.79747   28   25 6390.00000 4828.64000  24.4%  59.9 1150s
 360601 136256 4910.18909   47   67 6390.00000 4828.74963  24.4%  59.9 1156s
 361418 136416 4939.32490   48  149 6390.00000 4829.35294  24.4%  59.9 1161s
 361909 136606 4873.97350   28   23 6390.00000 4829.39748  24.4%  59.9 1165s
 363945 137446 4882.59048   48   53 6390.00000 4830.41414  24.4%  59.9 1170s
 368196 138350 5023.94162   29   46 6390.00000 4833.12331  24.4%  60.0 1176s
 369788 139065 4868.41543   39   61 6390.00000 4833.66000  24.4%  60.1 1180s
 373828 140193     cutoff   47      6390.00000 4835.95865  24.3%  60.2 1186s
 376595 140999 5944.02340   47   99 6390.00000 4837.65437  24.3%  60.3 1191s
 379122 141725 4901.44995   29   92 6390.00000 4839.09686  24.3%  60.3 1195s
 381862 142644     cutoff   31      6390.00000 4840.81572  24.2%  60.4 1200s
 386358 143936 infeasible   28      6390.00000 4843.67679  24.2%  60.4 1206s
 389986 145116 infeasible   33      6390.00000 4845.59421  24.2%  60.5 1211s
 392289 145773 infeasible   54      6390.00000 4847.06474  24.1%  60.5 1215s
 395908 147102 6327.37277   30   23 6390.00000 4849.45246  24.1%  60.6 1220s
 399728 148663     cutoff   42      6390.00000 4851.59795  24.1%  60.6 1227s
 402743 149553 4884.37892   29  176 6390.00000 4852.27225  24.1%  60.6 1231s
 405395 150272 4893.36486   27  207 6390.00000 4853.41430  24.0%  60.6 1235s
 408784 151710 6213.10993   45   96 6390.00000 4854.66723  24.0%  60.7 1241s
 411264 152704 4863.30845   38  109 6390.00000 4855.07678  24.0%  60.7 1245s
 413813 153470     cutoff   58      6390.00000 4855.45900  24.0%  60.7 1250s
 417390 154441 4946.44934   30   39 6390.00000 4856.74255  24.0%  60.8 1256s
 420381 155523     cutoff   27      6390.00000 4857.76057  24.0%  60.9 1261s
 422799 156457 5067.25897   39   34 6390.00000 4858.03924  24.0%  60.9 1265s
 424656 157072 6290.35044   47   26 6390.00000 4858.37902  24.0%  60.9 1271s
 427524 158119 infeasible   28      6390.00000 4859.10233  24.0%  60.9 1276s
 429194 158418 6119.64293   56  162 6390.00000 4859.65883  23.9%  60.9 1281s
 431631 159233 5068.31121   39   91 6390.00000 4860.44706  23.9%  60.9 1286s
 434247 159864 5888.69014   32  153 6390.00000 4861.12913  23.9%  61.0 1291s
 436499 161077 4866.90865   35   84 6390.00000 4861.40259  23.9%  61.0 1296s
 439408 162129 infeasible   30      6390.00000 4861.64285  23.9%  61.0 1300s
 443303 163393 infeasible   27      6390.00000 4862.09246  23.9%  61.1 1305s
 446882 164453 infeasible   47      6390.00000 4862.89375  23.9%  61.2 1311s
 448994 165166 infeasible   33      6390.00000 4863.52194  23.9%  61.2 1315s
 452764 166046 4886.04796   33  119 6390.00000 4864.33873  23.9%  61.3 1320s
 455269 167228 infeasible   23      6390.00000 4864.85402  23.9%  61.3 1325s
 459375 168851 4977.34611   50   80 6390.00000 4865.00000  23.9%  61.4 1330s
 463205 170690 4868.00000   34   18 6390.00000 4865.00719  23.9%  61.5 1336s
 465572 171650 infeasible   31      6390.00000 4865.09094  23.9%  61.6 1341s
 468085 172265 4868.53250   28   18 6390.00000 4865.42533  23.9%  61.7 1347s
 470128 172935 5261.03350   45   78 6390.00000 4865.57029  23.9%  61.7 1350s
 473913 174901 6255.48390   57  151 6390.00000 4866.06637  23.8%  61.8 1357s
 477138 176152 6199.34070   41  139 6390.00000 4866.06637  23.8%  61.7 1360s
 480852 177763 6098.19568   40   87 6390.00000 4866.06637  23.8%  61.6 1365s
 485008 179460 6091.17874   44  180 6390.00000 4866.06637  23.8%  61.5 1371s
 488853 181088 5987.65085   44  110 6390.00000 4866.06637  23.8%  61.4 1376s
 492579 182841 6188.27398   55   46 6390.00000 4866.06637  23.8%  61.3 1381s
 497228 184404 infeasible   31      6390.00000 4866.06637  23.8%  61.2 1386s
 499590 185376 6122.37194   60  112 6390.00000 4866.06637  23.8%  61.2 1391s
 503107 186840 6308.79310   49  141 6390.00000 4866.06637  23.8%  61.1 1396s
 505240 187933 infeasible   53      6390.00000 4866.06637  23.8%  61.1 1401s
 507862 188876 6140.74990   41   96 6390.00000 4866.06637  23.8%  61.0 1405s
 510284 190588 6264.87486   49  150 6390.00000 4866.06637  23.8%  61.0 1410s
 513672 191340 6098.01621   49  130 6390.00000 4866.06637  23.8%  60.9 1415s
 515703 192284 6284.10443   39  152 6390.00000 4866.06637  23.8%  60.9 1420s
 517869 193194     cutoff   46      6390.00000 4866.06637  23.8%  60.9 1425s
 520162 194205 6224.36173   42  206 6390.00000 4866.06637  23.8%  60.8 1430s
 522651 195751 6297.99808   69   77 6390.00000 4866.06637  23.8%  60.8 1436s
 525419 196528 infeasible   38      6390.00000 4866.06637  23.8%  60.7 1441s
 527475 197378 6003.26851   40  207 6390.00000 4866.06637  23.8%  60.7 1447s
 528585 198139 6148.90017   44   28 6390.00000 4866.06637  23.8%  60.7 1451s
 531480 198569 6259.21225   41  145 6390.00000 4866.06637  23.8%  60.7 1458s
 531494 198580     cutoff   41      6390.00000 4866.06637  23.8%  60.7 1461s
 531541 198750 6051.38671   44  120 6390.00000 4866.06637  23.8%  60.7 1466s
 533393 200027 6219.88402   43   70 6390.00000 4866.06637  23.8%  60.7 1470s
 537994 201986 6087.26096   43   68 6390.00000 4866.06637  23.8%  60.6 1476s
 542265 203772 6182.28333   49   17 6390.00000 4866.06637  23.8%  60.6 1481s
 546048 205100 6040.03533   40  158 6390.00000 4866.06637  23.8%  60.5 1486s
 549049 206704 6083.64377   53   61 6390.00000 4866.06637  23.8%  60.5 1490s
 554324 209020 6074.93548   34   34 6390.00000 4866.06637  23.8%  60.4 1495s
 559510 211282 infeasible   65      6390.00000 4866.06637  23.8%  60.2 1500s
 564441 213565 6087.28489   39  138 6390.00000 4866.06637  23.8%  60.1 1506s
 567337 215192 6074.91122   37   58 6390.00000 4866.06637  23.8%  60.0 1510s
 572648 217111 6108.10308   41  150 6390.00000 4866.06637  23.8%  59.9 1515s
 577593 219345 infeasible   50      6390.00000 4866.06637  23.8%  59.8 1520s
 582838 221312 infeasible   33      6390.00000 4866.06637  23.8%  59.7 1526s
 585320 222202 6097.98559   42   90 6390.00000 4866.25341  23.8%  59.7 1530s
 588073 223028 5472.45327   42  122 6390.00000 4866.60987  23.8%  59.7 1535s
 591686 223875 5084.51193   48   34 6390.00000 4867.05652  23.8%  59.7 1540s
 595258 224947 6193.24732   30  150 6390.00000 4867.46737  23.8%  59.8 1546s
 598890 226113 4870.63327   33   37 6390.00000 4868.00000  23.8%  59.8 1551s
 602134 227141 4877.58505   27  137 6390.00000 4868.00000  23.8%  59.8 1555s
 606832 229832 6141.67832   55  114 6390.00000 4868.06637  23.8%  59.8 1561s
 610308 231025 infeasible   27      6390.00000 4868.23422  23.8%  59.8 1565s
 613377 231664     cutoff   31      6390.00000 4868.72231  23.8%  59.8 1570s
 616460 232935 infeasible   33      6390.00000 4869.00000  23.8%  59.8 1575s
 620100 234166 4897.83427   26  140 6390.00000 4869.21139  23.8%  59.8 1581s
 622938 234865 infeasible   57      6390.00000 4869.54525  23.8%  59.8 1585s
 626866 235535 6193.92071   39   50 6390.00000 4870.07923  23.8%  59.8 1591s
 629294 236070 4899.00000   41   22 6390.00000 4870.32604  23.8%  59.8 1595s
 632988 237035 infeasible   44      6390.00000 4870.98576  23.8%  59.8 1600s
 636767 237952 4889.31769   40  171 6390.00000 4871.29735  23.8%  59.9 1606s
 639388 238539 infeasible   57      6390.00000 4871.58786  23.8%  59.8 1611s
 643564 239596 6202.84884   57   48 6390.00000 4872.01833  23.8%  59.8 1616s
 646112 240279 6269.12916   80   39 6390.00000 4872.24433  23.8%  59.8 1621s
 649773 241049     cutoff   39      6390.00000 4872.90707  23.7%  59.8 1626s
 653912 241913 5102.32035   52   40 6390.00000 4873.35102  23.7%  59.8 1631s
 657634 242545 infeasible   46      6390.00000 4873.89266  23.7%  59.7 1636s
 660407 242972 6192.50032   72  171 6390.00000 4874.41601  23.7%  59.7 1641s
 663132 243431 4879.35038   51   42 6390.00000 4875.00000  23.7%  59.7 1646s
 665723 243689 6226.44088   49   39 6390.00000 4875.37715  23.7%  59.7 1650s
 669383 244228 infeasible   43      6390.00000 4876.02400  23.7%  59.7 1656s
 671925 244380     cutoff   37      6390.00000 4876.39738  23.7%  59.7 1660s
 675670 244623     cutoff   51      6390.00000 4877.02771  23.7%  59.7 1666s
 678453 244844 6212.07533   54   27 6390.00000 4877.69775  23.7%  59.7 1670s
 682074 245392 4880.65760   42  155 6390.00000 4878.45854  23.7%  59.7 1677s
 684447 246283     cutoff   36      6390.00000 4879.00000  23.6%  59.8 1681s
 687505 247075     cutoff   24      6390.00000 4879.04125  23.6%  59.8 1685s
 690332 247898 6153.51556   65  105 6390.00000 4879.31347  23.6%  59.8 1690s
 694270 248704 4884.33358   48   51 6390.00000 4880.01511  23.6%  59.8 1696s
 698309 249394 6200.12397   56  124 6390.00000 4880.62561  23.6%  59.8 1701s
 700916 250044     cutoff   33      6390.00000 4881.11296  23.6%  59.8 1705s
 704678 250823 6139.91733   46   68 6390.00000 4881.76184  23.6%  59.8 1711s
 707000 252174 6140.74108   44  102 6390.00000 4882.00000  23.6%  59.9 1715s
 710886 253325 infeasible   43      6390.00000 4882.07690  23.6%  59.9 1721s
 713698 254485 6191.72090   69  127 6390.00000 4882.27878  23.6%  59.9 1725s
 717292 255120 4886.64215   39   50 6390.00000 4882.79752  23.6%  59.9 1730s
 720738 256089 4897.40676   33  195 6390.00000 4883.11712  23.6%  59.8 1735s
 723717 256465 6245.37523   63  128 6390.00000 4883.80133  23.6%  59.9 1740s
 727138 256892 6194.12448   62  166 6390.00000 4884.37517  23.6%  59.9 1745s
 730626 258045     cutoff   24      6390.00000 4885.00000  23.6%  59.9 1752s
 733191 258544     cutoff   29      6390.00000 4885.13500  23.6%  60.0 1756s
 735934 259029 4885.88020   39  140 6390.00000 4885.62102  23.5%  60.0 1760s
 738619 259562 4904.48016   46  139 6390.00000 4886.17383  23.5%  60.0 1765s
 742426 260117     cutoff   36      6390.00000 4886.72717  23.5%  60.0 1771s
 745355 260235     cutoff   37      6390.00000 4887.23425  23.5%  60.0 1775s
 749170 260773 4896.96617   52  158 6390.00000 4888.00866  23.5%  60.0 1782s
 752013 261147 infeasible   31      6390.00000 4888.47228  23.5%  60.0 1786s
 754393 261541 4922.49468   53   44 6390.00000 4889.00000  23.5%  60.0 1790s
 758238 261943     cutoff   41      6390.00000 4889.59184  23.5%  60.1 1796s
 760569 262150     cutoff   43      6390.00000 4890.08420  23.5%  60.1 1800s
 764146 262567 infeasible   46      6390.00000 4890.72340  23.5%  60.1 1806s
H765167 259660                    6330.0000000 4890.78100  22.7%  60.1 1806s
 766517 259689 6149.40421   39  204 6330.00000 4891.38631  22.7%  60.1 1810s
 769227 260753 6217.84831   75   36 6330.00000 4891.83015  22.7%  60.1 1817s
H769803 253608                    6291.0000000 4891.83015  22.2%  60.1 1817s
 771716 254239 infeasible   49      6291.00000 4892.06196  22.2%  60.1 1822s
 774361 254453 4897.89907   38  131 6291.00000 4892.34762  22.2%  60.1 1827s
H774363 247057                    6252.0000000 4892.34762  21.7%  60.1 1827s
H774365 130771                    5772.0000000 4892.36017  15.2%  60.1 1827s
 775745 130610     cutoff   27      5772.00000 4892.82030  15.2%  60.1 1832s
 777702 130452 5186.24469   44   73 5772.00000 4893.05456  15.2%  60.1 1837s
 780635 130242 5270.63898   34  123 5772.00000 4894.38212  15.2%  60.1 1842s
 782955 130900 5083.41767   46   52 5772.00000 4895.00000  15.2%  60.1 1846s
 785356 130804 infeasible   35      5772.00000 4895.13998  15.2%  60.1 1852s
 787738 130711 5007.63112   46   89 5772.00000 4896.00000  15.2%  60.1 1857s
 790674 130147     cutoff   28      5772.00000 4896.87751  15.2%  60.1 1862s
 793065 129528 infeasible   29      5772.00000 4897.97140  15.1%  60.1 1867s
 795665 129077 infeasible   38      5772.00000 4898.71134  15.1%  60.1 1872s
 798404 128593 infeasible   31      5772.00000 4899.87628  15.1%  60.1 1876s
 800983 127829     cutoff   42      5772.00000 4900.76214  15.1%  60.1 1880s
 803513 126914     cutoff   47      5772.00000 4901.97736  15.1%  60.0 1885s
 805775 125644 4980.93377   50   61 5772.00000 4902.96068  15.1%  60.0 1890s
 809426 123937     cutoff   41      5772.00000 4905.02712  15.0%  59.9 1896s
 812304 122736     cutoff   29      5772.00000 4907.26346  15.0%  59.9 1900s
 816685 120423     cutoff   55      5772.00000 4910.65091  14.9%  59.8 1906s
 819284 119304     cutoff   45      5772.00000 4911.67401  14.9%  59.8 1910s
 823199 117183     cutoff   44      5772.00000 4917.27777  14.8%  59.7 1916s
 825431 116095     cutoff   35      5772.00000 4918.00440  14.8%  59.7 1920s
 829298 114568 infeasible   36      5772.00000 4925.20572  14.7%  59.6 1926s
 831732 113577 4982.47875   49   37 5772.00000 4928.90638  14.6%  59.6 1930s
 835939 109799 infeasible   43      5772.00000 4935.04008  14.5%  59.5 1936s
 839773 105583     cutoff   39      5772.00000 4935.04709  14.5%  59.4 1941s
 843879 103221     cutoff   42      5772.00000 4935.44588  14.5%  59.4 1945s
 847659 98462 infeasible   29      5772.00000 4938.92226  14.4%  59.4 1951s
 852589 93948     cutoff   51      5772.00000 4939.04008  14.4%  59.3 1958s
 855875 92944 5015.78869   37  133 5772.00000 4939.04008  14.4%  59.3 1961s
 859319 91488 infeasible   38      5772.00000 4943.56180  14.4%  59.2 1966s
 861463 90791 4970.90544   34  103 5772.00000 4947.60183  14.3%  59.2 1970s
 865058 90067     cutoff   44      5772.00000 4957.85107  14.1%  59.1 1976s
 867456 89497     cutoff   41      5772.00000 4960.72292  14.1%  59.1 1980s
 870621 89140 4977.36282   40   80 5772.00000 4965.17951  14.0%  59.1 1986s
 874333 85163 5041.58669   44   36 5772.00000 4969.03696  13.9%  59.1 1993s
 877326 83245 infeasible   44      5772.00000 4969.10301  13.9%  59.0 1995s
 881793 82132     cutoff   49      5772.00000 4971.53119  13.9%  59.0 2000s
 885568 80566 5017.81492   48  131 5772.00000 4976.72772  13.8%  59.0 2005s
 888497 79700 5102.16310   47   78 5772.00000 4979.41545  13.7%  59.0 2010s
 891819 79237 5003.07041   26  125 5772.00000 4983.08870  13.7%  59.0 2016s
 891913 79225 5003.37739   28  135 5772.00000 4983.13950  13.7%  59.0 2022s
 891955 79246 5003.42924   30  134 5772.00000 4983.13950  13.7%  59.0 2027s
 891970 79256 5003.42924   31  132 5772.00000 4983.13950  13.7%  59.0 2030s
H891975 75578                    5671.0000000 4983.13950  12.1%  59.0 2030s
 894325 74490 5071.31777   44  125 5671.00000 4984.44745  12.1%  58.9 2036s
 896930 73266 5235.44938   50   36 5671.00000 4989.54947  12.0%  58.9 2041s
 899696 72530     cutoff   26      5671.00000 4992.92228  12.0%  58.9 2046s
 901762 71516     cutoff   47      5671.00000 4995.85740  11.9%  58.9 2051s
 904202 70260 5101.19355   45   26 5671.00000 4998.02533  11.9%  58.9 2056s
 907086 68653     cutoff   37      5671.00000 5001.61478  11.8%  58.9 2060s
 911988 65646 5021.27120   27  142 5671.00000 5011.05897  11.6%  58.8 2067s
 915169 63720 5034.77806   34  171 5671.00000 5017.46682  11.5%  58.7 2070s
 919548 62364 5090.07353   50   99 5671.00000 5027.34493  11.3%  58.6 2075s
 923366 60857 5212.12988   40  166 5671.00000 5033.06239  11.2%  58.5 2080s
 927509 59560 infeasible   40      5671.00000 5044.69919  11.0%  58.4 2086s
 931701 58097 infeasible   27      5671.00000 5054.14615  10.9%  58.3 2091s
 934512 57094     cutoff   45      5671.00000 5064.66333  10.7%  58.2 2095s
 938272 55333     cutoff   46      5671.00000 5074.00149  10.5%  58.2 2100s
 942438 53719 infeasible   32      5671.00000 5087.80783  10.3%  58.1 2106s
 944763 52862 5108.83158   48   69 5671.00000 5090.74141  10.2%  58.0 2110s
 948890 50647     cutoff   36      5671.00000 5103.61843  10.0%  57.9 2115s
 954505 48105     cutoff   60      5671.00000 5115.33933  9.80%  57.8 2121s
 958221 46138 infeasible   57      5671.00000 5130.89786  9.52%  57.7 2126s
 961938 43753 5570.02568   79   72 5671.00000 5150.02222  9.19%  57.6 2130s
*964521 29900              60    5456.0000000 5156.34413  5.49%  57.5 2132s
 967247 26791 5253.99680   50   54 5456.00000 5173.98608  5.17%  57.4 2136s
 972048 23066     cutoff   40      5456.00000 5198.26562  4.72%  57.3 2140s
 979337 17230     cutoff   31      5456.00000 5243.25761  3.90%  57.0 2145s
 986749 11026 infeasible   44      5456.00000 5301.53058  2.83%  56.8 2150s
 993281  5887 infeasible   52      5456.00000 5364.33261  1.68%  56.6 2155s

Cutting planes:
  Learned: 463
  Gomory: 8
  Cover: 141
  MIR: 147
  StrongCG: 9
  Flow cover: 248
  Zero half: 2
  Network: 24
  RLT: 9
  Relax-and-lift: 22

Explored 997764 nodes (56325409 simplex iterations) in 2157.71 seconds (912.17 work units)
Thread count was 12 (of 12 available processors)

Solution count 10: 5456 5456 5671 ... 6515

Optimal solution found (tolerance 1.00e-02)
Best objective 5.456000000000e+03, best bound 5.402000000000e+03, gap 0.9897%
