
Gurobi 12.0.0 (win64) logging started Wed Feb 25 08:24:02 2026

Set parameter LogFile to value "Storage_orig/Logs/log______Sens_handling_time_0.1_2026_02_25_08_24_02.log"
Set parameter MIPGap to value 0
Set parameter OutputFlag to value 1
Unknown variable 'y_ijk[0,0,0]' in MIP start 0 - ignored
Unknown variable 'y_ijk[0,0,1]' in MIP start 0 - ignored
Unknown variable 'y_ijk[0,0,2]' in MIP start 0 - ignored
Unknown variable 'y_ijk[0,0,3]' in MIP start 0 - ignored
Unknown variable 'y_ijk[1,1,0]' in MIP start 0 - ignored
Unknown variable 'y_ijk[1,1,1]' in MIP start 0 - ignored
Unknown variable 'y_ijk[1,1,2]' in MIP start 0 - ignored
Unknown variable 'y_ijk[1,1,3]' in MIP start 0 - ignored
Unknown variable 'y_ijk[2,2,0]' in MIP start 0 - ignored
Unknown variable 'y_ijk[2,2,1]' in MIP start 0 - ignored
Unknown variable 'y_ijk[2,2,2]' in MIP start 0 - ignored
Unknown variable 'y_ijk[2,2,3]' in MIP start 0 - ignored
Unknown variable 'y_ijk[3,3,0]' in MIP start 0 - ignored
Unknown variable 'y_ijk[3,3,1]' in MIP start 0 - ignored
Unknown variable 'y_ijk[3,3,2]' in MIP start 0 - ignored
Unknown variable 'y_ijk[3,3,3]' in MIP start 0 - ignored
Unknown variable 'y_ijk[4,4,0]' in MIP start 0 - ignored
Unknown variable 'y_ijk[4,4,1]' in MIP start 0 - ignored
Unknown variable 'y_ijk[4,4,2]' in MIP start 0 - ignored
Unknown variable 'y_ijk[4,4,3]' in MIP start 0 - ignored
Unknown variable 'y_ijk[5,5,0]' in MIP start 0 - ignored
Unknown variable 'y_ijk[5,5,1]' in MIP start 0 - ignored
Unknown variable 'y_ijk[5,5,2]' in MIP start 0 - ignored
Unknown variable 'y_ijk[5,5,3]' in MIP start 0 - ignored
Unknown variable 'z_ijk[0,0,0]' in MIP start 0 - ignored
Unknown variable 'z_ijk[0,0,1]' in MIP start 0 - ignored
Unknown variable 'z_ijk[0,0,2]' in MIP start 0 - ignored
Unknown variable 'z_ijk[0,0,3]' in MIP start 0 - ignored
Unknown variable 'z_ijk[1,1,0]' in MIP start 0 - ignored
Unknown variable 'z_ijk[1,1,1]' in MIP start 0 - ignored
Unknown variable 'z_ijk[1,1,2]' in MIP start 0 - ignored
Unknown variable 'z_ijk[1,1,3]' in MIP start 0 - ignored
Unknown variable 'z_ijk[2,2,0]' in MIP start 0 - ignored
Unknown variable 'z_ijk[2,2,1]' in MIP start 0 - ignored
Unknown variable 'z_ijk[2,2,2]' in MIP start 0 - ignored
Unknown variable 'z_ijk[2,2,3]' in MIP start 0 - ignored
Unknown variable 'z_ijk[3,3,0]' in MIP start 0 - ignored
Unknown variable 'z_ijk[3,3,1]' in MIP start 0 - ignored
Unknown variable 'z_ijk[3,3,2]' in MIP start 0 - ignored
Unknown variable 'z_ijk[3,3,3]' in MIP start 0 - ignored
Unknown variable 'z_ijk[4,4,0]' in MIP start 0 - ignored
Unknown variable 'z_ijk[4,4,1]' in MIP start 0 - ignored
Unknown variable 'z_ijk[4,4,2]' in MIP start 0 - ignored
Unknown variable 'z_ijk[4,4,3]' in MIP start 0 - ignored
Unknown variable 'z_ijk[5,5,0]' in MIP start 0 - ignored
Unknown variable 'z_ijk[5,5,1]' in MIP start 0 - ignored
Unknown variable 'z_ijk[5,5,2]' in MIP start 0 - ignored
Unknown variable 'z_ijk[5,5,3]' in MIP start 0 - ignored
Read solution from file Storage_orig/Solutions/solved________2026_02_24_22_53_13.sol
Gurobi Optimizer version 12.0.0 build v12.0.0rc1 (win64 - Windows 11+.0 (26200.2))

CPU model: Intel(R) Core(TM) i7-9750H CPU @ 2.60GHz, instruction set [SSE2|AVX|AVX2]
Thread count: 6 physical cores, 12 logical processors, using up to 12 threads

Non-default parameters:
MIPGap  0
MIPFocus  2

Optimize a model with 5540 rows, 1032 columns and 14852 nonzeros
Model fingerprint: 0xc811caca
Variable types: 24 continuous, 1008 integer (720 binary)
Coefficient statistics:
  Matrix range     [1e-01, 1e+02]
  Objective range  [1e+01, 2e+03]
  Bounds range     [1e+00, 1e+00]
  RHS range        [1e+00, 2e+02]

User MIP start did not produce a new incumbent solution
User MIP start violates constraint R575 by 1.400000000

Found heuristic solution: objective 18900.000000
Presolve removed 3940 rows and 168 columns
Presolve time: 0.02s
Presolved: 1600 rows, 864 columns, 8604 nonzeros
Variable types: 24 continuous, 840 integer (600 binary)
Root relaxation presolve removed 4 rows and 0 columns
Root relaxation presolved: 1596 rows, 864 columns, 8564 nonzeros


Root relaxation: objective 4.977000e+03, 678 iterations, 0.03 seconds (0.03 work units)
Another try with MIP start

    Nodes    |    Current Node    |     Objective Bounds      |     Work
 Expl Unexpl |  Obj  Depth IntInf | Incumbent    BestBd   Gap | It/Node Time

H    0     0                    5532.0000000 4977.00027  10.0%     -    0s
     0     0 4977.00027    0   34 5532.00000 4977.00027  10.0%     -    0s
     0     0 4978.80107    0   87 5532.00000 4978.80107  10.0%     -    0s
     0     0 5001.13387    0   82 5532.00000 5001.13387  9.60%     -    0s
     0     0 5049.81847    0  133 5532.00000 5049.81847  8.72%     -    0s
     0     0 5062.60000    0  147 5532.00000 5062.60000  8.49%     -    0s
     0     0 5063.76667    0  148 5532.00000 5063.76667  8.46%     -    0s
     0     0 5064.65161    0  151 5532.00000 5064.65161  8.45%     -    0s
     0     0 5110.97384    0  203 5532.00000 5110.97384  7.61%     -    0s
     0     0 5127.14230    0  198 5532.00000 5127.14230  7.32%     -    0s
     0     0 5145.32232    0  178 5532.00000 5145.32232  6.99%     -    0s
     0     0 5148.84261    0  200 5532.00000 5148.84261  6.93%     -    0s
     0     0 5149.75824    0  202 5532.00000 5149.75824  6.91%     -    0s
     0     0 5150.16414    0  215 5532.00000 5150.16414  6.90%     -    0s
     0     0 5150.16658    0  228 5532.00000 5150.16658  6.90%     -    0s
     0     0 5164.85946    0  173 5532.00000 5164.85946  6.64%     -    1s
     0     0 5175.74667    0  164 5532.00000 5175.74667  6.44%     -    1s
     0     0 5176.86357    0  173 5532.00000 5176.86357  6.42%     -    1s
     0     0 5176.86357    0  186 5532.00000 5176.86357  6.42%     -    1s
     0     0 5181.85646    0  240 5532.00000 5181.85646  6.33%     -    1s
     0     0 5181.85646    0  285 5532.00000 5181.85646  6.33%     -    1s
     0     0 5183.52911    0  172 5532.00000 5183.52911  6.30%     -    2s
     0     0 5183.75238    0  172 5532.00000 5183.75238  6.30%     -    2s
     0     0 5185.38000    0  233 5532.00000 5185.38000  6.27%     -    2s
     0     0 5186.30000    0  243 5532.00000 5186.30000  6.25%     -    2s
     0     0 5186.30000    0  301 5532.00000 5186.30000  6.25%     -    2s
     0     0 5186.30000    0  106 5532.00000 5186.30000  6.25%     -    2s
     0     2 5186.30000    0  106 5532.00000 5186.30000  6.25%     -    3s
   387   352 5246.07143    6   81 5532.00000 5205.10871  5.91%   147    5s
  2093  1177 5457.41037   53  106 5532.00000 5238.55801  5.30%   130   10s
  2106  1186 5440.58869   32  268 5532.00000 5238.55801  5.30%   129   15s
  2540  1330 5499.34483   26   43 5532.00000 5238.55801  5.30%   157   20s
  4206  1481 5486.88731   32  173 5532.00000 5251.77370  5.07%   162   25s
  6354  1412     cutoff   22      5532.00000 5316.24000  3.90%   156   30s
  8307  1650     cutoff   31      5532.00000 5345.73109  3.37%   156   35s
 10376  1787 5477.16515   22  194 5532.00000 5370.48304  2.92%   152   40s
 12477  1859 5413.65383   21  258 5532.00000 5390.12174  2.56%   150   45s
 14069  1898     cutoff   20      5532.00000 5403.46626  2.32%   148   50s
 17010  1852 5484.19224   25  198 5532.00000 5423.92016  1.95%   143   55s
 19212  1354 5469.03333   30  290 5532.00000 5439.11037  1.68%   140   60s
 22534   280     cutoff   22      5532.00000 5485.31579  0.84%   134   65s
 31907   555 5529.00000   38    1 5532.00000 5529.00000  0.05%   102   70s
 43118   738 5529.00000   38    5 5532.00000 5529.00000  0.05%  78.4   76s
 53427   683 5529.00000   44    1 5532.00000 5529.00000  0.05%  65.4   80s
 65378   480     cutoff   48      5532.00000 5529.00000  0.05%  54.9   85s

Cutting planes:
  Learned: 5
  Gomory: 21
  Cover: 492
  Implied bound: 38
  Projected implied bound: 4
  MIR: 384
  StrongCG: 50
  Flow cover: 451
  Inf proof: 6
  Zero half: 21
  Network: 10
  RLT: 1
  Relax-and-lift: 49

Explored 74082 nodes (3658782 simplex iterations) in 88.73 seconds (50.72 work units)
Thread count was 12 (of 12 available processors)

Solution count 3: 5532 5532 18900 

Optimal solution found (tolerance 0.00e+00)
Best objective 5.532000000000e+03, best bound 5.532000000000e+03, gap 0.0000%
