
Gurobi 12.0.0 (win64) logging started Tue Feb 24 23:25:19 2026

Set parameter LogFile to value "Storage_orig/Logs/log______Sens_handling_time_1_2026_02_24_23_25_19.log"
Set parameter MIPGap to value 0.005
Set parameter OutputFlag to value 1
Gurobi Optimizer version 12.0.0 build v12.0.0rc1 (win64 - Windows 11+.0 (26200.2))

CPU model: Intel(R) Core(TM) i7-9750H CPU @ 2.60GHz, instruction set [SSE2|AVX|AVX2]
Thread count: 6 physical cores, 12 logical processors, using up to 12 threads

Non-default parameters:
MIPGap  0.005
MIPFocus  2

Optimize a model with 5520 rows, 1080 columns and 14632 nonzeros
Model fingerprint: 0x1fe1668a
Variable types: 24 continuous, 1056 integer (720 binary)
Coefficient statistics:
  Matrix range     [1e+00, 1e+03]
  Objective range  [1e+01, 2e+03]
  Bounds range     [1e+00, 1e+00]
  RHS range        [1e+00, 1e+03]

User MIP start did not produce a new incumbent solution
User MIP start violates constraint Time_LB_1_4_1 by 3.500000000

Found heuristic solution: objective 18900.000000
Presolve removed 3920 rows and 216 columns
Presolve time: 0.02s
Presolved: 1600 rows, 864 columns, 8604 nonzeros
Variable types: 24 continuous, 840 integer (600 binary)
Root relaxation presolve removed 4 rows and 0 columns
Root relaxation presolved: 1596 rows, 864 columns, 8564 nonzeros


Root relaxation: objective 4.977000e+03, 820 iterations, 0.03 seconds (0.03 work units)

    Nodes    |    Current Node    |     Objective Bounds      |     Work
 Expl Unexpl |  Obj  Depth IntInf | Incumbent    BestBd   Gap | It/Node Time

     0     0 4977.00003    0   38 18900.0000 4977.00003  73.7%     -    0s
H    0     0                    12852.000000 4977.00003  61.3%     -    0s
H    0     0                    11702.000000 4977.00003  57.5%     -    0s
H    0     0                    10602.000000 4977.00003  53.1%     -    0s
H    0     0                    9722.0000000 4977.00003  48.8%     -    0s
H    0     0                    9462.0000000 4977.73340  47.4%     -    0s
     0     0 4977.77143    0  108 9462.00000 4977.77143  47.4%     -    0s
     0     0 5029.73340    0   85 9462.00000 5029.73340  46.8%     -    0s
     0     0 5030.10594    0   75 9462.00000 5030.10594  46.8%     -    0s
     0     0 5063.77261    0  137 9462.00000 5063.77261  46.5%     -    0s
H    0     0                    9262.0000000 5063.77261  45.3%     -    0s
     0     0 5067.46667    0  128 9262.00000 5067.46667  45.3%     -    0s
     0     0 5069.25000    0  129 9262.00000 5069.25000  45.3%     -    0s
     0     0 5069.25000    0  147 9262.00000 5069.25000  45.3%     -    0s
     0     0 5069.25000    0  153 9262.00000 5069.25000  45.3%     -    0s
     0     0 5069.25000    0  153 9262.00000 5069.25000  45.3%     -    0s
H    0     0                    8567.0000000 5081.73340  40.7%     -    1s
H    0     0                    8487.0000000 5081.73340  40.1%     -    1s
H    0     0                    7871.0000000 5081.73340  35.4%     -    1s
H    0     0                    7671.0000000 5081.73340  33.8%     -    1s
     0     0 5122.16611    0  224 7671.00000 5122.16611  33.2%     -    1s
     0     0 5132.40476    0  218 7671.00000 5132.40476  33.1%     -    1s
     0     0 5138.72149    0  230 7671.00000 5138.72149  33.0%     -    1s
     0     0 5144.01055    0  233 7671.00000 5144.01055  32.9%     -    1s
     0     0 5144.45400    0  249 7671.00000 5144.45400  32.9%     -    1s
     0     0 5144.57405    0  272 7671.00000 5144.57405  32.9%     -    1s
     0     0 5144.82047    0  267 7671.00000 5144.82047  32.9%     -    1s
     0     0 5144.83411    0  273 7671.00000 5144.83411  32.9%     -    1s
H    0     0                    7391.0000000 5144.83411  30.4%     -    2s
     0     0 5152.76660    0  232 7391.00000 5152.76660  30.3%     -    2s
H    0     0                    7100.0000000 5153.55166  27.4%     -    2s
H    0     0                    7040.0000000 5153.55166  26.8%     -    2s
H    0     0                    7001.0000000 5153.55166  26.4%     -    2s
     0     0 5153.55166    0  241 7001.00000 5153.55166  26.4%     -    2s
     0     0 5153.83842    0  263 7001.00000 5153.83842  26.4%     -    2s
     0     0 5153.83894    0  275 7001.00000 5153.83894  26.4%     -    2s
     0     0 5175.13332    0  263 7001.00000 5175.13332  26.1%     -    2s
     0     0 5176.00610    0  301 7001.00000 5176.00610  26.1%     -    2s
     0     0 5176.10387    0  272 7001.00000 5176.10387  26.1%     -    2s
H    0     0                    6560.0000000 5176.10387  21.1%     -    3s
H    0     0                    6557.0000000 5176.10387  21.1%     -    3s
     0     0 5182.86000    0  245 6557.00000 5182.86000  21.0%     -    3s
     0     0 5184.10000    0  275 6557.00000 5184.10000  20.9%     -    3s
     0     0 5185.66500    0  263 6557.00000 5185.66500  20.9%     -    3s
     0     0 5185.70419    0  290 6557.00000 5185.70419  20.9%     -    3s
     0     0 5186.20500    0  237 6557.00000 5186.20500  20.9%     -    3s
     0     0 5186.20500    0  153 6557.00000 5186.20500  20.9%     -    3s
     0     2 5186.21192    0  141 6557.00000 5186.21192  20.9%     -    4s
    69    87 5215.72540    9  225 6557.00000 5194.35296  20.8%   351    5s
H  385   372                    6357.0000000 5194.35296  18.3%   153    6s
H 1126   918                    6256.0000000 5194.86437  17.0%   109    9s
  1145   977 5516.46974   20  181 6256.00000 5194.86437  17.0%   110   10s
  1481  1175 5224.41252    5  136 6256.00000 5194.86437  17.0%   110   15s
  1491  1182 5615.74305   39  310 6256.00000 5224.48141  16.5%   109   20s
  1509  1194 5465.76822   29  361 6256.00000 5239.52779  16.2%   108   25s
  1528  1208 5659.29235   37  135 6256.00000 5242.62567  16.2%   130   30s
  1543  1218 5990.20976   57  407 6256.00000 5243.36968  16.2%   129   35s
H 1876  1379                    6166.0000000 5246.64247  14.9%   158   39s
  1942  1430 5515.70555   45  129 6166.00000 5246.64247  14.9%   161   40s
  2669  1760 5544.67216   71   75 6166.00000 5251.48373  14.8%   161   45s
  4193  2349 5764.50138   51  124 6166.00000 5252.28702  14.8%   155   50s
  5713  3154 infeasible   51      6166.00000 5263.91425  14.6%   163   55s
  7222  4208 5710.30079   62  267 6166.00000 5267.24455  14.6%   167   60s
  8639  5019 5338.99355   39  218 6166.00000 5273.23524  14.5%   167   66s
  9655  5802 5534.11168   55  188 6166.00000 5275.06394  14.4%   167   70s
 11137  6780 5532.73858   62  241 6166.00000 5277.46184  14.4%   167   75s
H12479  7143                    6152.0000000 5278.22771  14.2%   166   79s
 12531  7316 5433.61710   42  208 6152.00000 5278.22771  14.2%   167   80s
 13746  8309 5548.36125   43  270 6152.00000 5280.25877  14.2%   168   85s
 15389  9402 5709.10440   55  152 6152.00000 5283.69899  14.1%   168   92s
 16403  9955 5416.54738   44  201 6152.00000 5285.71870  14.1%   170   96s
 17427 10958 5781.76117   60  168 6152.00000 5287.19399  14.1%   170  100s
 19077 11914 5637.48913   61  228 6152.00000 5290.12811  14.0%   169  105s
 20502 12912 infeasible   60      6152.00000 5292.03333  14.0%   170  110s
 22060 13966 5429.64478   43  163 6152.00000 5294.36120  13.9%   170  115s
 23656 15036 5516.90165   43  198 6152.00000 5297.43224  13.9%   172  120s
 25374 16208 5940.54105   52  146 6152.00000 5300.71699  13.8%   174  127s
 26412 16267 5539.43364   46  121 6152.00000 5301.95411  13.8%   173  130s
 27381 17519 5534.91794   48  237 6152.00000 5304.15834  13.8%   175  138s
 28503 18227 5448.08403   41  263 6152.00000 5305.28540  13.8%   175  142s
 29587 18863 5868.33418   62  240 6152.00000 5306.40151  13.7%   175  145s
 32145 20174 5712.71479   44  130 6152.00000 5309.89160  13.7%   175  153s
 33301 20923 5384.11538   43  195 6152.00000 5311.75072  13.7%   175  157s
 34519 21607 5630.94940   45  122 6152.00000 5312.36006  13.6%   176  161s
 35651 22395 5315.73063   40  273 6152.00000 5313.83574  13.6%   177  165s
 36908 22405 5421.80000   41   76 6152.00000 5314.52725  13.6%   177  171s
 36922 29873 5420.52727   41  221 6152.00000 5314.57654  13.6%   177  214s
 48922 30850 5739.05997   65  118 6152.00000 5324.76334  13.4%   180  219s
 50376 31679 5421.03781   40  188 6152.00000 5326.82410  13.4%   180  223s
 51673 32306 6082.40763   51  133 6152.00000 5327.87706  13.4%   180  228s
 52837 32882 5912.52883   75  126 6152.00000 5329.01443  13.4%   180  232s
 53872 33592 5592.33295   55  184 6152.00000 5329.55314  13.4%   180  236s
 55088 34325     cutoff   76      6152.00000 5330.87308  13.3%   180  241s
 56302 35160 5752.03488   78   85 6152.00000 5331.52108  13.3%   181  245s
 58920 36510 infeasible   63      6152.00000 5333.27121  13.3%   180  253s
 60054 37207 5636.80000   57  168 6152.00000 5334.38681  13.3%   181  257s
 61244 37987     cutoff   61      6152.00000 5335.18621  13.3%   181  262s
 62776 38619 5420.56543   53  241 6152.00000 5335.91112  13.3%   180  266s
 63823 39362 5788.10000   44  129 6152.00000 5336.60592  13.3%   180  270s
 66269 40880 5472.67948   47  201 6152.00000 5338.12498  13.2%   181  278s
 67537 41538 5558.39566   46  297 6152.00000 5338.82263  13.2%   181  281s
 68883 42277 5656.42091   52  102 6152.00000 5339.40418  13.2%   180  286s
 70160 43073 5699.05360   61  195 6152.00000 5340.33482  13.2%   180  290s
 72842 44527 5539.08884   57  155 6152.00000 5341.61732  13.2%   180  298s
 74169 45140 5395.81103   39  266 6152.00000 5342.22816  13.2%   180  301s
 75315 45850 6006.17232   50  220 6152.00000 5342.69312  13.2%   180  305s
 77783 47230 5722.86170   52  167 6152.00000 5344.31103  13.1%   180  313s
 79043 48008 5536.13636   40  214 6152.00000 5344.80315  13.1%   180  317s
 80291 48714 5638.91730   57  139 6152.00000 5345.41685  13.1%   180  321s
 81437 49423 5553.04336   53  195 6152.00000 5345.95329  13.1%   180  325s
 83825 50787 5539.29577   53  148 6152.00000 5347.97422  13.1%   180  334s
 85092 51435 5467.83226   46  309 6152.00000 5348.58212  13.1%   180  338s
 86197 52129 5446.33806   44  256 6152.00000 5349.05452  13.1%   180  342s
 87368 52828 5474.88320   42  228 6152.00000 5349.80564  13.0%   181  346s
 88534 53551 6043.94697   49  138 6152.00000 5350.38261  13.0%   181  350s
 91133 54898 5517.60554   49  163 6152.00000 5351.37869  13.0%   181  358s
 92350 55506 5732.34375   62  178 6152.00000 5351.76275  13.0%   181  362s
 93677 56054 5375.00965   38  251 6152.00000 5352.30980  13.0%   181  366s
 94607 56768 5362.41424   40  233 6152.00000 5352.82711  13.0%   181  371s
 95902 57354 infeasible   43      6152.00000 5353.27631  13.0%   181  376s
 97145 58086 5469.43316   49  230 6152.00000 5353.70404  13.0%   181  381s
 98319 58904 5443.77001   47  277 6152.00000 5354.28113  13.0%   181  385s
 99744 59693 5454.11474   48  246 6152.00000 5354.54905  13.0%   181  390s
 102308 60938 5432.87252   44  346 6152.00000 5355.87486  12.9%   181  399s
 103443 61504 5430.72683   40  184 6152.00000 5356.20677  12.9%   181  403s
 104648 62127 5812.00000   57   80 6152.00000 5356.48967  12.9%   181  408s
 105732 62850 5410.04729   45  332 6152.00000 5356.81394  12.9%   181  412s
 107027 63626 5421.31067   47  206 6152.00000 5357.38206  12.9%   181  416s
 108417 64266 5532.36842   37  125 6152.00000 5357.89329  12.9%   181  421s
 109516 64933 5472.46008   49  216 6152.00000 5358.19283  12.9%   182  425s
 111799 66387 5935.28276   63  150 6152.00000 5358.82189  12.9%   182  434s
 113091 67140 5665.03888   53  224 6152.00000 5359.41474  12.9%   182  439s
 114472 67903 5582.90650   50  231 6152.00000 5359.82882  12.9%   182  443s
 115900 68707 infeasible   59      6152.00000 5360.17179  12.9%   182  447s
 117233 69043 6025.77150   51  197 6152.00000 5360.64435  12.9%   181  452s
 117952 69853 5465.80000   47  114 6152.00000 5360.76664  12.9%   181  456s
 119524 70650 5572.60487   55  213 6152.00000 5361.02424  12.9%   181  460s
 122011 72056 5641.84367   59  153 6152.00000 5361.72459  12.8%   181  468s
 123210 72833 5898.59031   72  248 6152.00000 5362.10000  12.8%   181  473s
 124458 73657 5841.83990   66  209 6152.00000 5362.27265  12.8%   181  477s
 125932 74316 5401.37750   47  278 6152.00000 5362.48037  12.8%   181  481s
 127082 74996 5472.44600   48  236 6152.00000 5362.72891  12.8%   181  485s
 129700 76346 5433.81099   47  149 6152.00000 5363.08184  12.8%   181  494s
 130860 76998 6022.89149   58  238 6152.00000 5363.40154  12.8%   181  498s
 132104 77696 5951.34633   58  183 6152.00000 5363.66780  12.8%   181  502s
 133271 78454 5394.05224   39  221 6152.00000 5363.77120  12.8%   180  505s
 135686 79738 5945.49469   45  179 6152.00000 5364.19696  12.8%   180  513s
 136886 80328 5690.68578   44  122 6152.00000 5364.76063  12.8%   180  518s
 138043 81012 5533.08551   43  222 6152.00000 5365.06712  12.8%   180  522s
 139204 81644     cutoff   57      6152.00000 5365.32277  12.8%   181  526s
 140580 82255 5992.66020   75  175 6152.00000 5365.58267  12.8%   180  531s
 141650 82902 5860.26351   56  163 6152.00000 5365.76732  12.8%   180  535s
 144167 84275     cutoff   50      6152.00000 5366.16841  12.8%   180  543s
 145414 85074 5403.86258   48  201 6152.00000 5366.65146  12.8%   180  547s
 146868 85453 6133.29503   58   90 6152.00000 5366.76467  12.8%   180  552s
 147554 86554 5436.18200   44  318 6152.00000 5367.06734  12.8%   180  559s
 149634 87430 infeasible   96      6152.00000 5367.69413  12.7%   180  564s
 151107 88136 6056.84154   64  158 6152.00000 5368.03625  12.7%   180  569s
 152332 88857 5914.55213   58  162 6152.00000 5368.09565  12.7%   180  574s
 153689 89696 5519.80000   46  137 6152.00000 5368.59807  12.7%   180  578s
 154988 90440 5521.98799   58  238 6152.00000 5368.87627  12.7%   180  583s
 156286 91058 5884.55573   54  225 6152.00000 5369.07556  12.7%   180  588s
 157403 91783 5572.55500   47  175 6152.00000 5369.42920  12.7%   180  592s
 158670 92518 5736.96880   54   98 6152.00000 5369.66667  12.7%   180  597s
 159909 93188 5633.55660   48  123 6152.00000 5369.88599  12.7%   180  602s
 161118 93748 5901.80000   55  181 6152.00000 5370.07731  12.7%   180  606s
 162290 94454     cutoff   44      6152.00000 5370.43058  12.7%   181  611s
 163615 95053 5940.11555   39  225 6152.00000 5370.74841  12.7%   181  616s
 164983 95775 5897.68030   62  239 6152.00000 5371.09207  12.7%   181  620s
 166471 96471 5561.65343   51  296 6152.00000 5371.42906  12.7%   180  625s
 168520 97750 5500.79989   46  228 6152.00000 5371.95950  12.7%   180  634s
 169762 98440 5998.11035   63  113 6152.00000 5372.19820  12.7%   180  638s
 171062 99157 5403.63371   41  220 6152.00000 5372.44596  12.7%   180  643s
 172239 99685 5545.17255   49  323 6152.00000 5372.79843  12.7%   180  648s
 173313 100317 5523.40605   51  290 6152.00000 5373.04255  12.7%   181  652s
 174591 101092 5578.26882   52  118 6152.00000 5373.27253  12.7%   181  657s
 175811 101893 5513.22124   53  220 6152.00000 5373.44145  12.7%   181  662s
 177113 102654 6011.60197   60  167 6152.00000 5373.68359  12.7%   181  667s
 178389 103284 5488.65914   47  269 6152.00000 5373.91055  12.6%   181  673s
 179476 104053 6000.94125   57  113 6152.00000 5374.04883  12.6%   181  678s
 180787 104748 5438.97109   43  191 6152.00000 5374.28434  12.6%   181  682s
 182005 105473 6048.45249   57  190 6152.00000 5374.52414  12.6%   181  686s
 183190 106146 5932.31990   72  207 6152.00000 5374.74849  12.6%   181  691s
 184482 106742 5486.52190   62  164 6152.00000 5375.02500  12.6%   181  695s
 186726 108038 5651.36227   44  252 6152.00000 5375.35178  12.6%   181  704s
 187912 108705 5805.74841   52  180 6152.00000 5375.52735  12.6%   181  709s
 189048 109401 5988.33293   43  126 6152.00000 5375.78397  12.6%   181  714s
 190353 109589 5452.92163   43  247 6152.00000 5375.99407  12.6%   181  720s
 190883 110201 5513.43072   49  149 6152.00000 5375.99407  12.6%   181  725s
 192262 110927 5920.61200   64  194 6152.00000 5376.16442  12.6%   181  730s
 193466 111567 5432.48571   48  308 6152.00000 5376.44949  12.6%   181  735s
 194778 112249 5912.24179   63  166 6152.00000 5376.57802  12.6%   181  740s
 195968 112875 5403.59030   42  226 6152.00000 5376.76514  12.6%   181  745s
 198487 114230 5415.02761   53  205 6152.00000 5377.14684  12.6%   181  754s
 199676 115039 5758.70100   53   50 6152.00000 5377.28435  12.6%   181  759s
 201025 115556 5726.79433   57  158 6152.00000 5377.43639  12.6%   181  764s
 202309 116197 5776.16275   56  168 6152.00000 5377.64249  12.6%   181  768s
 203404 116953 5518.33374   49  135 6152.00000 5377.78203  12.6%   181  773s
 204587 117692 5475.02486   41  286 6152.00000 5377.94942  12.6%   181  777s
 205764 118400 6136.21339   67  116 6152.00000 5378.09333  12.6%   181  782s
 207002 119135 5744.48572   57  135 6152.00000 5378.19243  12.6%   181  787s
 208227 119906 infeasible   45      6152.00000 5378.41630  12.6%   181  792s
 209493 120573     cutoff   64      6152.00000 5378.56739  12.6%   181  797s
 210733 121272 5393.63448   44  278 6152.00000 5378.78785  12.6%   181  801s
 211936 122014 6013.30434   68  160 6152.00000 5378.90218  12.6%   181  806s
 213198 122674     cutoff   58      6152.00000 5379.17904  12.6%   181  810s
 215760 123978 5906.93515   59  224 6152.00000 5379.62207  12.6%   181  819s
 216952 124538 5688.72651   61  174 6152.00000 5379.90588  12.6%   181  824s
 217990 125255 6020.25747   58  122 6152.00000 5380.09798  12.5%   181  828s
 219148 125631 6059.16382   77  181 6152.00000 5380.29563  12.5%   181  833s
 219804 126751 5456.20573   43  324 6152.00000 5380.32755  12.5%   181  840s
 221889 127587 5596.16053   58  228 6152.00000 5380.67123  12.5%   181  846s
 223407 128305 5664.62476   55  203 6152.00000 5380.95195  12.5%   181  851s
 224645 129107 5892.00000   64   84 6152.00000 5381.13302  12.5%   181  856s
 226068 129915 6105.75521   66  141 6152.00000 5381.39774  12.5%   181  860s
 227428 130771 5539.96135   60  189 6152.00000 5381.55498  12.5%   181  865s
 228785 131569 5817.55601   61  238 6152.00000 5381.75280  12.5%   181  870s
 230189 132243 5567.89205   51  190 6152.00000 5382.03494  12.5%   181  875s
 232471 133675 5739.13113   62  191 6152.00000 5382.49477  12.5%   181  885s
 233806 134424 5753.69967   50  151 6152.00000 5382.62254  12.5%   181  890s
 236252 135763 5478.50564   48  187 6152.00000 5382.99200  12.5%   181  899s
 237391 136321 6028.30040   67  192 6152.00000 5383.10747  12.5%   181  903s
 238461 137000 5398.44372   44  303 6152.00000 5383.26536  12.5%   181  908s
 239742 137644 5957.68691   52  232 6152.00000 5383.38362  12.5%   181  913s
 241121 138373 5407.57410   47  239 6152.00000 5383.57162  12.5%   181  917s
 242402 139034     cutoff   46      6152.00000 5383.88669  12.5%   181  922s
 243623 139677 5893.07768   64  166 6152.00000 5384.02829  12.5%   181  926s
 244766 140337 5996.00000   91   78 6152.00000 5384.27816  12.5%   181  932s
 245918 140712 6137.60000   67  137 6152.00000 5384.47818  12.5%   181  938s

Cutting planes:
  Learned: 405
  Gomory: 24
  Cover: 2356
  Implied bound: 51
  Projected implied bound: 1
  MIR: 661
  Mixing: 2
  StrongCG: 82
  Flow cover: 847
  GUB cover: 1
  Inf proof: 24
  Zero half: 45
  Network: 8
  RLT: 2
  Relax-and-lift: 118

Explored 246615 nodes (44728473 simplex iterations) in 938.12 seconds (519.15 work units)
Thread count was 12 (of 12 available processors)

Solution count 10: 6152 6166 6256 ... 7391

Solve interrupted
Best objective 6.152000000000e+03, best bound 5.385000000000e+03, gap 12.4675%
