
Gurobi 12.0.0 (win64) logging started Tue Feb 17 02:08:39 2026

Set parameter LogFile to value "Storage_orig/Logs/log______Sens_C_range_reduced_(170, 170)_2026_02_17_02_08_39.log"
Set parameter MIPGap to value 0.01
Set parameter OutputFlag to value 1
Set parameter TimeLimit to value 600
Gurobi Optimizer version 12.0.0 build v12.0.0rc1 (win64 - Windows 11+.0 (26200.2))

CPU model: Intel(R) Core(TM) i7-9750H CPU @ 2.60GHz, instruction set [SSE2|AVX|AVX2]
Thread count: 6 physical cores, 12 logical processors, using up to 12 threads

Non-default parameters:
TimeLimit  600
MIPGap  0.01
MIPFocus  1

Optimize a model with 5780 rows, 1040 columns and 15062 nonzeros
Model fingerprint: 0x689793f1
Variable types: 18 continuous, 1022 integer (770 binary)
Coefficient statistics:
  Matrix range     [2e-01, 1e+03]
  Objective range  [1e+01, 2e+03]
  Bounds range     [1e+00, 1e+00]
  RHS range        [1e+00, 1e+03]
Found heuristic solution: objective 26320.000000
Presolve removed 4149 rows and 230 columns
Presolve time: 0.03s
Presolved: 1631 rows, 810 columns, 5736 nonzeros
Variable types: 18 continuous, 792 integer (600 binary)

Root relaxation: objective 8.784075e+03, 638 iterations, 0.02 seconds (0.01 work units)

    Nodes    |    Current Node    |     Objective Bounds      |     Work
 Expl Unexpl |  Obj  Depth IntInf | Incumbent    BestBd   Gap | It/Node Time

     0     0 8784.07503    0   42 26320.0000 8784.07503  66.6%     -    0s
H    0     0                    22082.000000 8784.07503  60.2%     -    0s
H    0     0                    18225.000000 8784.07503  51.8%     -    0s
H    0     0                    14185.000000 8784.07503  38.1%     -    0s
H    0     0                    14025.000000 8784.07503  37.4%     -    0s
H    0     0                    13643.000000 8784.07503  35.6%     -    0s
H    0     0                    12963.000000 8784.07503  32.2%     -    0s
H    0     0                    12823.000000 8786.97513  31.5%     -    0s
H    0     0                    12683.000000 8786.97513  30.7%     -    0s
     0     0 8786.97513    0  102 12683.0000 8786.97513  30.7%     -    0s
     0     0 8795.57733    0   94 12683.0000 8795.57733  30.7%     -    0s
     0     0 8795.85949    0   92 12683.0000 8795.85949  30.6%     -    0s
     0     0 8797.59464    0   93 12683.0000 8797.59464  30.6%     -    0s
     0     0 8797.59464    0   93 12683.0000 8797.59464  30.6%     -    0s
     0     0 8890.58402    0  122 12683.0000 8890.58402  29.9%     -    0s
H    0     0                    12401.000000 8890.58402  28.3%     -    0s
     0     0 8901.24846    0  115 12401.0000 8901.24846  28.2%     -    0s
     0     0 8902.00187    0  143 12401.0000 8902.00187  28.2%     -    0s
     0     0 8910.97776    0  139 12401.0000 8910.97776  28.1%     -    0s
     0     0 8912.96955    0  146 12401.0000 8912.96955  28.1%     -    0s
     0     0 8915.29375    0  157 12401.0000 8915.29375  28.1%     -    0s
H    0     0                    12259.000000 8924.11121  27.2%     -    0s
H    0     0                    11859.000000 8924.11121  24.7%     -    0s
     0     0 8924.11121    0  162 11859.0000 8924.11121  24.7%     -    0s
     0     0 8925.06180    0  156 11859.0000 8925.06180  24.7%     -    0s
     0     0 8925.47883    0  172 11859.0000 8925.47883  24.7%     -    0s
     0     0 8931.32342    0  164 11859.0000 8931.32342  24.7%     -    0s
     0     0 8931.48371    0  165 11859.0000 8931.48371  24.7%     -    0s
H    0     0                    11739.000000 8931.52259  23.9%     -    0s
H    0     0                    11299.000000 8931.52259  21.0%     -    0s
     0     0 8931.52259    0  170 11299.0000 8931.52259  21.0%     -    0s
     0     0 8931.53760    0  171 11299.0000 8931.53760  21.0%     -    0s
     0     0 8931.53760    0  173 11299.0000 8931.53760  21.0%     -    0s
H    0     0                    11280.000000 8954.39399  20.6%     -    0s
H    0     0                    11220.000000 8954.39399  20.2%     -    0s
H    0     0                    11080.000000 8954.39399  19.2%     -    0s
     0     0 8954.39399    0  191 11080.0000 8954.39399  19.2%     -    0s
H    0     0                    10840.000000 8960.73351  17.3%     -    0s
     0     0 8960.73351    0  206 10840.0000 8960.73351  17.3%     -    0s
     0     0 8963.39681    0  213 10840.0000 8963.39681  17.3%     -    0s
     0     0 8965.14894    0  232 10840.0000 8965.14894  17.3%     -    0s
H    0     0                    10580.000000 8970.79913  15.2%     -    1s
H    0     0                    10260.000000 8970.79913  12.6%     -    1s
H    0     0                    10200.000000 8970.79913  12.1%     -    1s
     0     0 8970.79913    0  237 10200.0000 8970.79913  12.1%     -    1s
     0     0 8972.15386    0  243 10200.0000 8972.15386  12.0%     -    1s
     0     0 8972.67957    0  260 10200.0000 8972.67957  12.0%     -    1s
     0     0 8974.20539    0  262 10200.0000 8974.20539  12.0%     -    1s
     0     0 8974.38257    0  277 10200.0000 8974.38257  12.0%     -    1s
H    0     0                    10120.000000 8977.48039  11.3%     -    1s
     0     0 8977.48039    0  209 10120.0000 8977.48039  11.3%     -    1s
     0     0 8977.77227    0  212 10120.0000 8977.77227  11.3%     -    1s
     0     0 8977.82706    0  222 10120.0000 8977.82706  11.3%     -    1s
     0     0 8977.86679    0  230 10120.0000 8977.86679  11.3%     -    1s
     0     0 8977.87725    0  250 10120.0000 8977.87725  11.3%     -    1s
     0     0 8979.40749    0  239 10120.0000 8979.40749  11.3%     -    1s
     0     0 8982.30123    0  249 10120.0000 8982.30123  11.2%     -    1s
     0     0 8983.27507    0  254 10120.0000 8983.27507  11.2%     -    1s
H    0     0                    10040.000000 8983.88037  10.5%     -    1s
H    0     0                    9980.0000000 8983.88037  10.0%     -    1s
H    0     0                    9924.0000000 8983.88037  9.47%     -    1s
     0     0 8983.88037    0  266 9924.00000 8983.88037  9.47%     -    1s
H    0     0                    9864.0000000 8984.13068  8.92%     -    1s
     0     0 8984.13068    0  282 9864.00000 8984.13068  8.92%     -    1s
     0     0 8984.48486    0  291 9864.00000 8984.48486  8.92%     -    1s
     0     0 8984.53327    0  302 9864.00000 8984.53327  8.92%     -    1s
     0     0 8984.57140    0  303 9864.00000 8984.57140  8.92%     -    1s
     0     0 8984.60589    0  305 9864.00000 8984.60589  8.92%     -    1s
     0     0 8984.62720    0  306 9864.00000 8984.62720  8.91%     -    1s
     0     0 8984.63511    0  321 9864.00000 8984.63511  8.91%     -    1s
     0     0 8985.04241    0  295 9864.00000 8985.04241  8.91%     -    1s
H    0     0                    9828.0000000 8985.04241  8.58%     -    2s
H    0     0                    9688.0000000 8985.04241  7.26%     -    2s
H    0     0                    9608.0000000 8985.04241  6.48%     -    2s
     0     2 8985.04241    0  267 9608.00000 8985.04241  6.48%     -    2s
H   29    33                    9564.0000000 8989.78983  6.00%   461    2s
H   33    44                    9468.0000000 8989.78983  5.05%   426    3s
H   69    79                    9388.0000000 8989.78983  4.24%   286    3s
   376   222 9209.17475   12  112 9388.00000 8995.17965  4.18%   149    5s
  1263   781 9019.45870    6  150 9388.00000 9004.94355  4.08%   105   10s
H 1288   619                    9287.0000000 9004.94355  3.04%   105   10s
  1954  1026 9025.06533   20  207 9287.00000 9004.94355  3.04%   108   15s
  2946  1321 9193.00000   28   53 9287.00000 9008.56565  3.00%   121   20s
H 3046  1245                    9284.0000000 9008.56565  2.97%   120   20s
  4339  1479 9109.63062   39  139 9284.00000 9026.91618  2.77%   115   25s
  6049  2212 9145.67434   34   94 9284.00000 9038.82936  2.64%   112   30s
  8322  3307 9062.55675   26  220 9284.00000 9053.47535  2.48%   107   35s
  9249  3762 9149.59593   29  217 9284.00000 9055.37606  2.46%   108   40s
 11699  4748 9153.52941   33  124 9284.00000 9064.80799  2.36%   107   46s
 14046  5641 infeasible   36      9284.00000 9070.49595  2.30%   104   50s
 16788  6698 9096.33423   25  264 9284.00000 9078.30015  2.22%   101   55s
 20002  7726 9144.05647   32  185 9284.00000 9082.10526  2.17%  98.0   61s
 22017  8576 9184.75872   41  139 9284.00000 9085.62175  2.14%  96.2   65s
 25289  9790 9125.82702   25  301 9284.00000 9089.54523  2.09%  91.8   70s
 28600 11953 9123.49309   56   68 9284.00000 9091.36405  2.07%  88.5   76s
 31616 13660 9092.09437   43  184 9284.00000 9091.46711  2.07%  83.3   80s
 36069 17161 9173.05990   58  136 9284.00000 9091.58178  2.07%  77.2   87s
 41935 20514 9172.65776   89  139 9284.00000 9091.63071  2.07%  70.5   90s
 48497 24722     cutoff   88      9284.00000 9091.63464  2.07%  64.7   95s
 52209 26424 9123.63744   55  129 9284.00000 9091.63708  2.07%  63.0  100s
 57909 30575 9138.41421  101  167 9284.00000 9091.63805  2.07%  60.1  105s
 65250 34848 9159.76211   59  135 9284.00000 9091.63902  2.07%  56.8  110s
 68453 36332 9227.86884  118   57 9284.00000 9091.63902  2.07%  56.0  115s
 74332 40413 9174.07936   59   83 9284.00000 9091.63908  2.07%  54.1  120s
 80663 44231 9094.00542   70  158 9284.00000 9091.63999  2.07%  52.4  125s
 85889 47704 infeasible   73      9284.00000 9091.64019  2.07%  51.4  130s
 91827 51535 9160.57849   73  108 9284.00000 9091.64162  2.07%  49.9  135s
 99339 55199 9094.99611   54  137 9284.00000 9091.65067  2.07%  48.7  140s
 106096 58943 9092.60104   53  143 9284.00000 9091.65067  2.07%  47.4  145s
 108840 62583 9260.03910   73   85 9284.00000 9091.65067  2.07%  46.8  150s
 117027 67567 9137.84802   97  131 9284.00000 9091.65067  2.07%  45.4  155s
 123356 71277 9123.62661   55  104 9284.00000 9091.65273  2.07%  44.7  160s
 128877 74967 9137.98985  109  135 9284.00000 9091.65398  2.07%  44.4  165s
 135221 78565 9198.52978   62   85 9284.00000 9091.65398  2.07%  44.0  170s
 141943 82861     cutoff   70      9284.00000 9091.65835  2.07%  43.4  175s
 145869 85616 9129.06037   77  127 9284.00000 9091.66054  2.07%  43.4  180s
 152425 89337 9186.06717  120   62 9284.00000 9091.67189  2.07%  42.9  185s
 158528 92620 9163.45948   61  136 9284.00000 9091.67189  2.07%  42.5  190s
 159814 94325 9163.43137  110   90 9284.00000 9091.67189  2.07%  42.5  195s
 166773 98773 9123.25100   61   72 9284.00000 9091.67303  2.07%  42.1  200s
 171285 101823 9265.56191   66   43 9284.00000 9091.67484  2.07%  42.0  205s
 178792 107362 9222.27320  119   41 9284.00000 9091.67603  2.07%  41.5  210s
 182996 109441 9129.75937   46  136 9284.00000 9091.67762  2.07%  41.1  215s
 189466 113434     cutoff   76      9284.00000 9091.67893  2.07%  41.0  220s
 195298 116781 9154.10701   65  151 9284.00000 9091.67919  2.07%  40.7  225s
 201054 119190 9194.30879   85  112 9284.00000 9091.67919  2.07%  40.6  230s
 206029 121478 9197.38631   57   82 9284.00000 9091.67919  2.07%  40.6  235s
 210371 123671 9168.58232  101  108 9284.00000 9091.67919  2.07%  40.6  241s
 214175 126601 9127.16348   84  194 9284.00000 9091.67919  2.07%  40.5  245s
 219438 129804 9108.33275   58  181 9284.00000 9091.68015  2.07%  40.3  250s
 225846 133606 9092.80929   56  126 9284.00000 9091.68015  2.07%  40.1  255s
 233669 138324 9092.81545   58  125 9284.00000 9091.68015  2.07%  39.8  260s
 239983 142063 9123.55052   56  193 9284.00000 9091.68015  2.07%  39.5  265s
 245520 144885 9129.05893   89  173 9284.00000 9091.68015  2.07%  39.5  270s
 252566 149518     cutoff  137      9284.00000 9091.68111  2.07%  39.1  275s
 259108 153317 9174.90178   82  109 9284.00000 9091.68111  2.07%  39.0  280s
 265526 157352 infeasible  123      9284.00000 9091.68111  2.07%  38.7  285s
 272201 161106 9154.10625   59  158 9284.00000 9091.68113  2.07%  38.5  290s
 278032 164740 9165.11823  115  113 9284.00000 9091.68145  2.07%  38.5  295s
 283297 167281 9189.77153   75   41 9284.00000 9091.68209  2.07%  38.4  300s
 289071 170924 9182.10689   62  140 9284.00000 9091.68209  2.07%  38.4  305s
 295213 174501 9121.97004   59   89 9284.00000 9091.68241  2.07%  38.3  310s
 301558 178350 9164.19771   86  105 9284.00000 9091.68306  2.07%  38.2  315s
 306764 181165 9197.66467   61  139 9284.00000 9091.68420  2.07%  38.1  320s
 312214 185243 9092.78652   56  140 9284.00000 9091.68572  2.07%  38.1  326s
 317997 188648 9100.05162   76  193 9284.00000 9091.68983  2.07%  38.0  331s
 325145 193341 9097.77856   57  140 9284.00000 9091.69086  2.07%  37.7  335s
 331846 196994 9168.26453   56  160 9284.00000 9091.69183  2.07%  37.5  340s
 337616 200897 9092.81545   57  125 9284.00000 9091.69280  2.07%  37.4  345s
 344980 205326 9172.11693  116  116 9284.00000 9091.69534  2.07%  37.3  350s
 351910 208675 infeasible  111      9284.00000 9091.70196  2.07%  37.2  356s
 357199 212630 9166.90481   81   95 9284.00000 9091.71120  2.07%  37.1  360s
 360342 214555 9166.88109   67   72 9284.00000 9091.71120  2.07%  37.0  365s
 367332 220221 9204.48033  153  111 9284.00000 9091.71120  2.07%  36.8  370s
 374117 223813     cutoff   55      9284.00000 9091.71120  2.07%  36.8  375s
 380698 227851 9127.19153   63   30 9284.00000 9091.71120  2.07%  36.8  380s
 386737 231891 infeasible  120      9284.00000 9091.71120  2.07%  36.8  385s
 394651 237926 9172.57271   86  172 9284.00000 9091.71120  2.07%  36.5  390s
 401262 242376 9173.07092   67  158 9284.00000 9091.71120  2.07%  36.5  395s
 406838 245673 9129.78684   64   91 9284.00000 9091.71120  2.07%  36.3  400s
 408961 247537 9123.53306   51  101 9284.00000 9091.71120  2.07%  36.3  405s
 415393 252121 9183.06830  123   88 9284.00000 9091.71234  2.07%  36.2  410s
 423127 256762 9183.36895  135  142 9284.00000 9091.71234  2.07%  36.2  416s
 426715 259623 9183.60455   79   94 9284.00000 9091.71296  2.07%  36.2  420s
 434023 264152 9129.38016   92  173 9284.00000 9091.71461  2.07%  36.1  425s
 441166 269026 9180.43080   88   62 9284.00000 9091.71575  2.07%  36.0  430s
 448509 272937 9093.23882   53  131 9284.00000 9091.71685  2.07%  36.0  435s
 453938 276584 9102.95194   76  179 9284.00000 9091.72023  2.07%  36.0  440s
 460050 280743     cutoff   83      9284.00000 9091.72119  2.07%  35.9  446s
 463920 284381 9123.64149   55  205 9284.00000 9091.72119  2.07%  35.9  450s
 469596 287296 9129.52484   94  178 9284.00000 9091.72216  2.07%  35.9  455s
 474843 290039 9127.72825   74  158 9284.00000 9091.72216  2.07%  36.0  460s
 481521 294573 9213.55320   70  105 9284.00000 9091.72216  2.07%  36.0  465s
 487141 298317 9160.75248   96   84 9284.00000 9091.72216  2.07%  35.9  470s
 492634 301587     cutoff   88      9284.00000 9091.72216  2.07%  36.0  475s
 497018 303663 9183.11996  115  118 9284.00000 9091.72216  2.07%  36.0  480s
 500687 306883     cutoff  145      9284.00000 9091.72216  2.07%  36.0  485s
 508150 312028 9109.79710   60  121 9284.00000 9091.72216  2.07%  35.9  490s
 513976 315620 9094.24854   54  229 9284.00000 9091.72216  2.07%  35.9  495s
 520046 318794 9183.23579  119  111 9284.00000 9091.72216  2.07%  35.9  500s
 524847 322576 9183.34047  119   89 9284.00000 9091.72216  2.07%  36.0  505s
 530840 325622     cutoff  151      9284.00000 9091.72216  2.07%  36.1  511s
 536589 329212 9097.26976   60  162 9284.00000 9091.72312  2.07%  36.0  515s
 541576 332256 9140.22146  103  158 9284.00000 9091.72312  2.07%  36.1  520s
 547585 336344 9095.28921   53  188 9284.00000 9091.72312  2.07%  36.1  525s
 555345 341407 9156.44549   58  101 9284.00000 9091.72312  2.07%  35.9  530s
 560264 344436 9138.70453  103  153 9284.00000 9091.72312  2.07%  36.0  536s
 564607 347510 9160.75248  101   96 9284.00000 9091.72312  2.07%  36.1  540s
 569495 349508 infeasible  100      9284.00000 9091.72312  2.07%  36.1  545s
 570538 350524 9169.38115  111  131 9284.00000 9091.72312  2.07%  36.1  551s
 574528 353460 9128.56273   90  196 9284.00000 9091.72312  2.07%  36.2  555s
 580035 356262 9126.65356   81  179 9284.00000 9091.72312  2.07%  36.3  560s
 586168 359954 9157.01410   70  125 9284.00000 9091.72312  2.07%  36.2  565s
 592074 363803 9212.33333  128   35 9284.00000 9091.72312  2.07%  36.2  570s
 599547 369103 9095.28896   54  188 9284.00000 9091.72312  2.07%  36.1  575s
 605732 372677 9166.42491   86   87 9284.00000 9091.72312  2.07%  36.1  580s
 612106 377448 9156.56883   64  108 9284.00000 9091.72312  2.07%  36.0  585s
 618676 381887 infeasible   92      9284.00000 9091.72312  2.07%  36.0  590s
 625678 386822 9137.57501  113  136 9284.00000 9091.72312  2.07%  35.9  595s
 631875 390464 9166.23052   63  103 9284.00000 9091.72312  2.07%  35.8  600s

Cutting planes:
  Learned: 32
  Gomory: 13
  Cover: 394
  MIR: 424
  StrongCG: 24
  Flow cover: 387
  Inf proof: 3
  RLT: 5
  Relax-and-lift: 45

Explored 632463 nodes (22669119 simplex iterations) in 600.01 seconds (318.07 work units)
Thread count was 12 (of 12 available processors)

Solution count 10: 9284 9287 9388 ... 9924

Time limit reached
Best objective 9.284000000000e+03, best bound 9.092000000000e+03, gap 2.0681%
