
Gurobi 12.0.0 (win64) logging started Mon Feb 16 00:38:25 2026

Set parameter LogFile to value "Storage_orig/Logs/log______Sens_truck_cost_multiplier_2_2026_02_16_00_38_24.log"
Set parameter MIPGap to value 0.01
Set parameter OutputFlag to value 1
Set parameter TimeLimit to value 600
Gurobi Optimizer version 12.0.0 build v12.0.0rc1 (win64 - Windows 11+.0 (26200.2))

CPU model: Intel(R) Core(TM) i7-9750H CPU @ 2.60GHz, instruction set [SSE2|AVX|AVX2]
Thread count: 6 physical cores, 12 logical processors, using up to 12 threads

Non-default parameters:
TimeLimit  600
MIPGap  0.01
MIPFocus  1

Optimize a model with 4170 rows, 840 columns and 11004 nonzeros
Model fingerprint: 0xa87eb220
Variable types: 18 continuous, 822 integer (570 binary)
Coefficient statistics:
  Matrix range     [2e-01, 1e+03]
  Objective range  [1e+01, 2e+03]
  Bounds range     [1e+00, 1e+00]
  RHS range        [1e+00, 1e+03]
Found heuristic solution: objective 37800.000000
Presolve removed 2940 rows and 192 columns
Presolve time: 0.08s
Presolved: 1230 rows, 648 columns, 6453 nonzeros
Variable types: 18 continuous, 630 integer (450 binary)

Root relaxation: objective 6.567500e+03, 407 iterations, 0.03 seconds (0.01 work units)

    Nodes    |    Current Node    |     Objective Bounds      |     Work
 Expl Unexpl |  Obj  Depth IntInf | Incumbent    BestBd   Gap | It/Node Time

     0     0 6567.50003    0   31 37800.0000 6567.50003  82.6%     -    0s
H    0     0                    33484.000000 6567.50003  80.4%     -    0s
H    0     0                    31284.000000 6567.50003  79.0%     -    0s
H    0     0                    25570.000000 6567.50003  74.3%     -    0s
H    0     0                    24370.000000 6567.50003  73.1%     -    0s
H    0     0                    20850.000000 6568.00012  68.5%     -    0s
H    0     0                    19650.000000 6568.00012  66.6%     -    0s
H    0     0                    19370.000000 6568.00012  66.1%     -    0s
     0     0 6568.00012    0   76 19370.0000 6568.00012  66.1%     -    0s
H    0     0                    17964.000000 6568.14286  63.4%     -    0s
H    0     0                    17804.000000 6568.14286  63.1%     -    0s
H    0     0                    17524.000000 6568.14286  62.5%     -    0s
     0     0 6568.14286    0   87 17524.0000 6568.14286  62.5%     -    0s
     0     0 6574.00033    0   60 17524.0000 6574.00033  62.5%     -    0s
     0     0 6574.82262    0   57 17524.0000 6574.82262  62.5%     -    0s
     0     0 6574.82262    0   57 17524.0000 6574.82262  62.5%     -    0s
H    0     0                    13074.000000 6654.20019  49.1%     -    0s
H    0     0                    11994.000000 6654.20019  44.5%     -    0s
     0     0 6654.20019    0   90 11994.0000 6654.20019  44.5%     -    0s
     0     0 6667.81883    0  120 11994.0000 6667.81883  44.4%     -    0s
H    0     0                    10975.000000 6668.48542  39.2%     -    0s
     0     0 6668.48542    0  128 10975.0000 6668.48542  39.2%     -    0s
     0     0 6674.29282    0  111 10975.0000 6674.29282  39.2%     -    0s
H    0     0                    9495.0000000 6675.00927  29.7%     -    0s
     0     0 6675.00927    0  120 9495.00000 6675.00927  29.7%     -    0s
     0     0 6675.19427    0  120 9495.00000 6675.19427  29.7%     -    0s
     0     0 6675.24484    0  115 9495.00000 6675.24484  29.7%     -    0s
     0     0 6675.24484    0  115 9495.00000 6675.24484  29.7%     -    0s
H    0     0                    7012.0000000 6675.24484  4.80%     -    0s
     0     0 6702.03320    0  157 7012.00000 6702.03320  4.42%     -    1s
     0     0 6725.01716    0  160 7012.00000 6725.01716  4.09%     -    1s
     0     0 6726.20917    0  179 7012.00000 6726.20917  4.08%     -    1s
     0     0 6727.64370    0  176 7012.00000 6727.64370  4.06%     -    1s
     0     0 6728.72051    0  175 7012.00000 6728.72051  4.04%     -    1s
     0     0 6730.92280    0  195 7012.00000 6730.92280  4.01%     -    1s
     0     0 6732.08454    0  208 7012.00000 6732.08454  3.99%     -    1s
     0     0 6734.36050    0  195 7012.00000 6734.36050  3.96%     -    1s
     0     0 6737.80452    0  197 7012.00000 6737.80452  3.91%     -    1s
     0     0 6737.92561    0  215 7012.00000 6737.92561  3.91%     -    1s
     0     0 6737.93347    0  223 7012.00000 6737.93347  3.91%     -    1s
     0     0 6756.22912    0  136 7012.00000 6756.22912  3.65%     -    1s
     0     0 6758.89111    0  145 7012.00000 6758.89111  3.61%     -    1s
     0     0 6765.01659    0  170 7012.00000 6765.01659  3.52%     -    1s
     0     0 6767.30163    0  171 7012.00000 6767.30163  3.49%     -    1s
     0     0 6772.30329    0  141 7012.00000 6772.30329  3.42%     -    1s
     0     0 6772.49178    0  154 7012.00000 6772.49178  3.42%     -    1s
     0     0 6773.09593    0  164 7012.00000 6773.09593  3.41%     -    1s
     0     0 6773.24265    0  139 7012.00000 6773.24265  3.40%     -    1s
     0     0 6773.24265    0   96 7012.00000 6773.24265  3.40%     -    1s
     0     0 6778.50000    0  104 7012.00000 6778.50000  3.33%     -    1s
     0     2 6778.50000    0   74 7012.00000 6778.50000  3.33%     -    2s
H   40    45                    6956.0000000 6778.50000  2.55%   190    2s
   566   431 6801.95158   30   53 6956.00000 6778.50000  2.55%  46.9    5s
  1434   935 6792.31705    6  148 6956.00000 6785.00471  2.46%  43.5   10s
  1841  1185 6818.50000    6   25 6956.00000 6818.50000  1.98%  47.5   15s
  1893  1222 6852.08660   19  136 6956.00000 6852.08660  1.49%  50.8   20s
  3014  1468 6858.93333   58   26 6956.00000 6854.75661  1.46%  46.7   25s
  6287  1458 6873.47083   60   76 6956.00000 6856.07990  1.44%  35.8   30s
  8985  1726 6858.63028   47   77 6956.00000 6857.20000  1.42%  33.6   35s
 13366  1990     cutoff   57      6956.00000 6860.00571  1.38%  32.0   40s
 17878  2039     cutoff   56      6956.00000 6863.51425  1.33%  31.3   45s
 23701  3296     cutoff   52      6956.00000 6864.25000  1.32%  30.3   50s
 27684  3712 6871.50438   60  109 6956.00000 6866.52632  1.29%  30.7   55s
 31733  4309 6867.73087   50   97 6956.00000 6867.47783  1.27%  30.6   60s
 38695  5556 6873.00143   62   52 6956.00000 6868.24412  1.26%  29.3   65s
 43081  6328 6873.18182   65   33 6956.00000 6868.81818  1.25%  28.7   70s
 49412  7356 6874.22486   57  104 6956.00000 6869.13661  1.25%  27.8   75s
 55407  8177 6869.51754   55   41 6956.00000 6869.44746  1.24%  27.0   80s
 62345  7967 6915.18182   52   29 6956.00000 6870.26165  1.23%  26.5   86s
 66929  8476 infeasible   56      6956.00000 6871.08456  1.22%  26.2   90s
 73465  9610     cutoff   45      6956.00000 6871.48598  1.21%  25.9   95s
 77335  9699 6876.22590   62   99 6956.00000 6871.76364  1.21%  25.7  101s
 83504  9540     cutoff   58      6956.00000 6872.45736  1.20%  25.3  105s
 89076 10237 infeasible   58      6956.00000 6873.18182  1.19%  25.1  110s
 94309 10597     cutoff   61      6956.00000 6873.68399  1.18%  25.0  115s
 100160 11080 infeasible   67      6956.00000 6874.18416  1.18%  24.7  121s
 104565 11515 6885.25568   62   30 6956.00000 6874.45039  1.17%  24.5  125s
 111314 11910 6875.58152   55   35 6956.00000 6874.79754  1.17%  24.2  130s
 117121 12518 6898.62500   65   36 6956.00000 6874.96568  1.16%  24.0  135s
 122962 12861 6883.05962   66   29 6956.00000 6875.39063  1.16%  23.9  140s
 127709 13107 6906.02283   74   59 6956.00000 6875.58182  1.16%  23.8  145s
 132676 13538     cutoff   76      6956.00000 6876.31997  1.15%  23.7  150s
 139170 13637 infeasible   69      6956.00000 6876.83000  1.14%  23.6  155s
 145694 13967     cutoff   51      6956.00000 6877.42099  1.13%  23.6  160s
 147162 13918 infeasible   65      6956.00000 6877.62222  1.13%  23.6  166s
 151906 14030 infeasible   77      6956.00000 6878.00962  1.12%  23.6  170s
 157708 14471 6882.30963   59   60 6956.00000 6878.49034  1.11%  23.6  175s
 162041 14833 6880.58850   69   86 6956.00000 6878.97734  1.11%  23.6  180s
 168620 15649     cutoff   69      6956.00000 6879.35626  1.10%  23.5  185s
 173389 15817 6882.12115   62   56 6956.00000 6879.65109  1.10%  23.4  190s
 178401 16440 6883.32515   67  113 6956.00000 6879.84528  1.09%  23.3  195s
 183953 16815 6922.37555   60   73 6956.00000 6880.07784  1.09%  23.2  200s
 188614 16678     cutoff   69      6956.00000 6880.31491  1.09%  23.1  205s
 193765 16669 infeasible   64      6956.00000 6880.72917  1.08%  23.1  210s
 198765 16912 6881.21639   62   68 6956.00000 6881.00188  1.08%  23.1  215s
 205894 17491 6925.01722   64   72 6956.00000 6881.38462  1.07%  22.9  220s
 211596 17330     cutoff   63      6956.00000 6881.82468  1.07%  22.9  225s
 218085 17478 6883.75661   58   69 6956.00000 6882.34080  1.06%  22.8  230s
 222392 17568 6887.47765   85   46 6956.00000 6882.56170  1.06%  22.9  235s
 228601 17324 6886.40625   65   50 6956.00000 6883.21367  1.05%  22.8  240s
 235549 17046     cutoff   68      6956.00000 6883.80219  1.04%  22.7  246s
 242623 17081     cutoff   56      6956.00000 6884.57895  1.03%  22.4  250s
 248096 17070 6898.71212   76   86 6956.00000 6884.90409  1.02%  22.3  255s
 256021 17019 infeasible   69      6956.00000 6885.64336  1.01%  22.0  260s
 261898 17088 6906.01991   75   61 6956.00000 6885.79736  1.01%  21.9  266s

Cutting planes:
  Learned: 85
  Gomory: 1
  Cover: 197
  Clique: 9
  MIR: 134
  StrongCG: 11
  Flow cover: 165
  Inf proof: 17
  Zero half: 17
  Network: 1
  RLT: 9
  Relax-and-lift: 14

Explored 264623 nodes (5787065 simplex iterations) in 268.17 seconds (79.87 work units)
Thread count was 12 (of 12 available processors)

Solution count 10: 6956 6956 7012 ... 17964

Optimal solution found (tolerance 1.00e-02)
Best objective 6.956000000000e+03, best bound 6.887000000000e+03, gap 0.9919%
