
Gurobi 12.0.0 (win64) logging started Tue Feb 17 00:51:18 2026

Set parameter LogFile to value "Storage_orig/Logs/log______Sens_handling_time_0.75_2026_02_17_00_51_18.log"
Set parameter MIPGap to value 0.01
Set parameter OutputFlag to value 1
Set parameter TimeLimit to value 600
Gurobi Optimizer version 12.0.0 build v12.0.0rc1 (win64 - Windows 11+.0 (26200.2))

CPU model: Intel(R) Core(TM) i7-9750H CPU @ 2.60GHz, instruction set [SSE2|AVX|AVX2]
Thread count: 6 physical cores, 12 logical processors, using up to 12 threads

Non-default parameters:
TimeLimit  600
MIPGap  0.01
MIPFocus  1

Optimize a model with 4170 rows, 840 columns and 11004 nonzeros
Model fingerprint: 0x6cdc4f56
Variable types: 18 continuous, 822 integer (570 binary)
Coefficient statistics:
  Matrix range     [8e-01, 1e+03]
  Objective range  [1e+01, 2e+03]
  Bounds range     [1e+00, 1e+00]
  RHS range        [1e+00, 1e+03]

User MIP start did not produce a new incumbent solution
User MIP start violates constraint Time_LB_4_1_0 by 5.000000000

Found heuristic solution: objective 18900.000000
Presolve removed 2940 rows and 192 columns
Presolve time: 0.01s
Presolved: 1230 rows, 648 columns, 6453 nonzeros
Variable types: 18 continuous, 630 integer (450 binary)

Root relaxation: objective 5.467500e+03, 407 iterations, 0.01 seconds (0.01 work units)

    Nodes    |    Current Node    |     Objective Bounds      |     Work
 Expl Unexpl |  Obj  Depth IntInf | Incumbent    BestBd   Gap | It/Node Time

     0     0 5467.50003    0   37 18900.0000 5467.50003  71.1%     -    0s
H    0     0                    15024.000000 5467.50003  63.6%     -    0s
H    0     0                    14684.000000 5467.50003  62.8%     -    0s
H    0     0                    13006.000000 5467.50003  58.0%     -    0s
H    0     0                    12926.000000 5468.00013  57.7%     -    0s
     0     0 5468.00013    0   71 12926.0000 5468.00013  57.7%     -    0s
H    0     0                    12551.000000 5468.45458  56.4%     -    0s
H    0     0                    12011.000000 5468.45458  54.5%     -    0s
H    0     0                    11871.000000 5468.45458  53.9%     -    0s
     0     0 5468.45458    0   56 11871.0000 5468.45458  53.9%     -    0s
H    0     0                    10574.000000 5485.37348  48.1%     -    0s
H    0     0                    10174.000000 5485.37348  46.1%     -    0s
     0     0 5485.37348    0   38 10174.0000 5485.37348  46.1%     -    0s
     0     0 5485.37348    0   50 10174.0000 5485.37348  46.1%     -    0s
     0     0 5549.41254    0   72 10174.0000 5549.41254  45.5%     -    0s
     0     0 5552.39649    0   94 10174.0000 5552.39649  45.4%     -    0s
H    0     0                    9894.0000000 5556.11539  43.8%     -    0s
     0     0 5556.11539    0   91 9894.00000 5556.11539  43.8%     -    0s
     0     0 5556.20949    0  101 9894.00000 5556.20949  43.8%     -    0s
     0     0 5560.58549    0  104 9894.00000 5560.58549  43.8%     -    0s
     0     0 5561.03505    0  119 9894.00000 5561.03505  43.8%     -    0s
     0     0 5561.07124    0  115 9894.00000 5561.07124  43.8%     -    0s
     0     0 5561.07124    0  118 9894.00000 5561.07124  43.8%     -    0s
H    0     0                    9878.0000000 5561.07124  43.7%     -    0s
H    0     0                    9478.0000000 5561.07124  41.3%     -    0s
H    0     0                    9198.0000000 5561.07124  39.5%     -    0s
H    0     0                    9138.0000000 5561.07124  39.1%     -    0s
H    0     0                    9058.0000000 5561.07124  38.6%     -    0s
H    0     0                    8918.0000000 5561.07124  37.6%     -    0s
H    0     0                    8778.0000000 5561.07124  36.6%     -    0s
H    0     0                    8498.0000000 5593.10358  34.2%     -    0s
H    0     0                    8278.0000000 5593.10358  32.4%     -    0s
     0     0 5593.10358    0  142 8278.00000 5593.10358  32.4%     -    0s
H    0     0                    8218.0000000 5593.10358  31.9%     -    0s
H    0     0                    8078.0000000 5593.10358  30.8%     -    0s
     0     0 5601.23304    0  145 8078.00000 5601.23304  30.7%     -    0s
     0     0 5611.49518    0  131 8078.00000 5611.49518  30.5%     -    0s
     0     0 5618.05069    0  178 8078.00000 5618.05069  30.5%     -    0s
     0     0 5620.80007    0  176 8078.00000 5620.80007  30.4%     -    0s
H    0     0                    8058.0000000 5623.62561  30.2%     -    0s
     0     0 5623.62561    0  178 8058.00000 5623.62561  30.2%     -    0s
H    0     0                    7998.0000000 5631.84614  29.6%     -    0s
     0     0 5631.84614    0  156 7998.00000 5631.84614  29.6%     -    0s
     0     0 5632.42158    0  183 7998.00000 5632.42158  29.6%     -    0s
     0     0 5632.46768    0  189 7998.00000 5632.46768  29.6%     -    0s
     0     0 5636.29566    0  204 7998.00000 5636.29566  29.5%     -    0s
     0     0 5636.74310    0  204 7998.00000 5636.74310  29.5%     -    0s
     0     0 5636.82193    0  213 7998.00000 5636.82193  29.5%     -    0s
     0     0 5637.02169    0  213 7998.00000 5637.02169  29.5%     -    0s
     0     0 5640.66669    0  181 7998.00000 5640.66669  29.5%     -    0s
     0     0 5641.32865    0  207 7998.00000 5641.32865  29.5%     -    0s
     0     0 5644.27512    0  199 7998.00000 5644.27512  29.4%     -    0s
H    0     0                    7875.0000000 5645.93514  28.3%     -    0s
H    0     0                    7735.0000000 5645.93514  27.0%     -    0s
     0     0 5645.93514    0  168 7735.00000 5645.93514  27.0%     -    0s
     0     0 5645.95230    0  202 7735.00000 5645.95230  27.0%     -    0s
     0     0 5645.98058    0  211 7735.00000 5645.98058  27.0%     -    0s
     0     0 5645.98058    0  216 7735.00000 5645.98058  27.0%     -    0s
     0     0 5650.57078    0  231 7735.00000 5650.57078  26.9%     -    0s
H    0     0                    7156.0000000 5658.32667  20.9%     -    0s
     0     0 5658.32667    0  242 7156.00000 5658.32667  20.9%     -    0s
     0     0 5663.22975    0  238 7156.00000 5663.22975  20.9%     -    0s
     0     0 5664.32907    0  240 7156.00000 5664.32907  20.8%     -    0s
     0     0 5670.66684    0  245 7156.00000 5670.66684  20.8%     -    1s
H    0     0                    7136.0000000 5671.12418  20.5%     -    1s
H    0     0                    6996.0000000 5671.12418  18.9%     -    1s
     0     0 5671.12418    0  245 6996.00000 5671.12418  18.9%     -    1s
     0     0 5671.81784    0  232 6996.00000 5671.81784  18.9%     -    1s
H    0     0                    6916.0000000 5672.00108  18.0%     -    1s
     0     0 5672.00108    0  166 6916.00000 5672.00108  18.0%     -    1s
     0     0 5672.19146    0  132 6916.00000 5672.19146  18.0%     -    1s
     0     0 5672.20635    0   88 6916.00000 5672.20635  18.0%     -    1s
     0     0 5672.46429    0  156 6916.00000 5672.46429  18.0%     -    1s
H    0     0                    6716.0000000 5672.46429  15.5%     -    1s
H    0     0                    6656.0000000 5672.54250  14.8%     -    1s
     0     2 5672.54250    0  136 6656.00000 5672.54250  14.8%     -    1s
H   11    14                    6412.0000000 5672.92857  11.5%   253    1s
H   31    39                    6292.0000000 5674.00496  9.82%   256    1s
H   65    83                    6176.0000000 5674.00496  8.13%   148    1s
H   94    99                    6140.0000000 5674.00496  7.59%   115    1s
H  160   176                    6000.0000000 5674.00496  5.43%  84.5    2s
H  377   325                    5920.0000000 5674.84643  4.14%  71.8    2s
  1232   934 5856.98102   24   42 5920.00000 5679.79824  4.06%  60.4    5s
  2015  1372 infeasible   27      5920.00000 5682.16938  4.02%  72.9   10s
  4757  2233 5720.10960   26  152 5920.00000 5712.42698  3.51%  67.8   15s
 12095  6567 5816.41379   30   62 5920.00000 5722.96754  3.33%  55.9   20s
 16898  8987 infeasible   43      5920.00000 5723.82353  3.31%  54.5   25s
 23529 12417 5762.51477   63  125 5920.00000 5724.62857  3.30%  53.7   30s
 30110 15470     cutoff   38      5920.00000 5725.14991  3.29%  52.7   35s
 33877 17021 5818.00424   39  136 5920.00000 5725.79705  3.28%  53.9   40s
 39818 20003 5818.08765   34   79 5920.00000 5726.44544  3.27%  54.5   46s
 45156 22287     cutoff   40      5920.00000 5727.17730  3.26%  54.5   50s
 49987 24501 5748.24608   32   74 5920.00000 5727.51348  3.25%  55.0   55s
 53171 26143     cutoff   44      5920.00000 5728.02908  3.24%  55.2   60s
 58592 29154     cutoff   47      5920.00000 5728.35673  3.24%  55.7   66s
 62032 30391 5742.85602   35  148 5920.00000 5728.57859  3.23%  55.9   70s
 67261 32922 5822.35076   41  155 5920.00000 5728.89973  3.23%  56.3   75s
 73511 35963     cutoff   45      5920.00000 5729.19029  3.22%  56.8   81s
 76333 37423 5744.46501   41  145 5920.00000 5729.32905  3.22%  57.0   85s
 82227 40556     cutoff   43      5920.00000 5729.73373  3.21%  57.0   90s
 87726 43052 5806.94435   33  108 5920.00000 5729.93153  3.21%  56.8   95s
 93255 45469 5735.61463   34  131 5920.00000 5730.14539  3.21%  57.2  101s
 95566 47099 5742.16837   36  106 5920.00000 5730.18292  3.21%  57.4  105s
 100865 49512 5824.36570   45  139 5920.00000 5730.30863  3.20%  57.1  110s
 105380 51134     cutoff   35      5920.00000 5730.47796  3.20%  57.5  115s
 107920 52526 infeasible   43      5920.00000 5730.51449  3.20%  57.7  120s
 113829 55417 5801.17234   32  106 5920.00000 5730.67566  3.20%  57.9  125s
 119030 57531 5766.35835   42  177 5920.00000 5730.86832  3.19%  57.7  130s
 123182 59335 5827.19024   38   91 5920.00000 5731.00156  3.19%  57.6  135s
 127452 61381 5771.22887   33  149 5920.00000 5731.14857  3.19%  57.8  140s
 132565 63414 5886.37821   37  114 5920.00000 5731.28672  3.19%  58.0  145s
 137648 65535 infeasible   46      5920.00000 5731.39131  3.19%  58.0  151s
 140604 66958 5778.73737   55   39 5920.00000 5731.46368  3.18%  58.1  155s
 144431 68736 5777.05084   47   96 5920.00000 5731.58137  3.18%  58.2  160s
 149664 70873     cutoff   43      5920.00000 5731.72997  3.18%  58.2  165s
 154282 73131 5735.67809   34  147 5920.00000 5731.80625  3.18%  58.2  170s
 160435 75652 5745.76074   40  159 5920.00000 5731.91879  3.18%  58.2  175s
 164888 77828     cutoff   43      5920.00000 5732.04899  3.17%  58.3  180s
 170135 79936 5829.64159   44  188 5920.00000 5732.14705  3.17%  58.1  185s
 171803 80992     cutoff   46      5920.00000 5732.17403  3.17%  58.2  190s
 174770 82407 5733.78571   39  139 5920.00000 5732.30084  3.17%  58.3  195s
 180101 85200 5821.86700   41  150 5920.00000 5732.39249  3.17%  58.3  200s
 185472 87264 infeasible   36      5920.00000 5732.46489  3.17%  58.3  205s
 190870 89487 infeasible   47      5920.00000 5732.58471  3.17%  58.2  211s
 195249 91318 5738.90990   34  172 5920.00000 5732.68220  3.16%  58.3  215s
 199256 93043 5742.25897   35  157 5920.00000 5732.75950  3.16%  58.4  221s
 202542 95033     cutoff   50      5920.00000 5732.82688  3.16%  58.4  225s
 208771 97188 infeasible   34      5920.00000 5732.95655  3.16%  58.4  230s
 213114 99258 infeasible   45      5920.00000 5733.01374  3.16%  58.5  235s
 217729 100776 5840.33476   48  122 5920.00000 5733.08234  3.16%  58.5  241s
 219957 101850 5781.16176   34  170 5920.00000 5733.13681  3.16%  58.6  245s
 224986 103789 5736.78052   38  184 5920.00000 5733.24602  3.15%  58.8  251s
 228863 105510     cutoff   53      5920.00000 5733.32272  3.15%  58.8  255s
 233210 106911     cutoff   47      5920.00000 5733.40111  3.15%  58.8  260s
 237113 108567 5759.77414   60  166 5920.00000 5733.46391  3.15%  58.8  265s
 242295 110436 5742.33968   36  186 5920.00000 5733.56758  3.15%  58.8  270s
 246272 111894 5736.38586   39  195 5920.00000 5733.62861  3.15%  59.0  275s
 250680 113645 5733.89899   35  116 5920.00000 5733.70787  3.15%  59.0  281s
 254036 114721     cutoff   48      5920.00000 5733.77108  3.15%  59.1  285s
 258786 116395 5819.21329   37  151 5920.00000 5733.87422  3.14%  59.3  290s
 262110 117418 5913.69030   35  114 5920.00000 5733.92816  3.14%  59.4  295s
 267215 118995 5827.98049   41  213 5920.00000 5734.00000  3.14%  59.5  300s
 270641 119745 5834.48245   32   88 5920.00000 5734.08223  3.14%  59.6  305s
 274706 121963 infeasible   47      5920.00000 5734.12976  3.14%  59.7  310s
 279286 123569     cutoff   42      5920.00000 5734.18084  3.14%  59.7  316s
 282632 124582 5765.22599   46  250 5920.00000 5734.23044  3.14%  59.8  320s
 287344 126138 5780.80825   46  120 5920.00000 5734.34063  3.14%  60.0  325s
 291314 127264     cutoff   42      5920.00000 5734.41634  3.13%  60.0  330s
 296637 128813     cutoff   42      5920.00000 5734.50984  3.13%  60.1  336s
 299926 129951 infeasible   37      5920.00000 5734.55947  3.13%  60.1  340s
 302581 131180 5749.46606   38  157 5920.00000 5734.59561  3.13%  60.0  345s
 307214 132698     cutoff   37      5920.00000 5734.66195  3.13%  60.2  351s
 311096 134007     cutoff   40      5920.00000 5734.70668  3.13%  60.2  355s
 315251 135740     cutoff   44      5920.00000 5734.75444  3.13%  60.2  361s
 319034 136868 5841.69447   41   88 5920.00000 5734.79847  3.13%  60.3  365s
 323957 138310 5736.45151   41  239 5920.00000 5734.87377  3.13%  60.4  371s
 327637 139470 infeasible   44      5920.00000 5734.92009  3.13%  60.4  375s
 332374 141053 infeasible   43      5920.00000 5734.99367  3.13%  60.4  381s
 334787 141782 5840.88538   35  167 5920.00000 5735.04270  3.12%  60.5  385s
 340058 143704 5751.83145   40  145 5920.00000 5735.10656  3.12%  60.5  391s
 343987 144794     cutoff   47      5920.00000 5735.12767  3.12%  60.5  395s
 348181 145989 5843.06667   43   43 5920.00000 5735.20609  3.12%  60.6  401s
 351826 147168 5805.19366   40  125 5920.00000 5735.26644  3.12%  60.7  406s
 355582 148473     cutoff   39      5920.00000 5735.28328  3.12%  60.7  411s
 358414 149159     cutoff   42      5920.00000 5735.33410  3.12%  60.8  416s
 361683 150149 infeasible   37      5920.00000 5735.39671  3.12%  60.9  421s
 365027 151229 5820.90251   43  105 5920.00000 5735.45085  3.12%  61.0  425s
 368673 152405     cutoff   33      5920.00000 5735.52506  3.12%  61.1  430s
 373729 154095 5841.00633   37  127 5920.00000 5735.57691  3.12%  61.1  436s
 376986 155376 infeasible   46      5920.00000 5735.61891  3.11%  61.1  440s
 381863 157373 5815.76678   49  145 5920.00000 5735.65407  3.11%  61.1  446s
 385435 158505 infeasible   45      5920.00000 5735.70136  3.11%  61.1  450s
 390192 160168 5840.72073   46  147 5920.00000 5735.77529  3.11%  61.2  456s
 393575 161293 5760.30348   34  132 5920.00000 5735.82587  3.11%  61.2  460s
 396142 162243     cutoff   44      5920.00000 5735.88495  3.11%  61.3  465s
 399928 163307 5829.42096   37  131 5920.00000 5735.93646  3.11%  61.3  470s
 403968 164772 5814.42852   43  121 5920.00000 5735.98900  3.11%  61.3  476s
 407821 166017 infeasible   44      5920.00000 5736.06129  3.11%  61.4  480s
 410944 166965 5852.92398   43  149 5920.00000 5736.11866  3.11%  61.4  485s
 414756 168124 infeasible   46      5920.00000 5736.18519  3.10%  61.5  490s
 419975 169740 5766.64085   41  169 5920.00000 5736.27894  3.10%  61.5  496s
 423924 171047     cutoff   46      5920.00000 5736.34248  3.10%  61.5  500s
 427717 172317 5774.34528   45  107 5920.00000 5736.41476  3.10%  61.5  505s
 431958 174024 5737.85347   36  142 5920.00000 5736.47062  3.10%  61.5  511s
 435314 175053 5824.76923   55   65 5920.00000 5736.53046  3.10%  61.6  515s
 439090 175694 5827.89548   42   90 5920.00000 5736.59755  3.10%  61.6  520s
 441772 176882 5744.07643   39  149 5920.00000 5736.64694  3.10%  61.7  526s
 444909 177631 5810.90177   37   64 5920.00000 5736.71598  3.10%  61.7  530s
 448832 178823     cutoff   37      5920.00000 5736.76508  3.10%  61.7  535s
 453014 180116     cutoff   49      5920.00000 5736.83376  3.09%  61.8  540s
 457665 181529 5804.49438   48  137 5920.00000 5736.91219  3.09%  61.8  547s
 460538 182499 5837.48325   35   69 5920.00000 5736.96993  3.09%  61.9  550s
 464874 183902 5823.01973   32  152 5920.00000 5737.02586  3.09%  61.8  556s
 468658 185287 5760.80231   39  192 5920.00000 5737.08131  3.09%  61.9  560s
 473003 186769 5756.81836   39  150 5920.00000 5737.11015  3.09%  61.8  565s
 477650 188174 5834.43745   31  180 5920.00000 5737.16595  3.09%  61.7  571s
 481663 190006     cutoff   45      5920.00000 5737.21337  3.09%  61.7  576s
 485959 191444 5754.74297   39  149 5920.00000 5737.26077  3.09%  61.6  581s
 489581 192599 5830.95603   42  139 5920.00000 5737.31574  3.09%  61.6  585s
 494178 194022 5799.61533   41  151 5920.00000 5737.39068  3.08%  61.7  590s
 497820 195049 5836.79121   41   95 5920.00000 5737.44901  3.08%  61.7  595s
 499675 195532 infeasible   52      5920.00000 5737.47165  3.08%  61.7  600s

Cutting planes:
  Learned: 108
  Gomory: 5
  Cover: 329
  MIR: 345
  StrongCG: 19
  Flow cover: 296
  Inf proof: 27
  Zero half: 2
  Network: 2
  RLT: 8
  Relax-and-lift: 31

Explored 499808 nodes (30854378 simplex iterations) in 600.03 seconds (309.66 work units)
Thread count was 12 (of 12 available processors)

Solution count 10: 5920 6000 6140 ... 6996

Time limit reached
Best objective 5.920000000000e+03, best bound 5.738000000000e+03, gap 3.0743%
