
Gurobi 12.0.0 (win64) logging started Wed Feb 18 22:37:45 2026

Set parameter LogFile to value "Storage_orig/Logs/log______Sens_handling_time_0.5_2026_02_18_22_37_45.log"
Set parameter MIPGap to value 0.01
Set parameter OutputFlag to value 1
Set parameter TimeLimit to value 600
Gurobi Optimizer version 12.0.0 build v12.0.0rc1 (win64 - Windows 11+.0 (26200.2))

CPU model: Intel(R) Core(TM) i7-9750H CPU @ 2.60GHz, instruction set [SSE2|AVX|AVX2]
Thread count: 6 physical cores, 12 logical processors, using up to 12 threads

Non-default parameters:
TimeLimit  600
MIPGap  0.01
MIPFocus  2

Optimize a model with 4170 rows, 840 columns and 11004 nonzeros
Model fingerprint: 0x32c42fe0
Variable types: 18 continuous, 822 integer (570 binary)
Coefficient statistics:
  Matrix range     [5e-01, 1e+03]
  Objective range  [1e+01, 2e+03]
  Bounds range     [1e+00, 1e+00]
  RHS range        [1e+00, 1e+03]

User MIP start did not produce a new incumbent solution
User MIP start violates constraint Time_LB_4_1_0 by 4.200000000

Found heuristic solution: objective 18900.000000
Presolve removed 2940 rows and 192 columns
Presolve time: 0.01s
Presolved: 1230 rows, 648 columns, 6453 nonzeros
Variable types: 18 continuous, 630 integer (450 binary)
Root relaxation presolve removed 3 rows and 0 columns
Root relaxation presolved: 1227 rows, 648 columns, 6423 nonzeros


Root relaxation: objective 5.467500e+03, 475 iterations, 0.01 seconds (0.02 work units)

    Nodes    |    Current Node    |     Objective Bounds      |     Work
 Expl Unexpl |  Obj  Depth IntInf | Incumbent    BestBd   Gap | It/Node Time

     0     0 5467.50003    0   37 18900.0000 5467.50003  71.1%     -    0s
H    0     0                    16464.000000 5467.50003  66.8%     -    0s
H    0     0                    15224.000000 5467.50003  64.1%     -    0s
H    0     0                    13230.000000 5467.50003  58.7%     -    0s
H    0     0                    12630.000000 5467.50003  56.7%     -    0s
H    0     0                    10714.000000 5468.08000  49.0%     -    0s
     0     0 5468.08000    0   99 10714.0000 5468.08000  49.0%     -    0s
     0     0 5468.14286    0   65 10714.0000 5468.14286  49.0%     -    0s
     0     0 5468.14286    0   68 10714.0000 5468.14286  49.0%     -    0s
H    0     0                    10514.000000 5514.09386  47.6%     -    0s
H    0     0                    8472.0000000 5514.09386  34.9%     -    0s
     0     0 5514.09386    0  161 8472.00000 5514.09386  34.9%     -    0s
     0     0 5543.13327    0  145 8472.00000 5543.13327  34.6%     -    0s
H    0     0                    7932.0000000 5552.17088  30.0%     -    0s
     0     0 5552.17088    0  162 7932.00000 5552.17088  30.0%     -    0s
     0     0 5552.72368    0  172 7932.00000 5552.72368  30.0%     -    0s
     0     0 5552.77141    0  171 7932.00000 5552.77141  30.0%     -    0s
     0     0 5552.77844    0  175 7932.00000 5552.77844  30.0%     -    0s
H    0     0                    7760.0000000 5626.38552  27.5%     -    0s
H    0     0                    7340.0000000 5626.38552  23.3%     -    0s
H    0     0                    6436.0000000 5626.38552  12.6%     -    0s
     0     0 5626.38552    0  233 6436.00000 5626.38552  12.6%     -    0s
H    0     0                    5992.0000000 5662.56609  5.50%     -    0s
     0     0 5662.56609    0  232 5992.00000 5662.56609  5.50%     -    0s
     0     0 5667.95212    0  214 5992.00000 5667.95212  5.41%     -    0s
     0     0 5670.03921    0  212 5992.00000 5670.03921  5.37%     -    0s
H    0     0                    5910.0000000 5672.00294  4.03%     -    0s
     0     0 5672.00294    0  202 5910.00000 5672.00294  4.03%     -    0s
     0     0 5673.47316    0  229 5910.00000 5673.47316  4.00%     -    0s
     0     0 5674.07143    0  225 5910.00000 5674.07143  3.99%     -    0s
     0     0 5674.07143    0  239 5910.00000 5674.07143  3.99%     -    0s
H    0     0                    5852.0000000 5674.07143  3.04%     -    1s
H    0     0                    5792.0000000 5674.07143  2.04%     -    1s
     0     0 5682.62963    0  315 5792.00000 5682.62963  1.89%     -    1s
     0     0 5682.62963    0  310 5792.00000 5682.62963  1.89%     -    1s
     0     0 5685.00000    0  317 5792.00000 5685.00000  1.85%     -    1s
     0     0 5685.00076    0  306 5792.00000 5685.00076  1.85%     -    1s
     0     0 5686.93931    0  342 5792.00000 5686.93931  1.81%     -    1s
     0     0 5688.85714    0  315 5792.00000 5688.85714  1.78%     -    1s
     0     0 5688.85714    0  296 5792.00000 5688.85714  1.78%     -    1s
     0     0 5689.49394    0  238 5792.00000 5689.49394  1.77%     -    2s
     0     0 5690.34006    0  193 5792.00000 5690.34006  1.76%     -    2s
     0     0 5690.34006    0  252 5792.00000 5690.34006  1.76%     -    2s
     0     0 5701.42267    0  344 5792.00000 5701.42267  1.56%     -    2s
     0     0 5712.00000    0   70 5792.00000 5712.00000  1.38%     -    2s
     0     0 5712.00000    0  101 5792.00000 5712.00000  1.38%     -    2s
     0     0 5712.00000    0  101 5792.00000 5712.00000  1.38%     -    2s
     0     0 5712.00000    0  165 5792.00000 5712.00000  1.38%     -    2s
     0     0 5712.00000    0  203 5792.00000 5712.00000  1.38%     -    2s
     0     0 5712.00000    0  190 5792.00000 5712.00000  1.38%     -    2s
     0     2 5712.00000    0  143 5792.00000 5712.00000  1.38%     -    3s
   505    70 5728.01180    7  121 5792.00000 5725.83338  1.14%   131    5s

Cutting planes:
  Learned: 1
  Gomory: 48
  Lift-and-project: 5
  Cover: 254
  Implied bound: 62
  Clique: 1
  MIR: 273
  StrongCG: 55
  Flow cover: 479
  Zero half: 188
  Network: 6
  RLT: 16
  Relax-and-lift: 22

Explored 614 nodes (90827 simplex iterations) in 5.27 seconds (3.97 work units)
Thread count was 12 (of 12 available processors)

Solution count 10: 5792 5852 5910 ... 10514

Optimal solution found (tolerance 1.00e-02)
Best objective 5.792000000000e+03, best bound 5.738000000000e+03, gap 0.9323%
