
Gurobi 12.0.0 (win64) logging started Wed Feb 18 22:53:34 2026

Set parameter LogFile to value "Storage_orig/Logs/log_____________2026_02_18_22_53_34.log"
Set parameter MIPGap to value 0.01
Set parameter OutputFlag to value 1
Set parameter TimeLimit to value 600
Gurobi Optimizer version 12.0.0 build v12.0.0rc1 (win64 - Windows 11+.0 (26200.2))

CPU model: Intel(R) Core(TM) i7-9750H CPU @ 2.60GHz, instruction set [SSE2|AVX|AVX2]
Thread count: 6 physical cores, 12 logical processors, using up to 12 threads

Non-default parameters:
TimeLimit  600
MIPGap  0.01
MIPFocus  2

Optimize a model with 4170 rows, 840 columns and 11004 nonzeros
Model fingerprint: 0x11389c46
Variable types: 18 continuous, 822 integer (570 binary)
Coefficient statistics:
  Matrix range     [2e-01, 1e+03]
  Objective range  [1e+01, 2e+03]
  Bounds range     [1e+00, 1e+00]
  RHS range        [1e+00, 1e+03]
Found heuristic solution: objective 18900.000000
Presolve removed 2940 rows and 192 columns
Presolve time: 0.01s
Presolved: 1230 rows, 648 columns, 6453 nonzeros
Variable types: 18 continuous, 630 integer (450 binary)
Root relaxation presolve removed 3 rows and 0 columns
Root relaxation presolved: 1227 rows, 648 columns, 6423 nonzeros


Root relaxation: objective 5.517500e+03, 475 iterations, 0.01 seconds (0.02 work units)

    Nodes    |    Current Node    |     Objective Bounds      |     Work
 Expl Unexpl |  Obj  Depth IntInf | Incumbent    BestBd   Gap | It/Node Time

     0     0 5517.50003    0   29 18900.0000 5517.50003  70.8%     -    0s
H    0     0                    15274.000000 5517.50003  63.9%     -    0s
H    0     0                    14365.000000 5517.50003  61.6%     -    0s
H    0     0                    11965.000000 5517.50003  53.9%     -    0s
H    0     0                    10225.000000 5517.50003  46.0%     -    0s
     0     0 5518.00013    0   76 10225.0000 5518.00013  46.0%     -    0s
     0     0 5518.14286    0   56 10225.0000 5518.14286  46.0%     -    0s
     0     0 5518.14286    0   55 10225.0000 5518.14286  46.0%     -    0s
H    0     0                    10145.000000 5518.14286  45.6%     -    0s
     0     0 5578.88314    0  132 10145.0000 5578.88314  45.0%     -    0s
H    0     0                    9945.0000000 5579.55627  43.9%     -    0s
     0     0 5579.55627    0  141 9945.00000 5579.55627  43.9%     -    0s
     0     0 5584.42524    0  146 9945.00000 5584.42524  43.8%     -    0s
     0     0 5585.13100    0  154 9945.00000 5585.13100  43.8%     -    0s
     0     0 5585.86393    0  159 9945.00000 5585.86393  43.8%     -    0s
     0     0 5585.86393    0  167 9945.00000 5585.86393  43.8%     -    0s
H    0     0                    9400.0000000 5585.86393  40.6%     -    1s
H    0     0                    8240.0000000 5585.86393  32.2%     -    1s
H    0     0                    8108.0000000 5615.20000  30.7%     -    1s
H    0     0                    6988.0000000 5615.20000  19.6%     -    1s
H    0     0                    6848.0000000 5615.20000  18.0%     -    1s
H    0     0                    6728.0000000 5615.20000  16.5%     -    1s
H    0     0                    6588.0000000 5615.20000  14.8%     -    1s
H    0     0                    6489.0000000 5681.56191  12.4%     -    2s
H    0     0                    6289.0000000 5681.56191  9.66%     -    2s
H    0     0                    6149.0000000 5681.56191  7.60%     -    2s
H    0     0                    6009.0000000 5681.56191  5.45%     -    2s
     0     0 5681.56191    0  282 6009.00000 5681.56191  5.45%     -    2s
     0     0 5691.61500    0  273 6009.00000 5691.61500  5.28%     -    2s
H    0     0                    5869.0000000 5701.54406  2.85%     -    2s
     0     0 5701.54406    0  281 5869.00000 5701.54406  2.85%     -    2s
     0     0 5703.70341    0  275 5869.00000 5703.70341  2.82%     -    2s
     0     0 5705.55189    0  263 5869.00000 5705.55189  2.78%     -    2s
     0     0 5705.55274    0  293 5869.00000 5705.55274  2.78%     -    2s
     0     0 5730.42857    0  181 5869.00000 5730.42857  2.36%     -    3s
     0     0 5730.42857    0  154 5869.00000 5730.42857  2.36%     -    3s
H    0     0                    5842.0000000 5730.42857  1.91%     -    3s
     0     0 5730.42857    0  193 5842.00000 5730.42857  1.91%     -    3s
     0     0 5730.42857    0   20 5842.00000 5730.42857  1.91%     -    3s
     0     2 5730.42857    0    7 5842.00000 5730.42857  1.91%     -    3s
   142   106 infeasible   21      5842.00000 5731.11951  1.90%   174    5s

Cutting planes:
  Gomory: 83
  Lift-and-project: 14
  Cover: 252
  Implied bound: 146
  MIR: 326
  StrongCG: 66
  Flow cover: 562
  Inf proof: 1
  Zero half: 115
  Network: 4
  RLT: 11
  Relax-and-lift: 45

Explored 1395 nodes (167368 simplex iterations) in 8.00 seconds (4.53 work units)
Thread count was 12 (of 12 available processors)

Solution count 10: 5842 5869 6009 ... 6988

Optimal solution found (tolerance 1.00e-02)
Best objective 5.842000000000e+03, best bound 5.785000000000e+03, gap 0.9757%
