
Gurobi 12.0.0 (win64) logging started Thu Feb 19 21:02:02 2026

Set parameter LogFile to value "Storage_orig/Logs/log______Sens_handling_time_0.5_2026_02_19_21_02_02.log"
Set parameter MIPGap to value 0.005
Set parameter OutputFlag to value 1
Gurobi Optimizer version 12.0.0 build v12.0.0rc1 (win64 - Windows 11+.0 (26200.2))

CPU model: Intel(R) Core(TM) i7-9750H CPU @ 2.60GHz, instruction set [SSE2|AVX|AVX2]
Thread count: 6 physical cores, 12 logical processors, using up to 12 threads

Non-default parameters:
MIPGap  0.005

Optimize a model with 4176 rows, 840 columns and 11022 nonzeros
Model fingerprint: 0xe4a50d2a
Variable types: 18 continuous, 822 integer (570 binary)
Coefficient statistics:
  Matrix range     [5e-01, 1e+03]
  Objective range  [1e+01, 2e+03]
  Bounds range     [1e+00, 1e+00]
  RHS range        [1e+00, 1e+03]

User MIP start did not produce a new incumbent solution
User MIP start violates constraint Time_LB_1_4_0 by 5.200000000

Found heuristic solution: objective 18840.000000
Presolve removed 2934 rows and 192 columns
Presolve time: 0.02s
Presolved: 1242 rows, 648 columns, 6477 nonzeros
Variable types: 18 continuous, 630 integer (450 binary)

Root relaxation: objective 5.417700e+03, 537 iterations, 0.01 seconds (0.01 work units)

    Nodes    |    Current Node    |     Objective Bounds      |     Work
 Expl Unexpl |  Obj  Depth IntInf | Incumbent    BestBd   Gap | It/Node Time

     0     0 5417.70000    0   10 18840.0000 5417.70000  71.2%     -    0s
H    0     0                    12256.000000 5417.70000  55.8%     -    0s
H    0     0                    12056.000000 5417.70000  55.1%     -    0s
H    0     0                    11540.000000 5418.26667  53.0%     -    0s
     0     0 5418.26667    0   62 11540.0000 5418.26667  53.0%     -    0s
     0     0 5420.18841    0   36 11540.0000 5420.18841  53.0%     -    0s
     0     0 5535.83821    0   66 11540.0000 5535.83821  52.0%     -    0s
H    0     0                    11420.000000 5535.83821  51.5%     -    0s
     0     0 5536.20290    0   67 11420.0000 5536.20290  51.5%     -    0s
     0     0 5536.20290    0   73 11420.0000 5536.20290  51.5%     -    0s
H    0     0                    11281.000000 5536.20290  50.9%     -    0s
     0     0 5589.60289    0   82 11281.0000 5589.60289  50.5%     -    0s
     0     0 5591.24002    0  108 11281.0000 5591.24002  50.4%     -    0s
     0     0 5592.55154    0  137 11281.0000 5592.55154  50.4%     -    0s
     0     0 5593.22637    0  159 11281.0000 5593.22637  50.4%     -    0s
     0     0 5595.01014    0  129 11281.0000 5595.01014  50.4%     -    0s
H    0     0                    11001.000000 5595.97589  49.1%     -    0s
     0     0 5595.97589    0  145 11001.0000 5595.97589  49.1%     -    0s
     0     0 5596.38375    0  149 11001.0000 5596.38375  49.1%     -    0s
     0     0 5596.39240    0  150 11001.0000 5596.39240  49.1%     -    0s
H    0     0                    10405.000000 5622.98855  46.0%     -    0s
     0     0 5622.98855    0  131 10405.0000 5622.98855  46.0%     -    0s
H    0     0                    10165.000000 5623.50854  44.7%     -    0s
H    0     0                    9009.0000000 5623.50854  37.6%     -    0s
H    0     0                    8949.0000000 5623.50854  37.2%     -    0s
     0     0 5630.54702    0  116 8949.00000 5630.54702  37.1%     -    0s
     0     0 5631.28410    0  144 8949.00000 5631.28410  37.1%     -    0s
     0     0 5631.38036    0  135 8949.00000 5631.38036  37.1%     -    0s
     0     0 5631.38036    0  151 8949.00000 5631.38036  37.1%     -    0s
H    0     0                    8775.0000000 5632.39109  35.8%     -    0s
     0     0 5632.39109    0  173 8775.00000 5632.39109  35.8%     -    0s
     0     0 5632.83233    0  171 8775.00000 5632.83233  35.8%     -    0s
H    0     0                    8715.0000000 5632.89318  35.4%     -    0s
     0     0 5632.89318    0  190 8715.00000 5632.89318  35.4%     -    0s
     0     0 5632.98036    0  187 8715.00000 5632.98036  35.4%     -    0s
     0     0 5633.82431    0  194 8715.00000 5633.82431  35.4%     -    0s
     0     0 5633.82431    0  205 8715.00000 5633.82431  35.4%     -    0s
     0     0 5633.82431    0  125 8715.00000 5633.82431  35.4%     -    0s
     0     2 5633.82431    0  120 8715.00000 5633.82431  35.4%     -    0s
H   46    53                    8603.0000000 5633.82431  34.5%   192    1s
H   78    87                    8499.0000000 5633.82431  33.7%   141    1s
H   81    87                    7222.0000000 5633.82431  22.0%   137    1s
H   85    87                    7082.0000000 5633.82431  20.4%   133    1s
H  122   131                    6566.0000000 5633.82431  14.2%   120    1s
H  162   175                    6486.0000000 5633.82431  13.1%   110    1s
H  335   303                    6450.0000000 5633.82431  12.7%  76.4    1s
H  493   424                    6429.0000000 5633.82431  12.4%  87.0    2s
H  578   489                    6349.0000000 5634.55000  11.3%  84.8    2s
H  839   659                    6310.0000000 5635.61384  10.7%  77.2    2s
H  897   689                    6110.0000000 5635.67872  7.76%  81.3    2s
H  962   637                    6030.0000000 5635.67872  6.54%  79.2    3s
  1646  1013 5741.92980   28  125 6030.00000 5636.60000  6.52%  88.3    5s
  1710  1056 5701.16870   14  321 6030.00000 5636.60000  6.52%  85.0   10s
  1745  1082 5638.44828   11  226 6030.00000 5638.44828  6.49%   108   15s
  2235  1282 5937.04883   30  146 6030.00000 5638.44828  6.49%   138   20s
  2987  1457 5699.12716   25  243 6030.00000 5638.96218  6.48%   147   25s
  3662  1648 5770.74946   44  150 6030.00000 5642.53706  6.43%   152   30s
  5046  1855 5683.52995   19  251 6030.00000 5648.49805  6.33%   155   35s
  6597  2594 5800.43794   25  148 6030.00000 5660.36678  6.13%   158   40s
  8036  3234 6003.02450   41  171 6030.00000 5666.60077  6.03%   159   45s
  9292  3729 5980.58983   31  131 6030.00000 5674.85244  5.89%   161   51s
  9912  4090 5782.64454   41   98 6030.00000 5675.34452  5.88%   160   55s
 11648  4861 5847.07771   31  105 6030.00000 5687.93076  5.67%   160   60s
 13124  5422 5874.99396   40  139 6030.00000 5697.12059  5.52%   161   65s
 14283  5578 5973.52950   38  175 6030.00000 5705.62158  5.38%   160   70s
 15168  6163 5755.66122   25  179 6030.00000 5710.69846  5.30%   162   75s
 17390  7015 5891.76861   42  136 6030.00000 5728.46262  5.00%   160   82s
 18981  7721 5958.08650   34  143 6030.00000 5730.79786  4.96%   159   86s
 20313  8329 5928.16220   46  173 6030.00000 5732.17782  4.94%   159   90s
 21852  8839 5831.15620   24  214 6030.00000 5735.42153  4.89%   160   95s
 23492  9457 5848.31318   26  229 6030.00000 5737.01692  4.86%   160  101s
 25313 10193     cutoff   39      6030.00000 5739.01539  4.83%   160  107s
 26235 10530     cutoff   43      6030.00000 5739.55147  4.82%   160  110s
 28340 11286 5840.73878   36  111 6030.00000 5741.00000  4.79%   160  116s
 29334 11724 5849.72821   24  116 6030.00000 5741.86986  4.78%   161  120s
 31630 12699 5843.07893   27  169 6030.00000 5742.91613  4.76%   160  127s
 32831 13025 5908.97381   41  194 6030.00000 5743.57702  4.75%   160  131s
 33949 13501     cutoff   36      6030.00000 5744.33174  4.74%   160  135s
 36335 13902 5975.19531   33  125 6030.00000 5745.57343  4.72%   161  150s
 36376 13929 5787.25783   27  254 6030.00000 5745.57343  4.72%   161  155s
 36397 13943 5984.59534   33  348 6030.00000 5745.57343  4.72%   160  160s
 36416 13956 5856.58150   40  275 6030.00000 5745.57343  4.72%   160  165s
 36432 13967 5793.77150   31  288 6030.00000 5745.57343  4.72%   160  170s
 36466 13989 5808.47365   25  335 6030.00000 5745.57343  4.72%   160  175s
 36484 14001 6004.21444   41  304 6030.00000 5745.57343  4.72%   160  180s
 36501 14013 5927.86409   27  332 6030.00000 5745.57343  4.72%   160  185s
 36515 14022 5747.25532   25  330 6030.00000 5745.57343  4.72%   160  190s
 36530 14032 5973.77443   43  309 6030.00000 5745.57343  4.72%   160  195s
 36544 14041 5747.24290   23  118 6030.00000 5745.57343  4.72%   160  200s
 36554 14048 5896.09977   41  380 6030.00000 5745.57343  4.72%   160  205s
 36568 14057 5965.50632   32  372 6030.00000 5745.57343  4.72%   160  210s
 36580 14065 5764.39468   25  347 6030.00000 5745.57343  4.72%   160  215s
 36592 14073 5930.70689   38  345 6030.00000 5745.57343  4.72%   160  220s
 36728 14193 5745.57343   29  271 6030.00000 5745.57343  4.72%   164  225s
 37527 14384 5745.57343   29  232 6030.00000 5745.57343  4.72%   165  230s
 38468 14641 5753.45924   35  190 6030.00000 5745.57343  4.72%   165  235s
 40171 14926 5972.13545   53  174 6030.00000 5745.57343  4.72%   166  240s
 41807 15125 infeasible   42      6030.00000 5745.57343  4.72%   166  245s
 43367 15310 5962.76754   39  139 6030.00000 5745.57343  4.72%   168  250s
 45364 15359 infeasible   34      6030.00000 5745.57343  4.72%   168  255s
 46993 15591     cutoff   39      6030.00000 5745.57343  4.72%   169  260s
 49310 15832 5766.66657   32  246 6030.00000 5745.57343  4.72%   169  266s
 51359 15974 5751.88160   47  153 6030.00000 5745.57343  4.72%   168  271s
 53572 16041 5854.75279   39  195 6030.00000 5745.57343  4.72%   168  276s
 55195 16203 5946.46883   34  184 6030.00000 5745.57343  4.72%   168  280s
 57461 16385     cutoff   44      6030.00000 5745.57343  4.72%   168  287s
 59402 16348 5751.74365   39  197 6030.00000 5745.57343  4.72%   168  291s
 61278 16408 5866.92922   38  151 6030.00000 5745.57343  4.72%   168  296s
 63213 16410 5889.57981   53  169 6030.00000 5746.52708  4.70%   168  302s
 64309 16322 5990.39568   34  181 6030.00000 5747.54918  4.68%   168  305s
 66341 16374     cutoff   42      6030.00000 5749.13465  4.66%   168  311s
 68704 16332 5886.84137   56  134 6030.00000 5751.69619  4.62%   169  317s
 69823 16250 5971.22900   46  175 6030.00000 5752.47007  4.60%   169  320s
 72251 16025 6012.39797   43  171 6030.00000 5754.56066  4.57%   169  326s
 74685 15784 5844.93241   36  151 6030.00000 5756.87781  4.53%   169  332s
 75849 15654 5874.97855   37  256 6030.00000 5758.02712  4.51%   169  335s
 78201 15412 5850.50281   41  215 6030.00000 5760.02187  4.48%   169  341s
 80560 15799 infeasible   39      6030.00000 5762.96638  4.43%   170  348s
 81464 16143 5802.01772   34  167 6030.00000 5763.86098  4.41%   170  351s
 84092 16679 5961.25532   52  194 6030.00000 5765.99654  4.38%   170  357s
 84975 17033     cutoff   41      6030.00000 5766.72788  4.37%   170  361s
 87651 17655     cutoff   49      6030.00000 5768.50489  4.34%   170  367s
 88880 17954 5988.79343   43  209 6030.00000 5770.40577  4.31%   170  371s
 91570 18586 5807.44809   37  268 6030.00000 5773.62766  4.25%   170  377s
 92787 18916     cutoff   39      6030.00000 5774.67793  4.23%   169  380s
 95175 19480 5886.66228   53  150 6030.00000 5777.17400  4.19%   169  387s
 96348 19810 5878.44452   53  102 6030.00000 5778.40623  4.17%   169  390s
 98829 20366     cutoff   47      6030.00000 5780.83056  4.13%   169  397s
 100083 20616 5988.72957   36  168 6030.00000 5781.72820  4.12%   169  400s
 102437 21195 5902.87612   46  309 6030.00000 5783.99557  4.08%   169  406s
 104840 21780 5969.49690   40  202 6030.00000 5785.95986  4.05%   169  413s
 106118 22081 5870.38765   46  175 6030.00000 5786.80923  4.03%   168  416s
 108485 22687 5845.88105   38  238 6030.00000 5788.69488  4.00%   168  422s
 109712 23063 5928.13608   42  131 6030.00000 5789.46679  3.99%   168  426s
 112200 23631 5862.23522   43  174 6030.00000 5791.24488  3.96%   168  432s
 113417 23934 5921.35592   35  214 6030.00000 5792.01771  3.95%   168  435s
 115726 24515     cutoff   43      6030.00000 5793.93783  3.91%   168  442s
 117059 24765 5839.28862   53  192 6030.00000 5795.08234  3.90%   168  445s
 119596 25295     cutoff   43      6030.00000 5796.87506  3.87%   167  452s
 120705 25484 5888.96220   48  184 6030.00000 5797.77022  3.85%   167  455s
 123148 26011 6010.76547   44   88 6030.00000 5799.66126  3.82%   167  462s
 124400 26262 5873.10992   43  266 6030.00000 5800.95651  3.80%   167  465s
 126710 26710 5845.37086   35  127 6030.00000 5803.22355  3.76%   167  473s
 127940 26914 5811.16318   46  263 6030.00000 5804.06451  3.75%   167  477s
 129160 27124     cutoff   54      6030.00000 5805.04082  3.73%   167  480s
 131590 27573 5879.27533   39  148 6030.00000 5807.20266  3.69%   167  488s
 132765 27835 6011.96797   54  167 6030.00000 5807.93606  3.68%   167  491s
 134027 28051     cutoff   45      6030.00000 5809.13273  3.66%   166  496s
 135121 28352     cutoff   45      6030.00000 5810.08160  3.65%   166  500s
 137835 28828     cutoff   44      6030.00000 5812.33156  3.61%   166  506s
 139109 29081 5978.41857   41  217 6030.00000 5813.81259  3.59%   166  510s
 140314 29206 5963.31278   48  242 6030.00000 5815.23733  3.56%   166  515s
 142337 29578 5893.48022   37  176 6030.00000 5815.89473  3.55%   166  523s
 143077 29838 5975.37126   45  208 6030.00000 5816.92520  3.53%   166  526s
 144274 30016 5947.86996   40  115 6030.00000 5817.83909  3.52%   166  531s
 145403 30255     cutoff   43      6030.00000 5818.83889  3.50%   166  535s
 147914 30714     cutoff   37      6030.00000 5821.99152  3.45%   165  541s
 149099 30923 5928.94677   42  145 6030.00000 5823.08584  3.43%   165  545s
 151509 31279     cutoff   36      6030.00000 5824.94945  3.40%   165  552s
 152717 31546     cutoff   36      6030.00000 5825.99991  3.38%   165  555s
 155137 31945 5961.19014   35  227 6030.00000 5828.05038  3.35%   165  562s
 156370 32090 5868.82294   41  225 6030.00000 5828.86748  3.34%   165  565s
 157619 32249 5908.51433   41  190 6030.00000 5829.68858  3.32%   165  570s
 159956 32592 5906.59212   39  230 6030.00000 5831.67941  3.29%   164  578s
 161159 32807 5968.53280   40  127 6030.00000 5832.74953  3.27%   164  581s
 162327 32989     cutoff   45      6030.00000 5833.72964  3.25%   164  585s
 164843 33477 5937.87929   47  291 6030.00000 5835.66740  3.22%   164  592s
 166070 33704 5853.57827   43  268 6030.00000 5836.44361  3.21%   164  595s
 168509 34106 5860.86319   50  120 6030.00000 5838.00727  3.18%   164  603s
 169511 34339 5920.91544   39  118 6030.00000 5838.58215  3.17%   164  606s
 170758 34630 5944.04990   41   91 6030.00000 5839.20843  3.16%   164  610s
 173252 35511 5847.35712   43  232 6030.00000 5840.00009  3.15%   164  618s
 174506 35880 5881.08333   37  112 6030.00000 5840.03314  3.15%   163  622s
 175706 36197     cutoff   41      6030.00000 5840.07283  3.15%   163  625s
 178125 36951 5849.07143   38  195 6030.00000 5840.34037  3.15%   164  633s
 179412 37361 5844.50000   36  142 6030.00000 5840.53146  3.14%   163  637s
 180521 37739 5941.44214   48  113 6030.00000 5840.61635  3.14%   163  641s
 182975 38259 5883.78794   48  271 6030.00000 5840.91761  3.14%   163  648s
 184217 38469 5966.54620   47  203 6030.00000 5841.21824  3.13%   163  652s
 185322 38728 infeasible   56      6030.00000 5841.35714  3.13%   163  656s
 186527 39060 5841.64294   42  248 6030.00000 5841.50000  3.13%   163  660s
 188964 39537 5899.80518   43  251 6030.00000 5841.96317  3.12%   163  668s
 190198 39789 infeasible   44      6030.00000 5842.23946  3.11%   163  672s
 191446 40087     cutoff   44      6030.00000 5842.46046  3.11%   163  676s
 192761 40398 5888.91667   43   83 6030.00000 5842.76816  3.11%   163  680s
 195239 41047     cutoff   46      6030.00000 5843.00000  3.10%   163  688s
 196482 41314 5908.75698   47  228 6030.00000 5843.03704  3.10%   163  693s
 197574 41482 5984.98390   39  126 6030.00000 5843.10806  3.10%   163  698s
 198301 41753 5844.03706   40  123 6030.00000 5843.11682  3.10%   163  702s
 199372 42032 5969.91566   44  201 6030.00000 5843.17739  3.10%   163  707s
 200375 42223 5913.87772   42  165 6030.00000 5843.27970  3.10%   163  710s
 201423 42591 5884.82028   35  188 6030.00000 5843.41356  3.09%   163  715s
 203652 43197 5962.62850   47  166 6030.00000 5843.64489  3.09%   163  724s
 205021 43608 5951.32075   46  125 6030.00000 5843.84930  3.09%   163  728s
 206447 43916 5885.36992   45   70 6030.00000 5844.00000  3.08%   163  732s
 207782 44223 5855.64203   37  203 6030.00000 5844.16098  3.08%   163  736s
 209109 44601     cutoff   46      6030.00000 5844.32730  3.08%   163  740s
 211630 45076 5957.36759   39  183 6030.00000 5844.62220  3.07%   163  748s
 212890 45363     cutoff   51      6030.00000 5844.78854  3.07%   163  752s
 214146 45626 5991.76693   42  175 6030.00000 5844.93364  3.07%   163  756s
 215440 45882     cutoff   52      6030.00000 5845.15625  3.07%   163  761s
 216679 46018 5956.16689   46  108 6030.00000 5845.37739  3.06%   163  766s
 217765 46251 5881.27104   50  176 6030.00000 5845.49323  3.06%   162  770s
 220141 46822 5968.83884   43  208 6030.00000 5845.86178  3.05%   162  777s
 221350 47150 5904.79259   38  103 6030.00000 5846.00000  3.05%   162  781s
 222584 47436     cutoff   38      6030.00000 5846.12421  3.05%   162  786s
 223836 47678 infeasible   40      6030.00000 5846.29278  3.05%   162  791s
 225095 47944 5909.85904   48  216 6030.00000 5846.49210  3.04%   162  795s
 227598 48352 5961.27648   49  108 6030.00000 5846.91302  3.04%   162  803s
 228769 48581     cutoff   45      6030.00000 5847.07837  3.03%   162  807s
 230001 48797 5961.30691   43  208 6030.00000 5847.28127  3.03%   162  811s
 231204 49042 5892.57358   46  151 6030.00000 5847.45362  3.03%   162  816s
 232538 49287 5973.34241   43  108 6030.00000 5847.64284  3.02%   162  820s
 233769 49442 5951.03011   49  251 6030.00000 5847.82787  3.02%   162  825s
 234511 49642 5955.01111   42  129 6030.00000 5847.92692  3.02%   162  830s
 236986 50070 5928.10978   56  113 6030.00000 5848.36650  3.01%   162  838s
 238061 50279 5982.72662   52  228 6030.00000 5848.50298  3.01%   162  842s
 239130 50583 5905.04033   42  234 6030.00000 5848.64857  3.01%   162  847s
 240596 50836 5985.48298   38  212 6030.00000 5848.88615  3.00%   162  852s
 241929 51079     cutoff   54      6030.00000 5849.11847  3.00%   162  856s
 243123 51282     cutoff   60      6030.00000 5849.32027  3.00%   162  860s
 245745 51760 5950.50263   56  165 6030.00000 5849.68843  2.99%   162  868s
 247088 51988 5996.37075   44  203 6030.00000 5849.95099  2.99%   162  873s
 248402 52216     cutoff   48      6030.00000 5850.13609  2.98%   162  877s
 249635 52426 5870.20561   39  151 6030.00000 5850.31848  2.98%   162  881s
 250853 52628 5915.16301   42  241 6030.00000 5850.56003  2.98%   162  886s
 252189 52843 5912.01493   44  254 6030.00000 5850.69518  2.97%   162  890s
 254493 53058     cutoff   42      6030.00000 5851.12635  2.97%   162  895s
 255861 53514 5933.55381   45  211 6030.00000 5851.27698  2.96%   162  903s
 256998 53708 5944.04900   40  123 6030.00000 5851.43904  2.96%   162  907s
 258335 53892 5962.38207   36  195 6030.00000 5851.62684  2.96%   162  911s
 259499 54001 5988.96753   39  175 6030.00000 5851.78832  2.96%   162  915s
 261876 54445 5942.92000   45  172 6030.00000 5852.12933  2.95%   162  923s
 263088 54618 infeasible   46      6030.00000 5852.30593  2.95%   162  927s
 264384 54719 infeasible   53      6030.00000 5852.49577  2.94%   161  931s
 265092 54909 5959.65160   49  178 6030.00000 5852.54019  2.94%   161  936s
 266244 55121     cutoff   41      6030.00000 5852.66025  2.94%   161  941s
 267506 55311 5984.94175   49  180 6030.00000 5852.98647  2.94%   161  945s
 268637 55505 5974.92547   51  181 6030.00000 5853.09154  2.93%   161  950s
 270946 55693 5952.69278   54  276 6030.00000 5853.28730  2.93%   161  955s
 272293 56010 5965.62778   46  209 6030.00000 5853.57519  2.93%   161  964s
 273564 56130 5951.19260   54  101 6030.00000 5853.71300  2.92%   161  968s
 274686 56391 5966.22120   48  163 6030.00000 5853.88532  2.92%   161  972s
 275950 56588 5991.99199   54  105 6030.00000 5854.04819  2.92%   161  977s
 277247 56782 6005.40269   44  152 6030.00000 5854.18048  2.92%   161  981s
 278356 56933 5944.60431   36  225 6030.00000 5854.40348  2.91%   161  986s
 279520 57144 5979.24521   48  208 6030.00000 5854.58850  2.91%   161  990s
 280714 57298     cutoff   52      6030.00000 5854.77978  2.91%   161  995s
 282758 57586 5957.78621   55  168 6030.00000 5855.10193  2.90%   161 1004s
 283972 57814 5923.90741   55  194 6030.00000 5855.33333  2.90%   161 1008s
 285276 57939 5928.46434   49  185 6030.00000 5855.49771  2.89%   161 1013s
 286515 58084     cutoff   46      6030.00000 5855.71803  2.89%   161 1017s
 287644 58236 5879.06835   44  206 6030.00000 5855.89778  2.89%   161 1021s
 288816 58399 5999.05482   55  195 6030.00000 5856.05107  2.88%   161 1026s
 290167 58528 5997.55712   42  268 6030.00000 5856.26817  2.88%   161 1031s
 291346 58603     cutoff   58      6030.00000 5856.31907  2.88%   162 1035s
 293611 58892 5935.41244   42  189 6030.00000 5856.80138  2.87%   162 1044s
 294975 59065 5936.69893   42  182 6030.00000 5856.96282  2.87%   162 1049s
 295961 59214 6007.55679   41  138 6030.00000 5857.03632  2.87%   162 1053s
 297251 59398 5993.35667   43  130 6030.00000 5857.20187  2.87%   162 1058s
 298503 59627 5965.00000   39   39 6030.00000 5857.32307  2.86%   162 1063s
 299778 59843 5867.60904   55  209 6030.00000 5857.48685  2.86%   162 1067s
 301104 59930 5969.07610   47  164 6030.00000 5857.63916  2.86%   162 1073s
 302073 60085 5941.27622   50  244 6030.00000 5857.65311  2.86%   162 1078s
 303278 60314 5973.01085   39  131 6030.00000 5857.92736  2.85%   162 1082s
 304558 60447 5992.10527   47  133 6030.00000 5858.12666  2.85%   162 1087s
 305861 60620 5947.49058   40  252 6030.00000 5858.30038  2.85%   162 1092s
 307153 60780 5985.86954   44  177 6030.00000 5858.50000  2.84%   162 1097s
 308420 60957 5957.86598   58  105 6030.00000 5858.66132  2.84%   162 1101s
 309650 61084     cutoff   50      6030.00000 5858.82595  2.84%   162 1105s
 310711 61252 6011.01321   47  256 6030.00000 5858.98437  2.84%   162 1110s
 312054 61378 5964.83455   49  174 6030.00000 5859.13044  2.83%   162 1115s
 314308 61640 5864.66655   51  243 6030.00000 5859.51637  2.83%   161 1124s
 315646 61830     cutoff   45      6030.00000 5859.64370  2.83%   161 1129s
 317062 61981 5962.66072   55  223 6030.00000 5859.87009  2.82%   161 1133s
 318280 62184 5930.10905   44  237 6030.00000 5860.00000  2.82%   161 1137s
 319577 62291 6001.97118   52  103 6030.00000 5860.15552  2.82%   161 1142s
 320757 62416 5971.70951   50  170 6030.00000 5860.30069  2.81%   161 1146s
 321948 62525 5902.46874   51  271 6030.00000 5860.48799  2.81%   161 1151s
 323179 62632 5888.48695   44  243 6030.00000 5860.66197  2.81%   161 1155s
 324401 62756 5916.80431   65  179 6030.00000 5860.81807  2.81%   161 1160s
 325634 62870 5873.14967   48  226 6030.00000 5861.00236  2.80%   161 1165s
 327952 62997 5929.27077   53  258 6030.00000 5861.35368  2.80%   161 1173s
 328816 63106     cutoff   54      6030.00000 5861.54315  2.79%   161 1179s
 330233 63253 5905.02742   39  237 6030.00000 5861.83235  2.79%   161 1184s
 331691 63339     cutoff   47      6030.00000 5862.08613  2.78%   161 1189s
 332903 63467 5953.82420   42  150 6030.00000 5862.30001  2.78%   161 1194s
 334075 63587 5904.67796   43  203 6030.00000 5862.51454  2.78%   161 1199s
 335247 63729 5916.27703   33  260 6030.00000 5862.73341  2.77%   161 1203s
 336551 63952 5974.08981   47  194 6030.00000 5862.92270  2.77%   161 1209s
 337939 64045     cutoff   44      6030.00000 5863.16432  2.77%   161 1214s
 338848 64124 5922.82004   39  218 6030.00000 5863.19688  2.77%   161 1219s
 340145 64281 5950.28828   51  184 6030.00000 5863.53360  2.76%   161 1225s
 341561 64364     cutoff   52      6030.00000 5863.80909  2.76%   161 1230s
 342845 64544 5991.46851   40  237 6030.00000 5864.01118  2.75%   161 1236s
 344212 64633     cutoff   46      6030.00000 5864.26113  2.75%   161 1241s
 345431 64784 5968.87545   36  172 6030.00000 5864.43953  2.75%   161 1247s
 346658 64879 infeasible   43      6030.00000 5864.63764  2.74%   161 1251s
 347680 65047 5920.65141   36   94 6030.00000 5864.80592  2.74%   161 1257s
 348980 65109 5961.81307   50  105 6030.00000 5865.00161  2.74%   161 1261s
 350142 65265     cutoff   48      6030.00000 5865.21228  2.73%   161 1266s
 351384 65364     cutoff   41      6030.00000 5865.42792  2.73%   161 1272s
 352329 65537 5876.32527   36  340 6030.00000 5865.47781  2.73%   161 1277s
 353603 65629 5877.00128   37  323 6030.00000 5865.49986  2.73%   161 1281s
 354818 65730 5881.16392   38  314 6030.00000 5865.76971  2.72%   161 1286s
 355903 65787 5888.15592   39  266 6030.00000 5865.96667  2.72%   161 1291s
 356877 65956 5974.15642   48  172 6030.00000 5866.32099  2.71%   161 1296s
 358283 66100     cutoff   43      6030.00000 5866.58872  2.71%   161 1302s
 359790 66245 infeasible   39      6030.00000 5866.83476  2.71%   161 1306s
 361145 66371     cutoff   57      6030.00000 5867.05807  2.70%   161 1312s
 362329 66449 5906.39114   49  225 6030.00000 5867.21738  2.70%   161 1317s
 363661 66516 infeasible   35      6030.00000 5867.45641  2.70%   161 1322s
 364968 66574     cutoff   54      6030.00000 5867.67261  2.69%   161 1326s
 365963 66716 5883.62458   55  210 6030.00000 5867.82306  2.69%   161 1331s
 367316 66873 5975.59819   38  282 6030.00000 5868.07988  2.69%   161 1336s
 368613 66962 5897.39119   41  210 6030.00000 5868.30948  2.68%   161 1341s
 369778 67047 5962.81558   48  106 6030.00000 5868.46063  2.68%   161 1346s
 370847 67241     cutoff   49      6030.00000 5868.63617  2.68%   161 1350s
 372148 67371     cutoff   43      6030.00000 5868.80457  2.67%   161 1355s
 373419 67474 5928.66238   52  208 6030.00000 5868.99274  2.67%   161 1360s
 376091 67724     cutoff   44      6030.00000 5869.37572  2.66%   161 1369s
 377361 67813 6012.87490   50  224 6030.00000 5869.62708  2.66%   161 1374s
 378659 67997 6014.59081   57  163 6030.00000 5869.85543  2.66%   161 1378s
 379978 68072 5924.08333   46  144 6030.00000 5870.03890  2.65%   161 1383s
 381225 68151 infeasible   58      6030.00000 5870.25263  2.65%   161 1389s
 382374 68234 5944.07146   39  246 6030.00000 5870.45261  2.65%   161 1393s
 383590 68353 infeasible   43      6030.00000 5870.67569  2.64%   161 1397s
 384705 68460 infeasible   38      6030.00000 5870.84316  2.64%   161 1402s
 385888 68572 5949.56563   45  211 6030.00000 5871.05882  2.64%   161 1406s
 387205 68612 5946.72849   45  229 6030.00000 5871.27505  2.63%   161 1411s
 387921 68731 5955.48745   40  263 6030.00000 5871.41437  2.63%   161 1416s
 389154 68889     cutoff   45      6030.00000 5871.64807  2.63%   161 1421s
 390493 69010 6001.78911   46   95 6030.00000 5871.80262  2.62%   161 1426s
 391860 69151 5967.30001   47  248 6030.00000 5871.97442  2.62%   161 1431s
 393090 69311 5971.86824   54  120 6030.00000 5872.24823  2.62%   161 1435s
 394384 69377 5963.66548   49  138 6030.00000 5872.41593  2.61%   161 1441s
 395261 69401 5939.93650   49  243 6030.00000 5872.41717  2.61%   161 1445s
 396494 69505     cutoff   47      6030.00000 5872.83647  2.61%   161 1451s
 397728 69575 5971.68367   53  119 6030.00000 5873.04498  2.60%   161 1455s
 398868 69617 5941.54683   42  196 6030.00000 5873.29336  2.60%   161 1461s
 400113 69730 5954.06975   39  126 6030.00000 5873.50000  2.60%   161 1466s
 401445 69820 5912.23979   39  274 6030.00000 5873.75927  2.59%   161 1471s
 402489 69937 5975.01771   46  102 6030.00000 5873.93436  2.59%   161 1476s
 403858 70017 infeasible   38      6030.00000 5874.15378  2.58%   160 1482s
 405064 70078 5954.62525   41  178 6030.00000 5874.40469  2.58%   160 1489s
 406310 70192 5919.76093   57  201 6030.00000 5874.66301  2.58%   160 1494s
 407650 70201 5955.94781   46  150 6030.00000 5874.88270  2.57%   160 1499s
 408694 70246 5950.06919   34  212 6030.00000 5875.14404  2.57%   160 1504s
 409907 70348     cutoff   60      6030.00000 5875.31736  2.57%   160 1510s
 411147 70486 5957.64411   49  189 6030.00000 5875.51103  2.56%   160 1515s
 412436 70574 5896.13180   52  150 6030.00000 5875.71391  2.56%   160 1520s
 413661 70602 5910.34770   36  242 6030.00000 5875.94173  2.55%   160 1527s
 414723 70667 5974.45449   44  216 6030.00000 5876.14350  2.55%   160 1532s
 415907 70748 5994.53642   61  100 6030.00000 5876.36326  2.55%   160 1537s
 417228 70845     cutoff   45      6030.00000 5876.64050  2.54%   160 1542s
 418511 70993 5974.76507   44  146 6030.00000 5876.88877  2.54%   160 1547s
 419852 71045 5913.91450   48  143 6030.00000 5877.08588  2.54%   160 1551s
 420939 71127 infeasible   45      6030.00000 5877.34583  2.53%   160 1556s
 422243 71175 5975.76870   40  186 6030.00000 5877.54312  2.53%   160 1560s
 423475 71290 5932.85739   34  185 6030.00000 5877.74421  2.52%   160 1565s
 424764 71379     cutoff   35      6030.00000 5877.95685  2.52%   160 1570s
 427202 71605 5965.62779   51  190 6030.00000 5878.35704  2.51%   160 1579s
 428465 71707 5964.56219   57  220 6030.00000 5878.59365  2.51%   160 1584s
 429664 71705 5977.17434   41  207 6030.00000 5878.77049  2.51%   160 1591s

Cutting planes:
  Gomory: 16
  Cover: 2582
  Implied bound: 29
  Projected implied bound: 2
  MIR: 1032
  StrongCG: 82
  Flow cover: 1239
  GUB cover: 3
  Inf proof: 38
  Zero half: 19
  Relax-and-lift: 146

Explored 431468 nodes (68991314 simplex iterations) in 1594.61 seconds (869.97 work units)
Thread count was 12 (of 12 available processors)

Solution count 10: 6030 6110 6310 ... 7222

Solve interrupted
Best objective 6.030000000000e+03, best bound 5.880000000000e+03, gap 2.4876%
