
Gurobi 12.0.0 (win64) logging started Sun Feb 15 23:11:23 2026

Set parameter LogFile to value "Storage_orig/Logs/log______Sens_truck_cost_multiplier_1.5_2026_02_15_23_11_23.log"
Set parameter MIPGap to value 0.01
Set parameter OutputFlag to value 1
Set parameter TimeLimit to value 600
Gurobi Optimizer version 12.0.0 build v12.0.0rc1 (win64 - Windows 11+.0 (26200.2))

CPU model: Intel(R) Core(TM) i7-9750H CPU @ 2.60GHz, instruction set [SSE2|AVX|AVX2]
Thread count: 6 physical cores, 12 logical processors, using up to 12 threads

Non-default parameters:
TimeLimit  600
MIPGap  0.01
MIPFocus  1

Optimize a model with 4170 rows, 840 columns and 11004 nonzeros
Model fingerprint: 0x82ed2c8b
Variable types: 18 continuous, 822 integer (570 binary)
Coefficient statistics:
  Matrix range     [2e-01, 1e+03]
  Objective range  [1e+01, 2e+03]
  Bounds range     [1e+00, 1e+00]
  RHS range        [1e+00, 1e+03]
Found heuristic solution: objective 28350.000000
Presolve removed 2940 rows and 192 columns
Presolve time: 0.05s
Presolved: 1230 rows, 648 columns, 6453 nonzeros
Variable types: 18 continuous, 630 integer (450 binary)

Root relaxation: objective 6.017500e+03, 407 iterations, 0.02 seconds (0.01 work units)

    Nodes    |    Current Node    |     Objective Bounds      |     Work
 Expl Unexpl |  Obj  Depth IntInf | Incumbent    BestBd   Gap | It/Node Time

     0     0 6017.50003    0   31 28350.0000 6017.50003  78.8%     -    0s
H    0     0                    25774.000000 6017.50003  76.7%     -    0s
H    0     0                    24124.000000 6017.50003  75.1%     -    0s
H    0     0                    20270.000000 6017.50003  70.3%     -    0s
H    0     0                    19370.000000 6017.50003  68.9%     -    0s
H    0     0                    16730.000000 6018.00012  64.0%     -    0s
H    0     0                    15830.000000 6018.00012  62.0%     -    0s
H    0     0                    15620.000000 6018.00012  61.5%     -    0s
     0     0 6018.00012    0   70 15620.0000 6018.00012  61.5%     -    0s
     0     0 6018.14286    0   64 15620.0000 6018.14286  61.5%     -    0s
H    0     0                    13624.000000 6018.14286  55.8%     -    0s
H    0     0                    13024.000000 6018.14286  53.8%     -    0s
     0     0 6018.14286    0   52 13024.0000 6018.14286  53.8%     -    0s
H    0     0                    10114.000000 6071.12011  40.0%     -    0s
     0     0 6071.12011    0  101 10114.0000 6071.12011  40.0%     -    0s
     0     0 6107.70028    0  120 10114.0000 6107.70028  39.6%     -    0s
     0     0 6107.70028    0  114 10114.0000 6107.70028  39.6%     -    0s
     0     0 6117.69202    0   96 10114.0000 6117.69202  39.5%     -    0s
     0     0 6122.26173    0   91 10114.0000 6122.26173  39.5%     -    0s
     0     0 6123.34335    0   99 10114.0000 6123.34335  39.5%     -    0s
     0     0 6130.62334    0  105 10114.0000 6130.62334  39.4%     -    0s
     0     0 6131.98749    0  117 10114.0000 6131.98749  39.4%     -    0s
     0     0 6132.00660    0  117 10114.0000 6132.00660  39.4%     -    0s
     0     0 6132.00660    0  120 10114.0000 6132.00660  39.4%     -    0s
H    0     0                    9043.0000000 6132.00660  32.2%     -    0s
     0     0 6154.41267    0  143 9043.00000 6154.41267  31.9%     -    0s
H    0     0                    8960.0000000 6169.42459  31.1%     -    1s
H    0     0                    8870.0000000 6169.42459  30.4%     -    1s
H    0     0                    8780.0000000 6169.42459  29.7%     -    1s
H    0     0                    8180.0000000 6169.42459  24.6%     -    1s
     0     0 6169.42459    0  166 8180.00000 6169.42459  24.6%     -    1s
     0     0 6186.91500    0  145 8180.00000 6186.91500  24.4%     -    1s
     0     0 6191.36273    0  168 8180.00000 6191.36273  24.3%     -    1s
H    0     0                    6950.0000000 6194.10369  10.9%     -    1s
     0     0 6194.10369    0  191 6950.00000 6194.10369  10.9%     -    1s
H    0     0                    6740.0000000 6203.29936  7.96%     -    1s
     0     0 6203.29936    0  168 6740.00000 6203.29936  7.96%     -    1s
     0     0 6204.64890    0  183 6740.00000 6204.64890  7.94%     -    1s
     0     0 6204.78002    0  192 6740.00000 6204.78002  7.94%     -    1s
     0     0 6206.99274    0  201 6740.00000 6206.99274  7.91%     -    1s
     0     0 6209.58351    0  206 6740.00000 6209.58351  7.87%     -    1s
     0     0 6214.16077    0  190 6740.00000 6214.16077  7.80%     -    1s
     0     0 6215.25841    0  215 6740.00000 6215.25841  7.79%     -    1s
H    0     0                    6689.0000000 6216.01430  7.07%     -    1s
H    0     0                    6389.0000000 6216.01430  2.71%     -    1s
     0     0 6216.01430    0  208 6389.00000 6216.01430  2.71%     -    1s
     0     0 6216.04578    0  200 6389.00000 6216.04578  2.71%     -    1s
     0     0 6216.05626    0  213 6389.00000 6216.05626  2.71%     -    1s
     0     0 6220.44972    0  190 6389.00000 6220.44972  2.64%     -    1s
     0     0 6221.97074    0  196 6389.00000 6221.97074  2.61%     -    2s
     0     0 6222.36594    0  192 6389.00000 6222.36594  2.61%     -    2s
     0     0 6223.08258    0  200 6389.00000 6223.08258  2.60%     -    2s
     0     0 6223.28557    0  197 6389.00000 6223.28557  2.59%     -    2s
     0     0 6223.28557    0  201 6389.00000 6223.28557  2.59%     -    2s
     0     0 6223.28557    0  147 6389.00000 6223.28557  2.59%     -    2s
     0     2 6223.28557    0  132 6389.00000 6223.28557  2.59%     -    2s
H   13    24                    6386.0000000 6223.95408  2.54%   302    2s
   322   275 6282.23333   11   47 6386.00000 6228.47260  2.47%  62.0    5s
  1581  1095 6283.81334   39  157 6386.00000 6235.22970  2.36%  40.2   10s
  2191  1317 6288.20000   18   19 6386.00000 6259.13542  1.99%  52.4   15s
  5488  1951 infeasible   59      6386.00000 6282.33105  1.62%  36.7   20s
 10679  4825 6341.00000   39   27 6386.00000 6283.74885  1.60%  32.0   25s
 17715  7593 6284.25893   28  147 6386.00000 6284.01075  1.60%  29.3   31s
 17737  7608 6286.03085   32  116 6386.00000 6284.01075  1.60%  29.3   35s
 19790  7900 6284.01075   32   49 6386.00000 6284.01075  1.60%  31.1   40s
 23729  7969     cutoff   39      6386.00000 6284.01075  1.60%  31.3   45s
 27777  7598 6294.50222   44   29 6386.00000 6284.97000  1.58%  32.8   50s
 31491  7063 6287.32240   41   49 6386.00000 6285.44467  1.57%  33.6   55s
 32944  7282 6302.42299   39   73 6386.00000 6285.66667  1.57%  33.7   60s
 37250  6936 6292.06886   47   50 6386.00000 6285.86667  1.57%  33.8   65s
 42053  7792     cutoff   45      6386.00000 6285.92248  1.57%  33.2   70s
 47327  8845 infeasible   46      6386.00000 6286.12500  1.56%  33.3   75s
 52046  9753 6299.19947   44   92 6386.00000 6286.35417  1.56%  33.6   80s
 54430 10876 6317.29110   50   71 6386.00000 6286.58333  1.56%  33.6   91s
 63476 11399 6379.23810   47   28 6386.00000 6287.09470  1.55%  34.3   96s
 67298 11796 6297.50364   46   95 6386.00000 6288.23759  1.53%  34.8  100s
 72762 12742     cutoff   39      6386.00000 6288.90596  1.52%  34.8  106s
 78065 13735 6301.40000   50   19 6386.00000 6289.16400  1.52%  34.8  110s
 83962 15631 6345.71763   46   66 6386.00000 6289.33333  1.51%  34.2  115s
 88622 16959 6321.02778   40   85 6386.00000 6289.45455  1.51%  34.3  120s
 94789 17982 6290.66667   43   50 6386.00000 6289.85702  1.51%  34.2  125s
 99834 19108 infeasible   41      6386.00000 6290.14604  1.50%  34.3  131s
 103676 20118 infeasible   49      6386.00000 6290.63034  1.49%  34.3  136s
 109567 21365 infeasible   50      6386.00000 6290.90909  1.49%  34.1  141s
 114606 22770 6296.95986   40   82 6386.00000 6291.55556  1.48%  34.1  146s
 117847 23691 6322.76390   43  132 6386.00000 6291.66205  1.48%  33.8  150s
 122972 24319 6356.17778   43   62 6386.00000 6291.92857  1.47%  33.8  155s
 127248 24865 6332.62963   64   58 6386.00000 6292.08000  1.47%  34.1  160s
 131494 25596 6315.64825   41   68 6386.00000 6292.19048  1.47%  34.1  166s
 134462 25763 6370.05570   47   48 6386.00000 6292.40138  1.47%  34.0  171s
 137789 26386 6317.18095   46   45 6386.00000 6292.59524  1.46%  34.0  176s
 141772 26481 6299.39183   46   75 6386.00000 6292.63957  1.46%  34.1  180s
 145775 26560 6297.92168   40   84 6386.00000 6292.96000  1.46%  34.2  185s
 151085 26786 6356.74715   49   65 6386.00000 6293.60000  1.45%  34.1  190s
 158222 27681 6359.67407   45   59 6386.00000 6294.19930  1.44%  33.6  195s
 163062 28307 6295.19643   37   55 6386.00000 6294.94736  1.43%  33.3  200s
 168021 29297 6301.50147   39   93 6386.00000 6295.22340  1.42%  33.2  206s
 172014 29959 6297.16394   41   66 6386.00000 6295.43140  1.42%  33.0  210s
 177004 30537 6376.09153   41   87 6386.00000 6295.68750  1.41%  32.9  215s
 182290 30746 6356.00000   38   34 6386.00000 6296.00000  1.41%  32.8  220s
 188254 31110 6296.19427   49   47 6386.00000 6296.10000  1.41%  32.7  225s
 194220 31485 infeasible   48      6386.00000 6296.35714  1.40%  32.5  230s
 199780 32118     cutoff   51      6386.00000 6296.49155  1.40%  32.2  235s
 205204 32737 6302.89824   51   44 6386.00000 6296.79167  1.40%  32.0  240s
 210491 33358     cutoff   43      6386.00000 6296.95986  1.39%  31.8  245s
 215103 33678 6307.00000   44   24 6386.00000 6297.26667  1.39%  31.7  250s
 219788 34067     cutoff   48      6386.00000 6297.53846  1.39%  31.7  255s
 224945 34582     cutoff   52      6386.00000 6297.91304  1.38%  31.7  260s
 230325 35250     cutoff   47      6386.00000 6298.21167  1.37%  31.5  265s
 232612 35436     cutoff   52      6386.00000 6298.33562  1.37%  31.6  270s
 237352 36158     cutoff   45      6386.00000 6298.59224  1.37%  31.6  275s
 241873 36504 infeasible   49      6386.00000 6298.79292  1.37%  31.6  281s
 245952 36910 6306.92787   39   41 6386.00000 6299.18095  1.36%  31.7  285s
 251524 37114 infeasible   47      6386.00000 6299.60000  1.35%  31.7  290s
 256727 37438 infeasible   48      6386.00000 6300.11490  1.34%  31.7  296s
 260717 37660 6346.24157   39   83 6386.00000 6300.38542  1.34%  31.7  300s
 263827 38495 6371.52727   53   39 6386.00000 6300.50536  1.34%  31.6  305s
 269451 38810 6328.72131   51   95 6386.00000 6300.76263  1.33%  31.5  310s
 274495 39302 6378.44444   48   75 6386.00000 6301.32011  1.33%  31.4  315s
 279708 40192     cutoff   46      6386.00000 6301.60000  1.32%  31.4  320s
 285069 40508 6306.37300   44   87 6386.00000 6302.08264  1.31%  31.3  325s
 290414 40823     cutoff   57      6386.00000 6302.57333  1.31%  31.2  331s
 294646 41261     cutoff   62      6386.00000 6302.93512  1.30%  31.2  336s
 299390 41723 6311.40000   50   55 6386.00000 6303.17597  1.30%  31.1  340s
 302903 41789 infeasible   53      6386.00000 6303.34012  1.29%  31.0  345s
 309098 41937 infeasible   46      6386.00000 6303.81087  1.29%  30.9  350s
 313345 42218     cutoff   49      6386.00000 6304.22467  1.28%  30.9  355s
 318607 42383     cutoff   41      6386.00000 6304.64906  1.27%  30.8  360s
 323437 42563     cutoff   47      6386.00000 6305.12487  1.27%  30.8  366s
 329059 42760 6354.17727   46   61 6386.00000 6305.76203  1.26%  30.7  370s
 333792 43302 6306.55357   43   83 6386.00000 6306.19286  1.25%  30.7  376s
 337749 44036 6319.20007   46  137 6386.00000 6306.46667  1.25%  30.6  380s
 342803 44709 6356.23358   55   79 6386.00000 6306.61492  1.24%  30.6  385s
 343731 45006 6306.88252   45  101 6386.00000 6306.62812  1.24%  30.6  391s
 346588 45508 6311.41887   52   83 6386.00000 6306.74915  1.24%  30.6  395s
 351270 45970 infeasible   47      6386.00000 6307.08775  1.24%  30.7  401s
 355063 46448 6310.02968   42  120 6386.00000 6307.28328  1.23%  30.6  405s
 360437 47219     cutoff   41      6386.00000 6307.45045  1.23%  30.6  411s
 364808 47658 6364.14543   62   99 6386.00000 6307.66583  1.23%  30.5  415s
 366379 47741     cutoff   45      6386.00000 6307.70932  1.23%  30.5  420s
 369465 48224 6329.03448   49  107 6386.00000 6307.83983  1.22%  30.5  425s
 375793 48764 6376.17379   31  109 6386.00000 6308.24055  1.22%  30.4  431s
 379468 49582 6312.31313   43   88 6386.00000 6308.33654  1.22%  30.4  435s
 384503 50032 6352.04598   51  154 6386.00000 6308.43626  1.21%  30.4  440s
 389955 51328 6356.20476   45   67 6386.00000 6308.63913  1.21%  30.3  445s
 394456 51998 infeasible   53      6386.00000 6308.68008  1.21%  30.2  450s
 400001 53036 6371.37696   38   54 6386.00000 6308.81682  1.21%  30.2  455s
 404585 53498 6348.76396   53   81 6386.00000 6308.98639  1.21%  30.1  460s
 408654 53831     cutoff   50      6386.00000 6309.12921  1.20%  30.1  465s
 413913 54312 6361.72727   51   47 6386.00000 6309.35892  1.20%  30.1  470s
 418933 54577 infeasible   53      6386.00000 6309.66102  1.20%  30.1  475s
 422367 55053 6314.54575   49   42 6386.00000 6309.91509  1.19%  30.0  481s
 427929 55708 6376.16185   45   86 6386.00000 6310.00957  1.19%  30.0  485s
 432546 56242 6310.32540   47   51 6386.00000 6310.30998  1.19%  29.9  490s
 437894 56541 6328.84294   51   97 6386.00000 6310.50419  1.18%  29.9  496s
 443010 56854     cutoff   45      6386.00000 6310.83017  1.18%  29.8  501s
 447926 57218 6310.98327   40  121 6386.00000 6310.98327  1.17%  29.8  505s
 453483 58014 6356.56367   44   66 6386.00000 6311.31667  1.17%  29.7  510s
 458485 58484 infeasible   45      6386.00000 6311.66111  1.16%  29.6  515s
 462909 59093 6356.56817   45   56 6386.00000 6311.85298  1.16%  29.6  520s
 469820 59639 6358.76250   45   96 6386.00000 6312.23254  1.16%  29.5  526s
 475865 60657 6319.94646   51  129 6386.00000 6312.34015  1.15%  29.4  531s
 481385 61530 6313.02119   42  144 6386.00000 6312.63827  1.15%  29.4  536s
 486532 61930 6361.66667   50   39 6386.00000 6312.83164  1.15%  29.3  540s
 492845 63439 6358.95771   45   69 6386.00000 6312.94195  1.14%  29.1  545s
 497896 63694 6365.20971   49  104 6386.00000 6313.15633  1.14%  29.1  551s
 503180 64512 6314.03518   39   82 6386.00000 6313.40631  1.14%  29.0  555s
 508537 65312     cutoff   43      6386.00000 6313.55602  1.13%  29.0  561s
 511967 66062     cutoff   58      6386.00000 6313.63577  1.13%  28.9  565s
 516244 66350 6358.44444   55   36 6386.00000 6313.84450  1.13%  28.9  570s
 521289 66826 6363.66667   59   43 6386.00000 6314.10025  1.13%  28.8  575s
 525037 66966 6335.20741   51   54 6386.00000 6314.36148  1.12%  28.8  580s
 530048 67524 6326.00699   43   67 6386.00000 6314.50997  1.12%  28.8  585s
 537497 67886     cutoff   52      6386.00000 6314.88404  1.11%  28.7  591s
 541896 67818     cutoff   56      6386.00000 6315.15132  1.11%  28.7  595s
 546327 67892 6324.17167   43  165 6386.00000 6315.24696  1.11%  28.7  600s

Cutting planes:
  Learned: 86
  Gomory: 3
  Cover: 279
  Clique: 65
  MIR: 204
  StrongCG: 18
  Flow cover: 267
  GUB cover: 1
  Inf proof: 34
  Zero half: 3
  Network: 2
  RLT: 1
  Relax-and-lift: 21

Explored 547303 nodes (15710989 simplex iterations) in 600.13 seconds (195.86 work units)
Thread count was 12 (of 12 available processors)

Solution count 10: 6386 6389 6689 ... 9043

Time limit reached
Best objective 6.386000000000e+03, best bound 6.316000000000e+03, gap 1.0961%
