
Gurobi 12.0.0 (win64) logging started Wed Feb 18 23:45:00 2026

Set parameter LogFile to value "Storage_orig/Logs/log______Sens_truck_cost_multiplier_0.75_2026_02_18_23_45_00.log"
Set parameter MIPGap to value 0.005
Set parameter OutputFlag to value 1
Gurobi Optimizer version 12.0.0 build v12.0.0rc1 (win64 - Windows 11+.0 (26200.2))

CPU model: Intel(R) Core(TM) i7-9750H CPU @ 2.60GHz, instruction set [SSE2|AVX|AVX2]
Thread count: 6 physical cores, 12 logical processors, using up to 12 threads

Non-default parameters:
MIPGap  0.005
MIPFocus  2

Optimize a model with 4170 rows, 840 columns and 11004 nonzeros
Model fingerprint: 0x0bdc16b4
Variable types: 18 continuous, 822 integer (570 binary)
Coefficient statistics:
  Matrix range     [2e-01, 1e+03]
  Objective range  [1e+01, 2e+03]
  Bounds range     [1e+00, 1e+00]
  RHS range        [1e+00, 1e+03]

User MIP start produced solution with objective 5778 (0.01s)
Loaded user MIP start with objective 5778

Presolve removed 2940 rows and 192 columns
Presolve time: 0.01s
Presolved: 1230 rows, 648 columns, 6453 nonzeros
Variable types: 18 continuous, 630 integer (450 binary)
Root relaxation presolve removed 3 rows and 0 columns
Root relaxation presolved: 1227 rows, 648 columns, 6423 nonzeros


Root relaxation: objective 5.192500e+03, 475 iterations, 0.01 seconds (0.02 work units)

    Nodes    |    Current Node    |     Objective Bounds      |     Work
 Expl Unexpl |  Obj  Depth IntInf | Incumbent    BestBd   Gap | It/Node Time

     0     0 5192.50003    0   29 5778.00000 5192.50003  10.1%     -    0s
     0     0 5200.05263    0   76 5778.00000 5200.05263  10.0%     -    0s
     0     0 5237.92526    0   76 5778.00000 5237.92526  9.35%     -    0s
     0     0 5237.92526    0   70 5778.00000 5237.92526  9.35%     -    0s
H    0     0                    5750.0000000 5237.92526  8.91%     -    0s
H    0     0                    5645.0000000 5237.92526  7.21%     -    0s
     0     0 5246.60996    0  149 5645.00000 5246.60996  7.06%     -    0s
     0     0 5272.09865    0  161 5645.00000 5272.09865  6.61%     -    0s
     0     0 5275.33820    0  173 5645.00000 5275.33820  6.55%     -    0s
     0     0 5276.22792    0  191 5645.00000 5276.22792  6.53%     -    0s
     0     0 5279.01059    0  191 5645.00000 5279.01059  6.48%     -    0s
     0     0 5279.09254    0  197 5645.00000 5279.09254  6.48%     -    0s
     0     0 5279.10010    0  200 5645.00000 5279.10010  6.48%     -    0s
     0     0 5357.21057    0  286 5645.00000 5357.21057  5.10%     -    0s
     0     0 5375.59643    0  280 5645.00000 5375.59643  4.77%     -    0s
     0     0 5394.64440    0  246 5645.00000 5394.64440  4.43%     -    0s
     0     0 5401.40695    0  218 5645.00000 5401.40695  4.32%     -    0s
     0     0 5402.06489    0  227 5645.00000 5402.06489  4.30%     -    0s
     0     0 5402.29536    0  236 5645.00000 5402.29536  4.30%     -    0s
     0     0 5403.50000    0  218 5645.00000 5403.50000  4.28%     -    0s
     0     0 5403.50000    0  234 5645.00000 5403.50000  4.28%     -    0s
     0     0 5410.01662    0  250 5645.00000 5410.01662  4.16%     -    1s
     0     0 5410.01662    0  159 5645.00000 5410.01662  4.16%     -    1s
     0     0 5418.50000    0  122 5645.00000 5418.50000  4.01%     -    1s
     0     0 5421.20750    0  123 5645.00000 5421.20750  3.96%     -    1s
     0     0 5423.07407    0  240 5645.00000 5423.07407  3.93%     -    1s
     0     0 5423.07407    0  273 5645.00000 5423.07407  3.93%     -    1s
H    0     0                    5531.0000000 5427.00000  1.88%     -    1s
     0     0 5427.00000    0    2 5531.00000 5427.00000  1.88%     -    1s
H    0     0                    5487.0000000 5427.00000  1.09%     -    1s
     0     0 5427.00000    0  186 5487.00000 5427.00000  1.09%     -    1s
     0     0 5427.00000    0  198 5487.00000 5427.00000  1.09%     -    2s
     0     0 5427.00000    0   12 5487.00000 5427.00000  1.09%     -    2s
     0     2 5427.00000    0   12 5487.00000 5427.00000  1.09%     -    2s

Cutting planes:
  Gomory: 39
  Lift-and-project: 6
  Cover: 242
  Implied bound: 75
  MIR: 289
  StrongCG: 69
  Flow cover: 507
  Zero half: 112
  Network: 1
  RLT: 15
  Relax-and-lift: 22

Explored 565 nodes (57024 simplex iterations) in 3.77 seconds (2.98 work units)
Thread count was 12 (of 12 available processors)

Solution count 5: 5487 5531 5645 ... 5778

Optimal solution found (tolerance 5.00e-03)
Best objective 5.487000000000e+03, best bound 5.460000000000e+03, gap 0.4921%
