
Gurobi 12.0.0 (win64) logging started Wed Feb 25 21:30:11 2026

Set parameter LogFile to value "Storage_orig/Logs/log_____________2026_02_25_21_30_11.log"
Set parameter MIPGap to value 0
Set parameter OutputFlag to value 1
Gurobi Optimizer version 12.0.0 build v12.0.0rc1 (win64 - Windows 11+.0 (26200.2))

CPU model: Intel(R) Core(TM) i7-9750H CPU @ 2.60GHz, instruction set [SSE2|AVX|AVX2]
Thread count: 6 physical cores, 12 logical processors, using up to 12 threads

Non-default parameters:
MIPGap  0
MIPFocus  2

Optimize a model with 5540 rows, 1032 columns and 14852 nonzeros
Model fingerprint: 0x782258e6
Variable types: 24 continuous, 1008 integer (720 binary)
Coefficient statistics:
  Matrix range     [2e-01, 1e+02]
  Objective range  [1e+01, 2e+03]
  Bounds range     [1e+00, 1e+00]
  RHS range        [1e+00, 2e+02]
Found heuristic solution: objective 18900.000000
Presolve removed 3940 rows and 168 columns
Presolve time: 0.02s
Presolved: 1600 rows, 864 columns, 8604 nonzeros
Variable types: 24 continuous, 840 integer (600 binary)
Root relaxation presolve removed 4 rows and 0 columns
Root relaxation presolved: 1596 rows, 864 columns, 8564 nonzeros


Root relaxation: objective 4.977000e+03, 839 iterations, 0.04 seconds (0.03 work units)

    Nodes    |    Current Node    |     Objective Bounds      |     Work
 Expl Unexpl |  Obj  Depth IntInf | Incumbent    BestBd   Gap | It/Node Time

     0     0 4977.00027    0   28 18900.0000 4977.00027  73.7%     -    0s
H    0     0                    12310.000000 4977.00027  59.6%     -    0s
H    0     0                    11332.000000 4977.00027  56.1%     -    0s
H    0     0                    10452.000000 4977.00027  52.4%     -    0s
H    0     0                    10212.000000 4977.77143  51.3%     -    0s
H    0     0                    9172.0000000 4977.77143  45.7%     -    0s
     0     0 4977.77143    0   76 9172.00000 4977.77143  45.7%     -    0s
     0     0 4978.80107    0   66 9172.00000 4978.80107  45.7%     -    0s
     0     0 5040.04150    0  135 9172.00000 5040.04150  45.0%     -    0s
     0     0 5043.80000    0  136 9172.00000 5043.80000  45.0%     -    0s
     0     0 5049.81794    0  142 9172.00000 5049.81794  44.9%     -    0s
     0     0 5049.81794    0  146 9172.00000 5049.81794  44.9%     -    0s
H    0     0                    8991.0000000 5049.81794  43.8%     -    0s
H    0     0                    8851.0000000 5049.81794  42.9%     -    0s
H    0     0                    8311.0000000 5126.02854  38.3%     -    0s
H    0     0                    7073.0000000 5126.02854  27.5%     -    0s
H    0     0                    6453.0000000 5126.02854  20.6%     -    0s
     0     0 5126.02854    0  208 6453.00000 5126.02854  20.6%     -    0s
     0     0 5130.06184    0  221 6453.00000 5130.06184  20.5%     -    0s
     0     0 5135.87200    0  209 6453.00000 5135.87200  20.4%     -    0s
H    0     0                    6357.0000000 5136.29036  19.2%     -    0s
     0     0 5136.29036    0  222 6357.00000 5136.29036  19.2%     -    0s
     0     0 5136.88801    0  238 6357.00000 5136.88801  19.2%     -    0s
     0     0 5140.92226    0  235 6357.00000 5140.92226  19.1%     -    0s
     0     0 5140.92226    0  251 6357.00000 5140.92226  19.1%     -    0s
H    0     0                    6217.0000000 5140.92226  17.3%     -    1s
     0     0 5169.03646    0   51 6217.00000 5169.03646  16.9%     -    1s
     0     0 5169.13257    0   69 6217.00000 5169.13257  16.9%     -    1s
H    0     0                    5652.0000000 5169.13257  8.54%     -    1s
H    0     0                    5592.0000000 5169.13257  7.56%     -    1s
H    0     0                    5532.0000000 5169.13257  6.56%     -    1s
     0     0 5181.41395    0  135 5532.00000 5181.41395  6.34%     -    1s
     0     0 5182.34545    0   71 5532.00000 5182.34545  6.32%     -    1s
     0     0 5182.34545    0  194 5532.00000 5182.34545  6.32%     -    1s
     0     0 5182.34545    0  223 5532.00000 5182.34545  6.32%     -    1s
     0     0 5182.34545    0  236 5532.00000 5182.34545  6.32%     -    2s
     0     0 5182.34545    0  174 5532.00000 5182.34545  6.32%     -    2s
     0     2 5182.34545    0  162 5532.00000 5182.34545  6.32%     -    2s
   622   463 5521.03481   24   47 5532.00000 5193.80000  6.11%   123    5s
  2094  1007 5432.95842   15  179 5532.00000 5239.96250  5.28%   131   10s
  2523  1129 5477.05281   13  363 5532.00000 5258.63946  4.94%   133   15s
  3047  1061     cutoff   33      5532.00000 5322.91702  3.78%   142   20s
  5098   791 5468.12821   25  161 5532.00000 5435.85841  1.74%   119   25s
  8126   336     cutoff   31      5532.00000 5502.21201  0.54%   107   30s
 13393   525 5529.00000   43    1 5532.00000 5529.00000  0.05%  72.8   36s
 18334   574 5529.00000   35    1 5532.00000 5529.00000  0.05%  54.3   40s
 26383   522     cutoff   41      5532.00000 5529.00000  0.05%  38.9   45s
 36109   889 5529.00000   46    1 5532.00000 5529.00000  0.05%  29.9   50s
 47558   991 5529.00000   54    1 5532.00000 5529.00000  0.05%  23.5   55s
 60184  1329 5529.00000   60    1 5532.00000 5529.00000  0.05%  19.3   60s
 72943  1365     cutoff   35      5532.00000 5529.00000  0.05%  16.5   65s
 86118  1595 5529.00000   56    1 5532.00000 5529.00000  0.05%  14.4   70s
 99213  1463 5529.00000   51    1 5532.00000 5529.00000  0.05%  12.9   75s
 112909  1651 5529.00000   56    1 5532.00000 5529.00000  0.05%  11.8   80s
 124738  1664     cutoff   60      5532.00000 5529.00000  0.05%  11.0   85s
 136269  2016     cutoff   41      5532.00000 5529.00000  0.05%  10.3   90s
 149359  2016 5529.00000   51    1 5532.00000 5529.00000  0.05%   9.7   95s
 157205  1985     cutoff   35      5532.00000 5529.00000  0.05%   9.4  101s
 160492  2009     cutoff   57      5532.00000 5529.00000  0.05%   9.3  107s
 165179  2019     cutoff   34      5532.00000 5529.00000  0.05%   9.2  110s
 177335  2166     cutoff   43      5532.00000 5529.00000  0.05%   8.8  115s
 190298  1896 5529.00000   57    8 5532.00000 5529.00000  0.05%   8.5  120s

Cutting planes:
  Learned: 7
  Gomory: 9
  Cover: 360
  Implied bound: 10
  MIR: 207
  StrongCG: 39
  Flow cover: 339
  Inf proof: 2
  Zero half: 17
  Network: 5
  RLT: 1
  Relax-and-lift: 21

Explored 200692 nodes (1670738 simplex iterations) in 123.77 seconds (38.40 work units)
Thread count was 12 (of 12 available processors)

Solution count 10: 5532 5532 5592 ... 8851

Optimal solution found (tolerance 0.00e+00)
Best objective 5.532000000000e+03, best bound 5.532000000000e+03, gap 0.0000%
