
Gurobi 12.0.0 (win64) logging started Wed Feb 25 00:59:33 2026

Set parameter LogFile to value "Storage_orig/Logs/log_____________2026_02_25_00_59_33.log"
Set parameter MIPGap to value 0
Set parameter OutputFlag to value 1
Gurobi Optimizer version 12.0.0 build v12.0.0rc1 (win64 - Windows 11+.0 (26200.2))

CPU model: Intel(R) Core(TM) i7-9750H CPU @ 2.60GHz, instruction set [SSE2|AVX|AVX2]
Thread count: 6 physical cores, 12 logical processors, using up to 12 threads

Non-default parameters:
MIPGap  0
MIPFocus  2

Optimize a model with 5540 rows, 1032 columns and 14852 nonzeros
Model fingerprint: 0x782258e6
Variable types: 24 continuous, 1008 integer (720 binary)
Coefficient statistics:
  Matrix range     [2e-01, 1e+02]
  Objective range  [1e+01, 2e+03]
  Bounds range     [1e+00, 1e+00]
  RHS range        [1e+00, 2e+02]
Found heuristic solution: objective 18900.000000
Presolve removed 3940 rows and 168 columns
Presolve time: 0.02s
Presolved: 1600 rows, 864 columns, 8604 nonzeros
Variable types: 24 continuous, 840 integer (600 binary)
Root relaxation presolve removed 4 rows and 0 columns
Root relaxation presolved: 1596 rows, 864 columns, 8564 nonzeros


Root relaxation: objective 4.977000e+03, 839 iterations, 0.04 seconds (0.03 work units)

    Nodes    |    Current Node    |     Objective Bounds      |     Work
 Expl Unexpl |  Obj  Depth IntInf | Incumbent    BestBd   Gap | It/Node Time

     0     0 4977.00027    0   28 18900.0000 4977.00027  73.7%     -    0s
H    0     0                    12310.000000 4977.00027  59.6%     -    0s
H    0     0                    11332.000000 4977.00027  56.1%     -    0s
H    0     0                    10452.000000 4977.00027  52.4%     -    0s
H    0     0                    10212.000000 4977.77143  51.3%     -    0s
H    0     0                    9172.0000000 4977.77143  45.7%     -    0s
     0     0 4977.77143    0   76 9172.00000 4977.77143  45.7%     -    0s
     0     0 4978.80107    0   66 9172.00000 4978.80107  45.7%     -    0s
     0     0 5040.04150    0  135 9172.00000 5040.04150  45.0%     -    0s
     0     0 5043.80000    0  136 9172.00000 5043.80000  45.0%     -    0s
     0     0 5049.81794    0  142 9172.00000 5049.81794  44.9%     -    0s
     0     0 5049.81794    0  146 9172.00000 5049.81794  44.9%     -    0s
H    0     0                    8991.0000000 5049.81794  43.8%     -    0s
H    0     0                    8851.0000000 5049.81794  42.9%     -    0s
H    0     0                    8311.0000000 5126.02854  38.3%     -    0s
H    0     0                    7073.0000000 5126.02854  27.5%     -    0s
H    0     0                    6453.0000000 5126.02854  20.6%     -    0s
     0     0 5126.02854    0  208 6453.00000 5126.02854  20.6%     -    0s
     0     0 5130.06184    0  221 6453.00000 5130.06184  20.5%     -    0s
     0     0 5135.87200    0  209 6453.00000 5135.87200  20.4%     -    0s
H    0     0                    6357.0000000 5136.29036  19.2%     -    0s
     0     0 5136.29036    0  222 6357.00000 5136.29036  19.2%     -    0s
     0     0 5136.88801    0  238 6357.00000 5136.88801  19.2%     -    1s
     0     0 5140.92226    0  235 6357.00000 5140.92226  19.1%     -    1s
     0     0 5140.92226    0  251 6357.00000 5140.92226  19.1%     -    1s
H    0     0                    6217.0000000 5140.92226  17.3%     -    1s
     0     0 5169.03646    0   51 6217.00000 5169.03646  16.9%     -    1s
     0     0 5169.13257    0   69 6217.00000 5169.13257  16.9%     -    1s
H    0     0                    5652.0000000 5169.13257  8.54%     -    1s
H    0     0                    5592.0000000 5169.13257  7.56%     -    1s
H    0     0                    5532.0000000 5169.13257  6.56%     -    1s
     0     0 5181.41395    0  135 5532.00000 5181.41395  6.34%     -    1s
     0     0 5182.34545    0   71 5532.00000 5182.34545  6.32%     -    1s
     0     0 5182.34545    0  194 5532.00000 5182.34545  6.32%     -    2s
     0     0 5182.34545    0  223 5532.00000 5182.34545  6.32%     -    2s
     0     0 5182.34545    0  236 5532.00000 5182.34545  6.32%     -    2s
     0     0 5182.34545    0  174 5532.00000 5182.34545  6.32%     -    2s
     0     2 5182.34545    0  162 5532.00000 5182.34545  6.32%     -    2s
   556   418 5387.81405   13  153 5532.00000 5193.80000  6.11%   117    5s
  1859   932 5494.83157   26  150 5532.00000 5220.66352  5.63%   128   10s
  2521  1128 5424.39939   28  351 5532.00000 5258.63946  4.94%   133   15s
  2896  1092 5412.67693   26  144 5532.00000 5306.79571  4.07%   143   20s
  4617   912     cutoff   28      5532.00000 5429.88543  1.85%   123   25s
  7611   424     cutoff   32      5532.00000 5489.15423  0.77%   108   30s
 15396   525 5529.00000   40    1 5532.00000 5529.00000  0.05%  63.8   35s
 26383   522     cutoff   41      5532.00000 5529.00000  0.05%  38.9   40s
 37878   905     cutoff   56      5532.00000 5529.00000  0.05%  28.7   45s
 51038   949     cutoff   59      5532.00000 5529.00000  0.05%  22.1   50s
 64400  1413 5529.00000   56    1 5532.00000 5529.00000  0.05%  18.2   55s
 78179  1603     cutoff   41      5532.00000 5529.00000  0.05%  15.6   60s
 90876  1565 5529.00000   55    1 5532.00000 5529.00000  0.05%  13.8   65s
 105504  1372 5529.00000   47    1 5532.00000 5529.00000  0.05%  12.4   70s
 119447  1627 5529.00000   57    1 5532.00000 5529.00000  0.05%  11.3   75s
 134554  1879 5529.00000   50    8 5532.00000 5529.00000  0.05%  10.4   80s
 147649  1971 5529.00000   46    1 5532.00000 5529.00000  0.05%   9.8   85s
 160492  2009     cutoff   57      5532.00000 5529.00000  0.05%   9.3   90s
 174039  2141     cutoff   57      5532.00000 5529.00000  0.05%   8.9   95s
 188873  1920     cutoff   58      5532.00000 5529.00000  0.05%   8.5  100s

Cutting planes:
  Learned: 7
  Gomory: 9
  Cover: 360
  Implied bound: 10
  MIR: 207
  StrongCG: 39
  Flow cover: 339
  Inf proof: 2
  Zero half: 17
  Network: 5
  RLT: 1
  Relax-and-lift: 21

Explored 200692 nodes (1670738 simplex iterations) in 104.21 seconds (38.40 work units)
Thread count was 12 (of 12 available processors)

Solution count 10: 5532 5532 5592 ... 8851

Optimal solution found (tolerance 0.00e+00)
Best objective 5.532000000000e+03, best bound 5.532000000000e+03, gap 0.0000%
