
Gurobi 12.0.0 (win64) logging started Wed Feb 25 08:30:09 2026

Set parameter LogFile to value "Storage_orig/Logs/log______Sens_handling_time_1_2026_02_25_08_30_09.log"
Set parameter MIPGap to value 0
Set parameter OutputFlag to value 1
Gurobi Optimizer version 12.0.0 build v12.0.0rc1 (win64 - Windows 11+.0 (26200.2))

CPU model: Intel(R) Core(TM) i7-9750H CPU @ 2.60GHz, instruction set [SSE2|AVX|AVX2]
Thread count: 6 physical cores, 12 logical processors, using up to 12 threads

Non-default parameters:
MIPGap  0
MIPFocus  2

Optimize a model with 5540 rows, 1032 columns and 14852 nonzeros
Model fingerprint: 0x47015439
Variable types: 24 continuous, 1008 integer (720 binary)
Coefficient statistics:
  Matrix range     [1e+00, 1e+02]
  Objective range  [1e+01, 2e+03]
  Bounds range     [1e+00, 1e+00]
  RHS range        [1e+00, 2e+02]

User MIP start did not produce a new incumbent solution
User MIP start violates constraint R558 by 5.500000000

Found heuristic solution: objective 18900.000000
Presolve removed 3940 rows and 168 columns
Presolve time: 0.03s
Presolved: 1600 rows, 864 columns, 8604 nonzeros
Variable types: 24 continuous, 840 integer (600 binary)
Root relaxation presolve removed 4 rows and 0 columns
Root relaxation presolved: 1596 rows, 864 columns, 8564 nonzeros


Root relaxation: objective 4.977000e+03, 738 iterations, 0.03 seconds (0.03 work units)

    Nodes    |    Current Node    |     Objective Bounds      |     Work
 Expl Unexpl |  Obj  Depth IntInf | Incumbent    BestBd   Gap | It/Node Time

     0     0 4977.00027    0   42 18900.0000 4977.00027  73.7%     -    0s
H    0     0                    16306.000000 4977.00027  69.5%     -    0s
H    0     0                    15808.000000 4977.00027  68.5%     -    0s
H    0     0                    15570.000000 4977.00027  68.0%     -    0s
H    0     0                    12870.000000 4977.00027  61.3%     -    0s
H    0     0                    12730.000000 4977.73387  60.9%     -    0s
H    0     0                    10552.000000 4977.77143  52.8%     -    0s
H    0     0                    9672.0000000 4977.77143  48.5%     -    0s
     0     0 4977.77143    0  100 9672.00000 4977.77143  48.5%     -    0s
H    0     0                    9612.0000000 4977.77143  48.2%     -    0s
     0     0 5000.10295    0   55 9612.00000 5000.10295  48.0%     -    0s
     0     0 5000.10295    0   47 9612.00000 5000.10295  48.0%     -    0s
     0     0 5000.10295    0   51 9612.00000 5000.10295  48.0%     -    0s
     0     0 5080.20455    0   87 9612.00000 5080.20455  47.1%     -    0s
     0     0 5083.94476    0   75 9612.00000 5083.94476  47.1%     -    0s
     0     0 5083.94476    0   82 9612.00000 5083.94476  47.1%     -    0s
H    0     0                    9156.0000000 5083.94476  44.5%     -    0s
H    0     0                    9096.0000000 5083.94476  44.1%     -    0s
     0     0 5127.49179    0  148 9096.00000 5127.49179  43.6%     -    0s
     0     0 5131.25225    0  103 9096.00000 5131.25225  43.6%     -    0s
     0     0 5133.95468    0  160 9096.00000 5133.95468  43.6%     -    0s
     0     0 5139.72004    0  206 9096.00000 5139.72004  43.5%     -    0s
     0     0 5139.81846    0  220 9096.00000 5139.81846  43.5%     -    0s
     0     0 5139.88096    0  232 9096.00000 5139.88096  43.5%     -    0s
H    0     0                    8797.0000000 5140.10229  41.6%     -    0s
H    0     0                    8597.0000000 5140.10229  40.2%     -    0s
     0     0 5140.10229    0  236 8597.00000 5140.10229  40.2%     -    0s
     0     0 5140.10229    0  238 8597.00000 5140.10229  40.2%     -    0s
H    0     0                    8517.0000000 5140.10229  39.6%     -    1s
H    0     0                    8481.0000000 5147.71875  39.3%     -    1s
     0     0 5147.71875    0  227 8481.00000 5147.71875  39.3%     -    1s
H    0     0                    8241.0000000 5148.33748  37.5%     -    1s
H    0     0                    7821.0000000 5148.33748  34.2%     -    1s
     0     0 5152.15000    0  206 7821.00000 5152.15000  34.1%     -    1s
     0     0 5152.15000    0  216 7821.00000 5152.15000  34.1%     -    1s
H    0     0                    7321.0000000 5152.15000  29.6%     -    1s
H    0     0                    7199.0000000 5152.15000  28.4%     -    1s
H    0     0                    7095.0000000 5152.15000  27.4%     -    1s
H    0     0                    6895.0000000 5152.15000  25.3%     -    1s
     0     0 5152.56638    0  253 6895.00000 5152.56638  25.3%     -    1s
     0     0 5157.99440    0  244 6895.00000 5157.99440  25.2%     -    1s
     0     0 5160.68100    0  244 6895.00000 5160.68100  25.2%     -    1s
     0     0 5160.74021    0  276 6895.00000 5160.74021  25.2%     -    1s
     0     0 5182.90219    0  203 6895.00000 5182.90219  24.8%     -    2s
H    0     0                    6695.0000000 5186.34219  22.5%     -    2s
H    0     0                    6692.0000000 5186.34219  22.5%     -    2s
     0     0 5186.34219    0  266 6692.00000 5186.34219  22.5%     -    2s
     0     0 5186.71746    0  274 6692.00000 5186.71746  22.5%     -    2s
     0     0 5186.73500    0  304 6692.00000 5186.73500  22.5%     -    2s
H    0     0                    6635.0000000 5186.73500  21.8%     -    2s
H    0     0                    6591.0000000 5186.73500  21.3%     -    2s
     0     0 5189.16000    0  265 6591.00000 5189.16000  21.3%     -    2s
     0     0 5189.16000    0  302 6591.00000 5189.16000  21.3%     -    3s
     0     0 5189.16000    0  254 6591.00000 5189.16000  21.3%     -    3s
     0     0 5189.16000    0  167 6591.00000 5189.16000  21.3%     -    3s
     0     2 5189.22436    0   81 6591.00000 5189.22436  21.3%     -    3s
H   83    86                    6552.0000000 5193.80000  20.7%   274    4s
H  103   109                    6492.0000000 5193.80000  20.0%   255    4s
   123   138 5216.75895   16  178 6492.00000 5193.80000  20.0%   246    5s
H  151   155                    6396.0000000 5193.80000  18.8%   227    5s
H  178   185                    6360.0000000 5193.80000  18.3%   208    5s
H  179   185                    6256.0000000 5193.80000  17.0%   208    5s
  1287  1124 5433.12902    8  270 6256.00000 5196.56578  16.9%   131   10s
  1496  1251 5289.20705   27  334 6256.00000 5232.03728  16.4%   128   15s
  1522  1269 5897.01282   33  459 6256.00000 5239.22682  16.3%   126   20s
  1538  1279 5242.86965    6  379 6256.00000 5242.86965  16.2%   125   25s
  1559  1295 5820.27307   45  408 6256.00000 5243.68053  16.2%   143   30s
  1752  1434 5350.15135   32  215 6256.00000 5244.20443  16.2%   170   35s
  2338  1728 6003.68098   56  130 6256.00000 5246.66301  16.1%   180   40s
  3529  2251 6131.48390   43  133 6256.00000 5251.34736  16.1%   176   45s
  5450  2896 6131.90323   43  179 6256.00000 5260.07879  15.9%   169   50s
  7481  4339 5859.97341   37  153 6256.00000 5260.07879  15.9%   163   55s
  8860  5094 5750.09320   45  206 6256.00000 5290.52646  15.4%   161   60s
 10530  6263 5952.34453   35  141 6256.00000 5304.15078  15.2%   162   65s
 12318  7656 5972.14113   44   90 6256.00000 5312.56000  15.1%   160   70s
 13559  8544 5878.44928   39  234 6256.00000 5318.41373  15.0%   161   75s
 16136 10104 6055.63400   51  130 6256.00000 5335.33953  14.7%   161   81s
 17472 10997 6004.50000   41  128 6256.00000 5344.38638  14.6%   160   85s
 19681 12232 5886.02010   30  291 6256.00000 5356.28980  14.4%   160   90s
 21902 13599 5941.51359   34  192 6256.00000 5364.25727  14.3%   162   96s
 23937 14952 5866.59472   38  204 6256.00000 5368.86667  14.2%   160  100s
 25681 16007 6163.95726   49  269 6256.00000 5378.47494  14.0%   161  105s
 27894 17335 5917.61957   39  116 6256.00000 5385.50739  13.9%   161  110s
 29932 18620 6149.72677   45  155 6256.00000 5393.36320  13.8%   161  115s
 32270 20053 6094.42488   42  132 6256.00000 5406.77643  13.6%   160  121s
 34677 21611 5933.42227   39   77 6256.00000 5416.47064  13.4%   161  127s
 36095 22345 5579.76245   37  197 6256.00000 5421.71462  13.3%   160  130s
 38734 23841 infeasible   51      6256.00000 5428.95682  13.2%   160  136s
 41213 25216 5894.74719   62  156 6256.00000 5437.92128  13.1%   159  141s
 42377 25628 infeasible   54      6256.00000 5442.00448  13.0%   159  145s
 44231 27004 5846.44146   59  111 6256.00000 5444.88889  13.0%   159  151s
 46678 28290 5975.98184   51  284 6256.00000 5451.59664  12.9%   159  157s
 47859 28911 6059.03365   56  194 6256.00000 5455.48523  12.8%   159  160s
 50368 30343 5934.84545   52  264 6256.00000 5460.61914  12.7%   158  166s
 52877 31497 6175.98247   60  251 6256.00000 5464.96267  12.6%   158  172s
 53983 31937     cutoff   44      6256.00000 5468.48182  12.6%   159  175s
 56486 33564 5632.54825   45  159 6256.00000 5473.88055  12.5%   158  183s
 57866 34470 infeasible   64      6256.00000 5477.27562  12.4%   158  186s
 60555 35981 5523.35526   38  182 6256.00000 5482.48088  12.4%   157  192s
 61873 36718 5919.16000   64  222 6256.00000 5484.10353  12.3%   157  195s
 64294 38020 6123.22897   56  197 6256.00000 5490.15789  12.2%   157  201s
 66705 39553 6009.84304   53   90 6256.00000 5495.53710  12.2%   157  207s
 68005 40230 5831.06860   52  200 6256.00000 5495.53710  12.2%   157  210s
 70394 41445 5972.87324   53  180 6256.00000 5501.68534  12.1%   156  217s
 71328 42273 5605.90546   37  258 6256.00000 5503.23930  12.0%   156  220s
 73827 43842 5544.04901   35  166 6256.00000 5505.60183  12.0%   156  227s
 75151 44752 5573.88007   38  195 6256.00000 5508.36873  12.0%   155  230s
 77963 46280 6040.52066   35  187 6256.00000 5511.31111  11.9%   154  235s
 80251 47747 5969.32169   44  207 6256.00000 5514.18926  11.9%   154  241s
 82636 48921 5651.72011   54   76 6256.00000 5516.52713  11.8%   154  247s
 83553 49641 6061.52113   58   57 6256.00000 5517.50000  11.8%   154  250s
 85958 51263 6223.74165   75   73 6256.00000 5519.23833  11.8%   153  256s
 88303 52731 5933.30363   55  187 6256.00000 5520.58297  11.8%   153  262s
 89556 53701 6024.79237   53  177 6256.00000 5521.29679  11.7%   153  265s
 92426 55090 5568.47669   43  203 6256.00000 5523.23039  11.7%   152  272s
 93531 55988 5635.29610   42  221 6256.00000 5523.95707  11.7%   152  275s
 95963 57025 5877.70580   53  194 6256.00000 5524.88920  11.7%   151  282s
 96700 57779 5858.94601   51  204 6256.00000 5526.00000  11.7%   151  285s
 99286 59212 5979.72693   57  222 6256.00000 5527.17538  11.7%   151  292s
 100699 59889 5749.98267   52  262 6256.00000 5527.88000  11.6%   151  295s
 103145 61384 5863.08221   52  182 6256.00000 5529.00000  11.6%   150  302s
 104374 62104 5875.06434   47  183 6256.00000 5529.09538  11.6%   150  305s
 106829 63510 5999.23518   34  168 6256.00000 5530.07860  11.6%   150  313s
 107995 64178 6015.09381   67  120 6256.00000 5530.39502  11.6%   150  316s
 110514 65782 5546.24658   38  220 6256.00000 5531.53961  11.6%   149  322s
 111828 66516 5683.17900   45  139 6256.00000 5531.89852  11.6%   149  326s
 114947 68143 5743.46351   43  244 6256.00000 5532.95830  11.6%   148  332s
 116064 68674 infeasible   72      6256.00000 5533.44674  11.5%   148  335s
 117785 69871 infeasible   47      6256.00000 5534.00000  11.5%   148  341s
 120089 71150 6070.49231   59  284 6256.00000 5534.72266  11.5%   148  347s
 121273 71719 6064.64805   58  193 6256.00000 5535.06930  11.5%   147  350s
 123323 73079 5639.54650   39  110 6256.00000 5536.06556  11.5%   148  356s
 125707 73955 5540.99014   43  170 6256.00000 5537.07594  11.5%   147  363s
 125996 74343 infeasible   45      6256.00000 5537.15227  11.5%   147  366s
 127866 75743 5944.17734   36  105 6256.00000 5537.35747  11.5%   147  373s
 129093 76554 5802.36905   50  185 6256.00000 5538.37500  11.5%   147  376s
 131532 77783 5950.06667   37  151 6256.00000 5539.18593  11.5%   147  383s
 132553 78369     cutoff   63      6256.00000 5539.35505  11.5%   147  386s
 133661 79113 5633.00000   43   51 6256.00000 5539.87009  11.4%   147  390s
 136323 80783 5852.63403   54  184 6256.00000 5540.74309  11.4%   147  397s
 137652 81579 5954.23615   65  103 6256.00000 5541.02613  11.4%   147  400s
 140226 83123 5867.26026   46  168 6256.00000 5541.89538  11.4%   146  407s
 141504 83764     cutoff   72      6256.00000 5542.29350  11.4%   146  410s
 144056 85174 5903.09197   46   81 6256.00000 5542.63326  11.4%   146  417s
 145244 85753 5849.56926   53  280 6256.00000 5543.02273  11.4%   146  420s
 147673 87054 5988.13278   50  195 6256.00000 5543.64982  11.4%   146  427s
 148879 87673 5657.11128   41  243 6256.00000 5544.15050  11.4%   145  430s
 151169 88921 6024.10728   55   74 6256.00000 5544.67668  11.4%   145  437s
 152110 89649     cutoff   49      6256.00000 5544.92161  11.4%   145  441s
 154668 90990 6181.38582   70  151 6256.00000 5545.69424  11.4%   145  447s
 155843 91686 5646.39613   43  140 6256.00000 5545.96111  11.3%   145  451s
 158443 93104 5944.12250   53  146 6256.00000 5546.78684  11.3%   145  458s
 159753 93809 5566.50000   37  203 6256.00000 5547.10881  11.3%   145  461s
 162211 95103 5659.51052   41  149 6256.00000 5547.90140  11.3%   145  467s
 163377 95790 5727.67514   37  201 6256.00000 5548.20120  11.3%   145  471s
 165834 97107 5634.04000   40  111 6256.00000 5548.74172  11.3%   144  477s
 167107 97487 5630.24923   44  202 6256.00000 5549.20849  11.3%   144  481s
H167279 97414                    6253.0000000 5549.20849  11.3%   144  481s
 167797 98136 6192.66319   69  106 6253.00000 5549.21267  11.3%   144  485s
 170220 99600 5634.82328   55  229 6253.00000 5550.01701  11.2%   144  492s
 171656 100310 5975.01666   63  124 6253.00000 5550.25958  11.2%   144  495s
 174271 101648 6115.74026   65  120 6253.00000 5551.02924  11.2%   144  502s
 175479 102388 5658.31442   48  212 6253.00000 5551.59050  11.2%   144  505s
 178029 103800 5947.31429   38  154 6253.00000 5552.23538  11.2%   144  512s
 179109 104487 5739.26900   60  165 6253.00000 5552.40032  11.2%   144  516s
 181537 105780 5858.39039   79  107 6253.00000 5552.95318  11.2%   144  523s
 182800 106416 5806.34038   43  241 6253.00000 5553.50577  11.2%   144  526s
 183931 107195 5906.50658   44  120 6253.00000 5553.78865  11.2%   144  530s
 186612 108459 5641.47806   40  264 6253.00000 5554.56728  11.2%   143  536s
 188985 109729 5781.02915   59  161 6253.00000 5555.02768  11.2%   143  543s
 190083 110439 5652.46476   41  257 6253.00000 5555.37709  11.2%   143  546s
 192397 111637 6214.25918   85  169 6253.00000 5555.83779  11.1%   143  553s
 193598 112272 6136.13388   48  142 6253.00000 5556.07241  11.1%   143  556s
 196121 113502     cutoff   64      6253.00000 5556.69283  11.1%   143  562s
 197202 114269 6117.35002   63  136 6253.00000 5556.99061  11.1%   143  566s
 199658 115606 5972.24167   54  126 6253.00000 5557.49957  11.1%   143  573s
H199947 108046                    6152.0000000 5557.49957  9.66%   143  573s
 200767 108030 5848.69413   50  134 6152.00000 5557.68018  9.66%   143  578s
 200792 114112 5837.53089   48  197 6152.00000 5557.68018  9.66%   143  617s
 212792 114849 infeasible   55      6152.00000 5560.56711  9.61%   142  621s
 214247 115289     cutoff   72      6152.00000 5561.38107  9.60%   142  626s
 215050 116115 5737.00000   48   82 6152.00000 5561.40856  9.60%   142  630s
 218102 117674 6081.86482   49   79 6152.00000 5562.30158  9.59%   142  638s
 219461 118269 5963.08311   53  164 6152.00000 5562.53858  9.58%   142  641s
 221714 119261 infeasible   66      6152.00000 5563.20755  9.57%   142  647s
 223090 119916 5779.21904   54  242 6152.00000 5563.42539  9.57%   142  651s
 225591 121204 6108.13924   75  131 6152.00000 5564.11939  9.56%   142  657s
 226746 121762     cutoff   69      6152.00000 5564.42171  9.55%   142  661s
 227927 122095 5797.81752   60  147 6152.00000 5564.77662  9.55%   142  665s
 229432 123202 5802.40870   48  130 6152.00000 5564.88034  9.54%   142  672s
 230517 123877 6123.68811   55  154 6152.00000 5565.18290  9.54%   142  676s
 231931 124510 5616.65785   49  155 6152.00000 5565.46377  9.53%   142  680s
 234587 125834 5927.04433   48  190 6152.00000 5566.16381  9.52%   142  687s
 235875 126525 5883.39232   58  124 6152.00000 5566.50000  9.52%   142  691s
 237134 127090 6092.17102   58  160 6152.00000 5566.64718  9.51%   142  695s
 239497 128443 6075.84988   45  238 6152.00000 5567.33333  9.50%   142  702s
 240804 129051 5667.01645   45   55 6152.00000 5567.60316  9.50%   142  706s
 243509 130388 5681.07277   46  268 6152.00000 5568.26735  9.49%   142  713s
 244729 131074     cutoff   74      6152.00000 5568.45574  9.49%   142  716s
 246015 131710 5726.00966   43  129 6152.00000 5568.92933  9.48%   142  720s
 248611 132797 5593.83022   49  317 6152.00000 5569.38480  9.47%   141  727s
 249781 133384 5875.72334   45  228 6152.00000 5569.76650  9.46%   141  730s
 252209 134553 5865.82443   80  109 6152.00000 5570.34862  9.45%   141  737s
 253252 135248 5995.66256   56  135 6152.00000 5570.52373  9.45%   141  741s
 255622 136374 5833.64268   51  128 6152.00000 5571.14130  9.44%   141  748s
 256956 136929 5932.56253   65  179 6152.00000 5571.41236  9.44%   141  751s
 258091 137568 5756.62500   55  150 6152.00000 5571.83856  9.43%   141  755s
 260529 138702 5709.73839   50  107 6152.00000 5572.24823  9.42%   141  761s
 262884 140149 5640.60298   42  173 6152.00000 5572.85997  9.41%   141  768s
 264200 140687 5848.31676   56  175 6152.00000 5573.26837  9.41%   141  771s
 265549 141266 5884.58760   58  163 6152.00000 5573.43994  9.40%   141  775s
 267669 142396 infeasible   50      6152.00000 5574.12411  9.39%   141  781s
 268823 142938 5988.47272   62   73 6152.00000 5574.41261  9.39%   141  785s
 271248 144217 5692.44875   58  146 6152.00000 5575.13169  9.38%   141  792s
 272415 144961 5788.88125   46  209 6152.00000 5575.44335  9.37%   141  795s
 274933 146022 5877.79762   50   97 6152.00000 5575.78979  9.37%   141  802s
 276104 146592 5981.84758   62   33 6152.00000 5576.20646  9.36%   141  805s
 278552 147686 5976.03785   57  139 6152.00000 5576.76572  9.35%   141  813s
 279803 148423 5727.57984   54  201 6152.00000 5576.99714  9.35%   141  816s
 281136 148925 infeasible   55      6152.00000 5577.33247  9.34%   140  820s
 283508 150088 5772.79295   46  229 6152.00000 5577.91332  9.33%   140  827s
 284617 150798 5972.12037   49  258 6152.00000 5578.19655  9.33%   140  830s
 287113 151949 5842.02612   59  193 6152.00000 5578.69430  9.32%   140  838s
 288190 152554 5622.67758   52  221 6152.00000 5579.00504  9.31%   140  841s
 289519 153163 infeasible   69      6152.00000 5579.25876  9.31%   140  845s
 291947 154297 5694.55851   49  228 6152.00000 5579.92066  9.30%   140  852s
 293144 154825 6107.65530   56   97 6152.00000 5580.21761  9.29%   140  856s
 295611 156050 5857.37384   54   86 6152.00000 5580.82411  9.28%   140  863s
 296813 156693 5950.85393   65  192 6152.00000 5581.04614  9.28%   140  867s
 298052 156941 6067.67775   56  154 6152.00000 5581.34601  9.28%   140  871s
 298611 157474 5867.03593   38  149 6152.00000 5581.39456  9.28%   140  875s
 301185 158420 5883.64821   61   99 6152.00000 5582.05276  9.26%   140  882s
 302515 159004 6126.19244   65  150 6152.00000 5582.35327  9.26%   140  886s
 305049 160258 5891.16357   51  153 6152.00000 5583.00822  9.25%   140  893s
 306277 160748 5899.49052   62  163 6152.00000 5583.29324  9.24%   140  896s
 307519 161333 5699.57341   46  165 6152.00000 5583.60000  9.24%   140  900s
 309998 162518 5748.49368   46  119 6152.00000 5584.17110  9.23%   140  908s
 311137 163173 6002.89070   64  140 6152.00000 5584.43120  9.23%   140  911s
 312475 163782 5917.80366   49  162 6152.00000 5584.78947  9.22%   140  915s
 314989 164852 5712.39818   44  166 6152.00000 5585.40995  9.21%   140  922s
 316017 165359 5859.48890   51  104 6152.00000 5585.64399  9.21%   140  926s
 318431 166760 infeasible   48      6152.00000 5586.21573  9.20%   140  933s
 319702 167358     cutoff   63      6152.00000 5586.50000  9.19%   140  937s
 321048 167865 5748.14176   53  184 6152.00000 5586.82859  9.19%   140  941s
 323579 168980 infeasible   53      6152.00000 5587.56395  9.17%   140  948s
 324664 169522     cutoff   54      6152.00000 5587.89606  9.17%   140  952s
 325731 170130 5666.30269   46  177 6152.00000 5588.21429  9.16%   140  955s
 328297 171357     cutoff   55      6152.00000 5588.69698  9.16%   139  963s
 329530 171916 5927.90060   51  101 6152.00000 5588.95677  9.15%   139  966s
 330707 172414 5911.10261   47  187 6152.00000 5589.17326  9.15%   139  970s
 333201 173499 5736.25341   48  208 6152.00000 5589.76146  9.14%   139  977s
 334211 174048 5872.59901   50  132 6152.00000 5590.05458  9.13%   139  981s
 336572 175254 5753.16249   45  186 6152.00000 5590.42187  9.13%   139  988s
 337822 175937 5804.30769   59  105 6152.00000 5590.76855  9.12%   139  992s
 339191 176480 5718.72933   44  187 6152.00000 5591.01781  9.12%   139  996s
 341630 177489     cutoff   58      6152.00000 5591.54966  9.11%   139 1003s
 342796 178079 5846.45471   58  162 6152.00000 5591.85438  9.11%   139 1007s
 344053 178665 5803.15029   42  169 6152.00000 5592.25164  9.10%   139 1010s
 346336 179795 5912.21813   57  107 6152.00000 5592.66311  9.09%   139 1018s
 347470 180386 6000.28225   55  210 6152.00000 5592.66311  9.09%   139 1021s
 348720 180947 infeasible   53      6152.00000 5593.34295  9.08%   139 1025s
 351240 182020 5755.52503   49  224 6152.00000 5593.86952  9.07%   139 1033s
 352496 182471 5984.23757   50  169 6152.00000 5594.17689  9.07%   139 1036s
 353807 182732 5760.26657   53  225 6152.00000 5594.42934  9.06%   139 1041s
 354409 183235 5972.00367   56  204 6152.00000 5594.54050  9.06%   139 1045s
 356508 184272 5865.62061   41  242 6152.00000 5594.88973  9.06%   139 1053s
 357658 184879 5685.54303   46  168 6152.00000 5595.22073  9.05%   139 1057s
 358839 185451 5733.65179   53  159 6152.00000 5595.66579  9.04%   139 1061s
 360010 186116 5798.37557   47  228 6152.00000 5595.97380  9.04%   139 1065s
 362630 187396 5785.40570   63  179 6152.00000 5596.61134  9.03%   139 1073s
 363951 187961 5718.95000   48  139 6152.00000 5596.80547  9.02%   139 1076s
 365206 188481 5753.85060   54  167 6152.00000 5597.03517  9.02%   139 1080s
 367691 189434     cutoff   62      6152.00000 5597.85796  9.01%   139 1088s
 368800 190029 6147.46190   58  143 6152.00000 5598.09575  9.00%   139 1091s
 369946 190602 5777.06542   55  192 6152.00000 5598.30835  9.00%   139 1095s
 372583 191767 5649.08049   45  212 6152.00000 5598.89094  8.99%   139 1103s
 373781 192363 5728.86961   53  214 6152.00000 5599.15382  8.99%   139 1107s
 374906 192975 5773.85997   48  272 6152.00000 5599.44376  8.98%   139 1110s
 376217 193549 5936.40784   58  153 6152.00000 5599.83261  8.98%   139 1115s
 378653 194763 5979.04473   54  136 6152.00000 5600.46939  8.97%   139 1122s
 379989 195277 5661.36378   48  205 6152.00000 5600.67058  8.96%   139 1126s
 381219 195773 5758.40460   51  180 6152.00000 5600.83261  8.96%   139 1130s
 383707 196872 5863.00962   54  110 6152.00000 5601.51176  8.95%   139 1138s
 384756 197478 5699.28034   54  137 6152.00000 5601.68299  8.95%   139 1142s
 385920 198154 5970.83013   56  124 6152.00000 5601.97477  8.94%   139 1146s
 387311 198806 5990.93483   48  230 6152.00000 5602.27337  8.94%   139 1151s
 388669 199504 5723.04624   44   98 6152.00000 5602.65037  8.93%   139 1155s
 391277 200522 5626.15064   52  268 6152.00000 5603.20303  8.92%   139 1162s
 392556 200999     cutoff   70      6152.00000 5603.62206  8.91%   139 1166s
 393761 201477 6000.97602   63  162 6152.00000 5603.94118  8.91%   139 1170s
 396146 202672 5760.69569   50   97 6152.00000 5604.58456  8.90%   139 1178s
 397355 203177 5921.01298   51  187 6152.00000 5604.82385  8.89%   139 1182s
 398549 203736 6138.28840   54   90 6152.00000 5604.99997  8.89%   139 1186s
 399838 204224 6069.96506   56  146 6152.00000 5605.36643  8.89%   139 1190s
 402314 205380     cutoff   69      6152.00000 5605.80952  8.88%   139 1198s
 403484 205897 infeasible   52      6152.00000 5605.95004  8.88%   139 1201s
 404652 206500 5712.53983   45  161 6152.00000 5606.27948  8.87%   139 1206s
 405880 207120 5851.51439   67  175 6152.00000 5606.55958  8.87%   139 1210s
 408157 208031 infeasible   48      6152.00000 5607.00000  8.86%   139 1218s
 409279 208639 5734.00000   43   67 6152.00000 5607.00000  8.86%   139 1222s
 410484 209244 5717.75788   49  157 6152.00000 5607.14767  8.86%   139 1226s
 411825 209931 5949.28457   51  177 6152.00000 5607.42554  8.85%   139 1230s
 414294 211197 5766.14238   48  195 6152.00000 5607.78797  8.85%   139 1238s
 415585 211585 6047.40860   57  147 6152.00000 5608.00000  8.84%   139 1243s
 416738 212023 5649.92616   44  155 6152.00000 5608.17231  8.84%   139 1247s
 417916 212543 5741.17397   50  175 6152.00000 5608.36842  8.84%   139 1251s
 419090 213189 infeasible   51      6152.00000 5608.55275  8.83%   139 1255s
 421464 214293 5907.48344   51  189 6152.00000 5608.82955  8.83%   139 1262s
 422669 214921 5706.63530   50  220 6152.00000 5609.12802  8.82%   139 1266s
 423983 215422 5774.49314   47  191 6152.00000 5609.35000  8.82%   139 1270s
 426309 216816 5800.81900   43  210 6152.00000 5609.80499  8.81%   139 1278s
 427510 217438 5756.39681   49  201 6152.00000 5609.94509  8.81%   139 1282s
 428733 218045 5619.99527   43  208 6152.00000 5610.03758  8.81%   139 1286s
 430034 218679 5869.91252   46  260 6152.00000 5610.29143  8.81%   139 1290s
 431300 219165 infeasible   65      6152.00000 5610.43264  8.80%   139 1295s
 433782 220242 5746.70861   45  131 6152.00000 5610.76554  8.80%   139 1303s
 434611 220751 5860.40018   51  254 6152.00000 5610.77303  8.80%   139 1307s
 435859 221378 5726.51604   43  145 6152.00000 5611.08366  8.79%   139 1311s
 437087 221923 5746.55105   43  188 6152.00000 5611.27585  8.79%   139 1315s
 439375 223137 6073.70044   83  117 6152.00000 5611.69613  8.78%   139 1323s
 440635 223604 6029.00000   59  101 6152.00000 5611.89144  8.78%   139 1327s
 441663 224149 5639.55991   53  166 6152.00000 5612.02548  8.78%   139 1331s
 442837 224639 5927.35868   50  118 6152.00000 5612.27455  8.77%   139 1336s
 444092 225275 5906.85826   75  100 6152.00000 5612.45194  8.77%   139 1340s
 446647 226520 5883.79938   55  193 6152.00000 5612.96096  8.76%   139 1348s
 447819 227033 5983.45730   48  187 6152.00000 5613.14404  8.76%   139 1352s
 449144 227543 5906.38642   49  175 6152.00000 5613.17233  8.76%   139 1356s
 450363 228252 5859.65612   47  229 6152.00000 5613.45704  8.75%   139 1360s
 452747 229400 5795.98019   61  254 6152.00000 5613.78082  8.75%   139 1368s
 453881 229857 5911.08925   55  198 6152.00000 5613.92698  8.75%   139 1373s
 454809 230555 5824.13599   51  181 6152.00000 5613.96442  8.75%   139 1377s
 456184 231143 5708.14626   49  115 6152.00000 5614.24506  8.74%   139 1380s
 457299 231612 5889.12632   50  174 6152.00000 5614.47046  8.74%   139 1385s
 459730 232899 6012.30067   56  106 6152.00000 5614.91995  8.73%   139 1393s
 461062 233389 infeasible   52      6152.00000 5615.07299  8.73%   139 1397s
 462173 233988     cutoff   53      6152.00000 5615.33020  8.72%   139 1401s
 463482 234528 infeasible   45      6152.00000 5615.56066  8.72%   139 1405s
 465972 235695 5979.01748   51  142 6152.00000 5615.84944  8.72%   139 1414s
 467232 236282 5815.50205   48  220 6152.00000 5616.03898  8.71%   139 1417s
 468395 236939 5922.76980   49  300 6152.00000 5616.25928  8.71%   139 1421s
 469628 237491 5930.28981   48  149 6152.00000 5616.43560  8.71%   139 1426s
 470788 238115 5739.62615   43  203 6152.00000 5616.61381  8.70%   139 1430s
 473269 239215 6014.33834   71  192 6152.00000 5616.92896  8.70%   139 1438s
 474492 239806 5672.70594   46  195 6152.00000 5617.15637  8.69%   139 1442s
 475535 240343 infeasible   57      6152.00000 5617.32545  8.69%   139 1446s
 476880 241038 5947.94181   56  162 6152.00000 5617.43709  8.69%   139 1451s
 478161 241596 6005.62269   51  104 6152.00000 5617.59092  8.69%   139 1455s
 480712 242553 infeasible   64      6152.00000 5618.12826  8.68%   139 1464s
 481358 243113 infeasible   46      6152.00000 5618.16850  8.68%   139 1468s
 482565 243701 5648.82419   40  204 6152.00000 5618.47508  8.67%   139 1473s
 483849 244254 5651.49442   51  124 6152.00000 5618.58915  8.67%   139 1477s
 485062 244573 5759.19947   50  157 6152.00000 5618.86322  8.67%   139 1482s
 485849 245169 5709.95833   50  182 6152.00000 5618.91849  8.67%   139 1486s
 487021 245731 5760.93460   56   95 6152.00000 5619.04448  8.66%   139 1491s
 488396 246304 5871.27937   66  136 6152.00000 5619.29839  8.66%   139 1495s
 491016 247569 5772.11375   48  227 6152.00000 5619.77560  8.65%   139 1504s
 492371 248226 infeasible   51      6152.00000 5620.00000  8.65%   139 1508s
H492660 241107                    6118.0000000 5620.00000  8.14%   139 1508s
*492736 223688             109    6058.0000000 5620.00000  7.23%   139 1508s
H493609 123055                    5858.0000000 5620.06347  4.06%   139 1512s
H493682 58675                    5740.0000000 5620.06347  2.09%   139 1512s
 494452 58469     cutoff   59      5740.00000 5620.16296  2.09%   139 1517s
 495606 58547 5717.34837   56   92 5740.00000 5620.57064  2.08%   139 1521s
 496955 58591 5655.79351   48  222 5740.00000 5621.06558  2.07%   139 1526s
 498157 58623 5690.42827   43  281 5740.00000 5621.63750  2.06%   139 1530s
 499471 58731     cutoff   47      5740.00000 5622.09092  2.05%   139 1535s
 500592 58845 5654.49445   44  224 5740.00000 5622.38546  2.05%   139 1540s
 503334 58934     cutoff   49      5740.00000 5623.20472  2.03%   139 1548s
 504654 59028 5635.45719   51  159 5740.00000 5623.77143  2.02%   139 1553s
 505946 59107 5648.05007   49  120 5740.00000 5624.12245  2.02%   139 1557s
 507221 59153 5714.28571   51   48 5740.00000 5624.49555  2.01%   139 1562s
 508532 59375 5662.40000   51   88 5740.00000 5624.94936  2.00%   139 1566s
 509905 59634 infeasible   45      5740.00000 5625.26357  2.00%   139 1570s
 512531 59799 5738.01916   44  165 5740.00000 5625.93029  1.99%   139 1579s
 513783 59935 5662.79060   44  124 5740.00000 5626.28571  1.98%   139 1583s
 515170 60065     cutoff   47      5740.00000 5626.61083  1.98%   139 1587s
 516405 60218     cutoff   38      5740.00000 5626.94423  1.97%   139 1591s
 517613 60387 5634.50530   52  229 5740.00000 5627.26439  1.96%   139 1595s
 520280 60727     cutoff   56      5740.00000 5627.64122  1.96%   139 1604s
 521529 60876     cutoff   69      5740.00000 5627.92495  1.95%   139 1608s
 522921 60945 5676.99645   54  275 5740.00000 5628.26993  1.95%   139 1612s
 524238 61048     cutoff   47      5740.00000 5628.58131  1.94%   139 1616s
 525399 61175 5735.81700   42  272 5740.00000 5628.79821  1.94%   138 1620s
 527979 61328 5629.97113   60  228 5740.00000 5629.28571  1.93%   138 1628s
 528967 61374 5642.38387   65  227 5740.00000 5629.53316  1.92%   138 1632s
 530096 61512 5663.04500   42  218 5740.00000 5629.90422  1.92%   138 1636s
 531243 61653 5651.37811   49  152 5740.00000 5630.00000  1.92%   138 1641s
 532236 61849     cutoff   43      5740.00000 5630.00000  1.92%   138 1645s
 533655 62014 5630.17148   49  136 5740.00000 5630.04734  1.92%   138 1650s
 534936 62153     cutoff   48      5740.00000 5630.15083  1.91%   138 1655s
 537561 62457     cutoff   47      5740.00000 5630.33525  1.91%   138 1664s
 538941 62663     cutoff   47      5740.00000 5630.50842  1.91%   138 1668s
 540310 62891     cutoff   55      5740.00000 5630.62117  1.91%   138 1673s
 541726 63138 5705.56918   50  227 5740.00000 5630.80274  1.90%   138 1677s
 543242 63248     cutoff   49      5740.00000 5630.85714  1.90%   138 1682s
 544570 63341 5672.80792   70  165 5740.00000 5630.93348  1.90%   138 1686s
 545724 63431 5700.33795   44  217 5740.00000 5631.17391  1.90%   138 1690s
 547007 63609 5640.98481   46  102 5740.00000 5631.36619  1.89%   138 1695s
 549722 63761 infeasible   63      5740.00000 5631.60292  1.89%   138 1703s
 549809 63775     cutoff   62      5740.00000 5631.61773  1.89%   138 1707s
 550061 63777     cutoff   48      5740.00000 5631.61773  1.89%   138 1713s
 550702 63861     cutoff   49      5740.00000 5631.61773  1.89%   138 1720s
 552111 64021     cutoff   56      5740.00000 5631.81723  1.88%   138 1726s
 554126 64128     cutoff   50      5740.00000 5632.13515  1.88%   138 1731s
 555758 64195 infeasible   46      5740.00000 5632.35443  1.88%   138 1736s
 557315 64232 5648.84927   44  140 5740.00000 5632.54191  1.87%   138 1741s
 558720 64280 5671.48596   60  124 5740.00000 5632.76549  1.87%   138 1746s
 560061 64301 5643.81776   43  187 5740.00000 5632.95836  1.86%   138 1751s
 561299 64346 5731.09256   44  197 5740.00000 5633.00000  1.86%   138 1756s
 562434 64459     cutoff   45      5740.00000 5633.00000  1.86%   138 1761s
 563768 64591 5675.13516   46  145 5740.00000 5633.00000  1.86%   138 1766s
 565325 64724     cutoff   49      5740.00000 5633.12988  1.86%   138 1771s
 566696 64789 5714.71770   54  243 5740.00000 5633.23625  1.86%   138 1775s
 567880 64829 5637.25536   55  142 5740.00000 5633.35910  1.86%   138 1780s
 570352 64942 5669.08321   47  221 5740.00000 5633.61379  1.85%   138 1789s
 571588 65023     cutoff   44      5740.00000 5633.75761  1.85%   138 1793s
 572790 65162 5715.38052   51  255 5740.00000 5633.85714  1.85%   137 1798s
 574192 65166     cutoff   46      5740.00000 5634.00226  1.85%   137 1803s
 575024 65240     cutoff   41      5740.00000 5634.02712  1.85%   137 1808s
 576317 65302     cutoff   58      5740.00000 5634.26536  1.84%   137 1812s
 577713 65331 5706.14773   52  157 5740.00000 5634.43049  1.84%   137 1817s
 578948 65423 5676.87919   48  309 5740.00000 5634.55212  1.84%   137 1822s
 580307 65521 5661.14790   58  157 5740.00000 5634.69320  1.83%   137 1826s
 581704 65585     cutoff   59      5740.00000 5634.85742  1.83%   137 1831s
 583091 65638 5728.31731   50  151 5740.00000 5634.97719  1.83%   137 1836s
 584333 65716 5648.05896   54  248 5740.00000 5635.13987  1.83%   137 1840s
 585667 65751 5665.07820   44  161 5740.00000 5635.27568  1.82%   137 1845s
 587935 65771 5675.95898   45  194 5740.00000 5635.60641  1.82%   137 1854s
 589307 65812 5652.54726   49  125 5740.00000 5635.84721  1.81%   137 1859s
 590530 65818     cutoff   44      5740.00000 5636.00000  1.81%   137 1863s
 591751 65893 5648.59306   47  281 5740.00000 5636.10571  1.81%   137 1868s
 593132 65926 5674.50279   47  186 5740.00000 5636.24524  1.81%   137 1873s
 594347 65974 5637.11517   56  254 5740.00000 5636.45010  1.80%   137 1877s
 595676 65996 5639.91019   56  236 5740.00000 5636.60845  1.80%   137 1882s
 596919 66015 5650.60680   54  127 5740.00000 5636.77304  1.80%   137 1887s
 598190 66073 5641.11312   52  118 5740.00000 5636.95264  1.80%   137 1892s
 599416 66105 infeasible   49      5740.00000 5637.08000  1.79%   137 1897s
 600751 66155 5649.45693   59  141 5740.00000 5637.26190  1.79%   137 1902s
 601942 66174     cutoff   48      5740.00000 5637.41757  1.79%   137 1907s
 603301 66194 5657.21113   67  174 5740.00000 5637.57366  1.78%   137 1911s
 604651 66188 5726.93222   48  119 5740.00000 5637.74309  1.78%   137 1915s
 605727 66216 5640.16919   47  142 5740.00000 5637.92118  1.78%   136 1920s
 607039 66221 5644.16831   61  274 5740.00000 5638.08665  1.78%   136 1925s
 608223 66256 5641.62790   57  259 5740.00000 5638.24272  1.77%   136 1930s
 609585 66238     cutoff   51      5740.00000 5638.42438  1.77%   136 1935s
 610836 66208     cutoff   60      5740.00000 5638.60398  1.77%   136 1940s
 613322 66160     cutoff   61      5740.00000 5638.87284  1.76%   136 1950s
 614123 66142 5680.63700   46  192 5740.00000 5638.96689  1.76%   136 1955s
 615330 66071     cutoff   65      5740.00000 5639.19500  1.76%   136 1960s
 616648 66052 5670.10051   50  194 5740.00000 5639.36396  1.75%   136 1965s
 617945 66009 5692.21239   52   95 5740.00000 5639.53656  1.75%   136 1970s
 619192 65986     cutoff   42      5740.00000 5639.72551  1.75%   136 1975s
 620485 65914     cutoff   42      5740.00000 5639.93828  1.74%   136 1980s
 621582 65857     cutoff   52      5740.00000 5640.09974  1.74%   136 1986s
 622793 65817 5653.53409   43  181 5740.00000 5640.27043  1.74%   136 1991s
 624026 65740     cutoff   61      5740.00000 5640.48337  1.73%   136 1996s
 625199 65670 5676.82326   67  205 5740.00000 5640.65768  1.73%   136 2001s
 626472 65623 5670.87179   47  240 5740.00000 5640.87706  1.73%   136 2006s
 627697 65582     cutoff   60      5740.00000 5641.09182  1.72%   136 2011s
 628989 65548     cutoff   66      5740.00000 5641.24988  1.72%   136 2017s
 630253 65489     cutoff   48      5740.00000 5641.42850  1.72%   136 2022s
 631485 65451 5690.18519   54  150 5740.00000 5641.64714  1.71%   136 2027s
 632753 65341 5700.71462   44  214 5740.00000 5641.82105  1.71%   136 2032s
 633926 65251 infeasible   45      5740.00000 5642.05637  1.71%   136 2037s
 635199 65118     cutoff   60      5740.00000 5642.24584  1.70%   136 2043s
 636200 65123     cutoff   53      5740.00000 5642.42883  1.70%   136 2048s
 637554 65066     cutoff   50      5740.00000 5642.64982  1.70%   136 2053s
 638774 64953     cutoff   47      5740.00000 5642.86570  1.69%   136 2059s
 639959 64857 infeasible   53      5740.00000 5643.03745  1.69%   136 2064s
 641134 64751 5649.89814   41  206 5740.00000 5643.24938  1.69%   136 2069s
 642269 64647     cutoff   53      5740.00000 5643.44031  1.68%   136 2075s
 643439 64601 5732.20759   48   83 5740.00000 5643.69132  1.68%   136 2080s
 644773 64465 5671.08711   49  175 5740.00000 5643.88164  1.67%   136 2086s
 645949 64387 5697.92467   45  301 5740.00000 5644.08411  1.67%   136 2091s
 647193 64228 infeasible   50      5740.00000 5644.31015  1.67%   136 2097s
 648451 64154     cutoff   63      5740.00000 5644.56640  1.66%   136 2102s
 649643 64023     cutoff   38      5740.00000 5644.82751  1.66%   136 2108s
 650893 63930 5649.28683   57  247 5740.00000 5645.11063  1.65%   136 2113s
 652169 63857 5646.15978   53  222 5740.00000 5645.33373  1.65%   136 2119s
 653473 63758     cutoff   50      5740.00000 5645.54845  1.65%   136 2124s
 654638 63611 5646.23645   59   86 5740.00000 5645.78703  1.64%   136 2130s
 655867 63470     cutoff   58      5740.00000 5646.03896  1.64%   136 2136s
 657053 63335 5691.93559   52  139 5740.00000 5646.30312  1.63%   136 2141s
 658095 63173 5716.18192   55  132 5740.00000 5646.54965  1.63%   136 2147s
 659326 63007 5692.89371   48  276 5740.00000 5646.80437  1.62%   136 2153s
 660546 62858 5650.13684   67  227 5740.00000 5647.00970  1.62%   136 2159s
 661709 62709 5734.00000   48   94 5740.00000 5647.26300  1.62%   136 2165s
 662909 62580 5666.45503   48  309 5740.00000 5647.47024  1.61%   136 2170s
 664092 62370 5657.34798   51  148 5740.00000 5647.72645  1.61%   136 2176s
 665323 62220     cutoff   51      5740.00000 5647.96814  1.60%   136 2182s
 666538 62055 infeasible   40      5740.00000 5648.27503  1.60%   136 2188s
 667778 61878 5707.78541   47  214 5740.00000 5648.48273  1.59%   136 2195s
 668906 61689 5662.03273   39  241 5740.00000 5648.79643  1.59%   136 2201s
 670093 61453 5701.05791   47  232 5740.00000 5649.06878  1.58%   136 2207s
 671280 61280 infeasible   57      5740.00000 5649.39380  1.58%   136 2213s
 672477 61099 infeasible   60      5740.00000 5649.65320  1.57%   136 2219s
 673848 60906 5652.44601   47  183 5740.00000 5650.00000  1.57%   136 2226s
 674997 60726 5733.58549   51  120 5740.00000 5650.21725  1.56%   136 2232s
 676231 60542 5656.51252   64  241 5740.00000 5650.54948  1.56%   136 2238s
 677441 60345 5682.97890   43  236 5740.00000 5650.81152  1.55%   136 2244s
 678614 60182     cutoff   45      5740.00000 5651.14344  1.55%   136 2250s
 679966 59994 5658.94856   46  196 5740.00000 5651.44175  1.54%   136 2257s
 681140 59770     cutoff   52      5740.00000 5651.71512  1.54%   135 2263s
 682497 59596 5686.25368   56  176 5740.00000 5652.05091  1.53%   135 2269s
 683760 59431 5681.83577   45  137 5740.00000 5652.34858  1.53%   135 2276s
 684982 59223 5709.79934   44  221 5740.00000 5652.71429  1.52%   135 2282s
 686074 58985 5724.88836   51   80 5740.00000 5652.95953  1.52%   135 2288s
 687271 58792 5659.07561   58  268 5740.00000 5653.31618  1.51%   135 2294s
 688482 58559     cutoff   52      5740.00000 5653.66553  1.50%   135 2301s
 689645 58349     cutoff   51      5740.00000 5653.92742  1.50%   135 2307s
 690991 58084 infeasible   51      5740.00000 5654.21489  1.49%   135 2314s
 692256 57850 5660.75895   65  175 5740.00000 5654.62710  1.49%   135 2320s
 693458 57578 5711.68105   44  189 5740.00000 5654.94398  1.48%   135 2326s
 694711 57348 infeasible   45      5740.00000 5655.24716  1.48%   135 2332s
 695973 57093 5721.25000   47   81 5740.00000 5655.66705  1.47%   135 2338s
 697217 56892     cutoff   52      5740.00000 5655.97505  1.46%   135 2345s
 698547 56719     cutoff   50      5740.00000 5656.33604  1.46%   135 2352s
 699492 56418 5679.66828   53  197 5740.00000 5656.33646  1.46%   135 2358s
 700685 56119     cutoff   49      5740.00000 5656.67080  1.45%   135 2365s
 701986 55779     cutoff   54      5740.00000 5657.28086  1.44%   135 2371s
 703209 55524 5726.00000   46  162 5740.00000 5657.68980  1.43%   135 2378s
 704733 55227     cutoff   52      5740.00000 5658.15155  1.43%   135 2384s
 705889 54922 5734.07543   48  101 5740.00000 5658.46632  1.42%   135 2390s
 707169 54601 5734.61224   46   83 5740.00000 5658.90389  1.41%   135 2397s
 708490 54312     cutoff   46      5740.00000 5659.30201  1.41%   135 2403s
 709774 54056 infeasible   49      5740.00000 5659.63450  1.40%   135 2410s
*710337   366              67    5660.0000000 5659.63450  0.01%   135 2410s

Cutting planes:
  Learned: 433
  Gomory: 10
  Cover: 5036
  Implied bound: 156
  Projected implied bound: 10
  MIR: 578
  StrongCG: 82
  Flow cover: 869
  Inf proof: 19
  Zero half: 20
  Network: 4
  Relax-and-lift: 81

Explored 711228 nodes (96126624 simplex iterations) in 2410.57 seconds (1321.09 work units)
Thread count was 12 (of 12 available processors)

Solution count 10: 5660 5660 5740 ... 6360

Optimal solution found (tolerance 0.00e+00)
Best objective 5.660000000000e+03, best bound 5.660000000000e+03, gap 0.0000%
