
Gurobi 12.0.0 (win64) logging started Mon Feb 16 07:44:00 2026

Set parameter LogFile to value "Storage_orig/Logs/log______Sens_C_range_reduced_(150, 150)_2026_02_16_07_44_00.log"
Set parameter MIPGap to value 0.01
Set parameter OutputFlag to value 1
Set parameter TimeLimit to value 600
Gurobi Optimizer version 12.0.0 build v12.0.0rc1 (win64 - Windows 11+.0 (26200.2))

CPU model: Intel(R) Core(TM) i7-9750H CPU @ 2.60GHz, instruction set [SSE2|AVX|AVX2]
Thread count: 6 physical cores, 12 logical processors, using up to 12 threads

Non-default parameters:
TimeLimit  600
MIPGap  0.01
MIPFocus  1

Optimize a model with 5133 rows, 960 columns and 13434 nonzeros
Model fingerprint: 0xdba7441b
Variable types: 18 continuous, 942 integer (690 binary)
Coefficient statistics:
  Matrix range     [2e-01, 1e+03]
  Objective range  [1e+01, 2e+03]
  Bounds range     [1e+00, 1e+00]
  RHS range        [1e+00, 1e+03]

User MIP start produced solution with objective 10172 (0.01s)
Loaded user MIP start with objective 10172

Presolve removed 3657 rows and 213 columns
Presolve time: 0.07s
Presolved: 1476 rows, 747 columns, 5832 nonzeros
Variable types: 18 continuous, 729 integer (540 binary)

Root relaxation: objective 7.467600e+03, 555 iterations, 0.03 seconds (0.01 work units)

    Nodes    |    Current Node    |     Objective Bounds      |     Work
 Expl Unexpl |  Obj  Depth IntInf | Incumbent    BestBd   Gap | It/Node Time

     0     0 7467.60003    0   35 10172.0000 7467.60003  26.6%     -    0s
H    0     0                    10032.000000 7467.60003  25.6%     -    0s
H    0     0                    9612.0000000 7467.60003  22.3%     -    0s
     0     0 7468.13347    0   88 9612.00000 7468.13347  22.3%     -    0s
H    0     0                    9452.0000000 7468.25000  21.0%     -    0s
H    0     0                    9292.0000000 7468.25000  19.6%     -    0s
H    0     0                    9232.0000000 7468.25000  19.1%     -    0s
     0     0 7468.25000    0   56 9232.00000 7468.25000  19.1%     -    0s
     0     0 7468.25000    0   71 9232.00000 7468.25000  19.1%     -    0s
H    0     0                    8552.0000000 7468.25000  12.7%     -    0s
     0     0 7525.15551    0  113 8552.00000 7525.15551  12.0%     -    0s
H    0     0                    8472.0000000 7561.06744  10.8%     -    0s
H    0     0                    8332.0000000 7561.06744  9.25%     -    0s
H    0     0                    7932.0000000 7561.06744  4.68%     -    0s
     0     0 7561.06744    0  138 7932.00000 7561.06744  4.68%     -    0s
     0     0 7599.87885    0  139 7932.00000 7599.87885  4.19%     -    0s
     0     0 7599.89235    0  154 7932.00000 7599.89235  4.19%     -    0s
     0     0 7602.33359    0  134 7932.00000 7602.33359  4.16%     -    0s
     0     0 7602.76857    0  146 7932.00000 7602.76857  4.15%     -    0s
     0     0 7602.87615    0  153 7932.00000 7602.87615  4.15%     -    0s
     0     0 7602.87615    0  153 7932.00000 7602.87615  4.15%     -    0s
     0     0 7625.33990    0  190 7932.00000 7625.33990  3.87%     -    1s
     0     0 7651.44449    0  147 7932.00000 7651.44449  3.54%     -    1s
     0     0 7664.14656    0  162 7932.00000 7664.14656  3.38%     -    1s
     0     0 7664.72147    0  176 7932.00000 7664.72147  3.37%     -    1s
     0     0 7667.04910    0  173 7932.00000 7667.04910  3.34%     -    1s
     0     0 7671.64834    0  187 7932.00000 7671.64834  3.28%     -    1s
     0     0 7671.64834    0  215 7932.00000 7671.64834  3.28%     -    1s
     0     0 7675.57516    0  193 7932.00000 7675.57516  3.23%     -    1s
     0     0 7679.37500    0  165 7932.00000 7679.37500  3.18%     -    1s
     0     0 7679.37500    0  170 7932.00000 7679.37500  3.18%     -    1s
     0     0 7679.37500    0   21 7932.00000 7679.37500  3.18%     -    2s
H    0     0                    7910.0000000 7679.37500  2.92%     -    2s
     0     2 7679.37500    0   20 7910.00000 7679.37500  2.92%     -    2s
   290   264 7715.36237   16   46 7910.00000 7680.01442  2.91%  71.5    5s
  1275   945 7763.39372    7  132 7910.00000 7683.25985  2.87%  47.8   10s
  1690  1129 7827.54257   39  336 7910.00000 7684.33333  2.85%  47.4   15s
  1760  1214 7725.22477   20  251 7910.00000 7685.00000  2.84%  69.6   20s
  2449  1425 7795.87987   26  254 7910.00000 7691.53630  2.76%  77.9   25s
  4274  1740 7822.26493   37   60 7910.00000 7718.64198  2.42%  67.6   30s
  7595  2876     cutoff   46      7910.00000 7718.64198  2.42%  59.2   35s
 11009  4027 7727.50532   39  110 7910.00000 7718.64198  2.42%  57.1   40s
 14796  6109 7720.90032   37   81 7910.00000 7718.64198  2.42%  54.5   45s
 18675  7680 7725.44746   40  126 7910.00000 7718.64198  2.42%  52.3   50s
 22794  9505 7732.20866   50  102 7910.00000 7718.64198  2.42%  51.2   55s
 26622 11599 7797.58016   51  108 7910.00000 7719.11022  2.41%  50.8   61s
 30335 13681 7737.53709   53   39 7910.00000 7719.27770  2.41%  49.0   65s
 35914 16355 7722.86321   39  123 7910.00000 7719.45814  2.41%  47.4   71s
 39768 18005 7725.53204   55  113 7910.00000 7719.45814  2.41%  47.0   76s
 41439 19649 7761.01228   52  107 7910.00000 7719.59277  2.41%  47.0   80s
 45740 21167 7728.83333   42   69 7910.00000 7719.78205  2.40%  46.5   85s
 48968 21926 7736.58776   46   56 7910.00000 7719.80114  2.40%  46.5   90s
 50989 22982 infeasible   61      7910.00000 7719.86530  2.40%  46.5   96s
 55767 25035 infeasible   65      7910.00000 7719.87348  2.40%  45.9  101s
 59722 27124 7737.44754   57  140 7910.00000 7719.87348  2.40%  45.4  105s
 63696 28641 7762.37074   60   79 7910.00000 7719.87348  2.40%  45.5  110s
 66920 29673 7764.28667   56   81 7910.00000 7719.87348  2.40%  45.6  115s
 70438 31089 7767.57072   61   24 7910.00000 7719.87348  2.40%  45.6  120s
 73476 32343 infeasible   57      7910.00000 7719.88355  2.40%  45.6  125s
 76170 34335     cutoff   64      7910.00000 7719.98160  2.40%  45.5  130s
 81514 36120 7741.46483   49   80 7910.00000 7720.15731  2.40%  45.3  135s
 84512 38121 7732.39056   44  133 7910.00000 7720.90032  2.39%  45.7  140s
 88411 39391 7732.39056   44  133 7910.00000 7720.90032  2.39%  45.2  145s
 90773 41202 7730.32915   45  118 7910.00000 7720.91069  2.39%  45.1  150s
 96593 43673 7733.01228   43  128 7910.00000 7720.92243  2.39%  44.7  155s
 101394 45818     cutoff   52      7910.00000 7721.12666  2.39%  44.4  160s
 106375 48852 7750.59173   59  172 7910.00000 7721.12666  2.39%  44.1  165s
 110596 49902 7835.74765   58  120 7910.00000 7721.20473  2.39%  44.2  171s
 112955 51565     cutoff   58      7910.00000 7721.20473  2.39%  44.4  176s
 117563 53119 7739.93908   60  127 7910.00000 7721.29206  2.39%  44.1  181s
 119669 53947 7738.00981   58  147 7910.00000 7721.31004  2.39%  44.3  185s
 123258 55384 7740.45004   59  122 7910.00000 7721.40058  2.38%  44.4  190s
 125971 56332 7755.33939   49  110 7910.00000 7721.71390  2.38%  44.5  196s
 129517 57915 7732.26927   41  132 7910.00000 7722.05364  2.38%  44.3  200s
 134770 60968 7854.57730   53  142 7910.00000 7722.19334  2.37%  44.0  205s
 139733 63221 7773.94863   69  132 7910.00000 7722.30180  2.37%  43.6  210s
 141896 64089 7786.79396   76   73 7910.00000 7722.37314  2.37%  43.6  215s
 145364 66423 7748.69712   70  103 7910.00000 7722.45848  2.37%  43.6  220s
 150228 68344 7729.07926   44   85 7910.00000 7722.51795  2.37%  43.5  225s
 153269 70141 7733.36822   46  148 7910.00000 7722.55195  2.37%  43.5  231s
 156603 71787 infeasible   70      7910.00000 7722.61486  2.37%  43.4  235s
 161431 74168 7837.29390   58   94 7910.00000 7722.71546  2.37%  43.4  240s
 164343 75234 7735.30490   46  186 7910.00000 7722.76149  2.37%  43.5  245s
 167427 77336     cutoff   52      7910.00000 7722.88403  2.37%  43.6  251s
 173138 79747 infeasible   48      7910.00000 7723.02672  2.36%  43.4  256s
 175754 80517     cutoff   64      7910.00000 7723.10571  2.36%  43.5  261s
 178282 81563 7836.57907   48  104 7910.00000 7723.18302  2.36%  43.7  266s
 181308 82601 7836.85711   52  125 7910.00000 7723.36909  2.36%  43.8  271s
 183899 84159 infeasible   74      7910.00000 7723.42357  2.36%  43.9  275s
 187698 85778 7728.84915   49   78 7910.00000 7723.42357  2.36%  43.8  280s
 189850 86622     cutoff   50      7910.00000 7723.50325  2.36%  44.1  285s
 193285 88167 7744.58245   59  171 7910.00000 7723.64146  2.36%  44.2  291s
 196133 88477     cutoff   46      7910.00000 7723.72878  2.35%  44.2  295s
 196193 88486 7734.47227   52  141 7910.00000 7723.72878  2.35%  44.2  301s
 196302 88697 7737.56849   54  134 7910.00000 7723.72878  2.35%  44.2  306s
 198292 89744 7793.10000   70   85 7910.00000 7723.86701  2.35%  44.3  310s
 201479 90955 7737.53422   54  172 7910.00000 7723.90459  2.35%  44.5  316s
 203996 91958 7748.54710   46  142 7910.00000 7723.91595  2.35%  44.6  321s
 207962 93433 7858.24188   52   76 7910.00000 7724.00761  2.35%  44.6  326s
 209965 94861     cutoff   58      7910.00000 7724.07455  2.35%  44.6  330s
 214380 96647     cutoff   47      7910.00000 7724.07455  2.35%  44.5  335s
 218139 98459 infeasible   50      7910.00000 7724.11681  2.35%  44.4  341s
 221421 100314 7734.79865   51  203 7910.00000 7724.17777  2.35%  44.5  346s
 225576 102079 infeasible   72      7910.00000 7724.28730  2.35%  44.4  350s
 228910 103319 7838.50213   63   63 7910.00000 7724.41962  2.35%  44.4  356s
 232355 104471     cutoff   52      7910.00000 7724.54986  2.34%  44.4  361s
 235717 105831 infeasible   67      7910.00000 7724.70823  2.34%  44.5  366s
 239314 106988 7742.03697   57   65 7910.00000 7724.86430  2.34%  44.5  371s
 241431 107671 7729.00000   30   32 7910.00000 7725.08056  2.34%  44.7  376s
 243933 108379 7866.68550   61  104 7910.00000 7725.10034  2.34%  44.9  380s
 246506 109341 7740.76885   55  128 7910.00000 7725.23778  2.34%  45.0  385s
 249278 110096 7737.02684   55  180 7910.00000 7725.34587  2.33%  45.0  390s
 251431 110880     cutoff   58      7910.00000 7725.42310  2.33%  45.1  395s
 256229 112910 7749.28793   68  139 7910.00000 7725.52335  2.33%  45.1  401s
 259231 114216 infeasible   63      7910.00000 7725.59238  2.33%  45.2  406s
 261741 115752 7760.49511   98   57 7910.00000 7725.64366  2.33%  45.3  411s
 265474 116622 7735.37497   60  136 7910.00000 7725.80697  2.33%  45.4  416s
 267623 117293 7739.84942   55  131 7910.00000 7725.89017  2.33%  45.5  420s
 271273 118831 7862.70207   69   94 7910.00000 7725.97040  2.33%  45.5  426s
 273771 120343 7852.14580   50  119 7910.00000 7726.06264  2.33%  45.6  430s
 276689 121332     cutoff   56      7910.00000 7726.15390  2.32%  45.5  435s
 280844 122710 7758.65143   61  133 7910.00000 7726.24845  2.32%  45.6  441s
 283743 123839 7828.04414   55   85 7910.00000 7726.32183  2.32%  45.6  445s
 286815 124904     cutoff   58      7910.00000 7726.39742  2.32%  45.7  450s
 288700 125416 7841.64339   49  142 7910.00000 7726.44979  2.32%  45.8  455s
 292118 126700     cutoff   46      7910.00000 7726.55436  2.32%  46.0  461s
 295235 127975     cutoff   61      7910.00000 7726.61158  2.32%  45.9  465s
 297526 128964 7737.29250   44  142 7910.00000 7726.61978  2.32%  46.0  471s
 300158 130726 7814.86303   74   10 7910.00000 7726.62898  2.32%  46.1  476s
 303212 131462 7854.17295   63   74 7910.00000 7726.64196  2.32%  46.2  480s
 307555 132717 7733.64453   40  202 7910.00000 7726.81647  2.32%  46.2  485s
 310305 134139 7730.96521   50  103 7910.00000 7726.89981  2.31%  46.2  491s
 312344 134874 7864.27335   48  114 7910.00000 7727.01266  2.31%  46.3  496s
 314576 136138 7836.51565   61  114 7910.00000 7727.11535  2.31%  46.3  500s
 319574 137644     cutoff   66      7910.00000 7727.23249  2.31%  46.2  505s
 321818 138821 7817.09980   52  107 7910.00000 7727.36512  2.31%  46.3  510s
 325314 139872 infeasible   66      7910.00000 7727.45141  2.31%  46.3  515s
 328522 141670 7730.76749   39   60 7910.00000 7727.48198  2.31%  46.3  520s
 332501 142757 7732.62558   60   47 7910.00000 7727.57382  2.31%  46.3  526s
 334972 143770     cutoff   53      7910.00000 7727.65508  2.31%  46.4  531s
 337779 144970 7732.85436   39   77 7910.00000 7727.71340  2.30%  46.4  535s
 342035 146607 infeasible   56      7910.00000 7727.75491  2.30%  46.5  541s
 344986 147729 7730.82074   40   73 7910.00000 7727.75865  2.30%  46.4  545s
 349435 149550 7734.20974   40  102 7910.00000 7727.80381  2.30%  46.4  551s
 351803 150518     cutoff   55      7910.00000 7727.85748  2.30%  46.4  555s
 355064 151628     cutoff   36      7910.00000 7727.89113  2.30%  46.4  560s
 358764 153548 7729.05519   44   93 7910.00000 7727.99572  2.30%  46.4  566s
 362025 154732 7743.54727   44   75 7910.00000 7728.03639  2.30%  46.3  570s
 365819 156446 7840.28533   54   66 7910.00000 7728.07196  2.30%  46.3  575s
 369092 157249 7776.71667   67   75 7910.00000 7728.14155  2.30%  46.4  581s
 371018 158040     cutoff   42      7910.00000 7728.15908  2.30%  46.4  587s
 373973 159438 7767.72058   67   43 7910.00000 7728.23966  2.30%  46.5  592s
 377165 160774 7743.59151   48  112 7910.00000 7728.27554  2.30%  46.5  597s
 380675 161287 7728.46935   42  147 7910.00000 7728.28842  2.30%  46.5  600s

Cutting planes:
  Learned: 17
  Cover: 296
  MIR: 283
  StrongCG: 23
  Flow cover: 241
  Inf proof: 8
  Zero half: 4
  Network: 3
  RLT: 5
  Relax-and-lift: 19

Explored 381075 nodes (17719592 simplex iterations) in 600.12 seconds (215.54 work units)
Thread count was 12 (of 12 available processors)

Solution count 10: 7910 7932 8332 ... 10032

Time limit reached
Best objective 7.910000000000e+03, best bound 7.729000000000e+03, gap 2.2882%
