
Gurobi 12.0.0 (win64) logging started Tue Feb 17 01:58:21 2026

Set parameter LogFile to value "Storage_orig/Logs/log______Sens_C_range_reduced_(120, 120)_2026_02_17_01_58_21.log"
Set parameter MIPGap to value 0.01
Set parameter OutputFlag to value 1
Set parameter TimeLimit to value 600
Gurobi Optimizer version 12.0.0 build v12.0.0rc1 (win64 - Windows 11+.0 (26200.2))

CPU model: Intel(R) Core(TM) i7-9750H CPU @ 2.60GHz, instruction set [SSE2|AVX|AVX2]
Thread count: 6 physical cores, 12 logical processors, using up to 12 threads

Non-default parameters:
TimeLimit  600
MIPGap  0.01
MIPFocus  1

Optimize a model with 4170 rows, 840 columns and 11004 nonzeros
Model fingerprint: 0x11389c46
Variable types: 18 continuous, 822 integer (570 binary)
Coefficient statistics:
  Matrix range     [2e-01, 1e+03]
  Objective range  [1e+01, 2e+03]
  Bounds range     [1e+00, 1e+00]
  RHS range        [1e+00, 1e+03]
Found heuristic solution: objective 18900.000000
Presolve removed 2940 rows and 192 columns
Presolve time: 0.02s
Presolved: 1230 rows, 648 columns, 6453 nonzeros
Variable types: 18 continuous, 630 integer (450 binary)

Root relaxation: objective 5.517500e+03, 407 iterations, 0.01 seconds (0.01 work units)

    Nodes    |    Current Node    |     Objective Bounds      |     Work
 Expl Unexpl |  Obj  Depth IntInf | Incumbent    BestBd   Gap | It/Node Time

     0     0 5517.50003    0   31 18900.0000 5517.50003  70.8%     -    0s
H    0     0                    18114.000000 5517.50003  69.5%     -    0s
H    0     0                    17014.000000 5517.50003  67.6%     -    0s
H    0     0                    15020.000000 5517.50003  63.3%     -    0s
H    0     0                    14420.000000 5517.50003  61.7%     -    0s
H    0     0                    12660.000000 5518.00012  56.4%     -    0s
H    0     0                    12060.000000 5518.00012  54.2%     -    0s
H    0     0                    11920.000000 5518.00012  53.7%     -    0s
     0     0 5518.00012    0   73 11920.0000 5518.00012  53.7%     -    0s
H    0     0                    11900.000000 5518.14286  53.6%     -    0s
H    0     0                    11020.000000 5518.14286  49.9%     -    0s
     0     0 5518.14286    0   71 11020.0000 5518.14286  49.9%     -    0s
     0     0 5524.82262    0   57 11020.0000 5524.82262  49.9%     -    0s
     0     0 5524.82262    0   58 11020.0000 5524.82262  49.9%     -    0s
     0     0 5604.60936    0   86 11020.0000 5604.60936  49.1%     -    0s
H    0     0                    10358.000000 5604.60936  45.9%     -    0s
     0     0 5612.14438    0  109 10358.0000 5612.14438  45.8%     -    0s
H    0     0                    10045.000000 5618.88410  44.1%     -    0s
     0     0 5619.02988    0  130 10045.0000 5619.02988  44.1%     -    0s
     0     0 5619.41809    0  122 10045.0000 5619.41809  44.1%     -    0s
     0     0 5619.41809    0  124 10045.0000 5619.41809  44.1%     -    0s
H    0     0                    9946.0000000 5619.41809  43.5%     -    0s
H    0     0                    7806.0000000 5656.46619  27.5%     -    0s
     0     0 5656.46619    0  145 7806.00000 5656.46619  27.5%     -    0s
     0     0 5670.94863    0  166 7806.00000 5670.94863  27.4%     -    0s
     0     0 5681.88604    0  129 7806.00000 5681.88604  27.2%     -    0s
     0     0 5682.26506    0  177 7806.00000 5682.26506  27.2%     -    0s
     0     0 5686.31519    0  185 7806.00000 5686.31519  27.2%     -    0s
     0     0 5695.38076    0  201 7806.00000 5695.38076  27.0%     -    0s
     0     0 5704.38067    0  199 7806.00000 5704.38067  26.9%     -    0s
     0     0 5704.42659    0  240 7806.00000 5704.42659  26.9%     -    0s
H    0     0                    5902.0000000 5704.53093  3.35%     -    0s
H    0     0                    5842.0000000 5704.53093  2.35%     -    0s
     0     0 5704.53093    0  241 5842.00000 5704.53093  2.35%     -    0s
     0     0 5709.35084    0  213 5842.00000 5709.35084  2.27%     -    0s
     0     0 5710.21918    0  230 5842.00000 5710.21918  2.26%     -    0s
     0     0 5712.06451    0  214 5842.00000 5712.06451  2.22%     -    0s
     0     0 5712.07861    0  231 5842.00000 5712.07861  2.22%     -    0s
     0     0 5712.12600    0  234 5842.00000 5712.12600  2.22%     -    0s
     0     0 5712.20972    0  221 5842.00000 5712.20972  2.22%     -    0s
     0     0 5712.22552    0  251 5842.00000 5712.22552  2.22%     -    0s
     0     0 5712.23340    0  258 5842.00000 5712.23340  2.22%     -    0s
     0     0 5722.06015    0  225 5842.00000 5722.06015  2.05%     -    1s
     0     0 5722.98556    0  227 5842.00000 5722.98556  2.04%     -    1s
     0     0 5723.15992    0  226 5842.00000 5723.15992  2.03%     -    1s
     0     0 5723.34309    0  246 5842.00000 5723.34309  2.03%     -    1s
     0     0 5723.38172    0  257 5842.00000 5723.38172  2.03%     -    1s
     0     0 5723.44444    0  230 5842.00000 5723.44444  2.03%     -    1s
     0     0 5723.44444    0  230 5842.00000 5723.44444  2.03%     -    1s
     0     0 5723.44444    0   55 5842.00000 5723.44444  2.03%     -    1s
     0     2 5723.44444    0   53 5842.00000 5723.44444  2.03%     -    1s
  1663  1096 5739.51724   17   25 5842.00000 5727.95455  1.95%  37.4    5s
  2650  1072     cutoff   41      5842.00000 5757.86389  1.44%  56.8   10s
  7098   416     cutoff   36      5842.00000 5774.40515  1.16%  49.3   15s

Cutting planes:
  Learned: 14
  Gomory: 3
  Cover: 241
  Implied bound: 5
  Clique: 28
  MIR: 138
  StrongCG: 17
  Flow cover: 241
  Zero half: 6
  Network: 2
  RLT: 7
  Relax-and-lift: 25
  BQP: 2
  PSD: 1

Explored 9982 nodes (454317 simplex iterations) in 17.77 seconds (8.72 work units)
Thread count was 12 (of 12 available processors)

Solution count 10: 5842 5902 7806 ... 12060

Optimal solution found (tolerance 1.00e-02)
Best objective 5.842000000000e+03, best bound 5.788000000000e+03, gap 0.9243%
