
Gurobi 12.0.0 (win64) logging started Wed Feb 18 22:39:22 2026

Set parameter LogFile to value "Storage_orig/Logs/log______Sens_handling_time_1_2026_02_18_22_39_22.log"
Set parameter MIPGap to value 0.01
Set parameter OutputFlag to value 1
Set parameter TimeLimit to value 600
Gurobi Optimizer version 12.0.0 build v12.0.0rc1 (win64 - Windows 11+.0 (26200.2))

CPU model: Intel(R) Core(TM) i7-9750H CPU @ 2.60GHz, instruction set [SSE2|AVX|AVX2]
Thread count: 6 physical cores, 12 logical processors, using up to 12 threads

Non-default parameters:
TimeLimit  600
MIPGap  0.01
MIPFocus  2

Optimize a model with 4170 rows, 840 columns and 11004 nonzeros
Model fingerprint: 0x8fa848d3
Variable types: 18 continuous, 822 integer (570 binary)
Coefficient statistics:
  Matrix range     [1e+00, 1e+03]
  Objective range  [1e+01, 2e+03]
  Bounds range     [1e+00, 1e+00]
  RHS range        [1e+00, 1e+03]

User MIP start did not produce a new incumbent solution
User MIP start violates constraint Time_LB_1_4_1 by 4.000000000

Found heuristic solution: objective 18900.000000
Presolve removed 2940 rows and 192 columns
Presolve time: 0.01s
Presolved: 1230 rows, 648 columns, 6453 nonzeros
Variable types: 18 continuous, 630 integer (450 binary)
Root relaxation presolve removed 3 rows and 0 columns
Root relaxation presolved: 1227 rows, 648 columns, 6423 nonzeros


Root relaxation: objective 5.467500e+03, 475 iterations, 0.01 seconds (0.02 work units)

    Nodes    |    Current Node    |     Objective Bounds      |     Work
 Expl Unexpl |  Obj  Depth IntInf | Incumbent    BestBd   Gap | It/Node Time

     0     0 5467.50003    0   35 18900.0000 5467.50003  71.1%     -    0s
H    0     0                    16526.000000 5467.50003  66.9%     -    0s
H    0     0                    13386.000000 5467.50003  59.2%     -    0s
H    0     0                    12706.000000 5467.50003  57.0%     -    0s
H    0     0                    12366.000000 5467.50003  55.8%     -    0s
     0     0 5468.00013    0  104 12366.0000 5468.00013  55.8%     -    0s
     0     0 5468.14286    0   70 12366.0000 5468.14286  55.8%     -    0s
     0     0 5500.51277    0  150 12366.0000 5500.51277  55.5%     -    0s
H    0     0                    10891.000000 5520.40851  49.3%     -    0s
H    0     0                    10491.000000 5520.40851  47.4%     -    0s
H    0     0                    10091.000000 5520.40851  45.3%     -    0s
H    0     0                    10011.000000 5520.40851  44.9%     -    0s
H    0     0                    9871.0000000 5520.40851  44.1%     -    0s
     0     0 5520.40851    0  147 9871.00000 5520.40851  44.1%     -    0s
     0     0 5525.54112    0  166 9871.00000 5525.54112  44.0%     -    0s
     0     0 5526.71145    0  170 9871.00000 5526.71145  44.0%     -    0s
     0     0 5526.98256    0  176 9871.00000 5526.98256  44.0%     -    0s
     0     0 5527.00778    0  178 9871.00000 5527.00778  44.0%     -    0s
     0     0 5527.12408    0  172 9871.00000 5527.12408  44.0%     -    0s
H    0     0                    9631.0000000 5527.20391  42.6%     -    0s
     0     0 5527.20391    0  178 9631.00000 5527.20391  42.6%     -    0s
     0     0 5527.22461    0  178 9631.00000 5527.22461  42.6%     -    0s
     0     0 5527.23812    0  182 9631.00000 5527.23812  42.6%     -    0s
     0     0 5527.23812    0  184 9631.00000 5527.23812  42.6%     -    0s
H    0     0                    9355.0000000 5527.23812  40.9%     -    0s
H    0     0                    9175.0000000 5527.23812  39.8%     -    0s
H    0     0                    8995.0000000 5527.23812  38.6%     -    0s
H    0     0                    8399.0000000 5650.80889  32.7%     -    0s
H    0     0                    8259.0000000 5650.80889  31.6%     -    0s
     0     0 5650.80889    0  252 8259.00000 5650.80889  31.6%     -    0s
     0     0 5674.22904    0  226 8259.00000 5674.22904  31.3%     -    0s
     0     0 5674.84375    0  199 8259.00000 5674.84375  31.3%     -    0s
     0     0 5677.03214    0  226 8259.00000 5677.03214  31.3%     -    0s
     0     0 5677.03214    0  200 8259.00000 5677.03214  31.3%     -    0s
H    0     0                    7890.0000000 5677.03214  28.0%     -    1s
H    0     0                    7830.0000000 5677.03214  27.5%     -    1s
H    0     0                    7770.0000000 5677.03214  26.9%     -    1s
H    0     0                    7630.0000000 5677.03214  25.6%     -    1s
     0     0 5682.40732    0  197 7630.00000 5682.40732  25.5%     -    1s
     0     0 5682.40732    0  224 7630.00000 5682.40732  25.5%     -    1s
     0     0 5688.50296    0  266 7630.00000 5688.50296  25.4%     -    1s
     0     0 5690.74026    0  293 7630.00000 5690.74026  25.4%     -    1s
     0     0 5690.80723    0  311 7630.00000 5690.80723  25.4%     -    1s
     0     0 5691.70352    0  375 7630.00000 5691.70352  25.4%     -    1s
H    0     0                    7490.0000000 5692.48844  24.0%     -    1s
     0     0 5692.48844    0  345 7490.00000 5692.48844  24.0%     -    1s
H    0     0                    7430.0000000 5692.48844  23.4%     -    2s
H    0     0                    7350.0000000 5692.48844  22.6%     -    2s
H    0     0                    7270.0000000 5692.48844  21.7%     -    2s
     0     0 5692.72973    0  336 7270.00000 5692.72973  21.7%     -    2s
     0     0 5694.00000    0  331 7270.00000 5694.00000  21.7%     -    2s
     0     0 5694.00000    0  346 7270.00000 5694.00000  21.7%     -    2s
H    0     0                    7130.0000000 5694.00000  20.1%     -    2s
     0     0 5694.40505    0  354 7130.00000 5694.40505  20.1%     -    2s
     0     0 5694.40505    0  265 7130.00000 5694.40505  20.1%     -    2s
H    0     0                    7050.0000000 5694.40505  19.2%     -    2s
     0     2 5694.40505    0  226 7050.00000 5694.40505  19.2%     -    2s
H   31    40                    6951.0000000 5697.90347  18.0%   333    3s
H  137   147                    6811.0000000 5697.90347  16.3%   172    3s
H  208   203                    6671.0000000 5704.40000  14.5%   149    3s
   534   502 5740.87853   15  135 6671.00000 5705.00000  14.5%   113    5s
H  927   776                    6611.0000000 5706.69444  13.7%   109    5s
H 1359  1106                    6471.0000000 5711.23930  11.7%  99.5    6s
H 1520  1125                    6411.0000000 5712.60368  10.9%  97.2    8s
  1532  1133 5749.71416   18  314 6411.00000 5712.60368  10.9%  96.4   10s
  1968  1418 infeasible   38      6411.00000 5712.60368  10.9%   128   15s
  3771  2080 6345.31049   63  142 6411.00000 5718.11781  10.8%   135   20s
  5692  2981 6229.18252   45  116 6411.00000 5726.88295  10.7%   137   25s
  7655  4196 6235.21766   54  148 6411.00000 5730.58998  10.6%   141   30s
 10377  5710     cutoff   45      6411.00000 5736.66463  10.5%   135   35s
 13235  7297 5921.39950   29  148 6411.00000 5743.32000  10.4%   137   40s
 15046  8383 6122.01508   30  159 6411.00000 5746.43774  10.4%   139   45s
 17823  9805     cutoff   47      6411.00000 5751.47784  10.3%   138   50s
 20176 11304 infeasible   56      6411.00000 5755.90279  10.2%   139   55s
 22868 12739 6226.05064   40  163 6411.00000 5760.57852  10.1%   138   60s
 24361 13692 6026.50732   49  198 6411.00000 5763.59423  10.1%   138   66s
 27586 15585 6163.02564   44  171 6411.00000 5774.86186  9.92%   138   71s
 29817 16770 6375.99593   40   82 6411.00000 5782.54541  9.80%   138   75s
 32100 18051 5969.87937   35  140 6411.00000 5789.78162  9.69%   139   80s
 35742 20131 6002.73424   26  250 6411.00000 5798.17301  9.56%   140   87s
 38356 21334 infeasible   61      6411.00000 5801.20583  9.51%   140   91s
 40628 22552 6273.11317   57  160 6411.00000 5803.38875  9.48%   140   96s
 43020 23852 6038.05374   47  176 6411.00000 5806.00000  9.44%   140  100s
 45413 25109 6108.81987   38  243 6411.00000 5808.71691  9.39%   141  105s
 47730 26208 5923.49743   36  227 6411.00000 5810.87411  9.36%   142  110s
 50282 27581 5951.33068   35  130 6411.00000 5812.96115  9.33%   142  115s
 52626 28765     cutoff   31      6411.00000 5814.37971  9.31%   142  120s
 56302 30751 5916.81110   48  195 6411.00000 5816.75943  9.27%   142  127s
 58850 32101 6026.87692   47  179 6411.00000 5817.89718  9.25%   142  131s
 61242 33420 5927.97059   34  170 6411.00000 5819.03043  9.23%   142  137s
 63571 34656     cutoff   42      6411.00000 5820.19292  9.22%   142  142s
 64992 35293 6287.44165   47  101 6411.00000 5820.57240  9.21%   142  145s
 67492 36663 5924.30747   40  127 6411.00000 5821.40214  9.20%   141  150s
 69984 37870 6127.27147   44  156 6411.00000 5822.89687  9.17%   141  155s
 73513 39717 infeasible   50      6411.00000 5824.31618  9.15%   141  162s
 75970 41033 infeasible   40      6411.00000 5825.31744  9.14%   141  167s
 78662 42361 6288.40906   54  140 6411.00000 5826.38462  9.12%   141  172s
 81040 43557 6051.82407   50  257 6411.00000 5827.28260  9.10%   140  177s
 83471 44806 infeasible   52      6411.00000 5827.94799  9.09%   140  181s
 85872 46159 5965.50350   32  115 6411.00000 5829.00000  9.08%   140  186s
 88267 47423 5919.45754   32  181 6411.00000 5829.29047  9.07%   140  191s
 90705 48588 5843.64552   33  154 6411.00000 5830.16667  9.06%   140  197s
 91907 49214     cutoff   66      6411.00000 5830.42626  9.06%   140  200s
 94405 50618 5935.53396   27  227 6411.00000 5831.20000  9.04%   140  206s
 96830 51832 5835.33011   36  117 6411.00000 5831.77605  9.03%   140  212s
 98025 52473 6253.76095   50  107 6411.00000 5832.14641  9.03%   140  216s
 100169 53409 5833.42783   32  331 6411.00000 5832.69837  9.02%   139  222s
 101415 53961 5865.21966   31  296 6411.00000 5832.93203  9.02%   139  225s
 103905 55020 6119.09896   33  145 6411.00000 5833.55314  9.01%   139  231s
 106172 56442     cutoff   50      6411.00000 5834.11628  9.00%   139  237s
 108605 57600 6058.45692   40  162 6411.00000 5834.69873  8.99%   139  242s
 109748 58281 6194.24756   59   82 6411.00000 5834.96863  8.99%   139  245s
 112339 59581 6147.62207   35  167 6411.00000 5835.41582  8.98%   140  250s
 115044 61001 6034.79300   33  160 6411.00000 5836.19062  8.97%   139  257s
 116417 61568 5949.28083   49  218 6411.00000 5836.56088  8.96%   139  261s
 118631 62754 5921.97983   41  131 6411.00000 5837.11018  8.95%   139  266s
 119701 63349 5917.59756   32  230 6411.00000 5837.31250  8.95%   139  272s
 120844 64023 5959.15476   33  159 6411.00000 5837.66559  8.94%   139  275s
 123417 65392 6317.85548   49  167 6411.00000 5838.16667  8.94%   139  281s
 125841 66606 6180.12696   38  214 6411.00000 5838.83726  8.92%   139  287s
 127027 67266 6049.47737   41  176 6411.00000 5838.99797  8.92%   139  290s
 129575 68383 6288.30516   52  121 6411.00000 5839.54611  8.91%   138  296s
 130621 69012 6272.55077   54  100 6411.00000 5839.80488  8.91%   138  300s
 132961 70271 5908.54710   26  222 6411.00000 5840.29325  8.90%   138  306s
 135391 71761     cutoff   47      6411.00000 5840.70801  8.90%   138  312s
 136751 72389     cutoff   46      6411.00000 5841.15043  8.89%   138  316s
 139254 73701 6196.13334   41  185 6411.00000 5841.74600  8.88%   138  323s
 140555 74211 infeasible   57      6411.00000 5841.92872  8.88%   138  327s
 141587 74805 6301.00115   50   78 6411.00000 5842.03333  8.87%   138  330s
 144003 76086 5980.80196   31  168 6411.00000 5842.57726  8.87%   138  335s
 146701 77215 6061.86667   39  159 6411.00000 5842.97910  8.86%   138  340s
 148969 78250 5916.50000   32   35 6411.00000 5843.52480  8.85%   138  345s
 150871 79288 6280.94876   68  140 6411.00000 5843.80000  8.85%   138  351s
 153453 80429 5940.00784   33  138 6411.00000 5844.23389  8.84%   138  356s
 155899 81756 6118.33529   60   94 6411.00000 5844.87037  8.83%   137  362s
 157162 82352     cutoff   68      6411.00000 5845.07379  8.83%   137  365s
 159480 83282 6182.11511   65  105 6411.00000 5845.49779  8.82%   138  370s
 161748 84652 6301.10778   60   52 6411.00000 5845.98608  8.81%   137  375s
 164242 85983 6054.18806   37   93 6411.00000 5846.51059  8.81%   137  381s
 166651 87180 6216.35949   38  131 6411.00000 5847.04147  8.80%   137  386s
 168997 88628 6183.51411   51  172 6411.00000 5847.53347  8.79%   137  391s
 171412 89769 infeasible   40      6411.00000 5848.03319  8.78%   137  397s
 172796 90379 5907.86482   45  229 6411.00000 5848.21299  8.78%   137  400s
 175051 91489 6151.15033   51  142 6411.00000 5848.81312  8.77%   137  405s
 177236 92855 6015.13105   41  107 6411.00000 5849.14901  8.76%   137  411s
 179714 93626 6159.17424   36  155 6411.00000 5849.56023  8.76%   137  417s
 180174 94202 5936.99491   40  150 6411.00000 5849.67684  8.76%   137  420s
 182948 95440 6203.44719   33  135 6411.00000 5850.10953  8.75%   136  425s
 185485 96631 6336.34337   51  112 6411.00000 5850.62386  8.74%   136  430s
 187790 97639 6062.33376   42  224 6411.00000 5850.94758  8.74%   136  435s
 190302 98778 5937.73062   41  189 6411.00000 5851.31895  8.73%   136  441s
 192465 99853 5974.59335   55   76 6411.00000 5851.60748  8.73%   136  446s
 194715 101061 6297.94965   50   80 6411.00000 5852.10813  8.72%   136  452s
 196013 101740 6328.38531   46  132 6411.00000 5852.39699  8.71%   136  455s
 198475 102973 6006.74643   37  320 6411.00000 5853.24229  8.70%   136  460s
 201104 103654 5963.58732   51  162 6411.00000 5853.79686  8.69%   136  466s
 201176 109325 5963.58732   52  162 6411.00000 5853.79686  8.69%   136  496s
 214633 110732 5866.51607   38  258 6411.00000 5856.03375  8.66%   135  503s
 216187 111286 6299.00000   72   82 6411.00000 5856.06740  8.66%   135  506s
 219066 112667     cutoff   59      6411.00000 5857.16352  8.64%   135  512s
 221527 113992 6328.60944   49  102 6411.00000 5857.69605  8.63%   134  517s
 222959 114571 5916.93072   32  151 6411.00000 5858.03607  8.63%   134  520s
 225066 115618 6036.37221   33  172 6411.00000 5858.44254  8.62%   134  525s
 227515 116716 6327.65504   45  198 6411.00000 5858.83146  8.61%   134  531s
 229926 117876 6326.16681   41  104 6411.00000 5859.41522  8.60%   134  536s
 232473 119224 5981.09652   47   61 6411.00000 5859.88590  8.60%   134  542s
 234899 120544 infeasible   55      6411.00000 5860.39389  8.59%   134  547s
 236187 121189 6120.50000   38  155 6411.00000 5860.83255  8.58%   134  550s
 238519 122366 6319.08573   68  139 6411.00000 5861.39163  8.57%   134  555s
 241251 123679 6230.87522   52   98 6411.00000 5861.99979  8.56%   134  561s
 243657 124769 6346.65630   46  142 6411.00000 5862.53691  8.56%   133  567s
 244959 125388 6151.64880   50  112 6411.00000 5862.68662  8.55%   133  570s
 247374 126609 6165.99554   50  162 6411.00000 5863.24002  8.54%   133  576s
 249841 127789 6395.67049   44  132 6411.00000 5863.96124  8.53%   133  582s
 251179 127973 6083.63678   33  194 6411.00000 5864.16394  8.53%   133  585s
 252595 129061 6013.50537   44  187 6411.00000 5864.44516  8.53%   133  592s
 253722 129673 infeasible   56      6411.00000 5864.61784  8.52%   133  595s
 256426 130592 6220.39124   59  122 6411.00000 5865.68407  8.51%   133  600s

Cutting planes:
  Learned: 186
  Gomory: 16
  Lift-and-project: 2
  Cover: 1947
  Implied bound: 92
  MIR: 442
  StrongCG: 55
  Flow cover: 593
  Inf proof: 21
  Zero half: 36
  Network: 4
  RLT: 11
  Relax-and-lift: 45

Explored 257061 nodes (34214179 simplex iterations) in 600.04 seconds (347.52 work units)
Thread count was 12 (of 12 available processors)

Solution count 10: 6411 6471 6611 ... 7350

Time limit reached
Best objective 6.411000000000e+03, best bound 5.866000000000e+03, gap 8.5010%
